Generating graphs for 68 (n,m) pairs with 1 iterations each
Total graphs to generate: 68
Using 30 parallel processes
Graph type: POWLAW
Sparsity: 2
✓ Generated graph n=10, m=33, seed=6230961512046992311, type=POWLAW -> ./input/random_graphs/graph_10_33_POWLAW_6230961512046992311.txt (Time: 0.01s)
✓ Generated graph n=20, m=86, seed=6230961512046992311, type=POWLAW -> ./input/random_graphs/graph_20_86_POWLAW_6230961512046992311.txt (Time: 0.01s)
✓ Generated graph n=30, m=147, seed=6230961512046992311, type=POWLAW -> ./input/random_graphs/graph_30_147_POWLAW_6230961512046992311.txt (Time: 0.01s)
✓ Generated graph n=40, m=212, seed=6230961512046992311, type=POWLAW -> ./input/random_graphs/graph_40_212_POWLAW_6230961512046992311.txt (Time: 0.01s)
✓ Generated graph n=50, m=282, seed=6230961512046992311, type=POWLAW -> ./input/random_graphs/graph_50_282_POWLAW_6230961512046992311.txt (Time: 0.01s)
✓ Generated graph n=1000, m=100, seed=6230961512046992311, type=POWLAW -> ./input/random_graphs/graph_1000_100_POWLAW_6230961512046992311.txt (Time: 0.01s)
✓ Generated graph n=1000, m=200, seed=6230961512046992311, type=POWLAW -> ./input/random_graphs/graph_1000_200_POWLAW_6230961512046992311.txt (Time: 0.01s)
✓ Generated graph n=1000, m=400, seed=6230961512046992311, type=POWLAW -> ./input/random_graphs/graph_1000_400_POWLAW_6230961512046992311.txt (Time: 0.01s)
✓ Generated graph n=60, m=354, seed=6230961512046992311, type=POWLAW -> ./input/random_graphs/graph_60_354_POWLAW_6230961512046992311.txt (Time: 0.01s)
✓ Generated graph n=1000, m=300, seed=6230961512046992311, type=POWLAW -> ./input/random_graphs/graph_1000_300_POWLAW_6230961512046992311.txt (Time: 0.01s)
✓ Generated graph n=1000, m=500, seed=6230961512046992311, type=POWLAW -> ./input/random_graphs/graph_1000_500_POWLAW_6230961512046992311.txt (Time: 0.01s)
✓ Generated graph n=90, m=584, seed=6230961512046992311, type=POWLAW -> ./input/random_graphs/graph_90_584_POWLAW_6230961512046992311.txt (Time: 0.01s)
✓ Generated graph n=80, m=505, seed=6230961512046992311, type=POWLAW -> ./input/random_graphs/graph_80_505_POWLAW_6230961512046992311.txt (Time: 0.01s)
✓ Generated graph n=1000, m=600, seed=6230961512046992311, type=POWLAW -> ./input/random_graphs/graph_1000_600_POWLAW_6230961512046992311.txt (Time: 0.01s)
✓ Generated graph n=100, m=664, seed=6230961512046992311, type=POWLAW -> ./input/random_graphs/graph_100_664_POWLAW_6230961512046992311.txt (Time: 0.02s)
✓ Generated graph n=70, m=429, seed=6230961512046992311, type=POWLAW -> ./input/random_graphs/graph_70_429_POWLAW_6230961512046992311.txt (Time: 0.02s)
✓ Generated graph n=1000, m=700, seed=6230961512046992311, type=POWLAW -> ./input/random_graphs/graph_1000_700_POWLAW_6230961512046992311.txt (Time: 0.01s)
✓ Generated graph n=1000, m=900, seed=6230961512046992311, type=POWLAW -> ./input/random_graphs/graph_1000_900_POWLAW_6230961512046992311.txt (Time: 0.01s)
✓ Generated graph n=1000, m=800, seed=6230961512046992311, type=POWLAW -> ./input/random_graphs/graph_1000_800_POWLAW_6230961512046992311.txt (Time: 0.02s)
✓ Generated graph n=150, m=1084, seed=6230961512046992311, type=POWLAW -> ./input/random_graphs/graph_150_1084_POWLAW_6230961512046992311.txt (Time: 0.03s)
✓ Generated graph n=1000, m=1000, seed=6230961512046992311, type=POWLAW -> ./input/random_graphs/graph_1000_1000_POWLAW_6230961512046992311.txt (Time: 0.02s)
✓ Generated graph n=300, m=2468, seed=6230961512046992311, type=POWLAW -> ./input/random_graphs/graph_300_2468_POWLAW_6230961512046992311.txt (Time: 0.04s)
✓ Generated graph n=250, m=1991, seed=6230961512046992311, type=POWLAW -> ./input/random_graphs/graph_250_1991_POWLAW_6230961512046992311.txt (Time: 0.05s)
✓ Generated graph n=1000, m=2000, seed=6230961512046992311, type=POWLAW -> ./input/random_graphs/graph_1000_2000_POWLAW_6230961512046992311.txt (Time: 0.06s)
✓ Generated graph n=1000, m=3000, seed=6230961512046992311, type=POWLAW -> ./input/random_graphs/graph_1000_3000_POWLAW_6230961512046992311.txt (Time: 0.07s)
✓ Generated graph n=1000, m=4000, seed=6230961512046992311, type=POWLAW -> ./input/random_graphs/graph_1000_4000_POWLAW_6230961512046992311.txt (Time: 0.08s)
✓ Generated graph n=200, m=1528, seed=6230961512046992311, type=POWLAW -> ./input/random_graphs/graph_200_1528_POWLAW_6230961512046992311.txt (Time: 0.09s)
✓ Generated graph n=700, m=6615, seed=6230961512046992311, type=POWLAW -> ./input/random_graphs/graph_700_6615_POWLAW_6230961512046992311.txt (Time: 0.11s)
✓ Generated graph n=1000, m=6000, seed=6230961512046992311, type=POWLAW -> ./input/random_graphs/graph_1000_6000_POWLAW_6230961512046992311.txt (Time: 0.11s)
✓ Generated graph n=1000, m=7000, seed=6230961512046992311, type=POWLAW -> ./input/random_graphs/graph_1000_7000_POWLAW_6230961512046992311.txt (Time: 0.12s)
✓ Generated graph n=1000, m=5000, seed=6230961512046992311, type=POWLAW -> ./input/random_graphs/graph_1000_5000_POWLAW_6230961512046992311.txt (Time: 0.12s)
✓ Generated graph n=1000, m=8000, seed=6230961512046992311, type=POWLAW -> ./input/random_graphs/graph_1000_8000_POWLAW_6230961512046992311.txt (Time: 0.13s)
✓ Generated graph n=1000, m=9000, seed=6230961512046992311, type=POWLAW -> ./input/random_graphs/graph_1000_9000_POWLAW_6230961512046992311.txt (Time: 0.15s)
✓ Generated graph n=1000, m=10000, seed=6230961512046992311, type=POWLAW -> ./input/random_graphs/graph_1000_10000_POWLAW_6230961512046992311.txt (Time: 0.16s)
✓ Generated graph n=1000, m=9965, seed=6230961512046992311, type=POWLAW -> ./input/random_graphs/graph_1000_9965_POWLAW_6230961512046992311.txt (Time: 0.18s)
✓ Generated graph n=1000, m=11000, seed=6230961512046992311, type=POWLAW -> ./input/random_graphs/graph_1000_11000_POWLAW_6230961512046992311.txt (Time: 0.18s)
✓ Generated graph n=1000, m=12000, seed=6230961512046992311, type=POWLAW -> ./input/random_graphs/graph_1000_12000_POWLAW_6230961512046992311.txt (Time: 0.21s)
✓ Generated graph n=1000, m=13000, seed=6230961512046992311, type=POWLAW -> ./input/random_graphs/graph_1000_13000_POWLAW_6230961512046992311.txt (Time: 0.22s)
✓ Generated graph n=1000, m=14000, seed=6230961512046992311, type=POWLAW -> ./input/random_graphs/graph_1000_14000_POWLAW_6230961512046992311.txt (Time: 0.23s)
✓ Generated graph n=1000, m=15000, seed=6230961512046992311, type=POWLAW -> ./input/random_graphs/graph_1000_15000_POWLAW_6230961512046992311.txt (Time: 0.24s)
✓ Generated graph n=1000, m=16000, seed=6230961512046992311, type=POWLAW -> ./input/random_graphs/graph_1000_16000_POWLAW_6230961512046992311.txt (Time: 0.27s)
✓ Generated graph n=1000, m=17000, seed=6230961512046992311, type=POWLAW -> ./input/random_graphs/graph_1000_17000_POWLAW_6230961512046992311.txt (Time: 0.29s)
✓ Generated graph n=1000, m=18000, seed=6230961512046992311, type=POWLAW -> ./input/random_graphs/graph_1000_18000_POWLAW_6230961512046992311.txt (Time: 0.31s)
✓ Generated graph n=1000, m=19000, seed=6230961512046992311, type=POWLAW -> ./input/random_graphs/graph_1000_19000_POWLAW_6230961512046992311.txt (Time: 0.32s)
✓ Generated graph n=1000, m=20000, seed=6230961512046992311, type=POWLAW -> ./input/random_graphs/graph_1000_20000_POWLAW_6230961512046992311.txt (Time: 0.34s)
✓ Generated graph n=1000, m=30000, seed=6230961512046992311, type=POWLAW -> ./input/random_graphs/graph_1000_30000_POWLAW_6230961512046992311.txt (Time: 0.56s)
✓ Generated graph n=1000, m=40000, seed=6230961512046992311, type=POWLAW -> ./input/random_graphs/graph_1000_40000_POWLAW_6230961512046992311.txt (Time: 0.84s)
✓ Generated graph n=350, m=2957, seed=6230961512046992311, type=POWLAW -> ./input/random_graphs/graph_350_2957_POWLAW_6230961512046992311.txt (Time: 1.21s)
✓ Generated graph n=1000, m=50000, seed=6230961512046992311, type=POWLAW -> ./input/random_graphs/graph_1000_50000_POWLAW_6230961512046992311.txt (Time: 1.15s)
✓ Generated graph n=600, m=5537, seed=6230961512046992311, type=POWLAW -> ./input/random_graphs/graph_600_5537_POWLAW_6230961512046992311.txt (Time: 1.43s)
✓ Generated graph n=1000, m=60000, seed=6230961512046992311, type=POWLAW -> ./input/random_graphs/graph_1000_60000_POWLAW_6230961512046992311.txt (Time: 1.48s)
✓ Generated graph n=400, m=3457, seed=6230961512046992311, type=POWLAW -> ./input/random_graphs/graph_400_3457_POWLAW_6230961512046992311.txt (Time: 1.73s)
✓ Generated graph n=450, m=3966, seed=6230961512046992311, type=POWLAW -> ./input/random_graphs/graph_450_3966_POWLAW_6230961512046992311.txt (Time: 1.98s)
✓ Generated graph n=1000, m=70000, seed=6230961512046992311, type=POWLAW -> ./input/random_graphs/graph_1000_70000_POWLAW_6230961512046992311.txt (Time: 1.84s)
✓ Generated graph n=1000, m=80000, seed=6230961512046992311, type=POWLAW -> ./input/random_graphs/graph_1000_80000_POWLAW_6230961512046992311.txt (Time: 2.23s)
✓ Generated graph n=1000, m=90000, seed=6230961512046992311, type=POWLAW -> ./input/random_graphs/graph_1000_90000_POWLAW_6230961512046992311.txt (Time: 2.68s)
✓ Generated graph n=1000, m=100000, seed=6230961512046992311, type=POWLAW -> ./input/random_graphs/graph_1000_100000_POWLAW_6230961512046992311.txt (Time: 3.15s)
✓ Generated graph n=500, m=4482, seed=6230961512046992311, type=POWLAW -> ./input/random_graphs/graph_500_4482_POWLAW_6230961512046992311.txt (Time: 4.54s)
✓ Generated graph n=550, m=5006, seed=6230961512046992311, type=POWLAW -> ./input/random_graphs/graph_550_5006_POWLAW_6230961512046992311.txt (Time: 6.70s)
✓ Generated graph n=1000, m=200000, seed=6230961512046992311, type=POWLAW -> ./input/random_graphs/graph_1000_200000_POWLAW_6230961512046992311.txt (Time: 12.89s)
✓ Generated graph n=800, m=7715, seed=6230961512046992311, type=POWLAW -> ./input/random_graphs/graph_800_7715_POWLAW_6230961512046992311.txt (Time: 13.83s)
✓ Generated graph n=650, m=6073, seed=6230961512046992311, type=POWLAW -> ./input/random_graphs/graph_650_6073_POWLAW_6230961512046992311.txt (Time: 14.01s)
✓ Generated graph n=750, m=7163, seed=6230961512046992311, type=POWLAW -> ./input/random_graphs/graph_750_7163_POWLAW_6230961512046992311.txt (Time: 18.17s)
✓ Generated graph n=950, m=9397, seed=6230961512046992311, type=POWLAW -> ./input/random_graphs/graph_950_9397_POWLAW_6230961512046992311.txt (Time: 33.78s)
✓ Generated graph n=850, m=8271, seed=6230961512046992311, type=POWLAW -> ./input/random_graphs/graph_850_8271_POWLAW_6230961512046992311.txt (Time: 33.96s)
✓ Generated graph n=900, m=8832, seed=6230961512046992311, type=POWLAW -> ./input/random_graphs/graph_900_8832_POWLAW_6230961512046992311.txt (Time: 34.67s)
✓ Generated graph n=1000, m=300000, seed=6230961512046992311, type=POWLAW -> ./input/random_graphs/graph_1000_300000_POWLAW_6230961512046992311.txt (Time: 73.01s)
✓ Generated graph n=1000, m=400000, seed=6230961512046992311, type=POWLAW -> ./input/random_graphs/graph_1000_400000_POWLAW_6230961512046992311.txt (Time: 180.74s)

Graph generation completed in 181.03 seconds
Successful: 68
Failed: 0
Total: 68
