Graph already exists at: ./input/random_graphs/graph_1000_31622_POWLAW_6230961512046992311.txt
Graph already exists at: ./input/random_graphs/graph_1000_31622_POWLAW_7871178979383552919.txt
Graph already exists at: ./input/random_graphs/graph_1000_31622_POWLAW_5739955973604961613.txt
Graph already exists at: ./input/random_graphs/graph_1000_31622_POWLAW_3881801951614183357.txt
Graph already exists at: ./input/random_graphs/graph_1000_31622_POWLAW_7032710160631691991.txt
Graph already exists at: ./input/random_graphs/graph_1000_31622_POWLAW_7599700178212337699.txt
Graph already exists at: ./input/random_graphs/graph_1000_31622_POWLAW_1353182403971399009.txt
Graph already exists at: ./input/random_graphs/graph_1000_31622_POWLAW_1070244953599069350.txt
Graph already exists at: ./input/random_graphs/graph_1000_31622_POWLAW_6522163754831416203.txt
Graph already exists at: ./input/random_graphs/graph_1000_31622_POWLAW_6938562734920028532.txt
Graph already exists at: ./input/random_graphs/graph_1000_31622_POWLAW_4040737767143389431.txt
Graph already exists at: ./input/random_graphs/graph_1000_31622_POWLAW_1250005700364523649.txt
Graph already exists at: ./input/random_graphs/graph_1000_31622_POWLAW_1309542850049879452.txt
Graph already exists at: ./input/random_graphs/graph_1000_31622_POWLAW_2429002973740178792.txt
Graph already exists at: ./input/random_graphs/graph_1000_31622_POWLAW_7663871783842725848.txt
Graph already exists at: ./input/random_graphs/graph_1000_31622_POWLAW_320375091487821987.txt
Graph already exists at: ./input/random_graphs/graph_1000_31622_POWLAW_5906957480796939447.txt
Graph already exists at: ./input/random_graphs/graph_1000_31622_POWLAW_1250773459040295677.txt
Graph already exists at: ./input/random_graphs/graph_1000_31622_POWLAW_7146860528564146064.txt
Graph already exists at: ./input/random_graphs/graph_1000_31622_POWLAW_3438400432146115956.txt
Graph already exists at: ./input/random_graphs/graph_1000_31622_POWLAW_7473196763798409428.txt
Graph already exists at: ./input/random_graphs/graph_1000_31622_POWLAW_5139481885857321791.txt
Graph already exists at: ./input/random_graphs/graph_1000_31622_POWLAW_5142811650494845597.txt
Graph already exists at: ./input/random_graphs/graph_1000_31622_POWLAW_3010622984418968408.txt
Graph already exists at: ./input/random_graphs/graph_1000_31622_POWLAW_6002685213311538187.txt
Graph already exists at: ./input/random_graphs/graph_1000_31622_POWLAW_5708372698381010775.txt
Graph already exists at: ./input/random_graphs/graph_1000_31622_POWLAW_521787134863155063.txt
Graph already exists at: ./input/random_graphs/graph_1000_31622_POWLAW_1731523882129807996.txt
Graph already exists at: ./input/random_graphs/graph_1000_31622_POWLAW_1853590723603270879.txt
Graph already exists at: ./input/random_graphs/graph_1000_31622_POWLAW_7029781962072644698.txt
Graph already exists at: ./input/random_graphs/graph_1000_31622_POWLAW_6785030173969523435.txt
Graph already exists at: ./input/random_graphs/graph_1000_31622_POWLAW_5529616217668449934.txt
Graph already exists at: ./input/random_graphs/graph_1000_31622_POWLAW_1024517563182776983.txt
Graph already exists at: ./input/random_graphs/graph_1000_31622_POWLAW_3224265581699847191.txt
Graph already exists at: ./input/random_graphs/graph_1000_31622_POWLAW_5258051056098597521.txt
Graph already exists at: ./input/random_graphs/graph_1000_31622_POWLAW_1647170069535670909.txt
Graph already exists at: ./input/random_graphs/graph_1000_31622_POWLAW_4122784633514911760.txt
Graph already exists at: ./input/random_graphs/graph_1000_31622_POWLAW_7706236040662210848.txt
Graph already exists at: ./input/random_graphs/graph_1000_31622_POWLAW_824387247617288499.txt
Graph already exists at: ./input/random_graphs/graph_1000_31622_POWLAW_1632192924771168275.txt
Graph already exists at: ./input/random_graphs/graph_1000_31622_POWLAW_7161906730445628483.txt
Graph already exists at: ./input/random_graphs/graph_1000_31622_POWLAW_6802378520969450157.txt
Graph already exists at: ./input/random_graphs/graph_1000_31622_POWLAW_4552998297316576788.txt
Graph already exists at: ./input/random_graphs/graph_1000_31622_POWLAW_8031431416522537101.txt
Graph already exists at: ./input/random_graphs/graph_1000_31622_POWLAW_6143643868734370809.txt
Graph already exists at: ./input/random_graphs/graph_1000_31622_POWLAW_3272308573967577038.txt
Graph already exists at: ./input/random_graphs/graph_1000_31622_POWLAW_5636411189175451024.txt
Graph already exists at: ./input/random_graphs/graph_1000_31622_POWLAW_5349491008325879064.txt
Graph already exists at: ./input/random_graphs/graph_1000_31622_POWLAW_6614505080519948832.txt
Graph already exists at: ./input/random_graphs/graph_1000_31622_POWLAW_7938560551762094560.txt
Graph already exists at: ./input/random_graphs/graph_1000_31622_POWLAW_7917045922527545890.txt
Graph already exists at: ./input/random_graphs/graph_1000_31622_POWLAW_4445925461710302877.txt
Graph already exists at: ./input/random_graphs/graph_1000_31622_POWLAW_3865339568260874865.txt
Graph already exists at: ./input/random_graphs/graph_1000_31622_POWLAW_7921282862123281598.txt
Graph already exists at: ./input/random_graphs/graph_1000_31622_POWLAW_6224222471595207695.txt
Graph already exists at: ./input/random_graphs/graph_1000_31622_POWLAW_1128313391724783137.txt
Graph already exists at: ./input/random_graphs/graph_1000_31622_POWLAW_716820155901718944.txt
Graph already exists at: ./input/random_graphs/graph_1000_31622_POWLAW_8718380604043999642.txt
Graph already exists at: ./input/random_graphs/graph_1000_31622_POWLAW_5063475852268941542.txt
Graph already exists at: ./input/random_graphs/graph_1000_31622_POWLAW_4997514996153925447.txt
Graph already exists at: ./input/random_graphs/graph_1000_31622_POWLAW_8446481348147407377.txt
Graph already exists at: ./input/random_graphs/graph_1000_31622_POWLAW_3817405844514670994.txt
Graph already exists at: ./input/random_graphs/graph_1000_31622_POWLAW_6529943913552561417.txt
Graph already exists at: ./input/random_graphs/graph_1000_31622_POWLAW_2909934787168262407.txt
Graph already exists at: ./input/random_graphs/graph_1000_31622_POWLAW_1170385908854608748.txt
Graph already exists at: ./input/random_graphs/graph_1000_31622_POWLAW_6022436717541034636.txt
Graph already exists at: ./input/random_graphs/graph_1000_31622_POWLAW_199422815561151340.txt
Graph already exists at: ./input/random_graphs/graph_1000_31622_POWLAW_3713827327871807734.txt
Graph already exists at: ./input/random_graphs/graph_1000_31622_POWLAW_175493991617213850.txt
Graph already exists at: ./input/random_graphs/graph_1000_31622_POWLAW_5108599054664628607.txt
Graph already exists at: ./input/random_graphs/graph_1000_31622_POWLAW_6764066939395682287.txt
Graph already exists at: ./input/random_graphs/graph_1000_31622_POWLAW_9130666990809746335.txt
Graph already exists at: ./input/random_graphs/graph_1000_31622_POWLAW_7644420139408884785.txt
Graph already exists at: ./input/random_graphs/graph_1000_31622_POWLAW_1458186392400727732.txt
Graph already exists at: ./input/random_graphs/graph_1000_31622_POWLAW_1392892770529522614.txt
Graph already exists at: ./input/random_graphs/graph_1000_31622_POWLAW_9060210648189963449.txt
Graph already exists at: ./input/random_graphs/graph_1000_31622_POWLAW_4250897495980125004.txt
Graph already exists at: ./input/random_graphs/graph_1000_31622_POWLAW_8794274795737982182.txt
Graph already exists at: ./input/random_graphs/graph_1000_31622_POWLAW_2089506265998900862.txt
Graph already exists at: ./input/random_graphs/graph_1000_31622_POWLAW_5497874167834979553.txt
Graph already exists at: ./input/random_graphs/graph_1000_31622_POWLAW_4060584409398689268.txt
Graph already exists at: ./input/random_graphs/graph_1000_31622_POWLAW_1332005502874566195.txt
Graph already exists at: ./input/random_graphs/graph_1000_31622_POWLAW_1722224698700348310.txt
Graph already exists at: ./input/random_graphs/graph_1000_31622_POWLAW_8626102704817790064.txt
Graph already exists at: ./input/random_graphs/graph_1000_31622_POWLAW_7905487461282246979.txt
Graph already exists at: ./input/random_graphs/graph_1000_31622_POWLAW_8448596294177070022.txt
Graph already exists at: ./input/random_graphs/graph_1000_31622_POWLAW_4795749165124911768.txt
Graph already exists at: ./input/random_graphs/graph_1000_31622_POWLAW_4934890601268679176.txt
Graph already exists at: ./input/random_graphs/graph_1000_31622_POWLAW_1992204328026194281.txt
Graph already exists at: ./input/random_graphs/graph_1000_31622_POWLAW_7118744415197196276.txt
Graph already exists at: ./input/random_graphs/graph_1000_31622_POWLAW_2718103348384927511.txt
Graph already exists at: ./input/random_graphs/graph_1000_31622_POWLAW_9059990922233379852.txt
Graph already exists at: ./input/random_graphs/graph_1000_31622_POWLAW_7449662661572224354.txt
Graph already exists at: ./input/random_graphs/graph_1000_31622_POWLAW_3221421291694197220.txt
Graph already exists at: ./input/random_graphs/graph_1000_31622_POWLAW_8867616339855336876.txt
Graph already exists at: ./input/random_graphs/graph_1000_31622_POWLAW_5894893360759659423.txt
Graph already exists at: ./input/random_graphs/graph_1000_31622_POWLAW_7983805977214098674.txt
Graph already exists at: ./input/random_graphs/graph_1000_31622_POWLAW_4940913311242578590.txt
Graph already exists at: ./input/random_graphs/graph_1000_31622_POWLAW_2264398621601381987.txt
Graph already exists at: ./input/random_graphs/graph_1000_31622_POWLAW_7632458674696225362.txt
Running VARK with 100 iterations, for N = 10,00 and sparsity code 3 for k from 1 to N and seed token 1729
Generating 100 graph(s) with N=1000, sparsity=3, seed=1729...
Running FIXNM with kPath0 for N=1000, sparsity=3, k=1, seed=1729...
      Average Passes: 25.2, Time/Memory: 20.71,3108
Running FIXNM with kPath0 for N=1000, sparsity=3, k=2, seed=1729...
      Average Passes: 13.52, Time/Memory: 11.24,4164
Running FIXNM with kPath0 for N=1000, sparsity=3, k=3, seed=1729...
      Average Passes: 9.25, Time/Memory: 7.95,4136
Running FIXNM with kPath0 for N=1000, sparsity=3, k=4, seed=1729...
      Average Passes: 7.56, Time/Memory: 6.38,4188
Running FIXNM with kPath0 for N=1000, sparsity=3, k=5, seed=1729...
      Average Passes: 6.59, Time/Memory: 5.68,5212
Running FIXNM with kPath0 for N=1000, sparsity=3, k=6, seed=1729...
      Average Passes: 5.94, Time/Memory: 5.20,5180
Running FIXNM with kPath0 for N=1000, sparsity=3, k=7, seed=1729...
      Average Passes: 5.37, Time/Memory: 4.79,5176
Running FIXNM with kPath0 for N=1000, sparsity=3, k=8, seed=1729...
      Average Passes: 5.09, Time/Memory: 4.55,5216
Running FIXNM with kPath0 for N=1000, sparsity=3, k=9, seed=1729...
      Average Passes: 4.64, Time/Memory: 4.20,4156
Running FIXNM with kPath0 for N=1000, sparsity=3, k=10, seed=1729...
      Average Passes: 4.32, Time/Memory: 3.91,5160
Running FIXNM with kPath0 for N=1000, sparsity=3, k=12, seed=1729...
      Average Passes: 4.2, Time/Memory: 3.87,4184
Running FIXNM with kPath0 for N=1000, sparsity=3, k=14, seed=1729...
      Average Passes: 3.88, Time/Memory: 3.68,4196
Running FIXNM with kPath0 for N=1000, sparsity=3, k=16, seed=1729...
      Average Passes: 3.35, Time/Memory: 3.14,6196
Running FIXNM with kPath0 for N=1000, sparsity=3, k=18, seed=1729...
      Average Passes: 3.24, Time/Memory: 3.07,5156
Running FIXNM with kPath0 for N=1000, sparsity=3, k=20, seed=1729...
      Average Passes: 3.22, Time/Memory: 3.08,6204
Running FIXNM with kPath0 for N=1000, sparsity=3, k=25, seed=1729...
      Average Passes: 3.18, Time/Memory: 3.09,5168
Running FIXNM with kPath0 for N=1000, sparsity=3, k=30, seed=1729...
      Average Passes: 3.05, Time/Memory: 3.11,7160
Running FIXNM with kPath0 for N=1000, sparsity=3, k=35, seed=1729...
      Average Passes: 2.24, Time/Memory: 2.38,6236
Running FIXNM with kPath0 for N=1000, sparsity=3, k=40, seed=1729...
      Average Passes: 2.23, Time/Memory: 2.38,7260
Running FIXNM with kPath0 for N=1000, sparsity=3, k=50, seed=1729...
      Average Passes: 2.22, Time/Memory: 2.37,6192
Running FIXNM with kPath0 for N=1000, sparsity=3, k=75, seed=1729...
      Average Passes: 2.0, Time/Memory: 2.21,7224
Running FIXNM with kPath0 for N=1000, sparsity=3, k=100, seed=1729...
      Average Passes: 2.0, Time/Memory: 2.18,6256
Running FIXNM with kPath0 for N=1000, sparsity=3, k=250, seed=1729...
      Average Passes: 2.0, Time/Memory: 2.17,6200
Running FIXNM with kPath0 for N=1000, sparsity=3, k=500, seed=1729...
      Average Passes: 2.0, Time/Memory: 2.22,6216
Running FIXNM with kPath0 for N=1000, sparsity=3, k=750, seed=1729...
      Average Passes: 2.0, Time/Memory: 2.21,6228
Running FIXNM with kPath0 for N=1000, sparsity=3, k=1000, seed=1729...
      Average Passes: 2.0, Time/Memory: 2.18,6212
Running FIXNM with kPath0 for N=1000, sparsity=3, k=2500, seed=1729...
      Average Passes: 2.0, Time/Memory: 2.20,7252
Running FIXNM with kPath0 for N=1000, sparsity=3, k=5000, seed=1729...
      Average Passes: 2.0, Time/Memory: 2.22,6252
Running FIXNM with kPath0 for N=1000, sparsity=3, k=7500, seed=1729...
      Average Passes: 2.0, Time/Memory: 2.21,7228
Running FIXNM with kPath0 for N=1000, sparsity=3, k=10000, seed=1729...
      Average Passes: 2.0, Time/Memory: 2.21,7208
Running FIXNM with kPathN for N=1000, sparsity=3, k=1, seed=1729...
      Average Passes: 18.65, Time/Memory: 15.98,3172
Running FIXNM with kPathN for N=1000, sparsity=3, k=2, seed=1729...
      Average Passes: 7.88, Time/Memory: 6.77,4148
Running FIXNM with kPathN for N=1000, sparsity=3, k=3, seed=1729...
      Average Passes: 6.18, Time/Memory: 5.45,4172
Running FIXNM with kPathN for N=1000, sparsity=3, k=4, seed=1729...
      Average Passes: 5.14, Time/Memory: 4.79,4180
Running FIXNM with kPathN for N=1000, sparsity=3, k=5, seed=1729...
      Average Passes: 4.63, Time/Memory: 4.25,5180
Running FIXNM with kPathN for N=1000, sparsity=3, k=6, seed=1729...
      Average Passes: 3.83, Time/Memory: 3.59,5188
Running FIXNM with kPathN for N=1000, sparsity=3, k=7, seed=1729...
      Average Passes: 3.67, Time/Memory: 3.51,4208
Running FIXNM with kPathN for N=1000, sparsity=3, k=8, seed=1729...
      Average Passes: 3.45, Time/Memory: 3.33,5188
Running FIXNM with kPathN for N=1000, sparsity=3, k=9, seed=1729...
      Average Passes: 3.0, Time/Memory: 2.96,5176
Running FIXNM with kPathN for N=1000, sparsity=3, k=10, seed=1729...
      Average Passes: 2.99, Time/Memory: 3.02,5188
Running FIXNM with kPathN for N=1000, sparsity=3, k=12, seed=1729...
      Average Passes: 2.94, Time/Memory: 2.98,4156
Running FIXNM with kPathN for N=1000, sparsity=3, k=14, seed=1729...
      Average Passes: 2.52, Time/Memory: 2.66,4220
Running FIXNM with kPathN for N=1000, sparsity=3, k=16, seed=1729...
      Average Passes: 2.21, Time/Memory: 2.36,5184
Running FIXNM with kPathN for N=1000, sparsity=3, k=18, seed=1729...
      Average Passes: 2.06, Time/Memory: 2.28,6212
Running FIXNM with kPathN for N=1000, sparsity=3, k=20, seed=1729...
      Average Passes: 2.0, Time/Memory: 2.23,5168
Running FIXNM with kPathN for N=1000, sparsity=3, k=25, seed=1729...
      Average Passes: 2.0, Time/Memory: 2.27,5176
Running FIXNM with kPathN for N=1000, sparsity=3, k=30, seed=1729...
      Average Passes: 2.0, Time/Memory: 2.42,6196
Running FIXNM with kPathN for N=1000, sparsity=3, k=35, seed=1729...
      Average Passes: 1.0, Time/Memory: 0.82,11336
Running FIXNM with kPathN for N=1000, sparsity=3, k=40, seed=1729...
      Average Passes: 1.0, Time/Memory: 0.82,11344
Running FIXNM with kPathN for N=1000, sparsity=3, k=50, seed=1729...
      Average Passes: 1.0, Time/Memory: 0.81,11360
Running FIXNM with kPathN for N=1000, sparsity=3, k=75, seed=1729...
      Average Passes: 1.0, Time/Memory: 0.84,11332
Running FIXNM with kPathN for N=1000, sparsity=3, k=100, seed=1729...
      Average Passes: 1.0, Time/Memory: 0.83,10292
Running FIXNM with kPathN for N=1000, sparsity=3, k=250, seed=1729...
      Average Passes: 1.0, Time/Memory: 0.84,11356
Running FIXNM with kPathN for N=1000, sparsity=3, k=500, seed=1729...
      Average Passes: 1.0, Time/Memory: 0.82,11320
Running FIXNM with kPathN for N=1000, sparsity=3, k=750, seed=1729...
      Average Passes: 1.0, Time/Memory: 0.83,10296
Running FIXNM with kPathN for N=1000, sparsity=3, k=1000, seed=1729...
      Average Passes: 1.0, Time/Memory: 0.82,11348
Running FIXNM with kPathN for N=1000, sparsity=3, k=2500, seed=1729...
      Average Passes: 1.0, Time/Memory: 0.83,11316
Running FIXNM with kPathN for N=1000, sparsity=3, k=5000, seed=1729...
      Average Passes: 1.0, Time/Memory: 0.83,11320
Running FIXNM with kPathN for N=1000, sparsity=3, k=7500, seed=1729...
      Average Passes: 1.0, Time/Memory: 0.83,11300
Running FIXNM with kPathN for N=1000, sparsity=3, k=10000, seed=1729...
      Average Passes: 1.0, Time/Memory: 0.83,9252
Running FIXNM with kLev0 for N=1000, sparsity=3, k=1, seed=1729...
      Average Passes: 3.41, Time/Memory: 3.55,4152
Running FIXNM with kLev0 for N=1000, sparsity=3, k=2, seed=1729...
      Average Passes: 3.41, Time/Memory: 3.57,4180
Running FIXNM with kLev0 for N=1000, sparsity=3, k=3, seed=1729...
      Average Passes: 3.41, Time/Memory: 3.55,3196
Running FIXNM with kLev0 for N=1000, sparsity=3, k=4, seed=1729...
      Average Passes: 3.41, Time/Memory: 3.54,4160
Running FIXNM with kLev0 for N=1000, sparsity=3, k=5, seed=1729...
      Average Passes: 3.41, Time/Memory: 3.67,4156
Running FIXNM with kLev0 for N=1000, sparsity=3, k=6, seed=1729...
      Average Passes: 3.41, Time/Memory: 3.61,4180
Running FIXNM with kLev0 for N=1000, sparsity=3, k=7, seed=1729...
      Average Passes: 3.41, Time/Memory: 3.69,4184
Running FIXNM with kLev0 for N=1000, sparsity=3, k=8, seed=1729...
      Average Passes: 3.41, Time/Memory: 3.66,4192
Running FIXNM with kLev0 for N=1000, sparsity=3, k=9, seed=1729...
      Average Passes: 3.41, Time/Memory: 3.57,4188
Running FIXNM with kLev0 for N=1000, sparsity=3, k=10, seed=1729...
      Average Passes: 3.39, Time/Memory: 3.64,3176
Running FIXNM with kLev0 for N=1000, sparsity=3, k=12, seed=1729...
      Average Passes: 3.39, Time/Memory: 3.55,3108
Running FIXNM with kLev0 for N=1000, sparsity=3, k=14, seed=1729...
      Average Passes: 3.38, Time/Memory: 3.66,4136
Running FIXNM with kLev0 for N=1000, sparsity=3, k=16, seed=1729...
      Average Passes: 3.39, Time/Memory: 3.64,3108
Running FIXNM with kLev0 for N=1000, sparsity=3, k=18, seed=1729...
      Average Passes: 3.4, Time/Memory: 3.66,4192
Running FIXNM with kLev0 for N=1000, sparsity=3, k=20, seed=1729...
      Average Passes: 3.39, Time/Memory: 3.62,4156
Running FIXNM with kLev0 for N=1000, sparsity=3, k=25, seed=1729...
      Average Passes: 3.42, Time/Memory: 3.61,3136
Running FIXNM with kLev0 for N=1000, sparsity=3, k=30, seed=1729...
      Average Passes: 3.42, Time/Memory: 3.71,3116
Running FIXNM with kLev0 for N=1000, sparsity=3, k=35, seed=1729...
      Average Passes: 3.4, Time/Memory: 3.65,4180
Running FIXNM with kLev0 for N=1000, sparsity=3, k=40, seed=1729...
      Average Passes: 3.38, Time/Memory: 3.62,5200
Running FIXNM with kLev0 for N=1000, sparsity=3, k=50, seed=1729...
      Average Passes: 3.38, Time/Memory: 3.64,5180
Running FIXNM with kLev0 for N=1000, sparsity=3, k=75, seed=1729...
      Average Passes: 3.28, Time/Memory: 3.43,5188
Running FIXNM with kLev0 for N=1000, sparsity=3, k=100, seed=1729...
      Average Passes: 3.07, Time/Memory: 3.23,4196
Running FIXNM with kLev0 for N=1000, sparsity=3, k=250, seed=1729...
      Average Passes: 2.25, Time/Memory: 2.56,4204
Running FIXNM with kLev0 for N=1000, sparsity=3, k=500, seed=1729...
      Average Passes: 2.0, Time/Memory: 2.39,5188
Running FIXNM with kLev0 for N=1000, sparsity=3, k=750, seed=1729...
      Average Passes: 2.0, Time/Memory: 2.30,4176
Running FIXNM with kLev0 for N=1000, sparsity=3, k=1000, seed=1729...
      Average Passes: 2.0, Time/Memory: 2.33,4160
Running FIXNM with kLev0 for N=1000, sparsity=3, k=2500, seed=1729...
      Average Passes: 2.0, Time/Memory: 2.36,5172
Running FIXNM with kLev0 for N=1000, sparsity=3, k=5000, seed=1729...
      Average Passes: 2.0, Time/Memory: 2.37,4160
Running FIXNM with kLev0 for N=1000, sparsity=3, k=7500, seed=1729...
      Average Passes: 2.0, Time/Memory: 2.32,5212
Running FIXNM with kLev0 for N=1000, sparsity=3, k=10000, seed=1729...
      Average Passes: 2.0, Time/Memory: 2.34,4196
Running FIXNM with kLevN for N=1000, sparsity=3, k=1, seed=1729...
      Average Passes: 2.24, Time/Memory: 2.75,4152
Running FIXNM with kLevN for N=1000, sparsity=3, k=2, seed=1729...
      Average Passes: 2.28, Time/Memory: 2.79,4136
Running FIXNM with kLevN for N=1000, sparsity=3, k=3, seed=1729...
      Average Passes: 2.28, Time/Memory: 2.92,4168
Running FIXNM with kLevN for N=1000, sparsity=3, k=4, seed=1729...
      Average Passes: 2.25, Time/Memory: 3.00,4196
Running FIXNM with kLevN for N=1000, sparsity=3, k=5, seed=1729...
      Average Passes: 2.24, Time/Memory: 3.03,4144
Running FIXNM with kLevN for N=1000, sparsity=3, k=6, seed=1729...
      Average Passes: 2.23, Time/Memory: 3.01,4188
Running FIXNM with kLevN for N=1000, sparsity=3, k=7, seed=1729...
      Average Passes: 2.17, Time/Memory: 3.02,5172
Running FIXNM with kLevN for N=1000, sparsity=3, k=8, seed=1729...
      Average Passes: 2.14, Time/Memory: 3.07,5180
Running FIXNM with kLevN for N=1000, sparsity=3, k=9, seed=1729...
      Average Passes: 2.14, Time/Memory: 3.15,4196
Running FIXNM with kLevN for N=1000, sparsity=3, k=10, seed=1729...
      Average Passes: 2.07, Time/Memory: 3.16,4212
Running FIXNM with kLevN for N=1000, sparsity=3, k=12, seed=1729...
      Average Passes: 2.03, Time/Memory: 3.16,5184
Running FIXNM with kLevN for N=1000, sparsity=3, k=14, seed=1729...
      Average Passes: 2.0, Time/Memory: 3.16,5168
Running FIXNM with kLevN for N=1000, sparsity=3, k=16, seed=1729...
      Average Passes: 2.0, Time/Memory: 3.14,5212
Running FIXNM with kLevN for N=1000, sparsity=3, k=18, seed=1729...
      Average Passes: 2.0, Time/Memory: 3.20,6184
Running FIXNM with kLevN for N=1000, sparsity=3, k=20, seed=1729...
      Average Passes: 2.0, Time/Memory: 3.26,5216
Running FIXNM with kLevN for N=1000, sparsity=3, k=25, seed=1729...
      Average Passes: 1.98, Time/Memory: 3.28,6240
Running FIXNM with kLevN for N=1000, sparsity=3, k=30, seed=1729...
      Average Passes: 1.85, Time/Memory: 3.18,6212
Running FIXNM with kLevN for N=1000, sparsity=3, k=35, seed=1729...
      Average Passes: 1.0, Time/Memory: 0.82,9360
Running FIXNM with kLevN for N=1000, sparsity=3, k=40, seed=1729...
      Average Passes: 1.0, Time/Memory: 0.83,11312
Running FIXNM with kLevN for N=1000, sparsity=3, k=50, seed=1729...
      Average Passes: 1.0, Time/Memory: 0.82,10356
Running FIXNM with kLevN for N=1000, sparsity=3, k=75, seed=1729...
      Average Passes: 1.0, Time/Memory: 0.82,11360
Running FIXNM with kLevN for N=1000, sparsity=3, k=100, seed=1729...
      Average Passes: 1.0, Time/Memory: 0.82,11316
Running FIXNM with kLevN for N=1000, sparsity=3, k=250, seed=1729...
      Average Passes: 1.0, Time/Memory: 0.82,10324
Running FIXNM with kLevN for N=1000, sparsity=3, k=500, seed=1729...
      Average Passes: 1.0, Time/Memory: 0.80,11316
Running FIXNM with kLevN for N=1000, sparsity=3, k=750, seed=1729...
      Average Passes: 1.0, Time/Memory: 0.82,11340
Running FIXNM with kLevN for N=1000, sparsity=3, k=1000, seed=1729...
      Average Passes: 1.0, Time/Memory: 0.82,11320
Running FIXNM with kLevN for N=1000, sparsity=3, k=2500, seed=1729...
      Average Passes: 1.0, Time/Memory: 0.82,11300
Running FIXNM with kLevN for N=1000, sparsity=3, k=5000, seed=1729...
      Average Passes: 1.0, Time/Memory: 0.82,11356
Running FIXNM with kLevN for N=1000, sparsity=3, k=7500, seed=1729...
      Average Passes: 1.0, Time/Memory: 0.82,11320
Running FIXNM with kLevN for N=1000, sparsity=3, k=10000, seed=1729...
      Average Passes: 1.0, Time/Memory: 0.83,11316
