Graph already exists at: ./input/random_graphs/graph_10000_49995000_UNIFORM_6230961512046992311.txt
Graph already exists at: ./input/random_graphs/graph_10000_49995000_UNIFORM_7871178979383552919.txt
Graph already exists at: ./input/random_graphs/graph_10000_49995000_UNIFORM_5739955973604961613.txt
Graph already exists at: ./input/random_graphs/graph_10000_49995000_UNIFORM_3881801951614183357.txt
Graph already exists at: ./input/random_graphs/graph_10000_49995000_UNIFORM_7032710160631691991.txt
Graph already exists at: ./input/random_graphs/graph_10000_49995000_UNIFORM_7599700178212337699.txt
Graph already exists at: ./input/random_graphs/graph_10000_49995000_UNIFORM_1353182403971399009.txt
Graph already exists at: ./input/random_graphs/graph_10000_49995000_UNIFORM_1070244953599069350.txt
Graph already exists at: ./input/random_graphs/graph_10000_49995000_UNIFORM_6522163754831416203.txt
Graph already exists at: ./input/random_graphs/graph_10000_49995000_UNIFORM_6938562734920028532.txt
Running VARK with 10 iterations, for N = 10,000 and sparsity code 4 for k from 1 to N and seed token 1729
Generating 10 graph(s) with N=10000, sparsity=4, seed=1729...
Running FIXNM with kPath0 for N=10000, sparsity=4, k=1, seed=1729...
      Average Passes: 153.2, Time/Memory: 22210.21,6144
Running FIXNM with kPath0 for N=10000, sparsity=4, k=2, seed=1729...
      Average Passes: 20.7, Time/Memory: 2923.80,8192
Running FIXNM with kPath0 for N=10000, sparsity=4, k=3, seed=1729...
      Average Passes: 9.3, Time/Memory: 1345.57,9216
Running FIXNM with kPath0 for N=10000, sparsity=4, k=4, seed=1729...
      Average Passes: 7.4, Time/Memory: 1067.83,10240
Running FIXNM with kPath0 for N=10000, sparsity=4, k=5, seed=1729...
      Average Passes: 6.4, Time/Memory: 925.85,12288
Running FIXNM with kPath0 for N=10000, sparsity=4, k=6, seed=1729...
      Average Passes: 5.8, Time/Memory: 795.46,12288
Running FIXNM with kPath0 for N=10000, sparsity=4, k=7, seed=1729...
      Average Passes: 5.4, Time/Memory: 781.22,13312
Running FIXNM with kPath0 for N=10000, sparsity=4, k=8, seed=1729...
      Average Passes: 5.0, Time/Memory: 705.14,14336
Running FIXNM with kPath0 for N=10000, sparsity=4, k=9, seed=1729...
      Average Passes: 5.0, Time/Memory: 705.28,15360
Running FIXNM with kPath0 for N=10000, sparsity=4, k=10, seed=1729...
      Average Passes: 5.0, Time/Memory: 722.74,16384
Running FIXNM with kPath0 for N=10000, sparsity=4, k=11, seed=1729...
      Average Passes: 5.0, Time/Memory: 715.04,17408
Running FIXNM with kPath0 for N=10000, sparsity=4, k=12, seed=1729...
      Average Passes: 4.7, Time/Memory: 672.14,18432
Running FIXNM with kPath0 for N=10000, sparsity=4, k=13, seed=1729...
      Average Passes: 4.3, Time/Memory: 609.00,19456
Running FIXNM with kPath0 for N=10000, sparsity=4, k=14, seed=1729...
      Average Passes: 4.3, Time/Memory: 623.18,19456
Running FIXNM with kPath0 for N=10000, sparsity=4, k=15, seed=1729...
      Average Passes: 4.0, Time/Memory: 580.74,20716
Running FIXNM with kPath0 for N=10000, sparsity=4, k=20, seed=1729...
      Average Passes: 4.0, Time/Memory: 580.20,25600
Running FIXNM with kPath0 for N=10000, sparsity=4, k=25, seed=1729...
      Average Passes: 4.0, Time/Memory: 587.11,30720
Running FIXNM with kPath0 for N=10000, sparsity=4, k=30, seed=1729...
      Average Passes: 4.0, Time/Memory: 571.06,34816
Running FIXNM with kPath0 for N=10000, sparsity=4, k=35, seed=1729...
      Average Passes: 3.9, Time/Memory: 559.39,38912
Running FIXNM with kPath0 for N=10000, sparsity=4, k=40, seed=1729...
      Average Passes: 3.7, Time/Memory: 517.16,45056
Running FIXNM with kPath0 for N=10000, sparsity=4, k=45, seed=1729...
      Average Passes: 3.8, Time/Memory: 543.84,49152
Running FIXNM with kPath0 for N=10000, sparsity=4, k=50, seed=1729...
      Average Passes: 3.6, Time/Memory: 524.55,54272
Running FIXNM with kPath0 for N=10000, sparsity=4, k=60, seed=1729...
      Average Passes: 3.1, Time/Memory: 457.56,63488
Running FIXNM with kPath0 for N=10000, sparsity=4, k=70, seed=1729...
      Average Passes: 3.0, Time/Memory: 442.64,72704
Running FIXNM with kPath0 for N=10000, sparsity=4, k=80, seed=1729...
      Average Passes: 3.0, Time/Memory: 451.01,81920
Running FIXNM with kPath0 for N=10000, sparsity=4, k=90, seed=1729...
      Average Passes: 3.0, Time/Memory: 439.91,91136
Running FIXNM with kPath0 for N=10000, sparsity=4, k=100, seed=1729...
      Average Passes: 3.0, Time/Memory: 437.81,101376
Running FIXNM with kPath0 for N=10000, sparsity=4, k=150, seed=1729...
      Average Passes: 3.0, Time/Memory: 442.60,146432
Running FIXNM with kPath0 for N=10000, sparsity=4, k=200, seed=1729...
      Average Passes: 3.0, Time/Memory: 462.01,194560
Running FIXNM with kPath0 for N=10000, sparsity=4, k=250, seed=1729...
      Average Passes: 3.0, Time/Memory: 448.98,241664
Running FIXNM with kPath0 for N=10000, sparsity=4, k=300, seed=1729...
      Average Passes: 3.0, Time/Memory: 475.93,287744
Running FIXNM with kPath0 for N=10000, sparsity=4, k=400, seed=1729...
      Average Passes: 3.0, Time/Memory: 491.21,381952
Running FIXNM with kPath0 for N=10000, sparsity=4, k=500, seed=1729...
      Average Passes: 3.0, Time/Memory: 486.74,477184
Running FIXNM with kPath0 for N=10000, sparsity=4, k=750, seed=1729...
      Average Passes: 3.0, Time/Memory: 537.56,709632
Running FIXNM with kPath0 for N=10000, sparsity=4, k=1000, seed=1729...
      Average Passes: 3.0, Time/Memory: 536.28,944128
Running FIXNM with kPath0 for N=10000, sparsity=4, k=1500, seed=1729...
      Average Passes: 3.0, Time/Memory: 617.49,1414144
Running FIXNM with kPath0 for N=10000, sparsity=4, k=2000, seed=1729...
      Average Passes: 3.0, Time/Memory: 685.83,1883136
Running FIXNM with kPath0 for N=10000, sparsity=4, k=2500, seed=1729...
      Average Passes: 2.9, Time/Memory: 725.49,2350080
Running FIXNM with kPath0 for N=10000, sparsity=4, k=3000, seed=1729...
      Average Passes: 2.7, Time/Memory: 751.73,2820096
Running FIXNM with kPath0 for N=10000, sparsity=4, k=4000, seed=1729...
      Average Passes: 2.3, Time/Memory: 911.78,3756032
Running FIXNM with kPath0 for N=10000, sparsity=4, k=5000, seed=1729...
      Average Passes: 2.0, Time/Memory: 1097.89,4695040
Running FIXNM with kPath0 for N=10000, sparsity=4, k=7500, seed=1729...
      Average Passes: 2.0, Time/Memory: 991.45,4696036
Running FIXNM with kPath0 for N=10000, sparsity=4, k=10000, seed=1729...
      Average Passes: 2.0, Time/Memory: 1035.29,4695040
Running FIXNM with kPathN for N=10000, sparsity=4, k=1, seed=1729...
      Average Passes: 46.1, Time/Memory: 6552.59,7168
Running FIXNM with kPathN for N=10000, sparsity=4, k=2, seed=1729...
      Average Passes: 4.7, Time/Memory: 670.12,9212
Running FIXNM with kPathN for N=10000, sparsity=4, k=3, seed=1729...
      Average Passes: 4.0, Time/Memory: 572.98,9216
Running FIXNM with kPathN for N=10000, sparsity=4, k=4, seed=1729...
      Average Passes: 3.0, Time/Memory: 440.44,10240
Running FIXNM with kPathN for N=10000, sparsity=4, k=5, seed=1729...
      Average Passes: 3.0, Time/Memory: 419.81,11264
Running FIXNM with kPathN for N=10000, sparsity=4, k=6, seed=1729...
      Average Passes: 3.0, Time/Memory: 441.39,12288
Running FIXNM with kPathN for N=10000, sparsity=4, k=7, seed=1729...
      Average Passes: 3.0, Time/Memory: 436.80,13312
Running FIXNM with kPathN for N=10000, sparsity=4, k=8, seed=1729...
      Average Passes: 3.0, Time/Memory: 440.48,14336
Running FIXNM with kPathN for N=10000, sparsity=4, k=9, seed=1729...
      Average Passes: 3.0, Time/Memory: 426.50,15360
Running FIXNM with kPathN for N=10000, sparsity=4, k=10, seed=1729...
      Average Passes: 3.0, Time/Memory: 439.63,16384
Running FIXNM with kPathN for N=10000, sparsity=4, k=11, seed=1729...
      Average Passes: 3.0, Time/Memory: 439.58,16384
Running FIXNM with kPathN for N=10000, sparsity=4, k=12, seed=1729...
      Average Passes: 2.8, Time/Memory: 408.34,17408
Running FIXNM with kPathN for N=10000, sparsity=4, k=13, seed=1729...
      Average Passes: 2.8, Time/Memory: 423.21,18432
Running FIXNM with kPathN for N=10000, sparsity=4, k=14, seed=1729...
      Average Passes: 2.3, Time/Memory: 339.54,19456
Running FIXNM with kPathN for N=10000, sparsity=4, k=15, seed=1729...
      Average Passes: 2.0, Time/Memory: 300.53,21504
Running FIXNM with kPathN for N=10000, sparsity=4, k=20, seed=1729...
      Average Passes: 2.0, Time/Memory: 299.11,25600
Running FIXNM with kPathN for N=10000, sparsity=4, k=25, seed=1729...
      Average Passes: 2.0, Time/Memory: 307.56,29696
Running FIXNM with kPathN for N=10000, sparsity=4, k=30, seed=1729...
      Average Passes: 2.0, Time/Memory: 298.65,34816
Running FIXNM with kPathN for N=10000, sparsity=4, k=35, seed=1729...
      Average Passes: 2.0, Time/Memory: 289.12,40960
Running FIXNM with kPathN for N=10000, sparsity=4, k=40, seed=1729...
      Average Passes: 2.0, Time/Memory: 301.49,44032
Running FIXNM with kPathN for N=10000, sparsity=4, k=45, seed=1729...
      Average Passes: 2.0, Time/Memory: 287.52,49152
Running FIXNM with kPathN for N=10000, sparsity=4, k=50, seed=1729...
      Average Passes: 2.0, Time/Memory: 303.94,54272
Running FIXNM with kPathN for N=10000, sparsity=4, k=60, seed=1729...
      Average Passes: 2.0, Time/Memory: 310.51,63488
Running FIXNM with kPathN for N=10000, sparsity=4, k=70, seed=1729...
      Average Passes: 2.0, Time/Memory: 302.84,72704
Running FIXNM with kPathN for N=10000, sparsity=4, k=80, seed=1729...
      Average Passes: 2.0, Time/Memory: 304.20,81920
Running FIXNM with kPathN for N=10000, sparsity=4, k=90, seed=1729...
      Average Passes: 2.0, Time/Memory: 304.19,91928
Running FIXNM with kPathN for N=10000, sparsity=4, k=100, seed=1729...
      Average Passes: 2.0, Time/Memory: 306.27,101304
Running FIXNM with kPathN for N=10000, sparsity=4, k=150, seed=1729...
      Average Passes: 2.0, Time/Memory: 305.16,147456
Running FIXNM with kPathN for N=10000, sparsity=4, k=200, seed=1729...
      Average Passes: 2.0, Time/Memory: 310.71,194428
Running FIXNM with kPathN for N=10000, sparsity=4, k=250, seed=1729...
      Average Passes: 2.0, Time/Memory: 325.81,241664
Running FIXNM with kPathN for N=10000, sparsity=4, k=300, seed=1729...
      Average Passes: 2.0, Time/Memory: 330.47,288768
Running FIXNM with kPathN for N=10000, sparsity=4, k=400, seed=1729...
      Average Passes: 2.0, Time/Memory: 329.37,380928
Running FIXNM with kPathN for N=10000, sparsity=4, k=500, seed=1729...
      Average Passes: 2.0, Time/Memory: 358.11,476160
Running FIXNM with kPathN for N=10000, sparsity=4, k=750, seed=1729...
      Average Passes: 2.0, Time/Memory: 390.74,710656
Running FIXNM with kPathN for N=10000, sparsity=4, k=1000, seed=1729...
      Average Passes: 2.0, Time/Memory: 456.07,944116
Running FIXNM with kPathN for N=10000, sparsity=4, k=1500, seed=1729...
      Average Passes: 2.0, Time/Memory: 474.20,1413120
Running FIXNM with kPathN for N=10000, sparsity=4, k=2000, seed=1729...
      Average Passes: 1.8, Time/Memory: 628.22,1881904
Running FIXNM with kPathN for N=10000, sparsity=4, k=2500, seed=1729...
      Average Passes: 1.7, Time/Memory: 546.84,2350080
Running FIXNM with kPathN for N=10000, sparsity=4, k=3000, seed=1729...
      Average Passes: 1.6, Time/Memory: 651.65,2820088
Running FIXNM with kPathN for N=10000, sparsity=4, k=4000, seed=1729...
      Average Passes: 1.2, Time/Memory: 687.50,3757948
Running FIXNM with kPathN for N=10000, sparsity=4, k=5000, seed=1729...
      Average Passes: 1.0, Time/Memory: 158.47,1226816
Running FIXNM with kPathN for N=10000, sparsity=4, k=7500, seed=1729...
      Average Passes: 1.0, Time/Memory: 158.81,1226196
Running FIXNM with kPathN for N=10000, sparsity=4, k=10000, seed=1729...
      Average Passes: 1.0, Time/Memory: 155.95,1225944
Running FIXNM with kLev0 for N=10000, sparsity=4, k=1, seed=1729...
      Average Passes: 3.0, Time/Memory: 714.72,8192
Running FIXNM with kLev0 for N=10000, sparsity=4, k=2, seed=1729...
      Average Passes: 3.0, Time/Memory: 709.44,8192
Running FIXNM with kLev0 for N=10000, sparsity=4, k=3, seed=1729...
      Average Passes: 3.0, Time/Memory: 705.67,8192
Running FIXNM with kLev0 for N=10000, sparsity=4, k=4, seed=1729...
      Average Passes: 3.0, Time/Memory: 710.26,8192
Running FIXNM with kLev0 for N=10000, sparsity=4, k=5, seed=1729...
      Average Passes: 3.0, Time/Memory: 724.68,9216
Running FIXNM with kLev0 for N=10000, sparsity=4, k=6, seed=1729...
      Average Passes: 3.0, Time/Memory: 722.93,9216
Running FIXNM with kLev0 for N=10000, sparsity=4, k=7, seed=1729...
      Average Passes: 3.0, Time/Memory: 719.38,9216
Running FIXNM with kLev0 for N=10000, sparsity=4, k=8, seed=1729...
      Average Passes: 3.0, Time/Memory: 724.68,9216
Running FIXNM with kLev0 for N=10000, sparsity=4, k=9, seed=1729...
      Average Passes: 3.0, Time/Memory: 719.60,10240
Running FIXNM with kLev0 for N=10000, sparsity=4, k=10, seed=1729...
      Average Passes: 3.0, Time/Memory: 714.72,10240
Running FIXNM with kLev0 for N=10000, sparsity=4, k=11, seed=1729...
      Average Passes: 3.0, Time/Memory: 720.91,10352
Running FIXNM with kLev0 for N=10000, sparsity=4, k=12, seed=1729...
      Average Passes: 3.0, Time/Memory: 709.40,11264
Running FIXNM with kLev0 for N=10000, sparsity=4, k=13, seed=1729...
      Average Passes: 3.0, Time/Memory: 722.63,11264
Running FIXNM with kLev0 for N=10000, sparsity=4, k=14, seed=1729...
      Average Passes: 3.0, Time/Memory: 728.54,11264
Running FIXNM with kLev0 for N=10000, sparsity=4, k=15, seed=1729...
      Average Passes: 3.0, Time/Memory: 734.78,12288
Running FIXNM with kLev0 for N=10000, sparsity=4, k=20, seed=1729...
      Average Passes: 3.0, Time/Memory: 713.81,13052
Running FIXNM with kLev0 for N=10000, sparsity=4, k=25, seed=1729...
      Average Passes: 3.0, Time/Memory: 710.68,14336
Running FIXNM with kLev0 for N=10000, sparsity=4, k=30, seed=1729...
      Average Passes: 3.0, Time/Memory: 720.98,16384
Running FIXNM with kLev0 for N=10000, sparsity=4, k=35, seed=1729...
      Average Passes: 3.0, Time/Memory: 694.55,18432
Running FIXNM with kLev0 for N=10000, sparsity=4, k=40, seed=1729...
      Average Passes: 3.0, Time/Memory: 701.64,22528
Running FIXNM with kLev0 for N=10000, sparsity=4, k=45, seed=1729...
      Average Passes: 3.0, Time/Memory: 708.38,20876
Running FIXNM with kLev0 for N=10000, sparsity=4, k=50, seed=1729...
      Average Passes: 3.0, Time/Memory: 714.80,22528
Running FIXNM with kLev0 for N=10000, sparsity=4, k=60, seed=1729...
      Average Passes: 3.0, Time/Memory: 699.95,25600
Running FIXNM with kLev0 for N=10000, sparsity=4, k=70, seed=1729...
      Average Passes: 3.0, Time/Memory: 712.11,29696
Running FIXNM with kLev0 for N=10000, sparsity=4, k=80, seed=1729...
      Average Passes: 3.0, Time/Memory: 714.42,31744
Running FIXNM with kLev0 for N=10000, sparsity=4, k=90, seed=1729...
      Average Passes: 3.0, Time/Memory: 719.89,35840
Running FIXNM with kLev0 for N=10000, sparsity=4, k=100, seed=1729...
      Average Passes: 3.0, Time/Memory: 709.77,37888
Running FIXNM with kLev0 for N=10000, sparsity=4, k=150, seed=1729...
      Average Passes: 3.0, Time/Memory: 717.52,52224
Running FIXNM with kLev0 for N=10000, sparsity=4, k=200, seed=1729...
      Average Passes: 3.0, Time/Memory: 719.64,69180
Running FIXNM with kLev0 for N=10000, sparsity=4, k=250, seed=1729...
      Average Passes: 3.0, Time/Memory: 727.24,84828
Running FIXNM with kLev0 for N=10000, sparsity=4, k=300, seed=1729...
      Average Passes: 3.0, Time/Memory: 723.37,99440
Running FIXNM with kLev0 for N=10000, sparsity=4, k=400, seed=1729...
      Average Passes: 3.0, Time/Memory: 819.44,130100
Running FIXNM with kLev0 for N=10000, sparsity=4, k=500, seed=1729...
      Average Passes: 3.0, Time/Memory: 725.62,159548
Running FIXNM with kLev0 for N=10000, sparsity=4, k=750, seed=1729...
      Average Passes: 3.0, Time/Memory: 903.85,233472
Running FIXNM with kLev0 for N=10000, sparsity=4, k=1000, seed=1729...
      Average Passes: 3.0, Time/Memory: 781.03,304280
Running FIXNM with kLev0 for N=10000, sparsity=4, k=1500, seed=1729...
      Average Passes: 3.0, Time/Memory: 761.04,441048
Running FIXNM with kLev0 for N=10000, sparsity=4, k=2000, seed=1729...
      Average Passes: 3.0, Time/Memory: 783.70,569604
Running FIXNM with kLev0 for N=10000, sparsity=4, k=2500, seed=1729...
      Average Passes: 3.0, Time/Memory: 807.55,691200
Running FIXNM with kLev0 for N=10000, sparsity=4, k=3000, seed=1729...
      Average Passes: 3.0, Time/Memory: 1114.88,803840
Running FIXNM with kLev0 for N=10000, sparsity=4, k=4000, seed=1729...
      Average Passes: 3.0, Time/Memory: 1141.00,1006672
Running FIXNM with kLev0 for N=10000, sparsity=4, k=5000, seed=1729...
      Average Passes: 3.0, Time/Memory: 814.71,1178660
Running FIXNM with kLev0 for N=10000, sparsity=4, k=7500, seed=1729...
      Average Passes: 3.0, Time/Memory: 1030.49,1472708
Running FIXNM with kLev0 for N=10000, sparsity=4, k=10000, seed=1729...
      Average Passes: 2.0, Time/Memory: 645.59,1569792
Running FIXNM with kLevN for N=10000, sparsity=4, k=1, seed=1729...
      Average Passes: 2.0, Time/Memory: 467.31,8192
Running FIXNM with kLevN for N=10000, sparsity=4, k=2, seed=1729...
      Average Passes: 2.0, Time/Memory: 447.50,9216
Running FIXNM with kLevN for N=10000, sparsity=4, k=3, seed=1729...
      Average Passes: 2.0, Time/Memory: 437.69,10240
Running FIXNM with kLevN for N=10000, sparsity=4, k=4, seed=1729...
      Average Passes: 1.5, Time/Memory: 358.68,11264
Running FIXNM with kLevN for N=10000, sparsity=4, k=5, seed=1729...
      Average Passes: 1.2, Time/Memory: 309.34,11264
Running FIXNM with kLevN for N=10000, sparsity=4, k=6, seed=1729...
      Average Passes: 1.0, Time/Memory: 289.56,11264
Running FIXNM with kLevN for N=10000, sparsity=4, k=7, seed=1729...
      Average Passes: 1.0, Time/Memory: 293.60,12288
Running FIXNM with kLevN for N=10000, sparsity=4, k=8, seed=1729...
      Average Passes: 1.0, Time/Memory: 282.11,12288
Running FIXNM with kLevN for N=10000, sparsity=4, k=9, seed=1729...
      Average Passes: 1.0, Time/Memory: 290.52,12288
Running FIXNM with kLevN for N=10000, sparsity=4, k=10, seed=1729...
      Average Passes: 1.0, Time/Memory: 286.61,12288
Running FIXNM with kLevN for N=10000, sparsity=4, k=11, seed=1729...
      Average Passes: 1.0, Time/Memory: 282.62,12288
Running FIXNM with kLevN for N=10000, sparsity=4, k=12, seed=1729...
      Average Passes: 1.0, Time/Memory: 304.96,12288
Running FIXNM with kLevN for N=10000, sparsity=4, k=13, seed=1729...
      Average Passes: 1.0, Time/Memory: 283.12,12288
Running FIXNM with kLevN for N=10000, sparsity=4, k=14, seed=1729...
      Average Passes: 1.0, Time/Memory: 281.37,12288
Running FIXNM with kLevN for N=10000, sparsity=4, k=15, seed=1729...
      Average Passes: 1.0, Time/Memory: 281.38,12288
Running FIXNM with kLevN for N=10000, sparsity=4, k=20, seed=1729...
      Average Passes: 1.0, Time/Memory: 279.45,12288
Running FIXNM with kLevN for N=10000, sparsity=4, k=25, seed=1729...
      Average Passes: 1.0, Time/Memory: 285.84,12288
Running FIXNM with kLevN for N=10000, sparsity=4, k=30, seed=1729...
      Average Passes: 1.0, Time/Memory: 288.70,12288
Running FIXNM with kLevN for N=10000, sparsity=4, k=35, seed=1729...
      Average Passes: 1.0, Time/Memory: 281.19,12288
Running FIXNM with kLevN for N=10000, sparsity=4, k=40, seed=1729...
      Average Passes: 1.0, Time/Memory: 366.94,12288
Running FIXNM with kLevN for N=10000, sparsity=4, k=45, seed=1729...
      Average Passes: 1.0, Time/Memory: 280.59,12288
Running FIXNM with kLevN for N=10000, sparsity=4, k=50, seed=1729...
      Average Passes: 1.0, Time/Memory: 331.30,12288
Running FIXNM with kLevN for N=10000, sparsity=4, k=60, seed=1729...
      Average Passes: 1.0, Time/Memory: 283.34,12288
Running FIXNM with kLevN for N=10000, sparsity=4, k=70, seed=1729...
      Average Passes: 1.0, Time/Memory: 283.46,12288
Running FIXNM with kLevN for N=10000, sparsity=4, k=80, seed=1729...
      Average Passes: 1.0, Time/Memory: 280.68,12288
Running FIXNM with kLevN for N=10000, sparsity=4, k=90, seed=1729...
      Average Passes: 1.0, Time/Memory: 285.54,12288
Running FIXNM with kLevN for N=10000, sparsity=4, k=100, seed=1729...
      Average Passes: 1.0, Time/Memory: 281.89,12288
Running FIXNM with kLevN for N=10000, sparsity=4, k=150, seed=1729...
      Average Passes: 1.0, Time/Memory: 281.22,12288
Running FIXNM with kLevN for N=10000, sparsity=4, k=200, seed=1729...
      Average Passes: 1.0, Time/Memory: 282.26,12288
Running FIXNM with kLevN for N=10000, sparsity=4, k=250, seed=1729...
      Average Passes: 1.0, Time/Memory: 281.27,12288
Running FIXNM with kLevN for N=10000, sparsity=4, k=300, seed=1729...
      Average Passes: 1.0, Time/Memory: 284.88,12288
Running FIXNM with kLevN for N=10000, sparsity=4, k=400, seed=1729...
      Average Passes: 1.0, Time/Memory: 281.87,12288
Running FIXNM with kLevN for N=10000, sparsity=4, k=500, seed=1729...
      Average Passes: 1.0, Time/Memory: 283.22,12288
Running FIXNM with kLevN for N=10000, sparsity=4, k=750, seed=1729...
      Average Passes: 1.0, Time/Memory: 284.11,12288
Running FIXNM with kLevN for N=10000, sparsity=4, k=1000, seed=1729...
      Average Passes: 1.0, Time/Memory: 281.23,12288
Running FIXNM with kLevN for N=10000, sparsity=4, k=1500, seed=1729...
      Average Passes: 1.0, Time/Memory: 282.80,12288
Running FIXNM with kLevN for N=10000, sparsity=4, k=2000, seed=1729...
      Average Passes: 1.0, Time/Memory: 280.59,12288
Running FIXNM with kLevN for N=10000, sparsity=4, k=2500, seed=1729...
      Average Passes: 1.0, Time/Memory: 281.41,11264
Running FIXNM with kLevN for N=10000, sparsity=4, k=3000, seed=1729...
      Average Passes: 1.0, Time/Memory: 285.54,12288
Running FIXNM with kLevN for N=10000, sparsity=4, k=4000, seed=1729...
      Average Passes: 1.0, Time/Memory: 283.94,12288
Running FIXNM with kLevN for N=10000, sparsity=4, k=5000, seed=1729...
      Average Passes: 1.0, Time/Memory: 150.43,1226360
Running FIXNM with kLevN for N=10000, sparsity=4, k=7500, seed=1729...
      Average Passes: 1.0, Time/Memory: 151.81,1225896
Running FIXNM with kLevN for N=10000, sparsity=4, k=10000, seed=1729...
      Average Passes: 1.0, Time/Memory: 149.40,1226968
