Graph already exists at: ./input/random_graphs/graph_10000_1000000_UNIFORM_6230961512046992312.txt
Graph already exists at: ./input/random_graphs/graph_10000_1000000_UNIFORM_7871178979383552920.txt
Graph already exists at: ./input/random_graphs/graph_10000_1000000_UNIFORM_5739955973604961614.txt
Graph already exists at: ./input/random_graphs/graph_10000_1000000_UNIFORM_3881801951614183358.txt
Graph already exists at: ./input/random_graphs/graph_10000_1000000_UNIFORM_7032710160631691992.txt
Graph already exists at: ./input/random_graphs/graph_10000_1000000_UNIFORM_7599700178212337700.txt
Graph already exists at: ./input/random_graphs/graph_10000_1000000_UNIFORM_1353182403971399009.txt
Graph already exists at: ./input/random_graphs/graph_10000_1000000_UNIFORM_1070244953599069350.txt
Graph already exists at: ./input/random_graphs/graph_10000_1000000_UNIFORM_6522163754831416204.txt
Graph already exists at: ./input/random_graphs/graph_10000_1000000_UNIFORM_6938562734920028533.txt
Graph already exists at: ./input/random_graphs/graph_10000_1000000_UNIFORM_4040737767143389431.txt
Graph already exists at: ./input/random_graphs/graph_10000_1000000_UNIFORM_1250005700364523650.txt
Graph already exists at: ./input/random_graphs/graph_10000_1000000_UNIFORM_1309542850049879453.txt
Graph already exists at: ./input/random_graphs/graph_10000_1000000_UNIFORM_2429002973740178792.txt
Graph already exists at: ./input/random_graphs/graph_10000_1000000_UNIFORM_7663871783842725849.txt
Graph already exists at: ./input/random_graphs/graph_10000_1000000_UNIFORM_320375091487821988.txt
Graph already exists at: ./input/random_graphs/graph_10000_1000000_UNIFORM_5906957480796939448.txt
Graph already exists at: ./input/random_graphs/graph_10000_1000000_UNIFORM_1250773459040295677.txt
Graph already exists at: ./input/random_graphs/graph_10000_1000000_UNIFORM_7146860528564146065.txt
Graph already exists at: ./input/random_graphs/graph_10000_1000000_UNIFORM_3438400432146115956.txt
Graph already exists at: ./input/random_graphs/graph_10000_1000000_UNIFORM_7473196763798409429.txt
Graph already exists at: ./input/random_graphs/graph_10000_1000000_UNIFORM_5139481885857321792.txt
Graph already exists at: ./input/random_graphs/graph_10000_1000000_UNIFORM_5142811650494845598.txt
Graph already exists at: ./input/random_graphs/graph_10000_1000000_UNIFORM_3010622984418968409.txt
Graph already exists at: ./input/random_graphs/graph_10000_1000000_UNIFORM_6002685213311538188.txt
Graph already exists at: ./input/random_graphs/graph_10000_1000000_UNIFORM_5708372698381010776.txt
Graph already exists at: ./input/random_graphs/graph_10000_1000000_UNIFORM_521787134863155064.txt
Graph already exists at: ./input/random_graphs/graph_10000_1000000_UNIFORM_1731523882129807996.txt
Graph already exists at: ./input/random_graphs/graph_10000_1000000_UNIFORM_1853590723603270880.txt
Graph already exists at: ./input/random_graphs/graph_10000_1000000_UNIFORM_7029781962072644699.txt
Graph already exists at: ./input/random_graphs/graph_10000_1000000_UNIFORM_6785030173969523436.txt
Graph already exists at: ./input/random_graphs/graph_10000_1000000_UNIFORM_5529616217668449935.txt
Graph already exists at: ./input/random_graphs/graph_10000_1000000_UNIFORM_1024517563182776984.txt
Graph already exists at: ./input/random_graphs/graph_10000_1000000_UNIFORM_3224265581699847191.txt
Graph already exists at: ./input/random_graphs/graph_10000_1000000_UNIFORM_5258051056098597522.txt
Graph already exists at: ./input/random_graphs/graph_10000_1000000_UNIFORM_1647170069535670910.txt
Graph already exists at: ./input/random_graphs/graph_10000_1000000_UNIFORM_4122784633514911761.txt
Graph already exists at: ./input/random_graphs/graph_10000_1000000_UNIFORM_7706236040662210849.txt
Graph already exists at: ./input/random_graphs/graph_10000_1000000_UNIFORM_824387247617288499.txt
Graph already exists at: ./input/random_graphs/graph_10000_1000000_UNIFORM_1632192924771168275.txt
Graph already exists at: ./input/random_graphs/graph_10000_1000000_UNIFORM_7161906730445628484.txt
Graph already exists at: ./input/random_graphs/graph_10000_1000000_UNIFORM_6802378520969450158.txt
Graph already exists at: ./input/random_graphs/graph_10000_1000000_UNIFORM_4552998297316576789.txt
Graph already exists at: ./input/random_graphs/graph_10000_1000000_UNIFORM_8031431416522537102.txt
Graph already exists at: ./input/random_graphs/graph_10000_1000000_UNIFORM_6143643868734370810.txt
Graph already exists at: ./input/random_graphs/graph_10000_1000000_UNIFORM_3272308573967577038.txt
Graph already exists at: ./input/random_graphs/graph_10000_1000000_UNIFORM_5636411189175451025.txt
Graph already exists at: ./input/random_graphs/graph_10000_1000000_UNIFORM_5349491008325879065.txt
Graph already exists at: ./input/random_graphs/graph_10000_1000000_UNIFORM_6614505080519948833.txt
Graph already exists at: ./input/random_graphs/graph_10000_1000000_UNIFORM_7938560551762094561.txt
Graph already exists at: ./input/random_graphs/graph_10000_1000000_UNIFORM_7917045922527545891.txt
Graph already exists at: ./input/random_graphs/graph_10000_1000000_UNIFORM_4445925461710302878.txt
Graph already exists at: ./input/random_graphs/graph_10000_1000000_UNIFORM_3865339568260874865.txt
Graph already exists at: ./input/random_graphs/graph_10000_1000000_UNIFORM_7921282862123281599.txt
Graph already exists at: ./input/random_graphs/graph_10000_1000000_UNIFORM_6224222471595207696.txt
Graph already exists at: ./input/random_graphs/graph_10000_1000000_UNIFORM_1128313391724783138.txt
Graph already exists at: ./input/random_graphs/graph_10000_1000000_UNIFORM_716820155901718944.txt
Graph already exists at: ./input/random_graphs/graph_10000_1000000_UNIFORM_8718380604043999643.txt
Graph already exists at: ./input/random_graphs/graph_10000_1000000_UNIFORM_5063475852268941543.txt
Graph already exists at: ./input/random_graphs/graph_10000_1000000_UNIFORM_4997514996153925448.txt
Graph already exists at: ./input/random_graphs/graph_10000_1000000_UNIFORM_8446481348147407378.txt
Graph already exists at: ./input/random_graphs/graph_10000_1000000_UNIFORM_3817405844514670994.txt
Graph already exists at: ./input/random_graphs/graph_10000_1000000_UNIFORM_6529943913552561418.txt
Graph already exists at: ./input/random_graphs/graph_10000_1000000_UNIFORM_2909934787168262408.txt
Graph already exists at: ./input/random_graphs/graph_10000_1000000_UNIFORM_1170385908854608748.txt
Graph already exists at: ./input/random_graphs/graph_10000_1000000_UNIFORM_6022436717541034637.txt
Graph already exists at: ./input/random_graphs/graph_10000_1000000_UNIFORM_199422815561151340.txt
Graph already exists at: ./input/random_graphs/graph_10000_1000000_UNIFORM_3713827327871807734.txt
Graph already exists at: ./input/random_graphs/graph_10000_1000000_UNIFORM_175493991617213851.txt
Graph already exists at: ./input/random_graphs/graph_10000_1000000_UNIFORM_5108599054664628608.txt
Graph already exists at: ./input/random_graphs/graph_10000_1000000_UNIFORM_6764066939395682288.txt
Graph already exists at: ./input/random_graphs/graph_10000_1000000_UNIFORM_9130666990809746336.txt
Graph already exists at: ./input/random_graphs/graph_10000_1000000_UNIFORM_7644420139408884786.txt
Graph already exists at: ./input/random_graphs/graph_10000_1000000_UNIFORM_1458186392400727732.txt
Graph already exists at: ./input/random_graphs/graph_10000_1000000_UNIFORM_1392892770529522614.txt
Graph already exists at: ./input/random_graphs/graph_10000_1000000_UNIFORM_9060210648189963450.txt
Graph already exists at: ./input/random_graphs/graph_10000_1000000_UNIFORM_4250897495980125004.txt
Graph already exists at: ./input/random_graphs/graph_10000_1000000_UNIFORM_8794274795737982183.txt
Graph already exists at: ./input/random_graphs/graph_10000_1000000_UNIFORM_2089506265998900862.txt
Graph already exists at: ./input/random_graphs/graph_10000_1000000_UNIFORM_5497874167834979554.txt
Graph already exists at: ./input/random_graphs/graph_10000_1000000_UNIFORM_4060584409398689269.txt
Graph already exists at: ./input/random_graphs/graph_10000_1000000_UNIFORM_1332005502874566195.txt
Graph already exists at: ./input/random_graphs/graph_10000_1000000_UNIFORM_1722224698700348310.txt
Graph already exists at: ./input/random_graphs/graph_10000_1000000_UNIFORM_8626102704817790065.txt
Graph already exists at: ./input/random_graphs/graph_10000_1000000_UNIFORM_7905487461282246980.txt
Graph already exists at: ./input/random_graphs/graph_10000_1000000_UNIFORM_8448596294177070023.txt
Graph already exists at: ./input/random_graphs/graph_10000_1000000_UNIFORM_4795749165124911769.txt
Graph already exists at: ./input/random_graphs/graph_10000_1000000_UNIFORM_4934890601268679177.txt
Graph already exists at: ./input/random_graphs/graph_10000_1000000_UNIFORM_1992204328026194281.txt
Graph already exists at: ./input/random_graphs/graph_10000_1000000_UNIFORM_7118744415197196277.txt
Graph already exists at: ./input/random_graphs/graph_10000_1000000_UNIFORM_2718103348384927512.txt
Graph already exists at: ./input/random_graphs/graph_10000_1000000_UNIFORM_9059990922233379853.txt
Graph already exists at: ./input/random_graphs/graph_10000_1000000_UNIFORM_7449662661572224355.txt
Graph already exists at: ./input/random_graphs/graph_10000_1000000_UNIFORM_3221421291694197221.txt
Graph already exists at: ./input/random_graphs/graph_10000_1000000_UNIFORM_8867616339855336877.txt
Graph already exists at: ./input/random_graphs/graph_10000_1000000_UNIFORM_5894893360759659424.txt
Graph already exists at: ./input/random_graphs/graph_10000_1000000_UNIFORM_7983805977214098675.txt
Graph already exists at: ./input/random_graphs/graph_10000_1000000_UNIFORM_4940913311242578591.txt
Graph already exists at: ./input/random_graphs/graph_10000_1000000_UNIFORM_2264398621601381988.txt
Graph already exists at: ./input/random_graphs/graph_10000_1000000_UNIFORM_7632458674696225363.txt
Running VARK with 100 iterations, for N = 10,000 and sparsity code 3 for k from 1 to N and seed token 1729
Generating 100 graph(s) with N=10000, sparsity=3, seed=1729...
Running FIXNM with kPath0 for N=10000, sparsity=3, k=1, seed=1729...
      Average Passes: 147.11, Time/Memory: 2816.02,8068
Running FIXNM with kPath0 for N=10000, sparsity=3, k=2, seed=1729...
      Average Passes: 16.47, Time/Memory: 358.03,9060
Running FIXNM with kPath0 for N=10000, sparsity=3, k=3, seed=1729...
      Average Passes: 6.31, Time/Memory: 136.62,10248
Running FIXNM with kPath0 for N=10000, sparsity=3, k=4, seed=1729...
      Average Passes: 5.0, Time/Memory: 102.68,11316
Running FIXNM with kPath0 for N=10000, sparsity=3, k=5, seed=1729...
      Average Passes: 4.0, Time/Memory: 78.16,12416
Running FIXNM with kPath0 for N=10000, sparsity=3, k=6, seed=1729...
      Average Passes: 4.0, Time/Memory: 77.19,13264
Running FIXNM with kPath0 for N=10000, sparsity=3, k=7, seed=1729...
      Average Passes: 4.0, Time/Memory: 77.14,14284
Running FIXNM with kPath0 for N=10000, sparsity=3, k=8, seed=1729...
      Average Passes: 4.0, Time/Memory: 76.90,15268
Running FIXNM with kPath0 for N=10000, sparsity=3, k=9, seed=1729...
      Average Passes: 4.0, Time/Memory: 79.46,16116
Running FIXNM with kPath0 for N=10000, sparsity=3, k=10, seed=1729...
      Average Passes: 3.04, Time/Memory: 68.21,17148
Running FIXNM with kPath0 for N=10000, sparsity=3, k=12, seed=1729...
      Average Passes: 3.0, Time/Memory: 66.40,19204
Running FIXNM with kPath0 for N=10000, sparsity=3, k=14, seed=1729...
      Average Passes: 3.0, Time/Memory: 59.34,20904
Running FIXNM with kPath0 for N=10000, sparsity=3, k=16, seed=1729...
      Average Passes: 3.0, Time/Memory: 69.85,22900
Running FIXNM with kPath0 for N=10000, sparsity=3, k=18, seed=1729...
      Average Passes: 3.0, Time/Memory: 60.15,24752
Running FIXNM with kPath0 for N=10000, sparsity=3, k=20, seed=1729...
      Average Passes: 3.0, Time/Memory: 60.79,26620
Running FIXNM with kPath0 for N=10000, sparsity=3, k=25, seed=1729...
      Average Passes: 3.0, Time/Memory: 72.34,31356
Running FIXNM with kPath0 for N=10000, sparsity=3, k=30, seed=1729...
      Average Passes: 3.0, Time/Memory: 66.70,35956
Running FIXNM with kPath0 for N=10000, sparsity=3, k=35, seed=1729...
      Average Passes: 3.0, Time/Memory: 74.06,40736
Running FIXNM with kPath0 for N=10000, sparsity=3, k=40, seed=1729...
      Average Passes: 3.0, Time/Memory: 71.70,45316
Running FIXNM with kPath0 for N=10000, sparsity=3, k=50, seed=1729...
      Average Passes: 3.0, Time/Memory: 82.96,54816
Running FIXNM with kPath0 for N=10000, sparsity=3, k=75, seed=1729...
      Average Passes: 3.0, Time/Memory: 103.69,78192
Running FIXNM with kPath0 for N=10000, sparsity=3, k=100, seed=1729...
      Average Passes: 3.0, Time/Memory: 127.41,101672
Running FIXNM with kPath0 for N=10000, sparsity=3, k=250, seed=1729...
      Average Passes: 2.0, Time/Memory: 107.53,102760
Running FIXNM with kPath0 for N=10000, sparsity=3, k=500, seed=1729...
      Average Passes: 2.0, Time/Memory: 108.53,102596
Running FIXNM with kPath0 for N=10000, sparsity=3, k=750, seed=1729...
      Average Passes: 2.0, Time/Memory: 106.54,102768
Running FIXNM with kPath0 for N=10000, sparsity=3, k=1000, seed=1729...
      Average Passes: 2.0, Time/Memory: 104.43,102684
Running FIXNM with kPath0 for N=10000, sparsity=3, k=2500, seed=1729...
      Average Passes: 2.0, Time/Memory: 103.87,102776
Running FIXNM with kPath0 for N=10000, sparsity=3, k=5000, seed=1729...
      Average Passes: 2.0, Time/Memory: 103.35,102768
Running FIXNM with kPath0 for N=10000, sparsity=3, k=7500, seed=1729...
      Average Passes: 2.0, Time/Memory: 107.64,102748
Running FIXNM with kPath0 for N=10000, sparsity=3, k=10000, seed=1729...
      Average Passes: 2.0, Time/Memory: 103.63,102656
Running FIXNM with kPathN for N=10000, sparsity=3, k=1, seed=1729...
      Average Passes: 45.6, Time/Memory: 882.35,9308
Running FIXNM with kPathN for N=10000, sparsity=3, k=2, seed=1729...
      Average Passes: 4.0, Time/Memory: 78.24,9256
Running FIXNM with kPathN for N=10000, sparsity=3, k=3, seed=1729...
      Average Passes: 3.0, Time/Memory: 72.14,10712
Running FIXNM with kPathN for N=10000, sparsity=3, k=4, seed=1729...
      Average Passes: 3.0, Time/Memory: 59.48,11352
Running FIXNM with kPathN for N=10000, sparsity=3, k=5, seed=1729...
      Average Passes: 2.0, Time/Memory: 48.05,12900
Running FIXNM with kPathN for N=10000, sparsity=3, k=6, seed=1729...
      Average Passes: 2.0, Time/Memory: 39.66,13776
Running FIXNM with kPathN for N=10000, sparsity=3, k=7, seed=1729...
      Average Passes: 2.0, Time/Memory: 40.44,14720
Running FIXNM with kPathN for N=10000, sparsity=3, k=8, seed=1729...
      Average Passes: 2.0, Time/Memory: 48.70,15728
Running FIXNM with kPathN for N=10000, sparsity=3, k=9, seed=1729...
      Average Passes: 2.0, Time/Memory: 48.63,16580
Running FIXNM with kPathN for N=10000, sparsity=3, k=10, seed=1729...
      Average Passes: 2.0, Time/Memory: 46.23,17656
Running FIXNM with kPathN for N=10000, sparsity=3, k=12, seed=1729...
      Average Passes: 2.0, Time/Memory: 40.23,19484
Running FIXNM with kPathN for N=10000, sparsity=3, k=14, seed=1729...
      Average Passes: 2.0, Time/Memory: 41.12,21396
Running FIXNM with kPathN for N=10000, sparsity=3, k=16, seed=1729...
      Average Passes: 2.0, Time/Memory: 41.65,23284
Running FIXNM with kPathN for N=10000, sparsity=3, k=18, seed=1729...
      Average Passes: 2.0, Time/Memory: 46.71,25124
Running FIXNM with kPathN for N=10000, sparsity=3, k=20, seed=1729...
      Average Passes: 2.0, Time/Memory: 40.55,26540
Running FIXNM with kPathN for N=10000, sparsity=3, k=25, seed=1729...
      Average Passes: 2.0, Time/Memory: 41.64,31744
Running FIXNM with kPathN for N=10000, sparsity=3, k=30, seed=1729...
      Average Passes: 2.0, Time/Memory: 43.30,36288
Running FIXNM with kPathN for N=10000, sparsity=3, k=35, seed=1729...
      Average Passes: 2.0, Time/Memory: 46.04,41168
Running FIXNM with kPathN for N=10000, sparsity=3, k=40, seed=1729...
      Average Passes: 2.0, Time/Memory: 44.38,45848
Running FIXNM with kPathN for N=10000, sparsity=3, k=50, seed=1729...
      Average Passes: 2.0, Time/Memory: 46.80,55160
Running FIXNM with kPathN for N=10000, sparsity=3, k=75, seed=1729...
      Average Passes: 2.0, Time/Memory: 53.86,78552
Running FIXNM with kPathN for N=10000, sparsity=3, k=100, seed=1729...
      Average Passes: 1.0, Time/Memory: 21.19,91996
Running FIXNM with kPathN for N=10000, sparsity=3, k=250, seed=1729...
      Average Passes: 1.0, Time/Memory: 21.00,91940
Running FIXNM with kPathN for N=10000, sparsity=3, k=500, seed=1729...
      Average Passes: 1.0, Time/Memory: 21.44,92004
Running FIXNM with kPathN for N=10000, sparsity=3, k=750, seed=1729...
      Average Passes: 1.0, Time/Memory: 22.26,91832
Running FIXNM with kPathN for N=10000, sparsity=3, k=1000, seed=1729...
      Average Passes: 1.0, Time/Memory: 23.60,92088
Running FIXNM with kPathN for N=10000, sparsity=3, k=2500, seed=1729...
      Average Passes: 1.0, Time/Memory: 21.13,91940
Running FIXNM with kPathN for N=10000, sparsity=3, k=5000, seed=1729...
      Average Passes: 1.0, Time/Memory: 22.12,91880
Running FIXNM with kPathN for N=10000, sparsity=3, k=7500, seed=1729...
      Average Passes: 1.0, Time/Memory: 25.25,92004
Running FIXNM with kPathN for N=10000, sparsity=3, k=10000, seed=1729...
      Average Passes: 1.0, Time/Memory: 24.61,92008
Running FIXNM with kLev0 for N=10000, sparsity=3, k=1, seed=1729...
      Average Passes: 3.84, Time/Memory: 111.04,8640
Running FIXNM with kLev0 for N=10000, sparsity=3, k=2, seed=1729...
      Average Passes: 3.84, Time/Memory: 111.13,9212
Running FIXNM with kLev0 for N=10000, sparsity=3, k=3, seed=1729...
      Average Passes: 3.84, Time/Memory: 103.92,9072
Running FIXNM with kLev0 for N=10000, sparsity=3, k=4, seed=1729...
      Average Passes: 3.85, Time/Memory: 113.39,8740
Running FIXNM with kLev0 for N=10000, sparsity=3, k=5, seed=1729...
      Average Passes: 3.84, Time/Memory: 107.11,9324
Running FIXNM with kLev0 for N=10000, sparsity=3, k=6, seed=1729...
      Average Passes: 3.84, Time/Memory: 104.83,8700
Running FIXNM with kLev0 for N=10000, sparsity=3, k=7, seed=1729...
      Average Passes: 3.84, Time/Memory: 104.89,8736
Running FIXNM with kLev0 for N=10000, sparsity=3, k=8, seed=1729...
      Average Passes: 3.83, Time/Memory: 107.38,9244
Running FIXNM with kLev0 for N=10000, sparsity=3, k=9, seed=1729...
      Average Passes: 3.83, Time/Memory: 105.00,8860
Running FIXNM with kLev0 for N=10000, sparsity=3, k=10, seed=1729...
      Average Passes: 3.83, Time/Memory: 107.80,8768
Running FIXNM with kLev0 for N=10000, sparsity=3, k=12, seed=1729...
      Average Passes: 3.83, Time/Memory: 128.81,9284
Running FIXNM with kLev0 for N=10000, sparsity=3, k=14, seed=1729...
      Average Passes: 3.83, Time/Memory: 109.89,8764
Running FIXNM with kLev0 for N=10000, sparsity=3, k=16, seed=1729...
      Average Passes: 3.81, Time/Memory: 103.88,8860
Running FIXNM with kLev0 for N=10000, sparsity=3, k=18, seed=1729...
      Average Passes: 3.81, Time/Memory: 103.30,8920
Running FIXNM with kLev0 for N=10000, sparsity=3, k=20, seed=1729...
      Average Passes: 3.82, Time/Memory: 103.66,8872
Running FIXNM with kLev0 for N=10000, sparsity=3, k=25, seed=1729...
      Average Passes: 3.8, Time/Memory: 103.51,9060
Running FIXNM with kLev0 for N=10000, sparsity=3, k=30, seed=1729...
      Average Passes: 3.79, Time/Memory: 102.88,8892
Running FIXNM with kLev0 for N=10000, sparsity=3, k=35, seed=1729...
      Average Passes: 3.79, Time/Memory: 104.24,8796
Running FIXNM with kLev0 for N=10000, sparsity=3, k=40, seed=1729...
      Average Passes: 3.79, Time/Memory: 104.31,8924
Running FIXNM with kLev0 for N=10000, sparsity=3, k=50, seed=1729...
      Average Passes: 3.8, Time/Memory: 103.60,9156
Running FIXNM with kLev0 for N=10000, sparsity=3, k=75, seed=1729...
      Average Passes: 3.83, Time/Memory: 113.73,9264
Running FIXNM with kLev0 for N=10000, sparsity=3, k=100, seed=1729...
      Average Passes: 3.85, Time/Memory: 118.17,9352
Running FIXNM with kLev0 for N=10000, sparsity=3, k=250, seed=1729...
      Average Passes: 3.86, Time/Memory: 115.77,10060
Running FIXNM with kLev0 for N=10000, sparsity=3, k=500, seed=1729...
      Average Passes: 3.85, Time/Memory: 109.55,11096
Running FIXNM with kLev0 for N=10000, sparsity=3, k=750, seed=1729...
      Average Passes: 3.8, Time/Memory: 107.06,12872
Running FIXNM with kLev0 for N=10000, sparsity=3, k=1000, seed=1729...
      Average Passes: 3.74, Time/Memory: 107.91,13940
Running FIXNM with kLev0 for N=10000, sparsity=3, k=2500, seed=1729...
      Average Passes: 3.88, Time/Memory: 113.47,21704
Running FIXNM with kLev0 for N=10000, sparsity=3, k=5000, seed=1729...
      Average Passes: 3.0, Time/Memory: 93.08,31384
Running FIXNM with kLev0 for N=10000, sparsity=3, k=7500, seed=1729...
      Average Passes: 3.0, Time/Memory: 97.77,37112
Running FIXNM with kLev0 for N=10000, sparsity=3, k=10000, seed=1729...
      Average Passes: 2.0, Time/Memory: 70.91,38880
Running FIXNM with kLevN for N=10000, sparsity=3, k=1, seed=1729...
      Average Passes: 2.0, Time/Memory: 66.13,9248
Running FIXNM with kLevN for N=10000, sparsity=3, k=2, seed=1729...
      Average Passes: 2.0, Time/Memory: 63.96,10232
Running FIXNM with kLevN for N=10000, sparsity=3, k=3, seed=1729...
      Average Passes: 1.99, Time/Memory: 59.52,10788
Running FIXNM with kLevN for N=10000, sparsity=3, k=4, seed=1729...
      Average Passes: 1.62, Time/Memory: 52.59,11548
Running FIXNM with kLevN for N=10000, sparsity=3, k=5, seed=1729...
      Average Passes: 1.17, Time/Memory: 47.59,12848
Running FIXNM with kLevN for N=10000, sparsity=3, k=6, seed=1729...
      Average Passes: 1.01, Time/Memory: 44.27,13060
Running FIXNM with kLevN for N=10000, sparsity=3, k=7, seed=1729...
      Average Passes: 1.0, Time/Memory: 40.81,13504
Running FIXNM with kLevN for N=10000, sparsity=3, k=8, seed=1729...
      Average Passes: 1.0, Time/Memory: 40.58,13392
Running FIXNM with kLevN for N=10000, sparsity=3, k=9, seed=1729...
      Average Passes: 1.0, Time/Memory: 40.44,13388
Running FIXNM with kLevN for N=10000, sparsity=3, k=10, seed=1729...
      Average Passes: 1.0, Time/Memory: 40.88,13396
Running FIXNM with kLevN for N=10000, sparsity=3, k=12, seed=1729...
      Average Passes: 1.0, Time/Memory: 40.05,13328
Running FIXNM with kLevN for N=10000, sparsity=3, k=14, seed=1729...
      Average Passes: 1.0, Time/Memory: 42.48,13420
Running FIXNM with kLevN for N=10000, sparsity=3, k=16, seed=1729...
      Average Passes: 1.0, Time/Memory: 42.73,13512
Running FIXNM with kLevN for N=10000, sparsity=3, k=18, seed=1729...
      Average Passes: 1.0, Time/Memory: 41.43,13488
Running FIXNM with kLevN for N=10000, sparsity=3, k=20, seed=1729...
      Average Passes: 1.0, Time/Memory: 40.63,13472
Running FIXNM with kLevN for N=10000, sparsity=3, k=25, seed=1729...
      Average Passes: 1.0, Time/Memory: 41.48,13388
Running FIXNM with kLevN for N=10000, sparsity=3, k=30, seed=1729...
      Average Passes: 1.0, Time/Memory: 45.73,13516
Running FIXNM with kLevN for N=10000, sparsity=3, k=35, seed=1729...
      Average Passes: 1.0, Time/Memory: 43.43,13324
Running FIXNM with kLevN for N=10000, sparsity=3, k=40, seed=1729...
      Average Passes: 1.0, Time/Memory: 41.74,13392
Running FIXNM with kLevN for N=10000, sparsity=3, k=50, seed=1729...
      Average Passes: 1.0, Time/Memory: 40.64,13472
Running FIXNM with kLevN for N=10000, sparsity=3, k=75, seed=1729...
      Average Passes: 1.0, Time/Memory: 44.31,13308
Running FIXNM with kLevN for N=10000, sparsity=3, k=100, seed=1729...
      Average Passes: 1.0, Time/Memory: 21.48,91904
Running FIXNM with kLevN for N=10000, sparsity=3, k=250, seed=1729...
      Average Passes: 1.0, Time/Memory: 20.78,91992
Running FIXNM with kLevN for N=10000, sparsity=3, k=500, seed=1729...
      Average Passes: 1.0, Time/Memory: 21.14,92000
Running FIXNM with kLevN for N=10000, sparsity=3, k=750, seed=1729...
      Average Passes: 1.0, Time/Memory: 23.96,91832
Running FIXNM with kLevN for N=10000, sparsity=3, k=1000, seed=1729...
      Average Passes: 1.0, Time/Memory: 21.74,92052
Running FIXNM with kLevN for N=10000, sparsity=3, k=2500, seed=1729...
      Average Passes: 1.0, Time/Memory: 21.49,91932
Running FIXNM with kLevN for N=10000, sparsity=3, k=5000, seed=1729...
      Average Passes: 1.0, Time/Memory: 21.38,92040
Running FIXNM with kLevN for N=10000, sparsity=3, k=7500, seed=1729...
      Average Passes: 1.0, Time/Memory: 21.33,91940
Running FIXNM with kLevN for N=10000, sparsity=3, k=10000, seed=1729...
      Average Passes: 1.0, Time/Memory: 20.60,91832
