Graph already exists at: ./input/random_graphs/graph_10000_132877_UNIFORM_6230961512046992312.txt
Graph already exists at: ./input/random_graphs/graph_10000_132877_UNIFORM_7871178979383552920.txt
Graph already exists at: ./input/random_graphs/graph_10000_132877_UNIFORM_5739955973604961614.txt
Graph already exists at: ./input/random_graphs/graph_10000_132877_UNIFORM_3881801951614183358.txt
Graph already exists at: ./input/random_graphs/graph_10000_132877_UNIFORM_7032710160631691992.txt
Graph already exists at: ./input/random_graphs/graph_10000_132877_UNIFORM_7599700178212337700.txt
Graph already exists at: ./input/random_graphs/graph_10000_132877_UNIFORM_1353182403971399009.txt
Graph already exists at: ./input/random_graphs/graph_10000_132877_UNIFORM_1070244953599069350.txt
Graph already exists at: ./input/random_graphs/graph_10000_132877_UNIFORM_6522163754831416204.txt
Graph already exists at: ./input/random_graphs/graph_10000_132877_UNIFORM_6938562734920028533.txt
Graph already exists at: ./input/random_graphs/graph_10000_132877_UNIFORM_4040737767143389431.txt
Graph already exists at: ./input/random_graphs/graph_10000_132877_UNIFORM_1250005700364523650.txt
Graph already exists at: ./input/random_graphs/graph_10000_132877_UNIFORM_1309542850049879453.txt
Graph already exists at: ./input/random_graphs/graph_10000_132877_UNIFORM_2429002973740178792.txt
Graph already exists at: ./input/random_graphs/graph_10000_132877_UNIFORM_7663871783842725849.txt
Graph already exists at: ./input/random_graphs/graph_10000_132877_UNIFORM_320375091487821988.txt
Graph already exists at: ./input/random_graphs/graph_10000_132877_UNIFORM_5906957480796939448.txt
Graph already exists at: ./input/random_graphs/graph_10000_132877_UNIFORM_1250773459040295677.txt
Graph already exists at: ./input/random_graphs/graph_10000_132877_UNIFORM_7146860528564146065.txt
Graph already exists at: ./input/random_graphs/graph_10000_132877_UNIFORM_3438400432146115956.txt
Graph already exists at: ./input/random_graphs/graph_10000_132877_UNIFORM_7473196763798409429.txt
Graph already exists at: ./input/random_graphs/graph_10000_132877_UNIFORM_5139481885857321792.txt
Graph already exists at: ./input/random_graphs/graph_10000_132877_UNIFORM_5142811650494845598.txt
Graph already exists at: ./input/random_graphs/graph_10000_132877_UNIFORM_3010622984418968409.txt
Graph already exists at: ./input/random_graphs/graph_10000_132877_UNIFORM_6002685213311538188.txt
Graph already exists at: ./input/random_graphs/graph_10000_132877_UNIFORM_5708372698381010776.txt
Graph already exists at: ./input/random_graphs/graph_10000_132877_UNIFORM_521787134863155064.txt
Graph already exists at: ./input/random_graphs/graph_10000_132877_UNIFORM_1731523882129807996.txt
Graph already exists at: ./input/random_graphs/graph_10000_132877_UNIFORM_1853590723603270880.txt
Graph already exists at: ./input/random_graphs/graph_10000_132877_UNIFORM_7029781962072644699.txt
Graph already exists at: ./input/random_graphs/graph_10000_132877_UNIFORM_6785030173969523436.txt
Graph already exists at: ./input/random_graphs/graph_10000_132877_UNIFORM_5529616217668449935.txt
Graph already exists at: ./input/random_graphs/graph_10000_132877_UNIFORM_1024517563182776984.txt
Graph already exists at: ./input/random_graphs/graph_10000_132877_UNIFORM_3224265581699847191.txt
Graph already exists at: ./input/random_graphs/graph_10000_132877_UNIFORM_5258051056098597522.txt
Graph already exists at: ./input/random_graphs/graph_10000_132877_UNIFORM_1647170069535670910.txt
Graph already exists at: ./input/random_graphs/graph_10000_132877_UNIFORM_4122784633514911761.txt
Graph already exists at: ./input/random_graphs/graph_10000_132877_UNIFORM_7706236040662210849.txt
Graph already exists at: ./input/random_graphs/graph_10000_132877_UNIFORM_824387247617288499.txt
Graph already exists at: ./input/random_graphs/graph_10000_132877_UNIFORM_1632192924771168275.txt
Graph already exists at: ./input/random_graphs/graph_10000_132877_UNIFORM_7161906730445628484.txt
Graph already exists at: ./input/random_graphs/graph_10000_132877_UNIFORM_6802378520969450158.txt
Graph already exists at: ./input/random_graphs/graph_10000_132877_UNIFORM_4552998297316576789.txt
Graph already exists at: ./input/random_graphs/graph_10000_132877_UNIFORM_8031431416522537102.txt
Graph already exists at: ./input/random_graphs/graph_10000_132877_UNIFORM_6143643868734370810.txt
Graph already exists at: ./input/random_graphs/graph_10000_132877_UNIFORM_3272308573967577038.txt
Graph already exists at: ./input/random_graphs/graph_10000_132877_UNIFORM_5636411189175451025.txt
Graph already exists at: ./input/random_graphs/graph_10000_132877_UNIFORM_5349491008325879065.txt
Graph already exists at: ./input/random_graphs/graph_10000_132877_UNIFORM_6614505080519948833.txt
Graph already exists at: ./input/random_graphs/graph_10000_132877_UNIFORM_7938560551762094561.txt
Graph already exists at: ./input/random_graphs/graph_10000_132877_UNIFORM_7917045922527545891.txt
Graph already exists at: ./input/random_graphs/graph_10000_132877_UNIFORM_4445925461710302878.txt
Graph already exists at: ./input/random_graphs/graph_10000_132877_UNIFORM_3865339568260874865.txt
Graph already exists at: ./input/random_graphs/graph_10000_132877_UNIFORM_7921282862123281599.txt
Graph already exists at: ./input/random_graphs/graph_10000_132877_UNIFORM_6224222471595207696.txt
Graph already exists at: ./input/random_graphs/graph_10000_132877_UNIFORM_1128313391724783138.txt
Graph already exists at: ./input/random_graphs/graph_10000_132877_UNIFORM_716820155901718944.txt
Graph already exists at: ./input/random_graphs/graph_10000_132877_UNIFORM_8718380604043999643.txt
Graph already exists at: ./input/random_graphs/graph_10000_132877_UNIFORM_5063475852268941543.txt
Graph already exists at: ./input/random_graphs/graph_10000_132877_UNIFORM_4997514996153925448.txt
Graph already exists at: ./input/random_graphs/graph_10000_132877_UNIFORM_8446481348147407378.txt
Graph already exists at: ./input/random_graphs/graph_10000_132877_UNIFORM_3817405844514670994.txt
Graph already exists at: ./input/random_graphs/graph_10000_132877_UNIFORM_6529943913552561418.txt
Graph already exists at: ./input/random_graphs/graph_10000_132877_UNIFORM_2909934787168262408.txt
Graph already exists at: ./input/random_graphs/graph_10000_132877_UNIFORM_1170385908854608748.txt
Graph already exists at: ./input/random_graphs/graph_10000_132877_UNIFORM_6022436717541034637.txt
Graph already exists at: ./input/random_graphs/graph_10000_132877_UNIFORM_199422815561151340.txt
Graph already exists at: ./input/random_graphs/graph_10000_132877_UNIFORM_3713827327871807734.txt
Graph already exists at: ./input/random_graphs/graph_10000_132877_UNIFORM_175493991617213851.txt
Graph already exists at: ./input/random_graphs/graph_10000_132877_UNIFORM_5108599054664628608.txt
Graph already exists at: ./input/random_graphs/graph_10000_132877_UNIFORM_6764066939395682288.txt
Graph already exists at: ./input/random_graphs/graph_10000_132877_UNIFORM_9130666990809746336.txt
Graph already exists at: ./input/random_graphs/graph_10000_132877_UNIFORM_7644420139408884786.txt
Graph already exists at: ./input/random_graphs/graph_10000_132877_UNIFORM_1458186392400727732.txt
Graph already exists at: ./input/random_graphs/graph_10000_132877_UNIFORM_1392892770529522614.txt
Graph already exists at: ./input/random_graphs/graph_10000_132877_UNIFORM_9060210648189963450.txt
Graph already exists at: ./input/random_graphs/graph_10000_132877_UNIFORM_4250897495980125004.txt
Graph already exists at: ./input/random_graphs/graph_10000_132877_UNIFORM_8794274795737982183.txt
Graph already exists at: ./input/random_graphs/graph_10000_132877_UNIFORM_2089506265998900862.txt
Graph already exists at: ./input/random_graphs/graph_10000_132877_UNIFORM_5497874167834979554.txt
Graph already exists at: ./input/random_graphs/graph_10000_132877_UNIFORM_4060584409398689269.txt
Graph already exists at: ./input/random_graphs/graph_10000_132877_UNIFORM_1332005502874566195.txt
Graph already exists at: ./input/random_graphs/graph_10000_132877_UNIFORM_1722224698700348310.txt
Graph already exists at: ./input/random_graphs/graph_10000_132877_UNIFORM_8626102704817790065.txt
Graph already exists at: ./input/random_graphs/graph_10000_132877_UNIFORM_7905487461282246980.txt
Graph already exists at: ./input/random_graphs/graph_10000_132877_UNIFORM_8448596294177070023.txt
Graph already exists at: ./input/random_graphs/graph_10000_132877_UNIFORM_4795749165124911769.txt
Graph already exists at: ./input/random_graphs/graph_10000_132877_UNIFORM_4934890601268679177.txt
Graph already exists at: ./input/random_graphs/graph_10000_132877_UNIFORM_1992204328026194281.txt
Graph already exists at: ./input/random_graphs/graph_10000_132877_UNIFORM_7118744415197196277.txt
Graph already exists at: ./input/random_graphs/graph_10000_132877_UNIFORM_2718103348384927512.txt
Graph already exists at: ./input/random_graphs/graph_10000_132877_UNIFORM_9059990922233379853.txt
Graph already exists at: ./input/random_graphs/graph_10000_132877_UNIFORM_7449662661572224355.txt
Graph already exists at: ./input/random_graphs/graph_10000_132877_UNIFORM_3221421291694197221.txt
Graph already exists at: ./input/random_graphs/graph_10000_132877_UNIFORM_8867616339855336877.txt
Graph already exists at: ./input/random_graphs/graph_10000_132877_UNIFORM_5894893360759659424.txt
Graph already exists at: ./input/random_graphs/graph_10000_132877_UNIFORM_7983805977214098675.txt
Graph already exists at: ./input/random_graphs/graph_10000_132877_UNIFORM_4940913311242578591.txt
Graph already exists at: ./input/random_graphs/graph_10000_132877_UNIFORM_2264398621601381988.txt
Graph already exists at: ./input/random_graphs/graph_10000_132877_UNIFORM_7632458674696225363.txt
Running VARK with 100 iterations, for N = 10,000 and sparsity code 2 for k from 1 to N and seed token 1729
Generating 100 graph(s) with N=10000, sparsity=2, seed=1729...
Running FIXNM with kPath0 for N=10000, sparsity=2, k=1, seed=1729...
      Average Passes: 124.39, Time/Memory: 360.70,8576
Running FIXNM with kPath0 for N=10000, sparsity=2, k=2, seed=1729...
      Average Passes: 11.95, Time/Memory: 35.40,9252
Running FIXNM with kPath0 for N=10000, sparsity=2, k=3, seed=1729...
      Average Passes: 4.0, Time/Memory: 12.94,10256
Running FIXNM with kPath0 for N=10000, sparsity=2, k=4, seed=1729...
      Average Passes: 4.0, Time/Memory: 13.02,11308
Running FIXNM with kPath0 for N=10000, sparsity=2, k=5, seed=1729...
      Average Passes: 3.0, Time/Memory: 9.68,12772
Running FIXNM with kPath0 for N=10000, sparsity=2, k=6, seed=1729...
      Average Passes: 3.0, Time/Memory: 9.37,13308
Running FIXNM with kPath0 for N=10000, sparsity=2, k=7, seed=1729...
      Average Passes: 3.0, Time/Memory: 9.20,14232
Running FIXNM with kPath0 for N=10000, sparsity=2, k=8, seed=1729...
      Average Passes: 3.0, Time/Memory: 9.63,15356
Running FIXNM with kPath0 for N=10000, sparsity=2, k=9, seed=1729...
      Average Passes: 3.0, Time/Memory: 10.23,16368
Running FIXNM with kPath0 for N=10000, sparsity=2, k=10, seed=1729...
      Average Passes: 3.0, Time/Memory: 10.04,17060
Running FIXNM with kPath0 for N=10000, sparsity=2, k=12, seed=1729...
      Average Passes: 3.0, Time/Memory: 11.59,19120
Running FIXNM with kPath0 for N=10000, sparsity=2, k=14, seed=1729...
      Average Passes: 3.0, Time/Memory: 12.45,21044
Running FIXNM with kPath0 for N=10000, sparsity=2, k=16, seed=1729...
      Average Passes: 2.0, Time/Memory: 7.80,21276
Running FIXNM with kPath0 for N=10000, sparsity=2, k=18, seed=1729...
      Average Passes: 2.0, Time/Memory: 9.17,21280
Running FIXNM with kPath0 for N=10000, sparsity=2, k=20, seed=1729...
      Average Passes: 2.0, Time/Memory: 8.43,21372
Running FIXNM with kPath0 for N=10000, sparsity=2, k=25, seed=1729...
      Average Passes: 2.0, Time/Memory: 7.75,21220
Running FIXNM with kPath0 for N=10000, sparsity=2, k=30, seed=1729...
      Average Passes: 2.0, Time/Memory: 8.17,21436
Running FIXNM with kPath0 for N=10000, sparsity=2, k=35, seed=1729...
      Average Passes: 2.0, Time/Memory: 8.47,21372
Running FIXNM with kPath0 for N=10000, sparsity=2, k=40, seed=1729...
      Average Passes: 2.0, Time/Memory: 9.05,21296
Running FIXNM with kPath0 for N=10000, sparsity=2, k=50, seed=1729...
      Average Passes: 2.0, Time/Memory: 8.64,21404
Running FIXNM with kPath0 for N=10000, sparsity=2, k=75, seed=1729...
      Average Passes: 2.0, Time/Memory: 8.12,21224
Running FIXNM with kPath0 for N=10000, sparsity=2, k=100, seed=1729...
      Average Passes: 2.0, Time/Memory: 8.35,21272
Running FIXNM with kPath0 for N=10000, sparsity=2, k=250, seed=1729...
      Average Passes: 2.0, Time/Memory: 7.59,21416
Running FIXNM with kPath0 for N=10000, sparsity=2, k=500, seed=1729...
      Average Passes: 2.0, Time/Memory: 9.07,21420
Running FIXNM with kPath0 for N=10000, sparsity=2, k=750, seed=1729...
      Average Passes: 2.0, Time/Memory: 7.66,21404
Running FIXNM with kPath0 for N=10000, sparsity=2, k=1000, seed=1729...
      Average Passes: 2.0, Time/Memory: 7.67,21368
Running FIXNM with kPath0 for N=10000, sparsity=2, k=2500, seed=1729...
      Average Passes: 2.0, Time/Memory: 9.31,21376
Running FIXNM with kPath0 for N=10000, sparsity=2, k=5000, seed=1729...
      Average Passes: 2.0, Time/Memory: 7.72,21360
Running FIXNM with kPath0 for N=10000, sparsity=2, k=7500, seed=1729...
      Average Passes: 2.0, Time/Memory: 8.77,21224
Running FIXNM with kPath0 for N=10000, sparsity=2, k=10000, seed=1729...
      Average Passes: 2.0, Time/Memory: 8.33,21304
Running FIXNM with kPathN for N=10000, sparsity=2, k=1, seed=1729...
      Average Passes: 44.6, Time/Memory: 146.05,9420
Running FIXNM with kPathN for N=10000, sparsity=2, k=2, seed=1729...
      Average Passes: 3.0, Time/Memory: 9.53,9768
Running FIXNM with kPathN for N=10000, sparsity=2, k=3, seed=1729...
      Average Passes: 2.0, Time/Memory: 7.65,10616
Running FIXNM with kPathN for N=10000, sparsity=2, k=4, seed=1729...
      Average Passes: 2.0, Time/Memory: 6.35,11824
Running FIXNM with kPathN for N=10000, sparsity=2, k=5, seed=1729...
      Average Passes: 2.0, Time/Memory: 7.57,12632
Running FIXNM with kPathN for N=10000, sparsity=2, k=6, seed=1729...
      Average Passes: 2.0, Time/Memory: 7.31,13816
Running FIXNM with kPathN for N=10000, sparsity=2, k=7, seed=1729...
      Average Passes: 2.0, Time/Memory: 7.40,14788
Running FIXNM with kPathN for N=10000, sparsity=2, k=8, seed=1729...
      Average Passes: 2.0, Time/Memory: 7.32,15768
Running FIXNM with kPathN for N=10000, sparsity=2, k=9, seed=1729...
      Average Passes: 2.0, Time/Memory: 8.39,16664
Running FIXNM with kPathN for N=10000, sparsity=2, k=10, seed=1729...
      Average Passes: 2.0, Time/Memory: 7.74,17456
Running FIXNM with kPathN for N=10000, sparsity=2, k=12, seed=1729...
      Average Passes: 2.0, Time/Memory: 9.59,19456
Running FIXNM with kPathN for N=10000, sparsity=2, k=14, seed=1729...
      Average Passes: 1.0, Time/Memory: 3.25,76288
Running FIXNM with kPathN for N=10000, sparsity=2, k=16, seed=1729...
      Average Passes: 1.0, Time/Memory: 3.54,76212
Running FIXNM with kPathN for N=10000, sparsity=2, k=18, seed=1729...
      Average Passes: 1.0, Time/Memory: 3.03,76316
Running FIXNM with kPathN for N=10000, sparsity=2, k=20, seed=1729...
      Average Passes: 1.0, Time/Memory: 3.67,76284
Running FIXNM with kPathN for N=10000, sparsity=2, k=25, seed=1729...
      Average Passes: 1.0, Time/Memory: 3.44,76300
Running FIXNM with kPathN for N=10000, sparsity=2, k=30, seed=1729...
      Average Passes: 1.0, Time/Memory: 3.18,76304
Running FIXNM with kPathN for N=10000, sparsity=2, k=35, seed=1729...
      Average Passes: 1.0, Time/Memory: 3.67,76340
Running FIXNM with kPathN for N=10000, sparsity=2, k=40, seed=1729...
      Average Passes: 1.0, Time/Memory: 3.34,76352
Running FIXNM with kPathN for N=10000, sparsity=2, k=50, seed=1729...
      Average Passes: 1.0, Time/Memory: 3.76,76304
Running FIXNM with kPathN for N=10000, sparsity=2, k=75, seed=1729...
      Average Passes: 1.0, Time/Memory: 3.77,76172
Running FIXNM with kPathN for N=10000, sparsity=2, k=100, seed=1729...
      Average Passes: 1.0, Time/Memory: 3.72,76216
Running FIXNM with kPathN for N=10000, sparsity=2, k=250, seed=1729...
      Average Passes: 1.0, Time/Memory: 3.26,76324
Running FIXNM with kPathN for N=10000, sparsity=2, k=500, seed=1729...
      Average Passes: 1.0, Time/Memory: 3.32,76288
Running FIXNM with kPathN for N=10000, sparsity=2, k=750, seed=1729...
      Average Passes: 1.0, Time/Memory: 3.42,76320
Running FIXNM with kPathN for N=10000, sparsity=2, k=1000, seed=1729...
      Average Passes: 1.0, Time/Memory: 4.15,76340
Running FIXNM with kPathN for N=10000, sparsity=2, k=2500, seed=1729...
      Average Passes: 1.0, Time/Memory: 3.82,76316
Running FIXNM with kPathN for N=10000, sparsity=2, k=5000, seed=1729...
      Average Passes: 1.0, Time/Memory: 3.86,76284
Running FIXNM with kPathN for N=10000, sparsity=2, k=7500, seed=1729...
      Average Passes: 1.0, Time/Memory: 3.42,76320
Running FIXNM with kPathN for N=10000, sparsity=2, k=10000, seed=1729...
      Average Passes: 1.0, Time/Memory: 3.46,76172
Running FIXNM with kLev0 for N=10000, sparsity=2, k=1, seed=1729...
      Average Passes: 4.07, Time/Memory: 20.93,9044
Running FIXNM with kLev0 for N=10000, sparsity=2, k=2, seed=1729...
      Average Passes: 4.07, Time/Memory: 21.24,8784
Running FIXNM with kLev0 for N=10000, sparsity=2, k=3, seed=1729...
      Average Passes: 4.07, Time/Memory: 18.49,8688
Running FIXNM with kLev0 for N=10000, sparsity=2, k=4, seed=1729...
      Average Passes: 4.06, Time/Memory: 19.61,8636
Running FIXNM with kLev0 for N=10000, sparsity=2, k=5, seed=1729...
      Average Passes: 4.07, Time/Memory: 20.00,8836
Running FIXNM with kLev0 for N=10000, sparsity=2, k=6, seed=1729...
      Average Passes: 4.07, Time/Memory: 20.31,8576
Running FIXNM with kLev0 for N=10000, sparsity=2, k=7, seed=1729...
      Average Passes: 4.07, Time/Memory: 19.57,8704
Running FIXNM with kLev0 for N=10000, sparsity=2, k=8, seed=1729...
      Average Passes: 4.08, Time/Memory: 19.22,8592
Running FIXNM with kLev0 for N=10000, sparsity=2, k=9, seed=1729...
      Average Passes: 4.08, Time/Memory: 20.23,8576
Running FIXNM with kLev0 for N=10000, sparsity=2, k=10, seed=1729...
      Average Passes: 4.09, Time/Memory: 19.30,9080
Running FIXNM with kLev0 for N=10000, sparsity=2, k=12, seed=1729...
      Average Passes: 4.08, Time/Memory: 20.27,9124
Running FIXNM with kLev0 for N=10000, sparsity=2, k=14, seed=1729...
      Average Passes: 4.08, Time/Memory: 19.63,8540
Running FIXNM with kLev0 for N=10000, sparsity=2, k=16, seed=1729...
      Average Passes: 4.08, Time/Memory: 19.18,8648
Running FIXNM with kLev0 for N=10000, sparsity=2, k=18, seed=1729...
      Average Passes: 4.08, Time/Memory: 20.54,8856
Running FIXNM with kLev0 for N=10000, sparsity=2, k=20, seed=1729...
      Average Passes: 4.07, Time/Memory: 19.04,8852
Running FIXNM with kLev0 for N=10000, sparsity=2, k=25, seed=1729...
      Average Passes: 4.06, Time/Memory: 19.46,9080
Running FIXNM with kLev0 for N=10000, sparsity=2, k=30, seed=1729...
      Average Passes: 4.06, Time/Memory: 20.80,8996
Running FIXNM with kLev0 for N=10000, sparsity=2, k=35, seed=1729...
      Average Passes: 4.04, Time/Memory: 19.70,8768
Running FIXNM with kLev0 for N=10000, sparsity=2, k=40, seed=1729...
      Average Passes: 4.05, Time/Memory: 19.42,8732
Running FIXNM with kLev0 for N=10000, sparsity=2, k=50, seed=1729...
      Average Passes: 4.03, Time/Memory: 21.44,8800
Running FIXNM with kLev0 for N=10000, sparsity=2, k=75, seed=1729...
      Average Passes: 4.02, Time/Memory: 21.54,8748
Running FIXNM with kLev0 for N=10000, sparsity=2, k=100, seed=1729...
      Average Passes: 4.01, Time/Memory: 19.02,8772
Running FIXNM with kLev0 for N=10000, sparsity=2, k=250, seed=1729...
      Average Passes: 4.0, Time/Memory: 21.40,8772
Running FIXNM with kLev0 for N=10000, sparsity=2, k=500, seed=1729...
      Average Passes: 4.0, Time/Memory: 20.82,9032
Running FIXNM with kLev0 for N=10000, sparsity=2, k=750, seed=1729...
      Average Passes: 4.0, Time/Memory: 20.12,9032
Running FIXNM with kLev0 for N=10000, sparsity=2, k=1000, seed=1729...
      Average Passes: 3.99, Time/Memory: 20.33,9372
Running FIXNM with kLev0 for N=10000, sparsity=2, k=2500, seed=1729...
      Average Passes: 4.0, Time/Memory: 19.93,9960
Running FIXNM with kLev0 for N=10000, sparsity=2, k=5000, seed=1729...
      Average Passes: 3.0, Time/Memory: 17.78,11372
Running FIXNM with kLev0 for N=10000, sparsity=2, k=7500, seed=1729...
      Average Passes: 3.0, Time/Memory: 16.46,12052
Running FIXNM with kLev0 for N=10000, sparsity=2, k=10000, seed=1729...
      Average Passes: 2.0, Time/Memory: 14.13,12076
Running FIXNM with kLevN for N=10000, sparsity=2, k=1, seed=1729...
      Average Passes: 2.34, Time/Memory: 15.25,9464
Running FIXNM with kLevN for N=10000, sparsity=2, k=2, seed=1729...
      Average Passes: 2.0, Time/Memory: 13.92,10136
Running FIXNM with kLevN for N=10000, sparsity=2, k=3, seed=1729...
      Average Passes: 1.99, Time/Memory: 13.84,10592
Running FIXNM with kLevN for N=10000, sparsity=2, k=4, seed=1729...
      Average Passes: 1.62, Time/Memory: 13.80,12032
Running FIXNM with kLevN for N=10000, sparsity=2, k=5, seed=1729...
      Average Passes: 1.17, Time/Memory: 11.82,12384
Running FIXNM with kLevN for N=10000, sparsity=2, k=6, seed=1729...
      Average Passes: 1.01, Time/Memory: 11.61,13036
Running FIXNM with kLevN for N=10000, sparsity=2, k=7, seed=1729...
      Average Passes: 1.0, Time/Memory: 12.42,13424
Running FIXNM with kLevN for N=10000, sparsity=2, k=8, seed=1729...
      Average Passes: 1.0, Time/Memory: 12.21,13392
Running FIXNM with kLevN for N=10000, sparsity=2, k=9, seed=1729...
      Average Passes: 1.0, Time/Memory: 12.08,13448
Running FIXNM with kLevN for N=10000, sparsity=2, k=10, seed=1729...
      Average Passes: 1.0, Time/Memory: 12.28,13388
Running FIXNM with kLevN for N=10000, sparsity=2, k=12, seed=1729...
      Average Passes: 1.0, Time/Memory: 12.08,13296
Running FIXNM with kLevN for N=10000, sparsity=2, k=14, seed=1729...
      Average Passes: 1.0, Time/Memory: 3.33,76324
Running FIXNM with kLevN for N=10000, sparsity=2, k=16, seed=1729...
      Average Passes: 1.0, Time/Memory: 3.31,76308
Running FIXNM with kLevN for N=10000, sparsity=2, k=18, seed=1729...
      Average Passes: 1.0, Time/Memory: 3.12,76320
Running FIXNM with kLevN for N=10000, sparsity=2, k=20, seed=1729...
      Average Passes: 1.0, Time/Memory: 3.42,76212
Running FIXNM with kLevN for N=10000, sparsity=2, k=25, seed=1729...
      Average Passes: 1.0, Time/Memory: 4.06,76320
Running FIXNM with kLevN for N=10000, sparsity=2, k=30, seed=1729...
      Average Passes: 1.0, Time/Memory: 4.05,76340
Running FIXNM with kLevN for N=10000, sparsity=2, k=35, seed=1729...
      Average Passes: 1.0, Time/Memory: 3.83,76284
Running FIXNM with kLevN for N=10000, sparsity=2, k=40, seed=1729...
      Average Passes: 1.0, Time/Memory: 3.78,76316
Running FIXNM with kLevN for N=10000, sparsity=2, k=50, seed=1729...
      Average Passes: 1.0, Time/Memory: 3.67,76288
Running FIXNM with kLevN for N=10000, sparsity=2, k=75, seed=1729...
      Average Passes: 1.0, Time/Memory: 3.48,76292
Running FIXNM with kLevN for N=10000, sparsity=2, k=100, seed=1729...
      Average Passes: 1.0, Time/Memory: 3.85,76316
Running FIXNM with kLevN for N=10000, sparsity=2, k=250, seed=1729...
      Average Passes: 1.0, Time/Memory: 4.07,76456
Running FIXNM with kLevN for N=10000, sparsity=2, k=500, seed=1729...
      Average Passes: 1.0, Time/Memory: 3.59,76344
Running FIXNM with kLevN for N=10000, sparsity=2, k=750, seed=1729...
      Average Passes: 1.0, Time/Memory: 3.86,76320
Running FIXNM with kLevN for N=10000, sparsity=2, k=1000, seed=1729...
      Average Passes: 1.0, Time/Memory: 3.09,76296
Running FIXNM with kLevN for N=10000, sparsity=2, k=2500, seed=1729...
      Average Passes: 1.0, Time/Memory: 3.73,76316
Running FIXNM with kLevN for N=10000, sparsity=2, k=5000, seed=1729...
      Average Passes: 1.0, Time/Memory: 3.75,76316
Running FIXNM with kLevN for N=10000, sparsity=2, k=7500, seed=1729...
      Average Passes: 1.0, Time/Memory: 4.12,76296
Running FIXNM with kLevN for N=10000, sparsity=2, k=10000, seed=1729...
      Average Passes: 1.0, Time/Memory: 3.35,76320
