Graph already exists at: ./input/random_graphs/graph_1000_9965_UNIFORM_6230961512046992311.txt
Graph already exists at: ./input/random_graphs/graph_1000_9965_UNIFORM_7871178979383552919.txt
Graph already exists at: ./input/random_graphs/graph_1000_9965_UNIFORM_5739955973604961613.txt
Graph already exists at: ./input/random_graphs/graph_1000_9965_UNIFORM_3881801951614183357.txt
Graph already exists at: ./input/random_graphs/graph_1000_9965_UNIFORM_7032710160631691991.txt
Graph already exists at: ./input/random_graphs/graph_1000_9965_UNIFORM_7599700178212337699.txt
Graph already exists at: ./input/random_graphs/graph_1000_9965_UNIFORM_1353182403971399009.txt
Graph already exists at: ./input/random_graphs/graph_1000_9965_UNIFORM_1070244953599069350.txt
Graph already exists at: ./input/random_graphs/graph_1000_9965_UNIFORM_6522163754831416203.txt
Graph already exists at: ./input/random_graphs/graph_1000_9965_UNIFORM_6938562734920028532.txt
Graph already exists at: ./input/random_graphs/graph_1000_9965_UNIFORM_4040737767143389431.txt
Graph already exists at: ./input/random_graphs/graph_1000_9965_UNIFORM_1250005700364523649.txt
Graph already exists at: ./input/random_graphs/graph_1000_9965_UNIFORM_1309542850049879452.txt
Graph already exists at: ./input/random_graphs/graph_1000_9965_UNIFORM_2429002973740178792.txt
Graph already exists at: ./input/random_graphs/graph_1000_9965_UNIFORM_7663871783842725848.txt
Graph already exists at: ./input/random_graphs/graph_1000_9965_UNIFORM_320375091487821987.txt
Graph already exists at: ./input/random_graphs/graph_1000_9965_UNIFORM_5906957480796939447.txt
Graph already exists at: ./input/random_graphs/graph_1000_9965_UNIFORM_1250773459040295677.txt
Graph already exists at: ./input/random_graphs/graph_1000_9965_UNIFORM_7146860528564146064.txt
Graph already exists at: ./input/random_graphs/graph_1000_9965_UNIFORM_3438400432146115956.txt
Graph already exists at: ./input/random_graphs/graph_1000_9965_UNIFORM_7473196763798409428.txt
Graph already exists at: ./input/random_graphs/graph_1000_9965_UNIFORM_5139481885857321791.txt
Graph already exists at: ./input/random_graphs/graph_1000_9965_UNIFORM_5142811650494845597.txt
Graph already exists at: ./input/random_graphs/graph_1000_9965_UNIFORM_3010622984418968408.txt
Graph already exists at: ./input/random_graphs/graph_1000_9965_UNIFORM_6002685213311538187.txt
Graph already exists at: ./input/random_graphs/graph_1000_9965_UNIFORM_5708372698381010775.txt
Graph already exists at: ./input/random_graphs/graph_1000_9965_UNIFORM_521787134863155063.txt
Graph already exists at: ./input/random_graphs/graph_1000_9965_UNIFORM_1731523882129807996.txt
Graph already exists at: ./input/random_graphs/graph_1000_9965_UNIFORM_1853590723603270879.txt
Graph already exists at: ./input/random_graphs/graph_1000_9965_UNIFORM_7029781962072644698.txt
Graph already exists at: ./input/random_graphs/graph_1000_9965_UNIFORM_6785030173969523435.txt
Graph already exists at: ./input/random_graphs/graph_1000_9965_UNIFORM_5529616217668449934.txt
Graph already exists at: ./input/random_graphs/graph_1000_9965_UNIFORM_1024517563182776983.txt
Graph already exists at: ./input/random_graphs/graph_1000_9965_UNIFORM_3224265581699847191.txt
Graph already exists at: ./input/random_graphs/graph_1000_9965_UNIFORM_5258051056098597521.txt
Graph already exists at: ./input/random_graphs/graph_1000_9965_UNIFORM_1647170069535670909.txt
Graph already exists at: ./input/random_graphs/graph_1000_9965_UNIFORM_4122784633514911760.txt
Graph already exists at: ./input/random_graphs/graph_1000_9965_UNIFORM_7706236040662210848.txt
Graph already exists at: ./input/random_graphs/graph_1000_9965_UNIFORM_824387247617288499.txt
Graph already exists at: ./input/random_graphs/graph_1000_9965_UNIFORM_1632192924771168275.txt
Graph already exists at: ./input/random_graphs/graph_1000_9965_UNIFORM_7161906730445628483.txt
Graph already exists at: ./input/random_graphs/graph_1000_9965_UNIFORM_6802378520969450157.txt
Graph already exists at: ./input/random_graphs/graph_1000_9965_UNIFORM_4552998297316576788.txt
Graph already exists at: ./input/random_graphs/graph_1000_9965_UNIFORM_8031431416522537101.txt
Graph already exists at: ./input/random_graphs/graph_1000_9965_UNIFORM_6143643868734370809.txt
Graph already exists at: ./input/random_graphs/graph_1000_9965_UNIFORM_3272308573967577038.txt
Graph already exists at: ./input/random_graphs/graph_1000_9965_UNIFORM_5636411189175451024.txt
Graph already exists at: ./input/random_graphs/graph_1000_9965_UNIFORM_5349491008325879064.txt
Graph already exists at: ./input/random_graphs/graph_1000_9965_UNIFORM_6614505080519948832.txt
Graph already exists at: ./input/random_graphs/graph_1000_9965_UNIFORM_7938560551762094560.txt
Graph already exists at: ./input/random_graphs/graph_1000_9965_UNIFORM_7917045922527545890.txt
Graph already exists at: ./input/random_graphs/graph_1000_9965_UNIFORM_4445925461710302877.txt
Graph already exists at: ./input/random_graphs/graph_1000_9965_UNIFORM_3865339568260874865.txt
Graph already exists at: ./input/random_graphs/graph_1000_9965_UNIFORM_7921282862123281598.txt
Graph already exists at: ./input/random_graphs/graph_1000_9965_UNIFORM_6224222471595207695.txt
Graph already exists at: ./input/random_graphs/graph_1000_9965_UNIFORM_1128313391724783137.txt
Graph already exists at: ./input/random_graphs/graph_1000_9965_UNIFORM_716820155901718944.txt
Graph already exists at: ./input/random_graphs/graph_1000_9965_UNIFORM_8718380604043999642.txt
Graph already exists at: ./input/random_graphs/graph_1000_9965_UNIFORM_5063475852268941542.txt
Graph already exists at: ./input/random_graphs/graph_1000_9965_UNIFORM_4997514996153925447.txt
Graph already exists at: ./input/random_graphs/graph_1000_9965_UNIFORM_8446481348147407377.txt
Graph already exists at: ./input/random_graphs/graph_1000_9965_UNIFORM_3817405844514670994.txt
Graph already exists at: ./input/random_graphs/graph_1000_9965_UNIFORM_6529943913552561417.txt
Graph already exists at: ./input/random_graphs/graph_1000_9965_UNIFORM_2909934787168262407.txt
Graph already exists at: ./input/random_graphs/graph_1000_9965_UNIFORM_1170385908854608748.txt
Graph already exists at: ./input/random_graphs/graph_1000_9965_UNIFORM_6022436717541034636.txt
Graph already exists at: ./input/random_graphs/graph_1000_9965_UNIFORM_199422815561151340.txt
Graph already exists at: ./input/random_graphs/graph_1000_9965_UNIFORM_3713827327871807734.txt
Graph already exists at: ./input/random_graphs/graph_1000_9965_UNIFORM_175493991617213850.txt
Graph already exists at: ./input/random_graphs/graph_1000_9965_UNIFORM_5108599054664628607.txt
Graph already exists at: ./input/random_graphs/graph_1000_9965_UNIFORM_6764066939395682287.txt
Graph already exists at: ./input/random_graphs/graph_1000_9965_UNIFORM_9130666990809746335.txt
Graph already exists at: ./input/random_graphs/graph_1000_9965_UNIFORM_7644420139408884785.txt
Graph already exists at: ./input/random_graphs/graph_1000_9965_UNIFORM_1458186392400727732.txt
Graph already exists at: ./input/random_graphs/graph_1000_9965_UNIFORM_1392892770529522614.txt
Graph already exists at: ./input/random_graphs/graph_1000_9965_UNIFORM_9060210648189963449.txt
Graph already exists at: ./input/random_graphs/graph_1000_9965_UNIFORM_4250897495980125004.txt
Graph already exists at: ./input/random_graphs/graph_1000_9965_UNIFORM_8794274795737982182.txt
Graph already exists at: ./input/random_graphs/graph_1000_9965_UNIFORM_2089506265998900862.txt
Graph already exists at: ./input/random_graphs/graph_1000_9965_UNIFORM_5497874167834979553.txt
Graph already exists at: ./input/random_graphs/graph_1000_9965_UNIFORM_4060584409398689268.txt
Graph already exists at: ./input/random_graphs/graph_1000_9965_UNIFORM_1332005502874566195.txt
Graph already exists at: ./input/random_graphs/graph_1000_9965_UNIFORM_1722224698700348310.txt
Graph already exists at: ./input/random_graphs/graph_1000_9965_UNIFORM_8626102704817790064.txt
Graph already exists at: ./input/random_graphs/graph_1000_9965_UNIFORM_7905487461282246979.txt
Graph already exists at: ./input/random_graphs/graph_1000_9965_UNIFORM_8448596294177070022.txt
Graph already exists at: ./input/random_graphs/graph_1000_9965_UNIFORM_4795749165124911768.txt
Graph already exists at: ./input/random_graphs/graph_1000_9965_UNIFORM_4934890601268679176.txt
Graph already exists at: ./input/random_graphs/graph_1000_9965_UNIFORM_1992204328026194281.txt
Graph already exists at: ./input/random_graphs/graph_1000_9965_UNIFORM_7118744415197196276.txt
Graph already exists at: ./input/random_graphs/graph_1000_9965_UNIFORM_2718103348384927511.txt
Graph already exists at: ./input/random_graphs/graph_1000_9965_UNIFORM_9059990922233379852.txt
Graph already exists at: ./input/random_graphs/graph_1000_9965_UNIFORM_7449662661572224354.txt
Graph already exists at: ./input/random_graphs/graph_1000_9965_UNIFORM_3221421291694197220.txt
Graph already exists at: ./input/random_graphs/graph_1000_9965_UNIFORM_8867616339855336876.txt
Graph already exists at: ./input/random_graphs/graph_1000_9965_UNIFORM_5894893360759659423.txt
Graph already exists at: ./input/random_graphs/graph_1000_9965_UNIFORM_7983805977214098674.txt
Graph already exists at: ./input/random_graphs/graph_1000_9965_UNIFORM_4940913311242578590.txt
Graph already exists at: ./input/random_graphs/graph_1000_9965_UNIFORM_2264398621601381987.txt
Graph already exists at: ./input/random_graphs/graph_1000_9965_UNIFORM_7632458674696225362.txt
Running VARK with 100 iterations, for N = 10,000 and sparsity code 2 for k from 1 to N and seed token 1729
Generating 100 graph(s) with N=1000, sparsity=2, seed=1729...
Running FIXNM with kPath0 for N=1000, sparsity=2, k=1, seed=1729...
      Average Passes: 33.54, Time/Memory: 10.19,3072
Running FIXNM with kPath0 for N=1000, sparsity=2, k=2, seed=1729...
      Average Passes: 9.44, Time/Memory: 2.97,3072
Running FIXNM with kPath0 for N=1000, sparsity=2, k=3, seed=1729...
      Average Passes: 4.0, Time/Memory: 1.32,3072
Running FIXNM with kPath0 for N=1000, sparsity=2, k=4, seed=1729...
      Average Passes: 3.0, Time/Memory: 1.00,3072
Running FIXNM with kPath0 for N=1000, sparsity=2, k=5, seed=1729...
      Average Passes: 3.0, Time/Memory: 1.01,4096
Running FIXNM with kPath0 for N=1000, sparsity=2, k=6, seed=1729...
      Average Passes: 3.0, Time/Memory: 1.07,4096
Running FIXNM with kPath0 for N=1000, sparsity=2, k=7, seed=1729...
      Average Passes: 3.0, Time/Memory: 1.02,4096
Running FIXNM with kPath0 for N=1000, sparsity=2, k=8, seed=1729...
      Average Passes: 3.0, Time/Memory: 1.03,4096
Running FIXNM with kPath0 for N=1000, sparsity=2, k=9, seed=1729...
      Average Passes: 3.0, Time/Memory: 1.06,4096
Running FIXNM with kPath0 for N=1000, sparsity=2, k=10, seed=1729...
      Average Passes: 3.0, Time/Memory: 1.05,4096
Running FIXNM with kPath0 for N=1000, sparsity=2, k=11, seed=1729...
      Average Passes: 2.0, Time/Memory: 0.81,4096
Running FIXNM with kPath0 for N=1000, sparsity=2, k=12, seed=1729...
      Average Passes: 2.0, Time/Memory: 0.83,4096
Running FIXNM with kPath0 for N=1000, sparsity=2, k=13, seed=1729...
      Average Passes: 2.0, Time/Memory: 0.81,4096
Running FIXNM with kPath0 for N=1000, sparsity=2, k=14, seed=1729...
      Average Passes: 2.0, Time/Memory: 0.77,4096
Running FIXNM with kPath0 for N=1000, sparsity=2, k=15, seed=1729...
      Average Passes: 2.0, Time/Memory: 0.79,4096
Running FIXNM with kPath0 for N=1000, sparsity=2, k=16, seed=1729...
      Average Passes: 2.0, Time/Memory: 0.81,4096
Running FIXNM with kPath0 for N=1000, sparsity=2, k=17, seed=1729...
      Average Passes: 2.0, Time/Memory: 0.82,4096
Running FIXNM with kPath0 for N=1000, sparsity=2, k=18, seed=1729...
      Average Passes: 2.0, Time/Memory: 0.78,4096
Running FIXNM with kPath0 for N=1000, sparsity=2, k=19, seed=1729...
      Average Passes: 2.0, Time/Memory: 0.81,4096
Running FIXNM with kPath0 for N=1000, sparsity=2, k=20, seed=1729...
      Average Passes: 2.0, Time/Memory: 0.77,4096
Running FIXNM with kPath0 for N=1000, sparsity=2, k=21, seed=1729...
      Average Passes: 2.0, Time/Memory: 0.78,4096
Running FIXNM with kPath0 for N=1000, sparsity=2, k=22, seed=1729...
      Average Passes: 2.0, Time/Memory: 0.79,4096
Running FIXNM with kPath0 for N=1000, sparsity=2, k=23, seed=1729...
      Average Passes: 2.0, Time/Memory: 0.79,4096
Running FIXNM with kPath0 for N=1000, sparsity=2, k=24, seed=1729...
      Average Passes: 2.0, Time/Memory: 0.86,4096
Running FIXNM with kPath0 for N=1000, sparsity=2, k=25, seed=1729...
      Average Passes: 2.0, Time/Memory: 0.79,4096
Running FIXNM with kPath0 for N=1000, sparsity=2, k=26, seed=1729...
      Average Passes: 2.0, Time/Memory: 0.79,4096
Running FIXNM with kPath0 for N=1000, sparsity=2, k=27, seed=1729...
      Average Passes: 2.0, Time/Memory: 0.78,4096
Running FIXNM with kPath0 for N=1000, sparsity=2, k=28, seed=1729...
      Average Passes: 2.0, Time/Memory: 0.81,4096
Running FIXNM with kPath0 for N=1000, sparsity=2, k=29, seed=1729...
      Average Passes: 2.0, Time/Memory: 0.80,4096
Running FIXNM with kPath0 for N=1000, sparsity=2, k=30, seed=1729...
      Average Passes: 2.0, Time/Memory: 0.78,4096
Running FIXNM with kPath0 for N=1000, sparsity=2, k=31, seed=1729...
      Average Passes: 2.0, Time/Memory: 0.80,4096
Running FIXNM with kPath0 for N=1000, sparsity=2, k=32, seed=1729...
      Average Passes: 2.0, Time/Memory: 0.79,4096
Running FIXNM with kPath0 for N=1000, sparsity=2, k=33, seed=1729...
      Average Passes: 2.0, Time/Memory: 0.80,4096
Running FIXNM with kPath0 for N=1000, sparsity=2, k=34, seed=1729...
      Average Passes: 2.0, Time/Memory: 0.81,4096
Running FIXNM with kPath0 for N=1000, sparsity=2, k=35, seed=1729...
      Average Passes: 2.0, Time/Memory: 0.78,4096
Running FIXNM with kPath0 for N=1000, sparsity=2, k=36, seed=1729...
      Average Passes: 2.0, Time/Memory: 0.79,4096
Running FIXNM with kPath0 for N=1000, sparsity=2, k=37, seed=1729...
      Average Passes: 2.0, Time/Memory: 0.80,4096
Running FIXNM with kPath0 for N=1000, sparsity=2, k=38, seed=1729...
      Average Passes: 2.0, Time/Memory: 0.80,4096
Running FIXNM with kPath0 for N=1000, sparsity=2, k=39, seed=1729...
      Average Passes: 2.0, Time/Memory: 0.81,4096
Running FIXNM with kPath0 for N=1000, sparsity=2, k=40, seed=1729...
      Average Passes: 2.0, Time/Memory: 0.78,4096
Running FIXNM with kPath0 for N=1000, sparsity=2, k=45, seed=1729...
      Average Passes: 2.0, Time/Memory: 0.81,4096
Running FIXNM with kPath0 for N=1000, sparsity=2, k=50, seed=1729...
      Average Passes: 2.0, Time/Memory: 0.77,4096
Running FIXNM with kPath0 for N=1000, sparsity=2, k=55, seed=1729...
      Average Passes: 2.0, Time/Memory: 0.77,4096
Running FIXNM with kPath0 for N=1000, sparsity=2, k=60, seed=1729...
      Average Passes: 2.0, Time/Memory: 0.82,4096
Running FIXNM with kPath0 for N=1000, sparsity=2, k=65, seed=1729...
      Average Passes: 2.0, Time/Memory: 0.82,4096
Running FIXNM with kPath0 for N=1000, sparsity=2, k=70, seed=1729...
      Average Passes: 2.0, Time/Memory: 0.78,4096
Running FIXNM with kPath0 for N=1000, sparsity=2, k=75, seed=1729...
      Average Passes: 2.0, Time/Memory: 0.82,4096
Running FIXNM with kPath0 for N=1000, sparsity=2, k=80, seed=1729...
      Average Passes: 2.0, Time/Memory: 0.80,4096
Running FIXNM with kPath0 for N=1000, sparsity=2, k=85, seed=1729...
      Average Passes: 2.0, Time/Memory: 0.79,4096
Running FIXNM with kPath0 for N=1000, sparsity=2, k=90, seed=1729...
      Average Passes: 2.0, Time/Memory: 0.83,4096
Running FIXNM with kPath0 for N=1000, sparsity=2, k=95, seed=1729...
      Average Passes: 2.0, Time/Memory: 0.81,4096
Running FIXNM with kPath0 for N=1000, sparsity=2, k=100, seed=1729...
      Average Passes: 2.0, Time/Memory: 0.83,4096
Running FIXNM with kPath0 for N=1000, sparsity=2, k=150, seed=1729...
      Average Passes: 2.0, Time/Memory: 0.78,4096
Running FIXNM with kPath0 for N=1000, sparsity=2, k=200, seed=1729...
      Average Passes: 2.0, Time/Memory: 0.81,4096
Running FIXNM with kPath0 for N=1000, sparsity=2, k=250, seed=1729...
      Average Passes: 2.0, Time/Memory: 0.78,4096
Running FIXNM with kPath0 for N=1000, sparsity=2, k=300, seed=1729...
      Average Passes: 2.0, Time/Memory: 0.77,4096
Running FIXNM with kPath0 for N=1000, sparsity=2, k=350, seed=1729...
      Average Passes: 2.0, Time/Memory: 0.78,4096
Running FIXNM with kPath0 for N=1000, sparsity=2, k=400, seed=1729...
      Average Passes: 2.0, Time/Memory: 0.77,4096
Running FIXNM with kPath0 for N=1000, sparsity=2, k=450, seed=1729...
      Average Passes: 2.0, Time/Memory: 0.80,4096
Running FIXNM with kPath0 for N=1000, sparsity=2, k=500, seed=1729...
      Average Passes: 2.0, Time/Memory: 0.79,4096
Running FIXNM with kPath0 for N=1000, sparsity=2, k=550, seed=1729...
      Average Passes: 2.0, Time/Memory: 0.82,4096
Running FIXNM with kPath0 for N=1000, sparsity=2, k=600, seed=1729...
      Average Passes: 2.0, Time/Memory: 0.81,4096
Running FIXNM with kPath0 for N=1000, sparsity=2, k=650, seed=1729...
      Average Passes: 2.0, Time/Memory: 0.79,4096
Running FIXNM with kPath0 for N=1000, sparsity=2, k=700, seed=1729...
      Average Passes: 2.0, Time/Memory: 0.81,4096
Running FIXNM with kPath0 for N=1000, sparsity=2, k=750, seed=1729...
      Average Passes: 2.0, Time/Memory: 0.80,4096
Running FIXNM with kPath0 for N=1000, sparsity=2, k=800, seed=1729...
      Average Passes: 2.0, Time/Memory: 0.81,4096
Running FIXNM with kPath0 for N=1000, sparsity=2, k=850, seed=1729...
      Average Passes: 2.0, Time/Memory: 0.80,4096
Running FIXNM with kPath0 for N=1000, sparsity=2, k=900, seed=1729...
      Average Passes: 2.0, Time/Memory: 0.77,4096
Running FIXNM with kPath0 for N=1000, sparsity=2, k=950, seed=1729...
      Average Passes: 2.0, Time/Memory: 0.78,4096
Running FIXNM with kPath0 for N=1000, sparsity=2, k=1000, seed=1729...
      Average Passes: 2.0, Time/Memory: 0.79,4096
Running FIXNM with kPathN for N=1000, sparsity=2, k=1, seed=1729...
      Average Passes: 13.93, Time/Memory: 4.65,3072
Running FIXNM with kPathN for N=1000, sparsity=2, k=2, seed=1729...
      Average Passes: 3.0, Time/Memory: 1.09,3072
Running FIXNM with kPathN for N=1000, sparsity=2, k=3, seed=1729...
      Average Passes: 2.0, Time/Memory: 0.74,3072
Running FIXNM with kPathN for N=1000, sparsity=2, k=4, seed=1729...
      Average Passes: 2.0, Time/Memory: 0.70,3072
Running FIXNM with kPathN for N=1000, sparsity=2, k=5, seed=1729...
      Average Passes: 2.0, Time/Memory: 0.78,4096
Running FIXNM with kPathN for N=1000, sparsity=2, k=6, seed=1729...
      Average Passes: 2.0, Time/Memory: 0.74,3072
Running FIXNM with kPathN for N=1000, sparsity=2, k=7, seed=1729...
      Average Passes: 2.0, Time/Memory: 0.78,4096
Running FIXNM with kPathN for N=1000, sparsity=2, k=8, seed=1729...
      Average Passes: 2.0, Time/Memory: 0.80,4096
Running FIXNM with kPathN for N=1000, sparsity=2, k=9, seed=1729...
      Average Passes: 2.0, Time/Memory: 0.79,4096
Running FIXNM with kPathN for N=1000, sparsity=2, k=10, seed=1729...
      Average Passes: 1.0, Time/Memory: 0.35,10240
Running FIXNM with kPathN for N=1000, sparsity=2, k=11, seed=1729...
      Average Passes: 1.0, Time/Memory: 0.35,10240
Running FIXNM with kPathN for N=1000, sparsity=2, k=12, seed=1729...
      Average Passes: 1.0, Time/Memory: 0.37,10240
Running FIXNM with kPathN for N=1000, sparsity=2, k=13, seed=1729...
      Average Passes: 1.0, Time/Memory: 0.36,10240
Running FIXNM with kPathN for N=1000, sparsity=2, k=14, seed=1729...
      Average Passes: 1.0, Time/Memory: 0.36,10240
Running FIXNM with kPathN for N=1000, sparsity=2, k=15, seed=1729...
      Average Passes: 1.0, Time/Memory: 0.35,10240
Running FIXNM with kPathN for N=1000, sparsity=2, k=16, seed=1729...
      Average Passes: 1.0, Time/Memory: 0.34,10240
Running FIXNM with kPathN for N=1000, sparsity=2, k=17, seed=1729...
      Average Passes: 1.0, Time/Memory: 0.35,10240
Running FIXNM with kPathN for N=1000, sparsity=2, k=18, seed=1729...
      Average Passes: 1.0, Time/Memory: 0.36,10240
Running FIXNM with kPathN for N=1000, sparsity=2, k=19, seed=1729...
      Average Passes: 1.0, Time/Memory: 0.37,10240
Running FIXNM with kPathN for N=1000, sparsity=2, k=20, seed=1729...
      Average Passes: 1.0, Time/Memory: 0.36,10240
Running FIXNM with kPathN for N=1000, sparsity=2, k=21, seed=1729...
      Average Passes: 1.0, Time/Memory: 0.34,10240
Running FIXNM with kPathN for N=1000, sparsity=2, k=22, seed=1729...
      Average Passes: 1.0, Time/Memory: 0.36,10240
Running FIXNM with kPathN for N=1000, sparsity=2, k=23, seed=1729...
      Average Passes: 1.0, Time/Memory: 0.34,10240
Running FIXNM with kPathN for N=1000, sparsity=2, k=24, seed=1729...
      Average Passes: 1.0, Time/Memory: 0.34,10240
Running FIXNM with kPathN for N=1000, sparsity=2, k=25, seed=1729...
      Average Passes: 1.0, Time/Memory: 0.37,10240
Running FIXNM with kPathN for N=1000, sparsity=2, k=26, seed=1729...
      Average Passes: 1.0, Time/Memory: 0.35,10240
Running FIXNM with kPathN for N=1000, sparsity=2, k=27, seed=1729...
      Average Passes: 1.0, Time/Memory: 0.35,10240
Running FIXNM with kPathN for N=1000, sparsity=2, k=28, seed=1729...
      Average Passes: 1.0, Time/Memory: 0.35,10240
Running FIXNM with kPathN for N=1000, sparsity=2, k=29, seed=1729...
      Average Passes: 1.0, Time/Memory: 0.36,10240
Running FIXNM with kPathN for N=1000, sparsity=2, k=30, seed=1729...
      Average Passes: 1.0, Time/Memory: 0.35,10240
Running FIXNM with kPathN for N=1000, sparsity=2, k=31, seed=1729...
      Average Passes: 1.0, Time/Memory: 0.35,10240
Running FIXNM with kPathN for N=1000, sparsity=2, k=32, seed=1729...
      Average Passes: 1.0, Time/Memory: 0.36,10240
Running FIXNM with kPathN for N=1000, sparsity=2, k=33, seed=1729...
      Average Passes: 1.0, Time/Memory: 0.34,10240
Running FIXNM with kPathN for N=1000, sparsity=2, k=34, seed=1729...
      Average Passes: 1.0, Time/Memory: 0.37,10240
Running FIXNM with kPathN for N=1000, sparsity=2, k=35, seed=1729...
      Average Passes: 1.0, Time/Memory: 0.35,10240
Running FIXNM with kPathN for N=1000, sparsity=2, k=36, seed=1729...
      Average Passes: 1.0, Time/Memory: 0.36,10240
Running FIXNM with kPathN for N=1000, sparsity=2, k=37, seed=1729...
      Average Passes: 1.0, Time/Memory: 0.34,10240
Running FIXNM with kPathN for N=1000, sparsity=2, k=38, seed=1729...
      Average Passes: 1.0, Time/Memory: 0.36,10240
Running FIXNM with kPathN for N=1000, sparsity=2, k=39, seed=1729...
      Average Passes: 1.0, Time/Memory: 0.33,10240
Running FIXNM with kPathN for N=1000, sparsity=2, k=40, seed=1729...
      Average Passes: 1.0, Time/Memory: 0.35,10240
Running FIXNM with kPathN for N=1000, sparsity=2, k=45, seed=1729...
      Average Passes: 1.0, Time/Memory: 0.34,10240
Running FIXNM with kPathN for N=1000, sparsity=2, k=50, seed=1729...
      Average Passes: 1.0, Time/Memory: 0.35,10240
Running FIXNM with kPathN for N=1000, sparsity=2, k=55, seed=1729...
      Average Passes: 1.0, Time/Memory: 0.35,9216
Running FIXNM with kPathN for N=1000, sparsity=2, k=60, seed=1729...
      Average Passes: 1.0, Time/Memory: 0.35,10240
Running FIXNM with kPathN for N=1000, sparsity=2, k=65, seed=1729...
      Average Passes: 1.0, Time/Memory: 0.38,10240
Running FIXNM with kPathN for N=1000, sparsity=2, k=70, seed=1729...
      Average Passes: 1.0, Time/Memory: 0.34,10240
Running FIXNM with kPathN for N=1000, sparsity=2, k=75, seed=1729...
      Average Passes: 1.0, Time/Memory: 0.36,10240
Running FIXNM with kPathN for N=1000, sparsity=2, k=80, seed=1729...
      Average Passes: 1.0, Time/Memory: 0.35,10240
Running FIXNM with kPathN for N=1000, sparsity=2, k=85, seed=1729...
      Average Passes: 1.0, Time/Memory: 0.35,10240
Running FIXNM with kPathN for N=1000, sparsity=2, k=90, seed=1729...
      Average Passes: 1.0, Time/Memory: 0.35,10240
Running FIXNM with kPathN for N=1000, sparsity=2, k=95, seed=1729...
      Average Passes: 1.0, Time/Memory: 0.35,10240
Running FIXNM with kPathN for N=1000, sparsity=2, k=100, seed=1729...
      Average Passes: 1.0, Time/Memory: 0.35,10240
Running FIXNM with kPathN for N=1000, sparsity=2, k=150, seed=1729...
      Average Passes: 1.0, Time/Memory: 0.34,10240
Running FIXNM with kPathN for N=1000, sparsity=2, k=200, seed=1729...
      Average Passes: 1.0, Time/Memory: 0.35,10240
Running FIXNM with kPathN for N=1000, sparsity=2, k=250, seed=1729...
      Average Passes: 1.0, Time/Memory: 0.37,10240
Running FIXNM with kPathN for N=1000, sparsity=2, k=300, seed=1729...
      Average Passes: 1.0, Time/Memory: 0.35,10240
Running FIXNM with kPathN for N=1000, sparsity=2, k=350, seed=1729...
      Average Passes: 1.0, Time/Memory: 0.35,10240
Running FIXNM with kPathN for N=1000, sparsity=2, k=400, seed=1729...
      Average Passes: 1.0, Time/Memory: 0.35,10240
Running FIXNM with kPathN for N=1000, sparsity=2, k=450, seed=1729...
      Average Passes: 1.0, Time/Memory: 0.35,10240
Running FIXNM with kPathN for N=1000, sparsity=2, k=500, seed=1729...
      Average Passes: 1.0, Time/Memory: 0.34,10240
Running FIXNM with kPathN for N=1000, sparsity=2, k=550, seed=1729...
      Average Passes: 1.0, Time/Memory: 0.37,10240
Running FIXNM with kPathN for N=1000, sparsity=2, k=600, seed=1729...
      Average Passes: 1.0, Time/Memory: 0.35,10240
Running FIXNM with kPathN for N=1000, sparsity=2, k=650, seed=1729...
      Average Passes: 1.0, Time/Memory: 0.34,10240
Running FIXNM with kPathN for N=1000, sparsity=2, k=700, seed=1729...
      Average Passes: 1.0, Time/Memory: 0.35,10240
Running FIXNM with kPathN for N=1000, sparsity=2, k=750, seed=1729...
      Average Passes: 1.0, Time/Memory: 0.37,10240
Running FIXNM with kPathN for N=1000, sparsity=2, k=800, seed=1729...
      Average Passes: 1.0, Time/Memory: 0.34,10240
Running FIXNM with kPathN for N=1000, sparsity=2, k=850, seed=1729...
      Average Passes: 1.0, Time/Memory: 0.36,10240
Running FIXNM with kPathN for N=1000, sparsity=2, k=900, seed=1729...
      Average Passes: 1.0, Time/Memory: 0.35,10240
Running FIXNM with kPathN for N=1000, sparsity=2, k=950, seed=1729...
      Average Passes: 1.0, Time/Memory: 0.34,10240
Running FIXNM with kPathN for N=1000, sparsity=2, k=1000, seed=1729...
      Average Passes: 1.0, Time/Memory: 0.34,10240
Running FIXNM with kLev0 for N=1000, sparsity=2, k=1, seed=1729...
      Average Passes: 3.84, Time/Memory: 1.70,3072
Running FIXNM with kLev0 for N=1000, sparsity=2, k=2, seed=1729...
      Average Passes: 3.84, Time/Memory: 1.67,3072
Running FIXNM with kLev0 for N=1000, sparsity=2, k=3, seed=1729...
      Average Passes: 3.84, Time/Memory: 1.66,3072
Running FIXNM with kLev0 for N=1000, sparsity=2, k=4, seed=1729...
      Average Passes: 3.84, Time/Memory: 1.67,3072
Running FIXNM with kLev0 for N=1000, sparsity=2, k=5, seed=1729...
      Average Passes: 3.83, Time/Memory: 1.65,3072
Running FIXNM with kLev0 for N=1000, sparsity=2, k=6, seed=1729...
      Average Passes: 3.81, Time/Memory: 1.66,3072
Running FIXNM with kLev0 for N=1000, sparsity=2, k=7, seed=1729...
      Average Passes: 3.8, Time/Memory: 1.65,3072
Running FIXNM with kLev0 for N=1000, sparsity=2, k=8, seed=1729...
      Average Passes: 3.79, Time/Memory: 1.68,3072
Running FIXNM with kLev0 for N=1000, sparsity=2, k=9, seed=1729...
      Average Passes: 3.8, Time/Memory: 1.62,3072
Running FIXNM with kLev0 for N=1000, sparsity=2, k=10, seed=1729...
      Average Passes: 3.81, Time/Memory: 1.63,3072
Running FIXNM with kLev0 for N=1000, sparsity=2, k=11, seed=1729...
      Average Passes: 3.81, Time/Memory: 1.67,3072
Running FIXNM with kLev0 for N=1000, sparsity=2, k=12, seed=1729...
      Average Passes: 3.81, Time/Memory: 1.66,3072
Running FIXNM with kLev0 for N=1000, sparsity=2, k=13, seed=1729...
      Average Passes: 3.79, Time/Memory: 1.68,3072
Running FIXNM with kLev0 for N=1000, sparsity=2, k=14, seed=1729...
      Average Passes: 3.78, Time/Memory: 1.68,3072
Running FIXNM with kLev0 for N=1000, sparsity=2, k=15, seed=1729...
      Average Passes: 3.76, Time/Memory: 1.61,3072
Running FIXNM with kLev0 for N=1000, sparsity=2, k=16, seed=1729...
      Average Passes: 3.77, Time/Memory: 1.66,3072
Running FIXNM with kLev0 for N=1000, sparsity=2, k=17, seed=1729...
      Average Passes: 3.77, Time/Memory: 1.71,3072
Running FIXNM with kLev0 for N=1000, sparsity=2, k=18, seed=1729...
      Average Passes: 3.77, Time/Memory: 1.75,3072
Running FIXNM with kLev0 for N=1000, sparsity=2, k=19, seed=1729...
      Average Passes: 3.77, Time/Memory: 1.69,3072
Running FIXNM with kLev0 for N=1000, sparsity=2, k=20, seed=1729...
      Average Passes: 3.76, Time/Memory: 1.65,3072
Running FIXNM with kLev0 for N=1000, sparsity=2, k=21, seed=1729...
      Average Passes: 3.76, Time/Memory: 1.71,3072
Running FIXNM with kLev0 for N=1000, sparsity=2, k=22, seed=1729...
      Average Passes: 3.75, Time/Memory: 1.66,3072
Running FIXNM with kLev0 for N=1000, sparsity=2, k=23, seed=1729...
      Average Passes: 3.75, Time/Memory: 1.65,3072
Running FIXNM with kLev0 for N=1000, sparsity=2, k=24, seed=1729...
      Average Passes: 3.75, Time/Memory: 1.68,3072
Running FIXNM with kLev0 for N=1000, sparsity=2, k=25, seed=1729...
      Average Passes: 3.76, Time/Memory: 1.72,3072
Running FIXNM with kLev0 for N=1000, sparsity=2, k=26, seed=1729...
      Average Passes: 3.76, Time/Memory: 1.64,3072
Running FIXNM with kLev0 for N=1000, sparsity=2, k=27, seed=1729...
      Average Passes: 3.76, Time/Memory: 1.68,3072
Running FIXNM with kLev0 for N=1000, sparsity=2, k=28, seed=1729...
      Average Passes: 3.76, Time/Memory: 1.62,3072
Running FIXNM with kLev0 for N=1000, sparsity=2, k=29, seed=1729...
      Average Passes: 3.76, Time/Memory: 1.67,3072
Running FIXNM with kLev0 for N=1000, sparsity=2, k=30, seed=1729...
      Average Passes: 3.77, Time/Memory: 1.65,3072
Running FIXNM with kLev0 for N=1000, sparsity=2, k=31, seed=1729...
      Average Passes: 3.78, Time/Memory: 1.70,3072
Running FIXNM with kLev0 for N=1000, sparsity=2, k=32, seed=1729...
      Average Passes: 3.78, Time/Memory: 1.66,3072
Running FIXNM with kLev0 for N=1000, sparsity=2, k=33, seed=1729...
      Average Passes: 3.78, Time/Memory: 1.64,3072
Running FIXNM with kLev0 for N=1000, sparsity=2, k=34, seed=1729...
      Average Passes: 3.78, Time/Memory: 1.66,3072
Running FIXNM with kLev0 for N=1000, sparsity=2, k=35, seed=1729...
      Average Passes: 3.79, Time/Memory: 1.67,3072
Running FIXNM with kLev0 for N=1000, sparsity=2, k=36, seed=1729...
      Average Passes: 3.79, Time/Memory: 1.68,3072
Running FIXNM with kLev0 for N=1000, sparsity=2, k=37, seed=1729...
      Average Passes: 3.79, Time/Memory: 1.70,3072
Running FIXNM with kLev0 for N=1000, sparsity=2, k=38, seed=1729...
      Average Passes: 3.78, Time/Memory: 1.68,3072
Running FIXNM with kLev0 for N=1000, sparsity=2, k=39, seed=1729...
      Average Passes: 3.78, Time/Memory: 1.70,3072
Running FIXNM with kLev0 for N=1000, sparsity=2, k=40, seed=1729...
      Average Passes: 3.78, Time/Memory: 1.68,3072
Running FIXNM with kLev0 for N=1000, sparsity=2, k=45, seed=1729...
      Average Passes: 3.79, Time/Memory: 1.64,3072
Running FIXNM with kLev0 for N=1000, sparsity=2, k=50, seed=1729...
      Average Passes: 3.81, Time/Memory: 1.67,3072
Running FIXNM with kLev0 for N=1000, sparsity=2, k=55, seed=1729...
      Average Passes: 3.81, Time/Memory: 1.67,3072
Running FIXNM with kLev0 for N=1000, sparsity=2, k=60, seed=1729...
      Average Passes: 3.82, Time/Memory: 1.70,3072
Running FIXNM with kLev0 for N=1000, sparsity=2, k=65, seed=1729...
      Average Passes: 3.81, Time/Memory: 1.70,3072
Running FIXNM with kLev0 for N=1000, sparsity=2, k=70, seed=1729...
      Average Passes: 3.85, Time/Memory: 1.67,3072
Running FIXNM with kLev0 for N=1000, sparsity=2, k=75, seed=1729...
      Average Passes: 3.84, Time/Memory: 1.70,3072
Running FIXNM with kLev0 for N=1000, sparsity=2, k=80, seed=1729...
      Average Passes: 3.82, Time/Memory: 1.69,3072
Running FIXNM with kLev0 for N=1000, sparsity=2, k=85, seed=1729...
      Average Passes: 3.83, Time/Memory: 1.69,3072
Running FIXNM with kLev0 for N=1000, sparsity=2, k=90, seed=1729...
      Average Passes: 3.83, Time/Memory: 1.68,3072
Running FIXNM with kLev0 for N=1000, sparsity=2, k=95, seed=1729...
      Average Passes: 3.83, Time/Memory: 1.65,3072
Running FIXNM with kLev0 for N=1000, sparsity=2, k=100, seed=1729...
      Average Passes: 3.84, Time/Memory: 1.69,3072
Running FIXNM with kLev0 for N=1000, sparsity=2, k=150, seed=1729...
      Average Passes: 3.83, Time/Memory: 1.72,3072
Running FIXNM with kLev0 for N=1000, sparsity=2, k=200, seed=1729...
      Average Passes: 3.84, Time/Memory: 1.69,3072
Running FIXNM with kLev0 for N=1000, sparsity=2, k=250, seed=1729...
      Average Passes: 3.84, Time/Memory: 1.65,3072
Running FIXNM with kLev0 for N=1000, sparsity=2, k=300, seed=1729...
      Average Passes: 3.87, Time/Memory: 1.66,3072
Running FIXNM with kLev0 for N=1000, sparsity=2, k=350, seed=1729...
      Average Passes: 3.83, Time/Memory: 1.61,3072
Running FIXNM with kLev0 for N=1000, sparsity=2, k=400, seed=1729...
      Average Passes: 3.86, Time/Memory: 1.60,3072
Running FIXNM with kLev0 for N=1000, sparsity=2, k=450, seed=1729...
      Average Passes: 3.23, Time/Memory: 1.51,3072
Running FIXNM with kLev0 for N=1000, sparsity=2, k=500, seed=1729...
      Average Passes: 3.0, Time/Memory: 1.44,3072
Running FIXNM with kLev0 for N=1000, sparsity=2, k=550, seed=1729...
      Average Passes: 3.0, Time/Memory: 1.34,3072
Running FIXNM with kLev0 for N=1000, sparsity=2, k=600, seed=1729...
      Average Passes: 3.0, Time/Memory: 1.36,3072
Running FIXNM with kLev0 for N=1000, sparsity=2, k=650, seed=1729...
      Average Passes: 3.0, Time/Memory: 1.43,3072
Running FIXNM with kLev0 for N=1000, sparsity=2, k=700, seed=1729...
      Average Passes: 3.0, Time/Memory: 1.35,3072
Running FIXNM with kLev0 for N=1000, sparsity=2, k=750, seed=1729...
      Average Passes: 3.0, Time/Memory: 1.42,3072
Running FIXNM with kLev0 for N=1000, sparsity=2, k=800, seed=1729...
      Average Passes: 3.0, Time/Memory: 1.41,3072
Running FIXNM with kLev0 for N=1000, sparsity=2, k=850, seed=1729...
      Average Passes: 3.0, Time/Memory: 1.34,3072
Running FIXNM with kLev0 for N=1000, sparsity=2, k=900, seed=1729...
      Average Passes: 2.39, Time/Memory: 1.16,3072
Running FIXNM with kLev0 for N=1000, sparsity=2, k=950, seed=1729...
      Average Passes: 2.0, Time/Memory: 1.06,3072
Running FIXNM with kLev0 for N=1000, sparsity=2, k=1000, seed=1729...
      Average Passes: 2.0, Time/Memory: 1.05,3072
Running FIXNM with kLevN for N=1000, sparsity=2, k=1, seed=1729...
      Average Passes: 2.07, Time/Memory: 1.15,3072
Running FIXNM with kLevN for N=1000, sparsity=2, k=2, seed=1729...
      Average Passes: 1.99, Time/Memory: 1.11,3072
Running FIXNM with kLevN for N=1000, sparsity=2, k=3, seed=1729...
      Average Passes: 1.46, Time/Memory: 0.97,3072
Running FIXNM with kLevN for N=1000, sparsity=2, k=4, seed=1729...
      Average Passes: 1.11, Time/Memory: 0.90,4096
Running FIXNM with kLevN for N=1000, sparsity=2, k=5, seed=1729...
      Average Passes: 1.03, Time/Memory: 0.87,4096
Running FIXNM with kLevN for N=1000, sparsity=2, k=6, seed=1729...
      Average Passes: 1.01, Time/Memory: 0.85,4096
Running FIXNM with kLevN for N=1000, sparsity=2, k=7, seed=1729...
      Average Passes: 1.0, Time/Memory: 0.89,4096
Running FIXNM with kLevN for N=1000, sparsity=2, k=8, seed=1729...
      Average Passes: 1.0, Time/Memory: 0.88,4096
Running FIXNM with kLevN for N=1000, sparsity=2, k=9, seed=1729...
      Average Passes: 1.0, Time/Memory: 0.88,4096
Running FIXNM with kLevN for N=1000, sparsity=2, k=10, seed=1729...
      Average Passes: 1.0, Time/Memory: 0.35,10240
Running FIXNM with kLevN for N=1000, sparsity=2, k=11, seed=1729...
      Average Passes: 1.0, Time/Memory: 0.36,10240
Running FIXNM with kLevN for N=1000, sparsity=2, k=12, seed=1729...
      Average Passes: 1.0, Time/Memory: 0.36,10240
Running FIXNM with kLevN for N=1000, sparsity=2, k=13, seed=1729...
      Average Passes: 1.0, Time/Memory: 0.37,10240
Running FIXNM with kLevN for N=1000, sparsity=2, k=14, seed=1729...
      Average Passes: 1.0, Time/Memory: 0.35,10240
Running FIXNM with kLevN for N=1000, sparsity=2, k=15, seed=1729...
      Average Passes: 1.0, Time/Memory: 0.36,10240
Running FIXNM with kLevN for N=1000, sparsity=2, k=16, seed=1729...
      Average Passes: 1.0, Time/Memory: 0.37,10240
Running FIXNM with kLevN for N=1000, sparsity=2, k=17, seed=1729...
      Average Passes: 1.0, Time/Memory: 0.35,9216
Running FIXNM with kLevN for N=1000, sparsity=2, k=18, seed=1729...
      Average Passes: 1.0, Time/Memory: 0.35,10240
Running FIXNM with kLevN for N=1000, sparsity=2, k=19, seed=1729...
      Average Passes: 1.0, Time/Memory: 0.36,10240
Running FIXNM with kLevN for N=1000, sparsity=2, k=20, seed=1729...
      Average Passes: 1.0, Time/Memory: 0.35,10240
Running FIXNM with kLevN for N=1000, sparsity=2, k=21, seed=1729...
      Average Passes: 1.0, Time/Memory: 0.34,10240
Running FIXNM with kLevN for N=1000, sparsity=2, k=22, seed=1729...
      Average Passes: 1.0, Time/Memory: 0.38,10240
Running FIXNM with kLevN for N=1000, sparsity=2, k=23, seed=1729...
      Average Passes: 1.0, Time/Memory: 0.35,10240
Running FIXNM with kLevN for N=1000, sparsity=2, k=24, seed=1729...
      Average Passes: 1.0, Time/Memory: 0.35,10240
Running FIXNM with kLevN for N=1000, sparsity=2, k=25, seed=1729...
      Average Passes: 1.0, Time/Memory: 0.35,10240
Running FIXNM with kLevN for N=1000, sparsity=2, k=26, seed=1729...
      Average Passes: 1.0, Time/Memory: 0.37,10240
Running FIXNM with kLevN for N=1000, sparsity=2, k=27, seed=1729...
      Average Passes: 1.0, Time/Memory: 0.36,10240
Running FIXNM with kLevN for N=1000, sparsity=2, k=28, seed=1729...
      Average Passes: 1.0, Time/Memory: 0.36,10240
Running FIXNM with kLevN for N=1000, sparsity=2, k=29, seed=1729...
      Average Passes: 1.0, Time/Memory: 0.37,10240
Running FIXNM with kLevN for N=1000, sparsity=2, k=30, seed=1729...
      Average Passes: 1.0, Time/Memory: 0.35,10240
Running FIXNM with kLevN for N=1000, sparsity=2, k=31, seed=1729...
      Average Passes: 1.0, Time/Memory: 0.34,10240
Running FIXNM with kLevN for N=1000, sparsity=2, k=32, seed=1729...
      Average Passes: 1.0, Time/Memory: 0.33,10240
Running FIXNM with kLevN for N=1000, sparsity=2, k=33, seed=1729...
      Average Passes: 1.0, Time/Memory: 0.37,10240
Running FIXNM with kLevN for N=1000, sparsity=2, k=34, seed=1729...
      Average Passes: 1.0, Time/Memory: 0.37,10240
Running FIXNM with kLevN for N=1000, sparsity=2, k=35, seed=1729...
      Average Passes: 1.0, Time/Memory: 0.34,10240
Running FIXNM with kLevN for N=1000, sparsity=2, k=36, seed=1729...
      Average Passes: 1.0, Time/Memory: 0.35,10240
Running FIXNM with kLevN for N=1000, sparsity=2, k=37, seed=1729...
      Average Passes: 1.0, Time/Memory: 0.36,10240
Running FIXNM with kLevN for N=1000, sparsity=2, k=38, seed=1729...
      Average Passes: 1.0, Time/Memory: 0.35,10240
Running FIXNM with kLevN for N=1000, sparsity=2, k=39, seed=1729...
      Average Passes: 1.0, Time/Memory: 0.37,10240
Running FIXNM with kLevN for N=1000, sparsity=2, k=40, seed=1729...
      Average Passes: 1.0, Time/Memory: 0.36,10240
Running FIXNM with kLevN for N=1000, sparsity=2, k=45, seed=1729...
      Average Passes: 1.0, Time/Memory: 0.36,10240
Running FIXNM with kLevN for N=1000, sparsity=2, k=50, seed=1729...
      Average Passes: 1.0, Time/Memory: 0.35,10240
Running FIXNM with kLevN for N=1000, sparsity=2, k=55, seed=1729...
      Average Passes: 1.0, Time/Memory: 0.36,10240
Running FIXNM with kLevN for N=1000, sparsity=2, k=60, seed=1729...
      Average Passes: 1.0, Time/Memory: 0.34,10240
Running FIXNM with kLevN for N=1000, sparsity=2, k=65, seed=1729...
      Average Passes: 1.0, Time/Memory: 0.37,10240
Running FIXNM with kLevN for N=1000, sparsity=2, k=70, seed=1729...
      Average Passes: 1.0, Time/Memory: 0.35,10240
Running FIXNM with kLevN for N=1000, sparsity=2, k=75, seed=1729...
      Average Passes: 1.0, Time/Memory: 0.36,10240
Running FIXNM with kLevN for N=1000, sparsity=2, k=80, seed=1729...
      Average Passes: 1.0, Time/Memory: 0.35,10240
Running FIXNM with kLevN for N=1000, sparsity=2, k=85, seed=1729...
      Average Passes: 1.0, Time/Memory: 0.37,10240
Running FIXNM with kLevN for N=1000, sparsity=2, k=90, seed=1729...
      Average Passes: 1.0, Time/Memory: 0.37,10240
Running FIXNM with kLevN for N=1000, sparsity=2, k=95, seed=1729...
      Average Passes: 1.0, Time/Memory: 0.35,10240
Running FIXNM with kLevN for N=1000, sparsity=2, k=100, seed=1729...
      Average Passes: 1.0, Time/Memory: 0.34,10240
Running FIXNM with kLevN for N=1000, sparsity=2, k=150, seed=1729...
      Average Passes: 1.0, Time/Memory: 0.38,10240
Running FIXNM with kLevN for N=1000, sparsity=2, k=200, seed=1729...
      Average Passes: 1.0, Time/Memory: 0.36,10240
Running FIXNM with kLevN for N=1000, sparsity=2, k=250, seed=1729...
      Average Passes: 1.0, Time/Memory: 0.36,10240
Running FIXNM with kLevN for N=1000, sparsity=2, k=300, seed=1729...
      Average Passes: 1.0, Time/Memory: 0.38,10240
Running FIXNM with kLevN for N=1000, sparsity=2, k=350, seed=1729...
      Average Passes: 1.0, Time/Memory: 0.35,10240
Running FIXNM with kLevN for N=1000, sparsity=2, k=400, seed=1729...
      Average Passes: 1.0, Time/Memory: 0.37,10240
Running FIXNM with kLevN for N=1000, sparsity=2, k=450, seed=1729...
      Average Passes: 1.0, Time/Memory: 0.36,10240
Running FIXNM with kLevN for N=1000, sparsity=2, k=500, seed=1729...
      Average Passes: 1.0, Time/Memory: 0.36,10240
Running FIXNM with kLevN for N=1000, sparsity=2, k=550, seed=1729...
      Average Passes: 1.0, Time/Memory: 0.35,10240
Running FIXNM with kLevN for N=1000, sparsity=2, k=600, seed=1729...
      Average Passes: 1.0, Time/Memory: 0.36,10240
Running FIXNM with kLevN for N=1000, sparsity=2, k=650, seed=1729...
      Average Passes: 1.0, Time/Memory: 0.37,10240
Running FIXNM with kLevN for N=1000, sparsity=2, k=700, seed=1729...
      Average Passes: 1.0, Time/Memory: 0.36,10240
Running FIXNM with kLevN for N=1000, sparsity=2, k=750, seed=1729...
      Average Passes: 1.0, Time/Memory: 0.34,10240
Running FIXNM with kLevN for N=1000, sparsity=2, k=800, seed=1729...
      Average Passes: 1.0, Time/Memory: 0.36,10240
Running FIXNM with kLevN for N=1000, sparsity=2, k=850, seed=1729...
      Average Passes: 1.0, Time/Memory: 0.35,10240
Running FIXNM with kLevN for N=1000, sparsity=2, k=900, seed=1729...
      Average Passes: 1.0, Time/Memory: 0.36,10240
Running FIXNM with kLevN for N=1000, sparsity=2, k=950, seed=1729...
      Average Passes: 1.0, Time/Memory: 0.38,10240
Running FIXNM with kLevN for N=1000, sparsity=2, k=1000, seed=1729...
      Average Passes: 1.0, Time/Memory: 0.35,10240
