Running VARK with 100 iterations, for N = 10,000 and sparsity code 2 for k from 1 to N and seed token 1729
Generating 100 graph(s) with N=10000, sparsity=2, seed=1729...
Running FIXNM with kPath0 for N=10000, sparsity=2, k=1, seed=1729...
      Average Passes: 124.39, Time/Memory: 331.04,8568
Running FIXNM with kPath0 for N=10000, sparsity=2, k=2, seed=1729...
      Average Passes: 11.95, Time/Memory: 33.15,9156
Running FIXNM with kPath0 for N=10000, sparsity=2, k=3, seed=1729...
      Average Passes: 4.0, Time/Memory: 14.15,10376
Running FIXNM with kPath0 for N=10000, sparsity=2, k=4, seed=1729...
      Average Passes: 4.0, Time/Memory: 11.70,11352
Running FIXNM with kPath0 for N=10000, sparsity=2, k=5, seed=1729...
      Average Passes: 3.0, Time/Memory: 9.35,12780
Running FIXNM with kPath0 for N=10000, sparsity=2, k=6, seed=1729...
      Average Passes: 3.0, Time/Memory: 9.16,13304
Running FIXNM with kPath0 for N=10000, sparsity=2, k=7, seed=1729...
      Average Passes: 3.0, Time/Memory: 9.47,14340
Running FIXNM with kPath0 for N=10000, sparsity=2, k=8, seed=1729...
      Average Passes: 3.0, Time/Memory: 9.55,15388
Running FIXNM with kPath0 for N=10000, sparsity=2, k=9, seed=1729...
      Average Passes: 3.0, Time/Memory: 10.10,16236
Running FIXNM with kPath0 for N=10000, sparsity=2, k=10, seed=1729...
      Average Passes: 3.0, Time/Memory: 11.21,17260
Running FIXNM with kPath0 for N=10000, sparsity=2, k=15, seed=1729...
      Average Passes: 2.0, Time/Memory: 8.16,21240
Running FIXNM with kPath0 for N=10000, sparsity=2, k=20, seed=1729...
      Average Passes: 2.0, Time/Memory: 7.42,21156
Running FIXNM with kPath0 for N=10000, sparsity=2, k=25, seed=1729...
      Average Passes: 2.0, Time/Memory: 7.90,21340
Running FIXNM with kPath0 for N=10000, sparsity=2, k=50, seed=1729...
      Average Passes: 2.0, Time/Memory: 8.53,21408
Running FIXNM with kPath0 for N=10000, sparsity=2, k=75, seed=1729...
      Average Passes: 2.0, Time/Memory: 8.04,21376
Running FIXNM with kPath0 for N=10000, sparsity=2, k=100, seed=1729...
      Average Passes: 2.0, Time/Memory: 7.80,21404
Running FIXNM with kPath0 for N=10000, sparsity=2, k=200, seed=1729...
      Average Passes: 2.0, Time/Memory: 8.69,21436
Running FIXNM with kPath0 for N=10000, sparsity=2, k=400, seed=1729...
      Average Passes: 2.0, Time/Memory: 9.53,21276
Running FIXNM with kPath0 for N=10000, sparsity=2, k=600, seed=1729...
      Average Passes: 2.0, Time/Memory: 8.07,21440
Running FIXNM with kPath0 for N=10000, sparsity=2, k=800, seed=1729...
      Average Passes: 2.0, Time/Memory: 9.73,21368
Running FIXNM with kPath0 for N=10000, sparsity=2, k=1000, seed=1729...
      Average Passes: 2.0, Time/Memory: 8.70,21408
Running FIXNM with kPath0 for N=10000, sparsity=2, k=3000, seed=1729...
      Average Passes: 2.0, Time/Memory: 8.88,21440
Running FIXNM with kPath0 for N=10000, sparsity=2, k=5000, seed=1729...
      Average Passes: 2.0, Time/Memory: 7.85,21300
Running FIXNM with kPath0 for N=10000, sparsity=2, k=7000, seed=1729...
      Average Passes: 2.0, Time/Memory: 9.49,21304
Running FIXNM with kPath0 for N=10000, sparsity=2, k=9000, seed=1729...
      Average Passes: 2.0, Time/Memory: 8.43,21436
Running FIXNM with kPathN for N=10000, sparsity=2, k=1, seed=1729...
      Average Passes: 44.6, Time/Memory: 139.47,9392
Running FIXNM with kPathN for N=10000, sparsity=2, k=2, seed=1729...
      Average Passes: 3.0, Time/Memory: 9.37,9732
Running FIXNM with kPathN for N=10000, sparsity=2, k=3, seed=1729...
      Average Passes: 2.0, Time/Memory: 7.69,10760
Running FIXNM with kPathN for N=10000, sparsity=2, k=4, seed=1729...
      Average Passes: 2.0, Time/Memory: 7.39,11788
Running FIXNM with kPathN for N=10000, sparsity=2, k=5, seed=1729...
      Average Passes: 2.0, Time/Memory: 7.10,12700
Running FIXNM with kPathN for N=10000, sparsity=2, k=6, seed=1729...
      Average Passes: 2.0, Time/Memory: 6.89,13956
Running FIXNM with kPathN for N=10000, sparsity=2, k=7, seed=1729...
      Average Passes: 2.0, Time/Memory: 8.03,14784
Running FIXNM with kPathN for N=10000, sparsity=2, k=8, seed=1729...
      Average Passes: 2.0, Time/Memory: 8.75,15872
Running FIXNM with kPathN for N=10000, sparsity=2, k=9, seed=1729...
      Average Passes: 2.0, Time/Memory: 9.76,16640
Running FIXNM with kPathN for N=10000, sparsity=2, k=10, seed=1729...
      Average Passes: 2.0, Time/Memory: 11.34,17556
Running FIXNM with kPathN for N=10000, sparsity=2, k=15, seed=1729...
      Average Passes: 1.0, Time/Memory: 4.15,76216
Running FIXNM with kPathN for N=10000, sparsity=2, k=20, seed=1729...
      Average Passes: 1.0, Time/Memory: 4.50,76340
Running FIXNM with kPathN for N=10000, sparsity=2, k=25, seed=1729...
      Average Passes: 1.0, Time/Memory: 4.07,76460
Running FIXNM with kPathN for N=10000, sparsity=2, k=50, seed=1729...
      Average Passes: 1.0, Time/Memory: 5.24,76320
Running FIXNM with kPathN for N=10000, sparsity=2, k=75, seed=1729...
      Average Passes: 1.0, Time/Memory: 5.01,76284
Running FIXNM with kPathN for N=10000, sparsity=2, k=100, seed=1729...
      Average Passes: 1.0, Time/Memory: 4.86,76292
Running FIXNM with kPathN for N=10000, sparsity=2, k=200, seed=1729...
      Average Passes: 1.0, Time/Memory: 4.29,76352
Running FIXNM with kPathN for N=10000, sparsity=2, k=400, seed=1729...
      Average Passes: 1.0, Time/Memory: 5.55,76172
Running FIXNM with kPathN for N=10000, sparsity=2, k=600, seed=1729...
      Average Passes: 1.0, Time/Memory: 5.19,76312
Running FIXNM with kPathN for N=10000, sparsity=2, k=800, seed=1729...
      Average Passes: 1.0, Time/Memory: 4.45,76456
Running FIXNM with kPathN for N=10000, sparsity=2, k=1000, seed=1729...
      Average Passes: 1.0, Time/Memory: 4.67,76300
Running FIXNM with kPathN for N=10000, sparsity=2, k=3000, seed=1729...
      Average Passes: 1.0, Time/Memory: 4.15,76316
Running FIXNM with kPathN for N=10000, sparsity=2, k=5000, seed=1729...
      Average Passes: 1.0, Time/Memory: 5.15,76340
Running FIXNM with kPathN for N=10000, sparsity=2, k=7000, seed=1729...
      Average Passes: 1.0, Time/Memory: 4.81,76316
Running FIXNM with kPathN for N=10000, sparsity=2, k=9000, seed=1729...
      Average Passes: 1.0, Time/Memory: 5.37,76344
Running FIXNM with kLev0 for N=10000, sparsity=2, k=1, seed=1729...
      Average Passes: 4.07, Time/Memory: 21.08,8988
Running FIXNM with kLev0 for N=10000, sparsity=2, k=2, seed=1729...
      Average Passes: 4.07, Time/Memory: 20.87,8684
Running FIXNM with kLev0 for N=10000, sparsity=2, k=3, seed=1729...
      Average Passes: 4.07, Time/Memory: 22.54,8764
Running FIXNM with kLev0 for N=10000, sparsity=2, k=4, seed=1729...
      Average Passes: 4.06, Time/Memory: 20.42,8564
Running FIXNM with kLev0 for N=10000, sparsity=2, k=5, seed=1729...
      Average Passes: 4.07, Time/Memory: 22.53,8752
Running FIXNM with kLev0 for N=10000, sparsity=2, k=6, seed=1729...
      Average Passes: 4.07, Time/Memory: 23.39,8572
Running FIXNM with kLev0 for N=10000, sparsity=2, k=7, seed=1729...
      Average Passes: 4.07, Time/Memory: 23.25,8744
Running FIXNM with kLev0 for N=10000, sparsity=2, k=8, seed=1729...
      Average Passes: 4.08, Time/Memory: 22.23,8760
Running FIXNM with kLev0 for N=10000, sparsity=2, k=9, seed=1729...
      Average Passes: 4.08, Time/Memory: 20.91,8712
Running FIXNM with kLev0 for N=10000, sparsity=2, k=10, seed=1729...
      Average Passes: 4.09, Time/Memory: 22.97,9084
Running FIXNM with kLev0 for N=10000, sparsity=2, k=15, seed=1729...
      Average Passes: 4.08, Time/Memory: 20.82,8796
Running FIXNM with kLev0 for N=10000, sparsity=2, k=20, seed=1729...
      Average Passes: 4.07, Time/Memory: 20.66,8756
Running FIXNM with kLev0 for N=10000, sparsity=2, k=25, seed=1729...
      Average Passes: 4.06, Time/Memory: 23.99,9004
Running FIXNM with kLev0 for N=10000, sparsity=2, k=50, seed=1729...
      Average Passes: 4.03, Time/Memory: 22.54,8792
Running FIXNM with kLev0 for N=10000, sparsity=2, k=75, seed=1729...
      Average Passes: 4.02, Time/Memory: 23.48,8752
Running FIXNM with kLev0 for N=10000, sparsity=2, k=100, seed=1729...
      Average Passes: 4.01, Time/Memory: 21.68,8836
Running FIXNM with kLev0 for N=10000, sparsity=2, k=200, seed=1729...
      Average Passes: 4.0, Time/Memory: 21.19,9004
Running FIXNM with kLev0 for N=10000, sparsity=2, k=400, seed=1729...
      Average Passes: 4.0, Time/Memory: 24.65,9300
Running FIXNM with kLev0 for N=10000, sparsity=2, k=600, seed=1729...
      Average Passes: 4.0, Time/Memory: 21.77,9216
Running FIXNM with kLev0 for N=10000, sparsity=2, k=800, seed=1729...
      Average Passes: 4.0, Time/Memory: 23.95,9568
Running FIXNM with kLev0 for N=10000, sparsity=2, k=1000, seed=1729...
      Average Passes: 3.99, Time/Memory: 23.25,9356
Running FIXNM with kLev0 for N=10000, sparsity=2, k=3000, seed=1729...
      Average Passes: 4.0, Time/Memory: 25.46,10412
Running FIXNM with kLev0 for N=10000, sparsity=2, k=5000, seed=1729...
      Average Passes: 3.0, Time/Memory: 21.57,11296
Running FIXNM with kLev0 for N=10000, sparsity=2, k=7000, seed=1729...
      Average Passes: 3.0, Time/Memory: 18.71,11896
Running FIXNM with kLev0 for N=10000, sparsity=2, k=9000, seed=1729...
      Average Passes: 3.0, Time/Memory: 16.68,12436
Running FIXNM with kLevN for N=10000, sparsity=2, k=1, seed=1729...
      Average Passes: 2.34, Time/Memory: 15.95,9496
Running FIXNM with kLevN for N=10000, sparsity=2, k=2, seed=1729...
      Average Passes: 2.0, Time/Memory: 14.39,10312
Running FIXNM with kLevN for N=10000, sparsity=2, k=3, seed=1729...
      Average Passes: 1.99, Time/Memory: 16.65,10464
Running FIXNM with kLevN for N=10000, sparsity=2, k=4, seed=1729...
      Average Passes: 1.62, Time/Memory: 14.10,11924
Running FIXNM with kLevN for N=10000, sparsity=2, k=5, seed=1729...
      Average Passes: 1.17, Time/Memory: 15.32,12416
Running FIXNM with kLevN for N=10000, sparsity=2, k=6, seed=1729...
      Average Passes: 1.01, Time/Memory: 14.45,13116
Running FIXNM with kLevN for N=10000, sparsity=2, k=7, seed=1729...
      Average Passes: 1.0, Time/Memory: 13.40,13452
Running FIXNM with kLevN for N=10000, sparsity=2, k=8, seed=1729...
      Average Passes: 1.0, Time/Memory: 14.15,13292
Running FIXNM with kLevN for N=10000, sparsity=2, k=9, seed=1729...
      Average Passes: 1.0, Time/Memory: 12.74,13356
Running FIXNM with kLevN for N=10000, sparsity=2, k=10, seed=1729...
      Average Passes: 1.0, Time/Memory: 14.62,13388
Running FIXNM with kLevN for N=10000, sparsity=2, k=15, seed=1729...
      Average Passes: 1.0, Time/Memory: 3.07,76292
Running FIXNM with kLevN for N=10000, sparsity=2, k=20, seed=1729...
      Average Passes: 1.0, Time/Memory: 3.83,76320
Running FIXNM with kLevN for N=10000, sparsity=2, k=25, seed=1729...
      Average Passes: 1.0, Time/Memory: 3.85,76316
Running FIXNM with kLevN for N=10000, sparsity=2, k=50, seed=1729...
      Average Passes: 1.0, Time/Memory: 3.77,76356
Running FIXNM with kLevN for N=10000, sparsity=2, k=75, seed=1729...
      Average Passes: 1.0, Time/Memory: 3.94,76296
Running FIXNM with kLevN for N=10000, sparsity=2, k=100, seed=1729...
      Average Passes: 1.0, Time/Memory: 3.50,76300
Running FIXNM with kLevN for N=10000, sparsity=2, k=200, seed=1729...
      Average Passes: 1.0, Time/Memory: 3.89,76296
Running FIXNM with kLevN for N=10000, sparsity=2, k=400, seed=1729...
      Average Passes: 1.0, Time/Memory: 3.26,76340
Running FIXNM with kLevN for N=10000, sparsity=2, k=600, seed=1729...
      Average Passes: 1.0, Time/Memory: 3.44,76176
Running FIXNM with kLevN for N=10000, sparsity=2, k=800, seed=1729...
      Average Passes: 1.0, Time/Memory: 3.44,76320
Running FIXNM with kLevN for N=10000, sparsity=2, k=1000, seed=1729...
      Average Passes: 1.0, Time/Memory: 3.92,76356
Running FIXNM with kLevN for N=10000, sparsity=2, k=3000, seed=1729...
      Average Passes: 1.0, Time/Memory: 3.70,76324
Running FIXNM with kLevN for N=10000, sparsity=2, k=5000, seed=1729...
      Average Passes: 1.0, Time/Memory: 3.92,76296
Running FIXNM with kLevN for N=10000, sparsity=2, k=7000, seed=1729...
      Average Passes: 1.0, Time/Memory: 3.30,76352
Running FIXNM with kLevN for N=10000, sparsity=2, k=9000, seed=1729...
      Average Passes: 1.0, Time/Memory: 3.69,76340
