Graph already exists at: ./input/random_graphs/graph_10000_132877_UNIFORM_6230961512046992311.txt
Graph already exists at: ./input/random_graphs/graph_10000_132877_UNIFORM_7871178979383552919.txt
Graph already exists at: ./input/random_graphs/graph_10000_132877_UNIFORM_5739955973604961613.txt
Graph already exists at: ./input/random_graphs/graph_10000_132877_UNIFORM_3881801951614183357.txt
Graph already exists at: ./input/random_graphs/graph_10000_132877_UNIFORM_7032710160631691991.txt
Graph already exists at: ./input/random_graphs/graph_10000_132877_UNIFORM_7599700178212337699.txt
Graph already exists at: ./input/random_graphs/graph_10000_132877_UNIFORM_1353182403971399009.txt
Graph already exists at: ./input/random_graphs/graph_10000_132877_UNIFORM_1070244953599069350.txt
Graph already exists at: ./input/random_graphs/graph_10000_132877_UNIFORM_6522163754831416203.txt
Graph already exists at: ./input/random_graphs/graph_10000_132877_UNIFORM_6938562734920028532.txt
Graph already exists at: ./input/random_graphs/graph_10000_132877_UNIFORM_4040737767143389431.txt
Graph already exists at: ./input/random_graphs/graph_10000_132877_UNIFORM_1250005700364523649.txt
Graph already exists at: ./input/random_graphs/graph_10000_132877_UNIFORM_1309542850049879452.txt
Graph already exists at: ./input/random_graphs/graph_10000_132877_UNIFORM_2429002973740178792.txt
Graph already exists at: ./input/random_graphs/graph_10000_132877_UNIFORM_7663871783842725848.txt
Graph already exists at: ./input/random_graphs/graph_10000_132877_UNIFORM_320375091487821987.txt
Graph already exists at: ./input/random_graphs/graph_10000_132877_UNIFORM_5906957480796939447.txt
Graph already exists at: ./input/random_graphs/graph_10000_132877_UNIFORM_1250773459040295677.txt
Graph already exists at: ./input/random_graphs/graph_10000_132877_UNIFORM_7146860528564146064.txt
Graph already exists at: ./input/random_graphs/graph_10000_132877_UNIFORM_3438400432146115956.txt
Graph already exists at: ./input/random_graphs/graph_10000_132877_UNIFORM_7473196763798409428.txt
Graph already exists at: ./input/random_graphs/graph_10000_132877_UNIFORM_5139481885857321791.txt
Graph already exists at: ./input/random_graphs/graph_10000_132877_UNIFORM_5142811650494845597.txt
Graph already exists at: ./input/random_graphs/graph_10000_132877_UNIFORM_3010622984418968408.txt
Graph already exists at: ./input/random_graphs/graph_10000_132877_UNIFORM_6002685213311538187.txt
Graph already exists at: ./input/random_graphs/graph_10000_132877_UNIFORM_5708372698381010775.txt
Graph already exists at: ./input/random_graphs/graph_10000_132877_UNIFORM_521787134863155063.txt
Graph already exists at: ./input/random_graphs/graph_10000_132877_UNIFORM_1731523882129807996.txt
Graph already exists at: ./input/random_graphs/graph_10000_132877_UNIFORM_1853590723603270879.txt
Graph already exists at: ./input/random_graphs/graph_10000_132877_UNIFORM_7029781962072644698.txt
Graph already exists at: ./input/random_graphs/graph_10000_132877_UNIFORM_6785030173969523435.txt
Graph already exists at: ./input/random_graphs/graph_10000_132877_UNIFORM_5529616217668449934.txt
Graph already exists at: ./input/random_graphs/graph_10000_132877_UNIFORM_1024517563182776983.txt
Graph already exists at: ./input/random_graphs/graph_10000_132877_UNIFORM_3224265581699847191.txt
Graph already exists at: ./input/random_graphs/graph_10000_132877_UNIFORM_5258051056098597521.txt
Graph already exists at: ./input/random_graphs/graph_10000_132877_UNIFORM_1647170069535670909.txt
Graph already exists at: ./input/random_graphs/graph_10000_132877_UNIFORM_4122784633514911760.txt
Graph already exists at: ./input/random_graphs/graph_10000_132877_UNIFORM_7706236040662210848.txt
Graph already exists at: ./input/random_graphs/graph_10000_132877_UNIFORM_824387247617288499.txt
Graph already exists at: ./input/random_graphs/graph_10000_132877_UNIFORM_1632192924771168275.txt
Graph already exists at: ./input/random_graphs/graph_10000_132877_UNIFORM_7161906730445628483.txt
Graph already exists at: ./input/random_graphs/graph_10000_132877_UNIFORM_6802378520969450157.txt
Graph already exists at: ./input/random_graphs/graph_10000_132877_UNIFORM_4552998297316576788.txt
Graph already exists at: ./input/random_graphs/graph_10000_132877_UNIFORM_8031431416522537101.txt
Graph already exists at: ./input/random_graphs/graph_10000_132877_UNIFORM_6143643868734370809.txt
Graph already exists at: ./input/random_graphs/graph_10000_132877_UNIFORM_3272308573967577038.txt
Graph already exists at: ./input/random_graphs/graph_10000_132877_UNIFORM_5636411189175451024.txt
Graph already exists at: ./input/random_graphs/graph_10000_132877_UNIFORM_5349491008325879064.txt
Graph already exists at: ./input/random_graphs/graph_10000_132877_UNIFORM_6614505080519948832.txt
Graph already exists at: ./input/random_graphs/graph_10000_132877_UNIFORM_7938560551762094560.txt
Graph already exists at: ./input/random_graphs/graph_10000_132877_UNIFORM_7917045922527545890.txt
Graph already exists at: ./input/random_graphs/graph_10000_132877_UNIFORM_4445925461710302877.txt
Graph already exists at: ./input/random_graphs/graph_10000_132877_UNIFORM_3865339568260874865.txt
Graph already exists at: ./input/random_graphs/graph_10000_132877_UNIFORM_7921282862123281598.txt
Graph already exists at: ./input/random_graphs/graph_10000_132877_UNIFORM_6224222471595207695.txt
Graph already exists at: ./input/random_graphs/graph_10000_132877_UNIFORM_1128313391724783137.txt
Graph already exists at: ./input/random_graphs/graph_10000_132877_UNIFORM_716820155901718944.txt
Graph already exists at: ./input/random_graphs/graph_10000_132877_UNIFORM_8718380604043999642.txt
Graph already exists at: ./input/random_graphs/graph_10000_132877_UNIFORM_5063475852268941542.txt
Graph already exists at: ./input/random_graphs/graph_10000_132877_UNIFORM_4997514996153925447.txt
Graph already exists at: ./input/random_graphs/graph_10000_132877_UNIFORM_8446481348147407377.txt
Graph already exists at: ./input/random_graphs/graph_10000_132877_UNIFORM_3817405844514670994.txt
Graph already exists at: ./input/random_graphs/graph_10000_132877_UNIFORM_6529943913552561417.txt
Graph already exists at: ./input/random_graphs/graph_10000_132877_UNIFORM_2909934787168262407.txt
Graph already exists at: ./input/random_graphs/graph_10000_132877_UNIFORM_1170385908854608748.txt
Graph already exists at: ./input/random_graphs/graph_10000_132877_UNIFORM_6022436717541034636.txt
Graph already exists at: ./input/random_graphs/graph_10000_132877_UNIFORM_199422815561151340.txt
Graph already exists at: ./input/random_graphs/graph_10000_132877_UNIFORM_3713827327871807734.txt
Graph already exists at: ./input/random_graphs/graph_10000_132877_UNIFORM_175493991617213850.txt
Graph already exists at: ./input/random_graphs/graph_10000_132877_UNIFORM_5108599054664628607.txt
Graph already exists at: ./input/random_graphs/graph_10000_132877_UNIFORM_6764066939395682287.txt
Graph already exists at: ./input/random_graphs/graph_10000_132877_UNIFORM_9130666990809746335.txt
Graph already exists at: ./input/random_graphs/graph_10000_132877_UNIFORM_7644420139408884785.txt
Graph already exists at: ./input/random_graphs/graph_10000_132877_UNIFORM_1458186392400727732.txt
Graph already exists at: ./input/random_graphs/graph_10000_132877_UNIFORM_1392892770529522614.txt
Graph already exists at: ./input/random_graphs/graph_10000_132877_UNIFORM_9060210648189963449.txt
Graph already exists at: ./input/random_graphs/graph_10000_132877_UNIFORM_4250897495980125004.txt
Graph already exists at: ./input/random_graphs/graph_10000_132877_UNIFORM_8794274795737982182.txt
Graph already exists at: ./input/random_graphs/graph_10000_132877_UNIFORM_2089506265998900862.txt
Graph already exists at: ./input/random_graphs/graph_10000_132877_UNIFORM_5497874167834979553.txt
Graph already exists at: ./input/random_graphs/graph_10000_132877_UNIFORM_4060584409398689268.txt
Graph already exists at: ./input/random_graphs/graph_10000_132877_UNIFORM_1332005502874566195.txt
Graph already exists at: ./input/random_graphs/graph_10000_132877_UNIFORM_1722224698700348310.txt
Graph already exists at: ./input/random_graphs/graph_10000_132877_UNIFORM_8626102704817790064.txt
Graph already exists at: ./input/random_graphs/graph_10000_132877_UNIFORM_7905487461282246979.txt
Graph already exists at: ./input/random_graphs/graph_10000_132877_UNIFORM_8448596294177070022.txt
Graph already exists at: ./input/random_graphs/graph_10000_132877_UNIFORM_4795749165124911768.txt
Graph already exists at: ./input/random_graphs/graph_10000_132877_UNIFORM_4934890601268679176.txt
Graph already exists at: ./input/random_graphs/graph_10000_132877_UNIFORM_1992204328026194281.txt
Graph already exists at: ./input/random_graphs/graph_10000_132877_UNIFORM_7118744415197196276.txt
Graph already exists at: ./input/random_graphs/graph_10000_132877_UNIFORM_2718103348384927511.txt
Graph already exists at: ./input/random_graphs/graph_10000_132877_UNIFORM_9059990922233379852.txt
Graph already exists at: ./input/random_graphs/graph_10000_132877_UNIFORM_7449662661572224354.txt
Graph already exists at: ./input/random_graphs/graph_10000_132877_UNIFORM_3221421291694197220.txt
Graph already exists at: ./input/random_graphs/graph_10000_132877_UNIFORM_8867616339855336876.txt
Graph already exists at: ./input/random_graphs/graph_10000_132877_UNIFORM_5894893360759659423.txt
Graph already exists at: ./input/random_graphs/graph_10000_132877_UNIFORM_7983805977214098674.txt
Graph already exists at: ./input/random_graphs/graph_10000_132877_UNIFORM_4940913311242578590.txt
Graph already exists at: ./input/random_graphs/graph_10000_132877_UNIFORM_2264398621601381987.txt
Graph already exists at: ./input/random_graphs/graph_10000_132877_UNIFORM_7632458674696225362.txt
Running VARK with 100 iterations, for N = 10,000 and sparsity code 2 for k from 1 to N and seed token 1729
Generating 100 graph(s) with N=10000, sparsity=2, seed=1729...
Running FIXNM with kPath0 for N=10000, sparsity=2, k=1, seed=1729...
      Average Passes: 124.44, Time/Memory: 496.99,7160
Running FIXNM with kPath0 for N=10000, sparsity=2, k=2, seed=1729...
      Average Passes: 11.81, Time/Memory: 48.31,8192
Running FIXNM with kPath0 for N=10000, sparsity=2, k=3, seed=1729...
      Average Passes: 4.0, Time/Memory: 17.13,9216
Running FIXNM with kPath0 for N=10000, sparsity=2, k=4, seed=1729...
      Average Passes: 4.0, Time/Memory: 17.58,10240
Running FIXNM with kPath0 for N=10000, sparsity=2, k=5, seed=1729...
      Average Passes: 3.0, Time/Memory: 12.75,11264
Running FIXNM with kPath0 for N=10000, sparsity=2, k=6, seed=1729...
      Average Passes: 3.0, Time/Memory: 13.30,12288
Running FIXNM with kPath0 for N=10000, sparsity=2, k=7, seed=1729...
      Average Passes: 3.0, Time/Memory: 13.52,13312
Running FIXNM with kPath0 for N=10000, sparsity=2, k=8, seed=1729...
      Average Passes: 3.0, Time/Memory: 13.69,14336
Running FIXNM with kPath0 for N=10000, sparsity=2, k=9, seed=1729...
      Average Passes: 3.0, Time/Memory: 14.18,15360
Running FIXNM with kPath0 for N=10000, sparsity=2, k=10, seed=1729...
      Average Passes: 3.0, Time/Memory: 14.11,16384
Running FIXNM with kPath0 for N=10000, sparsity=2, k=11, seed=1729...
      Average Passes: 3.0, Time/Memory: 14.87,17408
Running FIXNM with kPath0 for N=10000, sparsity=2, k=12, seed=1729...
      Average Passes: 3.0, Time/Memory: 15.04,18432
Running FIXNM with kPath0 for N=10000, sparsity=2, k=13, seed=1729...
      Average Passes: 3.0, Time/Memory: 15.36,19456
Running FIXNM with kPath0 for N=10000, sparsity=2, k=14, seed=1729...
      Average Passes: 3.0, Time/Memory: 15.47,20480
Running FIXNM with kPath0 for N=10000, sparsity=2, k=15, seed=1729...
      Average Passes: 2.0, Time/Memory: 11.24,20760
Running FIXNM with kPath0 for N=10000, sparsity=2, k=20, seed=1729...
      Average Passes: 2.0, Time/Memory: 11.15,20760
Running FIXNM with kPath0 for N=10000, sparsity=2, k=25, seed=1729...
      Average Passes: 2.0, Time/Memory: 11.15,20760
Running FIXNM with kPath0 for N=10000, sparsity=2, k=30, seed=1729...
      Average Passes: 2.0, Time/Memory: 11.22,21836
Running FIXNM with kPath0 for N=10000, sparsity=2, k=35, seed=1729...
      Average Passes: 2.0, Time/Memory: 11.20,20760
Running FIXNM with kPath0 for N=10000, sparsity=2, k=40, seed=1729...
      Average Passes: 2.0, Time/Memory: 11.25,20928
Running FIXNM with kPath0 for N=10000, sparsity=2, k=45, seed=1729...
      Average Passes: 2.0, Time/Memory: 11.25,20760
Running FIXNM with kPath0 for N=10000, sparsity=2, k=50, seed=1729...
      Average Passes: 2.0, Time/Memory: 11.27,20848
Running FIXNM with kPath0 for N=10000, sparsity=2, k=60, seed=1729...
      Average Passes: 2.0, Time/Memory: 11.31,20760
Running FIXNM with kPath0 for N=10000, sparsity=2, k=70, seed=1729...
      Average Passes: 2.0, Time/Memory: 11.16,20760
Running FIXNM with kPath0 for N=10000, sparsity=2, k=80, seed=1729...
      Average Passes: 2.0, Time/Memory: 11.23,20760
Running FIXNM with kPath0 for N=10000, sparsity=2, k=90, seed=1729...
      Average Passes: 2.0, Time/Memory: 11.26,21904
Running FIXNM with kPath0 for N=10000, sparsity=2, k=100, seed=1729...
      Average Passes: 2.0, Time/Memory: 10.91,20756
Running FIXNM with kPath0 for N=10000, sparsity=2, k=150, seed=1729...
      Average Passes: 2.0, Time/Memory: 11.10,20756
Running FIXNM with kPath0 for N=10000, sparsity=2, k=200, seed=1729...
      Average Passes: 2.0, Time/Memory: 11.11,20760
Running FIXNM with kPath0 for N=10000, sparsity=2, k=250, seed=1729...
      Average Passes: 2.0, Time/Memory: 10.91,20944
Running FIXNM with kPath0 for N=10000, sparsity=2, k=300, seed=1729...
      Average Passes: 2.0, Time/Memory: 11.25,20760
Running FIXNM with kPath0 for N=10000, sparsity=2, k=400, seed=1729...
      Average Passes: 2.0, Time/Memory: 10.91,20760
Running FIXNM with kPath0 for N=10000, sparsity=2, k=500, seed=1729...
      Average Passes: 2.0, Time/Memory: 10.90,20760
Running FIXNM with kPath0 for N=10000, sparsity=2, k=750, seed=1729...
      Average Passes: 2.0, Time/Memory: 10.93,21032
Running FIXNM with kPath0 for N=10000, sparsity=2, k=1000, seed=1729...
      Average Passes: 2.0, Time/Memory: 11.14,20756
Running FIXNM with kPath0 for N=10000, sparsity=2, k=1500, seed=1729...
      Average Passes: 2.0, Time/Memory: 11.10,20760
Running FIXNM with kPath0 for N=10000, sparsity=2, k=2000, seed=1729...
      Average Passes: 2.0, Time/Memory: 11.18,20844
Running FIXNM with kPath0 for N=10000, sparsity=2, k=2500, seed=1729...
      Average Passes: 2.0, Time/Memory: 11.20,20760
Running FIXNM with kPath0 for N=10000, sparsity=2, k=3000, seed=1729...
      Average Passes: 2.0, Time/Memory: 11.29,20864
Running FIXNM with kPath0 for N=10000, sparsity=2, k=4000, seed=1729...
      Average Passes: 2.0, Time/Memory: 11.13,20760
Running FIXNM with kPath0 for N=10000, sparsity=2, k=5000, seed=1729...
      Average Passes: 2.0, Time/Memory: 11.23,20760
Running FIXNM with kPath0 for N=10000, sparsity=2, k=7500, seed=1729...
      Average Passes: 2.0, Time/Memory: 11.11,20756
Running FIXNM with kPath0 for N=10000, sparsity=2, k=10000, seed=1729...
      Average Passes: 2.0, Time/Memory: 11.09,20856
Running FIXNM with kPathN for N=10000, sparsity=2, k=1, seed=1729...
      Average Passes: 44.68, Time/Memory: 201.61,8192
Running FIXNM with kPathN for N=10000, sparsity=2, k=2, seed=1729...
      Average Passes: 3.0, Time/Memory: 13.97,9148
Running FIXNM with kPathN for N=10000, sparsity=2, k=3, seed=1729...
      Average Passes: 2.0, Time/Memory: 9.40,9216
Running FIXNM with kPathN for N=10000, sparsity=2, k=4, seed=1729...
      Average Passes: 2.0, Time/Memory: 9.24,11124
Running FIXNM with kPathN for N=10000, sparsity=2, k=5, seed=1729...
      Average Passes: 2.0, Time/Memory: 9.59,12096
Running FIXNM with kPathN for N=10000, sparsity=2, k=6, seed=1729...
      Average Passes: 2.0, Time/Memory: 9.80,13084
Running FIXNM with kPathN for N=10000, sparsity=2, k=7, seed=1729...
      Average Passes: 2.0, Time/Memory: 10.00,13312
Running FIXNM with kPathN for N=10000, sparsity=2, k=8, seed=1729...
      Average Passes: 2.0, Time/Memory: 10.09,14336
Running FIXNM with kPathN for N=10000, sparsity=2, k=9, seed=1729...
      Average Passes: 2.0, Time/Memory: 10.50,15360
Running FIXNM with kPathN for N=10000, sparsity=2, k=10, seed=1729...
      Average Passes: 2.0, Time/Memory: 10.77,16384
Running FIXNM with kPathN for N=10000, sparsity=2, k=11, seed=1729...
      Average Passes: 2.0, Time/Memory: 11.25,17408
Running FIXNM with kPathN for N=10000, sparsity=2, k=12, seed=1729...
      Average Passes: 2.0, Time/Memory: 11.47,18432
Running FIXNM with kPathN for N=10000, sparsity=2, k=13, seed=1729...
      Average Passes: 2.0, Time/Memory: 11.80,19456
Running FIXNM with kPathN for N=10000, sparsity=2, k=14, seed=1729...
      Average Passes: 1.0, Time/Memory: 4.40,74752
Running FIXNM with kPathN for N=10000, sparsity=2, k=15, seed=1729...
      Average Passes: 1.0, Time/Memory: 4.37,74752
Running FIXNM with kPathN for N=10000, sparsity=2, k=20, seed=1729...
      Average Passes: 1.0, Time/Memory: 4.51,74752
Running FIXNM with kPathN for N=10000, sparsity=2, k=25, seed=1729...
      Average Passes: 1.0, Time/Memory: 4.44,74752
Running FIXNM with kPathN for N=10000, sparsity=2, k=30, seed=1729...
      Average Passes: 1.0, Time/Memory: 4.34,74752
Running FIXNM with kPathN for N=10000, sparsity=2, k=35, seed=1729...
      Average Passes: 1.0, Time/Memory: 4.41,74752
Running FIXNM with kPathN for N=10000, sparsity=2, k=40, seed=1729...
      Average Passes: 1.0, Time/Memory: 4.48,74752
Running FIXNM with kPathN for N=10000, sparsity=2, k=45, seed=1729...
      Average Passes: 1.0, Time/Memory: 4.42,74752
Running FIXNM with kPathN for N=10000, sparsity=2, k=50, seed=1729...
      Average Passes: 1.0, Time/Memory: 4.42,74752
Running FIXNM with kPathN for N=10000, sparsity=2, k=60, seed=1729...
      Average Passes: 1.0, Time/Memory: 4.43,74752
Running FIXNM with kPathN for N=10000, sparsity=2, k=70, seed=1729...
      Average Passes: 1.0, Time/Memory: 4.47,74752
Running FIXNM with kPathN for N=10000, sparsity=2, k=80, seed=1729...
      Average Passes: 1.0, Time/Memory: 4.46,74752
Running FIXNM with kPathN for N=10000, sparsity=2, k=90, seed=1729...
      Average Passes: 1.0, Time/Memory: 4.47,74752
Running FIXNM with kPathN for N=10000, sparsity=2, k=100, seed=1729...
      Average Passes: 1.0, Time/Memory: 4.49,74752
Running FIXNM with kPathN for N=10000, sparsity=2, k=150, seed=1729...
      Average Passes: 1.0, Time/Memory: 4.35,74752
Running FIXNM with kPathN for N=10000, sparsity=2, k=200, seed=1729...
      Average Passes: 1.0, Time/Memory: 4.54,74752
Running FIXNM with kPathN for N=10000, sparsity=2, k=250, seed=1729...
      Average Passes: 1.0, Time/Memory: 4.48,74752
Running FIXNM with kPathN for N=10000, sparsity=2, k=300, seed=1729...
      Average Passes: 1.0, Time/Memory: 4.40,74752
Running FIXNM with kPathN for N=10000, sparsity=2, k=400, seed=1729...
      Average Passes: 1.0, Time/Memory: 4.50,74752
Running FIXNM with kPathN for N=10000, sparsity=2, k=500, seed=1729...
      Average Passes: 1.0, Time/Memory: 4.34,74752
Running FIXNM with kPathN for N=10000, sparsity=2, k=750, seed=1729...
      Average Passes: 1.0, Time/Memory: 4.52,74752
Running FIXNM with kPathN for N=10000, sparsity=2, k=1000, seed=1729...
      Average Passes: 1.0, Time/Memory: 4.46,74752
Running FIXNM with kPathN for N=10000, sparsity=2, k=1500, seed=1729...
      Average Passes: 1.0, Time/Memory: 4.46,74752
Running FIXNM with kPathN for N=10000, sparsity=2, k=2000, seed=1729...
      Average Passes: 1.0, Time/Memory: 4.37,74752
Running FIXNM with kPathN for N=10000, sparsity=2, k=2500, seed=1729...
      Average Passes: 1.0, Time/Memory: 4.35,74752
Running FIXNM with kPathN for N=10000, sparsity=2, k=3000, seed=1729...
      Average Passes: 1.0, Time/Memory: 4.38,74752
Running FIXNM with kPathN for N=10000, sparsity=2, k=4000, seed=1729...
      Average Passes: 1.0, Time/Memory: 4.45,74752
Running FIXNM with kPathN for N=10000, sparsity=2, k=5000, seed=1729...
      Average Passes: 1.0, Time/Memory: 4.37,74752
Running FIXNM with kPathN for N=10000, sparsity=2, k=7500, seed=1729...
      Average Passes: 1.0, Time/Memory: 4.46,74752
Running FIXNM with kPathN for N=10000, sparsity=2, k=10000, seed=1729...
      Average Passes: 1.0, Time/Memory: 4.47,74752
Running FIXNM with kLev0 for N=10000, sparsity=2, k=1, seed=1729...
      Average Passes: 4.15, Time/Memory: 30.72,8192
Running FIXNM with kLev0 for N=10000, sparsity=2, k=2, seed=1729...
      Average Passes: 4.15, Time/Memory: 30.90,8192
Running FIXNM with kLev0 for N=10000, sparsity=2, k=3, seed=1729...
      Average Passes: 4.16, Time/Memory: 31.20,8192
Running FIXNM with kLev0 for N=10000, sparsity=2, k=4, seed=1729...
      Average Passes: 4.16, Time/Memory: 31.23,8192
Running FIXNM with kLev0 for N=10000, sparsity=2, k=5, seed=1729...
      Average Passes: 4.16, Time/Memory: 31.14,7168
Running FIXNM with kLev0 for N=10000, sparsity=2, k=6, seed=1729...
      Average Passes: 4.15, Time/Memory: 31.30,8192
Running FIXNM with kLev0 for N=10000, sparsity=2, k=7, seed=1729...
      Average Passes: 4.15, Time/Memory: 30.76,8192
Running FIXNM with kLev0 for N=10000, sparsity=2, k=8, seed=1729...
      Average Passes: 4.15, Time/Memory: 30.96,8192
Running FIXNM with kLev0 for N=10000, sparsity=2, k=9, seed=1729...
      Average Passes: 4.15, Time/Memory: 31.14,8192
Running FIXNM with kLev0 for N=10000, sparsity=2, k=10, seed=1729...
      Average Passes: 4.15, Time/Memory: 30.94,8192
Running FIXNM with kLev0 for N=10000, sparsity=2, k=11, seed=1729...
      Average Passes: 4.15, Time/Memory: 31.14,8192
Running FIXNM with kLev0 for N=10000, sparsity=2, k=12, seed=1729...
      Average Passes: 4.14, Time/Memory: 31.12,8192
Running FIXNM with kLev0 for N=10000, sparsity=2, k=13, seed=1729...
      Average Passes: 4.13, Time/Memory: 30.89,8192
Running FIXNM with kLev0 for N=10000, sparsity=2, k=14, seed=1729...
      Average Passes: 4.13, Time/Memory: 30.94,8192
Running FIXNM with kLev0 for N=10000, sparsity=2, k=15, seed=1729...
      Average Passes: 4.12, Time/Memory: 31.28,8192
Running FIXNM with kLev0 for N=10000, sparsity=2, k=20, seed=1729...
      Average Passes: 4.1, Time/Memory: 30.98,8192
Running FIXNM with kLev0 for N=10000, sparsity=2, k=25, seed=1729...
      Average Passes: 4.1, Time/Memory: 30.88,8192
Running FIXNM with kLev0 for N=10000, sparsity=2, k=30, seed=1729...
      Average Passes: 4.08, Time/Memory: 30.93,8192
Running FIXNM with kLev0 for N=10000, sparsity=2, k=35, seed=1729...
      Average Passes: 4.07, Time/Memory: 30.47,8192
Running FIXNM with kLev0 for N=10000, sparsity=2, k=40, seed=1729...
      Average Passes: 4.06, Time/Memory: 30.40,8192
Running FIXNM with kLev0 for N=10000, sparsity=2, k=45, seed=1729...
      Average Passes: 4.05, Time/Memory: 30.82,8192
Running FIXNM with kLev0 for N=10000, sparsity=2, k=50, seed=1729...
      Average Passes: 4.05, Time/Memory: 30.48,8192
Running FIXNM with kLev0 for N=10000, sparsity=2, k=60, seed=1729...
      Average Passes: 4.03, Time/Memory: 30.70,8192
Running FIXNM with kLev0 for N=10000, sparsity=2, k=70, seed=1729...
      Average Passes: 4.02, Time/Memory: 30.52,8192
Running FIXNM with kLev0 for N=10000, sparsity=2, k=80, seed=1729...
      Average Passes: 4.02, Time/Memory: 30.35,8192
Running FIXNM with kLev0 for N=10000, sparsity=2, k=90, seed=1729...
      Average Passes: 4.01, Time/Memory: 30.60,8192
Running FIXNM with kLev0 for N=10000, sparsity=2, k=100, seed=1729...
      Average Passes: 4.01, Time/Memory: 30.71,8192
Running FIXNM with kLev0 for N=10000, sparsity=2, k=150, seed=1729...
      Average Passes: 4.0, Time/Memory: 29.94,8192
Running FIXNM with kLev0 for N=10000, sparsity=2, k=200, seed=1729...
      Average Passes: 4.0, Time/Memory: 30.66,8192
Running FIXNM with kLev0 for N=10000, sparsity=2, k=250, seed=1729...
      Average Passes: 4.0, Time/Memory: 30.22,8192
Running FIXNM with kLev0 for N=10000, sparsity=2, k=300, seed=1729...
      Average Passes: 4.0, Time/Memory: 30.66,8192
Running FIXNM with kLev0 for N=10000, sparsity=2, k=400, seed=1729...
      Average Passes: 4.0, Time/Memory: 30.61,8192
Running FIXNM with kLev0 for N=10000, sparsity=2, k=500, seed=1729...
      Average Passes: 4.0, Time/Memory: 30.57,8192
Running FIXNM with kLev0 for N=10000, sparsity=2, k=750, seed=1729...
      Average Passes: 4.0, Time/Memory: 30.51,8192
Running FIXNM with kLev0 for N=10000, sparsity=2, k=1000, seed=1729...
      Average Passes: 4.0, Time/Memory: 30.16,9216
Running FIXNM with kLev0 for N=10000, sparsity=2, k=1500, seed=1729...
      Average Passes: 4.0, Time/Memory: 30.40,9216
Running FIXNM with kLev0 for N=10000, sparsity=2, k=2000, seed=1729...
      Average Passes: 4.0, Time/Memory: 30.27,9216
Running FIXNM with kLev0 for N=10000, sparsity=2, k=2500, seed=1729...
      Average Passes: 3.99, Time/Memory: 30.02,10240
Running FIXNM with kLev0 for N=10000, sparsity=2, k=3000, seed=1729...
      Average Passes: 4.0, Time/Memory: 29.92,10240
Running FIXNM with kLev0 for N=10000, sparsity=2, k=4000, seed=1729...
      Average Passes: 3.99, Time/Memory: 29.24,10240
Running FIXNM with kLev0 for N=10000, sparsity=2, k=5000, seed=1729...
      Average Passes: 3.0, Time/Memory: 24.74,11264
Running FIXNM with kLev0 for N=10000, sparsity=2, k=7500, seed=1729...
      Average Passes: 3.0, Time/Memory: 24.48,11264
Running FIXNM with kLev0 for N=10000, sparsity=2, k=10000, seed=1729...
      Average Passes: 2.0, Time/Memory: 20.22,12288
Running FIXNM with kLevN for N=10000, sparsity=2, k=1, seed=1729...
      Average Passes: 2.28, Time/Memory: 21.85,9216
Running FIXNM with kLevN for N=10000, sparsity=2, k=2, seed=1729...
      Average Passes: 2.0, Time/Memory: 20.94,9216
Running FIXNM with kLevN for N=10000, sparsity=2, k=3, seed=1729...
      Average Passes: 2.0, Time/Memory: 21.12,10240
Running FIXNM with kLevN for N=10000, sparsity=2, k=4, seed=1729...
      Average Passes: 1.6, Time/Memory: 20.04,11264
Running FIXNM with kLevN for N=10000, sparsity=2, k=5, seed=1729...
      Average Passes: 1.15, Time/Memory: 18.36,12288
Running FIXNM with kLevN for N=10000, sparsity=2, k=6, seed=1729...
      Average Passes: 1.01, Time/Memory: 17.99,12288
Running FIXNM with kLevN for N=10000, sparsity=2, k=7, seed=1729...
      Average Passes: 1.0, Time/Memory: 18.04,13312
Running FIXNM with kLevN for N=10000, sparsity=2, k=8, seed=1729...
      Average Passes: 1.0, Time/Memory: 18.05,13312
Running FIXNM with kLevN for N=10000, sparsity=2, k=9, seed=1729...
      Average Passes: 1.0, Time/Memory: 18.10,13312
Running FIXNM with kLevN for N=10000, sparsity=2, k=10, seed=1729...
      Average Passes: 1.0, Time/Memory: 17.96,12288
Running FIXNM with kLevN for N=10000, sparsity=2, k=11, seed=1729...
      Average Passes: 1.0, Time/Memory: 17.94,13312
Running FIXNM with kLevN for N=10000, sparsity=2, k=12, seed=1729...
      Average Passes: 1.0, Time/Memory: 18.04,12288
Running FIXNM with kLevN for N=10000, sparsity=2, k=13, seed=1729...
      Average Passes: 1.0, Time/Memory: 17.93,12288
Running FIXNM with kLevN for N=10000, sparsity=2, k=14, seed=1729...
      Average Passes: 1.0, Time/Memory: 4.48,74752
Running FIXNM with kLevN for N=10000, sparsity=2, k=15, seed=1729...
      Average Passes: 1.0, Time/Memory: 4.43,74752
Running FIXNM with kLevN for N=10000, sparsity=2, k=20, seed=1729...
      Average Passes: 1.0, Time/Memory: 4.48,74752
Running FIXNM with kLevN for N=10000, sparsity=2, k=25, seed=1729...
      Average Passes: 1.0, Time/Memory: 4.39,74752
Running FIXNM with kLevN for N=10000, sparsity=2, k=30, seed=1729...
      Average Passes: 1.0, Time/Memory: 4.46,74752
Running FIXNM with kLevN for N=10000, sparsity=2, k=35, seed=1729...
      Average Passes: 1.0, Time/Memory: 4.32,74752
Running FIXNM with kLevN for N=10000, sparsity=2, k=40, seed=1729...
      Average Passes: 1.0, Time/Memory: 4.48,74752
Running FIXNM with kLevN for N=10000, sparsity=2, k=45, seed=1729...
      Average Passes: 1.0, Time/Memory: 4.36,74752
Running FIXNM with kLevN for N=10000, sparsity=2, k=50, seed=1729...
      Average Passes: 1.0, Time/Memory: 4.47,74752
Running FIXNM with kLevN for N=10000, sparsity=2, k=60, seed=1729...
      Average Passes: 1.0, Time/Memory: 4.50,74752
Running FIXNM with kLevN for N=10000, sparsity=2, k=70, seed=1729...
      Average Passes: 1.0, Time/Memory: 4.42,74752
Running FIXNM with kLevN for N=10000, sparsity=2, k=80, seed=1729...
      Average Passes: 1.0, Time/Memory: 4.36,74752
Running FIXNM with kLevN for N=10000, sparsity=2, k=90, seed=1729...
      Average Passes: 1.0, Time/Memory: 4.40,74752
Running FIXNM with kLevN for N=10000, sparsity=2, k=100, seed=1729...
      Average Passes: 1.0, Time/Memory: 4.39,74752
Running FIXNM with kLevN for N=10000, sparsity=2, k=150, seed=1729...
      Average Passes: 1.0, Time/Memory: 4.50,74752
Running FIXNM with kLevN for N=10000, sparsity=2, k=200, seed=1729...
      Average Passes: 1.0, Time/Memory: 4.46,74752
Running FIXNM with kLevN for N=10000, sparsity=2, k=250, seed=1729...
      Average Passes: 1.0, Time/Memory: 4.39,74752
Running FIXNM with kLevN for N=10000, sparsity=2, k=300, seed=1729...
      Average Passes: 1.0, Time/Memory: 4.37,74752
Running FIXNM with kLevN for N=10000, sparsity=2, k=400, seed=1729...
      Average Passes: 1.0, Time/Memory: 4.42,74752
Running FIXNM with kLevN for N=10000, sparsity=2, k=500, seed=1729...
      Average Passes: 1.0, Time/Memory: 4.35,74752
Running FIXNM with kLevN for N=10000, sparsity=2, k=750, seed=1729...
      Average Passes: 1.0, Time/Memory: 4.39,74752
Running FIXNM with kLevN for N=10000, sparsity=2, k=1000, seed=1729...
      Average Passes: 1.0, Time/Memory: 4.49,74752
Running FIXNM with kLevN for N=10000, sparsity=2, k=1500, seed=1729...
      Average Passes: 1.0, Time/Memory: 4.46,74752
Running FIXNM with kLevN for N=10000, sparsity=2, k=2000, seed=1729...
      Average Passes: 1.0, Time/Memory: 4.36,74752
Running FIXNM with kLevN for N=10000, sparsity=2, k=2500, seed=1729...
      Average Passes: 1.0, Time/Memory: 4.40,74752
Running FIXNM with kLevN for N=10000, sparsity=2, k=3000, seed=1729...
      Average Passes: 1.0, Time/Memory: 4.47,74752
Running FIXNM with kLevN for N=10000, sparsity=2, k=4000, seed=1729...
      Average Passes: 1.0, Time/Memory: 4.48,74752
Running FIXNM with kLevN for N=10000, sparsity=2, k=5000, seed=1729...
      Average Passes: 1.0, Time/Memory: 4.33,74752
Running FIXNM with kLevN for N=10000, sparsity=2, k=7500, seed=1729...
      Average Passes: 1.0, Time/Memory: 4.42,74752
Running FIXNM with kLevN for N=10000, sparsity=2, k=10000, seed=1729...
      Average Passes: 1.0, Time/Memory: 4.37,74752
