Graph already exists at: ./input/random_graphs/graph_10000_1000000_UNIFORM_6230961512046992311.txt
Graph already exists at: ./input/random_graphs/graph_10000_1000000_UNIFORM_7871178979383552919.txt
Graph already exists at: ./input/random_graphs/graph_10000_1000000_UNIFORM_5739955973604961613.txt
Graph already exists at: ./input/random_graphs/graph_10000_1000000_UNIFORM_3881801951614183357.txt
Graph already exists at: ./input/random_graphs/graph_10000_1000000_UNIFORM_7032710160631691991.txt
Graph already exists at: ./input/random_graphs/graph_10000_1000000_UNIFORM_7599700178212337699.txt
Graph already exists at: ./input/random_graphs/graph_10000_1000000_UNIFORM_1353182403971399009.txt
Graph already exists at: ./input/random_graphs/graph_10000_1000000_UNIFORM_1070244953599069350.txt
Graph already exists at: ./input/random_graphs/graph_10000_1000000_UNIFORM_6522163754831416203.txt
Graph already exists at: ./input/random_graphs/graph_10000_1000000_UNIFORM_6938562734920028532.txt
Graph already exists at: ./input/random_graphs/graph_10000_1000000_UNIFORM_4040737767143389431.txt
Graph already exists at: ./input/random_graphs/graph_10000_1000000_UNIFORM_1250005700364523649.txt
Graph already exists at: ./input/random_graphs/graph_10000_1000000_UNIFORM_1309542850049879452.txt
Graph already exists at: ./input/random_graphs/graph_10000_1000000_UNIFORM_2429002973740178792.txt
Graph already exists at: ./input/random_graphs/graph_10000_1000000_UNIFORM_7663871783842725848.txt
Graph already exists at: ./input/random_graphs/graph_10000_1000000_UNIFORM_320375091487821987.txt
Graph already exists at: ./input/random_graphs/graph_10000_1000000_UNIFORM_5906957480796939447.txt
Graph already exists at: ./input/random_graphs/graph_10000_1000000_UNIFORM_1250773459040295677.txt
Graph already exists at: ./input/random_graphs/graph_10000_1000000_UNIFORM_7146860528564146064.txt
Graph already exists at: ./input/random_graphs/graph_10000_1000000_UNIFORM_3438400432146115956.txt
Graph already exists at: ./input/random_graphs/graph_10000_1000000_UNIFORM_7473196763798409428.txt
Graph already exists at: ./input/random_graphs/graph_10000_1000000_UNIFORM_5139481885857321791.txt
Graph already exists at: ./input/random_graphs/graph_10000_1000000_UNIFORM_5142811650494845597.txt
Graph already exists at: ./input/random_graphs/graph_10000_1000000_UNIFORM_3010622984418968408.txt
Graph already exists at: ./input/random_graphs/graph_10000_1000000_UNIFORM_6002685213311538187.txt
Graph already exists at: ./input/random_graphs/graph_10000_1000000_UNIFORM_5708372698381010775.txt
Graph already exists at: ./input/random_graphs/graph_10000_1000000_UNIFORM_521787134863155063.txt
Graph already exists at: ./input/random_graphs/graph_10000_1000000_UNIFORM_1731523882129807996.txt
Graph already exists at: ./input/random_graphs/graph_10000_1000000_UNIFORM_1853590723603270879.txt
Graph already exists at: ./input/random_graphs/graph_10000_1000000_UNIFORM_7029781962072644698.txt
Graph already exists at: ./input/random_graphs/graph_10000_1000000_UNIFORM_6785030173969523435.txt
Graph already exists at: ./input/random_graphs/graph_10000_1000000_UNIFORM_5529616217668449934.txt
Graph already exists at: ./input/random_graphs/graph_10000_1000000_UNIFORM_1024517563182776983.txt
Graph already exists at: ./input/random_graphs/graph_10000_1000000_UNIFORM_3224265581699847191.txt
Graph already exists at: ./input/random_graphs/graph_10000_1000000_UNIFORM_5258051056098597521.txt
Graph already exists at: ./input/random_graphs/graph_10000_1000000_UNIFORM_1647170069535670909.txt
Graph already exists at: ./input/random_graphs/graph_10000_1000000_UNIFORM_4122784633514911760.txt
Graph already exists at: ./input/random_graphs/graph_10000_1000000_UNIFORM_7706236040662210848.txt
Graph already exists at: ./input/random_graphs/graph_10000_1000000_UNIFORM_824387247617288499.txt
Graph already exists at: ./input/random_graphs/graph_10000_1000000_UNIFORM_1632192924771168275.txt
Graph already exists at: ./input/random_graphs/graph_10000_1000000_UNIFORM_7161906730445628483.txt
Graph already exists at: ./input/random_graphs/graph_10000_1000000_UNIFORM_6802378520969450157.txt
Graph already exists at: ./input/random_graphs/graph_10000_1000000_UNIFORM_4552998297316576788.txt
Graph already exists at: ./input/random_graphs/graph_10000_1000000_UNIFORM_8031431416522537101.txt
Graph already exists at: ./input/random_graphs/graph_10000_1000000_UNIFORM_6143643868734370809.txt
Graph already exists at: ./input/random_graphs/graph_10000_1000000_UNIFORM_3272308573967577038.txt
Graph already exists at: ./input/random_graphs/graph_10000_1000000_UNIFORM_5636411189175451024.txt
Graph already exists at: ./input/random_graphs/graph_10000_1000000_UNIFORM_5349491008325879064.txt
Graph already exists at: ./input/random_graphs/graph_10000_1000000_UNIFORM_6614505080519948832.txt
Graph already exists at: ./input/random_graphs/graph_10000_1000000_UNIFORM_7938560551762094560.txt
Graph already exists at: ./input/random_graphs/graph_10000_1000000_UNIFORM_7917045922527545890.txt
Graph already exists at: ./input/random_graphs/graph_10000_1000000_UNIFORM_4445925461710302877.txt
Graph already exists at: ./input/random_graphs/graph_10000_1000000_UNIFORM_3865339568260874865.txt
Graph already exists at: ./input/random_graphs/graph_10000_1000000_UNIFORM_7921282862123281598.txt
Graph already exists at: ./input/random_graphs/graph_10000_1000000_UNIFORM_6224222471595207695.txt
Graph already exists at: ./input/random_graphs/graph_10000_1000000_UNIFORM_1128313391724783137.txt
Graph already exists at: ./input/random_graphs/graph_10000_1000000_UNIFORM_716820155901718944.txt
Graph already exists at: ./input/random_graphs/graph_10000_1000000_UNIFORM_8718380604043999642.txt
Graph already exists at: ./input/random_graphs/graph_10000_1000000_UNIFORM_5063475852268941542.txt
Graph already exists at: ./input/random_graphs/graph_10000_1000000_UNIFORM_4997514996153925447.txt
Graph already exists at: ./input/random_graphs/graph_10000_1000000_UNIFORM_8446481348147407377.txt
Graph already exists at: ./input/random_graphs/graph_10000_1000000_UNIFORM_3817405844514670994.txt
Graph already exists at: ./input/random_graphs/graph_10000_1000000_UNIFORM_6529943913552561417.txt
Graph already exists at: ./input/random_graphs/graph_10000_1000000_UNIFORM_2909934787168262407.txt
Graph already exists at: ./input/random_graphs/graph_10000_1000000_UNIFORM_1170385908854608748.txt
Graph already exists at: ./input/random_graphs/graph_10000_1000000_UNIFORM_6022436717541034636.txt
Graph already exists at: ./input/random_graphs/graph_10000_1000000_UNIFORM_199422815561151340.txt
Graph already exists at: ./input/random_graphs/graph_10000_1000000_UNIFORM_3713827327871807734.txt
Graph already exists at: ./input/random_graphs/graph_10000_1000000_UNIFORM_175493991617213850.txt
Graph already exists at: ./input/random_graphs/graph_10000_1000000_UNIFORM_5108599054664628607.txt
Graph already exists at: ./input/random_graphs/graph_10000_1000000_UNIFORM_6764066939395682287.txt
Graph already exists at: ./input/random_graphs/graph_10000_1000000_UNIFORM_9130666990809746335.txt
Graph already exists at: ./input/random_graphs/graph_10000_1000000_UNIFORM_7644420139408884785.txt
Graph already exists at: ./input/random_graphs/graph_10000_1000000_UNIFORM_1458186392400727732.txt
Graph already exists at: ./input/random_graphs/graph_10000_1000000_UNIFORM_1392892770529522614.txt
Graph already exists at: ./input/random_graphs/graph_10000_1000000_UNIFORM_9060210648189963449.txt
Graph already exists at: ./input/random_graphs/graph_10000_1000000_UNIFORM_4250897495980125004.txt
Graph already exists at: ./input/random_graphs/graph_10000_1000000_UNIFORM_8794274795737982182.txt
Graph already exists at: ./input/random_graphs/graph_10000_1000000_UNIFORM_2089506265998900862.txt
Graph already exists at: ./input/random_graphs/graph_10000_1000000_UNIFORM_5497874167834979553.txt
Graph already exists at: ./input/random_graphs/graph_10000_1000000_UNIFORM_4060584409398689268.txt
Graph already exists at: ./input/random_graphs/graph_10000_1000000_UNIFORM_1332005502874566195.txt
Graph already exists at: ./input/random_graphs/graph_10000_1000000_UNIFORM_1722224698700348310.txt
Graph already exists at: ./input/random_graphs/graph_10000_1000000_UNIFORM_8626102704817790064.txt
Graph already exists at: ./input/random_graphs/graph_10000_1000000_UNIFORM_7905487461282246979.txt
Graph already exists at: ./input/random_graphs/graph_10000_1000000_UNIFORM_8448596294177070022.txt
Graph already exists at: ./input/random_graphs/graph_10000_1000000_UNIFORM_4795749165124911768.txt
Graph already exists at: ./input/random_graphs/graph_10000_1000000_UNIFORM_4934890601268679176.txt
Graph already exists at: ./input/random_graphs/graph_10000_1000000_UNIFORM_1992204328026194281.txt
Graph already exists at: ./input/random_graphs/graph_10000_1000000_UNIFORM_7118744415197196276.txt
Graph already exists at: ./input/random_graphs/graph_10000_1000000_UNIFORM_2718103348384927511.txt
Graph already exists at: ./input/random_graphs/graph_10000_1000000_UNIFORM_9059990922233379852.txt
Graph already exists at: ./input/random_graphs/graph_10000_1000000_UNIFORM_7449662661572224354.txt
Graph already exists at: ./input/random_graphs/graph_10000_1000000_UNIFORM_3221421291694197220.txt
Graph already exists at: ./input/random_graphs/graph_10000_1000000_UNIFORM_8867616339855336876.txt
Graph already exists at: ./input/random_graphs/graph_10000_1000000_UNIFORM_5894893360759659423.txt
Graph already exists at: ./input/random_graphs/graph_10000_1000000_UNIFORM_7983805977214098674.txt
Graph already exists at: ./input/random_graphs/graph_10000_1000000_UNIFORM_4940913311242578590.txt
Graph already exists at: ./input/random_graphs/graph_10000_1000000_UNIFORM_2264398621601381987.txt
Graph already exists at: ./input/random_graphs/graph_10000_1000000_UNIFORM_7632458674696225362.txt
Running VARK with 100 iterations, for N = 10,000 and sparsity code 3 for k from 1 to N and seed token 1729
Generating 100 graph(s) with N=10000, sparsity=3, seed=1729...
Running FIXNM with kPath0 for N=10000, sparsity=3, k=1, seed=1729...
      Average Passes: 147.07, Time/Memory: 4286.87,7168
Running FIXNM with kPath0 for N=10000, sparsity=3, k=2, seed=1729...
      Average Passes: 16.4, Time/Memory: 461.85,8192
Running FIXNM with kPath0 for N=10000, sparsity=3, k=3, seed=1729...
      Average Passes: 6.28, Time/Memory: 177.37,9216
Running FIXNM with kPath0 for N=10000, sparsity=3, k=4, seed=1729...
      Average Passes: 5.0, Time/Memory: 144.43,10240
Running FIXNM with kPath0 for N=10000, sparsity=3, k=5, seed=1729...
      Average Passes: 4.0, Time/Memory: 116.79,11264
Running FIXNM with kPath0 for N=10000, sparsity=3, k=6, seed=1729...
      Average Passes: 4.0, Time/Memory: 117.25,12288
Running FIXNM with kPath0 for N=10000, sparsity=3, k=7, seed=1729...
      Average Passes: 4.0, Time/Memory: 113.79,13312
Running FIXNM with kPath0 for N=10000, sparsity=3, k=8, seed=1729...
      Average Passes: 4.0, Time/Memory: 114.90,14336
Running FIXNM with kPath0 for N=10000, sparsity=3, k=9, seed=1729...
      Average Passes: 4.0, Time/Memory: 114.15,15360
Running FIXNM with kPath0 for N=10000, sparsity=3, k=10, seed=1729...
      Average Passes: 3.03, Time/Memory: 89.30,16384
Running FIXNM with kPath0 for N=10000, sparsity=3, k=11, seed=1729...
      Average Passes: 3.0, Time/Memory: 88.52,17408
Running FIXNM with kPath0 for N=10000, sparsity=3, k=12, seed=1729...
      Average Passes: 3.0, Time/Memory: 85.82,18432
Running FIXNM with kPath0 for N=10000, sparsity=3, k=13, seed=1729...
      Average Passes: 3.0, Time/Memory: 89.21,19456
Running FIXNM with kPath0 for N=10000, sparsity=3, k=14, seed=1729...
      Average Passes: 3.0, Time/Memory: 87.86,20480
Running FIXNM with kPath0 for N=10000, sparsity=3, k=15, seed=1729...
      Average Passes: 3.0, Time/Memory: 93.66,21504
Running FIXNM with kPath0 for N=10000, sparsity=3, k=20, seed=1729...
      Average Passes: 3.0, Time/Memory: 90.66,25600
Running FIXNM with kPath0 for N=10000, sparsity=3, k=25, seed=1729...
      Average Passes: 3.0, Time/Memory: 93.64,30720
Running FIXNM with kPath0 for N=10000, sparsity=3, k=30, seed=1729...
      Average Passes: 3.0, Time/Memory: 98.54,34816
Running FIXNM with kPath0 for N=10000, sparsity=3, k=35, seed=1729...
      Average Passes: 3.0, Time/Memory: 102.89,40716
Running FIXNM with kPath0 for N=10000, sparsity=3, k=40, seed=1729...
      Average Passes: 3.0, Time/Memory: 104.78,45056
Running FIXNM with kPath0 for N=10000, sparsity=3, k=45, seed=1729...
      Average Passes: 3.0, Time/Memory: 110.05,49712
Running FIXNM with kPath0 for N=10000, sparsity=3, k=50, seed=1729...
      Average Passes: 3.0, Time/Memory: 115.73,54272
Running FIXNM with kPath0 for N=10000, sparsity=3, k=60, seed=1729...
      Average Passes: 3.0, Time/Memory: 126.44,64512
Running FIXNM with kPath0 for N=10000, sparsity=3, k=70, seed=1729...
      Average Passes: 3.0, Time/Memory: 134.31,72704
Running FIXNM with kPath0 for N=10000, sparsity=3, k=80, seed=1729...
      Average Passes: 3.0, Time/Memory: 143.08,81920
Running FIXNM with kPath0 for N=10000, sparsity=3, k=90, seed=1729...
      Average Passes: 3.0, Time/Memory: 152.48,91136
Running FIXNM with kPath0 for N=10000, sparsity=3, k=100, seed=1729...
      Average Passes: 3.0, Time/Memory: 163.75,101376
Running FIXNM with kPath0 for N=10000, sparsity=3, k=150, seed=1729...
      Average Passes: 2.0, Time/Memory: 137.47,102516
Running FIXNM with kPath0 for N=10000, sparsity=3, k=200, seed=1729...
      Average Passes: 2.0, Time/Memory: 134.40,102276
Running FIXNM with kPath0 for N=10000, sparsity=3, k=250, seed=1729...
      Average Passes: 2.0, Time/Memory: 131.79,102280
Running FIXNM with kPath0 for N=10000, sparsity=3, k=300, seed=1729...
      Average Passes: 2.0, Time/Memory: 134.19,102280
Running FIXNM with kPath0 for N=10000, sparsity=3, k=400, seed=1729...
      Average Passes: 2.0, Time/Memory: 130.34,102276
Running FIXNM with kPath0 for N=10000, sparsity=3, k=500, seed=1729...
      Average Passes: 2.0, Time/Memory: 133.39,102280
Running FIXNM with kPath0 for N=10000, sparsity=3, k=750, seed=1729...
      Average Passes: 2.0, Time/Memory: 136.70,102280
Running FIXNM with kPath0 for N=10000, sparsity=3, k=1000, seed=1729...
      Average Passes: 2.0, Time/Memory: 133.38,102276
Running FIXNM with kPath0 for N=10000, sparsity=3, k=1500, seed=1729...
      Average Passes: 2.0, Time/Memory: 133.48,102868
Running FIXNM with kPath0 for N=10000, sparsity=3, k=2000, seed=1729...
      Average Passes: 2.0, Time/Memory: 133.46,102276
Running FIXNM with kPath0 for N=10000, sparsity=3, k=2500, seed=1729...
      Average Passes: 2.0, Time/Memory: 133.49,102280
Running FIXNM with kPath0 for N=10000, sparsity=3, k=3000, seed=1729...
      Average Passes: 2.0, Time/Memory: 135.24,102916
Running FIXNM with kPath0 for N=10000, sparsity=3, k=4000, seed=1729...
      Average Passes: 2.0, Time/Memory: 131.44,102272
Running FIXNM with kPath0 for N=10000, sparsity=3, k=5000, seed=1729...
      Average Passes: 2.0, Time/Memory: 133.58,102280
Running FIXNM with kPath0 for N=10000, sparsity=3, k=7500, seed=1729...
      Average Passes: 2.0, Time/Memory: 131.22,103080
Running FIXNM with kPath0 for N=10000, sparsity=3, k=10000, seed=1729...
      Average Passes: 2.0, Time/Memory: 133.43,102280
Running FIXNM with kPathN for N=10000, sparsity=3, k=1, seed=1729...
      Average Passes: 45.68, Time/Memory: 1334.01,8192
Running FIXNM with kPathN for N=10000, sparsity=3, k=2, seed=1729...
      Average Passes: 4.0, Time/Memory: 118.02,9144
Running FIXNM with kPathN for N=10000, sparsity=3, k=3, seed=1729...
      Average Passes: 3.0, Time/Memory: 87.26,9216
Running FIXNM with kPathN for N=10000, sparsity=3, k=4, seed=1729...
      Average Passes: 3.0, Time/Memory: 89.11,11188
Running FIXNM with kPathN for N=10000, sparsity=3, k=5, seed=1729...
      Average Passes: 2.0, Time/Memory: 61.37,11264
Running FIXNM with kPathN for N=10000, sparsity=3, k=6, seed=1729...
      Average Passes: 2.0, Time/Memory: 60.17,12288
Running FIXNM with kPathN for N=10000, sparsity=3, k=7, seed=1729...
      Average Passes: 2.0, Time/Memory: 58.33,13312
Running FIXNM with kPathN for N=10000, sparsity=3, k=8, seed=1729...
      Average Passes: 2.0, Time/Memory: 59.92,14336
Running FIXNM with kPathN for N=10000, sparsity=3, k=9, seed=1729...
      Average Passes: 2.0, Time/Memory: 61.19,15360
Running FIXNM with kPathN for N=10000, sparsity=3, k=10, seed=1729...
      Average Passes: 2.0, Time/Memory: 61.98,16384
Running FIXNM with kPathN for N=10000, sparsity=3, k=11, seed=1729...
      Average Passes: 2.0, Time/Memory: 60.80,17408
Running FIXNM with kPathN for N=10000, sparsity=3, k=12, seed=1729...
      Average Passes: 2.0, Time/Memory: 59.91,18432
Running FIXNM with kPathN for N=10000, sparsity=3, k=13, seed=1729...
      Average Passes: 2.0, Time/Memory: 61.92,19456
Running FIXNM with kPathN for N=10000, sparsity=3, k=14, seed=1729...
      Average Passes: 2.0, Time/Memory: 60.38,20480
Running FIXNM with kPathN for N=10000, sparsity=3, k=15, seed=1729...
      Average Passes: 2.0, Time/Memory: 60.29,21504
Running FIXNM with kPathN for N=10000, sparsity=3, k=20, seed=1729...
      Average Passes: 2.0, Time/Memory: 65.25,25600
Running FIXNM with kPathN for N=10000, sparsity=3, k=25, seed=1729...
      Average Passes: 2.0, Time/Memory: 66.37,30720
Running FIXNM with kPathN for N=10000, sparsity=3, k=30, seed=1729...
      Average Passes: 2.0, Time/Memory: 72.60,35660
Running FIXNM with kPathN for N=10000, sparsity=3, k=35, seed=1729...
      Average Passes: 2.0, Time/Memory: 77.84,39936
Running FIXNM with kPathN for N=10000, sparsity=3, k=40, seed=1729...
      Average Passes: 2.0, Time/Memory: 81.39,45040
Running FIXNM with kPathN for N=10000, sparsity=3, k=45, seed=1729...
      Average Passes: 2.0, Time/Memory: 87.46,49152
Running FIXNM with kPathN for N=10000, sparsity=3, k=50, seed=1729...
      Average Passes: 2.0, Time/Memory: 92.91,54272
Running FIXNM with kPathN for N=10000, sparsity=3, k=60, seed=1729...
      Average Passes: 2.0, Time/Memory: 99.99,63488
Running FIXNM with kPathN for N=10000, sparsity=3, k=70, seed=1729...
      Average Passes: 2.0, Time/Memory: 110.80,72704
Running FIXNM with kPathN for N=10000, sparsity=3, k=80, seed=1729...
      Average Passes: 2.0, Time/Memory: 120.88,81920
Running FIXNM with kPathN for N=10000, sparsity=3, k=90, seed=1729...
      Average Passes: 2.0, Time/Memory: 132.03,91136
Running FIXNM with kPathN for N=10000, sparsity=3, k=100, seed=1729...
      Average Passes: 1.0, Time/Memory: 29.75,90908
Running FIXNM with kPathN for N=10000, sparsity=3, k=150, seed=1729...
      Average Passes: 1.0, Time/Memory: 29.32,91208
Running FIXNM with kPathN for N=10000, sparsity=3, k=200, seed=1729...
      Average Passes: 1.0, Time/Memory: 29.82,90984
Running FIXNM with kPathN for N=10000, sparsity=3, k=250, seed=1729...
      Average Passes: 1.0, Time/Memory: 30.39,90512
Running FIXNM with kPathN for N=10000, sparsity=3, k=300, seed=1729...
      Average Passes: 1.0, Time/Memory: 29.52,90512
Running FIXNM with kPathN for N=10000, sparsity=3, k=400, seed=1729...
      Average Passes: 1.0, Time/Memory: 30.19,91240
Running FIXNM with kPathN for N=10000, sparsity=3, k=500, seed=1729...
      Average Passes: 1.0, Time/Memory: 29.87,90512
Running FIXNM with kPathN for N=10000, sparsity=3, k=750, seed=1729...
      Average Passes: 1.0, Time/Memory: 30.54,90516
Running FIXNM with kPathN for N=10000, sparsity=3, k=1000, seed=1729...
      Average Passes: 1.0, Time/Memory: 30.12,90512
Running FIXNM with kPathN for N=10000, sparsity=3, k=1500, seed=1729...
      Average Passes: 1.0, Time/Memory: 29.54,90780
Running FIXNM with kPathN for N=10000, sparsity=3, k=2000, seed=1729...
      Average Passes: 1.0, Time/Memory: 30.02,90384
Running FIXNM with kPathN for N=10000, sparsity=3, k=2500, seed=1729...
      Average Passes: 1.0, Time/Memory: 30.22,90512
Running FIXNM with kPathN for N=10000, sparsity=3, k=3000, seed=1729...
      Average Passes: 1.0, Time/Memory: 29.54,90512
Running FIXNM with kPathN for N=10000, sparsity=3, k=4000, seed=1729...
      Average Passes: 1.0, Time/Memory: 30.07,90512
Running FIXNM with kPathN for N=10000, sparsity=3, k=5000, seed=1729...
      Average Passes: 1.0, Time/Memory: 29.59,90592
Running FIXNM with kPathN for N=10000, sparsity=3, k=7500, seed=1729...
      Average Passes: 1.0, Time/Memory: 29.28,89960
Running FIXNM with kPathN for N=10000, sparsity=3, k=10000, seed=1729...
      Average Passes: 1.0, Time/Memory: 30.23,91352
Running FIXNM with kLev0 for N=10000, sparsity=3, k=1, seed=1729...
      Average Passes: 3.8, Time/Memory: 171.01,8192
Running FIXNM with kLev0 for N=10000, sparsity=3, k=2, seed=1729...
      Average Passes: 3.8, Time/Memory: 169.65,8192
Running FIXNM with kLev0 for N=10000, sparsity=3, k=3, seed=1729...
      Average Passes: 3.78, Time/Memory: 170.37,8192
Running FIXNM with kLev0 for N=10000, sparsity=3, k=4, seed=1729...
      Average Passes: 3.77, Time/Memory: 170.09,8192
Running FIXNM with kLev0 for N=10000, sparsity=3, k=5, seed=1729...
      Average Passes: 3.77, Time/Memory: 169.09,8192
Running FIXNM with kLev0 for N=10000, sparsity=3, k=6, seed=1729...
      Average Passes: 3.77, Time/Memory: 167.99,8192
Running FIXNM with kLev0 for N=10000, sparsity=3, k=7, seed=1729...
      Average Passes: 3.77, Time/Memory: 171.82,8192
Running FIXNM with kLev0 for N=10000, sparsity=3, k=8, seed=1729...
      Average Passes: 3.77, Time/Memory: 170.48,8192
Running FIXNM with kLev0 for N=10000, sparsity=3, k=9, seed=1729...
      Average Passes: 3.76, Time/Memory: 171.49,8192
Running FIXNM with kLev0 for N=10000, sparsity=3, k=10, seed=1729...
      Average Passes: 3.76, Time/Memory: 167.97,8192
Running FIXNM with kLev0 for N=10000, sparsity=3, k=11, seed=1729...
      Average Passes: 3.77, Time/Memory: 167.67,8192
Running FIXNM with kLev0 for N=10000, sparsity=3, k=12, seed=1729...
      Average Passes: 3.76, Time/Memory: 167.19,8192
Running FIXNM with kLev0 for N=10000, sparsity=3, k=13, seed=1729...
      Average Passes: 3.78, Time/Memory: 169.79,8192
Running FIXNM with kLev0 for N=10000, sparsity=3, k=14, seed=1729...
      Average Passes: 3.77, Time/Memory: 169.79,8192
Running FIXNM with kLev0 for N=10000, sparsity=3, k=15, seed=1729...
      Average Passes: 3.78, Time/Memory: 171.62,8192
Running FIXNM with kLev0 for N=10000, sparsity=3, k=20, seed=1729...
      Average Passes: 3.77, Time/Memory: 170.46,8192
Running FIXNM with kLev0 for N=10000, sparsity=3, k=25, seed=1729...
      Average Passes: 3.78, Time/Memory: 170.29,8192
Running FIXNM with kLev0 for N=10000, sparsity=3, k=30, seed=1729...
      Average Passes: 3.78, Time/Memory: 168.49,8192
Running FIXNM with kLev0 for N=10000, sparsity=3, k=35, seed=1729...
      Average Passes: 3.79, Time/Memory: 169.84,8192
Running FIXNM with kLev0 for N=10000, sparsity=3, k=40, seed=1729...
      Average Passes: 3.78, Time/Memory: 171.73,8192
Running FIXNM with kLev0 for N=10000, sparsity=3, k=45, seed=1729...
      Average Passes: 3.78, Time/Memory: 171.46,8192
Running FIXNM with kLev0 for N=10000, sparsity=3, k=50, seed=1729...
      Average Passes: 3.76, Time/Memory: 168.92,8192
Running FIXNM with kLev0 for N=10000, sparsity=3, k=60, seed=1729...
      Average Passes: 3.77, Time/Memory: 169.95,8192
Running FIXNM with kLev0 for N=10000, sparsity=3, k=70, seed=1729...
      Average Passes: 3.84, Time/Memory: 170.73,9216
Running FIXNM with kLev0 for N=10000, sparsity=3, k=80, seed=1729...
      Average Passes: 3.85, Time/Memory: 169.42,9216
Running FIXNM with kLev0 for N=10000, sparsity=3, k=90, seed=1729...
      Average Passes: 3.85, Time/Memory: 173.51,8192
Running FIXNM with kLev0 for N=10000, sparsity=3, k=100, seed=1729...
      Average Passes: 3.84, Time/Memory: 173.62,8192
Running FIXNM with kLev0 for N=10000, sparsity=3, k=150, seed=1729...
      Average Passes: 3.83, Time/Memory: 174.60,8192
Running FIXNM with kLev0 for N=10000, sparsity=3, k=200, seed=1729...
      Average Passes: 3.79, Time/Memory: 167.42,9216
Running FIXNM with kLev0 for N=10000, sparsity=3, k=250, seed=1729...
      Average Passes: 3.84, Time/Memory: 170.34,9216
Running FIXNM with kLev0 for N=10000, sparsity=3, k=300, seed=1729...
      Average Passes: 3.84, Time/Memory: 169.40,10240
Running FIXNM with kLev0 for N=10000, sparsity=3, k=400, seed=1729...
      Average Passes: 3.86, Time/Memory: 173.99,9216
Running FIXNM with kLev0 for N=10000, sparsity=3, k=500, seed=1729...
      Average Passes: 3.85, Time/Memory: 172.06,10240
Running FIXNM with kLev0 for N=10000, sparsity=3, k=750, seed=1729...
      Average Passes: 3.8, Time/Memory: 170.60,11264
Running FIXNM with kLev0 for N=10000, sparsity=3, k=1000, seed=1729...
      Average Passes: 3.82, Time/Memory: 169.13,13428
Running FIXNM with kLev0 for N=10000, sparsity=3, k=1500, seed=1729...
      Average Passes: 3.86, Time/Memory: 171.93,16840
Running FIXNM with kLev0 for N=10000, sparsity=3, k=2000, seed=1729...
      Average Passes: 3.78, Time/Memory: 169.32,18736
Running FIXNM with kLev0 for N=10000, sparsity=3, k=2500, seed=1729...
      Average Passes: 3.85, Time/Memory: 172.20,21504
Running FIXNM with kLev0 for N=10000, sparsity=3, k=3000, seed=1729...
      Average Passes: 3.91, Time/Memory: 175.86,24344
Running FIXNM with kLev0 for N=10000, sparsity=3, k=4000, seed=1729...
      Average Passes: 3.8, Time/Memory: 171.68,28004
Running FIXNM with kLev0 for N=10000, sparsity=3, k=5000, seed=1729...
      Average Passes: 3.0, Time/Memory: 149.50,31308
Running FIXNM with kLev0 for N=10000, sparsity=3, k=7500, seed=1729...
      Average Passes: 3.0, Time/Memory: 144.57,37124
Running FIXNM with kLev0 for N=10000, sparsity=3, k=10000, seed=1729...
      Average Passes: 2.0, Time/Memory: 115.56,38972
Running FIXNM with kLevN for N=10000, sparsity=3, k=1, seed=1729...
      Average Passes: 2.0, Time/Memory: 100.10,8192
Running FIXNM with kLevN for N=10000, sparsity=3, k=2, seed=1729...
      Average Passes: 2.0, Time/Memory: 97.26,9216
Running FIXNM with kLevN for N=10000, sparsity=3, k=3, seed=1729...
      Average Passes: 2.0, Time/Memory: 96.72,10240
Running FIXNM with kLevN for N=10000, sparsity=3, k=4, seed=1729...
      Average Passes: 1.6, Time/Memory: 84.92,11264
Running FIXNM with kLevN for N=10000, sparsity=3, k=5, seed=1729...
      Average Passes: 1.15, Time/Memory: 72.12,13312
Running FIXNM with kLevN for N=10000, sparsity=3, k=6, seed=1729...
      Average Passes: 1.01, Time/Memory: 68.52,13312
Running FIXNM with kLevN for N=10000, sparsity=3, k=7, seed=1729...
      Average Passes: 1.0, Time/Memory: 68.00,13312
Running FIXNM with kLevN for N=10000, sparsity=3, k=8, seed=1729...
      Average Passes: 1.0, Time/Memory: 67.05,13312
Running FIXNM with kLevN for N=10000, sparsity=3, k=9, seed=1729...
      Average Passes: 1.0, Time/Memory: 67.43,13312
Running FIXNM with kLevN for N=10000, sparsity=3, k=10, seed=1729...
      Average Passes: 1.0, Time/Memory: 68.18,13312
Running FIXNM with kLevN for N=10000, sparsity=3, k=11, seed=1729...
      Average Passes: 1.0, Time/Memory: 68.25,13312
Running FIXNM with kLevN for N=10000, sparsity=3, k=12, seed=1729...
      Average Passes: 1.0, Time/Memory: 67.45,13312
Running FIXNM with kLevN for N=10000, sparsity=3, k=13, seed=1729...
      Average Passes: 1.0, Time/Memory: 67.60,13312
Running FIXNM with kLevN for N=10000, sparsity=3, k=14, seed=1729...
      Average Passes: 1.0, Time/Memory: 67.07,13312
Running FIXNM with kLevN for N=10000, sparsity=3, k=15, seed=1729...
      Average Passes: 1.0, Time/Memory: 68.26,13312
Running FIXNM with kLevN for N=10000, sparsity=3, k=20, seed=1729...
      Average Passes: 1.0, Time/Memory: 68.82,13312
Running FIXNM with kLevN for N=10000, sparsity=3, k=25, seed=1729...
      Average Passes: 1.0, Time/Memory: 67.31,12288
Running FIXNM with kLevN for N=10000, sparsity=3, k=30, seed=1729...
      Average Passes: 1.0, Time/Memory: 67.48,13312
Running FIXNM with kLevN for N=10000, sparsity=3, k=35, seed=1729...
      Average Passes: 1.0, Time/Memory: 68.03,13312
Running FIXNM with kLevN for N=10000, sparsity=3, k=40, seed=1729...
      Average Passes: 1.0, Time/Memory: 68.14,12288
Running FIXNM with kLevN for N=10000, sparsity=3, k=45, seed=1729...
      Average Passes: 1.0, Time/Memory: 67.71,13312
Running FIXNM with kLevN for N=10000, sparsity=3, k=50, seed=1729...
      Average Passes: 1.0, Time/Memory: 68.39,13312
Running FIXNM with kLevN for N=10000, sparsity=3, k=60, seed=1729...
      Average Passes: 1.0, Time/Memory: 67.00,12288
Running FIXNM with kLevN for N=10000, sparsity=3, k=70, seed=1729...
      Average Passes: 1.0, Time/Memory: 67.95,13312
Running FIXNM with kLevN for N=10000, sparsity=3, k=80, seed=1729...
      Average Passes: 1.0, Time/Memory: 68.36,13312
Running FIXNM with kLevN for N=10000, sparsity=3, k=90, seed=1729...
      Average Passes: 1.0, Time/Memory: 68.18,13312
Running FIXNM with kLevN for N=10000, sparsity=3, k=100, seed=1729...
      Average Passes: 1.0, Time/Memory: 29.64,89944
Running FIXNM with kLevN for N=10000, sparsity=3, k=150, seed=1729...
      Average Passes: 1.0, Time/Memory: 30.05,89296
Running FIXNM with kLevN for N=10000, sparsity=3, k=200, seed=1729...
      Average Passes: 1.0, Time/Memory: 30.59,90516
Running FIXNM with kLevN for N=10000, sparsity=3, k=250, seed=1729...
      Average Passes: 1.0, Time/Memory: 30.25,90788
Running FIXNM with kLevN for N=10000, sparsity=3, k=300, seed=1729...
      Average Passes: 1.0, Time/Memory: 29.78,91288
Running FIXNM with kLevN for N=10000, sparsity=3, k=400, seed=1729...
      Average Passes: 1.0, Time/Memory: 29.98,90500
Running FIXNM with kLevN for N=10000, sparsity=3, k=500, seed=1729...
      Average Passes: 1.0, Time/Memory: 30.13,90472
Running FIXNM with kLevN for N=10000, sparsity=3, k=750, seed=1729...
      Average Passes: 1.0, Time/Memory: 30.12,90512
Running FIXNM with kLevN for N=10000, sparsity=3, k=1000, seed=1729...
      Average Passes: 1.0, Time/Memory: 29.64,90468
Running FIXNM with kLevN for N=10000, sparsity=3, k=1500, seed=1729...
      Average Passes: 1.0, Time/Memory: 29.45,90428
Running FIXNM with kLevN for N=10000, sparsity=3, k=2000, seed=1729...
      Average Passes: 1.0, Time/Memory: 30.21,90396
Running FIXNM with kLevN for N=10000, sparsity=3, k=2500, seed=1729...
      Average Passes: 1.0, Time/Memory: 30.52,89460
Running FIXNM with kLevN for N=10000, sparsity=3, k=3000, seed=1729...
      Average Passes: 1.0, Time/Memory: 29.97,89488
Running FIXNM with kLevN for N=10000, sparsity=3, k=4000, seed=1729...
      Average Passes: 1.0, Time/Memory: 29.53,90516
Running FIXNM with kLevN for N=10000, sparsity=3, k=5000, seed=1729...
      Average Passes: 1.0, Time/Memory: 29.73,90464
Running FIXNM with kLevN for N=10000, sparsity=3, k=7500, seed=1729...
      Average Passes: 1.0, Time/Memory: 30.50,90780
Running FIXNM with kLevN for N=10000, sparsity=3, k=10000, seed=1729...
      Average Passes: 1.0, Time/Memory: 30.94,91092
