Running VARK with 100 iterations, for N = 10,000 and sparsity code 4 for k from 1 to N and seed token 1729
Generating 100 graph(s) with N=1000, sparsity=4, seed=1729...
Running FIXNM with kPath0 for N=1000, sparsity=4, k=1, seed=1729...
      Average Passes: 40.54, Time/Memory: 594.10,3072
Running FIXNM with kPath0 for N=1000, sparsity=4, k=2, seed=1729...
      Average Passes: 13.74, Time/Memory: 198.26,3072
Running FIXNM with kPath0 for N=1000, sparsity=4, k=3, seed=1729...
      Average Passes: 6.98, Time/Memory: 103.34,3072
Running FIXNM with kPath0 for N=1000, sparsity=4, k=4, seed=1729...
      Average Passes: 5.53, Time/Memory: 82.85,3072
Running FIXNM with kPath0 for N=1000, sparsity=4, k=5, seed=1729...
      Average Passes: 4.96, Time/Memory: 73.06,3072
Running FIXNM with kPath0 for N=1000, sparsity=4, k=6, seed=1729...
      Average Passes: 4.56, Time/Memory: 68.65,4096
Running FIXNM with kPath0 for N=1000, sparsity=4, k=7, seed=1729...
      Average Passes: 4.0, Time/Memory: 56.96,4096
Running FIXNM with kPath0 for N=1000, sparsity=4, k=8, seed=1729...
      Average Passes: 4.0, Time/Memory: 55.53,4096
Running FIXNM with kPath0 for N=1000, sparsity=4, k=9, seed=1729...
      Average Passes: 3.99, Time/Memory: 56.87,4096
Running FIXNM with kPath0 for N=1000, sparsity=4, k=10, seed=1729...
      Average Passes: 3.98, Time/Memory: 56.32,4096
Running FIXNM with kPath0 for N=1000, sparsity=4, k=11, seed=1729...
      Average Passes: 3.95, Time/Memory: 55.86,4096
Running FIXNM with kPath0 for N=1000, sparsity=4, k=12, seed=1729...
      Average Passes: 3.92, Time/Memory: 56.07,4096
Running FIXNM with kPath0 for N=1000, sparsity=4, k=13, seed=1729...
      Average Passes: 3.82, Time/Memory: 54.49,4096
Running FIXNM with kPath0 for N=1000, sparsity=4, k=14, seed=1729...
      Average Passes: 3.77, Time/Memory: 54.25,4096
Running FIXNM with kPath0 for N=1000, sparsity=4, k=15, seed=1729...
      Average Passes: 3.65, Time/Memory: 51.60,5120
Running FIXNM with kPath0 for N=1000, sparsity=4, k=16, seed=1729...
      Average Passes: 3.39, Time/Memory: 48.08,5120
Running FIXNM with kPath0 for N=1000, sparsity=4, k=17, seed=1729...
      Average Passes: 3.35, Time/Memory: 47.37,5120
Running FIXNM with kPath0 for N=1000, sparsity=4, k=18, seed=1729...
      Average Passes: 3.25, Time/Memory: 45.46,5120
Running FIXNM with kPath0 for N=1000, sparsity=4, k=19, seed=1729...
      Average Passes: 3.1, Time/Memory: 45.09,5120
Running FIXNM with kPath0 for N=1000, sparsity=4, k=20, seed=1729...
      Average Passes: 3.04, Time/Memory: 44.28,5120
Running FIXNM with kPath0 for N=1000, sparsity=4, k=21, seed=1729...
      Average Passes: 3.01, Time/Memory: 42.71,5120
Running FIXNM with kPath0 for N=1000, sparsity=4, k=22, seed=1729...
      Average Passes: 3.0, Time/Memory: 42.55,5120
Running FIXNM with kPath0 for N=1000, sparsity=4, k=23, seed=1729...
      Average Passes: 3.0, Time/Memory: 44.35,5120
Running FIXNM with kPath0 for N=1000, sparsity=4, k=24, seed=1729...
      Average Passes: 3.0, Time/Memory: 42.98,5120
Running FIXNM with kPath0 for N=1000, sparsity=4, k=25, seed=1729...
      Average Passes: 3.0, Time/Memory: 43.70,5120
Running FIXNM with kPath0 for N=1000, sparsity=4, k=26, seed=1729...
      Average Passes: 3.0, Time/Memory: 44.12,6144
Running FIXNM with kPath0 for N=1000, sparsity=4, k=27, seed=1729...
      Average Passes: 3.0, Time/Memory: 42.59,6144
Running FIXNM with kPath0 for N=1000, sparsity=4, k=28, seed=1729...
      Average Passes: 3.0, Time/Memory: 43.01,6144
Running FIXNM with kPath0 for N=1000, sparsity=4, k=29, seed=1729...
      Average Passes: 3.0, Time/Memory: 44.12,6144
Running FIXNM with kPath0 for N=1000, sparsity=4, k=30, seed=1729...
      Average Passes: 3.0, Time/Memory: 42.88,6144
Running FIXNM with kPath0 for N=1000, sparsity=4, k=31, seed=1729...
      Average Passes: 3.0, Time/Memory: 44.16,6144
Running FIXNM with kPath0 for N=1000, sparsity=4, k=32, seed=1729...
      Average Passes: 3.0, Time/Memory: 43.73,6144
Running FIXNM with kPath0 for N=1000, sparsity=4, k=33, seed=1729...
      Average Passes: 3.0, Time/Memory: 44.52,6144
Running FIXNM with kPath0 for N=1000, sparsity=4, k=34, seed=1729...
      Average Passes: 3.0, Time/Memory: 46.80,6144
Running FIXNM with kPath0 for N=1000, sparsity=4, k=35, seed=1729...
      Average Passes: 3.0, Time/Memory: 45.87,6144
Running FIXNM with kPath0 for N=1000, sparsity=4, k=36, seed=1729...
      Average Passes: 3.0, Time/Memory: 46.06,6144
Running FIXNM with kPath0 for N=1000, sparsity=4, k=37, seed=1729...
      Average Passes: 3.0, Time/Memory: 45.73,7168
Running FIXNM with kPath0 for N=1000, sparsity=4, k=38, seed=1729...
      Average Passes: 3.0, Time/Memory: 44.45,7168
Running FIXNM with kPath0 for N=1000, sparsity=4, k=39, seed=1729...
      Average Passes: 3.0, Time/Memory: 44.15,7168
Running FIXNM with kPath0 for N=1000, sparsity=4, k=40, seed=1729...
      Average Passes: 3.0, Time/Memory: 44.36,7168
Running FIXNM with kPath0 for N=1000, sparsity=4, k=45, seed=1729...
      Average Passes: 3.0, Time/Memory: 45.34,7168
Running FIXNM with kPath0 for N=1000, sparsity=4, k=50, seed=1729...
      Average Passes: 3.0, Time/Memory: 46.07,8192
Running FIXNM with kPath0 for N=1000, sparsity=4, k=55, seed=1729...
      Average Passes: 3.0, Time/Memory: 44.36,8192
Running FIXNM with kPath0 for N=1000, sparsity=4, k=60, seed=1729...
      Average Passes: 3.0, Time/Memory: 46.01,9216
Running FIXNM with kPath0 for N=1000, sparsity=4, k=65, seed=1729...
      Average Passes: 3.0, Time/Memory: 46.65,9216
Running FIXNM with kPath0 for N=1000, sparsity=4, k=70, seed=1729...
      Average Passes: 3.0, Time/Memory: 46.43,10240
Running FIXNM with kPath0 for N=1000, sparsity=4, k=75, seed=1729...
      Average Passes: 3.0, Time/Memory: 50.51,10240
Running FIXNM with kPath0 for N=1000, sparsity=4, k=80, seed=1729...
      Average Passes: 3.0, Time/Memory: 49.57,10240
Running FIXNM with kPath0 for N=1000, sparsity=4, k=85, seed=1729...
      Average Passes: 3.0, Time/Memory: 44.74,11264
Running FIXNM with kPath0 for N=1000, sparsity=4, k=90, seed=1729...
      Average Passes: 3.0, Time/Memory: 52.48,11264
Running FIXNM with kPath0 for N=1000, sparsity=4, k=95, seed=1729...
      Average Passes: 3.0, Time/Memory: 52.72,12288
Running FIXNM with kPath0 for N=1000, sparsity=4, k=100, seed=1729...
      Average Passes: 3.0, Time/Memory: 44.72,12288
Running FIXNM with kPath0 for N=1000, sparsity=4, k=150, seed=1729...
      Average Passes: 2.99, Time/Memory: 50.41,17408
Running FIXNM with kPath0 for N=1000, sparsity=4, k=200, seed=1729...
      Average Passes: 2.9, Time/Memory: 49.94,21504
Running FIXNM with kPath0 for N=1000, sparsity=4, k=250, seed=1729...
      Average Passes: 2.71, Time/Memory: 48.16,26624
Running FIXNM with kPath0 for N=1000, sparsity=4, k=300, seed=1729...
      Average Passes: 2.58, Time/Memory: 54.80,31744
Running FIXNM with kPath0 for N=1000, sparsity=4, k=350, seed=1729...
      Average Passes: 2.39, Time/Memory: 52.12,35840
Running FIXNM with kPath0 for N=1000, sparsity=4, k=400, seed=1729...
      Average Passes: 2.24, Time/Memory: 54.78,40960
Running FIXNM with kPath0 for N=1000, sparsity=4, k=450, seed=1729...
      Average Passes: 2.13, Time/Memory: 65.81,45056
Running FIXNM with kPath0 for N=1000, sparsity=4, k=500, seed=1729...
      Average Passes: 2.0, Time/Memory: 69.48,50176
Running FIXNM with kPath0 for N=1000, sparsity=4, k=550, seed=1729...
      Average Passes: 2.0, Time/Memory: 68.46,50176
Running FIXNM with kPath0 for N=1000, sparsity=4, k=600, seed=1729...
      Average Passes: 2.0, Time/Memory: 68.29,50176
Running FIXNM with kPath0 for N=1000, sparsity=4, k=650, seed=1729...
      Average Passes: 2.0, Time/Memory: 68.10,50436
Running FIXNM with kPath0 for N=1000, sparsity=4, k=700, seed=1729...
      Average Passes: 2.0, Time/Memory: 67.97,50660
Running FIXNM with kPath0 for N=1000, sparsity=4, k=750, seed=1729...
      Average Passes: 2.0, Time/Memory: 68.73,50176
Running FIXNM with kPath0 for N=1000, sparsity=4, k=800, seed=1729...
      Average Passes: 2.0, Time/Memory: 68.07,50176
Running FIXNM with kPath0 for N=1000, sparsity=4, k=850, seed=1729...
      Average Passes: 2.0, Time/Memory: 68.88,50176
Running FIXNM with kPath0 for N=1000, sparsity=4, k=900, seed=1729...
      Average Passes: 2.0, Time/Memory: 72.69,51200
Running FIXNM with kPath0 for N=1000, sparsity=4, k=950, seed=1729...
      Average Passes: 2.0, Time/Memory: 77.06,50176
Running FIXNM with kPath0 for N=1000, sparsity=4, k=1000, seed=1729...
      Average Passes: 2.0, Time/Memory: 73.61,50176
Running FIXNM with kPathN for N=1000, sparsity=4, k=1, seed=1729...
      Average Passes: 14.93, Time/Memory: 225.92,3072
Running FIXNM with kPathN for N=1000, sparsity=4, k=2, seed=1729...
      Average Passes: 4.0, Time/Memory: 61.13,3072
Running FIXNM with kPathN for N=1000, sparsity=4, k=3, seed=1729...
      Average Passes: 3.0, Time/Memory: 44.09,3072
Running FIXNM with kPathN for N=1000, sparsity=4, k=4, seed=1729...
      Average Passes: 3.0, Time/Memory: 44.57,3072
Running FIXNM with kPathN for N=1000, sparsity=4, k=5, seed=1729...
      Average Passes: 2.97, Time/Memory: 44.45,4096
Running FIXNM with kPathN for N=1000, sparsity=4, k=6, seed=1729...
      Average Passes: 2.77, Time/Memory: 41.60,4096
Running FIXNM with kPathN for N=1000, sparsity=4, k=7, seed=1729...
      Average Passes: 2.19, Time/Memory: 31.17,4096
Running FIXNM with kPathN for N=1000, sparsity=4, k=8, seed=1729...
      Average Passes: 2.01, Time/Memory: 29.00,4096
Running FIXNM with kPathN for N=1000, sparsity=4, k=9, seed=1729...
      Average Passes: 2.0, Time/Memory: 28.45,4096
Running FIXNM with kPathN for N=1000, sparsity=4, k=10, seed=1729...
      Average Passes: 2.0, Time/Memory: 29.84,4096
Running FIXNM with kPathN for N=1000, sparsity=4, k=11, seed=1729...
      Average Passes: 2.0, Time/Memory: 30.23,4096
Running FIXNM with kPathN for N=1000, sparsity=4, k=12, seed=1729...
      Average Passes: 2.0, Time/Memory: 31.02,4096
Running FIXNM with kPathN for N=1000, sparsity=4, k=13, seed=1729...
      Average Passes: 2.0, Time/Memory: 28.44,4096
Running FIXNM with kPathN for N=1000, sparsity=4, k=14, seed=1729...
      Average Passes: 2.0, Time/Memory: 28.25,4096
Running FIXNM with kPathN for N=1000, sparsity=4, k=15, seed=1729...
      Average Passes: 2.0, Time/Memory: 28.55,5120
Running FIXNM with kPathN for N=1000, sparsity=4, k=16, seed=1729...
      Average Passes: 2.0, Time/Memory: 29.69,5120
Running FIXNM with kPathN for N=1000, sparsity=4, k=17, seed=1729...
      Average Passes: 2.0, Time/Memory: 28.58,5120
Running FIXNM with kPathN for N=1000, sparsity=4, k=18, seed=1729...
      Average Passes: 2.0, Time/Memory: 28.58,5120
Running FIXNM with kPathN for N=1000, sparsity=4, k=19, seed=1729...
      Average Passes: 2.0, Time/Memory: 29.54,5120
Running FIXNM with kPathN for N=1000, sparsity=4, k=20, seed=1729...
      Average Passes: 2.0, Time/Memory: 28.56,5120
Running FIXNM with kPathN for N=1000, sparsity=4, k=21, seed=1729...
      Average Passes: 2.0, Time/Memory: 29.16,5120
Running FIXNM with kPathN for N=1000, sparsity=4, k=22, seed=1729...
      Average Passes: 2.0, Time/Memory: 28.32,5120
Running FIXNM with kPathN for N=1000, sparsity=4, k=23, seed=1729...
      Average Passes: 2.0, Time/Memory: 28.84,5120
Running FIXNM with kPathN for N=1000, sparsity=4, k=24, seed=1729...
      Average Passes: 2.0, Time/Memory: 30.03,5120
Running FIXNM with kPathN for N=1000, sparsity=4, k=25, seed=1729...
      Average Passes: 2.0, Time/Memory: 30.28,5120
Running FIXNM with kPathN for N=1000, sparsity=4, k=26, seed=1729...
      Average Passes: 2.0, Time/Memory: 30.41,6144
Running FIXNM with kPathN for N=1000, sparsity=4, k=27, seed=1729...
      Average Passes: 2.0, Time/Memory: 31.14,6144
Running FIXNM with kPathN for N=1000, sparsity=4, k=28, seed=1729...
      Average Passes: 2.0, Time/Memory: 29.75,6144
Running FIXNM with kPathN for N=1000, sparsity=4, k=29, seed=1729...
      Average Passes: 2.0, Time/Memory: 28.78,6144
Running FIXNM with kPathN for N=1000, sparsity=4, k=30, seed=1729...
      Average Passes: 2.0, Time/Memory: 30.08,6144
Running FIXNM with kPathN for N=1000, sparsity=4, k=31, seed=1729...
      Average Passes: 2.0, Time/Memory: 30.41,6144
Running FIXNM with kPathN for N=1000, sparsity=4, k=32, seed=1729...
      Average Passes: 2.0, Time/Memory: 28.94,6144
Running FIXNM with kPathN for N=1000, sparsity=4, k=33, seed=1729...
      Average Passes: 2.0, Time/Memory: 29.14,6144
Running FIXNM with kPathN for N=1000, sparsity=4, k=34, seed=1729...
      Average Passes: 2.0, Time/Memory: 30.73,6144
Running FIXNM with kPathN for N=1000, sparsity=4, k=35, seed=1729...
      Average Passes: 2.0, Time/Memory: 30.01,6144
Running FIXNM with kPathN for N=1000, sparsity=4, k=36, seed=1729...
      Average Passes: 2.0, Time/Memory: 29.71,6144
Running FIXNM with kPathN for N=1000, sparsity=4, k=37, seed=1729...
      Average Passes: 2.0, Time/Memory: 30.02,7168
Running FIXNM with kPathN for N=1000, sparsity=4, k=38, seed=1729...
      Average Passes: 2.0, Time/Memory: 31.26,7168
Running FIXNM with kPathN for N=1000, sparsity=4, k=39, seed=1729...
      Average Passes: 2.0, Time/Memory: 30.42,7168
Running FIXNM with kPathN for N=1000, sparsity=4, k=40, seed=1729...
      Average Passes: 2.0, Time/Memory: 29.19,7168
Running FIXNM with kPathN for N=1000, sparsity=4, k=45, seed=1729...
      Average Passes: 2.0, Time/Memory: 29.66,7168
Running FIXNM with kPathN for N=1000, sparsity=4, k=50, seed=1729...
      Average Passes: 2.0, Time/Memory: 29.68,8192
Running FIXNM with kPathN for N=1000, sparsity=4, k=55, seed=1729...
      Average Passes: 2.0, Time/Memory: 30.86,8192
Running FIXNM with kPathN for N=1000, sparsity=4, k=60, seed=1729...
      Average Passes: 2.0, Time/Memory: 29.87,9216
Running FIXNM with kPathN for N=1000, sparsity=4, k=65, seed=1729...
      Average Passes: 2.0, Time/Memory: 30.84,9216
Running FIXNM with kPathN for N=1000, sparsity=4, k=70, seed=1729...
      Average Passes: 2.0, Time/Memory: 33.35,10240
Running FIXNM with kPathN for N=1000, sparsity=4, k=75, seed=1729...
      Average Passes: 2.0, Time/Memory: 34.99,10240
Running FIXNM with kPathN for N=1000, sparsity=4, k=80, seed=1729...
      Average Passes: 2.0, Time/Memory: 36.43,10240
Running FIXNM with kPathN for N=1000, sparsity=4, k=85, seed=1729...
      Average Passes: 2.0, Time/Memory: 32.12,11264
Running FIXNM with kPathN for N=1000, sparsity=4, k=90, seed=1729...
      Average Passes: 2.0, Time/Memory: 33.99,11264
Running FIXNM with kPathN for N=1000, sparsity=4, k=95, seed=1729...
      Average Passes: 2.0, Time/Memory: 37.31,12288
Running FIXNM with kPathN for N=1000, sparsity=4, k=100, seed=1729...
      Average Passes: 2.0, Time/Memory: 38.09,12288
Running FIXNM with kPathN for N=1000, sparsity=4, k=150, seed=1729...
      Average Passes: 1.95, Time/Memory: 31.22,17408
Running FIXNM with kPathN for N=1000, sparsity=4, k=200, seed=1729...
      Average Passes: 1.84, Time/Memory: 34.39,21504
Running FIXNM with kPathN for N=1000, sparsity=4, k=250, seed=1729...
      Average Passes: 1.72, Time/Memory: 36.45,26624
Running FIXNM with kPathN for N=1000, sparsity=4, k=300, seed=1729...
      Average Passes: 1.54, Time/Memory: 40.17,31744
Running FIXNM with kPathN for N=1000, sparsity=4, k=350, seed=1729...
      Average Passes: 1.38, Time/Memory: 44.38,35840
Running FIXNM with kPathN for N=1000, sparsity=4, k=400, seed=1729...
      Average Passes: 1.25, Time/Memory: 48.53,40960
Running FIXNM with kPathN for N=1000, sparsity=4, k=450, seed=1729...
      Average Passes: 1.11, Time/Memory: 52.12,45056
Running FIXNM with kPathN for N=1000, sparsity=4, k=500, seed=1729...
      Average Passes: 1.0, Time/Memory: 14.43,19096
Running FIXNM with kPathN for N=1000, sparsity=4, k=550, seed=1729...
      Average Passes: 1.0, Time/Memory: 15.16,19012
Running FIXNM with kPathN for N=1000, sparsity=4, k=600, seed=1729...
      Average Passes: 1.0, Time/Memory: 14.74,20100
Running FIXNM with kPathN for N=1000, sparsity=4, k=650, seed=1729...
      Average Passes: 1.0, Time/Memory: 13.86,19168
Running FIXNM with kPathN for N=1000, sparsity=4, k=700, seed=1729...
      Average Passes: 1.0, Time/Memory: 15.82,19312
Running FIXNM with kPathN for N=1000, sparsity=4, k=750, seed=1729...
      Average Passes: 1.0, Time/Memory: 15.11,19316
Running FIXNM with kPathN for N=1000, sparsity=4, k=800, seed=1729...
      Average Passes: 1.0, Time/Memory: 13.93,19124
Running FIXNM with kPathN for N=1000, sparsity=4, k=850, seed=1729...
      Average Passes: 1.0, Time/Memory: 14.03,19140
Running FIXNM with kPathN for N=1000, sparsity=4, k=900, seed=1729...
      Average Passes: 1.0, Time/Memory: 16.17,19748
Running FIXNM with kPathN for N=1000, sparsity=4, k=950, seed=1729...
      Average Passes: 1.0, Time/Memory: 13.91,19312
Running FIXNM with kPathN for N=1000, sparsity=4, k=1000, seed=1729...
      Average Passes: 1.0, Time/Memory: 14.57,18952
Running FIXNM with kLev0 for N=1000, sparsity=4, k=1, seed=1729...
      Average Passes: 3.0, Time/Memory: 58.49,3072
Running FIXNM with kLev0 for N=1000, sparsity=4, k=2, seed=1729...
      Average Passes: 3.0, Time/Memory: 58.35,3072
Running FIXNM with kLev0 for N=1000, sparsity=4, k=3, seed=1729...
      Average Passes: 3.0, Time/Memory: 59.03,3072
Running FIXNM with kLev0 for N=1000, sparsity=4, k=4, seed=1729...
      Average Passes: 3.0, Time/Memory: 57.85,3072
Running FIXNM with kLev0 for N=1000, sparsity=4, k=5, seed=1729...
      Average Passes: 3.0, Time/Memory: 59.18,3072
Running FIXNM with kLev0 for N=1000, sparsity=4, k=6, seed=1729...
      Average Passes: 3.0, Time/Memory: 59.16,3072
Running FIXNM with kLev0 for N=1000, sparsity=4, k=7, seed=1729...
      Average Passes: 3.0, Time/Memory: 59.58,3072
Running FIXNM with kLev0 for N=1000, sparsity=4, k=8, seed=1729...
      Average Passes: 3.0, Time/Memory: 58.34,3072
Running FIXNM with kLev0 for N=1000, sparsity=4, k=9, seed=1729...
      Average Passes: 3.0, Time/Memory: 58.34,3072
Running FIXNM with kLev0 for N=1000, sparsity=4, k=10, seed=1729...
      Average Passes: 3.0, Time/Memory: 58.92,3072
Running FIXNM with kLev0 for N=1000, sparsity=4, k=11, seed=1729...
      Average Passes: 3.0, Time/Memory: 58.06,3072
Running FIXNM with kLev0 for N=1000, sparsity=4, k=12, seed=1729...
      Average Passes: 3.0, Time/Memory: 59.54,4096
Running FIXNM with kLev0 for N=1000, sparsity=4, k=13, seed=1729...
      Average Passes: 3.0, Time/Memory: 62.24,4096
Running FIXNM with kLev0 for N=1000, sparsity=4, k=14, seed=1729...
      Average Passes: 3.0, Time/Memory: 59.23,4096
Running FIXNM with kLev0 for N=1000, sparsity=4, k=15, seed=1729...
      Average Passes: 3.0, Time/Memory: 58.87,4096
Running FIXNM with kLev0 for N=1000, sparsity=4, k=16, seed=1729...
      Average Passes: 3.0, Time/Memory: 58.69,4096
Running FIXNM with kLev0 for N=1000, sparsity=4, k=17, seed=1729...
      Average Passes: 3.0, Time/Memory: 60.12,4096
Running FIXNM with kLev0 for N=1000, sparsity=4, k=18, seed=1729...
      Average Passes: 3.0, Time/Memory: 59.01,3072
Running FIXNM with kLev0 for N=1000, sparsity=4, k=19, seed=1729...
      Average Passes: 3.0, Time/Memory: 61.20,4096
Running FIXNM with kLev0 for N=1000, sparsity=4, k=20, seed=1729...
      Average Passes: 3.0, Time/Memory: 58.39,4096
Running FIXNM with kLev0 for N=1000, sparsity=4, k=21, seed=1729...
      Average Passes: 3.0, Time/Memory: 59.23,4096
Running FIXNM with kLev0 for N=1000, sparsity=4, k=22, seed=1729...
      Average Passes: 3.0, Time/Memory: 61.97,4096
Running FIXNM with kLev0 for N=1000, sparsity=4, k=23, seed=1729...
      Average Passes: 3.0, Time/Memory: 62.26,4096
Running FIXNM with kLev0 for N=1000, sparsity=4, k=24, seed=1729...
      Average Passes: 3.0, Time/Memory: 62.24,4096
Running FIXNM with kLev0 for N=1000, sparsity=4, k=25, seed=1729...
      Average Passes: 3.0, Time/Memory: 60.41,4096
Running FIXNM with kLev0 for N=1000, sparsity=4, k=26, seed=1729...
      Average Passes: 3.0, Time/Memory: 60.34,4096
Running FIXNM with kLev0 for N=1000, sparsity=4, k=27, seed=1729...
      Average Passes: 3.0, Time/Memory: 62.42,4096
Running FIXNM with kLev0 for N=1000, sparsity=4, k=28, seed=1729...
      Average Passes: 3.0, Time/Memory: 62.07,4096
Running FIXNM with kLev0 for N=1000, sparsity=4, k=29, seed=1729...
      Average Passes: 3.0, Time/Memory: 62.53,4096
Running FIXNM with kLev0 for N=1000, sparsity=4, k=30, seed=1729...
      Average Passes: 3.0, Time/Memory: 62.33,4096
Running FIXNM with kLev0 for N=1000, sparsity=4, k=31, seed=1729...
      Average Passes: 3.0, Time/Memory: 61.72,4096
Running FIXNM with kLev0 for N=1000, sparsity=4, k=32, seed=1729...
      Average Passes: 3.0, Time/Memory: 59.99,4096
Running FIXNM with kLev0 for N=1000, sparsity=4, k=33, seed=1729...
      Average Passes: 3.0, Time/Memory: 61.25,4096
Running FIXNM with kLev0 for N=1000, sparsity=4, k=34, seed=1729...
      Average Passes: 3.0, Time/Memory: 59.26,4096
Running FIXNM with kLev0 for N=1000, sparsity=4, k=35, seed=1729...
      Average Passes: 3.0, Time/Memory: 59.93,4096
Running FIXNM with kLev0 for N=1000, sparsity=4, k=36, seed=1729...
      Average Passes: 3.0, Time/Memory: 59.87,4096
Running FIXNM with kLev0 for N=1000, sparsity=4, k=37, seed=1729...
      Average Passes: 3.0, Time/Memory: 59.32,4096
Running FIXNM with kLev0 for N=1000, sparsity=4, k=38, seed=1729...
      Average Passes: 3.0, Time/Memory: 59.66,4096
Running FIXNM with kLev0 for N=1000, sparsity=4, k=39, seed=1729...
      Average Passes: 3.0, Time/Memory: 60.14,4096
Running FIXNM with kLev0 for N=1000, sparsity=4, k=40, seed=1729...
      Average Passes: 3.0, Time/Memory: 58.56,4096
Running FIXNM with kLev0 for N=1000, sparsity=4, k=45, seed=1729...
      Average Passes: 3.0, Time/Memory: 60.20,5120
Running FIXNM with kLev0 for N=1000, sparsity=4, k=50, seed=1729...
      Average Passes: 3.0, Time/Memory: 59.00,5120
Running FIXNM with kLev0 for N=1000, sparsity=4, k=55, seed=1729...
      Average Passes: 3.0, Time/Memory: 61.57,5120
Running FIXNM with kLev0 for N=1000, sparsity=4, k=60, seed=1729...
      Average Passes: 3.0, Time/Memory: 60.49,5120
Running FIXNM with kLev0 for N=1000, sparsity=4, k=65, seed=1729...
      Average Passes: 3.0, Time/Memory: 60.95,5120
Running FIXNM with kLev0 for N=1000, sparsity=4, k=70, seed=1729...
      Average Passes: 3.0, Time/Memory: 59.88,5120
Running FIXNM with kLev0 for N=1000, sparsity=4, k=75, seed=1729...
      Average Passes: 3.0, Time/Memory: 60.11,5120
Running FIXNM with kLev0 for N=1000, sparsity=4, k=80, seed=1729...
      Average Passes: 3.0, Time/Memory: 59.78,6144
Running FIXNM with kLev0 for N=1000, sparsity=4, k=85, seed=1729...
      Average Passes: 3.0, Time/Memory: 58.80,6144
Running FIXNM with kLev0 for N=1000, sparsity=4, k=90, seed=1729...
      Average Passes: 3.0, Time/Memory: 58.19,6144
Running FIXNM with kLev0 for N=1000, sparsity=4, k=95, seed=1729...
      Average Passes: 3.0, Time/Memory: 59.06,6144
Running FIXNM with kLev0 for N=1000, sparsity=4, k=100, seed=1729...
      Average Passes: 3.0, Time/Memory: 58.35,6144
Running FIXNM with kLev0 for N=1000, sparsity=4, k=150, seed=1729...
      Average Passes: 3.0, Time/Memory: 59.02,7168
Running FIXNM with kLev0 for N=1000, sparsity=4, k=200, seed=1729...
      Average Passes: 3.0, Time/Memory: 63.03,9216
Running FIXNM with kLev0 for N=1000, sparsity=4, k=250, seed=1729...
      Average Passes: 3.0, Time/Memory: 69.38,9956
Running FIXNM with kLev0 for N=1000, sparsity=4, k=300, seed=1729...
      Average Passes: 3.0, Time/Memory: 71.35,11264
Running FIXNM with kLev0 for N=1000, sparsity=4, k=350, seed=1729...
      Average Passes: 3.0, Time/Memory: 66.19,12676
Running FIXNM with kLev0 for N=1000, sparsity=4, k=400, seed=1729...
      Average Passes: 3.0, Time/Memory: 64.26,13448
Running FIXNM with kLev0 for N=1000, sparsity=4, k=450, seed=1729...
      Average Passes: 3.0, Time/Memory: 74.86,14584
Running FIXNM with kLev0 for N=1000, sparsity=4, k=500, seed=1729...
      Average Passes: 3.0, Time/Memory: 76.31,15360
Running FIXNM with kLev0 for N=1000, sparsity=4, k=550, seed=1729...
      Average Passes: 3.0, Time/Memory: 67.42,15924
Running FIXNM with kLev0 for N=1000, sparsity=4, k=600, seed=1729...
      Average Passes: 3.0, Time/Memory: 58.41,16384
Running FIXNM with kLev0 for N=1000, sparsity=4, k=650, seed=1729...
      Average Passes: 3.0, Time/Memory: 64.59,17408
Running FIXNM with kLev0 for N=1000, sparsity=4, k=700, seed=1729...
      Average Passes: 3.0, Time/Memory: 57.43,17408
Running FIXNM with kLev0 for N=1000, sparsity=4, k=750, seed=1729...
      Average Passes: 3.0, Time/Memory: 59.00,18300
Running FIXNM with kLev0 for N=1000, sparsity=4, k=800, seed=1729...
      Average Passes: 3.0, Time/Memory: 59.91,18588
Running FIXNM with kLev0 for N=1000, sparsity=4, k=850, seed=1729...
      Average Passes: 3.0, Time/Memory: 59.55,19020
Running FIXNM with kLev0 for N=1000, sparsity=4, k=900, seed=1729...
      Average Passes: 3.0, Time/Memory: 58.90,19136
Running FIXNM with kLev0 for N=1000, sparsity=4, k=950, seed=1729...
      Average Passes: 3.0, Time/Memory: 58.64,19012
Running FIXNM with kLev0 for N=1000, sparsity=4, k=1000, seed=1729...
      Average Passes: 2.0, Time/Memory: 44.07,18432
Running FIXNM with kLevN for N=1000, sparsity=4, k=1, seed=1729...
      Average Passes: 2.0, Time/Memory: 41.61,3072
Running FIXNM with kLevN for N=1000, sparsity=4, k=2, seed=1729...
      Average Passes: 1.99, Time/Memory: 40.00,3072
Running FIXNM with kLevN for N=1000, sparsity=4, k=3, seed=1729...
      Average Passes: 1.46, Time/Memory: 31.14,3072
Running FIXNM with kLevN for N=1000, sparsity=4, k=4, seed=1729...
      Average Passes: 1.11, Time/Memory: 25.27,4096
Running FIXNM with kLevN for N=1000, sparsity=4, k=5, seed=1729...
      Average Passes: 1.03, Time/Memory: 24.32,4096
Running FIXNM with kLevN for N=1000, sparsity=4, k=6, seed=1729...
      Average Passes: 1.01, Time/Memory: 23.75,4096
Running FIXNM with kLevN for N=1000, sparsity=4, k=7, seed=1729...
      Average Passes: 1.0, Time/Memory: 24.74,3072
Running FIXNM with kLevN for N=1000, sparsity=4, k=8, seed=1729...
      Average Passes: 1.0, Time/Memory: 23.60,4096
Running FIXNM with kLevN for N=1000, sparsity=4, k=9, seed=1729...
      Average Passes: 1.0, Time/Memory: 23.63,4096
Running FIXNM with kLevN for N=1000, sparsity=4, k=10, seed=1729...
      Average Passes: 1.0, Time/Memory: 23.50,4096
Running FIXNM with kLevN for N=1000, sparsity=4, k=11, seed=1729...
      Average Passes: 1.0, Time/Memory: 23.65,3072
Running FIXNM with kLevN for N=1000, sparsity=4, k=12, seed=1729...
      Average Passes: 1.0, Time/Memory: 23.82,4096
Running FIXNM with kLevN for N=1000, sparsity=4, k=13, seed=1729...
      Average Passes: 1.0, Time/Memory: 22.87,4096
Running FIXNM with kLevN for N=1000, sparsity=4, k=14, seed=1729...
      Average Passes: 1.0, Time/Memory: 22.54,4096
Running FIXNM with kLevN for N=1000, sparsity=4, k=15, seed=1729...
      Average Passes: 1.0, Time/Memory: 22.39,4096
Running FIXNM with kLevN for N=1000, sparsity=4, k=16, seed=1729...
      Average Passes: 1.0, Time/Memory: 22.78,4096
Running FIXNM with kLevN for N=1000, sparsity=4, k=17, seed=1729...
      Average Passes: 1.0, Time/Memory: 22.77,4096
Running FIXNM with kLevN for N=1000, sparsity=4, k=18, seed=1729...
      Average Passes: 1.0, Time/Memory: 22.54,3072
Running FIXNM with kLevN for N=1000, sparsity=4, k=19, seed=1729...
      Average Passes: 1.0, Time/Memory: 22.45,4096
Running FIXNM with kLevN for N=1000, sparsity=4, k=20, seed=1729...
      Average Passes: 1.0, Time/Memory: 22.97,4096
Running FIXNM with kLevN for N=1000, sparsity=4, k=21, seed=1729...
      Average Passes: 1.0, Time/Memory: 22.85,4096
Running FIXNM with kLevN for N=1000, sparsity=4, k=22, seed=1729...
      Average Passes: 1.0, Time/Memory: 22.92,3072
Running FIXNM with kLevN for N=1000, sparsity=4, k=23, seed=1729...
      Average Passes: 1.0, Time/Memory: 23.28,3072
Running FIXNM with kLevN for N=1000, sparsity=4, k=24, seed=1729...
      Average Passes: 1.0, Time/Memory: 23.60,4096
Running FIXNM with kLevN for N=1000, sparsity=4, k=25, seed=1729...
      Average Passes: 1.0, Time/Memory: 23.34,3072
Running FIXNM with kLevN for N=1000, sparsity=4, k=26, seed=1729...
      Average Passes: 1.0, Time/Memory: 23.51,4096
Running FIXNM with kLevN for N=1000, sparsity=4, k=27, seed=1729...
      Average Passes: 1.0, Time/Memory: 22.37,3072
Running FIXNM with kLevN for N=1000, sparsity=4, k=28, seed=1729...
      Average Passes: 1.0, Time/Memory: 23.20,4096
Running FIXNM with kLevN for N=1000, sparsity=4, k=29, seed=1729...
      Average Passes: 1.0, Time/Memory: 23.93,3072
Running FIXNM with kLevN for N=1000, sparsity=4, k=30, seed=1729...
      Average Passes: 1.0, Time/Memory: 23.36,4096
Running FIXNM with kLevN for N=1000, sparsity=4, k=31, seed=1729...
      Average Passes: 1.0, Time/Memory: 23.55,4096
Running FIXNM with kLevN for N=1000, sparsity=4, k=32, seed=1729...
      Average Passes: 1.0, Time/Memory: 23.42,4096
Running FIXNM with kLevN for N=1000, sparsity=4, k=33, seed=1729...
      Average Passes: 1.0, Time/Memory: 23.79,4096
Running FIXNM with kLevN for N=1000, sparsity=4, k=34, seed=1729...
      Average Passes: 1.0, Time/Memory: 23.38,4096
Running FIXNM with kLevN for N=1000, sparsity=4, k=35, seed=1729...
      Average Passes: 1.0, Time/Memory: 23.17,4096
Running FIXNM with kLevN for N=1000, sparsity=4, k=36, seed=1729...
      Average Passes: 1.0, Time/Memory: 22.50,4096
Running FIXNM with kLevN for N=1000, sparsity=4, k=37, seed=1729...
      Average Passes: 1.0, Time/Memory: 22.72,3072
Running FIXNM with kLevN for N=1000, sparsity=4, k=38, seed=1729...
      Average Passes: 1.0, Time/Memory: 23.75,4096
Running FIXNM with kLevN for N=1000, sparsity=4, k=39, seed=1729...
      Average Passes: 1.0, Time/Memory: 22.78,4096
Running FIXNM with kLevN for N=1000, sparsity=4, k=40, seed=1729...
      Average Passes: 1.0, Time/Memory: 22.75,4096
Running FIXNM with kLevN for N=1000, sparsity=4, k=45, seed=1729...
      Average Passes: 1.0, Time/Memory: 22.30,3072
Running FIXNM with kLevN for N=1000, sparsity=4, k=50, seed=1729...
      Average Passes: 1.0, Time/Memory: 22.84,4096
Running FIXNM with kLevN for N=1000, sparsity=4, k=55, seed=1729...
      Average Passes: 1.0, Time/Memory: 22.62,4096
Running FIXNM with kLevN for N=1000, sparsity=4, k=60, seed=1729...
      Average Passes: 1.0, Time/Memory: 23.53,4096
Running FIXNM with kLevN for N=1000, sparsity=4, k=65, seed=1729...
      Average Passes: 1.0, Time/Memory: 23.92,4096
Running FIXNM with kLevN for N=1000, sparsity=4, k=70, seed=1729...
      Average Passes: 1.0, Time/Memory: 23.43,4096
Running FIXNM with kLevN for N=1000, sparsity=4, k=75, seed=1729...
      Average Passes: 1.0, Time/Memory: 23.77,4096
Running FIXNM with kLevN for N=1000, sparsity=4, k=80, seed=1729...
      Average Passes: 1.0, Time/Memory: 23.53,4096
Running FIXNM with kLevN for N=1000, sparsity=4, k=85, seed=1729...
      Average Passes: 1.0, Time/Memory: 23.62,4096
Running FIXNM with kLevN for N=1000, sparsity=4, k=90, seed=1729...
      Average Passes: 1.0, Time/Memory: 23.85,4096
Running FIXNM with kLevN for N=1000, sparsity=4, k=95, seed=1729...
      Average Passes: 1.0, Time/Memory: 23.64,4096
Running FIXNM with kLevN for N=1000, sparsity=4, k=100, seed=1729...
      Average Passes: 1.0, Time/Memory: 23.68,4096
Running FIXNM with kLevN for N=1000, sparsity=4, k=150, seed=1729...
      Average Passes: 1.0, Time/Memory: 23.44,4096
Running FIXNM with kLevN for N=1000, sparsity=4, k=200, seed=1729...
      Average Passes: 1.0, Time/Memory: 22.40,4096
Running FIXNM with kLevN for N=1000, sparsity=4, k=250, seed=1729...
      Average Passes: 1.0, Time/Memory: 22.71,4096
Running FIXNM with kLevN for N=1000, sparsity=4, k=300, seed=1729...
      Average Passes: 1.0, Time/Memory: 22.42,4096
Running FIXNM with kLevN for N=1000, sparsity=4, k=350, seed=1729...
      Average Passes: 1.0, Time/Memory: 22.43,4096
Running FIXNM with kLevN for N=1000, sparsity=4, k=400, seed=1729...
      Average Passes: 1.0, Time/Memory: 22.56,4096
Running FIXNM with kLevN for N=1000, sparsity=4, k=450, seed=1729...
      Average Passes: 1.0, Time/Memory: 22.43,4096
Running FIXNM with kLevN for N=1000, sparsity=4, k=500, seed=1729...
      Average Passes: 1.0, Time/Memory: 15.86,19312
Running FIXNM with kLevN for N=1000, sparsity=4, k=550, seed=1729...
      Average Passes: 1.0, Time/Memory: 15.25,19316
Running FIXNM with kLevN for N=1000, sparsity=4, k=600, seed=1729...
      Average Passes: 1.0, Time/Memory: 15.23,19308
Running FIXNM with kLevN for N=1000, sparsity=4, k=650, seed=1729...
      Average Passes: 1.0, Time/Memory: 14.21,19312
Running FIXNM with kLevN for N=1000, sparsity=4, k=700, seed=1729...
      Average Passes: 1.0, Time/Memory: 13.95,19312
Running FIXNM with kLevN for N=1000, sparsity=4, k=750, seed=1729...
      Average Passes: 1.0, Time/Memory: 14.40,19248
Running FIXNM with kLevN for N=1000, sparsity=4, k=800, seed=1729...
      Average Passes: 1.0, Time/Memory: 14.61,19312
Running FIXNM with kLevN for N=1000, sparsity=4, k=850, seed=1729...
      Average Passes: 1.0, Time/Memory: 14.21,19312
Running FIXNM with kLevN for N=1000, sparsity=4, k=900, seed=1729...
      Average Passes: 1.0, Time/Memory: 16.09,19312
Running FIXNM with kLevN for N=1000, sparsity=4, k=950, seed=1729...
      Average Passes: 1.0, Time/Memory: 16.21,19000
Running FIXNM with kLevN for N=1000, sparsity=4, k=1000, seed=1729...
      Average Passes: 1.0, Time/Memory: 15.51,19176
