Graph already exists at: ./input/random_graphs/graph_10000_132877_UNIFORM_6230961512046992312.txt
Graph already exists at: ./input/random_graphs/graph_10000_132877_UNIFORM_7871178979383552920.txt
Graph already exists at: ./input/random_graphs/graph_10000_132877_UNIFORM_5739955973604961614.txt
Graph already exists at: ./input/random_graphs/graph_10000_132877_UNIFORM_3881801951614183358.txt
Graph already exists at: ./input/random_graphs/graph_10000_132877_UNIFORM_7032710160631691992.txt
Graph already exists at: ./input/random_graphs/graph_10000_132877_UNIFORM_7599700178212337700.txt
Graph already exists at: ./input/random_graphs/graph_10000_132877_UNIFORM_1353182403971399009.txt
Graph already exists at: ./input/random_graphs/graph_10000_132877_UNIFORM_1070244953599069350.txt
Graph already exists at: ./input/random_graphs/graph_10000_132877_UNIFORM_6522163754831416204.txt
Graph already exists at: ./input/random_graphs/graph_10000_132877_UNIFORM_6938562734920028533.txt
Graph already exists at: ./input/random_graphs/graph_10000_132877_UNIFORM_4040737767143389431.txt
Graph already exists at: ./input/random_graphs/graph_10000_132877_UNIFORM_1250005700364523650.txt
Graph already exists at: ./input/random_graphs/graph_10000_132877_UNIFORM_1309542850049879453.txt
Graph already exists at: ./input/random_graphs/graph_10000_132877_UNIFORM_2429002973740178792.txt
Graph already exists at: ./input/random_graphs/graph_10000_132877_UNIFORM_7663871783842725849.txt
Graph already exists at: ./input/random_graphs/graph_10000_132877_UNIFORM_320375091487821988.txt
Graph already exists at: ./input/random_graphs/graph_10000_132877_UNIFORM_5906957480796939448.txt
Graph already exists at: ./input/random_graphs/graph_10000_132877_UNIFORM_1250773459040295677.txt
Graph already exists at: ./input/random_graphs/graph_10000_132877_UNIFORM_7146860528564146065.txt
Graph already exists at: ./input/random_graphs/graph_10000_132877_UNIFORM_3438400432146115956.txt
Graph already exists at: ./input/random_graphs/graph_10000_132877_UNIFORM_7473196763798409429.txt
Graph already exists at: ./input/random_graphs/graph_10000_132877_UNIFORM_5139481885857321792.txt
Graph already exists at: ./input/random_graphs/graph_10000_132877_UNIFORM_5142811650494845598.txt
Graph already exists at: ./input/random_graphs/graph_10000_132877_UNIFORM_3010622984418968409.txt
Graph already exists at: ./input/random_graphs/graph_10000_132877_UNIFORM_6002685213311538188.txt
Graph already exists at: ./input/random_graphs/graph_10000_132877_UNIFORM_5708372698381010776.txt
Graph already exists at: ./input/random_graphs/graph_10000_132877_UNIFORM_521787134863155064.txt
Graph already exists at: ./input/random_graphs/graph_10000_132877_UNIFORM_1731523882129807996.txt
Graph already exists at: ./input/random_graphs/graph_10000_132877_UNIFORM_1853590723603270880.txt
Graph already exists at: ./input/random_graphs/graph_10000_132877_UNIFORM_7029781962072644699.txt
Graph already exists at: ./input/random_graphs/graph_10000_132877_UNIFORM_6785030173969523436.txt
Graph already exists at: ./input/random_graphs/graph_10000_132877_UNIFORM_5529616217668449935.txt
Graph already exists at: ./input/random_graphs/graph_10000_132877_UNIFORM_1024517563182776984.txt
Graph already exists at: ./input/random_graphs/graph_10000_132877_UNIFORM_3224265581699847191.txt
Graph already exists at: ./input/random_graphs/graph_10000_132877_UNIFORM_5258051056098597522.txt
Graph already exists at: ./input/random_graphs/graph_10000_132877_UNIFORM_1647170069535670910.txt
Graph already exists at: ./input/random_graphs/graph_10000_132877_UNIFORM_4122784633514911761.txt
Graph already exists at: ./input/random_graphs/graph_10000_132877_UNIFORM_7706236040662210849.txt
Graph already exists at: ./input/random_graphs/graph_10000_132877_UNIFORM_824387247617288499.txt
Graph already exists at: ./input/random_graphs/graph_10000_132877_UNIFORM_1632192924771168275.txt
Graph already exists at: ./input/random_graphs/graph_10000_132877_UNIFORM_7161906730445628484.txt
Graph already exists at: ./input/random_graphs/graph_10000_132877_UNIFORM_6802378520969450158.txt
Graph already exists at: ./input/random_graphs/graph_10000_132877_UNIFORM_4552998297316576789.txt
Graph already exists at: ./input/random_graphs/graph_10000_132877_UNIFORM_8031431416522537102.txt
Graph already exists at: ./input/random_graphs/graph_10000_132877_UNIFORM_6143643868734370810.txt
Graph already exists at: ./input/random_graphs/graph_10000_132877_UNIFORM_3272308573967577038.txt
Graph already exists at: ./input/random_graphs/graph_10000_132877_UNIFORM_5636411189175451025.txt
Graph already exists at: ./input/random_graphs/graph_10000_132877_UNIFORM_5349491008325879065.txt
Graph already exists at: ./input/random_graphs/graph_10000_132877_UNIFORM_6614505080519948833.txt
Graph already exists at: ./input/random_graphs/graph_10000_132877_UNIFORM_7938560551762094561.txt
Graph already exists at: ./input/random_graphs/graph_10000_132877_UNIFORM_7917045922527545891.txt
Graph already exists at: ./input/random_graphs/graph_10000_132877_UNIFORM_4445925461710302878.txt
Graph already exists at: ./input/random_graphs/graph_10000_132877_UNIFORM_3865339568260874865.txt
Graph already exists at: ./input/random_graphs/graph_10000_132877_UNIFORM_7921282862123281599.txt
Graph already exists at: ./input/random_graphs/graph_10000_132877_UNIFORM_6224222471595207696.txt
Graph already exists at: ./input/random_graphs/graph_10000_132877_UNIFORM_1128313391724783138.txt
Graph already exists at: ./input/random_graphs/graph_10000_132877_UNIFORM_716820155901718944.txt
Graph already exists at: ./input/random_graphs/graph_10000_132877_UNIFORM_8718380604043999643.txt
Graph already exists at: ./input/random_graphs/graph_10000_132877_UNIFORM_5063475852268941543.txt
Graph already exists at: ./input/random_graphs/graph_10000_132877_UNIFORM_4997514996153925448.txt
Graph already exists at: ./input/random_graphs/graph_10000_132877_UNIFORM_8446481348147407378.txt
Graph already exists at: ./input/random_graphs/graph_10000_132877_UNIFORM_3817405844514670994.txt
Graph already exists at: ./input/random_graphs/graph_10000_132877_UNIFORM_6529943913552561418.txt
Graph already exists at: ./input/random_graphs/graph_10000_132877_UNIFORM_2909934787168262408.txt
Graph already exists at: ./input/random_graphs/graph_10000_132877_UNIFORM_1170385908854608748.txt
Graph already exists at: ./input/random_graphs/graph_10000_132877_UNIFORM_6022436717541034637.txt
Graph already exists at: ./input/random_graphs/graph_10000_132877_UNIFORM_199422815561151340.txt
Graph already exists at: ./input/random_graphs/graph_10000_132877_UNIFORM_3713827327871807734.txt
Graph already exists at: ./input/random_graphs/graph_10000_132877_UNIFORM_175493991617213851.txt
Graph already exists at: ./input/random_graphs/graph_10000_132877_UNIFORM_5108599054664628608.txt
Graph already exists at: ./input/random_graphs/graph_10000_132877_UNIFORM_6764066939395682288.txt
Graph already exists at: ./input/random_graphs/graph_10000_132877_UNIFORM_9130666990809746336.txt
Graph already exists at: ./input/random_graphs/graph_10000_132877_UNIFORM_7644420139408884786.txt
Graph already exists at: ./input/random_graphs/graph_10000_132877_UNIFORM_1458186392400727732.txt
Graph already exists at: ./input/random_graphs/graph_10000_132877_UNIFORM_1392892770529522614.txt
Graph already exists at: ./input/random_graphs/graph_10000_132877_UNIFORM_9060210648189963450.txt
Graph already exists at: ./input/random_graphs/graph_10000_132877_UNIFORM_4250897495980125004.txt
Graph already exists at: ./input/random_graphs/graph_10000_132877_UNIFORM_8794274795737982183.txt
Graph already exists at: ./input/random_graphs/graph_10000_132877_UNIFORM_2089506265998900862.txt
Graph already exists at: ./input/random_graphs/graph_10000_132877_UNIFORM_5497874167834979554.txt
Graph already exists at: ./input/random_graphs/graph_10000_132877_UNIFORM_4060584409398689269.txt
Graph already exists at: ./input/random_graphs/graph_10000_132877_UNIFORM_1332005502874566195.txt
Graph already exists at: ./input/random_graphs/graph_10000_132877_UNIFORM_1722224698700348310.txt
Graph already exists at: ./input/random_graphs/graph_10000_132877_UNIFORM_8626102704817790065.txt
Graph already exists at: ./input/random_graphs/graph_10000_132877_UNIFORM_7905487461282246980.txt
Graph already exists at: ./input/random_graphs/graph_10000_132877_UNIFORM_8448596294177070023.txt
Graph already exists at: ./input/random_graphs/graph_10000_132877_UNIFORM_4795749165124911769.txt
Graph already exists at: ./input/random_graphs/graph_10000_132877_UNIFORM_4934890601268679177.txt
Graph already exists at: ./input/random_graphs/graph_10000_132877_UNIFORM_1992204328026194281.txt
Graph already exists at: ./input/random_graphs/graph_10000_132877_UNIFORM_7118744415197196277.txt
Graph already exists at: ./input/random_graphs/graph_10000_132877_UNIFORM_2718103348384927512.txt
Graph already exists at: ./input/random_graphs/graph_10000_132877_UNIFORM_9059990922233379853.txt
Graph already exists at: ./input/random_graphs/graph_10000_132877_UNIFORM_7449662661572224355.txt
Graph already exists at: ./input/random_graphs/graph_10000_132877_UNIFORM_3221421291694197221.txt
Graph already exists at: ./input/random_graphs/graph_10000_132877_UNIFORM_8867616339855336877.txt
Graph already exists at: ./input/random_graphs/graph_10000_132877_UNIFORM_5894893360759659424.txt
Graph already exists at: ./input/random_graphs/graph_10000_132877_UNIFORM_7983805977214098675.txt
Graph already exists at: ./input/random_graphs/graph_10000_132877_UNIFORM_4940913311242578591.txt
Graph already exists at: ./input/random_graphs/graph_10000_132877_UNIFORM_2264398621601381988.txt
Graph already exists at: ./input/random_graphs/graph_10000_132877_UNIFORM_7632458674696225363.txt
Running VARK with 100 iterations, for N = 10,000 and sparsity code 2 for k from 1 to N and seed token 1729
Generating 100 graph(s) with N=10000, sparsity=2, seed=1729...
Running FIXNM with kPath0 for N=10000, sparsity=2, k=1, seed=1729...
      Average Passes: 124.39, Time/Memory: 371.60,8852
Running FIXNM with kPath0 for N=10000, sparsity=2, k=2, seed=1729...
      Average Passes: 11.95, Time/Memory: 35.45,9124
Running FIXNM with kPath0 for N=10000, sparsity=2, k=3, seed=1729...
      Average Passes: 4.0, Time/Memory: 13.11,10292
Running FIXNM with kPath0 for N=10000, sparsity=2, k=4, seed=1729...
      Average Passes: 4.0, Time/Memory: 13.80,11400
Running FIXNM with kPath0 for N=10000, sparsity=2, k=5, seed=1729...
      Average Passes: 3.0, Time/Memory: 8.46,12880
Running FIXNM with kPath0 for N=10000, sparsity=2, k=6, seed=1729...
      Average Passes: 3.0, Time/Memory: 9.44,13344
Running FIXNM with kPath0 for N=10000, sparsity=2, k=7, seed=1729...
      Average Passes: 3.0, Time/Memory: 9.96,14544
Running FIXNM with kPath0 for N=10000, sparsity=2, k=8, seed=1729...
      Average Passes: 3.0, Time/Memory: 10.50,15380
Running FIXNM with kPath0 for N=10000, sparsity=2, k=9, seed=1729...
      Average Passes: 3.0, Time/Memory: 9.32,16444
Running FIXNM with kPath0 for N=10000, sparsity=2, k=10, seed=1729...
      Average Passes: 3.0, Time/Memory: 10.94,17180
Running FIXNM with kPath0 for N=10000, sparsity=2, k=12, seed=1729...
      Average Passes: 3.0, Time/Memory: 9.93,19076
Running FIXNM with kPath0 for N=10000, sparsity=2, k=14, seed=1729...
      Average Passes: 3.0, Time/Memory: 10.97,21108
Running FIXNM with kPath0 for N=10000, sparsity=2, k=16, seed=1729...
      Average Passes: 2.0, Time/Memory: 7.47,21328
Running FIXNM with kPath0 for N=10000, sparsity=2, k=18, seed=1729...
      Average Passes: 2.0, Time/Memory: 8.01,21432
Running FIXNM with kPath0 for N=10000, sparsity=2, k=20, seed=1729...
      Average Passes: 2.0, Time/Memory: 7.61,21532
Running FIXNM with kPath0 for N=10000, sparsity=2, k=25, seed=1729...
      Average Passes: 2.0, Time/Memory: 7.29,21332
Running FIXNM with kPath0 for N=10000, sparsity=2, k=30, seed=1729...
      Average Passes: 2.0, Time/Memory: 6.98,21328
Running FIXNM with kPath0 for N=10000, sparsity=2, k=35, seed=1729...
      Average Passes: 2.0, Time/Memory: 7.44,21520
Running FIXNM with kPath0 for N=10000, sparsity=2, k=40, seed=1729...
      Average Passes: 2.0, Time/Memory: 7.20,21476
Running FIXNM with kPath0 for N=10000, sparsity=2, k=50, seed=1729...
      Average Passes: 2.0, Time/Memory: 7.35,21528
Running FIXNM with kPath0 for N=10000, sparsity=2, k=75, seed=1729...
      Average Passes: 2.0, Time/Memory: 7.60,21340
Running FIXNM with kPath0 for N=10000, sparsity=2, k=100, seed=1729...
      Average Passes: 2.0, Time/Memory: 7.21,21520
Running FIXNM with kPath0 for N=10000, sparsity=2, k=250, seed=1729...
      Average Passes: 2.0, Time/Memory: 7.75,21404
Running FIXNM with kPath0 for N=10000, sparsity=2, k=500, seed=1729...
      Average Passes: 2.0, Time/Memory: 7.03,21412
Running FIXNM with kPath0 for N=10000, sparsity=2, k=750, seed=1729...
      Average Passes: 2.0, Time/Memory: 7.59,21564
Running FIXNM with kPath0 for N=10000, sparsity=2, k=1000, seed=1729...
      Average Passes: 2.0, Time/Memory: 7.67,21512
Running FIXNM with kPath0 for N=10000, sparsity=2, k=2500, seed=1729...
      Average Passes: 2.0, Time/Memory: 7.74,21512
Running FIXNM with kPath0 for N=10000, sparsity=2, k=5000, seed=1729...
      Average Passes: 2.0, Time/Memory: 7.36,21328
Running FIXNM with kPath0 for N=10000, sparsity=2, k=7500, seed=1729...
      Average Passes: 2.0, Time/Memory: 7.34,21428
Running FIXNM with kPath0 for N=10000, sparsity=2, k=10000, seed=1729...
      Average Passes: 2.0, Time/Memory: 7.84,21528
Running FIXNM with kPathN for N=10000, sparsity=2, k=1, seed=1729...
      Average Passes: 44.6, Time/Memory: 133.75,9584
Running FIXNM with kPathN for N=10000, sparsity=2, k=2, seed=1729...
      Average Passes: 3.0, Time/Memory: 9.56,9844
Running FIXNM with kPathN for N=10000, sparsity=2, k=3, seed=1729...
      Average Passes: 2.0, Time/Memory: 6.42,10816
Running FIXNM with kPathN for N=10000, sparsity=2, k=4, seed=1729...
      Average Passes: 2.0, Time/Memory: 6.78,11944
Running FIXNM with kPathN for N=10000, sparsity=2, k=5, seed=1729...
      Average Passes: 2.0, Time/Memory: 6.30,12732
Running FIXNM with kPathN for N=10000, sparsity=2, k=6, seed=1729...
      Average Passes: 2.0, Time/Memory: 6.27,13824
Running FIXNM with kPathN for N=10000, sparsity=2, k=7, seed=1729...
      Average Passes: 2.0, Time/Memory: 6.87,14884
Running FIXNM with kPathN for N=10000, sparsity=2, k=8, seed=1729...
      Average Passes: 2.0, Time/Memory: 7.30,15692
Running FIXNM with kPathN for N=10000, sparsity=2, k=9, seed=1729...
      Average Passes: 2.0, Time/Memory: 8.01,16624
Running FIXNM with kPathN for N=10000, sparsity=2, k=10, seed=1729...
      Average Passes: 2.0, Time/Memory: 7.78,17488
Running FIXNM with kPathN for N=10000, sparsity=2, k=12, seed=1729...
      Average Passes: 2.0, Time/Memory: 8.44,19584
Running FIXNM with kPathN for N=10000, sparsity=2, k=14, seed=1729...
      Average Passes: 1.0, Time/Memory: 3.96,76428
Running FIXNM with kPathN for N=10000, sparsity=2, k=16, seed=1729...
      Average Passes: 1.0, Time/Memory: 3.90,76312
Running FIXNM with kPathN for N=10000, sparsity=2, k=18, seed=1729...
      Average Passes: 1.0, Time/Memory: 3.95,76416
Running FIXNM with kPathN for N=10000, sparsity=2, k=20, seed=1729...
      Average Passes: 1.0, Time/Memory: 3.03,76468
Running FIXNM with kPathN for N=10000, sparsity=2, k=25, seed=1729...
      Average Passes: 1.0, Time/Memory: 3.28,76508
Running FIXNM with kPathN for N=10000, sparsity=2, k=30, seed=1729...
      Average Passes: 1.0, Time/Memory: 3.19,76376
Running FIXNM with kPathN for N=10000, sparsity=2, k=35, seed=1729...
      Average Passes: 1.0, Time/Memory: 2.92,76476
Running FIXNM with kPathN for N=10000, sparsity=2, k=40, seed=1729...
      Average Passes: 1.0, Time/Memory: 3.46,76376
Running FIXNM with kPathN for N=10000, sparsity=2, k=50, seed=1729...
      Average Passes: 1.0, Time/Memory: 3.06,76448
Running FIXNM with kPathN for N=10000, sparsity=2, k=75, seed=1729...
      Average Passes: 1.0, Time/Memory: 4.20,76508
Running FIXNM with kPathN for N=10000, sparsity=2, k=100, seed=1729...
      Average Passes: 1.0, Time/Memory: 3.63,76456
Running FIXNM with kPathN for N=10000, sparsity=2, k=250, seed=1729...
      Average Passes: 1.0, Time/Memory: 3.34,76464
Running FIXNM with kPathN for N=10000, sparsity=2, k=500, seed=1729...
      Average Passes: 1.0, Time/Memory: 2.93,76508
Running FIXNM with kPathN for N=10000, sparsity=2, k=750, seed=1729...
      Average Passes: 1.0, Time/Memory: 2.97,76392
Running FIXNM with kPathN for N=10000, sparsity=2, k=1000, seed=1729...
      Average Passes: 1.0, Time/Memory: 2.92,76380
Running FIXNM with kPathN for N=10000, sparsity=2, k=2500, seed=1729...
      Average Passes: 1.0, Time/Memory: 2.89,76448
Running FIXNM with kPathN for N=10000, sparsity=2, k=5000, seed=1729...
      Average Passes: 1.0, Time/Memory: 3.26,76512
Running FIXNM with kPathN for N=10000, sparsity=2, k=7500, seed=1729...
      Average Passes: 1.0, Time/Memory: 3.39,76336
Running FIXNM with kPathN for N=10000, sparsity=2, k=10000, seed=1729...
      Average Passes: 1.0, Time/Memory: 2.95,76620
Running FIXNM with kLev0 for N=10000, sparsity=2, k=1, seed=1729...
      Average Passes: 4.07, Time/Memory: 18.07,9088
Running FIXNM with kLev0 for N=10000, sparsity=2, k=2, seed=1729...
      Average Passes: 4.07, Time/Memory: 18.19,8836
Running FIXNM with kLev0 for N=10000, sparsity=2, k=3, seed=1729...
      Average Passes: 4.07, Time/Memory: 19.11,8884
Running FIXNM with kLev0 for N=10000, sparsity=2, k=4, seed=1729...
      Average Passes: 4.06, Time/Memory: 18.21,8880
Running FIXNM with kLev0 for N=10000, sparsity=2, k=5, seed=1729...
      Average Passes: 4.07, Time/Memory: 18.67,8840
Running FIXNM with kLev0 for N=10000, sparsity=2, k=6, seed=1729...
      Average Passes: 4.07, Time/Memory: 17.79,8688
Running FIXNM with kLev0 for N=10000, sparsity=2, k=7, seed=1729...
      Average Passes: 4.07, Time/Memory: 17.89,8660
Running FIXNM with kLev0 for N=10000, sparsity=2, k=8, seed=1729...
      Average Passes: 4.08, Time/Memory: 19.98,8724
Running FIXNM with kLev0 for N=10000, sparsity=2, k=9, seed=1729...
      Average Passes: 4.08, Time/Memory: 17.96,8852
Running FIXNM with kLev0 for N=10000, sparsity=2, k=10, seed=1729...
      Average Passes: 4.09, Time/Memory: 17.99,9020
Running FIXNM with kLev0 for N=10000, sparsity=2, k=12, seed=1729...
      Average Passes: 4.08, Time/Memory: 18.47,9428
Running FIXNM with kLev0 for N=10000, sparsity=2, k=14, seed=1729...
      Average Passes: 4.08, Time/Memory: 20.13,8600
Running FIXNM with kLev0 for N=10000, sparsity=2, k=16, seed=1729...
      Average Passes: 4.08, Time/Memory: 18.14,8700
Running FIXNM with kLev0 for N=10000, sparsity=2, k=18, seed=1729...
      Average Passes: 4.08, Time/Memory: 18.78,9008
Running FIXNM with kLev0 for N=10000, sparsity=2, k=20, seed=1729...
      Average Passes: 4.07, Time/Memory: 18.55,8844
Running FIXNM with kLev0 for N=10000, sparsity=2, k=25, seed=1729...
      Average Passes: 4.06, Time/Memory: 17.64,9184
Running FIXNM with kLev0 for N=10000, sparsity=2, k=30, seed=1729...
      Average Passes: 4.06, Time/Memory: 17.89,9160
Running FIXNM with kLev0 for N=10000, sparsity=2, k=35, seed=1729...
      Average Passes: 4.04, Time/Memory: 18.46,8588
Running FIXNM with kLev0 for N=10000, sparsity=2, k=40, seed=1729...
      Average Passes: 4.05, Time/Memory: 17.87,8744
Running FIXNM with kLev0 for N=10000, sparsity=2, k=50, seed=1729...
      Average Passes: 4.03, Time/Memory: 18.14,8828
Running FIXNM with kLev0 for N=10000, sparsity=2, k=75, seed=1729...
      Average Passes: 4.02, Time/Memory: 17.66,8780
Running FIXNM with kLev0 for N=10000, sparsity=2, k=100, seed=1729...
      Average Passes: 4.01, Time/Memory: 19.13,8792
Running FIXNM with kLev0 for N=10000, sparsity=2, k=250, seed=1729...
      Average Passes: 4.0, Time/Memory: 17.08,8900
Running FIXNM with kLev0 for N=10000, sparsity=2, k=500, seed=1729...
      Average Passes: 4.0, Time/Memory: 17.41,9052
Running FIXNM with kLev0 for N=10000, sparsity=2, k=750, seed=1729...
      Average Passes: 4.0, Time/Memory: 17.70,9112
Running FIXNM with kLev0 for N=10000, sparsity=2, k=1000, seed=1729...
      Average Passes: 3.99, Time/Memory: 17.27,9532
Running FIXNM with kLev0 for N=10000, sparsity=2, k=2500, seed=1729...
      Average Passes: 4.0, Time/Memory: 19.14,10320
Running FIXNM with kLev0 for N=10000, sparsity=2, k=5000, seed=1729...
      Average Passes: 3.0, Time/Memory: 14.86,11656
Running FIXNM with kLev0 for N=10000, sparsity=2, k=7500, seed=1729...
      Average Passes: 3.0, Time/Memory: 14.28,12092
Running FIXNM with kLev0 for N=10000, sparsity=2, k=10000, seed=1729...
      Average Passes: 2.0, Time/Memory: 12.19,12204
Running FIXNM with kLevN for N=10000, sparsity=2, k=1, seed=1729...
      Average Passes: 2.34, Time/Memory: 13.61,9600
Running FIXNM with kLevN for N=10000, sparsity=2, k=2, seed=1729...
      Average Passes: 2.0, Time/Memory: 12.41,10260
Running FIXNM with kLevN for N=10000, sparsity=2, k=3, seed=1729...
      Average Passes: 1.99, Time/Memory: 15.14,10688
Running FIXNM with kLevN for N=10000, sparsity=2, k=4, seed=1729...
      Average Passes: 1.62, Time/Memory: 14.27,12152
Running FIXNM with kLevN for N=10000, sparsity=2, k=5, seed=1729...
      Average Passes: 1.17, Time/Memory: 10.79,12588
Running FIXNM with kLevN for N=10000, sparsity=2, k=6, seed=1729...
      Average Passes: 1.01, Time/Memory: 10.49,13196
Running FIXNM with kLevN for N=10000, sparsity=2, k=7, seed=1729...
      Average Passes: 1.0, Time/Memory: 10.32,13444
Running FIXNM with kLevN for N=10000, sparsity=2, k=8, seed=1729...
      Average Passes: 1.0, Time/Memory: 10.24,13428
Running FIXNM with kLevN for N=10000, sparsity=2, k=9, seed=1729...
      Average Passes: 1.0, Time/Memory: 10.58,13492
Running FIXNM with kLevN for N=10000, sparsity=2, k=10, seed=1729...
      Average Passes: 1.0, Time/Memory: 10.26,13464
Running FIXNM with kLevN for N=10000, sparsity=2, k=12, seed=1729...
      Average Passes: 1.0, Time/Memory: 11.34,13528
Running FIXNM with kLevN for N=10000, sparsity=2, k=14, seed=1729...
      Average Passes: 1.0, Time/Memory: 2.93,76376
Running FIXNM with kLevN for N=10000, sparsity=2, k=16, seed=1729...
      Average Passes: 1.0, Time/Memory: 3.12,76468
Running FIXNM with kLevN for N=10000, sparsity=2, k=18, seed=1729...
      Average Passes: 1.0, Time/Memory: 3.04,76284
Running FIXNM with kLevN for N=10000, sparsity=2, k=20, seed=1729...
      Average Passes: 1.0, Time/Memory: 2.98,76508
Running FIXNM with kLevN for N=10000, sparsity=2, k=25, seed=1729...
      Average Passes: 1.0, Time/Memory: 2.90,76464
Running FIXNM with kLevN for N=10000, sparsity=2, k=30, seed=1729...
      Average Passes: 1.0, Time/Memory: 3.51,76476
Running FIXNM with kLevN for N=10000, sparsity=2, k=35, seed=1729...
      Average Passes: 1.0, Time/Memory: 3.99,76620
Running FIXNM with kLevN for N=10000, sparsity=2, k=40, seed=1729...
      Average Passes: 1.0, Time/Memory: 3.87,76464
Running FIXNM with kLevN for N=10000, sparsity=2, k=50, seed=1729...
      Average Passes: 1.0, Time/Memory: 3.70,76476
Running FIXNM with kLevN for N=10000, sparsity=2, k=75, seed=1729...
      Average Passes: 1.0, Time/Memory: 3.10,76284
Running FIXNM with kLevN for N=10000, sparsity=2, k=100, seed=1729...
      Average Passes: 1.0, Time/Memory: 3.49,76624
Running FIXNM with kLevN for N=10000, sparsity=2, k=250, seed=1729...
      Average Passes: 1.0, Time/Memory: 3.80,76284
Running FIXNM with kLevN for N=10000, sparsity=2, k=500, seed=1729...
      Average Passes: 1.0, Time/Memory: 3.47,76476
Running FIXNM with kLevN for N=10000, sparsity=2, k=750, seed=1729...
      Average Passes: 1.0, Time/Memory: 3.51,76312
Running FIXNM with kLevN for N=10000, sparsity=2, k=1000, seed=1729...
      Average Passes: 1.0, Time/Memory: 3.15,76464
Running FIXNM with kLevN for N=10000, sparsity=2, k=2500, seed=1729...
      Average Passes: 1.0, Time/Memory: 2.96,76284
Running FIXNM with kLevN for N=10000, sparsity=2, k=5000, seed=1729...
      Average Passes: 1.0, Time/Memory: 2.92,76388
Running FIXNM with kLevN for N=10000, sparsity=2, k=7500, seed=1729...
      Average Passes: 1.0, Time/Memory: 2.97,76332
Running FIXNM with kLevN for N=10000, sparsity=2, k=10000, seed=1729...
      Average Passes: 1.0, Time/Memory: 2.97,76388
