Graph already exists at: ./input/random_graphs/graph_10000_1000000_UNIFORM_6230961512046992312.txt
Graph already exists at: ./input/random_graphs/graph_10000_1000000_UNIFORM_7871178979383552920.txt
Graph already exists at: ./input/random_graphs/graph_10000_1000000_UNIFORM_5739955973604961614.txt
Graph already exists at: ./input/random_graphs/graph_10000_1000000_UNIFORM_3881801951614183358.txt
Graph already exists at: ./input/random_graphs/graph_10000_1000000_UNIFORM_7032710160631691992.txt
Graph already exists at: ./input/random_graphs/graph_10000_1000000_UNIFORM_7599700178212337700.txt
Graph already exists at: ./input/random_graphs/graph_10000_1000000_UNIFORM_1353182403971399009.txt
Graph already exists at: ./input/random_graphs/graph_10000_1000000_UNIFORM_1070244953599069350.txt
Graph already exists at: ./input/random_graphs/graph_10000_1000000_UNIFORM_6522163754831416204.txt
Graph already exists at: ./input/random_graphs/graph_10000_1000000_UNIFORM_6938562734920028533.txt
Graph already exists at: ./input/random_graphs/graph_10000_1000000_UNIFORM_4040737767143389431.txt
Graph already exists at: ./input/random_graphs/graph_10000_1000000_UNIFORM_1250005700364523650.txt
Graph already exists at: ./input/random_graphs/graph_10000_1000000_UNIFORM_1309542850049879453.txt
Graph already exists at: ./input/random_graphs/graph_10000_1000000_UNIFORM_2429002973740178792.txt
Graph already exists at: ./input/random_graphs/graph_10000_1000000_UNIFORM_7663871783842725849.txt
Graph already exists at: ./input/random_graphs/graph_10000_1000000_UNIFORM_320375091487821988.txt
Graph already exists at: ./input/random_graphs/graph_10000_1000000_UNIFORM_5906957480796939448.txt
Graph already exists at: ./input/random_graphs/graph_10000_1000000_UNIFORM_1250773459040295677.txt
Graph already exists at: ./input/random_graphs/graph_10000_1000000_UNIFORM_7146860528564146065.txt
Graph already exists at: ./input/random_graphs/graph_10000_1000000_UNIFORM_3438400432146115956.txt
Graph already exists at: ./input/random_graphs/graph_10000_1000000_UNIFORM_7473196763798409429.txt
Graph already exists at: ./input/random_graphs/graph_10000_1000000_UNIFORM_5139481885857321792.txt
Graph already exists at: ./input/random_graphs/graph_10000_1000000_UNIFORM_5142811650494845598.txt
Graph already exists at: ./input/random_graphs/graph_10000_1000000_UNIFORM_3010622984418968409.txt
Graph already exists at: ./input/random_graphs/graph_10000_1000000_UNIFORM_6002685213311538188.txt
Graph already exists at: ./input/random_graphs/graph_10000_1000000_UNIFORM_5708372698381010776.txt
Graph already exists at: ./input/random_graphs/graph_10000_1000000_UNIFORM_521787134863155064.txt
Graph already exists at: ./input/random_graphs/graph_10000_1000000_UNIFORM_1731523882129807996.txt
Graph already exists at: ./input/random_graphs/graph_10000_1000000_UNIFORM_1853590723603270880.txt
Graph already exists at: ./input/random_graphs/graph_10000_1000000_UNIFORM_7029781962072644699.txt
Graph already exists at: ./input/random_graphs/graph_10000_1000000_UNIFORM_6785030173969523436.txt
Graph already exists at: ./input/random_graphs/graph_10000_1000000_UNIFORM_5529616217668449935.txt
Graph already exists at: ./input/random_graphs/graph_10000_1000000_UNIFORM_1024517563182776984.txt
Graph already exists at: ./input/random_graphs/graph_10000_1000000_UNIFORM_3224265581699847191.txt
Graph already exists at: ./input/random_graphs/graph_10000_1000000_UNIFORM_5258051056098597522.txt
Graph already exists at: ./input/random_graphs/graph_10000_1000000_UNIFORM_1647170069535670910.txt
Graph already exists at: ./input/random_graphs/graph_10000_1000000_UNIFORM_4122784633514911761.txt
Graph already exists at: ./input/random_graphs/graph_10000_1000000_UNIFORM_7706236040662210849.txt
Graph already exists at: ./input/random_graphs/graph_10000_1000000_UNIFORM_824387247617288499.txt
Graph already exists at: ./input/random_graphs/graph_10000_1000000_UNIFORM_1632192924771168275.txt
Graph already exists at: ./input/random_graphs/graph_10000_1000000_UNIFORM_7161906730445628484.txt
Graph already exists at: ./input/random_graphs/graph_10000_1000000_UNIFORM_6802378520969450158.txt
Graph already exists at: ./input/random_graphs/graph_10000_1000000_UNIFORM_4552998297316576789.txt
Graph already exists at: ./input/random_graphs/graph_10000_1000000_UNIFORM_8031431416522537102.txt
Graph already exists at: ./input/random_graphs/graph_10000_1000000_UNIFORM_6143643868734370810.txt
Graph already exists at: ./input/random_graphs/graph_10000_1000000_UNIFORM_3272308573967577038.txt
Graph already exists at: ./input/random_graphs/graph_10000_1000000_UNIFORM_5636411189175451025.txt
Graph already exists at: ./input/random_graphs/graph_10000_1000000_UNIFORM_5349491008325879065.txt
Graph already exists at: ./input/random_graphs/graph_10000_1000000_UNIFORM_6614505080519948833.txt
Graph already exists at: ./input/random_graphs/graph_10000_1000000_UNIFORM_7938560551762094561.txt
Graph already exists at: ./input/random_graphs/graph_10000_1000000_UNIFORM_7917045922527545891.txt
Graph already exists at: ./input/random_graphs/graph_10000_1000000_UNIFORM_4445925461710302878.txt
Graph already exists at: ./input/random_graphs/graph_10000_1000000_UNIFORM_3865339568260874865.txt
Graph already exists at: ./input/random_graphs/graph_10000_1000000_UNIFORM_7921282862123281599.txt
Graph already exists at: ./input/random_graphs/graph_10000_1000000_UNIFORM_6224222471595207696.txt
Graph already exists at: ./input/random_graphs/graph_10000_1000000_UNIFORM_1128313391724783138.txt
Graph already exists at: ./input/random_graphs/graph_10000_1000000_UNIFORM_716820155901718944.txt
Graph already exists at: ./input/random_graphs/graph_10000_1000000_UNIFORM_8718380604043999643.txt
Graph already exists at: ./input/random_graphs/graph_10000_1000000_UNIFORM_5063475852268941543.txt
Graph already exists at: ./input/random_graphs/graph_10000_1000000_UNIFORM_4997514996153925448.txt
Graph already exists at: ./input/random_graphs/graph_10000_1000000_UNIFORM_8446481348147407378.txt
Graph already exists at: ./input/random_graphs/graph_10000_1000000_UNIFORM_3817405844514670994.txt
Graph already exists at: ./input/random_graphs/graph_10000_1000000_UNIFORM_6529943913552561418.txt
Graph already exists at: ./input/random_graphs/graph_10000_1000000_UNIFORM_2909934787168262408.txt
Graph already exists at: ./input/random_graphs/graph_10000_1000000_UNIFORM_1170385908854608748.txt
Graph already exists at: ./input/random_graphs/graph_10000_1000000_UNIFORM_6022436717541034637.txt
Graph already exists at: ./input/random_graphs/graph_10000_1000000_UNIFORM_199422815561151340.txt
Graph already exists at: ./input/random_graphs/graph_10000_1000000_UNIFORM_3713827327871807734.txt
Graph already exists at: ./input/random_graphs/graph_10000_1000000_UNIFORM_175493991617213851.txt
Graph already exists at: ./input/random_graphs/graph_10000_1000000_UNIFORM_5108599054664628608.txt
Graph already exists at: ./input/random_graphs/graph_10000_1000000_UNIFORM_6764066939395682288.txt
Graph already exists at: ./input/random_graphs/graph_10000_1000000_UNIFORM_9130666990809746336.txt
Graph already exists at: ./input/random_graphs/graph_10000_1000000_UNIFORM_7644420139408884786.txt
Graph already exists at: ./input/random_graphs/graph_10000_1000000_UNIFORM_1458186392400727732.txt
Graph already exists at: ./input/random_graphs/graph_10000_1000000_UNIFORM_1392892770529522614.txt
Graph already exists at: ./input/random_graphs/graph_10000_1000000_UNIFORM_9060210648189963450.txt
Graph already exists at: ./input/random_graphs/graph_10000_1000000_UNIFORM_4250897495980125004.txt
Graph already exists at: ./input/random_graphs/graph_10000_1000000_UNIFORM_8794274795737982183.txt
Graph already exists at: ./input/random_graphs/graph_10000_1000000_UNIFORM_2089506265998900862.txt
Graph already exists at: ./input/random_graphs/graph_10000_1000000_UNIFORM_5497874167834979554.txt
Graph already exists at: ./input/random_graphs/graph_10000_1000000_UNIFORM_4060584409398689269.txt
Graph already exists at: ./input/random_graphs/graph_10000_1000000_UNIFORM_1332005502874566195.txt
Graph already exists at: ./input/random_graphs/graph_10000_1000000_UNIFORM_1722224698700348310.txt
Graph already exists at: ./input/random_graphs/graph_10000_1000000_UNIFORM_8626102704817790065.txt
Graph already exists at: ./input/random_graphs/graph_10000_1000000_UNIFORM_7905487461282246980.txt
Graph already exists at: ./input/random_graphs/graph_10000_1000000_UNIFORM_8448596294177070023.txt
Graph already exists at: ./input/random_graphs/graph_10000_1000000_UNIFORM_4795749165124911769.txt
Graph already exists at: ./input/random_graphs/graph_10000_1000000_UNIFORM_4934890601268679177.txt
Graph already exists at: ./input/random_graphs/graph_10000_1000000_UNIFORM_1992204328026194281.txt
Graph already exists at: ./input/random_graphs/graph_10000_1000000_UNIFORM_7118744415197196277.txt
Graph already exists at: ./input/random_graphs/graph_10000_1000000_UNIFORM_2718103348384927512.txt
Graph already exists at: ./input/random_graphs/graph_10000_1000000_UNIFORM_9059990922233379853.txt
Graph already exists at: ./input/random_graphs/graph_10000_1000000_UNIFORM_7449662661572224355.txt
Graph already exists at: ./input/random_graphs/graph_10000_1000000_UNIFORM_3221421291694197221.txt
Graph already exists at: ./input/random_graphs/graph_10000_1000000_UNIFORM_8867616339855336877.txt
Graph already exists at: ./input/random_graphs/graph_10000_1000000_UNIFORM_5894893360759659424.txt
Graph already exists at: ./input/random_graphs/graph_10000_1000000_UNIFORM_7983805977214098675.txt
Graph already exists at: ./input/random_graphs/graph_10000_1000000_UNIFORM_4940913311242578591.txt
Graph already exists at: ./input/random_graphs/graph_10000_1000000_UNIFORM_2264398621601381988.txt
Graph already exists at: ./input/random_graphs/graph_10000_1000000_UNIFORM_7632458674696225363.txt
Running VARK with 100 iterations, for N = 10,000 and sparsity code 3 for k from 1 to N and seed token 1729
Generating 100 graph(s) with N=10000, sparsity=3, seed=1729...
Running FIXNM with kPath0 for N=10000, sparsity=3, k=1, seed=1729...
      Average Passes: 147.11, Time/Memory: 2862.38,8176
Running FIXNM with kPath0 for N=10000, sparsity=3, k=2, seed=1729...
      Average Passes: 16.47, Time/Memory: 312.25,9152
Running FIXNM with kPath0 for N=10000, sparsity=3, k=3, seed=1729...
      Average Passes: 6.31, Time/Memory: 119.84,10192
Running FIXNM with kPath0 for N=10000, sparsity=3, k=4, seed=1729...
      Average Passes: 5.0, Time/Memory: 95.49,11288
Running FIXNM with kPath0 for N=10000, sparsity=3, k=5, seed=1729...
      Average Passes: 4.0, Time/Memory: 77.81,12340
Running FIXNM with kPath0 for N=10000, sparsity=3, k=6, seed=1729...
      Average Passes: 4.0, Time/Memory: 76.63,13356
Running FIXNM with kPath0 for N=10000, sparsity=3, k=7, seed=1729...
      Average Passes: 4.0, Time/Memory: 83.72,14248
Running FIXNM with kPath0 for N=10000, sparsity=3, k=8, seed=1729...
      Average Passes: 4.0, Time/Memory: 75.37,15100
Running FIXNM with kPath0 for N=10000, sparsity=3, k=9, seed=1729...
      Average Passes: 4.0, Time/Memory: 84.72,16100
Running FIXNM with kPath0 for N=10000, sparsity=3, k=10, seed=1729...
      Average Passes: 3.04, Time/Memory: 62.82,17100
Running FIXNM with kPath0 for N=10000, sparsity=3, k=15, seed=1729...
      Average Passes: 3.0, Time/Memory: 69.13,21900
Running FIXNM with kPath0 for N=10000, sparsity=3, k=20, seed=1729...
      Average Passes: 3.0, Time/Memory: 67.28,26532
Running FIXNM with kPath0 for N=10000, sparsity=3, k=25, seed=1729...
      Average Passes: 3.0, Time/Memory: 69.34,31064
Running FIXNM with kPath0 for N=10000, sparsity=3, k=50, seed=1729...
      Average Passes: 3.0, Time/Memory: 103.27,54736
Running FIXNM with kPath0 for N=10000, sparsity=3, k=75, seed=1729...
      Average Passes: 3.0, Time/Memory: 126.72,78112
Running FIXNM with kPath0 for N=10000, sparsity=3, k=100, seed=1729...
      Average Passes: 3.0, Time/Memory: 154.90,101532
Running FIXNM with kPath0 for N=10000, sparsity=3, k=200, seed=1729...
      Average Passes: 2.0, Time/Memory: 136.37,102712
Running FIXNM with kPath0 for N=10000, sparsity=3, k=400, seed=1729...
      Average Passes: 2.0, Time/Memory: 121.74,102596
Running FIXNM with kPath0 for N=10000, sparsity=3, k=600, seed=1729...
      Average Passes: 2.0, Time/Memory: 135.41,102612
Running FIXNM with kPath0 for N=10000, sparsity=3, k=800, seed=1729...
      Average Passes: 2.0, Time/Memory: 181.33,102716
Running FIXNM with kPath0 for N=10000, sparsity=3, k=1000, seed=1729...
      Average Passes: 2.0, Time/Memory: 124.60,102500
Running FIXNM with kPath0 for N=10000, sparsity=3, k=3000, seed=1729...
      Average Passes: 2.0, Time/Memory: 126.41,102648
Running FIXNM with kPath0 for N=10000, sparsity=3, k=5000, seed=1729...
      Average Passes: 2.0, Time/Memory: 131.26,102560
Running FIXNM with kPath0 for N=10000, sparsity=3, k=7000, seed=1729...
      Average Passes: 2.0, Time/Memory: 137.09,102596
Running FIXNM with kPath0 for N=10000, sparsity=3, k=9000, seed=1729...
      Average Passes: 2.0, Time/Memory: 138.25,102484
Running FIXNM with kPathN for N=10000, sparsity=3, k=1, seed=1729...
      Average Passes: 45.6, Time/Memory: 868.73,9204
Running FIXNM with kPathN for N=10000, sparsity=3, k=2, seed=1729...
      Average Passes: 4.0, Time/Memory: 78.53,8996
Running FIXNM with kPathN for N=10000, sparsity=3, k=3, seed=1729...
      Average Passes: 3.0, Time/Memory: 60.59,10608
Running FIXNM with kPathN for N=10000, sparsity=3, k=4, seed=1729...
      Average Passes: 3.0, Time/Memory: 59.03,11272
Running FIXNM with kPathN for N=10000, sparsity=3, k=5, seed=1729...
      Average Passes: 2.0, Time/Memory: 40.51,12648
Running FIXNM with kPathN for N=10000, sparsity=3, k=6, seed=1729...
      Average Passes: 2.0, Time/Memory: 39.73,13712
Running FIXNM with kPathN for N=10000, sparsity=3, k=7, seed=1729...
      Average Passes: 2.0, Time/Memory: 39.85,14456
Running FIXNM with kPathN for N=10000, sparsity=3, k=8, seed=1729...
      Average Passes: 2.0, Time/Memory: 40.88,15536
Running FIXNM with kPathN for N=10000, sparsity=3, k=9, seed=1729...
      Average Passes: 2.0, Time/Memory: 40.62,16348
Running FIXNM with kPathN for N=10000, sparsity=3, k=10, seed=1729...
      Average Passes: 2.0, Time/Memory: 44.88,17520
Running FIXNM with kPathN for N=10000, sparsity=3, k=15, seed=1729...
      Average Passes: 2.0, Time/Memory: 44.40,22000
Running FIXNM with kPathN for N=10000, sparsity=3, k=20, seed=1729...
      Average Passes: 2.0, Time/Memory: 45.46,26520
Running FIXNM with kPathN for N=10000, sparsity=3, k=25, seed=1729...
      Average Passes: 2.0, Time/Memory: 43.08,31492
Running FIXNM with kPathN for N=10000, sparsity=3, k=50, seed=1729...
      Average Passes: 2.0, Time/Memory: 68.45,54904
Running FIXNM with kPathN for N=10000, sparsity=3, k=75, seed=1729...
      Average Passes: 2.0, Time/Memory: 79.80,78248
Running FIXNM with kPathN for N=10000, sparsity=3, k=100, seed=1729...
      Average Passes: 1.0, Time/Memory: 21.63,91792
Running FIXNM with kPathN for N=10000, sparsity=3, k=200, seed=1729...
      Average Passes: 1.0, Time/Memory: 22.48,91776
Running FIXNM with kPathN for N=10000, sparsity=3, k=400, seed=1729...
      Average Passes: 1.0, Time/Memory: 21.20,91804
Running FIXNM with kPathN for N=10000, sparsity=3, k=600, seed=1729...
      Average Passes: 1.0, Time/Memory: 22.33,91796
Running FIXNM with kPathN for N=10000, sparsity=3, k=800, seed=1729...
      Average Passes: 1.0, Time/Memory: 22.39,91804
Running FIXNM with kPathN for N=10000, sparsity=3, k=1000, seed=1729...
      Average Passes: 1.0, Time/Memory: 24.96,91664
Running FIXNM with kPathN for N=10000, sparsity=3, k=3000, seed=1729...
      Average Passes: 1.0, Time/Memory: 22.18,91792
Running FIXNM with kPathN for N=10000, sparsity=3, k=5000, seed=1729...
      Average Passes: 1.0, Time/Memory: 21.96,91776
Running FIXNM with kPathN for N=10000, sparsity=3, k=7000, seed=1729...
      Average Passes: 1.0, Time/Memory: 22.33,91792
Running FIXNM with kPathN for N=10000, sparsity=3, k=9000, seed=1729...
      Average Passes: 1.0, Time/Memory: 22.56,91772
Running FIXNM with kLev0 for N=10000, sparsity=3, k=1, seed=1729...
      Average Passes: 3.84, Time/Memory: 104.10,8664
Running FIXNM with kLev0 for N=10000, sparsity=3, k=2, seed=1729...
      Average Passes: 3.84, Time/Memory: 102.08,9044
Running FIXNM with kLev0 for N=10000, sparsity=3, k=3, seed=1729...
      Average Passes: 3.84, Time/Memory: 103.10,9000
Running FIXNM with kLev0 for N=10000, sparsity=3, k=4, seed=1729...
      Average Passes: 3.85, Time/Memory: 103.94,8540
Running FIXNM with kLev0 for N=10000, sparsity=3, k=5, seed=1729...
      Average Passes: 3.84, Time/Memory: 105.62,9024
Running FIXNM with kLev0 for N=10000, sparsity=3, k=6, seed=1729...
      Average Passes: 3.84, Time/Memory: 102.86,8680
Running FIXNM with kLev0 for N=10000, sparsity=3, k=7, seed=1729...
      Average Passes: 3.84, Time/Memory: 103.20,8640
Running FIXNM with kLev0 for N=10000, sparsity=3, k=8, seed=1729...
      Average Passes: 3.83, Time/Memory: 103.87,9044
Running FIXNM with kLev0 for N=10000, sparsity=3, k=9, seed=1729...
      Average Passes: 3.83, Time/Memory: 113.92,8632
Running FIXNM with kLev0 for N=10000, sparsity=3, k=10, seed=1729...
      Average Passes: 3.83, Time/Memory: 103.22,8684
Running FIXNM with kLev0 for N=10000, sparsity=3, k=15, seed=1729...
      Average Passes: 3.83, Time/Memory: 103.03,8912
Running FIXNM with kLev0 for N=10000, sparsity=3, k=20, seed=1729...
      Average Passes: 3.82, Time/Memory: 104.09,8680
Running FIXNM with kLev0 for N=10000, sparsity=3, k=25, seed=1729...
      Average Passes: 3.8, Time/Memory: 107.70,8916
Running FIXNM with kLev0 for N=10000, sparsity=3, k=50, seed=1729...
      Average Passes: 3.8, Time/Memory: 101.54,8964
Running FIXNM with kLev0 for N=10000, sparsity=3, k=75, seed=1729...
      Average Passes: 3.83, Time/Memory: 103.50,9048
Running FIXNM with kLev0 for N=10000, sparsity=3, k=100, seed=1729...
      Average Passes: 3.85, Time/Memory: 105.87,9272
Running FIXNM with kLev0 for N=10000, sparsity=3, k=200, seed=1729...
      Average Passes: 3.83, Time/Memory: 114.46,9776
Running FIXNM with kLev0 for N=10000, sparsity=3, k=400, seed=1729...
      Average Passes: 3.86, Time/Memory: 107.77,10572
Running FIXNM with kLev0 for N=10000, sparsity=3, k=600, seed=1729...
      Average Passes: 3.9, Time/Memory: 104.49,11532
Running FIXNM with kLev0 for N=10000, sparsity=3, k=800, seed=1729...
      Average Passes: 3.85, Time/Memory: 107.94,12652
Running FIXNM with kLev0 for N=10000, sparsity=3, k=1000, seed=1729...
      Average Passes: 3.74, Time/Memory: 114.49,13844
Running FIXNM with kLev0 for N=10000, sparsity=3, k=3000, seed=1729...
      Average Passes: 3.83, Time/Memory: 118.08,23640
Running FIXNM with kLev0 for N=10000, sparsity=3, k=5000, seed=1729...
      Average Passes: 3.0, Time/Memory: 103.24,31160
Running FIXNM with kLev0 for N=10000, sparsity=3, k=7000, seed=1729...
      Average Passes: 3.0, Time/Memory: 102.82,36072
Running FIXNM with kLev0 for N=10000, sparsity=3, k=9000, seed=1729...
      Average Passes: 3.0, Time/Memory: 101.35,38592
Running FIXNM with kLevN for N=10000, sparsity=3, k=1, seed=1729...
      Average Passes: 2.0, Time/Memory: 62.11,9104
Running FIXNM with kLevN for N=10000, sparsity=3, k=2, seed=1729...
      Average Passes: 2.0, Time/Memory: 59.75,10048
Running FIXNM with kLevN for N=10000, sparsity=3, k=3, seed=1729...
      Average Passes: 1.99, Time/Memory: 65.37,10652
Running FIXNM with kLevN for N=10000, sparsity=3, k=4, seed=1729...
      Average Passes: 1.62, Time/Memory: 54.63,11500
Running FIXNM with kLevN for N=10000, sparsity=3, k=5, seed=1729...
      Average Passes: 1.17, Time/Memory: 45.49,12600
Running FIXNM with kLevN for N=10000, sparsity=3, k=6, seed=1729...
      Average Passes: 1.01, Time/Memory: 41.37,13052
Running FIXNM with kLevN for N=10000, sparsity=3, k=7, seed=1729...
      Average Passes: 1.0, Time/Memory: 38.56,13292
Running FIXNM with kLevN for N=10000, sparsity=3, k=8, seed=1729...
      Average Passes: 1.0, Time/Memory: 40.38,13204
Running FIXNM with kLevN for N=10000, sparsity=3, k=9, seed=1729...
      Average Passes: 1.0, Time/Memory: 43.55,13368
Running FIXNM with kLevN for N=10000, sparsity=3, k=10, seed=1729...
      Average Passes: 1.0, Time/Memory: 42.19,13224
Running FIXNM with kLevN for N=10000, sparsity=3, k=15, seed=1729...
      Average Passes: 1.0, Time/Memory: 42.74,13224
Running FIXNM with kLevN for N=10000, sparsity=3, k=20, seed=1729...
      Average Passes: 1.0, Time/Memory: 40.44,13260
Running FIXNM with kLevN for N=10000, sparsity=3, k=25, seed=1729...
      Average Passes: 1.0, Time/Memory: 39.74,13260
Running FIXNM with kLevN for N=10000, sparsity=3, k=50, seed=1729...
      Average Passes: 1.0, Time/Memory: 45.59,13260
Running FIXNM with kLevN for N=10000, sparsity=3, k=75, seed=1729...
      Average Passes: 1.0, Time/Memory: 44.82,13224
Running FIXNM with kLevN for N=10000, sparsity=3, k=100, seed=1729...
      Average Passes: 1.0, Time/Memory: 26.21,91660
Running FIXNM with kLevN for N=10000, sparsity=3, k=200, seed=1729...
      Average Passes: 1.0, Time/Memory: 26.22,91724
Running FIXNM with kLevN for N=10000, sparsity=3, k=400, seed=1729...
      Average Passes: 1.0, Time/Memory: 23.44,91808
Running FIXNM with kLevN for N=10000, sparsity=3, k=600, seed=1729...
      Average Passes: 1.0, Time/Memory: 22.41,91776
Running FIXNM with kLevN for N=10000, sparsity=3, k=800, seed=1729...
      Average Passes: 1.0, Time/Memory: 23.04,91800
Running FIXNM with kLevN for N=10000, sparsity=3, k=1000, seed=1729...
      Average Passes: 1.0, Time/Memory: 22.77,91808
Running FIXNM with kLevN for N=10000, sparsity=3, k=3000, seed=1729...
      Average Passes: 1.0, Time/Memory: 26.14,91864
Running FIXNM with kLevN for N=10000, sparsity=3, k=5000, seed=1729...
      Average Passes: 1.0, Time/Memory: 21.79,91784
Running FIXNM with kLevN for N=10000, sparsity=3, k=7000, seed=1729...
      Average Passes: 1.0, Time/Memory: 24.67,91772
Running FIXNM with kLevN for N=10000, sparsity=3, k=9000, seed=1729...
      Average Passes: 1.0, Time/Memory: 27.21,91804
