Running VARK with 1000 iterations, for N = 10000 and sparsity code 2 for k from 1 to N and seed token 1729
Created: ./results/random_v2/VARK/POWLAW/logN/kPath/kPath0_logN_seed_1729_itr_1000_20250805_102023.csv
Created: ./results/random_v2/VARK/POWLAW/logN/kPath/kPath1_logN_seed_1729_itr_1000_20250805_102023.csv
Created: ./results/random_v2/VARK/POWLAW/logN/kPath/kPath2_logN_seed_1729_itr_1000_20250805_102023.csv
Created: ./results/random_v2/VARK/POWLAW/logN/kPath/kPathN_logN_seed_1729_itr_1000_20250805_102023.csv
Created: ./results/random_v2/VARK/POWLAW/logN/kLev/kLev0_logN_seed_1729_itr_1000_20250805_102023.csv
Created: ./results/random_v2/VARK/POWLAW/logN/kLev/kLev1_logN_seed_1729_itr_1000_20250805_102023.csv
Created: ./results/random_v2/VARK/POWLAW/logN/kLev/kLev2_logN_seed_1729_itr_1000_20250805_102023.csv
Created: ./results/random_v2/VARK/POWLAW/logN/kLev/kLevN_logN_seed_1729_itr_1000_20250805_102023.csv
Generating 1000 graph(s) with N=10000, sparsity=2, seed=1729...
Error generating graph with N=10000, sparsity=2, iterations=1000, seed=1729: Command '['./bin/main', 'PREP_EXP', '3', '10000', '2', 'POWLAW', '1000', '1729']' died with <Signals.SIGTERM: 15>.
Running FIXNM with kPath0 for N=10000, sparsity=2, k=1, seed=1729...
Error running FIXNM with kPath0 for N=10000, sparsity=2, k=1, seed=1729: Command '['/usr/bin/time', '-f', '%U,%M', './bin/main', 'RUN_EXP', '3', '10000', '2', 'POWLAW', '1000', '1729', '2', '0', '1']' returned non-zero exit status 1.
Running FIXNM with kPath0 for N=10000, sparsity=2, k=2, seed=1729...
Error running FIXNM with kPath0 for N=10000, sparsity=2, k=2, seed=1729: Command '['/usr/bin/time', '-f', '%U,%M', './bin/main', 'RUN_EXP', '3', '10000', '2', 'POWLAW', '1000', '1729', '2', '0', '2']' returned non-zero exit status 1.
Running FIXNM with kPath0 for N=10000, sparsity=2, k=3, seed=1729...
Error running FIXNM with kPath0 for N=10000, sparsity=2, k=3, seed=1729: Command '['/usr/bin/time', '-f', '%U,%M', './bin/main', 'RUN_EXP', '3', '10000', '2', 'POWLAW', '1000', '1729', '2', '0', '3']' returned non-zero exit status 1.
Running FIXNM with kPath0 for N=10000, sparsity=2, k=4, seed=1729...
Error running FIXNM with kPath0 for N=10000, sparsity=2, k=4, seed=1729: Command '['/usr/bin/time', '-f', '%U,%M', './bin/main', 'RUN_EXP', '3', '10000', '2', 'POWLAW', '1000', '1729', '2', '0', '4']' returned non-zero exit status 1.
Running FIXNM with kPath0 for N=10000, sparsity=2, k=5, seed=1729...
Error running FIXNM with kPath0 for N=10000, sparsity=2, k=5, seed=1729: Command '['/usr/bin/time', '-f', '%U,%M', './bin/main', 'RUN_EXP', '3', '10000', '2', 'POWLAW', '1000', '1729', '2', '0', '5']' returned non-zero exit status 1.
Running FIXNM with kPath0 for N=10000, sparsity=2, k=6, seed=1729...
Error running FIXNM with kPath0 for N=10000, sparsity=2, k=6, seed=1729: Command '['/usr/bin/time', '-f', '%U,%M', './bin/main', 'RUN_EXP', '3', '10000', '2', 'POWLAW', '1000', '1729', '2', '0', '6']' returned non-zero exit status 1.
Running FIXNM with kPath0 for N=10000, sparsity=2, k=7, seed=1729...
Error running FIXNM with kPath0 for N=10000, sparsity=2, k=7, seed=1729: Command '['/usr/bin/time', '-f', '%U,%M', './bin/main', 'RUN_EXP', '3', '10000', '2', 'POWLAW', '1000', '1729', '2', '0', '7']' returned non-zero exit status 1.
Running FIXNM with kPath0 for N=10000, sparsity=2, k=8, seed=1729...
Error running FIXNM with kPath0 for N=10000, sparsity=2, k=8, seed=1729: Command '['/usr/bin/time', '-f', '%U,%M', './bin/main', 'RUN_EXP', '3', '10000', '2', 'POWLAW', '1000', '1729', '2', '0', '8']' returned non-zero exit status 1.
Running FIXNM with kPath0 for N=10000, sparsity=2, k=9, seed=1729...
Error running FIXNM with kPath0 for N=10000, sparsity=2, k=9, seed=1729: Command '['/usr/bin/time', '-f', '%U,%M', './bin/main', 'RUN_EXP', '3', '10000', '2', 'POWLAW', '1000', '1729', '2', '0', '9']' returned non-zero exit status 1.
Running FIXNM with kPath0 for N=10000, sparsity=2, k=10, seed=1729...
Error running FIXNM with kPath0 for N=10000, sparsity=2, k=10, seed=1729: Command '['/usr/bin/time', '-f', '%U,%M', './bin/main', 'RUN_EXP', '3', '10000', '2', 'POWLAW', '1000', '1729', '2', '0', '10']' returned non-zero exit status 1.
Running FIXNM with kPath0 for N=10000, sparsity=2, k=12, seed=1729...
Error running FIXNM with kPath0 for N=10000, sparsity=2, k=12, seed=1729: Command '['/usr/bin/time', '-f', '%U,%M', './bin/main', 'RUN_EXP', '3', '10000', '2', 'POWLAW', '1000', '1729', '2', '0', '12']' returned non-zero exit status 1.
Running FIXNM with kPath0 for N=10000, sparsity=2, k=14, seed=1729...
Error running FIXNM with kPath0 for N=10000, sparsity=2, k=14, seed=1729: Command '['/usr/bin/time', '-f', '%U,%M', './bin/main', 'RUN_EXP', '3', '10000', '2', 'POWLAW', '1000', '1729', '2', '0', '14']' returned non-zero exit status 1.
Running FIXNM with kPath0 for N=10000, sparsity=2, k=16, seed=1729...
Error running FIXNM with kPath0 for N=10000, sparsity=2, k=16, seed=1729: Command '['/usr/bin/time', '-f', '%U,%M', './bin/main', 'RUN_EXP', '3', '10000', '2', 'POWLAW', '1000', '1729', '2', '0', '16']' returned non-zero exit status 1.
Running FIXNM with kPath0 for N=10000, sparsity=2, k=18, seed=1729...
Error running FIXNM with kPath0 for N=10000, sparsity=2, k=18, seed=1729: Command '['/usr/bin/time', '-f', '%U,%M', './bin/main', 'RUN_EXP', '3', '10000', '2', 'POWLAW', '1000', '1729', '2', '0', '18']' returned non-zero exit status 1.
Running FIXNM with kPath0 for N=10000, sparsity=2, k=20, seed=1729...
Error running FIXNM with kPath0 for N=10000, sparsity=2, k=20, seed=1729: Command '['/usr/bin/time', '-f', '%U,%M', './bin/main', 'RUN_EXP', '3', '10000', '2', 'POWLAW', '1000', '1729', '2', '0', '20']' returned non-zero exit status 1.
Running FIXNM with kPath0 for N=10000, sparsity=2, k=25, seed=1729...
Error running FIXNM with kPath0 for N=10000, sparsity=2, k=25, seed=1729: Command '['/usr/bin/time', '-f', '%U,%M', './bin/main', 'RUN_EXP', '3', '10000', '2', 'POWLAW', '1000', '1729', '2', '0', '25']' returned non-zero exit status 1.
Running FIXNM with kPath0 for N=10000, sparsity=2, k=30, seed=1729...
Error running FIXNM with kPath0 for N=10000, sparsity=2, k=30, seed=1729: Command '['/usr/bin/time', '-f', '%U,%M', './bin/main', 'RUN_EXP', '3', '10000', '2', 'POWLAW', '1000', '1729', '2', '0', '30']' returned non-zero exit status 1.
Running FIXNM with kPath0 for N=10000, sparsity=2, k=35, seed=1729...
Error running FIXNM with kPath0 for N=10000, sparsity=2, k=35, seed=1729: Command '['/usr/bin/time', '-f', '%U,%M', './bin/main', 'RUN_EXP', '3', '10000', '2', 'POWLAW', '1000', '1729', '2', '0', '35']' returned non-zero exit status 1.
Running FIXNM with kPath0 for N=10000, sparsity=2, k=40, seed=1729...
Error running FIXNM with kPath0 for N=10000, sparsity=2, k=40, seed=1729: Command '['/usr/bin/time', '-f', '%U,%M', './bin/main', 'RUN_EXP', '3', '10000', '2', 'POWLAW', '1000', '1729', '2', '0', '40']' returned non-zero exit status 1.
Running FIXNM with kPath0 for N=10000, sparsity=2, k=45, seed=1729...
Error running FIXNM with kPath0 for N=10000, sparsity=2, k=45, seed=1729: Command '['/usr/bin/time', '-f', '%U,%M', './bin/main', 'RUN_EXP', '3', '10000', '2', 'POWLAW', '1000', '1729', '2', '0', '45']' returned non-zero exit status 1.
Running FIXNM with kPath0 for N=10000, sparsity=2, k=50, seed=1729...
Error running FIXNM with kPath0 for N=10000, sparsity=2, k=50, seed=1729: Command '['/usr/bin/time', '-f', '%U,%M', './bin/main', 'RUN_EXP', '3', '10000', '2', 'POWLAW', '1000', '1729', '2', '0', '50']' returned non-zero exit status 1.
Running FIXNM with kPath0 for N=10000, sparsity=2, k=60, seed=1729...
Error running FIXNM with kPath0 for N=10000, sparsity=2, k=60, seed=1729: Command '['/usr/bin/time', '-f', '%U,%M', './bin/main', 'RUN_EXP', '3', '10000', '2', 'POWLAW', '1000', '1729', '2', '0', '60']' returned non-zero exit status 1.
Running FIXNM with kPath0 for N=10000, sparsity=2, k=70, seed=1729...
Error running FIXNM with kPath0 for N=10000, sparsity=2, k=70, seed=1729: Command '['/usr/bin/time', '-f', '%U,%M', './bin/main', 'RUN_EXP', '3', '10000', '2', 'POWLAW', '1000', '1729', '2', '0', '70']' returned non-zero exit status 1.
