Processing graphs for 1 (n,m) pairs with 100 iterations each
Total graphs to process: 100
Using 50 parallel processes
Graph type: POWLAW
Sparsity: 2
HDD cache location: /media/HDD/Projects/ExpDFS/
Working directory: /home/shahbazk/Projects/DFS_Semi_Streaming/input/random_graphs
Validation failures will be logged to: /media/HDD/Projects/ExpDFS/validation_failures.log

📦 COPIED from HDD: /media/HDD/Projects/ExpDFS/graph_10000_132877_POWLAW_6938562734920028532.txt -> /home/shahbazk/Projects/DFS_Semi_Streaming/input/random_graphs/graph_10000_132877_POWLAW_6938562734920028532.txt (Time: 0.00s)
📦 COPIED from HDD: /media/HDD/Projects/ExpDFS/graph_10000_132877_POWLAW_1070244953599069350.txt -> /home/shahbazk/Projects/DFS_Semi_Streaming/input/random_graphs/graph_10000_132877_POWLAW_1070244953599069350.txt (Time: 0.00s)
📦 COPIED from HDD: /media/HDD/Projects/ExpDFS/graph_10000_132877_POWLAW_3881801951614183357.txt -> /home/shahbazk/Projects/DFS_Semi_Streaming/input/random_graphs/graph_10000_132877_POWLAW_3881801951614183357.txt (Time: 0.00s)
📦 COPIED from HDD: /media/HDD/Projects/ExpDFS/graph_10000_132877_POWLAW_2429002973740178792.txt -> /home/shahbazk/Projects/DFS_Semi_Streaming/input/random_graphs/graph_10000_132877_POWLAW_2429002973740178792.txt (Time: 0.00s)
📦 COPIED from HDD: /media/HDD/Projects/ExpDFS/graph_10000_132877_POWLAW_7938560551762094560.txt -> /home/shahbazk/Projects/DFS_Semi_Streaming/input/random_graphs/graph_10000_132877_POWLAW_7938560551762094560.txt (Time: 0.00s)
📦 COPIED from HDD: /media/HDD/Projects/ExpDFS/graph_10000_132877_POWLAW_1250005700364523649.txt -> /home/shahbazk/Projects/DFS_Semi_Streaming/input/random_graphs/graph_10000_132877_POWLAW_1250005700364523649.txt (Time: 0.00s)
📦 COPIED from HDD: /media/HDD/Projects/ExpDFS/graph_10000_132877_POWLAW_4122784633514911760.txt -> /home/shahbazk/Projects/DFS_Semi_Streaming/input/random_graphs/graph_10000_132877_POWLAW_4122784633514911760.txt (Time: 0.00s)
📦 COPIED from HDD: /media/HDD/Projects/ExpDFS/graph_10000_132877_POWLAW_1853590723603270879.txt -> /home/shahbazk/Projects/DFS_Semi_Streaming/input/random_graphs/graph_10000_132877_POWLAW_1853590723603270879.txt (Time: 0.00s)
📦 COPIED from HDD: /media/HDD/Projects/ExpDFS/graph_10000_132877_POWLAW_1647170069535670909.txt -> /home/shahbazk/Projects/DFS_Semi_Streaming/input/random_graphs/graph_10000_132877_POWLAW_1647170069535670909.txt (Time: 0.00s)
📦 COPIED from HDD: /media/HDD/Projects/ExpDFS/graph_10000_132877_POWLAW_4040737767143389431.txt -> /home/shahbazk/Projects/DFS_Semi_Streaming/input/random_graphs/graph_10000_132877_POWLAW_4040737767143389431.txt (Time: 0.00s)
📦 COPIED from HDD: /media/HDD/Projects/ExpDFS/graph_10000_132877_POWLAW_5906957480796939447.txt -> /home/shahbazk/Projects/DFS_Semi_Streaming/input/random_graphs/graph_10000_132877_POWLAW_5906957480796939447.txt (Time: 0.00s)
📦 COPIED from HDD: /media/HDD/Projects/ExpDFS/graph_10000_132877_POWLAW_521787134863155063.txt -> /home/shahbazk/Projects/DFS_Semi_Streaming/input/random_graphs/graph_10000_132877_POWLAW_521787134863155063.txt (Time: 0.00s)
📦 COPIED from HDD: /media/HDD/Projects/ExpDFS/graph_10000_132877_POWLAW_4552998297316576788.txt -> /home/shahbazk/Projects/DFS_Semi_Streaming/input/random_graphs/graph_10000_132877_POWLAW_4552998297316576788.txt (Time: 0.00s)
📦 COPIED from HDD: /media/HDD/Projects/ExpDFS/graph_10000_132877_POWLAW_7032710160631691991.txt -> /home/shahbazk/Projects/DFS_Semi_Streaming/input/random_graphs/graph_10000_132877_POWLAW_7032710160631691991.txt (Time: 0.00s)
📦 COPIED from HDD: /media/HDD/Projects/ExpDFS/graph_10000_132877_POWLAW_824387247617288499.txt -> /home/shahbazk/Projects/DFS_Semi_Streaming/input/random_graphs/graph_10000_132877_POWLAW_824387247617288499.txt (Time: 0.00s)
📦 COPIED from HDD: /media/HDD/Projects/ExpDFS/graph_10000_132877_POWLAW_6522163754831416203.txt -> /home/shahbazk/Projects/DFS_Semi_Streaming/input/random_graphs/graph_10000_132877_POWLAW_6522163754831416203.txt (Time: 0.00s)
📦 COPIED from HDD: /media/HDD/Projects/ExpDFS/graph_10000_132877_POWLAW_7663871783842725848.txt -> /home/shahbazk/Projects/DFS_Semi_Streaming/input/random_graphs/graph_10000_132877_POWLAW_7663871783842725848.txt (Time: 0.00s)
📦 COPIED from HDD: /media/HDD/Projects/ExpDFS/graph_10000_132877_POWLAW_7146860528564146064.txt -> /home/shahbazk/Projects/DFS_Semi_Streaming/input/random_graphs/graph_10000_132877_POWLAW_7146860528564146064.txt (Time: 0.00s)
📦 COPIED from HDD: /media/HDD/Projects/ExpDFS/graph_10000_132877_POWLAW_6002685213311538187.txt -> /home/shahbazk/Projects/DFS_Semi_Streaming/input/random_graphs/graph_10000_132877_POWLAW_6002685213311538187.txt (Time: 0.00s)
📦 COPIED from HDD: /media/HDD/Projects/ExpDFS/graph_10000_132877_POWLAW_1309542850049879452.txt -> /home/shahbazk/Projects/DFS_Semi_Streaming/input/random_graphs/graph_10000_132877_POWLAW_1309542850049879452.txt (Time: 0.00s)
📦 COPIED from HDD: /media/HDD/Projects/ExpDFS/graph_10000_132877_POWLAW_6785030173969523435.txt -> /home/shahbazk/Projects/DFS_Semi_Streaming/input/random_graphs/graph_10000_132877_POWLAW_6785030173969523435.txt (Time: 0.00s)
📦 COPIED from HDD: /media/HDD/Projects/ExpDFS/graph_10000_132877_POWLAW_1353182403971399009.txt -> /home/shahbazk/Projects/DFS_Semi_Streaming/input/random_graphs/graph_10000_132877_POWLAW_1353182403971399009.txt (Time: 0.00s)
📦 COPIED from HDD: /media/HDD/Projects/ExpDFS/graph_10000_132877_POWLAW_3224265581699847191.txt -> /home/shahbazk/Projects/DFS_Semi_Streaming/input/random_graphs/graph_10000_132877_POWLAW_3224265581699847191.txt (Time: 0.00s)
📦 COPIED from HDD: /media/HDD/Projects/ExpDFS/graph_10000_132877_POWLAW_3272308573967577038.txt -> /home/shahbazk/Projects/DFS_Semi_Streaming/input/random_graphs/graph_10000_132877_POWLAW_3272308573967577038.txt (Time: 0.00s)
📦 COPIED from HDD: /media/HDD/Projects/ExpDFS/graph_10000_132877_POWLAW_8031431416522537101.txt -> /home/shahbazk/Projects/DFS_Semi_Streaming/input/random_graphs/graph_10000_132877_POWLAW_8031431416522537101.txt (Time: 0.00s)
📦 COPIED from HDD: /media/HDD/Projects/ExpDFS/graph_10000_132877_POWLAW_7599700178212337699.txt -> /home/shahbazk/Projects/DFS_Semi_Streaming/input/random_graphs/graph_10000_132877_POWLAW_7599700178212337699.txt (Time: 0.00s)
📦 COPIED from HDD: /media/HDD/Projects/ExpDFS/graph_10000_132877_POWLAW_3010622984418968408.txt -> /home/shahbazk/Projects/DFS_Semi_Streaming/input/random_graphs/graph_10000_132877_POWLAW_3010622984418968408.txt (Time: 0.00s)
📦 COPIED from HDD: /media/HDD/Projects/ExpDFS/graph_10000_132877_POWLAW_6802378520969450157.txt -> /home/shahbazk/Projects/DFS_Semi_Streaming/input/random_graphs/graph_10000_132877_POWLAW_6802378520969450157.txt (Time: 0.00s)
📦 COPIED from HDD: /media/HDD/Projects/ExpDFS/graph_10000_132877_POWLAW_7917045922527545890.txt -> /home/shahbazk/Projects/DFS_Semi_Streaming/input/random_graphs/graph_10000_132877_POWLAW_7917045922527545890.txt (Time: 0.00s)
📦 COPIED from HDD: /media/HDD/Projects/ExpDFS/graph_10000_132877_POWLAW_5708372698381010775.txt -> /home/shahbazk/Projects/DFS_Semi_Streaming/input/random_graphs/graph_10000_132877_POWLAW_5708372698381010775.txt (Time: 0.00s)
📦 COPIED from HDD: /media/HDD/Projects/ExpDFS/graph_10000_132877_POWLAW_5529616217668449934.txt -> /home/shahbazk/Projects/DFS_Semi_Streaming/input/random_graphs/graph_10000_132877_POWLAW_5529616217668449934.txt (Time: 0.00s)
📦 COPIED from HDD: /media/HDD/Projects/ExpDFS/graph_10000_132877_POWLAW_5739955973604961613.txt -> /home/shahbazk/Projects/DFS_Semi_Streaming/input/random_graphs/graph_10000_132877_POWLAW_5739955973604961613.txt (Time: 0.00s)
📦 COPIED from HDD: /media/HDD/Projects/ExpDFS/graph_10000_132877_POWLAW_7161906730445628483.txt -> /home/shahbazk/Projects/DFS_Semi_Streaming/input/random_graphs/graph_10000_132877_POWLAW_7161906730445628483.txt (Time: 0.00s)
📦 COPIED from HDD: /media/HDD/Projects/ExpDFS/graph_10000_132877_POWLAW_3438400432146115956.txt -> /home/shahbazk/Projects/DFS_Semi_Streaming/input/random_graphs/graph_10000_132877_POWLAW_3438400432146115956.txt (Time: 0.00s)
📦 COPIED from HDD: /media/HDD/Projects/ExpDFS/graph_10000_132877_POWLAW_1250773459040295677.txt -> /home/shahbazk/Projects/DFS_Semi_Streaming/input/random_graphs/graph_10000_132877_POWLAW_1250773459040295677.txt (Time: 0.00s)
📦 COPIED from HDD: /media/HDD/Projects/ExpDFS/graph_10000_132877_POWLAW_7029781962072644698.txt -> /home/shahbazk/Projects/DFS_Semi_Streaming/input/random_graphs/graph_10000_132877_POWLAW_7029781962072644698.txt (Time: 0.00s)
📦 COPIED from HDD: /media/HDD/Projects/ExpDFS/graph_10000_132877_POWLAW_1731523882129807996.txt -> /home/shahbazk/Projects/DFS_Semi_Streaming/input/random_graphs/graph_10000_132877_POWLAW_1731523882129807996.txt (Time: 0.00s)
📦 COPIED from HDD: /media/HDD/Projects/ExpDFS/graph_10000_132877_POWLAW_5349491008325879064.txt -> /home/shahbazk/Projects/DFS_Semi_Streaming/input/random_graphs/graph_10000_132877_POWLAW_5349491008325879064.txt (Time: 0.00s)
📦 COPIED from HDD: /media/HDD/Projects/ExpDFS/graph_10000_132877_POWLAW_6230961512046992311.txt -> /home/shahbazk/Projects/DFS_Semi_Streaming/input/random_graphs/graph_10000_132877_POWLAW_6230961512046992311.txt (Time: 0.00s)
📦 COPIED from HDD: /media/HDD/Projects/ExpDFS/graph_10000_132877_POWLAW_7871178979383552919.txt -> /home/shahbazk/Projects/DFS_Semi_Streaming/input/random_graphs/graph_10000_132877_POWLAW_7871178979383552919.txt (Time: 0.00s)
📦 COPIED from HDD: /media/HDD/Projects/ExpDFS/graph_10000_132877_POWLAW_6143643868734370809.txt -> /home/shahbazk/Projects/DFS_Semi_Streaming/input/random_graphs/graph_10000_132877_POWLAW_6143643868734370809.txt (Time: 0.00s)
📦 COPIED from HDD: /media/HDD/Projects/ExpDFS/graph_10000_132877_POWLAW_5142811650494845597.txt -> /home/shahbazk/Projects/DFS_Semi_Streaming/input/random_graphs/graph_10000_132877_POWLAW_5142811650494845597.txt (Time: 0.00s)
📦 COPIED from HDD: /media/HDD/Projects/ExpDFS/graph_10000_132877_POWLAW_320375091487821987.txt -> /home/shahbazk/Projects/DFS_Semi_Streaming/input/random_graphs/graph_10000_132877_POWLAW_320375091487821987.txt (Time: 0.00s)
📦 COPIED from HDD: /media/HDD/Projects/ExpDFS/graph_10000_132877_POWLAW_1632192924771168275.txt -> /home/shahbazk/Projects/DFS_Semi_Streaming/input/random_graphs/graph_10000_132877_POWLAW_1632192924771168275.txt (Time: 0.00s)
📦 COPIED from HDD: /media/HDD/Projects/ExpDFS/graph_10000_132877_POWLAW_6224222471595207695.txt -> /home/shahbazk/Projects/DFS_Semi_Streaming/input/random_graphs/graph_10000_132877_POWLAW_6224222471595207695.txt (Time: 0.00s)
📦 COPIED from HDD: /media/HDD/Projects/ExpDFS/graph_10000_132877_POWLAW_5636411189175451024.txt -> /home/shahbazk/Projects/DFS_Semi_Streaming/input/random_graphs/graph_10000_132877_POWLAW_5636411189175451024.txt (Time: 0.00s)
📦 COPIED from HDD: /media/HDD/Projects/ExpDFS/graph_10000_132877_POWLAW_1024517563182776983.txt -> /home/shahbazk/Projects/DFS_Semi_Streaming/input/random_graphs/graph_10000_132877_POWLAW_1024517563182776983.txt (Time: 0.00s)
📦 COPIED from HDD: /media/HDD/Projects/ExpDFS/graph_10000_132877_POWLAW_5258051056098597521.txt -> /home/shahbazk/Projects/DFS_Semi_Streaming/input/random_graphs/graph_10000_132877_POWLAW_5258051056098597521.txt (Time: 0.00s)
📦 COPIED from HDD: /media/HDD/Projects/ExpDFS/graph_10000_132877_POWLAW_7706236040662210848.txt -> /home/shahbazk/Projects/DFS_Semi_Streaming/input/random_graphs/graph_10000_132877_POWLAW_7706236040662210848.txt (Time: 0.00s)
📦 COPIED from HDD: /media/HDD/Projects/ExpDFS/graph_10000_132877_POWLAW_6614505080519948832.txt -> /home/shahbazk/Projects/DFS_Semi_Streaming/input/random_graphs/graph_10000_132877_POWLAW_6614505080519948832.txt (Time: 0.00s)
📦 COPIED from HDD: /media/HDD/Projects/ExpDFS/graph_10000_132877_POWLAW_716820155901718944.txt -> /home/shahbazk/Projects/DFS_Semi_Streaming/input/random_graphs/graph_10000_132877_POWLAW_716820155901718944.txt (Time: 0.00s)
📦 COPIED from HDD: /media/HDD/Projects/ExpDFS/graph_10000_132877_POWLAW_7473196763798409428.txt -> /home/shahbazk/Projects/DFS_Semi_Streaming/input/random_graphs/graph_10000_132877_POWLAW_7473196763798409428.txt (Time: 0.00s)
📦 COPIED from HDD: /media/HDD/Projects/ExpDFS/graph_10000_132877_POWLAW_5139481885857321791.txt -> /home/shahbazk/Projects/DFS_Semi_Streaming/input/random_graphs/graph_10000_132877_POWLAW_5139481885857321791.txt (Time: 0.00s)
📦 COPIED from HDD: /media/HDD/Projects/ExpDFS/graph_10000_132877_POWLAW_3865339568260874865.txt -> /home/shahbazk/Projects/DFS_Semi_Streaming/input/random_graphs/graph_10000_132877_POWLAW_3865339568260874865.txt (Time: 0.00s)
📦 COPIED from HDD: /media/HDD/Projects/ExpDFS/graph_10000_132877_POWLAW_7921282862123281598.txt -> /home/shahbazk/Projects/DFS_Semi_Streaming/input/random_graphs/graph_10000_132877_POWLAW_7921282862123281598.txt (Time: 0.00s)
📦 COPIED from HDD: /media/HDD/Projects/ExpDFS/graph_10000_132877_POWLAW_4445925461710302877.txt -> /home/shahbazk/Projects/DFS_Semi_Streaming/input/random_graphs/graph_10000_132877_POWLAW_4445925461710302877.txt (Time: 0.00s)
📦 COPIED from HDD: /media/HDD/Projects/ExpDFS/graph_10000_132877_POWLAW_4997514996153925447.txt -> /home/shahbazk/Projects/DFS_Semi_Streaming/input/random_graphs/graph_10000_132877_POWLAW_4997514996153925447.txt (Time: 0.00s)
📦 COPIED from HDD: /media/HDD/Projects/ExpDFS/graph_10000_132877_POWLAW_5063475852268941542.txt -> /home/shahbazk/Projects/DFS_Semi_Streaming/input/random_graphs/graph_10000_132877_POWLAW_5063475852268941542.txt (Time: 0.00s)
📦 COPIED from HDD: /media/HDD/Projects/ExpDFS/graph_10000_132877_POWLAW_8446481348147407377.txt -> /home/shahbazk/Projects/DFS_Semi_Streaming/input/random_graphs/graph_10000_132877_POWLAW_8446481348147407377.txt (Time: 0.00s)
📦 COPIED from HDD: /media/HDD/Projects/ExpDFS/graph_10000_132877_POWLAW_1128313391724783137.txt -> /home/shahbazk/Projects/DFS_Semi_Streaming/input/random_graphs/graph_10000_132877_POWLAW_1128313391724783137.txt (Time: 0.00s)
📦 COPIED from HDD: /media/HDD/Projects/ExpDFS/graph_10000_132877_POWLAW_3817405844514670994.txt -> /home/shahbazk/Projects/DFS_Semi_Streaming/input/random_graphs/graph_10000_132877_POWLAW_3817405844514670994.txt (Time: 0.00s)
📦 COPIED from HDD: /media/HDD/Projects/ExpDFS/graph_10000_132877_POWLAW_8718380604043999642.txt -> /home/shahbazk/Projects/DFS_Semi_Streaming/input/random_graphs/graph_10000_132877_POWLAW_8718380604043999642.txt (Time: 0.00s)
📦 COPIED from HDD: /media/HDD/Projects/ExpDFS/graph_10000_132877_POWLAW_6529943913552561417.txt -> /home/shahbazk/Projects/DFS_Semi_Streaming/input/random_graphs/graph_10000_132877_POWLAW_6529943913552561417.txt (Time: 0.00s)
📦 COPIED from HDD: /media/HDD/Projects/ExpDFS/graph_10000_132877_POWLAW_2089506265998900862.txt -> /home/shahbazk/Projects/DFS_Semi_Streaming/input/random_graphs/graph_10000_132877_POWLAW_2089506265998900862.txt (Time: 0.00s)
📦 COPIED from HDD: /media/HDD/Projects/ExpDFS/graph_10000_132877_POWLAW_2909934787168262407.txt -> /home/shahbazk/Projects/DFS_Semi_Streaming/input/random_graphs/graph_10000_132877_POWLAW_2909934787168262407.txt (Time: 0.00s)
📦 COPIED from HDD: /media/HDD/Projects/ExpDFS/graph_10000_132877_POWLAW_6022436717541034636.txt -> /home/shahbazk/Projects/DFS_Semi_Streaming/input/random_graphs/graph_10000_132877_POWLAW_6022436717541034636.txt (Time: 0.00s)
📦 COPIED from HDD: /media/HDD/Projects/ExpDFS/graph_10000_132877_POWLAW_199422815561151340.txt -> /home/shahbazk/Projects/DFS_Semi_Streaming/input/random_graphs/graph_10000_132877_POWLAW_199422815561151340.txt (Time: 0.00s)
📦 COPIED from HDD: /media/HDD/Projects/ExpDFS/graph_10000_132877_POWLAW_8867616339855336876.txt -> /home/shahbazk/Projects/DFS_Semi_Streaming/input/random_graphs/graph_10000_132877_POWLAW_8867616339855336876.txt (Time: 0.00s)
📦 COPIED from HDD: /media/HDD/Projects/ExpDFS/graph_10000_132877_POWLAW_5108599054664628607.txt -> /home/shahbazk/Projects/DFS_Semi_Streaming/input/random_graphs/graph_10000_132877_POWLAW_5108599054664628607.txt (Time: 0.00s)
📦 COPIED from HDD: /media/HDD/Projects/ExpDFS/graph_10000_132877_POWLAW_1722224698700348310.txt -> /home/shahbazk/Projects/DFS_Semi_Streaming/input/random_graphs/graph_10000_132877_POWLAW_1722224698700348310.txt (Time: 0.00s)
📦 COPIED from HDD: /media/HDD/Projects/ExpDFS/graph_10000_132877_POWLAW_9059990922233379852.txt -> /home/shahbazk/Projects/DFS_Semi_Streaming/input/random_graphs/graph_10000_132877_POWLAW_9059990922233379852.txt (Time: 0.00s)
📦 COPIED from HDD: /media/HDD/Projects/ExpDFS/graph_10000_132877_POWLAW_2264398621601381987.txt -> /home/shahbazk/Projects/DFS_Semi_Streaming/input/random_graphs/graph_10000_132877_POWLAW_2264398621601381987.txt (Time: 0.00s)
📦 COPIED from HDD: /media/HDD/Projects/ExpDFS/graph_10000_132877_POWLAW_175493991617213850.txt -> /home/shahbazk/Projects/DFS_Semi_Streaming/input/random_graphs/graph_10000_132877_POWLAW_175493991617213850.txt (Time: 0.00s)
📦 COPIED from HDD: /media/HDD/Projects/ExpDFS/graph_10000_132877_POWLAW_3713827327871807734.txt -> /home/shahbazk/Projects/DFS_Semi_Streaming/input/random_graphs/graph_10000_132877_POWLAW_3713827327871807734.txt (Time: 0.00s)
📦 COPIED from HDD: /media/HDD/Projects/ExpDFS/graph_10000_132877_POWLAW_3221421291694197220.txt -> /home/shahbazk/Projects/DFS_Semi_Streaming/input/random_graphs/graph_10000_132877_POWLAW_3221421291694197220.txt (Time: 0.00s)
📦 COPIED from HDD: /media/HDD/Projects/ExpDFS/graph_10000_132877_POWLAW_6764066939395682287.txt -> /home/shahbazk/Projects/DFS_Semi_Streaming/input/random_graphs/graph_10000_132877_POWLAW_6764066939395682287.txt (Time: 0.00s)
📦 COPIED from HDD: /media/HDD/Projects/ExpDFS/graph_10000_132877_POWLAW_1170385908854608748.txt -> /home/shahbazk/Projects/DFS_Semi_Streaming/input/random_graphs/graph_10000_132877_POWLAW_1170385908854608748.txt (Time: 0.00s)
📦 COPIED from HDD: /media/HDD/Projects/ExpDFS/graph_10000_132877_POWLAW_9130666990809746335.txt -> /home/shahbazk/Projects/DFS_Semi_Streaming/input/random_graphs/graph_10000_132877_POWLAW_9130666990809746335.txt (Time: 0.00s)
📦 COPIED from HDD: /media/HDD/Projects/ExpDFS/graph_10000_132877_POWLAW_1392892770529522614.txt -> /home/shahbazk/Projects/DFS_Semi_Streaming/input/random_graphs/graph_10000_132877_POWLAW_1392892770529522614.txt (Time: 0.00s)
📦 COPIED from HDD: /media/HDD/Projects/ExpDFS/graph_10000_132877_POWLAW_7644420139408884785.txt -> /home/shahbazk/Projects/DFS_Semi_Streaming/input/random_graphs/graph_10000_132877_POWLAW_7644420139408884785.txt (Time: 0.00s)
📦 COPIED from HDD: /media/HDD/Projects/ExpDFS/graph_10000_132877_POWLAW_1458186392400727732.txt -> /home/shahbazk/Projects/DFS_Semi_Streaming/input/random_graphs/graph_10000_132877_POWLAW_1458186392400727732.txt (Time: 0.00s)
📦 COPIED from HDD: /media/HDD/Projects/ExpDFS/graph_10000_132877_POWLAW_7632458674696225362.txt -> /home/shahbazk/Projects/DFS_Semi_Streaming/input/random_graphs/graph_10000_132877_POWLAW_7632458674696225362.txt (Time: 0.00s)
📦 COPIED from HDD: /media/HDD/Projects/ExpDFS/graph_10000_132877_POWLAW_4060584409398689268.txt -> /home/shahbazk/Projects/DFS_Semi_Streaming/input/random_graphs/graph_10000_132877_POWLAW_4060584409398689268.txt (Time: 0.00s)
📦 COPIED from HDD: /media/HDD/Projects/ExpDFS/graph_10000_132877_POWLAW_8794274795737982182.txt -> /home/shahbazk/Projects/DFS_Semi_Streaming/input/random_graphs/graph_10000_132877_POWLAW_8794274795737982182.txt (Time: 0.00s)
📦 COPIED from HDD: /media/HDD/Projects/ExpDFS/graph_10000_132877_POWLAW_9060210648189963449.txt -> /home/shahbazk/Projects/DFS_Semi_Streaming/input/random_graphs/graph_10000_132877_POWLAW_9060210648189963449.txt (Time: 0.00s)
📦 COPIED from HDD: /media/HDD/Projects/ExpDFS/graph_10000_132877_POWLAW_2718103348384927511.txt -> /home/shahbazk/Projects/DFS_Semi_Streaming/input/random_graphs/graph_10000_132877_POWLAW_2718103348384927511.txt (Time: 0.00s)
📦 COPIED from HDD: /media/HDD/Projects/ExpDFS/graph_10000_132877_POWLAW_5894893360759659423.txt -> /home/shahbazk/Projects/DFS_Semi_Streaming/input/random_graphs/graph_10000_132877_POWLAW_5894893360759659423.txt (Time: 0.00s)
📦 COPIED from HDD: /media/HDD/Projects/ExpDFS/graph_10000_132877_POWLAW_5497874167834979553.txt -> /home/shahbazk/Projects/DFS_Semi_Streaming/input/random_graphs/graph_10000_132877_POWLAW_5497874167834979553.txt (Time: 0.00s)
📦 COPIED from HDD: /media/HDD/Projects/ExpDFS/graph_10000_132877_POWLAW_1332005502874566195.txt -> /home/shahbazk/Projects/DFS_Semi_Streaming/input/random_graphs/graph_10000_132877_POWLAW_1332005502874566195.txt (Time: 0.00s)
📦 COPIED from HDD: /media/HDD/Projects/ExpDFS/graph_10000_132877_POWLAW_4250897495980125004.txt -> /home/shahbazk/Projects/DFS_Semi_Streaming/input/random_graphs/graph_10000_132877_POWLAW_4250897495980125004.txt (Time: 0.00s)
📦 COPIED from HDD: /media/HDD/Projects/ExpDFS/graph_10000_132877_POWLAW_4934890601268679176.txt -> /home/shahbazk/Projects/DFS_Semi_Streaming/input/random_graphs/graph_10000_132877_POWLAW_4934890601268679176.txt (Time: 0.00s)
📦 COPIED from HDD: /media/HDD/Projects/ExpDFS/graph_10000_132877_POWLAW_7905487461282246979.txt -> /home/shahbazk/Projects/DFS_Semi_Streaming/input/random_graphs/graph_10000_132877_POWLAW_7905487461282246979.txt (Time: 0.00s)
📦 COPIED from HDD: /media/HDD/Projects/ExpDFS/graph_10000_132877_POWLAW_8626102704817790064.txt -> /home/shahbazk/Projects/DFS_Semi_Streaming/input/random_graphs/graph_10000_132877_POWLAW_8626102704817790064.txt (Time: 0.00s)
📦 COPIED from HDD: /media/HDD/Projects/ExpDFS/graph_10000_132877_POWLAW_4940913311242578590.txt -> /home/shahbazk/Projects/DFS_Semi_Streaming/input/random_graphs/graph_10000_132877_POWLAW_4940913311242578590.txt (Time: 0.00s)
📦 COPIED from HDD: /media/HDD/Projects/ExpDFS/graph_10000_132877_POWLAW_7449662661572224354.txt -> /home/shahbazk/Projects/DFS_Semi_Streaming/input/random_graphs/graph_10000_132877_POWLAW_7449662661572224354.txt (Time: 0.00s)
📦 COPIED from HDD: /media/HDD/Projects/ExpDFS/graph_10000_132877_POWLAW_7983805977214098674.txt -> /home/shahbazk/Projects/DFS_Semi_Streaming/input/random_graphs/graph_10000_132877_POWLAW_7983805977214098674.txt (Time: 0.00s)
📦 COPIED from HDD: /media/HDD/Projects/ExpDFS/graph_10000_132877_POWLAW_4795749165124911768.txt -> /home/shahbazk/Projects/DFS_Semi_Streaming/input/random_graphs/graph_10000_132877_POWLAW_4795749165124911768.txt (Time: 0.00s)
📦 COPIED from HDD: /media/HDD/Projects/ExpDFS/graph_10000_132877_POWLAW_8448596294177070022.txt -> /home/shahbazk/Projects/DFS_Semi_Streaming/input/random_graphs/graph_10000_132877_POWLAW_8448596294177070022.txt (Time: 0.00s)
📦 COPIED from HDD: /media/HDD/Projects/ExpDFS/graph_10000_132877_POWLAW_7118744415197196276.txt -> /home/shahbazk/Projects/DFS_Semi_Streaming/input/random_graphs/graph_10000_132877_POWLAW_7118744415197196276.txt (Time: 0.00s)
📦 COPIED from HDD: /media/HDD/Projects/ExpDFS/graph_10000_132877_POWLAW_1992204328026194281.txt -> /home/shahbazk/Projects/DFS_Semi_Streaming/input/random_graphs/graph_10000_132877_POWLAW_1992204328026194281.txt (Time: 0.00s)

============================================================
Graph processing completed in 0.94 seconds
============================================================
Copied from HDD:          100
Newly generated:          0
Already in working dir:   0
Failed:                   0
Total processed:          100
============================================================
