Running VARK with 100 iterations, for N = 10,000 and sparsity code 3 for k from 1 to N and seed token 1729
Generating 100 graph(s) with N=10000, sparsity=3, seed=1729...
Running FIXNM with kPath0 for N=10000, sparsity=3, k=1, seed=1729...
      Average Passes: 147.11, Time/Memory: 2716.85,8180
Running FIXNM with kPath0 for N=10000, sparsity=3, k=2, seed=1729...
      Average Passes: 16.47, Time/Memory: 301.24,9116
Running FIXNM with kPath0 for N=10000, sparsity=3, k=3, seed=1729...
      Average Passes: 6.31, Time/Memory: 136.92,10188
Running FIXNM with kPath0 for N=10000, sparsity=3, k=4, seed=1729...
      Average Passes: 5.0, Time/Memory: 109.57,11296
Running FIXNM with kPath0 for N=10000, sparsity=3, k=5, seed=1729...
      Average Passes: 4.0, Time/Memory: 75.25,12140
Running FIXNM with kPath0 for N=10000, sparsity=3, k=6, seed=1729...
      Average Passes: 4.0, Time/Memory: 83.50,13204
Running FIXNM with kPath0 for N=10000, sparsity=3, k=7, seed=1729...
      Average Passes: 4.0, Time/Memory: 79.12,14308
Running FIXNM with kPath0 for N=10000, sparsity=3, k=8, seed=1729...
      Average Passes: 4.0, Time/Memory: 76.01,15112
Running FIXNM with kPath0 for N=10000, sparsity=3, k=9, seed=1729...
      Average Passes: 4.0, Time/Memory: 87.84,16008
Running FIXNM with kPath0 for N=10000, sparsity=3, k=10, seed=1729...
      Average Passes: 3.04, Time/Memory: 72.22,17056
Running FIXNM with kPath0 for N=10000, sparsity=3, k=11, seed=1729...
      Average Passes: 3.0, Time/Memory: 69.59,17976
Running FIXNM with kPath0 for N=10000, sparsity=3, k=12, seed=1729...
      Average Passes: 3.0, Time/Memory: 61.82,18928
Running FIXNM with kPath0 for N=10000, sparsity=3, k=13, seed=1729...
      Average Passes: 3.0, Time/Memory: 59.37,20032
Running FIXNM with kPath0 for N=10000, sparsity=3, k=14, seed=1729...
      Average Passes: 3.0, Time/Memory: 66.88,20952
Running FIXNM with kPath0 for N=10000, sparsity=3, k=15, seed=1729...
      Average Passes: 3.0, Time/Memory: 70.64,21868
Running FIXNM with kPath0 for N=10000, sparsity=3, k=16, seed=1729...
      Average Passes: 3.0, Time/Memory: 59.47,22808
Running FIXNM with kPath0 for N=10000, sparsity=3, k=17, seed=1729...
      Average Passes: 3.0, Time/Memory: 59.97,23544
Running FIXNM with kPath0 for N=10000, sparsity=3, k=18, seed=1729...
      Average Passes: 3.0, Time/Memory: 55.98,24576
Running FIXNM with kPath0 for N=10000, sparsity=3, k=19, seed=1729...
      Average Passes: 3.0, Time/Memory: 57.24,25560
Running FIXNM with kPath0 for N=10000, sparsity=3, k=20, seed=1729...
      Average Passes: 3.0, Time/Memory: 59.32,26604
Running FIXNM with kPath0 for N=10000, sparsity=3, k=21, seed=1729...
      Average Passes: 3.0, Time/Memory: 69.64,27604
Running FIXNM with kPath0 for N=10000, sparsity=3, k=22, seed=1729...
      Average Passes: 3.0, Time/Memory: 66.13,28324
Running FIXNM with kPath0 for N=10000, sparsity=3, k=23, seed=1729...
      Average Passes: 3.0, Time/Memory: 59.05,29336
Running FIXNM with kPath0 for N=10000, sparsity=3, k=24, seed=1729...
      Average Passes: 3.0, Time/Memory: 61.10,30348
Running FIXNM with kPath0 for N=10000, sparsity=3, k=25, seed=1729...
      Average Passes: 3.0, Time/Memory: 61.07,31324
Running FIXNM with kPath0 for N=10000, sparsity=3, k=30, seed=1729...
      Average Passes: 3.0, Time/Memory: 73.83,35828
Running FIXNM with kPath0 for N=10000, sparsity=3, k=35, seed=1729...
      Average Passes: 3.0, Time/Memory: 64.50,40584
Running FIXNM with kPath0 for N=10000, sparsity=3, k=40, seed=1729...
      Average Passes: 3.0, Time/Memory: 69.42,45288
Running FIXNM with kPath0 for N=10000, sparsity=3, k=45, seed=1729...
      Average Passes: 3.0, Time/Memory: 72.44,49948
Running FIXNM with kPath0 for N=10000, sparsity=3, k=50, seed=1729...
      Average Passes: 3.0, Time/Memory: 68.22,54616
Running FIXNM with kPath0 for N=10000, sparsity=3, k=60, seed=1729...
      Average Passes: 3.0, Time/Memory: 78.18,64060
Running FIXNM with kPath0 for N=10000, sparsity=3, k=70, seed=1729...
      Average Passes: 3.0, Time/Memory: 85.78,73328
Running FIXNM with kPath0 for N=10000, sparsity=3, k=80, seed=1729...
      Average Passes: 3.0, Time/Memory: 91.25,83200
Running FIXNM with kPath0 for N=10000, sparsity=3, k=90, seed=1729...
      Average Passes: 3.0, Time/Memory: 95.64,92216
Running FIXNM with kPath0 for N=10000, sparsity=3, k=100, seed=1729...
      Average Passes: 3.0, Time/Memory: 103.84,101600
Running FIXNM with kPath0 for N=10000, sparsity=3, k=200, seed=1729...
      Average Passes: 2.0, Time/Memory: 85.81,102588
Running FIXNM with kPath0 for N=10000, sparsity=3, k=300, seed=1729...
      Average Passes: 2.0, Time/Memory: 99.65,102640
Running FIXNM with kPath0 for N=10000, sparsity=3, k=400, seed=1729...
      Average Passes: 2.0, Time/Memory: 92.29,102704
Running FIXNM with kPath0 for N=10000, sparsity=3, k=500, seed=1729...
      Average Passes: 2.0, Time/Memory: 95.63,102548
Running FIXNM with kPath0 for N=10000, sparsity=3, k=600, seed=1729...
      Average Passes: 2.0, Time/Memory: 90.92,102648
Running FIXNM with kPath0 for N=10000, sparsity=3, k=700, seed=1729...
      Average Passes: 2.0, Time/Memory: 96.10,102708
Running FIXNM with kPath0 for N=10000, sparsity=3, k=800, seed=1729...
      Average Passes: 2.0, Time/Memory: 90.44,102688
Running FIXNM with kPath0 for N=10000, sparsity=3, k=900, seed=1729...
      Average Passes: 2.0, Time/Memory: 92.51,102548
Running FIXNM with kPath0 for N=10000, sparsity=3, k=1000, seed=1729...
      Average Passes: 2.0, Time/Memory: 83.55,102548
Running FIXNM with kPath0 for N=10000, sparsity=3, k=1500, seed=1729...
      Average Passes: 2.0, Time/Memory: 86.81,102548
Running FIXNM with kPath0 for N=10000, sparsity=3, k=2000, seed=1729...
      Average Passes: 2.0, Time/Memory: 86.22,102572
Running FIXNM with kPath0 for N=10000, sparsity=3, k=2500, seed=1729...
      Average Passes: 2.0, Time/Memory: 84.09,102556
Running FIXNM with kPath0 for N=10000, sparsity=3, k=3000, seed=1729...
      Average Passes: 2.0, Time/Memory: 91.39,102496
Running FIXNM with kPath0 for N=10000, sparsity=3, k=3500, seed=1729...
      Average Passes: 2.0, Time/Memory: 95.70,102480
Running FIXNM with kPath0 for N=10000, sparsity=3, k=4000, seed=1729...
      Average Passes: 2.0, Time/Memory: 99.53,102688
Running FIXNM with kPath0 for N=10000, sparsity=3, k=4500, seed=1729...
      Average Passes: 2.0, Time/Memory: 92.66,102548
Running FIXNM with kPath0 for N=10000, sparsity=3, k=5000, seed=1729...
      Average Passes: 2.0, Time/Memory: 96.45,102496
Running FIXNM with kPath0 for N=10000, sparsity=3, k=6000, seed=1729...
      Average Passes: 2.0, Time/Memory: 86.72,102548
Running FIXNM with kPath0 for N=10000, sparsity=3, k=7000, seed=1729...
      Average Passes: 2.0, Time/Memory: 88.28,102644
Running FIXNM with kPath0 for N=10000, sparsity=3, k=8000, seed=1729...
      Average Passes: 2.0, Time/Memory: 85.16,102640
Running FIXNM with kPath0 for N=10000, sparsity=3, k=9000, seed=1729...
      Average Passes: 2.0, Time/Memory: 90.20,102496
Running FIXNM with kPathN for N=10000, sparsity=3, k=1, seed=1729...
      Average Passes: 7.93, Time/Memory: 157.18,9076
Running FIXNM with kPathN for N=10000, sparsity=3, k=2, seed=1729...
      Average Passes: 4.06, Time/Memory: 97.73,9708
Running FIXNM with kPathN for N=10000, sparsity=3, k=3, seed=1729...
      Average Passes: 3.0, Time/Memory: 67.39,10276
Running FIXNM with kPathN for N=10000, sparsity=3, k=4, seed=1729...
      Average Passes: 3.0, Time/Memory: 66.24,11668
Running FIXNM with kPathN for N=10000, sparsity=3, k=5, seed=1729...
      Average Passes: 2.0, Time/Memory: 39.17,12648
Running FIXNM with kPathN for N=10000, sparsity=3, k=6, seed=1729...
      Average Passes: 2.0, Time/Memory: 47.70,13552
Running FIXNM with kPathN for N=10000, sparsity=3, k=7, seed=1729...
      Average Passes: 2.0, Time/Memory: 47.41,14468
Running FIXNM with kPathN for N=10000, sparsity=3, k=8, seed=1729...
      Average Passes: 2.0, Time/Memory: 43.86,15568
Running FIXNM with kPathN for N=10000, sparsity=3, k=9, seed=1729...
      Average Passes: 2.0, Time/Memory: 40.51,16520
Running FIXNM with kPathN for N=10000, sparsity=3, k=10, seed=1729...
      Average Passes: 2.0, Time/Memory: 46.86,17508
Running FIXNM with kPathN for N=10000, sparsity=3, k=11, seed=1729...
      Average Passes: 2.0, Time/Memory: 45.76,18400
Running FIXNM with kPathN for N=10000, sparsity=3, k=12, seed=1729...
      Average Passes: 2.0, Time/Memory: 48.49,19324
Running FIXNM with kPathN for N=10000, sparsity=3, k=13, seed=1729...
      Average Passes: 2.0, Time/Memory: 39.72,20316
Running FIXNM with kPathN for N=10000, sparsity=3, k=14, seed=1729...
      Average Passes: 2.0, Time/Memory: 49.27,21220
Running FIXNM with kPathN for N=10000, sparsity=3, k=15, seed=1729...
      Average Passes: 2.0, Time/Memory: 41.80,22220
Running FIXNM with kPathN for N=10000, sparsity=3, k=16, seed=1729...
      Average Passes: 2.0, Time/Memory: 49.07,23136
Running FIXNM with kPathN for N=10000, sparsity=3, k=17, seed=1729...
      Average Passes: 2.0, Time/Memory: 40.79,24076
Running FIXNM with kPathN for N=10000, sparsity=3, k=18, seed=1729...
      Average Passes: 2.0, Time/Memory: 40.18,24972
Running FIXNM with kPathN for N=10000, sparsity=3, k=19, seed=1729...
      Average Passes: 2.0, Time/Memory: 44.50,25896
Running FIXNM with kPathN for N=10000, sparsity=3, k=20, seed=1729...
      Average Passes: 2.0, Time/Memory: 48.62,26788
Running FIXNM with kPathN for N=10000, sparsity=3, k=21, seed=1729...
      Average Passes: 2.0, Time/Memory: 41.75,27788
Running FIXNM with kPathN for N=10000, sparsity=3, k=22, seed=1729...
      Average Passes: 2.0, Time/Memory: 41.06,28708
Running FIXNM with kPathN for N=10000, sparsity=3, k=23, seed=1729...
      Average Passes: 2.0, Time/Memory: 46.27,29644
Running FIXNM with kPathN for N=10000, sparsity=3, k=24, seed=1729...
      Average Passes: 2.0, Time/Memory: 49.34,30572
Running FIXNM with kPathN for N=10000, sparsity=3, k=25, seed=1729...
      Average Passes: 2.0, Time/Memory: 42.65,31508
Running FIXNM with kPathN for N=10000, sparsity=3, k=30, seed=1729...
      Average Passes: 2.0, Time/Memory: 42.93,36176
Running FIXNM with kPathN for N=10000, sparsity=3, k=35, seed=1729...
      Average Passes: 2.0, Time/Memory: 43.15,40924
Running FIXNM with kPathN for N=10000, sparsity=3, k=40, seed=1729...
      Average Passes: 2.0, Time/Memory: 45.55,45528
Running FIXNM with kPathN for N=10000, sparsity=3, k=45, seed=1729...
      Average Passes: 2.0, Time/Memory: 54.03,50248
Running FIXNM with kPathN for N=10000, sparsity=3, k=50, seed=1729...
      Average Passes: 2.0, Time/Memory: 47.51,55000
Running FIXNM with kPathN for N=10000, sparsity=3, k=60, seed=1729...
      Average Passes: 2.0, Time/Memory: 58.61,64316
Running FIXNM with kPathN for N=10000, sparsity=3, k=70, seed=1729...
      Average Passes: 2.0, Time/Memory: 62.95,73444
Running FIXNM with kPathN for N=10000, sparsity=3, k=80, seed=1729...
      Average Passes: 2.0, Time/Memory: 62.47,83064
Running FIXNM with kPathN for N=10000, sparsity=3, k=90, seed=1729...
      Average Passes: 2.0, Time/Memory: 60.22,92508
Running FIXNM with kPathN for N=10000, sparsity=3, k=100, seed=1729...
      Average Passes: 1.0, Time/Memory: 20.45,91836
Running FIXNM with kPathN for N=10000, sparsity=3, k=200, seed=1729...
      Average Passes: 1.0, Time/Memory: 24.59,91888
Running FIXNM with kPathN for N=10000, sparsity=3, k=300, seed=1729...
      Average Passes: 1.0, Time/Memory: 20.52,91872
Running FIXNM with kPathN for N=10000, sparsity=3, k=400, seed=1729...
      Average Passes: 1.0, Time/Memory: 20.32,91860
Running FIXNM with kPathN for N=10000, sparsity=3, k=500, seed=1729...
      Average Passes: 1.0, Time/Memory: 20.23,91876
Running FIXNM with kPathN for N=10000, sparsity=3, k=600, seed=1729...
      Average Passes: 1.0, Time/Memory: 23.99,91788
Running FIXNM with kPathN for N=10000, sparsity=3, k=700, seed=1729...
      Average Passes: 1.0, Time/Memory: 20.99,91960
Running FIXNM with kPathN for N=10000, sparsity=3, k=800, seed=1729...
      Average Passes: 1.0, Time/Memory: 24.37,91748
Running FIXNM with kPathN for N=10000, sparsity=3, k=900, seed=1729...
      Average Passes: 1.0, Time/Memory: 24.57,91856
Running FIXNM with kPathN for N=10000, sparsity=3, k=1000, seed=1729...
      Average Passes: 1.0, Time/Memory: 24.23,91920
Running FIXNM with kPathN for N=10000, sparsity=3, k=1500, seed=1729...
      Average Passes: 1.0, Time/Memory: 24.57,91888
Running FIXNM with kPathN for N=10000, sparsity=3, k=2000, seed=1729...
      Average Passes: 1.0, Time/Memory: 24.58,91856
Running FIXNM with kPathN for N=10000, sparsity=3, k=2500, seed=1729...
      Average Passes: 1.0, Time/Memory: 24.72,91748
Running FIXNM with kPathN for N=10000, sparsity=3, k=3000, seed=1729...
      Average Passes: 1.0, Time/Memory: 24.63,91892
Running FIXNM with kPathN for N=10000, sparsity=3, k=3500, seed=1729...
      Average Passes: 1.0, Time/Memory: 19.90,91880
Running FIXNM with kPathN for N=10000, sparsity=3, k=4000, seed=1729...
      Average Passes: 1.0, Time/Memory: 22.56,91872
Running FIXNM with kPathN for N=10000, sparsity=3, k=4500, seed=1729...
      Average Passes: 1.0, Time/Memory: 24.48,91896
Running FIXNM with kPathN for N=10000, sparsity=3, k=5000, seed=1729...
      Average Passes: 1.0, Time/Memory: 24.20,91932
Running FIXNM with kPathN for N=10000, sparsity=3, k=6000, seed=1729...
      Average Passes: 1.0, Time/Memory: 19.89,91820
Running FIXNM with kPathN for N=10000, sparsity=3, k=7000, seed=1729...
      Average Passes: 1.0, Time/Memory: 24.44,91876
Running FIXNM with kPathN for N=10000, sparsity=3, k=8000, seed=1729...
      Average Passes: 1.0, Time/Memory: 22.14,91968
Running FIXNM with kPathN for N=10000, sparsity=3, k=9000, seed=1729...
      Average Passes: 1.0, Time/Memory: 23.03,91860
Running FIXNM with kLev0 for N=10000, sparsity=3, k=1, seed=1729...
      Average Passes: 3.84, Time/Memory: 105.24,8712
Running FIXNM with kLev0 for N=10000, sparsity=3, k=2, seed=1729...
      Average Passes: 3.84, Time/Memory: 103.99,9136
Running FIXNM with kLev0 for N=10000, sparsity=3, k=3, seed=1729...
      Average Passes: 3.84, Time/Memory: 104.60,9036
Running FIXNM with kLev0 for N=10000, sparsity=3, k=4, seed=1729...
      Average Passes: 3.85, Time/Memory: 111.29,8728
Running FIXNM with kLev0 for N=10000, sparsity=3, k=5, seed=1729...
      Average Passes: 3.84, Time/Memory: 115.59,9168
Running FIXNM with kLev0 for N=10000, sparsity=3, k=6, seed=1729...
      Average Passes: 3.84, Time/Memory: 114.91,8656
Running FIXNM with kLev0 for N=10000, sparsity=3, k=7, seed=1729...
      Average Passes: 3.84, Time/Memory: 104.81,8696
Running FIXNM with kLev0 for N=10000, sparsity=3, k=8, seed=1729...
      Average Passes: 3.83, Time/Memory: 121.81,9124
Running FIXNM with kLev0 for N=10000, sparsity=3, k=9, seed=1729...
      Average Passes: 3.83, Time/Memory: 121.81,8688
Running FIXNM with kLev0 for N=10000, sparsity=3, k=10, seed=1729...
      Average Passes: 3.83, Time/Memory: 108.53,8772
Running FIXNM with kLev0 for N=10000, sparsity=3, k=11, seed=1729...
      Average Passes: 3.83, Time/Memory: 122.01,8572
Running FIXNM with kLev0 for N=10000, sparsity=3, k=12, seed=1729...
      Average Passes: 3.83, Time/Memory: 121.46,9172
Running FIXNM with kLev0 for N=10000, sparsity=3, k=13, seed=1729...
      Average Passes: 3.82, Time/Memory: 106.10,9020
Running FIXNM with kLev0 for N=10000, sparsity=3, k=14, seed=1729...
      Average Passes: 3.83, Time/Memory: 110.71,8792
Running FIXNM with kLev0 for N=10000, sparsity=3, k=15, seed=1729...
      Average Passes: 3.83, Time/Memory: 107.78,9120
Running FIXNM with kLev0 for N=10000, sparsity=3, k=16, seed=1729...
      Average Passes: 3.81, Time/Memory: 119.76,8784
Running FIXNM with kLev0 for N=10000, sparsity=3, k=17, seed=1729...
      Average Passes: 3.81, Time/Memory: 104.68,9040
Running FIXNM with kLev0 for N=10000, sparsity=3, k=18, seed=1729...
      Average Passes: 3.81, Time/Memory: 102.69,8860
Running FIXNM with kLev0 for N=10000, sparsity=3, k=19, seed=1729...
      Average Passes: 3.82, Time/Memory: 105.14,8636
Running FIXNM with kLev0 for N=10000, sparsity=3, k=20, seed=1729...
      Average Passes: 3.82, Time/Memory: 104.83,8732
Running FIXNM with kLev0 for N=10000, sparsity=3, k=21, seed=1729...
      Average Passes: 3.81, Time/Memory: 118.39,9048
Running FIXNM with kLev0 for N=10000, sparsity=3, k=22, seed=1729...
      Average Passes: 3.81, Time/Memory: 110.53,9128
Running FIXNM with kLev0 for N=10000, sparsity=3, k=23, seed=1729...
      Average Passes: 3.81, Time/Memory: 115.42,8904
Running FIXNM with kLev0 for N=10000, sparsity=3, k=24, seed=1729...
      Average Passes: 3.8, Time/Memory: 104.39,8776
Running FIXNM with kLev0 for N=10000, sparsity=3, k=25, seed=1729...
      Average Passes: 3.8, Time/Memory: 112.11,9088
Running FIXNM with kLev0 for N=10000, sparsity=3, k=30, seed=1729...
      Average Passes: 3.79, Time/Memory: 103.60,8952
Running FIXNM with kLev0 for N=10000, sparsity=3, k=35, seed=1729...
      Average Passes: 3.79, Time/Memory: 117.62,8828
Running FIXNM with kLev0 for N=10000, sparsity=3, k=40, seed=1729...
      Average Passes: 3.79, Time/Memory: 118.25,8672
Running FIXNM with kLev0 for N=10000, sparsity=3, k=45, seed=1729...
      Average Passes: 3.78, Time/Memory: 110.47,9288
Running FIXNM with kLev0 for N=10000, sparsity=3, k=50, seed=1729...
      Average Passes: 3.8, Time/Memory: 117.05,9048
Running FIXNM with kLev0 for N=10000, sparsity=3, k=60, seed=1729...
      Average Passes: 3.81, Time/Memory: 118.60,8980
Running FIXNM with kLev0 for N=10000, sparsity=3, k=70, seed=1729...
      Average Passes: 3.82, Time/Memory: 109.48,9200
Running FIXNM with kLev0 for N=10000, sparsity=3, k=80, seed=1729...
      Average Passes: 3.83, Time/Memory: 117.72,9228
Running FIXNM with kLev0 for N=10000, sparsity=3, k=90, seed=1729...
      Average Passes: 3.83, Time/Memory: 102.42,9312
Running FIXNM with kLev0 for N=10000, sparsity=3, k=100, seed=1729...
      Average Passes: 3.85, Time/Memory: 109.18,9148
Running FIXNM with kLev0 for N=10000, sparsity=3, k=200, seed=1729...
      Average Passes: 3.83, Time/Memory: 108.23,9856
Running FIXNM with kLev0 for N=10000, sparsity=3, k=300, seed=1729...
      Average Passes: 3.9, Time/Memory: 108.55,10660
Running FIXNM with kLev0 for N=10000, sparsity=3, k=400, seed=1729...
      Average Passes: 3.86, Time/Memory: 116.08,10676
Running FIXNM with kLev0 for N=10000, sparsity=3, k=500, seed=1729...
      Average Passes: 3.85, Time/Memory: 105.78,11000
Running FIXNM with kLev0 for N=10000, sparsity=3, k=600, seed=1729...
      Average Passes: 3.9, Time/Memory: 107.80,11540
Running FIXNM with kLev0 for N=10000, sparsity=3, k=700, seed=1729...
      Average Passes: 3.83, Time/Memory: 114.53,12060
Running FIXNM with kLev0 for N=10000, sparsity=3, k=800, seed=1729...
      Average Passes: 3.85, Time/Memory: 105.36,12784
Running FIXNM with kLev0 for N=10000, sparsity=3, k=900, seed=1729...
      Average Passes: 3.81, Time/Memory: 117.32,13292
Running FIXNM with kLev0 for N=10000, sparsity=3, k=1000, seed=1729...
      Average Passes: 3.74, Time/Memory: 105.46,13964
Running FIXNM with kLev0 for N=10000, sparsity=3, k=1500, seed=1729...
      Average Passes: 3.76, Time/Memory: 117.38,16704
Running FIXNM with kLev0 for N=10000, sparsity=3, k=2000, seed=1729...
      Average Passes: 3.84, Time/Memory: 114.25,19216
Running FIXNM with kLev0 for N=10000, sparsity=3, k=2500, seed=1729...
      Average Passes: 3.88, Time/Memory: 109.88,21572
Running FIXNM with kLev0 for N=10000, sparsity=3, k=3000, seed=1729...
      Average Passes: 3.83, Time/Memory: 123.03,23776
Running FIXNM with kLev0 for N=10000, sparsity=3, k=3500, seed=1729...
      Average Passes: 3.88, Time/Memory: 124.36,25964
Running FIXNM with kLev0 for N=10000, sparsity=3, k=4000, seed=1729...
      Average Passes: 3.9, Time/Memory: 112.10,27836
Running FIXNM with kLev0 for N=10000, sparsity=3, k=4500, seed=1729...
      Average Passes: 3.82, Time/Memory: 122.22,29632
Running FIXNM with kLev0 for N=10000, sparsity=3, k=5000, seed=1729...
      Average Passes: 3.0, Time/Memory: 93.14,31132
Running FIXNM with kLev0 for N=10000, sparsity=3, k=6000, seed=1729...
      Average Passes: 3.0, Time/Memory: 94.54,33952
Running FIXNM with kLev0 for N=10000, sparsity=3, k=7000, seed=1729...
      Average Passes: 3.0, Time/Memory: 104.99,36208
Running FIXNM with kLev0 for N=10000, sparsity=3, k=8000, seed=1729...
      Average Passes: 3.0, Time/Memory: 104.33,37784
Running FIXNM with kLev0 for N=10000, sparsity=3, k=9000, seed=1729...
      Average Passes: 3.0, Time/Memory: 101.36,38564
Running FIXNM with kLevN for N=10000, sparsity=3, k=1, seed=1729...
      Average Passes: 2.0, Time/Memory: 68.68,9048
Running FIXNM with kLevN for N=10000, sparsity=3, k=2, seed=1729...
      Average Passes: 2.0, Time/Memory: 65.05,10144
Running FIXNM with kLevN for N=10000, sparsity=3, k=3, seed=1729...
      Average Passes: 1.99, Time/Memory: 66.63,10804
Running FIXNM with kLevN for N=10000, sparsity=3, k=4, seed=1729...
      Average Passes: 1.62, Time/Memory: 58.09,11672
Running FIXNM with kLevN for N=10000, sparsity=3, k=5, seed=1729...
      Average Passes: 1.17, Time/Memory: 46.01,12660
Running FIXNM with kLevN for N=10000, sparsity=3, k=6, seed=1729...
      Average Passes: 1.01, Time/Memory: 44.93,13048
Running FIXNM with kLevN for N=10000, sparsity=3, k=7, seed=1729...
      Average Passes: 1.0, Time/Memory: 45.00,13352
Running FIXNM with kLevN for N=10000, sparsity=3, k=8, seed=1729...
      Average Passes: 1.0, Time/Memory: 44.05,13384
Running FIXNM with kLevN for N=10000, sparsity=3, k=9, seed=1729...
      Average Passes: 1.0, Time/Memory: 43.76,13444
Running FIXNM with kLevN for N=10000, sparsity=3, k=10, seed=1729...
      Average Passes: 1.0, Time/Memory: 39.88,13224
Running FIXNM with kLevN for N=10000, sparsity=3, k=11, seed=1729...
      Average Passes: 1.0, Time/Memory: 44.06,13380
Running FIXNM with kLevN for N=10000, sparsity=3, k=12, seed=1729...
      Average Passes: 1.0, Time/Memory: 42.60,13380
Running FIXNM with kLevN for N=10000, sparsity=3, k=13, seed=1729...
      Average Passes: 1.0, Time/Memory: 43.14,13216
Running FIXNM with kLevN for N=10000, sparsity=3, k=14, seed=1729...
      Average Passes: 1.0, Time/Memory: 44.29,13324
Running FIXNM with kLevN for N=10000, sparsity=3, k=15, seed=1729...
      Average Passes: 1.0, Time/Memory: 42.35,13384
Running FIXNM with kLevN for N=10000, sparsity=3, k=16, seed=1729...
      Average Passes: 1.0, Time/Memory: 39.53,13312
Running FIXNM with kLevN for N=10000, sparsity=3, k=17, seed=1729...
      Average Passes: 1.0, Time/Memory: 42.27,13328
Running FIXNM with kLevN for N=10000, sparsity=3, k=18, seed=1729...
      Average Passes: 1.0, Time/Memory: 43.67,13420
Running FIXNM with kLevN for N=10000, sparsity=3, k=19, seed=1729...
      Average Passes: 1.0, Time/Memory: 40.63,13348
Running FIXNM with kLevN for N=10000, sparsity=3, k=20, seed=1729...
      Average Passes: 1.0, Time/Memory: 44.06,13368
Running FIXNM with kLevN for N=10000, sparsity=3, k=21, seed=1729...
      Average Passes: 1.0, Time/Memory: 43.99,13288
Running FIXNM with kLevN for N=10000, sparsity=3, k=22, seed=1729...
      Average Passes: 1.0, Time/Memory: 44.83,13292
Running FIXNM with kLevN for N=10000, sparsity=3, k=23, seed=1729...
      Average Passes: 1.0, Time/Memory: 44.65,13448
Running FIXNM with kLevN for N=10000, sparsity=3, k=24, seed=1729...
      Average Passes: 1.0, Time/Memory: 44.13,13380
Running FIXNM with kLevN for N=10000, sparsity=3, k=25, seed=1729...
      Average Passes: 1.0, Time/Memory: 44.87,13416
Running FIXNM with kLevN for N=10000, sparsity=3, k=30, seed=1729...
      Average Passes: 1.0, Time/Memory: 44.48,13284
Running FIXNM with kLevN for N=10000, sparsity=3, k=35, seed=1729...
      Average Passes: 1.0, Time/Memory: 43.47,13300
Running FIXNM with kLevN for N=10000, sparsity=3, k=40, seed=1729...
      Average Passes: 1.0, Time/Memory: 41.88,13444
Running FIXNM with kLevN for N=10000, sparsity=3, k=45, seed=1729...
      Average Passes: 1.0, Time/Memory: 42.29,13432
Running FIXNM with kLevN for N=10000, sparsity=3, k=50, seed=1729...
      Average Passes: 1.0, Time/Memory: 44.57,13288
Running FIXNM with kLevN for N=10000, sparsity=3, k=60, seed=1729...
      Average Passes: 1.0, Time/Memory: 44.36,13384
Running FIXNM with kLevN for N=10000, sparsity=3, k=70, seed=1729...
      Average Passes: 1.0, Time/Memory: 41.39,13284
Running FIXNM with kLevN for N=10000, sparsity=3, k=80, seed=1729...
      Average Passes: 1.0, Time/Memory: 43.34,13448
Running FIXNM with kLevN for N=10000, sparsity=3, k=90, seed=1729...
      Average Passes: 1.0, Time/Memory: 43.83,13384
Running FIXNM with kLevN for N=10000, sparsity=3, k=100, seed=1729...
      Average Passes: 1.0, Time/Memory: 24.80,91900
Running FIXNM with kLevN for N=10000, sparsity=3, k=200, seed=1729...
      Average Passes: 1.0, Time/Memory: 24.12,91820
Running FIXNM with kLevN for N=10000, sparsity=3, k=300, seed=1729...
      Average Passes: 1.0, Time/Memory: 20.48,91888
Running FIXNM with kLevN for N=10000, sparsity=3, k=400, seed=1729...
      Average Passes: 1.0, Time/Memory: 22.08,91876
Running FIXNM with kLevN for N=10000, sparsity=3, k=500, seed=1729...
      Average Passes: 1.0, Time/Memory: 20.49,91876
Running FIXNM with kLevN for N=10000, sparsity=3, k=600, seed=1729...
      Average Passes: 1.0, Time/Memory: 21.95,91820
Running FIXNM with kLevN for N=10000, sparsity=3, k=700, seed=1729...
      Average Passes: 1.0, Time/Memory: 19.87,91972
Running FIXNM with kLevN for N=10000, sparsity=3, k=800, seed=1729...
      Average Passes: 1.0, Time/Memory: 21.06,91880
Running FIXNM with kLevN for N=10000, sparsity=3, k=900, seed=1729...
      Average Passes: 1.0, Time/Memory: 23.91,91916
Running FIXNM with kLevN for N=10000, sparsity=3, k=1000, seed=1729...
      Average Passes: 1.0, Time/Memory: 20.05,91880
Running FIXNM with kLevN for N=10000, sparsity=3, k=1500, seed=1729...
      Average Passes: 1.0, Time/Memory: 21.02,91880
Running FIXNM with kLevN for N=10000, sparsity=3, k=2000, seed=1729...
      Average Passes: 1.0, Time/Memory: 20.36,91820
Running FIXNM with kLevN for N=10000, sparsity=3, k=2500, seed=1729...
      Average Passes: 1.0, Time/Memory: 21.24,91876
Running FIXNM with kLevN for N=10000, sparsity=3, k=3000, seed=1729...
      Average Passes: 1.0, Time/Memory: 20.18,91888
Running FIXNM with kLevN for N=10000, sparsity=3, k=3500, seed=1729...
      Average Passes: 1.0, Time/Memory: 21.77,91820
Running FIXNM with kLevN for N=10000, sparsity=3, k=4000, seed=1729...
      Average Passes: 1.0, Time/Memory: 19.84,91788
Running FIXNM with kLevN for N=10000, sparsity=3, k=4500, seed=1729...
      Average Passes: 1.0, Time/Memory: 22.83,91860
Running FIXNM with kLevN for N=10000, sparsity=3, k=5000, seed=1729...
      Average Passes: 1.0, Time/Memory: 24.16,91968
Running FIXNM with kLevN for N=10000, sparsity=3, k=6000, seed=1729...
      Average Passes: 1.0, Time/Memory: 20.12,91788
Running FIXNM with kLevN for N=10000, sparsity=3, k=7000, seed=1729...
      Average Passes: 1.0, Time/Memory: 20.76,91872
Running FIXNM with kLevN for N=10000, sparsity=3, k=8000, seed=1729...
      Average Passes: 1.0, Time/Memory: 20.40,91860
Running FIXNM with kLevN for N=10000, sparsity=3, k=9000, seed=1729...
      Average Passes: 1.0, Time/Memory: 24.46,91968
