Graph already exists at: ./input/random_graphs/graph_1000_499500_POWLAW_6230961512046992311.txt
Graph already exists at: ./input/random_graphs/graph_1000_499500_POWLAW_7871178979383552919.txt
Graph already exists at: ./input/random_graphs/graph_1000_499500_POWLAW_5739955973604961613.txt
Graph already exists at: ./input/random_graphs/graph_1000_499500_POWLAW_3881801951614183357.txt
Graph already exists at: ./input/random_graphs/graph_1000_499500_POWLAW_7032710160631691991.txt
Graph already exists at: ./input/random_graphs/graph_1000_499500_POWLAW_7599700178212337699.txt
Graph already exists at: ./input/random_graphs/graph_1000_499500_POWLAW_1353182403971399009.txt
Graph already exists at: ./input/random_graphs/graph_1000_499500_POWLAW_1070244953599069350.txt
Graph already exists at: ./input/random_graphs/graph_1000_499500_POWLAW_6522163754831416203.txt
Graph already exists at: ./input/random_graphs/graph_1000_499500_POWLAW_6938562734920028532.txt
Running VARK with 10 iterations, for N = 10,00 and sparsity code 4 for k from 1 to N and seed token 1729
Generating 10 graph(s) with N=1000, sparsity=4, seed=1729...
Running FIXNM with kPath0 for N=1000, sparsity=4, k=1, seed=1729...
      Average Passes: 68.6, Time/Memory: 84.60,3128
Running FIXNM with kPath0 for N=1000, sparsity=4, k=2, seed=1729...
      Average Passes: 32.6, Time/Memory: 39.75,4172
Running FIXNM with kPath0 for N=1000, sparsity=4, k=3, seed=1729...
      Average Passes: 23.0, Time/Memory: 28.37,3108
Running FIXNM with kPath0 for N=1000, sparsity=4, k=4, seed=1729...
      Average Passes: 18.5, Time/Memory: 23.11,4188
Running FIXNM with kPath0 for N=1000, sparsity=4, k=5, seed=1729...
      Average Passes: 16.0, Time/Memory: 19.92,3140
Running FIXNM with kPath0 for N=1000, sparsity=4, k=6, seed=1729...
      Average Passes: 14.0, Time/Memory: 17.69,5180
Running FIXNM with kPath0 for N=1000, sparsity=4, k=7, seed=1729...
      Average Passes: 12.9, Time/Memory: 16.08,4160
Running FIXNM with kPath0 for N=1000, sparsity=4, k=8, seed=1729...
      Average Passes: 12.0, Time/Memory: 14.87,5212
Running FIXNM with kPath0 for N=1000, sparsity=4, k=9, seed=1729...
      Average Passes: 11.0, Time/Memory: 13.44,5172
Running FIXNM with kPath0 for N=1000, sparsity=4, k=10, seed=1729...
      Average Passes: 10.4, Time/Memory: 13.04,4132
Running FIXNM with kPath0 for N=1000, sparsity=4, k=12, seed=1729...
      Average Passes: 9.4, Time/Memory: 11.64,5204
Running FIXNM with kPath0 for N=1000, sparsity=4, k=14, seed=1729...
      Average Passes: 8.6, Time/Memory: 10.69,5212
Running FIXNM with kPath0 for N=1000, sparsity=4, k=16, seed=1729...
      Average Passes: 8.0, Time/Memory: 9.96,5156
Running FIXNM with kPath0 for N=1000, sparsity=4, k=18, seed=1729...
      Average Passes: 7.7, Time/Memory: 9.72,5176
Running FIXNM with kPath0 for N=1000, sparsity=4, k=20, seed=1729...
      Average Passes: 7.2, Time/Memory: 9.16,5216
Running FIXNM with kPath0 for N=1000, sparsity=4, k=25, seed=1729...
      Average Passes: 6.3, Time/Memory: 8.02,5236
Running FIXNM with kPath0 for N=1000, sparsity=4, k=30, seed=1729...
      Average Passes: 6.1, Time/Memory: 7.81,7224
Running FIXNM with kPath0 for N=1000, sparsity=4, k=35, seed=1729...
      Average Passes: 5.8, Time/Memory: 7.46,7220
Running FIXNM with kPath0 for N=1000, sparsity=4, k=40, seed=1729...
      Average Passes: 5.3, Time/Memory: 6.85,7268
Running FIXNM with kPath0 for N=1000, sparsity=4, k=50, seed=1729...
      Average Passes: 4.8, Time/Memory: 6.28,9276
Running FIXNM with kPath0 for N=1000, sparsity=4, k=75, seed=1729...
      Average Passes: 3.9, Time/Memory: 4.97,11340
Running FIXNM with kPath0 for N=1000, sparsity=4, k=100, seed=1729...
      Average Passes: 3.4, Time/Memory: 4.50,12408
Running FIXNM with kPath0 for N=1000, sparsity=4, k=250, seed=1729...
      Average Passes: 3.0, Time/Memory: 4.63,26748
Running FIXNM with kPath0 for N=1000, sparsity=4, k=500, seed=1729...
      Average Passes: 2.0, Time/Memory: 5.10,51296
Running FIXNM with kPath0 for N=1000, sparsity=4, k=750, seed=1729...
      Average Passes: 2.0, Time/Memory: 5.12,51284
Running FIXNM with kPath0 for N=1000, sparsity=4, k=1000, seed=1729...
      Average Passes: 2.0, Time/Memory: 5.10,51288
Running FIXNM with kPath0 for N=1000, sparsity=4, k=2500, seed=1729...
      Average Passes: 2.0, Time/Memory: 5.13,50256
Running FIXNM with kPath0 for N=1000, sparsity=4, k=5000, seed=1729...
      Average Passes: 2.0, Time/Memory: 5.10,51256
Running FIXNM with kPath0 for N=1000, sparsity=4, k=7500, seed=1729...
      Average Passes: 2.0, Time/Memory: 5.11,50256
Running FIXNM with kPath0 for N=1000, sparsity=4, k=10000, seed=1729...
      Average Passes: 2.0, Time/Memory: 5.09,51260
Running FIXNM with kPathN for N=1000, sparsity=4, k=1, seed=1729...
      Average Passes: 40.8, Time/Memory: 52.54,3168
Running FIXNM with kPathN for N=1000, sparsity=4, k=2, seed=1729...
      Average Passes: 16.8, Time/Memory: 22.93,3108
Running FIXNM with kPathN for N=1000, sparsity=4, k=3, seed=1729...
      Average Passes: 13.1, Time/Memory: 17.95,3108
Running FIXNM with kPathN for N=1000, sparsity=4, k=4, seed=1729...
      Average Passes: 10.7, Time/Memory: 14.03,4132
Running FIXNM with kPathN for N=1000, sparsity=4, k=5, seed=1729...
      Average Passes: 9.5, Time/Memory: 12.78,5212
Running FIXNM with kPathN for N=1000, sparsity=4, k=6, seed=1729...
      Average Passes: 8.5, Time/Memory: 11.29,5180
Running FIXNM with kPathN for N=1000, sparsity=4, k=7, seed=1729...
      Average Passes: 8.0, Time/Memory: 10.73,4168
Running FIXNM with kPathN for N=1000, sparsity=4, k=8, seed=1729...
      Average Passes: 7.2, Time/Memory: 9.53,5196
Running FIXNM with kPathN for N=1000, sparsity=4, k=9, seed=1729...
      Average Passes: 7.1, Time/Memory: 9.52,4132
Running FIXNM with kPathN for N=1000, sparsity=4, k=10, seed=1729...
      Average Passes: 6.3, Time/Memory: 8.65,4132
Running FIXNM with kPathN for N=1000, sparsity=4, k=12, seed=1729...
      Average Passes: 5.9, Time/Memory: 8.04,5216
Running FIXNM with kPathN for N=1000, sparsity=4, k=14, seed=1729...
      Average Passes: 5.4, Time/Memory: 7.57,4200
Running FIXNM with kPathN for N=1000, sparsity=4, k=16, seed=1729...
      Average Passes: 5.3, Time/Memory: 7.16,5236
Running FIXNM with kPathN for N=1000, sparsity=4, k=18, seed=1729...
      Average Passes: 4.8, Time/Memory: 6.54,5184
Running FIXNM with kPathN for N=1000, sparsity=4, k=20, seed=1729...
      Average Passes: 4.4, Time/Memory: 6.15,5156
Running FIXNM with kPathN for N=1000, sparsity=4, k=25, seed=1729...
      Average Passes: 4.3, Time/Memory: 6.06,5208
Running FIXNM with kPathN for N=1000, sparsity=4, k=30, seed=1729...
      Average Passes: 3.4, Time/Memory: 4.80,6248
Running FIXNM with kPathN for N=1000, sparsity=4, k=35, seed=1729...
      Average Passes: 3.4, Time/Memory: 4.76,6208
Running FIXNM with kPathN for N=1000, sparsity=4, k=40, seed=1729...
      Average Passes: 3.4, Time/Memory: 4.74,7292
Running FIXNM with kPathN for N=1000, sparsity=4, k=50, seed=1729...
      Average Passes: 3.3, Time/Memory: 4.72,9272
Running FIXNM with kPathN for N=1000, sparsity=4, k=75, seed=1729...
      Average Passes: 2.4, Time/Memory: 3.41,10300
Running FIXNM with kPathN for N=1000, sparsity=4, k=100, seed=1729...
      Average Passes: 2.4, Time/Memory: 3.60,13368
Running FIXNM with kPathN for N=1000, sparsity=4, k=250, seed=1729...
      Average Passes: 1.9, Time/Memory: 3.47,26656
Running FIXNM with kPathN for N=1000, sparsity=4, k=500, seed=1729...
      Average Passes: 1.0, Time/Memory: 1.32,12712
Running FIXNM with kPathN for N=1000, sparsity=4, k=750, seed=1729...
      Average Passes: 1.0, Time/Memory: 1.30,12760
Running FIXNM with kPathN for N=1000, sparsity=4, k=1000, seed=1729...
      Average Passes: 1.0, Time/Memory: 1.33,12904
Running FIXNM with kPathN for N=1000, sparsity=4, k=2500, seed=1729...
      Average Passes: 1.0, Time/Memory: 1.35,12792
Running FIXNM with kPathN for N=1000, sparsity=4, k=5000, seed=1729...
      Average Passes: 1.0, Time/Memory: 1.28,12644
Running FIXNM with kPathN for N=1000, sparsity=4, k=7500, seed=1729...
      Average Passes: 1.0, Time/Memory: 1.31,12860
Running FIXNM with kPathN for N=1000, sparsity=4, k=10000, seed=1729...
      Average Passes: 1.0, Time/Memory: 1.34,12656
Running FIXNM with kLev0 for N=1000, sparsity=4, k=1, seed=1729...
      Average Passes: 3.0, Time/Memory: 5.70,3128
Running FIXNM with kLev0 for N=1000, sparsity=4, k=2, seed=1729...
      Average Passes: 3.0, Time/Memory: 5.57,3108
Running FIXNM with kLev0 for N=1000, sparsity=4, k=3, seed=1729...
      Average Passes: 3.0, Time/Memory: 5.62,4156
Running FIXNM with kLev0 for N=1000, sparsity=4, k=4, seed=1729...
      Average Passes: 3.0, Time/Memory: 5.71,4152
Running FIXNM with kLev0 for N=1000, sparsity=4, k=5, seed=1729...
      Average Passes: 3.0, Time/Memory: 5.52,4176
Running FIXNM with kLev0 for N=1000, sparsity=4, k=6, seed=1729...
      Average Passes: 3.0, Time/Memory: 5.57,4172
Running FIXNM with kLev0 for N=1000, sparsity=4, k=7, seed=1729...
      Average Passes: 3.0, Time/Memory: 5.66,4152
Running FIXNM with kLev0 for N=1000, sparsity=4, k=8, seed=1729...
      Average Passes: 3.0, Time/Memory: 5.63,3124
Running FIXNM with kLev0 for N=1000, sparsity=4, k=9, seed=1729...
      Average Passes: 3.0, Time/Memory: 5.50,4184
Running FIXNM with kLev0 for N=1000, sparsity=4, k=10, seed=1729...
      Average Passes: 3.0, Time/Memory: 5.51,3180
Running FIXNM with kLev0 for N=1000, sparsity=4, k=12, seed=1729...
      Average Passes: 3.0, Time/Memory: 5.49,5156
Running FIXNM with kLev0 for N=1000, sparsity=4, k=14, seed=1729...
      Average Passes: 3.0, Time/Memory: 5.63,5216
Running FIXNM with kLev0 for N=1000, sparsity=4, k=16, seed=1729...
      Average Passes: 3.0, Time/Memory: 5.59,4148
Running FIXNM with kLev0 for N=1000, sparsity=4, k=18, seed=1729...
      Average Passes: 3.0, Time/Memory: 5.67,4180
Running FIXNM with kLev0 for N=1000, sparsity=4, k=20, seed=1729...
      Average Passes: 3.0, Time/Memory: 5.61,5180
Running FIXNM with kLev0 for N=1000, sparsity=4, k=25, seed=1729...
      Average Passes: 3.0, Time/Memory: 5.70,4196
Running FIXNM with kLev0 for N=1000, sparsity=4, k=30, seed=1729...
      Average Passes: 3.0, Time/Memory: 5.62,4184
Running FIXNM with kLev0 for N=1000, sparsity=4, k=35, seed=1729...
      Average Passes: 3.0, Time/Memory: 5.58,5200
Running FIXNM with kLev0 for N=1000, sparsity=4, k=40, seed=1729...
      Average Passes: 3.0, Time/Memory: 5.67,4188
Running FIXNM with kLev0 for N=1000, sparsity=4, k=50, seed=1729...
      Average Passes: 3.0, Time/Memory: 5.61,5168
Running FIXNM with kLev0 for N=1000, sparsity=4, k=75, seed=1729...
      Average Passes: 3.0, Time/Memory: 5.62,6204
Running FIXNM with kLev0 for N=1000, sparsity=4, k=100, seed=1729...
      Average Passes: 3.0, Time/Memory: 5.59,7224
Running FIXNM with kLev0 for N=1000, sparsity=4, k=250, seed=1729...
      Average Passes: 3.0, Time/Memory: 5.57,10292
Running FIXNM with kLev0 for N=1000, sparsity=4, k=500, seed=1729...
      Average Passes: 3.0, Time/Memory: 5.58,15484
Running FIXNM with kLev0 for N=1000, sparsity=4, k=750, seed=1729...
      Average Passes: 3.0, Time/Memory: 5.50,17444
Running FIXNM with kLev0 for N=1000, sparsity=4, k=1000, seed=1729...
      Average Passes: 2.0, Time/Memory: 4.03,18508
Running FIXNM with kLev0 for N=1000, sparsity=4, k=2500, seed=1729...
      Average Passes: 2.0, Time/Memory: 4.11,19492
Running FIXNM with kLev0 for N=1000, sparsity=4, k=5000, seed=1729...
      Average Passes: 2.0, Time/Memory: 4.10,18496
Running FIXNM with kLev0 for N=1000, sparsity=4, k=7500, seed=1729...
      Average Passes: 2.0, Time/Memory: 4.04,18540
Running FIXNM with kLev0 for N=1000, sparsity=4, k=10000, seed=1729...
      Average Passes: 2.0, Time/Memory: 4.04,18488
Running FIXNM with kLevN for N=1000, sparsity=4, k=1, seed=1729...
      Average Passes: 2.0, Time/Memory: 4.40,4168
Running FIXNM with kLevN for N=1000, sparsity=4, k=2, seed=1729...
      Average Passes: 2.0, Time/Memory: 4.36,4172
Running FIXNM with kLevN for N=1000, sparsity=4, k=3, seed=1729...
      Average Passes: 2.0, Time/Memory: 4.38,3140
Running FIXNM with kLevN for N=1000, sparsity=4, k=4, seed=1729...
      Average Passes: 2.0, Time/Memory: 4.33,5204
Running FIXNM with kLevN for N=1000, sparsity=4, k=5, seed=1729...
      Average Passes: 2.0, Time/Memory: 4.31,5216
Running FIXNM with kLevN for N=1000, sparsity=4, k=6, seed=1729...
      Average Passes: 2.0, Time/Memory: 4.39,5196
Running FIXNM with kLevN for N=1000, sparsity=4, k=7, seed=1729...
      Average Passes: 2.0, Time/Memory: 4.31,5160
Running FIXNM with kLevN for N=1000, sparsity=4, k=8, seed=1729...
      Average Passes: 2.0, Time/Memory: 4.29,5176
Running FIXNM with kLevN for N=1000, sparsity=4, k=9, seed=1729...
      Average Passes: 2.0, Time/Memory: 4.32,4152
Running FIXNM with kLevN for N=1000, sparsity=4, k=10, seed=1729...
      Average Passes: 2.0, Time/Memory: 4.27,4132
Running FIXNM with kLevN for N=1000, sparsity=4, k=12, seed=1729...
      Average Passes: 2.0, Time/Memory: 4.39,4180
Running FIXNM with kLevN for N=1000, sparsity=4, k=14, seed=1729...
      Average Passes: 2.0, Time/Memory: 4.42,4212
Running FIXNM with kLevN for N=1000, sparsity=4, k=16, seed=1729...
      Average Passes: 2.0, Time/Memory: 4.35,6200
Running FIXNM with kLevN for N=1000, sparsity=4, k=18, seed=1729...
      Average Passes: 2.0, Time/Memory: 4.42,5164
Running FIXNM with kLevN for N=1000, sparsity=4, k=20, seed=1729...
      Average Passes: 2.0, Time/Memory: 4.35,5172
Running FIXNM with kLevN for N=1000, sparsity=4, k=25, seed=1729...
      Average Passes: 1.9, Time/Memory: 4.20,5192
Running FIXNM with kLevN for N=1000, sparsity=4, k=30, seed=1729...
      Average Passes: 1.8, Time/Memory: 4.08,6200
Running FIXNM with kLevN for N=1000, sparsity=4, k=35, seed=1729...
      Average Passes: 1.8, Time/Memory: 4.00,7244
Running FIXNM with kLevN for N=1000, sparsity=4, k=40, seed=1729...
      Average Passes: 1.6, Time/Memory: 3.70,7276
Running FIXNM with kLevN for N=1000, sparsity=4, k=50, seed=1729...
      Average Passes: 1.6, Time/Memory: 3.66,9288
Running FIXNM with kLevN for N=1000, sparsity=4, k=75, seed=1729...
      Average Passes: 1.5, Time/Memory: 3.67,10320
Running FIXNM with kLevN for N=1000, sparsity=4, k=100, seed=1729...
      Average Passes: 1.4, Time/Memory: 3.68,12320
Running FIXNM with kLevN for N=1000, sparsity=4, k=250, seed=1729...
      Average Passes: 1.4, Time/Memory: 4.29,26852
Running FIXNM with kLevN for N=1000, sparsity=4, k=500, seed=1729...
      Average Passes: 1.0, Time/Memory: 1.28,12952
Running FIXNM with kLevN for N=1000, sparsity=4, k=750, seed=1729...
      Average Passes: 1.0, Time/Memory: 1.25,12460
Running FIXNM with kLevN for N=1000, sparsity=4, k=1000, seed=1729...
      Average Passes: 1.0, Time/Memory: 1.27,13048
Running FIXNM with kLevN for N=1000, sparsity=4, k=2500, seed=1729...
      Average Passes: 1.0, Time/Memory: 1.32,12916
Running FIXNM with kLevN for N=1000, sparsity=4, k=5000, seed=1729...
      Average Passes: 1.0, Time/Memory: 1.30,12876
Running FIXNM with kLevN for N=1000, sparsity=4, k=7500, seed=1729...
      Average Passes: 1.0, Time/Memory: 1.29,12872
Running FIXNM with kLevN for N=1000, sparsity=4, k=10000, seed=1729...
      Average Passes: 1.0, Time/Memory: 1.32,13072
