Graph already exists at: ./input/random_graphs/graph_10000_49995000_UNIFORM_6230961512046992311.txt
Running VARK with 1 iterations, for N = 10,000 and sparsity code 4 for k from 1 to N and seed token 1729
Generating 1 graph(s) with N=10000, sparsity=4, seed=1729...
Running FIXNM with kPath0 for N=10000, sparsity=4, k=1, seed=1729...
      Average Passes: 158.0, Time/Memory: 2302.73,6144
Running FIXNM with kPath0 for N=10000, sparsity=4, k=2, seed=1729...
      Average Passes: 20.0, Time/Memory: 288.89,7168
Running FIXNM with kPath0 for N=10000, sparsity=4, k=3, seed=1729...
      Average Passes: 9.0, Time/Memory: 131.06,8192
Running FIXNM with kPath0 for N=10000, sparsity=4, k=4, seed=1729...
      Average Passes: 8.0, Time/Memory: 109.93,9216
Running FIXNM with kPath0 for N=10000, sparsity=4, k=5, seed=1729...
      Average Passes: 6.0, Time/Memory: 86.42,10240
Running FIXNM with kPath0 for N=10000, sparsity=4, k=6, seed=1729...
      Average Passes: 6.0, Time/Memory: 86.46,12288
Running FIXNM with kPath0 for N=10000, sparsity=4, k=7, seed=1729...
      Average Passes: 5.0, Time/Memory: 70.55,13312
Running FIXNM with kPath0 for N=10000, sparsity=4, k=8, seed=1729...
      Average Passes: 5.0, Time/Memory: 72.35,14336
Running FIXNM with kPath0 for N=10000, sparsity=4, k=9, seed=1729...
      Average Passes: 5.0, Time/Memory: 71.46,15360
Running FIXNM with kPath0 for N=10000, sparsity=4, k=10, seed=1729...
      Average Passes: 5.0, Time/Memory: 72.16,15360
Running FIXNM with kPath0 for N=10000, sparsity=4, k=11, seed=1729...
      Average Passes: 5.0, Time/Memory: 71.51,16384
Running FIXNM with kPath0 for N=10000, sparsity=4, k=12, seed=1729...
      Average Passes: 5.0, Time/Memory: 72.66,17408
Running FIXNM with kPath0 for N=10000, sparsity=4, k=13, seed=1729...
      Average Passes: 4.0, Time/Memory: 57.62,18432
Running FIXNM with kPath0 for N=10000, sparsity=4, k=14, seed=1729...
      Average Passes: 4.0, Time/Memory: 58.02,19456
Running FIXNM with kPath0 for N=10000, sparsity=4, k=15, seed=1729...
      Average Passes: 4.0, Time/Memory: 55.43,20480
Running FIXNM with kPath0 for N=10000, sparsity=4, k=20, seed=1729...
      Average Passes: 4.0, Time/Memory: 57.70,25600
Running FIXNM with kPath0 for N=10000, sparsity=4, k=25, seed=1729...
      Average Passes: 4.0, Time/Memory: 58.08,29696
Running FIXNM with kPath0 for N=10000, sparsity=4, k=30, seed=1729...
      Average Passes: 4.0, Time/Memory: 58.09,34816
Running FIXNM with kPath0 for N=10000, sparsity=4, k=35, seed=1729...
      Average Passes: 4.0, Time/Memory: 58.56,38912
Running FIXNM with kPath0 for N=10000, sparsity=4, k=40, seed=1729...
      Average Passes: 4.0, Time/Memory: 58.56,44032
Running FIXNM with kPath0 for N=10000, sparsity=4, k=45, seed=1729...
      Average Passes: 4.0, Time/Memory: 56.90,49152
Running FIXNM with kPath0 for N=10000, sparsity=4, k=50, seed=1729...
      Average Passes: 4.0, Time/Memory: 58.89,53248
Running FIXNM with kPath0 for N=10000, sparsity=4, k=60, seed=1729...
      Average Passes: 3.0, Time/Memory: 41.93,62464
Running FIXNM with kPath0 for N=10000, sparsity=4, k=70, seed=1729...
      Average Passes: 3.0, Time/Memory: 45.09,71680
Running FIXNM with kPath0 for N=10000, sparsity=4, k=80, seed=1729...
      Average Passes: 3.0, Time/Memory: 45.14,81920
Running FIXNM with kPath0 for N=10000, sparsity=4, k=90, seed=1729...
      Average Passes: 3.0, Time/Memory: 44.99,91136
Running FIXNM with kPath0 for N=10000, sparsity=4, k=100, seed=1729...
      Average Passes: 3.0, Time/Memory: 44.03,100352
Running FIXNM with kPath0 for N=10000, sparsity=4, k=150, seed=1729...
      Average Passes: 3.0, Time/Memory: 45.21,147456
Running FIXNM with kPath0 for N=10000, sparsity=4, k=200, seed=1729...
      Average Passes: 3.0, Time/Memory: 44.63,193536
Running FIXNM with kPath0 for N=10000, sparsity=4, k=250, seed=1729...
      Average Passes: 3.0, Time/Memory: 45.08,240640
Running FIXNM with kPath0 for N=10000, sparsity=4, k=300, seed=1729...
      Average Passes: 3.0, Time/Memory: 46.01,287744
Running FIXNM with kPath0 for N=10000, sparsity=4, k=400, seed=1729...
      Average Passes: 3.0, Time/Memory: 47.39,381952
Running FIXNM with kPath0 for N=10000, sparsity=4, k=500, seed=1729...
      Average Passes: 3.0, Time/Memory: 48.69,475136
Running FIXNM with kPath0 for N=10000, sparsity=4, k=750, seed=1729...
      Average Passes: 3.0, Time/Memory: 51.23,709632
Running FIXNM with kPath0 for N=10000, sparsity=4, k=1000, seed=1729...
      Average Passes: 3.0, Time/Memory: 51.37,944128
Running FIXNM with kPath0 for N=10000, sparsity=4, k=1500, seed=1729...
      Average Passes: 3.0, Time/Memory: 59.36,1413120
Running FIXNM with kPath0 for N=10000, sparsity=4, k=2000, seed=1729...
      Average Passes: 3.0, Time/Memory: 63.37,1881088
Running FIXNM with kPath0 for N=10000, sparsity=4, k=2500, seed=1729...
      Average Passes: 3.0, Time/Memory: 73.14,2350080
Running FIXNM with kPath0 for N=10000, sparsity=4, k=3000, seed=1729...
      Average Passes: 3.0, Time/Memory: 74.81,2819072
Running FIXNM with kPath0 for N=10000, sparsity=4, k=4000, seed=1729...
      Average Passes: 3.0, Time/Memory: 88.39,3756032
Running FIXNM with kPath0 for N=10000, sparsity=4, k=5000, seed=1729...
      Average Passes: 2.0, Time/Memory: 87.16,4694016
Running FIXNM with kPath0 for N=10000, sparsity=4, k=7500, seed=1729...
      Average Passes: 2.0, Time/Memory: 86.10,4694016
Running FIXNM with kPath0 for N=10000, sparsity=4, k=10000, seed=1729...
      Average Passes: 2.0, Time/Memory: 85.59,4694016
Running FIXNM with kPathN for N=10000, sparsity=4, k=1, seed=1729...
      Average Passes: 47.0, Time/Memory: 666.79,7168
Running FIXNM with kPathN for N=10000, sparsity=4, k=2, seed=1729...
      Average Passes: 4.0, Time/Memory: 56.78,8192
Running FIXNM with kPathN for N=10000, sparsity=4, k=3, seed=1729...
      Average Passes: 4.0, Time/Memory: 57.93,9216
Running FIXNM with kPathN for N=10000, sparsity=4, k=4, seed=1729...
      Average Passes: 3.0, Time/Memory: 42.13,10240
Running FIXNM with kPathN for N=10000, sparsity=4, k=5, seed=1729...
      Average Passes: 3.0, Time/Memory: 42.37,11264
Running FIXNM with kPathN for N=10000, sparsity=4, k=6, seed=1729...
      Average Passes: 3.0, Time/Memory: 43.36,12288
Running FIXNM with kPathN for N=10000, sparsity=4, k=7, seed=1729...
      Average Passes: 3.0, Time/Memory: 42.08,13312
Running FIXNM with kPathN for N=10000, sparsity=4, k=8, seed=1729...
      Average Passes: 3.0, Time/Memory: 42.12,14336
Running FIXNM with kPathN for N=10000, sparsity=4, k=9, seed=1729...
      Average Passes: 3.0, Time/Memory: 42.31,14336
Running FIXNM with kPathN for N=10000, sparsity=4, k=10, seed=1729...
      Average Passes: 3.0, Time/Memory: 44.30,15360
Running FIXNM with kPathN for N=10000, sparsity=4, k=11, seed=1729...
      Average Passes: 3.0, Time/Memory: 43.50,16384
Running FIXNM with kPathN for N=10000, sparsity=4, k=12, seed=1729...
      Average Passes: 3.0, Time/Memory: 42.17,17408
Running FIXNM with kPathN for N=10000, sparsity=4, k=13, seed=1729...
      Average Passes: 3.0, Time/Memory: 43.38,18432
Running FIXNM with kPathN for N=10000, sparsity=4, k=14, seed=1729...
      Average Passes: 2.0, Time/Memory: 29.92,19456
Running FIXNM with kPathN for N=10000, sparsity=4, k=15, seed=1729...
      Average Passes: 2.0, Time/Memory: 28.30,20480
Running FIXNM with kPathN for N=10000, sparsity=4, k=20, seed=1729...
      Average Passes: 2.0, Time/Memory: 28.09,25600
Running FIXNM with kPathN for N=10000, sparsity=4, k=25, seed=1729...
      Average Passes: 2.0, Time/Memory: 29.11,29696
Running FIXNM with kPathN for N=10000, sparsity=4, k=30, seed=1729...
      Average Passes: 2.0, Time/Memory: 28.94,34816
Running FIXNM with kPathN for N=10000, sparsity=4, k=35, seed=1729...
      Average Passes: 2.0, Time/Memory: 29.48,38912
Running FIXNM with kPathN for N=10000, sparsity=4, k=40, seed=1729...
      Average Passes: 2.0, Time/Memory: 29.23,44032
Running FIXNM with kPathN for N=10000, sparsity=4, k=45, seed=1729...
      Average Passes: 2.0, Time/Memory: 29.29,48128
Running FIXNM with kPathN for N=10000, sparsity=4, k=50, seed=1729...
      Average Passes: 2.0, Time/Memory: 28.25,53248
