Processing graphs for 1 (n,m) pairs with 100 iterations each
Total graphs to process: 100
Using 30 parallel processes
Graph type: UNIFORM
Sparsity: 4
HDD cache location: /home/hdd/Projects/ExpDFS
Working directory: /home/shahbazk/Projects/DFS_Semi_Streaming/input/random_graphs
Validation failures will be logged to: /home/hdd/Projects/ExpDFS/validation_failures.log

⏭ ALREADY_EXISTS in working dir: /home/shahbazk/Projects/DFS_Semi_Streaming/input/random_graphs/graph_10000_49995000_UNIFORM_1353182403971399009.txt
⏭ ALREADY_EXISTS in working dir: /home/shahbazk/Projects/DFS_Semi_Streaming/input/random_graphs/graph_10000_49995000_UNIFORM_5906957480796939447.txt
⏭ ALREADY_EXISTS in working dir: /home/shahbazk/Projects/DFS_Semi_Streaming/input/random_graphs/graph_10000_49995000_UNIFORM_320375091487821987.txt
⏭ ALREADY_EXISTS in working dir: /home/shahbazk/Projects/DFS_Semi_Streaming/input/random_graphs/graph_10000_49995000_UNIFORM_1070244953599069350.txt
⏭ ALREADY_EXISTS in working dir: /home/shahbazk/Projects/DFS_Semi_Streaming/input/random_graphs/graph_10000_49995000_UNIFORM_6938562734920028532.txt
⏭ ALREADY_EXISTS in working dir: /home/shahbazk/Projects/DFS_Semi_Streaming/input/random_graphs/graph_10000_49995000_UNIFORM_7871178979383552919.txt
⏭ ALREADY_EXISTS in working dir: /home/shahbazk/Projects/DFS_Semi_Streaming/input/random_graphs/graph_10000_49995000_UNIFORM_7146860528564146064.txt
⏭ ALREADY_EXISTS in working dir: /home/shahbazk/Projects/DFS_Semi_Streaming/input/random_graphs/graph_10000_49995000_UNIFORM_3010622984418968408.txt
⏭ ALREADY_EXISTS in working dir: /home/shahbazk/Projects/DFS_Semi_Streaming/input/random_graphs/graph_10000_49995000_UNIFORM_1853590723603270879.txt
⏭ ALREADY_EXISTS in working dir: /home/shahbazk/Projects/DFS_Semi_Streaming/input/random_graphs/graph_10000_49995000_UNIFORM_6522163754831416203.txt
⏭ ALREADY_EXISTS in working dir: /home/shahbazk/Projects/DFS_Semi_Streaming/input/random_graphs/graph_10000_49995000_UNIFORM_3438400432146115956.txt
⏭ ALREADY_EXISTS in working dir: /home/shahbazk/Projects/DFS_Semi_Streaming/input/random_graphs/graph_10000_49995000_UNIFORM_1250773459040295677.txt
⏭ ALREADY_EXISTS in working dir: /home/shahbazk/Projects/DFS_Semi_Streaming/input/random_graphs/graph_10000_49995000_UNIFORM_6002685213311538187.txt
⏭ ALREADY_EXISTS in working dir: /home/shahbazk/Projects/DFS_Semi_Streaming/input/random_graphs/graph_10000_49995000_UNIFORM_521787134863155063.txt
⏭ ALREADY_EXISTS in working dir: /home/shahbazk/Projects/DFS_Semi_Streaming/input/random_graphs/graph_10000_49995000_UNIFORM_5139481885857321791.txt
⏭ ALREADY_EXISTS in working dir: /home/shahbazk/Projects/DFS_Semi_Streaming/input/random_graphs/graph_10000_49995000_UNIFORM_1250005700364523649.txt
⏭ ALREADY_EXISTS in working dir: /home/shahbazk/Projects/DFS_Semi_Streaming/input/random_graphs/graph_10000_49995000_UNIFORM_1309542850049879452.txt
⏭ ALREADY_EXISTS in working dir: /home/shahbazk/Projects/DFS_Semi_Streaming/input/random_graphs/graph_10000_49995000_UNIFORM_2429002973740178792.txt
⏭ ALREADY_EXISTS in working dir: /home/shahbazk/Projects/DFS_Semi_Streaming/input/random_graphs/graph_10000_49995000_UNIFORM_5739955973604961613.txt
⏭ ALREADY_EXISTS in working dir: /home/shahbazk/Projects/DFS_Semi_Streaming/input/random_graphs/graph_10000_49995000_UNIFORM_7599700178212337699.txt
⏭ ALREADY_EXISTS in working dir: /home/shahbazk/Projects/DFS_Semi_Streaming/input/random_graphs/graph_10000_49995000_UNIFORM_7032710160631691991.txt
⏭ ALREADY_EXISTS in working dir: /home/shahbazk/Projects/DFS_Semi_Streaming/input/random_graphs/graph_10000_49995000_UNIFORM_6230961512046992311.txt
⏭ ALREADY_EXISTS in working dir: /home/shahbazk/Projects/DFS_Semi_Streaming/input/random_graphs/graph_10000_49995000_UNIFORM_7473196763798409428.txt
⏭ ALREADY_EXISTS in working dir: /home/shahbazk/Projects/DFS_Semi_Streaming/input/random_graphs/graph_10000_49995000_UNIFORM_5142811650494845597.txt
⏭ ALREADY_EXISTS in working dir: /home/shahbazk/Projects/DFS_Semi_Streaming/input/random_graphs/graph_10000_49995000_UNIFORM_7029781962072644698.txt
⏭ ALREADY_EXISTS in working dir: /home/shahbazk/Projects/DFS_Semi_Streaming/input/random_graphs/graph_10000_49995000_UNIFORM_4040737767143389431.txt
⏭ ALREADY_EXISTS in working dir: /home/shahbazk/Projects/DFS_Semi_Streaming/input/random_graphs/graph_10000_49995000_UNIFORM_3881801951614183357.txt
⏭ ALREADY_EXISTS in working dir: /home/shahbazk/Projects/DFS_Semi_Streaming/input/random_graphs/graph_10000_49995000_UNIFORM_7663871783842725848.txt
⏭ ALREADY_EXISTS in working dir: /home/shahbazk/Projects/DFS_Semi_Streaming/input/random_graphs/graph_10000_49995000_UNIFORM_1731523882129807996.txt
⏭ ALREADY_EXISTS in working dir: /home/shahbazk/Projects/DFS_Semi_Streaming/input/random_graphs/graph_10000_49995000_UNIFORM_5708372698381010775.txt
⏭ ALREADY_EXISTS in working dir: /home/shahbazk/Projects/DFS_Semi_Streaming/input/random_graphs/graph_10000_49995000_UNIFORM_1024517563182776983.txt
⏭ ALREADY_EXISTS in working dir: /home/shahbazk/Projects/DFS_Semi_Streaming/input/random_graphs/graph_10000_49995000_UNIFORM_3224265581699847191.txt
⏭ ALREADY_EXISTS in working dir: /home/shahbazk/Projects/DFS_Semi_Streaming/input/random_graphs/graph_10000_49995000_UNIFORM_6802378520969450157.txt
⏭ ALREADY_EXISTS in working dir: /home/shahbazk/Projects/DFS_Semi_Streaming/input/random_graphs/graph_10000_49995000_UNIFORM_5258051056098597521.txt
⏭ ALREADY_EXISTS in working dir: /home/shahbazk/Projects/DFS_Semi_Streaming/input/random_graphs/graph_10000_49995000_UNIFORM_1647170069535670909.txt
⏭ ALREADY_EXISTS in working dir: /home/shahbazk/Projects/DFS_Semi_Streaming/input/random_graphs/graph_10000_49995000_UNIFORM_5529616217668449934.txt
⏭ ALREADY_EXISTS in working dir: /home/shahbazk/Projects/DFS_Semi_Streaming/input/random_graphs/graph_10000_49995000_UNIFORM_4552998297316576788.txt
⏭ ALREADY_EXISTS in working dir: /home/shahbazk/Projects/DFS_Semi_Streaming/input/random_graphs/graph_10000_49995000_UNIFORM_7161906730445628483.txt
⏭ ALREADY_EXISTS in working dir: /home/shahbazk/Projects/DFS_Semi_Streaming/input/random_graphs/graph_10000_49995000_UNIFORM_8031431416522537101.txt
⏭ ALREADY_EXISTS in working dir: /home/shahbazk/Projects/DFS_Semi_Streaming/input/random_graphs/graph_10000_49995000_UNIFORM_6143643868734370809.txt
⏭ ALREADY_EXISTS in working dir: /home/shahbazk/Projects/DFS_Semi_Streaming/input/random_graphs/graph_10000_49995000_UNIFORM_6785030173969523435.txt
⏭ ALREADY_EXISTS in working dir: /home/shahbazk/Projects/DFS_Semi_Streaming/input/random_graphs/graph_10000_49995000_UNIFORM_3272308573967577038.txt
⏭ ALREADY_EXISTS in working dir: /home/shahbazk/Projects/DFS_Semi_Streaming/input/random_graphs/graph_10000_49995000_UNIFORM_6614505080519948832.txt
⏭ ALREADY_EXISTS in working dir: /home/shahbazk/Projects/DFS_Semi_Streaming/input/random_graphs/graph_10000_49995000_UNIFORM_7938560551762094560.txt
⏭ ALREADY_EXISTS in working dir: /home/shahbazk/Projects/DFS_Semi_Streaming/input/random_graphs/graph_10000_49995000_UNIFORM_716820155901718944.txt
⏭ ALREADY_EXISTS in working dir: /home/shahbazk/Projects/DFS_Semi_Streaming/input/random_graphs/graph_10000_49995000_UNIFORM_5636411189175451024.txt
⏭ ALREADY_EXISTS in working dir: /home/shahbazk/Projects/DFS_Semi_Streaming/input/random_graphs/graph_10000_49995000_UNIFORM_7706236040662210848.txt
⏭ ALREADY_EXISTS in working dir: /home/shahbazk/Projects/DFS_Semi_Streaming/input/random_graphs/graph_10000_49995000_UNIFORM_1632192924771168275.txt
⏭ ALREADY_EXISTS in working dir: /home/shahbazk/Projects/DFS_Semi_Streaming/input/random_graphs/graph_10000_49995000_UNIFORM_824387247617288499.txt
⏭ ALREADY_EXISTS in working dir: /home/shahbazk/Projects/DFS_Semi_Streaming/input/random_graphs/graph_10000_49995000_UNIFORM_5349491008325879064.txt
⏭ ALREADY_EXISTS in working dir: /home/shahbazk/Projects/DFS_Semi_Streaming/input/random_graphs/graph_10000_49995000_UNIFORM_4122784633514911760.txt
⏭ ALREADY_EXISTS in working dir: /home/shahbazk/Projects/DFS_Semi_Streaming/input/random_graphs/graph_10000_49995000_UNIFORM_4445925461710302877.txt
⏭ ALREADY_EXISTS in working dir: /home/shahbazk/Projects/DFS_Semi_Streaming/input/random_graphs/graph_10000_49995000_UNIFORM_3865339568260874865.txt
⏭ ALREADY_EXISTS in working dir: /home/shahbazk/Projects/DFS_Semi_Streaming/input/random_graphs/graph_10000_49995000_UNIFORM_6224222471595207695.txt
⏭ ALREADY_EXISTS in working dir: /home/shahbazk/Projects/DFS_Semi_Streaming/input/random_graphs/graph_10000_49995000_UNIFORM_7917045922527545890.txt
⏭ ALREADY_EXISTS in working dir: /home/shahbazk/Projects/DFS_Semi_Streaming/input/random_graphs/graph_10000_49995000_UNIFORM_1128313391724783137.txt
⏭ ALREADY_EXISTS in working dir: /home/shahbazk/Projects/DFS_Semi_Streaming/input/random_graphs/graph_10000_49995000_UNIFORM_8718380604043999642.txt
⏭ ALREADY_EXISTS in working dir: /home/shahbazk/Projects/DFS_Semi_Streaming/input/random_graphs/graph_10000_49995000_UNIFORM_4997514996153925447.txt
⏭ ALREADY_EXISTS in working dir: /home/shahbazk/Projects/DFS_Semi_Streaming/input/random_graphs/graph_10000_49995000_UNIFORM_5063475852268941542.txt
⏭ ALREADY_EXISTS in working dir: /home/shahbazk/Projects/DFS_Semi_Streaming/input/random_graphs/graph_10000_49995000_UNIFORM_7921282862123281598.txt
⏭ ALREADY_EXISTS in working dir: /home/shahbazk/Projects/DFS_Semi_Streaming/input/random_graphs/graph_10000_49995000_UNIFORM_2909934787168262407.txt
⏭ ALREADY_EXISTS in working dir: /home/shahbazk/Projects/DFS_Semi_Streaming/input/random_graphs/graph_10000_49995000_UNIFORM_3713827327871807734.txt
⏭ ALREADY_EXISTS in working dir: /home/shahbazk/Projects/DFS_Semi_Streaming/input/random_graphs/graph_10000_49995000_UNIFORM_1170385908854608748.txt
⏭ ALREADY_EXISTS in working dir: /home/shahbazk/Projects/DFS_Semi_Streaming/input/random_graphs/graph_10000_49995000_UNIFORM_3817405844514670994.txt
⏭ ALREADY_EXISTS in working dir: /home/shahbazk/Projects/DFS_Semi_Streaming/input/random_graphs/graph_10000_49995000_UNIFORM_6764066939395682287.txt
⏭ ALREADY_EXISTS in working dir: /home/shahbazk/Projects/DFS_Semi_Streaming/input/random_graphs/graph_10000_49995000_UNIFORM_175493991617213850.txt
⏭ ALREADY_EXISTS in working dir: /home/shahbazk/Projects/DFS_Semi_Streaming/input/random_graphs/graph_10000_49995000_UNIFORM_199422815561151340.txt
⏭ ALREADY_EXISTS in working dir: /home/shahbazk/Projects/DFS_Semi_Streaming/input/random_graphs/graph_10000_49995000_UNIFORM_8794274795737982182.txt
⏭ ALREADY_EXISTS in working dir: /home/shahbazk/Projects/DFS_Semi_Streaming/input/random_graphs/graph_10000_49995000_UNIFORM_8446481348147407377.txt
⏭ ALREADY_EXISTS in working dir: /home/shahbazk/Projects/DFS_Semi_Streaming/input/random_graphs/graph_10000_49995000_UNIFORM_5108599054664628607.txt
⏭ ALREADY_EXISTS in working dir: /home/shahbazk/Projects/DFS_Semi_Streaming/input/random_graphs/graph_10000_49995000_UNIFORM_6022436717541034636.txt
⏭ ALREADY_EXISTS in working dir: /home/shahbazk/Projects/DFS_Semi_Streaming/input/random_graphs/graph_10000_49995000_UNIFORM_9060210648189963449.txt
⏭ ALREADY_EXISTS in working dir: /home/shahbazk/Projects/DFS_Semi_Streaming/input/random_graphs/graph_10000_49995000_UNIFORM_6529943913552561417.txt
⏭ ALREADY_EXISTS in working dir: /home/shahbazk/Projects/DFS_Semi_Streaming/input/random_graphs/graph_10000_49995000_UNIFORM_1392892770529522614.txt
⏭ ALREADY_EXISTS in working dir: /home/shahbazk/Projects/DFS_Semi_Streaming/input/random_graphs/graph_10000_49995000_UNIFORM_1458186392400727732.txt
⏭ ALREADY_EXISTS in working dir: /home/shahbazk/Projects/DFS_Semi_Streaming/input/random_graphs/graph_10000_49995000_UNIFORM_7644420139408884785.txt
⏭ ALREADY_EXISTS in working dir: /home/shahbazk/Projects/DFS_Semi_Streaming/input/random_graphs/graph_10000_49995000_UNIFORM_2089506265998900862.txt
⏭ ALREADY_EXISTS in working dir: /home/shahbazk/Projects/DFS_Semi_Streaming/input/random_graphs/graph_10000_49995000_UNIFORM_7905487461282246979.txt
⏭ ALREADY_EXISTS in working dir: /home/shahbazk/Projects/DFS_Semi_Streaming/input/random_graphs/graph_10000_49995000_UNIFORM_9130666990809746335.txt
⏭ ALREADY_EXISTS in working dir: /home/shahbazk/Projects/DFS_Semi_Streaming/input/random_graphs/graph_10000_49995000_UNIFORM_8448596294177070022.txt
⏭ ALREADY_EXISTS in working dir: /home/shahbazk/Projects/DFS_Semi_Streaming/input/random_graphs/graph_10000_49995000_UNIFORM_4060584409398689268.txt
⏭ ALREADY_EXISTS in working dir: /home/shahbazk/Projects/DFS_Semi_Streaming/input/random_graphs/graph_10000_49995000_UNIFORM_4795749165124911768.txt
⏭ ALREADY_EXISTS in working dir: /home/shahbazk/Projects/DFS_Semi_Streaming/input/random_graphs/graph_10000_49995000_UNIFORM_1722224698700348310.txt
⏭ ALREADY_EXISTS in working dir: /home/shahbazk/Projects/DFS_Semi_Streaming/input/random_graphs/graph_10000_49995000_UNIFORM_4934890601268679176.txt
⏭ ALREADY_EXISTS in working dir: /home/shahbazk/Projects/DFS_Semi_Streaming/input/random_graphs/graph_10000_49995000_UNIFORM_5497874167834979553.txt
⏭ ALREADY_EXISTS in working dir: /home/shahbazk/Projects/DFS_Semi_Streaming/input/random_graphs/graph_10000_49995000_UNIFORM_4250897495980125004.txt
⏭ ALREADY_EXISTS in working dir: /home/shahbazk/Projects/DFS_Semi_Streaming/input/random_graphs/graph_10000_49995000_UNIFORM_1332005502874566195.txt
⏭ ALREADY_EXISTS in working dir: /home/shahbazk/Projects/DFS_Semi_Streaming/input/random_graphs/graph_10000_49995000_UNIFORM_8626102704817790064.txt
⏭ ALREADY_EXISTS in working dir: /home/shahbazk/Projects/DFS_Semi_Streaming/input/random_graphs/graph_10000_49995000_UNIFORM_7118744415197196276.txt
⏭ ALREADY_EXISTS in working dir: /home/shahbazk/Projects/DFS_Semi_Streaming/input/random_graphs/graph_10000_49995000_UNIFORM_1992204328026194281.txt
⏭ ALREADY_EXISTS in working dir: /home/shahbazk/Projects/DFS_Semi_Streaming/input/random_graphs/graph_10000_49995000_UNIFORM_3221421291694197220.txt
⏭ ALREADY_EXISTS in working dir: /home/shahbazk/Projects/DFS_Semi_Streaming/input/random_graphs/graph_10000_49995000_UNIFORM_2718103348384927511.txt
⏭ ALREADY_EXISTS in working dir: /home/shahbazk/Projects/DFS_Semi_Streaming/input/random_graphs/graph_10000_49995000_UNIFORM_7449662661572224354.txt
⏭ ALREADY_EXISTS in working dir: /home/shahbazk/Projects/DFS_Semi_Streaming/input/random_graphs/graph_10000_49995000_UNIFORM_8867616339855336876.txt
⏭ ALREADY_EXISTS in working dir: /home/shahbazk/Projects/DFS_Semi_Streaming/input/random_graphs/graph_10000_49995000_UNIFORM_5894893360759659423.txt
⏭ ALREADY_EXISTS in working dir: /home/shahbazk/Projects/DFS_Semi_Streaming/input/random_graphs/graph_10000_49995000_UNIFORM_4940913311242578590.txt
⏭ ALREADY_EXISTS in working dir: /home/shahbazk/Projects/DFS_Semi_Streaming/input/random_graphs/graph_10000_49995000_UNIFORM_9059990922233379852.txt
⏭ ALREADY_EXISTS in working dir: /home/shahbazk/Projects/DFS_Semi_Streaming/input/random_graphs/graph_10000_49995000_UNIFORM_2264398621601381987.txt
⏭ ALREADY_EXISTS in working dir: /home/shahbazk/Projects/DFS_Semi_Streaming/input/random_graphs/graph_10000_49995000_UNIFORM_7983805977214098674.txt
⏭ ALREADY_EXISTS in working dir: /home/shahbazk/Projects/DFS_Semi_Streaming/input/random_graphs/graph_10000_49995000_UNIFORM_7632458674696225362.txt

============================================================
Graph processing completed in 1893.57 seconds
============================================================
Copied from HDD:          0
Newly generated:          0
Already in working dir:   100
Failed:                   0
Total processed:          100
============================================================
