Running VARK with 10 iterations, for N = 10,000 and sparsity code 4 for k from 1 to N and seed token 1729
Generating 10 graph(s) with N=10000, sparsity=4, seed=1729...
Error generating graph with N=10000, sparsity=4, iterations=10, seed=1729: Command '['./bin/main', 'PREP_EXP', '3', '10000', '4', 'POWLAW', '10', '1729']' died with <Signals.SIGTERM: 15>.
Running FIXNM with kPath0 for N=10000, sparsity=4, k=1, seed=1729...
Error running FIXNM with kPath0 for N=10000, sparsity=4, k=1, seed=1729: Command '['/usr/bin/time', '-f', '%U,%M', './bin/main', 'RUN_EXP', '3', '10000', '4', 'POWLAW', '10', '1729', '2', '0', '1']' returned non-zero exit status 1.
Running FIXNM with kPath0 for N=10000, sparsity=4, k=2, seed=1729...
Error running FIXNM with kPath0 for N=10000, sparsity=4, k=2, seed=1729: Command '['/usr/bin/time', '-f', '%U,%M', './bin/main', 'RUN_EXP', '3', '10000', '4', 'POWLAW', '10', '1729', '2', '0', '2']' returned non-zero exit status 1.
Running FIXNM with kPath0 for N=10000, sparsity=4, k=3, seed=1729...
Error running FIXNM with kPath0 for N=10000, sparsity=4, k=3, seed=1729: Command '['/usr/bin/time', '-f', '%U,%M', './bin/main', 'RUN_EXP', '3', '10000', '4', 'POWLAW', '10', '1729', '2', '0', '3']' returned non-zero exit status 1.
Running FIXNM with kPath0 for N=10000, sparsity=4, k=4, seed=1729...
Error running FIXNM with kPath0 for N=10000, sparsity=4, k=4, seed=1729: Command '['/usr/bin/time', '-f', '%U,%M', './bin/main', 'RUN_EXP', '3', '10000', '4', 'POWLAW', '10', '1729', '2', '0', '4']' returned non-zero exit status 1.
Running FIXNM with kPath0 for N=10000, sparsity=4, k=5, seed=1729...
Error running FIXNM with kPath0 for N=10000, sparsity=4, k=5, seed=1729: Command '['/usr/bin/time', '-f', '%U,%M', './bin/main', 'RUN_EXP', '3', '10000', '4', 'POWLAW', '10', '1729', '2', '0', '5']' returned non-zero exit status 1.
Running FIXNM with kPath0 for N=10000, sparsity=4, k=6, seed=1729...
Error running FIXNM with kPath0 for N=10000, sparsity=4, k=6, seed=1729: Command '['/usr/bin/time', '-f', '%U,%M', './bin/main', 'RUN_EXP', '3', '10000', '4', 'POWLAW', '10', '1729', '2', '0', '6']' returned non-zero exit status 1.
Running FIXNM with kPath0 for N=10000, sparsity=4, k=7, seed=1729...
Error running FIXNM with kPath0 for N=10000, sparsity=4, k=7, seed=1729: Command '['/usr/bin/time', '-f', '%U,%M', './bin/main', 'RUN_EXP', '3', '10000', '4', 'POWLAW', '10', '1729', '2', '0', '7']' returned non-zero exit status 1.
Running FIXNM with kPath0 for N=10000, sparsity=4, k=8, seed=1729...
Error running FIXNM with kPath0 for N=10000, sparsity=4, k=8, seed=1729: Command '['/usr/bin/time', '-f', '%U,%M', './bin/main', 'RUN_EXP', '3', '10000', '4', 'POWLAW', '10', '1729', '2', '0', '8']' returned non-zero exit status 1.
Running FIXNM with kPath0 for N=10000, sparsity=4, k=9, seed=1729...
Error running FIXNM with kPath0 for N=10000, sparsity=4, k=9, seed=1729: Command '['/usr/bin/time', '-f', '%U,%M', './bin/main', 'RUN_EXP', '3', '10000', '4', 'POWLAW', '10', '1729', '2', '0', '9']' returned non-zero exit status 1.
Running FIXNM with kPath0 for N=10000, sparsity=4, k=10, seed=1729...
Error running FIXNM with kPath0 for N=10000, sparsity=4, k=10, seed=1729: Command '['/usr/bin/time', '-f', '%U,%M', './bin/main', 'RUN_EXP', '3', '10000', '4', 'POWLAW', '10', '1729', '2', '0', '10']' returned non-zero exit status 1.
Running FIXNM with kPath0 for N=10000, sparsity=4, k=11, seed=1729...
Error running FIXNM with kPath0 for N=10000, sparsity=4, k=11, seed=1729: Command '['/usr/bin/time', '-f', '%U,%M', './bin/main', 'RUN_EXP', '3', '10000', '4', 'POWLAW', '10', '1729', '2', '0', '11']' returned non-zero exit status 1.
Running FIXNM with kPath0 for N=10000, sparsity=4, k=12, seed=1729...
Error running FIXNM with kPath0 for N=10000, sparsity=4, k=12, seed=1729: Command '['/usr/bin/time', '-f', '%U,%M', './bin/main', 'RUN_EXP', '3', '10000', '4', 'POWLAW', '10', '1729', '2', '0', '12']' returned non-zero exit status 1.
Running FIXNM with kPath0 for N=10000, sparsity=4, k=13, seed=1729...
Error running FIXNM with kPath0 for N=10000, sparsity=4, k=13, seed=1729: Command '['/usr/bin/time', '-f', '%U,%M', './bin/main', 'RUN_EXP', '3', '10000', '4', 'POWLAW', '10', '1729', '2', '0', '13']' returned non-zero exit status 1.
Running FIXNM with kPath0 for N=10000, sparsity=4, k=14, seed=1729...
Error running FIXNM with kPath0 for N=10000, sparsity=4, k=14, seed=1729: Command '['/usr/bin/time', '-f', '%U,%M', './bin/main', 'RUN_EXP', '3', '10000', '4', 'POWLAW', '10', '1729', '2', '0', '14']' returned non-zero exit status 1.
Running FIXNM with kPath0 for N=10000, sparsity=4, k=15, seed=1729...
Error running FIXNM with kPath0 for N=10000, sparsity=4, k=15, seed=1729: Command '['/usr/bin/time', '-f', '%U,%M', './bin/main', 'RUN_EXP', '3', '10000', '4', 'POWLAW', '10', '1729', '2', '0', '15']' returned non-zero exit status 1.
Running FIXNM with kPath0 for N=10000, sparsity=4, k=20, seed=1729...
Error running FIXNM with kPath0 for N=10000, sparsity=4, k=20, seed=1729: Command '['/usr/bin/time', '-f', '%U,%M', './bin/main', 'RUN_EXP', '3', '10000', '4', 'POWLAW', '10', '1729', '2', '0', '20']' returned non-zero exit status 1.
Running FIXNM with kPath0 for N=10000, sparsity=4, k=25, seed=1729...
Error running FIXNM with kPath0 for N=10000, sparsity=4, k=25, seed=1729: Command '['/usr/bin/time', '-f', '%U,%M', './bin/main', 'RUN_EXP', '3', '10000', '4', 'POWLAW', '10', '1729', '2', '0', '25']' returned non-zero exit status 1.
Running FIXNM with kPath0 for N=10000, sparsity=4, k=30, seed=1729...
Error running FIXNM with kPath0 for N=10000, sparsity=4, k=30, seed=1729: Command '['/usr/bin/time', '-f', '%U,%M', './bin/main', 'RUN_EXP', '3', '10000', '4', 'POWLAW', '10', '1729', '2', '0', '30']' returned non-zero exit status 1.
Running FIXNM with kPath0 for N=10000, sparsity=4, k=35, seed=1729...
Error running FIXNM with kPath0 for N=10000, sparsity=4, k=35, seed=1729: Command '['/usr/bin/time', '-f', '%U,%M', './bin/main', 'RUN_EXP', '3', '10000', '4', 'POWLAW', '10', '1729', '2', '0', '35']' returned non-zero exit status 1.
Running FIXNM with kPath0 for N=10000, sparsity=4, k=40, seed=1729...
Error running FIXNM with kPath0 for N=10000, sparsity=4, k=40, seed=1729: Command '['/usr/bin/time', '-f', '%U,%M', './bin/main', 'RUN_EXP', '3', '10000', '4', 'POWLAW', '10', '1729', '2', '0', '40']' returned non-zero exit status 1.
Running FIXNM with kPath0 for N=10000, sparsity=4, k=45, seed=1729...
Error running FIXNM with kPath0 for N=10000, sparsity=4, k=45, seed=1729: Command '['/usr/bin/time', '-f', '%U,%M', './bin/main', 'RUN_EXP', '3', '10000', '4', 'POWLAW', '10', '1729', '2', '0', '45']' returned non-zero exit status 1.
Running FIXNM with kPath0 for N=10000, sparsity=4, k=50, seed=1729...
Error running FIXNM with kPath0 for N=10000, sparsity=4, k=50, seed=1729: Command '['/usr/bin/time', '-f', '%U,%M', './bin/main', 'RUN_EXP', '3', '10000', '4', 'POWLAW', '10', '1729', '2', '0', '50']' returned non-zero exit status 1.
Running FIXNM with kPath0 for N=10000, sparsity=4, k=60, seed=1729...
Error running FIXNM with kPath0 for N=10000, sparsity=4, k=60, seed=1729: Command '['/usr/bin/time', '-f', '%U,%M', './bin/main', 'RUN_EXP', '3', '10000', '4', 'POWLAW', '10', '1729', '2', '0', '60']' returned non-zero exit status 1.
Running FIXNM with kPath0 for N=10000, sparsity=4, k=70, seed=1729...
Error running FIXNM with kPath0 for N=10000, sparsity=4, k=70, seed=1729: Command '['/usr/bin/time', '-f', '%U,%M', './bin/main', 'RUN_EXP', '3', '10000', '4', 'POWLAW', '10', '1729', '2', '0', '70']' returned non-zero exit status 1.
Running FIXNM with kPath0 for N=10000, sparsity=4, k=80, seed=1729...
Error running FIXNM with kPath0 for N=10000, sparsity=4, k=80, seed=1729: Command '['/usr/bin/time', '-f', '%U,%M', './bin/main', 'RUN_EXP', '3', '10000', '4', 'POWLAW', '10', '1729', '2', '0', '80']' returned non-zero exit status 1.
Running FIXNM with kPath0 for N=10000, sparsity=4, k=90, seed=1729...
