Graph already exists at: ./input/random_graphs/graph_1000_9965_POWLAW_6230961512046992311.txt
Graph already exists at: ./input/random_graphs/graph_1000_9965_POWLAW_7871178979383552919.txt
Graph already exists at: ./input/random_graphs/graph_1000_9965_POWLAW_5739955973604961613.txt
Graph already exists at: ./input/random_graphs/graph_1000_9965_POWLAW_3881801951614183357.txt
Graph already exists at: ./input/random_graphs/graph_1000_9965_POWLAW_7032710160631691991.txt
Graph already exists at: ./input/random_graphs/graph_1000_9965_POWLAW_7599700178212337699.txt
Graph already exists at: ./input/random_graphs/graph_1000_9965_POWLAW_1353182403971399009.txt
Graph already exists at: ./input/random_graphs/graph_1000_9965_POWLAW_1070244953599069350.txt
Graph already exists at: ./input/random_graphs/graph_1000_9965_POWLAW_6522163754831416203.txt
Graph already exists at: ./input/random_graphs/graph_1000_9965_POWLAW_6938562734920028532.txt
Graph already exists at: ./input/random_graphs/graph_1000_9965_POWLAW_4040737767143389431.txt
Graph already exists at: ./input/random_graphs/graph_1000_9965_POWLAW_1250005700364523649.txt
Graph already exists at: ./input/random_graphs/graph_1000_9965_POWLAW_1309542850049879452.txt
Graph already exists at: ./input/random_graphs/graph_1000_9965_POWLAW_2429002973740178792.txt
Graph already exists at: ./input/random_graphs/graph_1000_9965_POWLAW_7663871783842725848.txt
Graph already exists at: ./input/random_graphs/graph_1000_9965_POWLAW_320375091487821987.txt
Graph already exists at: ./input/random_graphs/graph_1000_9965_POWLAW_5906957480796939447.txt
Graph already exists at: ./input/random_graphs/graph_1000_9965_POWLAW_1250773459040295677.txt
Graph already exists at: ./input/random_graphs/graph_1000_9965_POWLAW_7146860528564146064.txt
Graph already exists at: ./input/random_graphs/graph_1000_9965_POWLAW_3438400432146115956.txt
Graph already exists at: ./input/random_graphs/graph_1000_9965_POWLAW_7473196763798409428.txt
Graph already exists at: ./input/random_graphs/graph_1000_9965_POWLAW_5139481885857321791.txt
Graph already exists at: ./input/random_graphs/graph_1000_9965_POWLAW_5142811650494845597.txt
Graph already exists at: ./input/random_graphs/graph_1000_9965_POWLAW_3010622984418968408.txt
Graph already exists at: ./input/random_graphs/graph_1000_9965_POWLAW_6002685213311538187.txt
Graph already exists at: ./input/random_graphs/graph_1000_9965_POWLAW_5708372698381010775.txt
Graph already exists at: ./input/random_graphs/graph_1000_9965_POWLAW_521787134863155063.txt
Graph already exists at: ./input/random_graphs/graph_1000_9965_POWLAW_1731523882129807996.txt
Graph already exists at: ./input/random_graphs/graph_1000_9965_POWLAW_1853590723603270879.txt
Graph already exists at: ./input/random_graphs/graph_1000_9965_POWLAW_7029781962072644698.txt
Graph already exists at: ./input/random_graphs/graph_1000_9965_POWLAW_6785030173969523435.txt
Graph already exists at: ./input/random_graphs/graph_1000_9965_POWLAW_5529616217668449934.txt
Graph already exists at: ./input/random_graphs/graph_1000_9965_POWLAW_1024517563182776983.txt
Graph already exists at: ./input/random_graphs/graph_1000_9965_POWLAW_3224265581699847191.txt
Graph already exists at: ./input/random_graphs/graph_1000_9965_POWLAW_5258051056098597521.txt
Graph already exists at: ./input/random_graphs/graph_1000_9965_POWLAW_1647170069535670909.txt
Graph already exists at: ./input/random_graphs/graph_1000_9965_POWLAW_4122784633514911760.txt
Graph already exists at: ./input/random_graphs/graph_1000_9965_POWLAW_7706236040662210848.txt
Graph already exists at: ./input/random_graphs/graph_1000_9965_POWLAW_824387247617288499.txt
Graph already exists at: ./input/random_graphs/graph_1000_9965_POWLAW_1632192924771168275.txt
Graph already exists at: ./input/random_graphs/graph_1000_9965_POWLAW_7161906730445628483.txt
Graph already exists at: ./input/random_graphs/graph_1000_9965_POWLAW_6802378520969450157.txt
Graph already exists at: ./input/random_graphs/graph_1000_9965_POWLAW_4552998297316576788.txt
Graph already exists at: ./input/random_graphs/graph_1000_9965_POWLAW_8031431416522537101.txt
Graph already exists at: ./input/random_graphs/graph_1000_9965_POWLAW_6143643868734370809.txt
Graph already exists at: ./input/random_graphs/graph_1000_9965_POWLAW_3272308573967577038.txt
Graph already exists at: ./input/random_graphs/graph_1000_9965_POWLAW_5636411189175451024.txt
Graph already exists at: ./input/random_graphs/graph_1000_9965_POWLAW_5349491008325879064.txt
Graph already exists at: ./input/random_graphs/graph_1000_9965_POWLAW_6614505080519948832.txt
Graph already exists at: ./input/random_graphs/graph_1000_9965_POWLAW_7938560551762094560.txt
Graph already exists at: ./input/random_graphs/graph_1000_9965_POWLAW_7917045922527545890.txt
Graph already exists at: ./input/random_graphs/graph_1000_9965_POWLAW_4445925461710302877.txt
Graph already exists at: ./input/random_graphs/graph_1000_9965_POWLAW_3865339568260874865.txt
Graph already exists at: ./input/random_graphs/graph_1000_9965_POWLAW_7921282862123281598.txt
Graph already exists at: ./input/random_graphs/graph_1000_9965_POWLAW_6224222471595207695.txt
Graph already exists at: ./input/random_graphs/graph_1000_9965_POWLAW_1128313391724783137.txt
Graph already exists at: ./input/random_graphs/graph_1000_9965_POWLAW_716820155901718944.txt
Graph already exists at: ./input/random_graphs/graph_1000_9965_POWLAW_8718380604043999642.txt
Graph already exists at: ./input/random_graphs/graph_1000_9965_POWLAW_5063475852268941542.txt
Graph already exists at: ./input/random_graphs/graph_1000_9965_POWLAW_4997514996153925447.txt
Graph already exists at: ./input/random_graphs/graph_1000_9965_POWLAW_8446481348147407377.txt
Graph already exists at: ./input/random_graphs/graph_1000_9965_POWLAW_3817405844514670994.txt
Graph already exists at: ./input/random_graphs/graph_1000_9965_POWLAW_6529943913552561417.txt
Graph already exists at: ./input/random_graphs/graph_1000_9965_POWLAW_2909934787168262407.txt
Graph already exists at: ./input/random_graphs/graph_1000_9965_POWLAW_1170385908854608748.txt
Graph already exists at: ./input/random_graphs/graph_1000_9965_POWLAW_6022436717541034636.txt
Graph already exists at: ./input/random_graphs/graph_1000_9965_POWLAW_199422815561151340.txt
Graph already exists at: ./input/random_graphs/graph_1000_9965_POWLAW_3713827327871807734.txt
Graph already exists at: ./input/random_graphs/graph_1000_9965_POWLAW_175493991617213850.txt
Graph already exists at: ./input/random_graphs/graph_1000_9965_POWLAW_5108599054664628607.txt
Graph already exists at: ./input/random_graphs/graph_1000_9965_POWLAW_6764066939395682287.txt
Graph already exists at: ./input/random_graphs/graph_1000_9965_POWLAW_9130666990809746335.txt
Graph already exists at: ./input/random_graphs/graph_1000_9965_POWLAW_7644420139408884785.txt
Graph already exists at: ./input/random_graphs/graph_1000_9965_POWLAW_1458186392400727732.txt
Graph already exists at: ./input/random_graphs/graph_1000_9965_POWLAW_1392892770529522614.txt
Graph already exists at: ./input/random_graphs/graph_1000_9965_POWLAW_9060210648189963449.txt
Graph already exists at: ./input/random_graphs/graph_1000_9965_POWLAW_4250897495980125004.txt
Graph already exists at: ./input/random_graphs/graph_1000_9965_POWLAW_8794274795737982182.txt
Graph already exists at: ./input/random_graphs/graph_1000_9965_POWLAW_2089506265998900862.txt
Graph already exists at: ./input/random_graphs/graph_1000_9965_POWLAW_5497874167834979553.txt
Graph already exists at: ./input/random_graphs/graph_1000_9965_POWLAW_4060584409398689268.txt
Graph already exists at: ./input/random_graphs/graph_1000_9965_POWLAW_1332005502874566195.txt
Graph already exists at: ./input/random_graphs/graph_1000_9965_POWLAW_1722224698700348310.txt
Graph already exists at: ./input/random_graphs/graph_1000_9965_POWLAW_8626102704817790064.txt
Graph already exists at: ./input/random_graphs/graph_1000_9965_POWLAW_7905487461282246979.txt
Graph already exists at: ./input/random_graphs/graph_1000_9965_POWLAW_8448596294177070022.txt
Graph already exists at: ./input/random_graphs/graph_1000_9965_POWLAW_4795749165124911768.txt
Graph already exists at: ./input/random_graphs/graph_1000_9965_POWLAW_4934890601268679176.txt
Graph already exists at: ./input/random_graphs/graph_1000_9965_POWLAW_1992204328026194281.txt
Graph already exists at: ./input/random_graphs/graph_1000_9965_POWLAW_7118744415197196276.txt
Graph already exists at: ./input/random_graphs/graph_1000_9965_POWLAW_2718103348384927511.txt
Graph already exists at: ./input/random_graphs/graph_1000_9965_POWLAW_9059990922233379852.txt
Graph already exists at: ./input/random_graphs/graph_1000_9965_POWLAW_7449662661572224354.txt
Graph already exists at: ./input/random_graphs/graph_1000_9965_POWLAW_3221421291694197220.txt
Graph already exists at: ./input/random_graphs/graph_1000_9965_POWLAW_8867616339855336876.txt
Graph already exists at: ./input/random_graphs/graph_1000_9965_POWLAW_5894893360759659423.txt
Graph already exists at: ./input/random_graphs/graph_1000_9965_POWLAW_7983805977214098674.txt
Graph already exists at: ./input/random_graphs/graph_1000_9965_POWLAW_4940913311242578590.txt
Graph already exists at: ./input/random_graphs/graph_1000_9965_POWLAW_2264398621601381987.txt
Graph already exists at: ./input/random_graphs/graph_1000_9965_POWLAW_7632458674696225362.txt
Running VARK with 100 iterations, for N = 10,00 and sparsity code 2 for k from 1 to N and seed token 1729
Generating 100 graph(s) with N=1000, sparsity=2, seed=1729...
Running FIXNM with kPath0 for N=1000, sparsity=2, k=1, seed=1729...
      Average Passes: 14.78, Time/Memory: 4.25,4276
Running FIXNM with kPath0 for N=1000, sparsity=2, k=2, seed=1729...
      Average Passes: 7.37, Time/Memory: 2.26,4168
Running FIXNM with kPath0 for N=1000, sparsity=2, k=3, seed=1729...
      Average Passes: 4.98, Time/Memory: 1.57,4168
Running FIXNM with kPath0 for N=1000, sparsity=2, k=4, seed=1729...
      Average Passes: 4.45, Time/Memory: 1.46,4168
Running FIXNM with kPath0 for N=1000, sparsity=2, k=5, seed=1729...
      Average Passes: 3.7, Time/Memory: 1.22,5192
Running FIXNM with kPath0 for N=1000, sparsity=2, k=6, seed=1729...
      Average Passes: 3.41, Time/Memory: 1.14,5192
Running FIXNM with kPath0 for N=1000, sparsity=2, k=7, seed=1729...
      Average Passes: 3.35, Time/Memory: 1.11,5188
Running FIXNM with kPath0 for N=1000, sparsity=2, k=8, seed=1729...
      Average Passes: 3.27, Time/Memory: 1.14,5220
Running FIXNM with kPath0 for N=1000, sparsity=2, k=9, seed=1729...
      Average Passes: 3.21, Time/Memory: 1.16,5300
Running FIXNM with kPath0 for N=1000, sparsity=2, k=10, seed=1729...
      Average Passes: 3.17, Time/Memory: 1.18,5220
Running FIXNM with kPath0 for N=1000, sparsity=2, k=12, seed=1729...
      Average Passes: 2.77, Time/Memory: 1.05,5224
Running FIXNM with kPath0 for N=1000, sparsity=2, k=14, seed=1729...
      Average Passes: 2.27, Time/Memory: 0.83,5212
Running FIXNM with kPath0 for N=1000, sparsity=2, k=16, seed=1729...
      Average Passes: 2.23, Time/Memory: 0.83,4128
Running FIXNM with kPath0 for N=1000, sparsity=2, k=18, seed=1729...
      Average Passes: 2.22, Time/Memory: 0.82,5188
Running FIXNM with kPath0 for N=1000, sparsity=2, k=20, seed=1729...
      Average Passes: 2.19, Time/Memory: 0.82,5240
Running FIXNM with kPath0 for N=1000, sparsity=2, k=25, seed=1729...
      Average Passes: 2.1, Time/Memory: 0.80,5220
Running FIXNM with kPath0 for N=1000, sparsity=2, k=30, seed=1729...
      Average Passes: 2.0, Time/Memory: 0.76,5192
Running FIXNM with kPath0 for N=1000, sparsity=2, k=35, seed=1729...
      Average Passes: 2.0, Time/Memory: 0.76,5220
Running FIXNM with kPath0 for N=1000, sparsity=2, k=40, seed=1729...
      Average Passes: 2.0, Time/Memory: 0.77,5188
Running FIXNM with kPath0 for N=1000, sparsity=2, k=50, seed=1729...
      Average Passes: 2.0, Time/Memory: 0.76,5192
Running FIXNM with kPath0 for N=1000, sparsity=2, k=75, seed=1729...
      Average Passes: 2.0, Time/Memory: 0.76,5248
Running FIXNM with kPath0 for N=1000, sparsity=2, k=100, seed=1729...
      Average Passes: 2.0, Time/Memory: 0.78,5192
Running FIXNM with kPath0 for N=1000, sparsity=2, k=250, seed=1729...
      Average Passes: 2.0, Time/Memory: 0.77,5200
Running FIXNM with kPath0 for N=1000, sparsity=2, k=500, seed=1729...
      Average Passes: 2.0, Time/Memory: 0.78,5188
Running FIXNM with kPath0 for N=1000, sparsity=2, k=750, seed=1729...
      Average Passes: 2.0, Time/Memory: 0.77,4128
Running FIXNM with kPath0 for N=1000, sparsity=2, k=1000, seed=1729...
      Average Passes: 2.0, Time/Memory: 0.75,5188
Running FIXNM with kPath0 for N=1000, sparsity=2, k=2500, seed=1729...
      Average Passes: 2.0, Time/Memory: 0.76,5192
Running FIXNM with kPath0 for N=1000, sparsity=2, k=5000, seed=1729...
      Average Passes: 2.0, Time/Memory: 0.76,5192
Running FIXNM with kPath0 for N=1000, sparsity=2, k=7500, seed=1729...
      Average Passes: 2.0, Time/Memory: 0.75,5200
Running FIXNM with kPath0 for N=1000, sparsity=2, k=10000, seed=1729...
      Average Passes: 2.0, Time/Memory: 0.77,5196
Running FIXNM with kPathN for N=1000, sparsity=2, k=1, seed=1729...
      Average Passes: 9.77, Time/Memory: 3.00,4192
Running FIXNM with kPathN for N=1000, sparsity=2, k=2, seed=1729...
      Average Passes: 3.96, Time/Memory: 1.40,4168
Running FIXNM with kPathN for N=1000, sparsity=2, k=3, seed=1729...
      Average Passes: 3.0, Time/Memory: 1.10,4168
Running FIXNM with kPathN for N=1000, sparsity=2, k=4, seed=1729...
      Average Passes: 2.82, Time/Memory: 1.13,4168
Running FIXNM with kPathN for N=1000, sparsity=2, k=5, seed=1729...
      Average Passes: 2.22, Time/Memory: 0.87,4132
Running FIXNM with kPathN for N=1000, sparsity=2, k=6, seed=1729...
      Average Passes: 2.19, Time/Memory: 0.89,5192
Running FIXNM with kPathN for N=1000, sparsity=2, k=7, seed=1729...
      Average Passes: 2.1, Time/Memory: 0.87,4192
Running FIXNM with kPathN for N=1000, sparsity=2, k=8, seed=1729...
      Average Passes: 2.0, Time/Memory: 0.87,5192
Running FIXNM with kPathN for N=1000, sparsity=2, k=9, seed=1729...
      Average Passes: 2.0, Time/Memory: 0.92,5212
Running FIXNM with kPathN for N=1000, sparsity=2, k=10, seed=1729...
      Average Passes: 1.0, Time/Memory: 0.28,10340
Running FIXNM with kPathN for N=1000, sparsity=2, k=12, seed=1729...
      Average Passes: 1.0, Time/Memory: 0.29,10336
Running FIXNM with kPathN for N=1000, sparsity=2, k=14, seed=1729...
      Average Passes: 1.0, Time/Memory: 0.28,10328
Running FIXNM with kPathN for N=1000, sparsity=2, k=16, seed=1729...
      Average Passes: 1.0, Time/Memory: 0.29,10336
Running FIXNM with kPathN for N=1000, sparsity=2, k=18, seed=1729...
      Average Passes: 1.0, Time/Memory: 0.28,10340
Running FIXNM with kPathN for N=1000, sparsity=2, k=20, seed=1729...
      Average Passes: 1.0, Time/Memory: 0.29,10312
Running FIXNM with kPathN for N=1000, sparsity=2, k=25, seed=1729...
      Average Passes: 1.0, Time/Memory: 0.28,10328
Running FIXNM with kPathN for N=1000, sparsity=2, k=30, seed=1729...
      Average Passes: 1.0, Time/Memory: 0.28,10340
Running FIXNM with kPathN for N=1000, sparsity=2, k=35, seed=1729...
      Average Passes: 1.0, Time/Memory: 0.28,10324
Running FIXNM with kPathN for N=1000, sparsity=2, k=40, seed=1729...
      Average Passes: 1.0, Time/Memory: 0.28,10312
Running FIXNM with kPathN for N=1000, sparsity=2, k=50, seed=1729...
      Average Passes: 1.0, Time/Memory: 0.29,10308
Running FIXNM with kPathN for N=1000, sparsity=2, k=75, seed=1729...
      Average Passes: 1.0, Time/Memory: 0.28,10312
Running FIXNM with kPathN for N=1000, sparsity=2, k=100, seed=1729...
      Average Passes: 1.0, Time/Memory: 0.28,10312
Running FIXNM with kPathN for N=1000, sparsity=2, k=250, seed=1729...
      Average Passes: 1.0, Time/Memory: 0.28,10320
Running FIXNM with kPathN for N=1000, sparsity=2, k=500, seed=1729...
      Average Passes: 1.0, Time/Memory: 0.28,10312
Running FIXNM with kPathN for N=1000, sparsity=2, k=750, seed=1729...
      Average Passes: 1.0, Time/Memory: 0.29,10312
Running FIXNM with kPathN for N=1000, sparsity=2, k=1000, seed=1729...
      Average Passes: 1.0, Time/Memory: 0.29,10312
Running FIXNM with kPathN for N=1000, sparsity=2, k=2500, seed=1729...
      Average Passes: 1.0, Time/Memory: 0.29,10308
Running FIXNM with kPathN for N=1000, sparsity=2, k=5000, seed=1729...
      Average Passes: 1.0, Time/Memory: 0.29,10312
Running FIXNM with kPathN for N=1000, sparsity=2, k=7500, seed=1729...
      Average Passes: 1.0, Time/Memory: 0.29,10328
Running FIXNM with kPathN for N=1000, sparsity=2, k=10000, seed=1729...
      Average Passes: 1.0, Time/Memory: 0.29,10312
Running FIXNM with kLev0 for N=1000, sparsity=2, k=1, seed=1729...
      Average Passes: 3.23, Time/Memory: 1.13,4168
Running FIXNM with kLev0 for N=1000, sparsity=2, k=2, seed=1729...
      Average Passes: 3.23, Time/Memory: 1.13,4196
Running FIXNM with kLev0 for N=1000, sparsity=2, k=3, seed=1729...
      Average Passes: 3.23, Time/Memory: 1.15,4168
Running FIXNM with kLev0 for N=1000, sparsity=2, k=4, seed=1729...
      Average Passes: 3.23, Time/Memory: 1.13,4168
Running FIXNM with kLev0 for N=1000, sparsity=2, k=5, seed=1729...
      Average Passes: 3.23, Time/Memory: 1.15,4216
Running FIXNM with kLev0 for N=1000, sparsity=2, k=6, seed=1729...
      Average Passes: 3.23, Time/Memory: 1.14,4276
Running FIXNM with kLev0 for N=1000, sparsity=2, k=7, seed=1729...
      Average Passes: 3.23, Time/Memory: 1.16,4216
Running FIXNM with kLev0 for N=1000, sparsity=2, k=8, seed=1729...
      Average Passes: 3.23, Time/Memory: 1.13,4192
Running FIXNM with kLev0 for N=1000, sparsity=2, k=9, seed=1729...
      Average Passes: 3.23, Time/Memory: 1.16,4212
Running FIXNM with kLev0 for N=1000, sparsity=2, k=10, seed=1729...
      Average Passes: 3.22, Time/Memory: 1.12,4192
Running FIXNM with kLev0 for N=1000, sparsity=2, k=12, seed=1729...
      Average Passes: 3.21, Time/Memory: 1.14,4192
Running FIXNM with kLev0 for N=1000, sparsity=2, k=14, seed=1729...
      Average Passes: 3.21, Time/Memory: 1.16,4168
Running FIXNM with kLev0 for N=1000, sparsity=2, k=16, seed=1729...
      Average Passes: 3.22, Time/Memory: 1.13,4164
Running FIXNM with kLev0 for N=1000, sparsity=2, k=18, seed=1729...
      Average Passes: 3.23, Time/Memory: 1.17,4148
Running FIXNM with kLev0 for N=1000, sparsity=2, k=20, seed=1729...
      Average Passes: 3.22, Time/Memory: 1.15,4224
Running FIXNM with kLev0 for N=1000, sparsity=2, k=25, seed=1729...
      Average Passes: 3.2, Time/Memory: 1.13,4168
Running FIXNM with kLev0 for N=1000, sparsity=2, k=30, seed=1729...
      Average Passes: 3.2, Time/Memory: 1.13,4180
Running FIXNM with kLev0 for N=1000, sparsity=2, k=35, seed=1729...
      Average Passes: 3.19, Time/Memory: 1.15,4252
Running FIXNM with kLev0 for N=1000, sparsity=2, k=40, seed=1729...
      Average Passes: 3.15, Time/Memory: 1.14,4168
Running FIXNM with kLev0 for N=1000, sparsity=2, k=50, seed=1729...
      Average Passes: 3.06, Time/Memory: 1.07,4168
Running FIXNM with kLev0 for N=1000, sparsity=2, k=75, seed=1729...
      Average Passes: 2.67, Time/Memory: 0.95,4192
Running FIXNM with kLev0 for N=1000, sparsity=2, k=100, seed=1729...
      Average Passes: 2.34, Time/Memory: 0.87,4168
Running FIXNM with kLev0 for N=1000, sparsity=2, k=250, seed=1729...
      Average Passes: 2.0, Time/Memory: 0.77,4192
Running FIXNM with kLev0 for N=1000, sparsity=2, k=500, seed=1729...
      Average Passes: 2.0, Time/Memory: 0.78,4160
Running FIXNM with kLev0 for N=1000, sparsity=2, k=750, seed=1729...
      Average Passes: 2.0, Time/Memory: 0.79,4196
Running FIXNM with kLev0 for N=1000, sparsity=2, k=1000, seed=1729...
      Average Passes: 2.0, Time/Memory: 0.77,4196
Running FIXNM with kLev0 for N=1000, sparsity=2, k=2500, seed=1729...
      Average Passes: 2.0, Time/Memory: 0.79,4168
Running FIXNM with kLev0 for N=1000, sparsity=2, k=5000, seed=1729...
      Average Passes: 2.0, Time/Memory: 0.79,4176
Running FIXNM with kLev0 for N=1000, sparsity=2, k=7500, seed=1729...
      Average Passes: 2.0, Time/Memory: 0.77,4168
Running FIXNM with kLev0 for N=1000, sparsity=2, k=10000, seed=1729...
      Average Passes: 2.0, Time/Memory: 0.77,3108
Running FIXNM with kLevN for N=1000, sparsity=2, k=1, seed=1729...
      Average Passes: 2.1, Time/Memory: 0.88,4196
Running FIXNM with kLevN for N=1000, sparsity=2, k=2, seed=1729...
      Average Passes: 2.06, Time/Memory: 0.93,4276
Running FIXNM with kLevN for N=1000, sparsity=2, k=3, seed=1729...
      Average Passes: 2.03, Time/Memory: 0.97,4168
Running FIXNM with kLevN for N=1000, sparsity=2, k=4, seed=1729...
      Average Passes: 2.01, Time/Memory: 0.98,4196
Running FIXNM with kLevN for N=1000, sparsity=2, k=5, seed=1729...
      Average Passes: 2.0, Time/Memory: 0.98,5192
Running FIXNM with kLevN for N=1000, sparsity=2, k=6, seed=1729...
      Average Passes: 2.0, Time/Memory: 1.03,5220
Running FIXNM with kLevN for N=1000, sparsity=2, k=7, seed=1729...
      Average Passes: 2.0, Time/Memory: 1.01,5192
Running FIXNM with kLevN for N=1000, sparsity=2, k=8, seed=1729...
      Average Passes: 1.99, Time/Memory: 1.04,5192
Running FIXNM with kLevN for N=1000, sparsity=2, k=9, seed=1729...
      Average Passes: 1.88, Time/Memory: 1.01,5192
Running FIXNM with kLevN for N=1000, sparsity=2, k=10, seed=1729...
      Average Passes: 1.0, Time/Memory: 0.29,10320
Running FIXNM with kLevN for N=1000, sparsity=2, k=12, seed=1729...
      Average Passes: 1.0, Time/Memory: 0.29,10360
Running FIXNM with kLevN for N=1000, sparsity=2, k=14, seed=1729...
      Average Passes: 1.0, Time/Memory: 0.28,10332
Running FIXNM with kLevN for N=1000, sparsity=2, k=16, seed=1729...
      Average Passes: 1.0, Time/Memory: 0.27,10368
Running FIXNM with kLevN for N=1000, sparsity=2, k=18, seed=1729...
      Average Passes: 1.0, Time/Memory: 0.29,10332
Running FIXNM with kLevN for N=1000, sparsity=2, k=20, seed=1729...
      Average Passes: 1.0, Time/Memory: 0.28,10312
Running FIXNM with kLevN for N=1000, sparsity=2, k=25, seed=1729...
      Average Passes: 1.0, Time/Memory: 0.28,10312
Running FIXNM with kLevN for N=1000, sparsity=2, k=30, seed=1729...
      Average Passes: 1.0, Time/Memory: 0.27,10420
Running FIXNM with kLevN for N=1000, sparsity=2, k=35, seed=1729...
      Average Passes: 1.0, Time/Memory: 0.27,10340
Running FIXNM with kLevN for N=1000, sparsity=2, k=40, seed=1729...
      Average Passes: 1.0, Time/Memory: 0.29,10340
Running FIXNM with kLevN for N=1000, sparsity=2, k=50, seed=1729...
      Average Passes: 1.0, Time/Memory: 0.28,10312
Running FIXNM with kLevN for N=1000, sparsity=2, k=75, seed=1729...
      Average Passes: 1.0, Time/Memory: 0.28,10344
Running FIXNM with kLevN for N=1000, sparsity=2, k=100, seed=1729...
      Average Passes: 1.0, Time/Memory: 0.29,10348
Running FIXNM with kLevN for N=1000, sparsity=2, k=250, seed=1729...
      Average Passes: 1.0, Time/Memory: 0.28,10308
Running FIXNM with kLevN for N=1000, sparsity=2, k=500, seed=1729...
      Average Passes: 1.0, Time/Memory: 0.29,10308
Running FIXNM with kLevN for N=1000, sparsity=2, k=750, seed=1729...
      Average Passes: 1.0, Time/Memory: 0.28,10312
Running FIXNM with kLevN for N=1000, sparsity=2, k=1000, seed=1729...
      Average Passes: 1.0, Time/Memory: 0.29,10312
Running FIXNM with kLevN for N=1000, sparsity=2, k=2500, seed=1729...
      Average Passes: 1.0, Time/Memory: 0.28,10308
Running FIXNM with kLevN for N=1000, sparsity=2, k=5000, seed=1729...
      Average Passes: 1.0, Time/Memory: 0.28,10312
Running FIXNM with kLevN for N=1000, sparsity=2, k=7500, seed=1729...
      Average Passes: 1.0, Time/Memory: 0.29,10340
Running FIXNM with kLevN for N=1000, sparsity=2, k=10000, seed=1729...
      Average Passes: 1.0, Time/Memory: 0.28,10312
