Graph already exists at: ./input/random_graphs/graph_1000_499500_POWLAW_6230961512046992311.txt
Graph already exists at: ./input/random_graphs/graph_1000_499500_POWLAW_7871178979383552919.txt
Graph already exists at: ./input/random_graphs/graph_1000_499500_POWLAW_5739955973604961613.txt
Graph already exists at: ./input/random_graphs/graph_1000_499500_POWLAW_3881801951614183357.txt
Graph already exists at: ./input/random_graphs/graph_1000_499500_POWLAW_7032710160631691991.txt
Graph already exists at: ./input/random_graphs/graph_1000_499500_POWLAW_7599700178212337699.txt
Graph already exists at: ./input/random_graphs/graph_1000_499500_POWLAW_1353182403971399009.txt
Graph already exists at: ./input/random_graphs/graph_1000_499500_POWLAW_1070244953599069350.txt
Graph already exists at: ./input/random_graphs/graph_1000_499500_POWLAW_6522163754831416203.txt
Graph already exists at: ./input/random_graphs/graph_1000_499500_POWLAW_6938562734920028532.txt
Graph already exists at: ./input/random_graphs/graph_1000_499500_POWLAW_4040737767143389431.txt
Graph already exists at: ./input/random_graphs/graph_1000_499500_POWLAW_1250005700364523649.txt
Graph already exists at: ./input/random_graphs/graph_1000_499500_POWLAW_1309542850049879452.txt
Graph already exists at: ./input/random_graphs/graph_1000_499500_POWLAW_2429002973740178792.txt
Graph already exists at: ./input/random_graphs/graph_1000_499500_POWLAW_7663871783842725848.txt
Graph already exists at: ./input/random_graphs/graph_1000_499500_POWLAW_320375091487821987.txt
Graph already exists at: ./input/random_graphs/graph_1000_499500_POWLAW_5906957480796939447.txt
Graph already exists at: ./input/random_graphs/graph_1000_499500_POWLAW_1250773459040295677.txt
Graph already exists at: ./input/random_graphs/graph_1000_499500_POWLAW_7146860528564146064.txt
Graph already exists at: ./input/random_graphs/graph_1000_499500_POWLAW_3438400432146115956.txt
Graph already exists at: ./input/random_graphs/graph_1000_499500_POWLAW_7473196763798409428.txt
Graph already exists at: ./input/random_graphs/graph_1000_499500_POWLAW_5139481885857321791.txt
Graph already exists at: ./input/random_graphs/graph_1000_499500_POWLAW_5142811650494845597.txt
Graph already exists at: ./input/random_graphs/graph_1000_499500_POWLAW_3010622984418968408.txt
Graph already exists at: ./input/random_graphs/graph_1000_499500_POWLAW_6002685213311538187.txt
Graph already exists at: ./input/random_graphs/graph_1000_499500_POWLAW_5708372698381010775.txt
Graph already exists at: ./input/random_graphs/graph_1000_499500_POWLAW_521787134863155063.txt
Graph already exists at: ./input/random_graphs/graph_1000_499500_POWLAW_1731523882129807996.txt
Graph already exists at: ./input/random_graphs/graph_1000_499500_POWLAW_1853590723603270879.txt
Graph already exists at: ./input/random_graphs/graph_1000_499500_POWLAW_7029781962072644698.txt
Graph already exists at: ./input/random_graphs/graph_1000_499500_POWLAW_6785030173969523435.txt
Graph already exists at: ./input/random_graphs/graph_1000_499500_POWLAW_5529616217668449934.txt
Graph already exists at: ./input/random_graphs/graph_1000_499500_POWLAW_1024517563182776983.txt
Graph already exists at: ./input/random_graphs/graph_1000_499500_POWLAW_3224265581699847191.txt
Graph already exists at: ./input/random_graphs/graph_1000_499500_POWLAW_5258051056098597521.txt
Graph already exists at: ./input/random_graphs/graph_1000_499500_POWLAW_1647170069535670909.txt
Graph already exists at: ./input/random_graphs/graph_1000_499500_POWLAW_4122784633514911760.txt
Graph already exists at: ./input/random_graphs/graph_1000_499500_POWLAW_7706236040662210848.txt
Graph already exists at: ./input/random_graphs/graph_1000_499500_POWLAW_824387247617288499.txt
Graph already exists at: ./input/random_graphs/graph_1000_499500_POWLAW_1632192924771168275.txt
Graph already exists at: ./input/random_graphs/graph_1000_499500_POWLAW_7161906730445628483.txt
Graph already exists at: ./input/random_graphs/graph_1000_499500_POWLAW_6802378520969450157.txt
Graph already exists at: ./input/random_graphs/graph_1000_499500_POWLAW_4552998297316576788.txt
Graph already exists at: ./input/random_graphs/graph_1000_499500_POWLAW_8031431416522537101.txt
Graph already exists at: ./input/random_graphs/graph_1000_499500_POWLAW_6143643868734370809.txt
Graph already exists at: ./input/random_graphs/graph_1000_499500_POWLAW_3272308573967577038.txt
Graph already exists at: ./input/random_graphs/graph_1000_499500_POWLAW_5636411189175451024.txt
Graph already exists at: ./input/random_graphs/graph_1000_499500_POWLAW_5349491008325879064.txt
Graph already exists at: ./input/random_graphs/graph_1000_499500_POWLAW_6614505080519948832.txt
Graph already exists at: ./input/random_graphs/graph_1000_499500_POWLAW_7938560551762094560.txt
Graph already exists at: ./input/random_graphs/graph_1000_499500_POWLAW_7917045922527545890.txt
Graph already exists at: ./input/random_graphs/graph_1000_499500_POWLAW_4445925461710302877.txt
Graph already exists at: ./input/random_graphs/graph_1000_499500_POWLAW_3865339568260874865.txt
Graph already exists at: ./input/random_graphs/graph_1000_499500_POWLAW_7921282862123281598.txt
Graph already exists at: ./input/random_graphs/graph_1000_499500_POWLAW_6224222471595207695.txt
Graph already exists at: ./input/random_graphs/graph_1000_499500_POWLAW_1128313391724783137.txt
Graph already exists at: ./input/random_graphs/graph_1000_499500_POWLAW_716820155901718944.txt
Graph already exists at: ./input/random_graphs/graph_1000_499500_POWLAW_8718380604043999642.txt
Graph already exists at: ./input/random_graphs/graph_1000_499500_POWLAW_5063475852268941542.txt
Graph already exists at: ./input/random_graphs/graph_1000_499500_POWLAW_4997514996153925447.txt
Graph already exists at: ./input/random_graphs/graph_1000_499500_POWLAW_8446481348147407377.txt
Graph already exists at: ./input/random_graphs/graph_1000_499500_POWLAW_3817405844514670994.txt
Graph already exists at: ./input/random_graphs/graph_1000_499500_POWLAW_6529943913552561417.txt
Graph already exists at: ./input/random_graphs/graph_1000_499500_POWLAW_2909934787168262407.txt
Graph already exists at: ./input/random_graphs/graph_1000_499500_POWLAW_1170385908854608748.txt
Graph already exists at: ./input/random_graphs/graph_1000_499500_POWLAW_6022436717541034636.txt
Graph already exists at: ./input/random_graphs/graph_1000_499500_POWLAW_199422815561151340.txt
Graph already exists at: ./input/random_graphs/graph_1000_499500_POWLAW_3713827327871807734.txt
Graph already exists at: ./input/random_graphs/graph_1000_499500_POWLAW_175493991617213850.txt
Graph already exists at: ./input/random_graphs/graph_1000_499500_POWLAW_5108599054664628607.txt
Graph already exists at: ./input/random_graphs/graph_1000_499500_POWLAW_6764066939395682287.txt
Graph already exists at: ./input/random_graphs/graph_1000_499500_POWLAW_9130666990809746335.txt
Graph already exists at: ./input/random_graphs/graph_1000_499500_POWLAW_7644420139408884785.txt
Graph already exists at: ./input/random_graphs/graph_1000_499500_POWLAW_1458186392400727732.txt
Graph already exists at: ./input/random_graphs/graph_1000_499500_POWLAW_1392892770529522614.txt
Graph already exists at: ./input/random_graphs/graph_1000_499500_POWLAW_9060210648189963449.txt
Graph already exists at: ./input/random_graphs/graph_1000_499500_POWLAW_4250897495980125004.txt
Graph already exists at: ./input/random_graphs/graph_1000_499500_POWLAW_8794274795737982182.txt
Graph already exists at: ./input/random_graphs/graph_1000_499500_POWLAW_2089506265998900862.txt
Graph already exists at: ./input/random_graphs/graph_1000_499500_POWLAW_5497874167834979553.txt
Graph already exists at: ./input/random_graphs/graph_1000_499500_POWLAW_4060584409398689268.txt
Graph already exists at: ./input/random_graphs/graph_1000_499500_POWLAW_1332005502874566195.txt
Graph already exists at: ./input/random_graphs/graph_1000_499500_POWLAW_1722224698700348310.txt
Graph already exists at: ./input/random_graphs/graph_1000_499500_POWLAW_8626102704817790064.txt
Graph already exists at: ./input/random_graphs/graph_1000_499500_POWLAW_7905487461282246979.txt
Graph already exists at: ./input/random_graphs/graph_1000_499500_POWLAW_8448596294177070022.txt
Graph already exists at: ./input/random_graphs/graph_1000_499500_POWLAW_4795749165124911768.txt
Graph already exists at: ./input/random_graphs/graph_1000_499500_POWLAW_4934890601268679176.txt
Graph already exists at: ./input/random_graphs/graph_1000_499500_POWLAW_1992204328026194281.txt
Graph already exists at: ./input/random_graphs/graph_1000_499500_POWLAW_7118744415197196276.txt
Graph already exists at: ./input/random_graphs/graph_1000_499500_POWLAW_2718103348384927511.txt
Graph already exists at: ./input/random_graphs/graph_1000_499500_POWLAW_9059990922233379852.txt
Graph already exists at: ./input/random_graphs/graph_1000_499500_POWLAW_7449662661572224354.txt
Graph already exists at: ./input/random_graphs/graph_1000_499500_POWLAW_3221421291694197220.txt
Graph already exists at: ./input/random_graphs/graph_1000_499500_POWLAW_8867616339855336876.txt
Graph already exists at: ./input/random_graphs/graph_1000_499500_POWLAW_5894893360759659423.txt
Graph already exists at: ./input/random_graphs/graph_1000_499500_POWLAW_7983805977214098674.txt
Graph already exists at: ./input/random_graphs/graph_1000_499500_POWLAW_4940913311242578590.txt
Graph already exists at: ./input/random_graphs/graph_1000_499500_POWLAW_2264398621601381987.txt
Graph already exists at: ./input/random_graphs/graph_1000_499500_POWLAW_7632458674696225362.txt
Running VARK with 100 iterations, for N = 10,00 and sparsity code 4 for k from 1 to N and seed token 1729
Generating 100 graph(s) with N=1000, sparsity=4, seed=1729...
Running FIXNM with kPath0 for N=1000, sparsity=4, k=1, seed=1729...
      Average Passes: 66.47, Time/Memory: 841.85,3108
Running FIXNM with kPath0 for N=1000, sparsity=4, k=2, seed=1729...
      Average Passes: 33.31, Time/Memory: 412.41,3108
Running FIXNM with kPath0 for N=1000, sparsity=4, k=3, seed=1729...
      Average Passes: 22.7, Time/Memory: 279.64,3128
Running FIXNM with kPath0 for N=1000, sparsity=4, k=4, seed=1729...
      Average Passes: 18.0, Time/Memory: 227.89,3144
Running FIXNM with kPath0 for N=1000, sparsity=4, k=5, seed=1729...
      Average Passes: 15.24, Time/Memory: 189.22,4132
Running FIXNM with kPath0 for N=1000, sparsity=4, k=6, seed=1729...
      Average Passes: 13.46, Time/Memory: 167.39,5188
Running FIXNM with kPath0 for N=1000, sparsity=4, k=7, seed=1729...
      Average Passes: 12.12, Time/Memory: 150.91,5184
Running FIXNM with kPath0 for N=1000, sparsity=4, k=8, seed=1729...
      Average Passes: 11.09, Time/Memory: 139.20,5200
Running FIXNM with kPath0 for N=1000, sparsity=4, k=9, seed=1729...
      Average Passes: 10.39, Time/Memory: 129.24,4160
Running FIXNM with kPath0 for N=1000, sparsity=4, k=10, seed=1729...
      Average Passes: 9.75, Time/Memory: 120.30,4136
Running FIXNM with kPath0 for N=1000, sparsity=4, k=12, seed=1729...
      Average Passes: 8.83, Time/Memory: 110.01,5176
Running FIXNM with kPath0 for N=1000, sparsity=4, k=14, seed=1729...
      Average Passes: 7.95, Time/Memory: 98.67,4240
Running FIXNM with kPath0 for N=1000, sparsity=4, k=16, seed=1729...
      Average Passes: 7.59, Time/Memory: 94.66,6224
Running FIXNM with kPath0 for N=1000, sparsity=4, k=18, seed=1729...
      Average Passes: 7.06, Time/Memory: 88.27,6240
Running FIXNM with kPath0 for N=1000, sparsity=4, k=20, seed=1729...
      Average Passes: 6.72, Time/Memory: 84.38,5188
Running FIXNM with kPath0 for N=1000, sparsity=4, k=25, seed=1729...
      Average Passes: 5.77, Time/Memory: 73.74,6200
Running FIXNM with kPath0 for N=1000, sparsity=4, k=30, seed=1729...
      Average Passes: 5.7, Time/Memory: 71.20,6204
Running FIXNM with kPath0 for N=1000, sparsity=4, k=35, seed=1729...
      Average Passes: 5.36, Time/Memory: 67.62,7208
Running FIXNM with kPath0 for N=1000, sparsity=4, k=40, seed=1729...
      Average Passes: 4.82, Time/Memory: 61.51,7216
Running FIXNM with kPath0 for N=1000, sparsity=4, k=50, seed=1729...
      Average Passes: 4.47, Time/Memory: 56.88,9312
Running FIXNM with kPath0 for N=1000, sparsity=4, k=75, seed=1729...
      Average Passes: 3.57, Time/Memory: 46.64,11348
Running FIXNM with kPath0 for N=1000, sparsity=4, k=100, seed=1729...
      Average Passes: 3.29, Time/Memory: 43.12,12408
Running FIXNM with kPath0 for N=1000, sparsity=4, k=250, seed=1729...
      Average Passes: 3.0, Time/Memory: 45.34,26740
Running FIXNM with kPath0 for N=1000, sparsity=4, k=500, seed=1729...
      Average Passes: 2.02, Time/Memory: 52.79,51264
Running FIXNM with kPath0 for N=1000, sparsity=4, k=750, seed=1729...
      Average Passes: 2.0, Time/Memory: 51.56,50208
Running FIXNM with kPath0 for N=1000, sparsity=4, k=1000, seed=1729...
      Average Passes: 2.0, Time/Memory: 51.65,50212
Running FIXNM with kPath0 for N=1000, sparsity=4, k=2500, seed=1729...
      Average Passes: 2.0, Time/Memory: 51.63,51296
Running FIXNM with kPath0 for N=1000, sparsity=4, k=5000, seed=1729...
      Average Passes: 2.0, Time/Memory: 51.51,51292
Running FIXNM with kPath0 for N=1000, sparsity=4, k=7500, seed=1729...
      Average Passes: 2.0, Time/Memory: 51.57,50228
Running FIXNM with kPath0 for N=1000, sparsity=4, k=10000, seed=1729...
      Average Passes: 2.0, Time/Memory: 51.70,50212
Running FIXNM with kPathN for N=1000, sparsity=4, k=1, seed=1729...
      Average Passes: 40.11, Time/Memory: 503.55,3108
Running FIXNM with kPathN for N=1000, sparsity=4, k=2, seed=1729...
      Average Passes: 16.66, Time/Memory: 205.35,3108
Running FIXNM with kPathN for N=1000, sparsity=4, k=3, seed=1729...
      Average Passes: 12.83, Time/Memory: 160.31,3108
Running FIXNM with kPathN for N=1000, sparsity=4, k=4, seed=1729...
      Average Passes: 10.74, Time/Memory: 133.96,4168
Running FIXNM with kPathN for N=1000, sparsity=4, k=5, seed=1729...
      Average Passes: 9.43, Time/Memory: 121.87,4216
Running FIXNM with kPathN for N=1000, sparsity=4, k=6, seed=1729...
      Average Passes: 8.48, Time/Memory: 106.91,4172
Running FIXNM with kPathN for N=1000, sparsity=4, k=7, seed=1729...
      Average Passes: 7.71, Time/Memory: 98.58,4132
Running FIXNM with kPathN for N=1000, sparsity=4, k=8, seed=1729...
      Average Passes: 7.08, Time/Memory: 89.88,4132
Running FIXNM with kPathN for N=1000, sparsity=4, k=9, seed=1729...
      Average Passes: 6.69, Time/Memory: 86.32,4216
Running FIXNM with kPathN for N=1000, sparsity=4, k=10, seed=1729...
      Average Passes: 6.19, Time/Memory: 78.45,4132
Running FIXNM with kPathN for N=1000, sparsity=4, k=12, seed=1729...
      Average Passes: 5.64, Time/Memory: 71.55,5176
Running FIXNM with kPathN for N=1000, sparsity=4, k=14, seed=1729...
      Average Passes: 5.22, Time/Memory: 65.80,5196
Running FIXNM with kPathN for N=1000, sparsity=4, k=16, seed=1729...
      Average Passes: 5.07, Time/Memory: 65.49,5156
Running FIXNM with kPathN for N=1000, sparsity=4, k=18, seed=1729...
      Average Passes: 4.46, Time/Memory: 56.72,6200
Running FIXNM with kPathN for N=1000, sparsity=4, k=20, seed=1729...
      Average Passes: 4.23, Time/Memory: 54.05,5244
Running FIXNM with kPathN for N=1000, sparsity=4, k=25, seed=1729...
      Average Passes: 4.16, Time/Memory: 53.04,6212
Running FIXNM with kPathN for N=1000, sparsity=4, k=30, seed=1729...
      Average Passes: 3.25, Time/Memory: 43.45,6180
Running FIXNM with kPathN for N=1000, sparsity=4, k=35, seed=1729...
      Average Passes: 3.24, Time/Memory: 42.13,6216
Running FIXNM with kPathN for N=1000, sparsity=4, k=40, seed=1729...
      Average Passes: 3.23, Time/Memory: 41.95,7204
Running FIXNM with kPathN for N=1000, sparsity=4, k=50, seed=1729...
      Average Passes: 3.16, Time/Memory: 41.61,9264
Running FIXNM with kPathN for N=1000, sparsity=4, k=75, seed=1729...
      Average Passes: 2.24, Time/Memory: 30.09,11360
Running FIXNM with kPathN for N=1000, sparsity=4, k=100, seed=1729...
      Average Passes: 2.23, Time/Memory: 30.03,12324
Running FIXNM with kPathN for N=1000, sparsity=4, k=250, seed=1729...
      Average Passes: 1.95, Time/Memory: 33.24,26676
Running FIXNM with kPathN for N=1000, sparsity=4, k=500, seed=1729...
      Average Passes: 1.0, Time/Memory: 12.40,18996
Running FIXNM with kPathN for N=1000, sparsity=4, k=750, seed=1729...
      Average Passes: 1.0, Time/Memory: 12.06,19244
Running FIXNM with kPathN for N=1000, sparsity=4, k=1000, seed=1729...
      Average Passes: 1.0, Time/Memory: 11.84,18860
Running FIXNM with kPathN for N=1000, sparsity=4, k=2500, seed=1729...
      Average Passes: 1.0, Time/Memory: 12.05,18980
Running FIXNM with kPathN for N=1000, sparsity=4, k=5000, seed=1729...
      Average Passes: 1.0, Time/Memory: 12.05,19192
Running FIXNM with kPathN for N=1000, sparsity=4, k=7500, seed=1729...
      Average Passes: 1.0, Time/Memory: 12.08,18860
Running FIXNM with kPathN for N=1000, sparsity=4, k=10000, seed=1729...
      Average Passes: 1.0, Time/Memory: 12.42,19148
Running FIXNM with kLev0 for N=1000, sparsity=4, k=1, seed=1729...
      Average Passes: 3.0, Time/Memory: 51.86,4136
Running FIXNM with kLev0 for N=1000, sparsity=4, k=2, seed=1729...
      Average Passes: 3.0, Time/Memory: 52.10,3124
Running FIXNM with kLev0 for N=1000, sparsity=4, k=3, seed=1729...
      Average Passes: 3.0, Time/Memory: 52.74,4152
Running FIXNM with kLev0 for N=1000, sparsity=4, k=4, seed=1729...
      Average Passes: 3.0, Time/Memory: 52.42,4148
Running FIXNM with kLev0 for N=1000, sparsity=4, k=5, seed=1729...
      Average Passes: 3.0, Time/Memory: 52.58,3196
Running FIXNM with kLev0 for N=1000, sparsity=4, k=6, seed=1729...
      Average Passes: 3.0, Time/Memory: 53.74,4156
Running FIXNM with kLev0 for N=1000, sparsity=4, k=7, seed=1729...
      Average Passes: 3.0, Time/Memory: 51.96,4152
Running FIXNM with kLev0 for N=1000, sparsity=4, k=8, seed=1729...
      Average Passes: 3.0, Time/Memory: 52.39,4152
Running FIXNM with kLev0 for N=1000, sparsity=4, k=9, seed=1729...
      Average Passes: 3.0, Time/Memory: 53.94,3132
Running FIXNM with kLev0 for N=1000, sparsity=4, k=10, seed=1729...
      Average Passes: 3.0, Time/Memory: 53.75,4148
Running FIXNM with kLev0 for N=1000, sparsity=4, k=12, seed=1729...
      Average Passes: 3.0, Time/Memory: 53.37,4152
Running FIXNM with kLev0 for N=1000, sparsity=4, k=14, seed=1729...
      Average Passes: 3.0, Time/Memory: 51.87,5172
Running FIXNM with kLev0 for N=1000, sparsity=4, k=16, seed=1729...
      Average Passes: 3.0, Time/Memory: 54.01,4156
Running FIXNM with kLev0 for N=1000, sparsity=4, k=18, seed=1729...
      Average Passes: 3.0, Time/Memory: 53.16,5216
Running FIXNM with kLev0 for N=1000, sparsity=4, k=20, seed=1729...
      Average Passes: 3.0, Time/Memory: 53.20,4152
Running FIXNM with kLev0 for N=1000, sparsity=4, k=25, seed=1729...
      Average Passes: 3.01, Time/Memory: 54.02,5208
Running FIXNM with kLev0 for N=1000, sparsity=4, k=30, seed=1729...
      Average Passes: 3.01, Time/Memory: 52.87,5212
Running FIXNM with kLev0 for N=1000, sparsity=4, k=35, seed=1729...
      Average Passes: 3.0, Time/Memory: 53.93,4172
Running FIXNM with kLev0 for N=1000, sparsity=4, k=40, seed=1729...
      Average Passes: 3.0, Time/Memory: 53.67,5176
Running FIXNM with kLev0 for N=1000, sparsity=4, k=50, seed=1729...
      Average Passes: 3.0, Time/Memory: 53.84,5204
Running FIXNM with kLev0 for N=1000, sparsity=4, k=75, seed=1729...
      Average Passes: 3.0, Time/Memory: 52.45,6192
Running FIXNM with kLev0 for N=1000, sparsity=4, k=100, seed=1729...
      Average Passes: 3.0, Time/Memory: 53.54,6220
Running FIXNM with kLev0 for N=1000, sparsity=4, k=250, seed=1729...
      Average Passes: 3.0, Time/Memory: 52.67,10276
Running FIXNM with kLev0 for N=1000, sparsity=4, k=500, seed=1729...
      Average Passes: 3.0, Time/Memory: 51.83,15476
Running FIXNM with kLev0 for N=1000, sparsity=4, k=750, seed=1729...
      Average Passes: 3.0, Time/Memory: 50.20,18428
Running FIXNM with kLev0 for N=1000, sparsity=4, k=1000, seed=1729...
      Average Passes: 2.0, Time/Memory: 37.68,18468
Running FIXNM with kLev0 for N=1000, sparsity=4, k=2500, seed=1729...
      Average Passes: 2.0, Time/Memory: 38.32,18468
Running FIXNM with kLev0 for N=1000, sparsity=4, k=5000, seed=1729...
      Average Passes: 2.0, Time/Memory: 37.43,19552
Running FIXNM with kLev0 for N=1000, sparsity=4, k=7500, seed=1729...
      Average Passes: 2.0, Time/Memory: 38.07,19512
Running FIXNM with kLev0 for N=1000, sparsity=4, k=10000, seed=1729...
      Average Passes: 2.0, Time/Memory: 38.21,19540
Running FIXNM with kLevN for N=1000, sparsity=4, k=1, seed=1729...
      Average Passes: 2.0, Time/Memory: 40.08,4148
Running FIXNM with kLevN for N=1000, sparsity=4, k=2, seed=1729...
      Average Passes: 2.0, Time/Memory: 39.88,4160
Running FIXNM with kLevN for N=1000, sparsity=4, k=3, seed=1729...
      Average Passes: 2.0, Time/Memory: 40.67,5176
Running FIXNM with kLevN for N=1000, sparsity=4, k=4, seed=1729...
      Average Passes: 2.0, Time/Memory: 40.53,5176
Running FIXNM with kLevN for N=1000, sparsity=4, k=5, seed=1729...
      Average Passes: 2.0, Time/Memory: 39.78,4156
Running FIXNM with kLevN for N=1000, sparsity=4, k=6, seed=1729...
      Average Passes: 2.0, Time/Memory: 40.22,4196
Running FIXNM with kLevN for N=1000, sparsity=4, k=7, seed=1729...
      Average Passes: 2.0, Time/Memory: 40.89,4168
Running FIXNM with kLevN for N=1000, sparsity=4, k=8, seed=1729...
      Average Passes: 2.0, Time/Memory: 40.24,5192
Running FIXNM with kLevN for N=1000, sparsity=4, k=9, seed=1729...
      Average Passes: 2.0, Time/Memory: 40.49,4156
Running FIXNM with kLevN for N=1000, sparsity=4, k=10, seed=1729...
      Average Passes: 2.0, Time/Memory: 39.97,4132
Running FIXNM with kLevN for N=1000, sparsity=4, k=12, seed=1729...
      Average Passes: 2.0, Time/Memory: 40.04,5208
Running FIXNM with kLevN for N=1000, sparsity=4, k=14, seed=1729...
      Average Passes: 2.0, Time/Memory: 40.08,5184
Running FIXNM with kLevN for N=1000, sparsity=4, k=16, seed=1729...
      Average Passes: 2.0, Time/Memory: 40.85,6196
Running FIXNM with kLevN for N=1000, sparsity=4, k=18, seed=1729...
      Average Passes: 2.0, Time/Memory: 42.16,5216
Running FIXNM with kLevN for N=1000, sparsity=4, k=20, seed=1729...
      Average Passes: 2.0, Time/Memory: 41.27,5176
Running FIXNM with kLevN for N=1000, sparsity=4, k=25, seed=1729...
      Average Passes: 1.98, Time/Memory: 41.83,5184
Running FIXNM with kLevN for N=1000, sparsity=4, k=30, seed=1729...
      Average Passes: 1.86, Time/Memory: 38.80,7256
Running FIXNM with kLevN for N=1000, sparsity=4, k=35, seed=1729...
      Average Passes: 1.7, Time/Memory: 35.71,6296
Running FIXNM with kLevN for N=1000, sparsity=4, k=40, seed=1729...
      Average Passes: 1.48, Time/Memory: 32.16,7248
Running FIXNM with kLevN for N=1000, sparsity=4, k=50, seed=1729...
      Average Passes: 1.38, Time/Memory: 30.89,8308
Running FIXNM with kLevN for N=1000, sparsity=4, k=75, seed=1729...
      Average Passes: 1.3, Time/Memory: 29.63,10296
Running FIXNM with kLevN for N=1000, sparsity=4, k=100, seed=1729...
      Average Passes: 1.28, Time/Memory: 29.88,12360
Running FIXNM with kLevN for N=1000, sparsity=4, k=250, seed=1729...
      Average Passes: 1.28, Time/Memory: 34.10,26660
Running FIXNM with kLevN for N=1000, sparsity=4, k=500, seed=1729...
      Average Passes: 1.0, Time/Memory: 12.22,18636
Running FIXNM with kLevN for N=1000, sparsity=4, k=750, seed=1729...
      Average Passes: 1.0, Time/Memory: 12.05,19764
Running FIXNM with kLevN for N=1000, sparsity=4, k=1000, seed=1729...
      Average Passes: 1.0, Time/Memory: 12.43,19156
Running FIXNM with kLevN for N=1000, sparsity=4, k=2500, seed=1729...
      Average Passes: 1.0, Time/Memory: 12.09,19040
Running FIXNM with kLevN for N=1000, sparsity=4, k=5000, seed=1729...
      Average Passes: 1.0, Time/Memory: 12.07,18732
Running FIXNM with kLevN for N=1000, sparsity=4, k=7500, seed=1729...
      Average Passes: 1.0, Time/Memory: 12.46,18692
Running FIXNM with kLevN for N=1000, sparsity=4, k=10000, seed=1729...
      Average Passes: 1.0, Time/Memory: 11.94,19628
