Graph already exists at: ./input/random_graphs/graph_1000_499500_POWLAW_6230961512046992311.txt
Graph already exists at: ./input/random_graphs/graph_1000_499500_POWLAW_7871178979383552919.txt
Graph already exists at: ./input/random_graphs/graph_1000_499500_POWLAW_5739955973604961613.txt
Graph already exists at: ./input/random_graphs/graph_1000_499500_POWLAW_3881801951614183357.txt
Graph already exists at: ./input/random_graphs/graph_1000_499500_POWLAW_7032710160631691991.txt
Graph already exists at: ./input/random_graphs/graph_1000_499500_POWLAW_7599700178212337699.txt
Graph already exists at: ./input/random_graphs/graph_1000_499500_POWLAW_1353182403971399009.txt
Graph already exists at: ./input/random_graphs/graph_1000_499500_POWLAW_1070244953599069350.txt
Graph already exists at: ./input/random_graphs/graph_1000_499500_POWLAW_6522163754831416203.txt
Graph already exists at: ./input/random_graphs/graph_1000_499500_POWLAW_6938562734920028532.txt
Graph already exists at: ./input/random_graphs/graph_1000_499500_POWLAW_4040737767143389431.txt
Graph already exists at: ./input/random_graphs/graph_1000_499500_POWLAW_1250005700364523649.txt
Graph already exists at: ./input/random_graphs/graph_1000_499500_POWLAW_1309542850049879452.txt
Graph already exists at: ./input/random_graphs/graph_1000_499500_POWLAW_2429002973740178792.txt
Graph already exists at: ./input/random_graphs/graph_1000_499500_POWLAW_7663871783842725848.txt
Graph already exists at: ./input/random_graphs/graph_1000_499500_POWLAW_320375091487821987.txt
Graph already exists at: ./input/random_graphs/graph_1000_499500_POWLAW_5906957480796939447.txt
Graph already exists at: ./input/random_graphs/graph_1000_499500_POWLAW_1250773459040295677.txt
Graph already exists at: ./input/random_graphs/graph_1000_499500_POWLAW_7146860528564146064.txt
Graph already exists at: ./input/random_graphs/graph_1000_499500_POWLAW_3438400432146115956.txt
Graph already exists at: ./input/random_graphs/graph_1000_499500_POWLAW_7473196763798409428.txt
Graph already exists at: ./input/random_graphs/graph_1000_499500_POWLAW_5139481885857321791.txt
Graph already exists at: ./input/random_graphs/graph_1000_499500_POWLAW_5142811650494845597.txt
Graph already exists at: ./input/random_graphs/graph_1000_499500_POWLAW_3010622984418968408.txt
Graph already exists at: ./input/random_graphs/graph_1000_499500_POWLAW_6002685213311538187.txt
Graph already exists at: ./input/random_graphs/graph_1000_499500_POWLAW_5708372698381010775.txt
Graph already exists at: ./input/random_graphs/graph_1000_499500_POWLAW_521787134863155063.txt
Graph already exists at: ./input/random_graphs/graph_1000_499500_POWLAW_1731523882129807996.txt
Graph already exists at: ./input/random_graphs/graph_1000_499500_POWLAW_1853590723603270879.txt
Graph already exists at: ./input/random_graphs/graph_1000_499500_POWLAW_7029781962072644698.txt
Graph already exists at: ./input/random_graphs/graph_1000_499500_POWLAW_6785030173969523435.txt
Graph already exists at: ./input/random_graphs/graph_1000_499500_POWLAW_5529616217668449934.txt
Graph already exists at: ./input/random_graphs/graph_1000_499500_POWLAW_1024517563182776983.txt
Graph already exists at: ./input/random_graphs/graph_1000_499500_POWLAW_3224265581699847191.txt
Graph already exists at: ./input/random_graphs/graph_1000_499500_POWLAW_5258051056098597521.txt
Graph already exists at: ./input/random_graphs/graph_1000_499500_POWLAW_1647170069535670909.txt
Graph already exists at: ./input/random_graphs/graph_1000_499500_POWLAW_4122784633514911760.txt
Graph already exists at: ./input/random_graphs/graph_1000_499500_POWLAW_7706236040662210848.txt
Graph already exists at: ./input/random_graphs/graph_1000_499500_POWLAW_824387247617288499.txt
Graph already exists at: ./input/random_graphs/graph_1000_499500_POWLAW_1632192924771168275.txt
Graph already exists at: ./input/random_graphs/graph_1000_499500_POWLAW_7161906730445628483.txt
Graph already exists at: ./input/random_graphs/graph_1000_499500_POWLAW_6802378520969450157.txt
Graph already exists at: ./input/random_graphs/graph_1000_499500_POWLAW_4552998297316576788.txt
Graph already exists at: ./input/random_graphs/graph_1000_499500_POWLAW_8031431416522537101.txt
Graph already exists at: ./input/random_graphs/graph_1000_499500_POWLAW_6143643868734370809.txt
Graph already exists at: ./input/random_graphs/graph_1000_499500_POWLAW_3272308573967577038.txt
Graph already exists at: ./input/random_graphs/graph_1000_499500_POWLAW_5636411189175451024.txt
Graph already exists at: ./input/random_graphs/graph_1000_499500_POWLAW_5349491008325879064.txt
Graph already exists at: ./input/random_graphs/graph_1000_499500_POWLAW_6614505080519948832.txt
Graph already exists at: ./input/random_graphs/graph_1000_499500_POWLAW_7938560551762094560.txt
Graph already exists at: ./input/random_graphs/graph_1000_499500_POWLAW_7917045922527545890.txt
Graph already exists at: ./input/random_graphs/graph_1000_499500_POWLAW_4445925461710302877.txt
Graph already exists at: ./input/random_graphs/graph_1000_499500_POWLAW_3865339568260874865.txt
Graph already exists at: ./input/random_graphs/graph_1000_499500_POWLAW_7921282862123281598.txt
Graph already exists at: ./input/random_graphs/graph_1000_499500_POWLAW_6224222471595207695.txt
Graph already exists at: ./input/random_graphs/graph_1000_499500_POWLAW_1128313391724783137.txt
Graph already exists at: ./input/random_graphs/graph_1000_499500_POWLAW_716820155901718944.txt
Graph already exists at: ./input/random_graphs/graph_1000_499500_POWLAW_8718380604043999642.txt
Graph already exists at: ./input/random_graphs/graph_1000_499500_POWLAW_5063475852268941542.txt
Graph already exists at: ./input/random_graphs/graph_1000_499500_POWLAW_4997514996153925447.txt
Graph already exists at: ./input/random_graphs/graph_1000_499500_POWLAW_8446481348147407377.txt
Graph already exists at: ./input/random_graphs/graph_1000_499500_POWLAW_3817405844514670994.txt
Graph already exists at: ./input/random_graphs/graph_1000_499500_POWLAW_6529943913552561417.txt
Graph already exists at: ./input/random_graphs/graph_1000_499500_POWLAW_2909934787168262407.txt
Graph already exists at: ./input/random_graphs/graph_1000_499500_POWLAW_1170385908854608748.txt
Graph already exists at: ./input/random_graphs/graph_1000_499500_POWLAW_6022436717541034636.txt
Graph already exists at: ./input/random_graphs/graph_1000_499500_POWLAW_199422815561151340.txt
Graph already exists at: ./input/random_graphs/graph_1000_499500_POWLAW_3713827327871807734.txt
Graph already exists at: ./input/random_graphs/graph_1000_499500_POWLAW_175493991617213850.txt
Graph already exists at: ./input/random_graphs/graph_1000_499500_POWLAW_5108599054664628607.txt
Graph already exists at: ./input/random_graphs/graph_1000_499500_POWLAW_6764066939395682287.txt
Graph already exists at: ./input/random_graphs/graph_1000_499500_POWLAW_9130666990809746335.txt
Graph already exists at: ./input/random_graphs/graph_1000_499500_POWLAW_7644420139408884785.txt
Graph already exists at: ./input/random_graphs/graph_1000_499500_POWLAW_1458186392400727732.txt
Graph already exists at: ./input/random_graphs/graph_1000_499500_POWLAW_1392892770529522614.txt
Graph already exists at: ./input/random_graphs/graph_1000_499500_POWLAW_9060210648189963449.txt
Graph already exists at: ./input/random_graphs/graph_1000_499500_POWLAW_4250897495980125004.txt
Graph already exists at: ./input/random_graphs/graph_1000_499500_POWLAW_8794274795737982182.txt
Graph already exists at: ./input/random_graphs/graph_1000_499500_POWLAW_2089506265998900862.txt
Graph already exists at: ./input/random_graphs/graph_1000_499500_POWLAW_5497874167834979553.txt
Graph already exists at: ./input/random_graphs/graph_1000_499500_POWLAW_4060584409398689268.txt
Graph already exists at: ./input/random_graphs/graph_1000_499500_POWLAW_1332005502874566195.txt
Graph already exists at: ./input/random_graphs/graph_1000_499500_POWLAW_1722224698700348310.txt
Graph already exists at: ./input/random_graphs/graph_1000_499500_POWLAW_8626102704817790064.txt
Graph already exists at: ./input/random_graphs/graph_1000_499500_POWLAW_7905487461282246979.txt
Graph already exists at: ./input/random_graphs/graph_1000_499500_POWLAW_8448596294177070022.txt
Graph already exists at: ./input/random_graphs/graph_1000_499500_POWLAW_4795749165124911768.txt
Graph already exists at: ./input/random_graphs/graph_1000_499500_POWLAW_4934890601268679176.txt
Graph already exists at: ./input/random_graphs/graph_1000_499500_POWLAW_1992204328026194281.txt
Graph already exists at: ./input/random_graphs/graph_1000_499500_POWLAW_7118744415197196276.txt
Graph already exists at: ./input/random_graphs/graph_1000_499500_POWLAW_2718103348384927511.txt
Graph already exists at: ./input/random_graphs/graph_1000_499500_POWLAW_9059990922233379852.txt
Graph already exists at: ./input/random_graphs/graph_1000_499500_POWLAW_7449662661572224354.txt
Graph already exists at: ./input/random_graphs/graph_1000_499500_POWLAW_3221421291694197220.txt
Graph already exists at: ./input/random_graphs/graph_1000_499500_POWLAW_8867616339855336876.txt
Graph already exists at: ./input/random_graphs/graph_1000_499500_POWLAW_5894893360759659423.txt
Graph already exists at: ./input/random_graphs/graph_1000_499500_POWLAW_7983805977214098674.txt
Graph already exists at: ./input/random_graphs/graph_1000_499500_POWLAW_4940913311242578590.txt
Graph already exists at: ./input/random_graphs/graph_1000_499500_POWLAW_2264398621601381987.txt
Graph already exists at: ./input/random_graphs/graph_1000_499500_POWLAW_7632458674696225362.txt
Running VARK with 100 iterations, for N = 1000 and sparsity code 4 for k from 1 to N and seed token 1729
Generating 100 graph(s) with N=1000, sparsity=4, seed=1729...
Running FIXNM with kPath0 for N=1000, sparsity=4, k=50, seed=1729...
      Average Passes: 4.47, Time/Memory: 57.64,8260
Running FIXNM with kPath0 for N=1000, sparsity=4, k=60, seed=1729...
      Average Passes: 4.44, Time/Memory: 57.35,9304
Running FIXNM with kPath0 for N=1000, sparsity=4, k=70, seed=1729...
      Average Passes: 3.75, Time/Memory: 48.09,10276
Running FIXNM with kPath0 for N=1000, sparsity=4, k=80, seed=1729...
      Average Passes: 3.53, Time/Memory: 45.42,10316
Running FIXNM with kPath0 for N=1000, sparsity=4, k=90, seed=1729...
      Average Passes: 3.47, Time/Memory: 46.18,11340
Running FIXNM with kPath0 for N=1000, sparsity=4, k=100, seed=1729...
      Average Passes: 3.29, Time/Memory: 43.44,12404
Running FIXNM with kPath0 for N=1000, sparsity=4, k=150, seed=1729...
      Average Passes: 3.24, Time/Memory: 44.02,17456
Running FIXNM with kPath0 for N=1000, sparsity=4, k=200, seed=1729...
      Average Passes: 3.0, Time/Memory: 42.18,21540
Running FIXNM with kPath0 for N=1000, sparsity=4, k=250, seed=1729...
      Average Passes: 3.0, Time/Memory: 45.28,27704
Running FIXNM with kPath0 for N=1000, sparsity=4, k=300, seed=1729...
      Average Passes: 2.96, Time/Memory: 47.82,31780
Running FIXNM with kPath0 for N=1000, sparsity=4, k=350, seed=1729...
      Average Passes: 2.86, Time/Memory: 51.30,35876
Running FIXNM with kPath0 for N=1000, sparsity=4, k=400, seed=1729...
      Average Passes: 2.73, Time/Memory: 52.97,41008
Running FIXNM with kPath0 for N=1000, sparsity=4, k=450, seed=1729...
      Average Passes: 2.56, Time/Memory: 54.81,45156
Running FIXNM with kPath0 for N=1000, sparsity=4, k=500, seed=1729...
      Average Passes: 2.02, Time/Memory: 54.90,50212
Running FIXNM with kPath0 for N=1000, sparsity=4, k=550, seed=1729...
      Average Passes: 2.0, Time/Memory: 51.78,51292
Running FIXNM with kPath0 for N=1000, sparsity=4, k=600, seed=1729...
      Average Passes: 2.0, Time/Memory: 55.42,50240
Running FIXNM with kPath0 for N=1000, sparsity=4, k=650, seed=1729...
      Average Passes: 2.0, Time/Memory: 53.28,50252
Running FIXNM with kPath0 for N=1000, sparsity=4, k=700, seed=1729...
      Average Passes: 2.0, Time/Memory: 52.26,50212
Running FIXNM with kPath0 for N=1000, sparsity=4, k=750, seed=1729...
      Average Passes: 2.0, Time/Memory: 51.80,51292
Running FIXNM with kPath0 for N=1000, sparsity=4, k=800, seed=1729...
      Average Passes: 2.0, Time/Memory: 51.58,50212
Running FIXNM with kPath0 for N=1000, sparsity=4, k=850, seed=1729...
      Average Passes: 2.0, Time/Memory: 55.39,50292
Running FIXNM with kPath0 for N=1000, sparsity=4, k=900, seed=1729...
      Average Passes: 2.0, Time/Memory: 52.68,50212
Running FIXNM with kPath0 for N=1000, sparsity=4, k=950, seed=1729...
      Average Passes: 2.0, Time/Memory: 54.24,50272
Running FIXNM with kPath0 for N=1000, sparsity=4, k=1000, seed=1729...
      Average Passes: 2.0, Time/Memory: 57.78,50228
Running FIXNM with kPathN for N=1000, sparsity=4, k=50, seed=1729...
      Average Passes: 3.16, Time/Memory: 42.99,9256
Running FIXNM with kPathN for N=1000, sparsity=4, k=60, seed=1729...
      Average Passes: 2.29, Time/Memory: 31.39,9252
Running FIXNM with kPathN for N=1000, sparsity=4, k=70, seed=1729...
      Average Passes: 2.24, Time/Memory: 30.41,10356
Running FIXNM with kPathN for N=1000, sparsity=4, k=80, seed=1729...
      Average Passes: 2.23, Time/Memory: 29.69,10304
Running FIXNM with kPathN for N=1000, sparsity=4, k=90, seed=1729...
      Average Passes: 2.23, Time/Memory: 29.82,11300
Running FIXNM with kPathN for N=1000, sparsity=4, k=100, seed=1729...
      Average Passes: 2.23, Time/Memory: 31.05,12368
Running FIXNM with kPathN for N=1000, sparsity=4, k=150, seed=1729...
      Average Passes: 2.0, Time/Memory: 28.92,17444
Running FIXNM with kPathN for N=1000, sparsity=4, k=200, seed=1729...
      Average Passes: 1.99, Time/Memory: 30.80,22568
Running FIXNM with kPathN for N=1000, sparsity=4, k=250, seed=1729...
      Average Passes: 1.95, Time/Memory: 33.00,27740
Running FIXNM with kPathN for N=1000, sparsity=4, k=300, seed=1729...
      Average Passes: 1.89, Time/Memory: 37.49,31780
Running FIXNM with kPathN for N=1000, sparsity=4, k=350, seed=1729...
      Average Passes: 1.84, Time/Memory: 39.51,35912
Running FIXNM with kPathN for N=1000, sparsity=4, k=400, seed=1729...
      Average Passes: 1.72, Time/Memory: 42.39,41064
Running FIXNM with kPathN for N=1000, sparsity=4, k=450, seed=1729...
      Average Passes: 1.54, Time/Memory: 44.78,45112
Running FIXNM with kPathN for N=1000, sparsity=4, k=500, seed=1729...
      Average Passes: 1.0, Time/Memory: 12.62,17188
Running FIXNM with kPathN for N=1000, sparsity=4, k=550, seed=1729...
      Average Passes: 1.0, Time/Memory: 12.36,19184
Running FIXNM with kPathN for N=1000, sparsity=4, k=600, seed=1729...
      Average Passes: 1.0, Time/Memory: 12.40,19320
Running FIXNM with kPathN for N=1000, sparsity=4, k=650, seed=1729...
      Average Passes: 1.0, Time/Memory: 12.17,18996
Running FIXNM with kPathN for N=1000, sparsity=4, k=700, seed=1729...
      Average Passes: 1.0, Time/Memory: 12.29,19288
Running FIXNM with kPathN for N=1000, sparsity=4, k=750, seed=1729...
      Average Passes: 1.0, Time/Memory: 12.71,18396
Running FIXNM with kPathN for N=1000, sparsity=4, k=800, seed=1729...
      Average Passes: 1.0, Time/Memory: 12.14,19352
Running FIXNM with kPathN for N=1000, sparsity=4, k=850, seed=1729...
      Average Passes: 1.0, Time/Memory: 12.22,18052
Running FIXNM with kPathN for N=1000, sparsity=4, k=900, seed=1729...
      Average Passes: 1.0, Time/Memory: 12.24,18064
Running FIXNM with kPathN for N=1000, sparsity=4, k=950, seed=1729...
      Average Passes: 1.0, Time/Memory: 12.14,18444
Running FIXNM with kPathN for N=1000, sparsity=4, k=1000, seed=1729...
      Average Passes: 1.0, Time/Memory: 12.26,19080
Running FIXNM with kLev0 for N=1000, sparsity=4, k=50, seed=1729...
      Average Passes: 3.0, Time/Memory: 52.68,5236
Running FIXNM with kLev0 for N=1000, sparsity=4, k=60, seed=1729...
      Average Passes: 3.0, Time/Memory: 53.83,5156
Running FIXNM with kLev0 for N=1000, sparsity=4, k=70, seed=1729...
      Average Passes: 3.0, Time/Memory: 52.81,5156
Running FIXNM with kLev0 for N=1000, sparsity=4, k=80, seed=1729...
      Average Passes: 3.0, Time/Memory: 53.48,6180
Running FIXNM with kLev0 for N=1000, sparsity=4, k=90, seed=1729...
      Average Passes: 3.0, Time/Memory: 52.84,6256
Running FIXNM with kLev0 for N=1000, sparsity=4, k=100, seed=1729...
      Average Passes: 3.0, Time/Memory: 53.40,7224
Running FIXNM with kLev0 for N=1000, sparsity=4, k=150, seed=1729...
      Average Passes: 3.0, Time/Memory: 52.30,8288
Running FIXNM with kLev0 for N=1000, sparsity=4, k=200, seed=1729...
      Average Passes: 3.0, Time/Memory: 54.08,9252
Running FIXNM with kLev0 for N=1000, sparsity=4, k=250, seed=1729...
      Average Passes: 3.0, Time/Memory: 53.83,10320
Running FIXNM with kLev0 for N=1000, sparsity=4, k=300, seed=1729...
      Average Passes: 3.0, Time/Memory: 52.28,11984
Running FIXNM with kLev0 for N=1000, sparsity=4, k=350, seed=1729...
      Average Passes: 3.0, Time/Memory: 51.85,12336
Running FIXNM with kLev0 for N=1000, sparsity=4, k=400, seed=1729...
      Average Passes: 3.0, Time/Memory: 53.36,13584
Running FIXNM with kLev0 for N=1000, sparsity=4, k=450, seed=1729...
      Average Passes: 3.0, Time/Memory: 52.77,14712
Running FIXNM with kLev0 for N=1000, sparsity=4, k=500, seed=1729...
      Average Passes: 3.0, Time/Memory: 51.61,15484
Running FIXNM with kLev0 for N=1000, sparsity=4, k=550, seed=1729...
      Average Passes: 3.0, Time/Memory: 51.17,15412
Running FIXNM with kLev0 for N=1000, sparsity=4, k=600, seed=1729...
      Average Passes: 3.0, Time/Memory: 50.48,16420
Running FIXNM with kLev0 for N=1000, sparsity=4, k=650, seed=1729...
      Average Passes: 3.0, Time/Memory: 52.22,17440
Running FIXNM with kLev0 for N=1000, sparsity=4, k=700, seed=1729...
      Average Passes: 3.0, Time/Memory: 52.23,17468
Running FIXNM with kLev0 for N=1000, sparsity=4, k=750, seed=1729...
      Average Passes: 3.0, Time/Memory: 51.30,18392
Running FIXNM with kLev0 for N=1000, sparsity=4, k=800, seed=1729...
      Average Passes: 3.0, Time/Memory: 52.70,18836
Running FIXNM with kLev0 for N=1000, sparsity=4, k=850, seed=1729...
      Average Passes: 3.0, Time/Memory: 50.24,19016
Running FIXNM with kLev0 for N=1000, sparsity=4, k=900, seed=1729...
      Average Passes: 3.0, Time/Memory: 50.67,19504
Running FIXNM with kLev0 for N=1000, sparsity=4, k=950, seed=1729...
      Average Passes: 3.0, Time/Memory: 51.34,18504
Running FIXNM with kLev0 for N=1000, sparsity=4, k=1000, seed=1729...
      Average Passes: 2.0, Time/Memory: 38.89,18468
Running FIXNM with kLevN for N=1000, sparsity=4, k=50, seed=1729...
      Average Passes: 1.38, Time/Memory: 30.72,8228
Running FIXNM with kLevN for N=1000, sparsity=4, k=60, seed=1729...
      Average Passes: 1.32, Time/Memory: 29.50,10276
Running FIXNM with kLevN for N=1000, sparsity=4, k=70, seed=1729...
      Average Passes: 1.3, Time/Memory: 29.81,10276
Running FIXNM with kLevN for N=1000, sparsity=4, k=80, seed=1729...
      Average Passes: 1.3, Time/Memory: 29.91,10356
Running FIXNM with kLevN for N=1000, sparsity=4, k=90, seed=1729...
      Average Passes: 1.29, Time/Memory: 29.63,11300
Running FIXNM with kLevN for N=1000, sparsity=4, k=100, seed=1729...
      Average Passes: 1.28, Time/Memory: 30.21,12340
Running FIXNM with kLevN for N=1000, sparsity=4, k=150, seed=1729...
      Average Passes: 1.28, Time/Memory: 31.68,18480
Running FIXNM with kLevN for N=1000, sparsity=4, k=200, seed=1729...
      Average Passes: 1.28, Time/Memory: 32.68,22464
Running FIXNM with kLevN for N=1000, sparsity=4, k=250, seed=1729...
      Average Passes: 1.28, Time/Memory: 34.59,26748
Running FIXNM with kLevN for N=1000, sparsity=4, k=300, seed=1729...
      Average Passes: 1.28, Time/Memory: 35.67,31812
Running FIXNM with kLevN for N=1000, sparsity=4, k=350, seed=1729...
      Average Passes: 1.28, Time/Memory: 37.48,36620
Running FIXNM with kLevN for N=1000, sparsity=4, k=400, seed=1729...
      Average Passes: 1.28, Time/Memory: 39.21,40996
Running FIXNM with kLevN for N=1000, sparsity=4, k=450, seed=1729...
      Average Passes: 1.26, Time/Memory: 38.98,46240
Running FIXNM with kLevN for N=1000, sparsity=4, k=500, seed=1729...
      Average Passes: 1.0, Time/Memory: 12.48,19024
Running FIXNM with kLevN for N=1000, sparsity=4, k=550, seed=1729...
      Average Passes: 1.0, Time/Memory: 12.22,18824
Running FIXNM with kLevN for N=1000, sparsity=4, k=600, seed=1729...
      Average Passes: 1.0, Time/Memory: 12.46,18848
Running FIXNM with kLevN for N=1000, sparsity=4, k=650, seed=1729...
      Average Passes: 1.0, Time/Memory: 12.19,19296
Running FIXNM with kLevN for N=1000, sparsity=4, k=700, seed=1729...
      Average Passes: 1.0, Time/Memory: 12.05,19208
Running FIXNM with kLevN for N=1000, sparsity=4, k=750, seed=1729...
      Average Passes: 1.0, Time/Memory: 12.30,19360
Running FIXNM with kLevN for N=1000, sparsity=4, k=800, seed=1729...
      Average Passes: 1.0, Time/Memory: 12.01,19084
Running FIXNM with kLevN for N=1000, sparsity=4, k=850, seed=1729...
      Average Passes: 1.0, Time/Memory: 12.31,19008
Running FIXNM with kLevN for N=1000, sparsity=4, k=900, seed=1729...
      Average Passes: 1.0, Time/Memory: 12.49,19268
Running FIXNM with kLevN for N=1000, sparsity=4, k=950, seed=1729...
      Average Passes: 1.0, Time/Memory: 12.49,18996
Running FIXNM with kLevN for N=1000, sparsity=4, k=1000, seed=1729...
      Average Passes: 1.0, Time/Memory: 12.76,19472
