Graph already exists at: ./input/random_graphs/graph_10000_49995000_UNIFORM_6230961512046992312.txt
Graph already exists at: ./input/random_graphs/graph_10000_49995000_UNIFORM_7871178979383552920.txt
Graph already exists at: ./input/random_graphs/graph_10000_49995000_UNIFORM_5739955973604961614.txt
Graph already exists at: ./input/random_graphs/graph_10000_49995000_UNIFORM_3881801951614183358.txt
Graph already exists at: ./input/random_graphs/graph_10000_49995000_UNIFORM_7032710160631691992.txt
Graph already exists at: ./input/random_graphs/graph_10000_49995000_UNIFORM_7599700178212337700.txt
Graph already exists at: ./input/random_graphs/graph_10000_49995000_UNIFORM_1353182403971399009.txt
Graph already exists at: ./input/random_graphs/graph_10000_49995000_UNIFORM_1070244953599069350.txt
Graph already exists at: ./input/random_graphs/graph_10000_49995000_UNIFORM_6522163754831416204.txt
Graph already exists at: ./input/random_graphs/graph_10000_49995000_UNIFORM_6938562734920028533.txt
Running VARK with 10 iterations, for N = 10,000 and sparsity code 4 for k from 1 to N and seed token 1729
Generating 10 graph(s) with N=10000, sparsity=4, seed=1729...
Running FIXNM with kPath0 for N=10000, sparsity=4, k=1, seed=1729...
      Average Passes: 150.9, Time/Memory: 14130.19,8456
Running FIXNM with kPath0 for N=10000, sparsity=4, k=2, seed=1729...
      Average Passes: 21.0, Time/Memory: 1873.67,8892
Running FIXNM with kPath0 for N=10000, sparsity=4, k=3, seed=1729...
      Average Passes: 9.6, Time/Memory: 1012.00,10188
Running FIXNM with kPath0 for N=10000, sparsity=4, k=4, seed=1729...
      Average Passes: 7.4, Time/Memory: 722.77,11260
Running FIXNM with kPath0 for N=10000, sparsity=4, k=5, seed=1729...
      Average Passes: 6.0, Time/Memory: 646.47,12276
Running FIXNM with kPath0 for N=10000, sparsity=4, k=6, seed=1729...
      Average Passes: 5.9, Time/Memory: 669.53,13260
Running FIXNM with kPath0 for N=10000, sparsity=4, k=7, seed=1729...
      Average Passes: 5.4, Time/Memory: 611.36,14076
Running FIXNM with kPath0 for N=10000, sparsity=4, k=8, seed=1729...
      Average Passes: 5.0, Time/Memory: 555.39,15112
Running FIXNM with kPath0 for N=10000, sparsity=4, k=9, seed=1729...
      Average Passes: 5.0, Time/Memory: 455.35,15968
Running FIXNM with kPath0 for N=10000, sparsity=4, k=10, seed=1729...
      Average Passes: 4.9, Time/Memory: 533.62,17024
Running FIXNM with kPath0 for N=10000, sparsity=4, k=11, seed=1729...
      Average Passes: 5.0, Time/Memory: 466.70,17988
Running FIXNM with kPath0 for N=10000, sparsity=4, k=12, seed=1729...
      Average Passes: 4.7, Time/Memory: 471.53,18948
Running FIXNM with kPath0 for N=10000, sparsity=4, k=13, seed=1729...
      Average Passes: 4.2, Time/Memory: 482.15,19800
Running FIXNM with kPath0 for N=10000, sparsity=4, k=14, seed=1729...
      Average Passes: 4.2, Time/Memory: 411.23,20764
Running FIXNM with kPath0 for N=10000, sparsity=4, k=15, seed=1729...
      Average Passes: 4.0, Time/Memory: 408.80,22188
Running FIXNM with kPath0 for N=10000, sparsity=4, k=16, seed=1729...
      Average Passes: 4.0, Time/Memory: 371.78,22700
Running FIXNM with kPath0 for N=10000, sparsity=4, k=17, seed=1729...
      Average Passes: 4.0, Time/Memory: 432.45,23600
Running FIXNM with kPath0 for N=10000, sparsity=4, k=18, seed=1729...
      Average Passes: 4.0, Time/Memory: 384.38,24584
Running FIXNM with kPath0 for N=10000, sparsity=4, k=19, seed=1729...
      Average Passes: 4.0, Time/Memory: 455.79,25600
Running FIXNM with kPath0 for N=10000, sparsity=4, k=20, seed=1729...
      Average Passes: 4.0, Time/Memory: 378.06,26544
Running FIXNM with kPath0 for N=10000, sparsity=4, k=21, seed=1729...
      Average Passes: 4.0, Time/Memory: 460.21,27356
Running FIXNM with kPath0 for N=10000, sparsity=4, k=22, seed=1729...
      Average Passes: 4.0, Time/Memory: 365.26,28184
Running FIXNM with kPath0 for N=10000, sparsity=4, k=23, seed=1729...
      Average Passes: 4.0, Time/Memory: 408.16,29316
Running FIXNM with kPath0 for N=10000, sparsity=4, k=24, seed=1729...
      Average Passes: 4.0, Time/Memory: 383.76,30148
Running FIXNM with kPath0 for N=10000, sparsity=4, k=25, seed=1729...
      Average Passes: 4.0, Time/Memory: 379.09,31164
Running FIXNM with kPath0 for N=10000, sparsity=4, k=30, seed=1729...
      Average Passes: 4.0, Time/Memory: 442.71,35988
Running FIXNM with kPath0 for N=10000, sparsity=4, k=35, seed=1729...
      Average Passes: 4.0, Time/Memory: 440.46,40680
Running FIXNM with kPath0 for N=10000, sparsity=4, k=40, seed=1729...
      Average Passes: 3.8, Time/Memory: 349.72,45464
Running FIXNM with kPath0 for N=10000, sparsity=4, k=45, seed=1729...
      Average Passes: 3.7, Time/Memory: 385.42,49976
Running FIXNM with kPath0 for N=10000, sparsity=4, k=50, seed=1729...
      Average Passes: 3.4, Time/Memory: 318.92,54620
Running FIXNM with kPath0 for N=10000, sparsity=4, k=60, seed=1729...
      Average Passes: 3.0, Time/Memory: 277.58,64000
Running FIXNM with kPath0 for N=10000, sparsity=4, k=70, seed=1729...
      Average Passes: 3.0, Time/Memory: 303.19,73372
Running FIXNM with kPath0 for N=10000, sparsity=4, k=80, seed=1729...
      Average Passes: 3.0, Time/Memory: 290.82,82776
Running FIXNM with kPath0 for N=10000, sparsity=4, k=90, seed=1729...
      Average Passes: 3.0, Time/Memory: 339.62,92284
Running FIXNM with kPath0 for N=10000, sparsity=4, k=100, seed=1729...
      Average Passes: 3.0, Time/Memory: 339.53,101416
Running FIXNM with kPath0 for N=10000, sparsity=4, k=200, seed=1729...
      Average Passes: 3.0, Time/Memory: 329.90,195308
Running FIXNM with kPath0 for N=10000, sparsity=4, k=300, seed=1729...
      Average Passes: 3.0, Time/Memory: 317.33,289096
Running FIXNM with kPath0 for N=10000, sparsity=4, k=400, seed=1729...
      Average Passes: 3.0, Time/Memory: 330.57,382772
Running FIXNM with kPath0 for N=10000, sparsity=4, k=500, seed=1729...
      Average Passes: 3.0, Time/Memory: 358.02,476624
Running FIXNM with kPath0 for N=10000, sparsity=4, k=600, seed=1729...
      Average Passes: 3.0, Time/Memory: 371.85,570384
Running FIXNM with kPath0 for N=10000, sparsity=4, k=700, seed=1729...
      Average Passes: 3.0, Time/Memory: 348.88,664048
Running FIXNM with kPath0 for N=10000, sparsity=4, k=800, seed=1729...
      Average Passes: 3.0, Time/Memory: 330.89,757740
Running FIXNM with kPath0 for N=10000, sparsity=4, k=900, seed=1729...
      Average Passes: 3.0, Time/Memory: 345.35,851560
Running FIXNM with kPath0 for N=10000, sparsity=4, k=1000, seed=1729...
      Average Passes: 3.0, Time/Memory: 378.50,945300
Running FIXNM with kPath0 for N=10000, sparsity=4, k=1500, seed=1729...
      Average Passes: 3.0, Time/Memory: 382.13,1414068
Running FIXNM with kPath0 for N=10000, sparsity=4, k=2000, seed=1729...
      Average Passes: 3.0, Time/Memory: 423.52,1882876
Running FIXNM with kPath0 for N=10000, sparsity=4, k=2500, seed=1729...
      Average Passes: 3.0, Time/Memory: 470.92,2351408
Running FIXNM with kPath0 for N=10000, sparsity=4, k=3000, seed=1729...
      Average Passes: 2.8, Time/Memory: 529.56,2820264
Running FIXNM with kPath0 for N=10000, sparsity=4, k=3500, seed=1729...
      Average Passes: 2.8, Time/Memory: 511.74,3288804
Running FIXNM with kPath0 for N=10000, sparsity=4, k=4000, seed=1729...
      Average Passes: 2.5, Time/Memory: 528.37,3757548
Running FIXNM with kPath0 for N=10000, sparsity=4, k=4500, seed=1729...
      Average Passes: 2.2, Time/Memory: 540.18,4226244
Running FIXNM with kPath0 for N=10000, sparsity=4, k=5000, seed=1729...
      Average Passes: 2.0, Time/Memory: 566.60,4695132
Running FIXNM with kPath0 for N=10000, sparsity=4, k=6000, seed=1729...
      Average Passes: 2.0, Time/Memory: 555.12,4695876
Running FIXNM with kPath0 for N=10000, sparsity=4, k=7000, seed=1729...
      Average Passes: 2.0, Time/Memory: 551.36,4695948
Running FIXNM with kPath0 for N=10000, sparsity=4, k=8000, seed=1729...
      Average Passes: 2.0, Time/Memory: 558.41,4695792
Running FIXNM with kPath0 for N=10000, sparsity=4, k=9000, seed=1729...
      Average Passes: 2.0, Time/Memory: 557.48,4695792
Running FIXNM with kPathN for N=10000, sparsity=4, k=1, seed=1729...
      Average Passes: 8.3, Time/Memory: 831.03,9092
Running FIXNM with kPathN for N=10000, sparsity=4, k=2, seed=1729...
      Average Passes: 5.0, Time/Memory: 474.46,9640
Running FIXNM with kPathN for N=10000, sparsity=4, k=3, seed=1729...
      Average Passes: 4.0, Time/Memory: 401.24,10592
Running FIXNM with kPathN for N=10000, sparsity=4, k=4, seed=1729...
      Average Passes: 3.0, Time/Memory: 294.89,11268
Running FIXNM with kPathN for N=10000, sparsity=4, k=5, seed=1729...
      Average Passes: 3.0, Time/Memory: 356.63,12576
Running FIXNM with kPathN for N=10000, sparsity=4, k=6, seed=1729...
      Average Passes: 3.0, Time/Memory: 350.80,13616
Running FIXNM with kPathN for N=10000, sparsity=4, k=7, seed=1729...
      Average Passes: 3.0, Time/Memory: 355.37,14600
Running FIXNM with kPathN for N=10000, sparsity=4, k=8, seed=1729...
      Average Passes: 3.0, Time/Memory: 327.65,15452
Running FIXNM with kPathN for N=10000, sparsity=4, k=9, seed=1729...
      Average Passes: 3.0, Time/Memory: 287.63,16460
Running FIXNM with kPathN for N=10000, sparsity=4, k=10, seed=1729...
      Average Passes: 3.0, Time/Memory: 309.84,17276
Running FIXNM with kPathN for N=10000, sparsity=4, k=11, seed=1729...
      Average Passes: 3.0, Time/Memory: 286.93,18252
Running FIXNM with kPathN for N=10000, sparsity=4, k=12, seed=1729...
      Average Passes: 2.7, Time/Memory: 251.82,19232
Running FIXNM with kPathN for N=10000, sparsity=4, k=13, seed=1729...
      Average Passes: 2.6, Time/Memory: 241.01,19788
Running FIXNM with kPathN for N=10000, sparsity=4, k=14, seed=1729...
      Average Passes: 2.3, Time/Memory: 212.05,21168
Running FIXNM with kPathN for N=10000, sparsity=4, k=15, seed=1729...
      Average Passes: 2.1, Time/Memory: 197.89,22112
Running FIXNM with kPathN for N=10000, sparsity=4, k=16, seed=1729...
      Average Passes: 2.1, Time/Memory: 240.35,22984
Running FIXNM with kPathN for N=10000, sparsity=4, k=17, seed=1729...
      Average Passes: 2.0, Time/Memory: 208.68,23544
Running FIXNM with kPathN for N=10000, sparsity=4, k=18, seed=1729...
      Average Passes: 2.0, Time/Memory: 232.96,24932
Running FIXNM with kPathN for N=10000, sparsity=4, k=19, seed=1729...
      Average Passes: 2.0, Time/Memory: 232.17,25436
Running FIXNM with kPathN for N=10000, sparsity=4, k=20, seed=1729...
      Average Passes: 2.0, Time/Memory: 231.74,26744
Running FIXNM with kPathN for N=10000, sparsity=4, k=21, seed=1729...
      Average Passes: 2.0, Time/Memory: 199.06,27752
Running FIXNM with kPathN for N=10000, sparsity=4, k=22, seed=1729...
      Average Passes: 2.0, Time/Memory: 231.26,28692
Running FIXNM with kPathN for N=10000, sparsity=4, k=23, seed=1729...
      Average Passes: 2.0, Time/Memory: 195.71,29516
Running FIXNM with kPathN for N=10000, sparsity=4, k=24, seed=1729...
      Average Passes: 2.0, Time/Memory: 220.14,30508
Running FIXNM with kPathN for N=10000, sparsity=4, k=25, seed=1729...
      Average Passes: 2.0, Time/Memory: 185.24,31360
Running FIXNM with kPathN for N=10000, sparsity=4, k=30, seed=1729...
      Average Passes: 2.0, Time/Memory: 195.52,36144
Running FIXNM with kPathN for N=10000, sparsity=4, k=35, seed=1729...
      Average Passes: 2.0, Time/Memory: 211.85,40788
Running FIXNM with kPathN for N=10000, sparsity=4, k=40, seed=1729...
      Average Passes: 2.0, Time/Memory: 184.56,45512
Running FIXNM with kPathN for N=10000, sparsity=4, k=45, seed=1729...
      Average Passes: 2.0, Time/Memory: 219.15,50152
Running FIXNM with kPathN for N=10000, sparsity=4, k=50, seed=1729...
      Average Passes: 2.0, Time/Memory: 207.61,54892
Running FIXNM with kPathN for N=10000, sparsity=4, k=60, seed=1729...
      Average Passes: 2.0, Time/Memory: 218.24,64216
Running FIXNM with kPathN for N=10000, sparsity=4, k=70, seed=1729...
      Average Passes: 2.0, Time/Memory: 233.73,73552
Running FIXNM with kPathN for N=10000, sparsity=4, k=80, seed=1729...
      Average Passes: 2.0, Time/Memory: 200.83,82980
Running FIXNM with kPathN for N=10000, sparsity=4, k=90, seed=1729...
      Average Passes: 2.0, Time/Memory: 194.52,91976
Running FIXNM with kPathN for N=10000, sparsity=4, k=100, seed=1729...
      Average Passes: 2.0, Time/Memory: 190.29,101840
Running FIXNM with kPathN for N=10000, sparsity=4, k=200, seed=1729...
      Average Passes: 2.0, Time/Memory: 207.41,195608
Running FIXNM with kPathN for N=10000, sparsity=4, k=300, seed=1729...
      Average Passes: 2.0, Time/Memory: 209.10,289216
Running FIXNM with kPathN for N=10000, sparsity=4, k=400, seed=1729...
      Average Passes: 2.0, Time/Memory: 231.65,383132
Running FIXNM with kPathN for N=10000, sparsity=4, k=500, seed=1729...
      Average Passes: 2.0, Time/Memory: 232.95,476708
Running FIXNM with kPathN for N=10000, sparsity=4, k=600, seed=1729...
      Average Passes: 2.0, Time/Memory: 226.72,570648
Running FIXNM with kPathN for N=10000, sparsity=4, k=700, seed=1729...
      Average Passes: 2.0, Time/Memory: 235.58,663752
Running FIXNM with kPathN for N=10000, sparsity=4, k=800, seed=1729...
      Average Passes: 2.0, Time/Memory: 275.61,758144
Running FIXNM with kPathN for N=10000, sparsity=4, k=900, seed=1729...
      Average Passes: 2.0, Time/Memory: 248.39,851912
Running FIXNM with kPathN for N=10000, sparsity=4, k=1000, seed=1729...
      Average Passes: 2.0, Time/Memory: 263.95,945708
Running FIXNM with kPathN for N=10000, sparsity=4, k=1500, seed=1729...
      Average Passes: 1.9, Time/Memory: 286.39,1414476
Running FIXNM with kPathN for N=10000, sparsity=4, k=2000, seed=1729...
      Average Passes: 1.8, Time/Memory: 317.90,1883252
Running FIXNM with kPathN for N=10000, sparsity=4, k=2500, seed=1729...
      Average Passes: 1.8, Time/Memory: 378.01,2352064
Running FIXNM with kPathN for N=10000, sparsity=4, k=3000, seed=1729...
      Average Passes: 1.6, Time/Memory: 386.29,2820872
Running FIXNM with kPathN for N=10000, sparsity=4, k=3500, seed=1729...
      Average Passes: 1.3, Time/Memory: 400.73,3289196
Running FIXNM with kPathN for N=10000, sparsity=4, k=4000, seed=1729...
      Average Passes: 1.1, Time/Memory: 420.97,3758036
Running FIXNM with kPathN for N=10000, sparsity=4, k=4500, seed=1729...
      Average Passes: 1.1, Time/Memory: 459.19,4226820
Running FIXNM with kPathN for N=10000, sparsity=4, k=5000, seed=1729...
      Average Passes: 1.0, Time/Memory: 110.89,1230264
Running FIXNM with kPathN for N=10000, sparsity=4, k=6000, seed=1729...
      Average Passes: 1.0, Time/Memory: 103.55,1230116
Running FIXNM with kPathN for N=10000, sparsity=4, k=7000, seed=1729...
      Average Passes: 1.0, Time/Memory: 112.59,1230168
Running FIXNM with kPathN for N=10000, sparsity=4, k=8000, seed=1729...
      Average Passes: 1.0, Time/Memory: 104.77,1230236
Running FIXNM with kPathN for N=10000, sparsity=4, k=9000, seed=1729...
      Average Passes: 1.0, Time/Memory: 117.06,1230244
Running FIXNM with kLev0 for N=10000, sparsity=4, k=1, seed=1729...
      Average Passes: 3.0, Time/Memory: 490.67,8388
Running FIXNM with kLev0 for N=10000, sparsity=4, k=2, seed=1729...
      Average Passes: 3.0, Time/Memory: 487.92,8480
Running FIXNM with kLev0 for N=10000, sparsity=4, k=3, seed=1729...
      Average Passes: 3.0, Time/Memory: 451.47,9180
Running FIXNM with kLev0 for N=10000, sparsity=4, k=4, seed=1729...
      Average Passes: 3.0, Time/Memory: 488.07,9216
Running FIXNM with kLev0 for N=10000, sparsity=4, k=5, seed=1729...
      Average Passes: 3.0, Time/Memory: 428.42,9160
Running FIXNM with kLev0 for N=10000, sparsity=4, k=6, seed=1729...
      Average Passes: 3.0, Time/Memory: 422.66,9864
Running FIXNM with kLev0 for N=10000, sparsity=4, k=7, seed=1729...
      Average Passes: 3.0, Time/Memory: 416.93,9680
Running FIXNM with kLev0 for N=10000, sparsity=4, k=8, seed=1729...
      Average Passes: 3.0, Time/Memory: 423.64,9960
Running FIXNM with kLev0 for N=10000, sparsity=4, k=9, seed=1729...
      Average Passes: 3.0, Time/Memory: 408.37,10204
Running FIXNM with kLev0 for N=10000, sparsity=4, k=10, seed=1729...
      Average Passes: 3.0, Time/Memory: 432.18,10748
Running FIXNM with kLev0 for N=10000, sparsity=4, k=11, seed=1729...
      Average Passes: 3.0, Time/Memory: 469.73,10980
Running FIXNM with kLev0 for N=10000, sparsity=4, k=12, seed=1729...
      Average Passes: 3.0, Time/Memory: 483.17,11216
Running FIXNM with kLev0 for N=10000, sparsity=4, k=13, seed=1729...
      Average Passes: 3.0, Time/Memory: 412.32,11604
Running FIXNM with kLev0 for N=10000, sparsity=4, k=14, seed=1729...
      Average Passes: 3.0, Time/Memory: 473.70,12372
Running FIXNM with kLev0 for N=10000, sparsity=4, k=15, seed=1729...
      Average Passes: 3.0, Time/Memory: 443.93,12640
Running FIXNM with kLev0 for N=10000, sparsity=4, k=16, seed=1729...
      Average Passes: 3.0, Time/Memory: 454.70,12980
Running FIXNM with kLev0 for N=10000, sparsity=4, k=17, seed=1729...
      Average Passes: 3.0, Time/Memory: 424.27,12860
Running FIXNM with kLev0 for N=10000, sparsity=4, k=18, seed=1729...
      Average Passes: 3.0, Time/Memory: 424.63,13168
Running FIXNM with kLev0 for N=10000, sparsity=4, k=19, seed=1729...
      Average Passes: 3.0, Time/Memory: 481.32,13480
Running FIXNM with kLev0 for N=10000, sparsity=4, k=20, seed=1729...
      Average Passes: 3.0, Time/Memory: 424.33,13804
Running FIXNM with kLev0 for N=10000, sparsity=4, k=21, seed=1729...
      Average Passes: 3.0, Time/Memory: 477.63,14492
Running FIXNM with kLev0 for N=10000, sparsity=4, k=22, seed=1729...
      Average Passes: 3.0, Time/Memory: 423.07,14428
Running FIXNM with kLev0 for N=10000, sparsity=4, k=23, seed=1729...
      Average Passes: 3.0, Time/Memory: 439.47,14704
Running FIXNM with kLev0 for N=10000, sparsity=4, k=24, seed=1729...
      Average Passes: 3.0, Time/Memory: 462.73,14932
Running FIXNM with kLev0 for N=10000, sparsity=4, k=25, seed=1729...
      Average Passes: 3.0, Time/Memory: 412.90,15384
Running FIXNM with kLev0 for N=10000, sparsity=4, k=30, seed=1729...
      Average Passes: 3.0, Time/Memory: 419.68,16836
Running FIXNM with kLev0 for N=10000, sparsity=4, k=35, seed=1729...
      Average Passes: 3.0, Time/Memory: 425.76,18364
Running FIXNM with kLev0 for N=10000, sparsity=4, k=40, seed=1729...
      Average Passes: 3.0, Time/Memory: 420.92,19964
Running FIXNM with kLev0 for N=10000, sparsity=4, k=45, seed=1729...
      Average Passes: 3.0, Time/Memory: 457.33,21656
Running FIXNM with kLev0 for N=10000, sparsity=4, k=50, seed=1729...
      Average Passes: 3.0, Time/Memory: 482.47,23172
Running FIXNM with kLev0 for N=10000, sparsity=4, k=60, seed=1729...
      Average Passes: 3.0, Time/Memory: 454.20,26436
Running FIXNM with kLev0 for N=10000, sparsity=4, k=70, seed=1729...
      Average Passes: 3.0, Time/Memory: 479.51,29364
Running FIXNM with kLev0 for N=10000, sparsity=4, k=80, seed=1729...
      Average Passes: 3.0, Time/Memory: 420.17,32432
Running FIXNM with kLev0 for N=10000, sparsity=4, k=90, seed=1729...
      Average Passes: 3.0, Time/Memory: 469.60,35636
Running FIXNM with kLev0 for N=10000, sparsity=4, k=100, seed=1729...
      Average Passes: 3.0, Time/Memory: 488.69,38692
Running FIXNM with kLev0 for N=10000, sparsity=4, k=200, seed=1729...
      Average Passes: 3.0, Time/Memory: 487.99,69452
Running FIXNM with kLev0 for N=10000, sparsity=4, k=300, seed=1729...
      Average Passes: 3.0, Time/Memory: 430.12,99632
Running FIXNM with kLev0 for N=10000, sparsity=4, k=400, seed=1729...
      Average Passes: 3.0, Time/Memory: 493.72,130036
Running FIXNM with kLev0 for N=10000, sparsity=4, k=500, seed=1729...
      Average Passes: 3.0, Time/Memory: 462.26,159860
Running FIXNM with kLev0 for N=10000, sparsity=4, k=600, seed=1729...
      Average Passes: 3.0, Time/Memory: 477.57,189396
Running FIXNM with kLev0 for N=10000, sparsity=4, k=700, seed=1729...
      Average Passes: 3.0, Time/Memory: 451.83,218540
Running FIXNM with kLev0 for N=10000, sparsity=4, k=800, seed=1729...
      Average Passes: 3.0, Time/Memory: 446.63,247528
Running FIXNM with kLev0 for N=10000, sparsity=4, k=900, seed=1729...
      Average Passes: 3.0, Time/Memory: 459.95,276212
Running FIXNM with kLev0 for N=10000, sparsity=4, k=1000, seed=1729...
      Average Passes: 3.0, Time/Memory: 452.39,304264
Running FIXNM with kLev0 for N=10000, sparsity=4, k=1500, seed=1729...
      Average Passes: 3.0, Time/Memory: 474.36,441188
Running FIXNM with kLev0 for N=10000, sparsity=4, k=2000, seed=1729...
      Average Passes: 3.0, Time/Memory: 483.86,570020
Running FIXNM with kLev0 for N=10000, sparsity=4, k=2500, seed=1729...
      Average Passes: 3.0, Time/Memory: 489.99,691036
Running FIXNM with kLev0 for N=10000, sparsity=4, k=3000, seed=1729...
      Average Passes: 3.0, Time/Memory: 500.12,804276
Running FIXNM with kLev0 for N=10000, sparsity=4, k=3500, seed=1729...
      Average Passes: 3.0, Time/Memory: 519.51,909832
Running FIXNM with kLev0 for N=10000, sparsity=4, k=4000, seed=1729...
      Average Passes: 3.0, Time/Memory: 508.02,1007392
Running FIXNM with kLev0 for N=10000, sparsity=4, k=4500, seed=1729...
      Average Passes: 3.0, Time/Memory: 517.16,1097324
Running FIXNM with kLev0 for N=10000, sparsity=4, k=5000, seed=1729...
      Average Passes: 3.0, Time/Memory: 510.62,1179376
Running FIXNM with kLev0 for N=10000, sparsity=4, k=6000, seed=1729...
      Average Passes: 3.0, Time/Memory: 497.27,1319948
Running FIXNM with kLev0 for N=10000, sparsity=4, k=7000, seed=1729...
      Average Passes: 3.0, Time/Memory: 494.64,1429252
Running FIXNM with kLev0 for N=10000, sparsity=4, k=8000, seed=1729...
      Average Passes: 3.0, Time/Memory: 485.77,1507424
Running FIXNM with kLev0 for N=10000, sparsity=4, k=9000, seed=1729...
      Average Passes: 3.0, Time/Memory: 488.94,1554276
Running FIXNM with kLevN for N=10000, sparsity=4, k=1, seed=1729...
      Average Passes: 2.0, Time/Memory: 284.89,8980
Running FIXNM with kLevN for N=10000, sparsity=4, k=2, seed=1729...
      Average Passes: 2.0, Time/Memory: 317.40,9560
Running FIXNM with kLevN for N=10000, sparsity=4, k=3, seed=1729...
      Average Passes: 2.0, Time/Memory: 314.78,10764
Running FIXNM with kLevN for N=10000, sparsity=4, k=4, seed=1729...
      Average Passes: 1.6, Time/Memory: 237.48,11628
Running FIXNM with kLevN for N=10000, sparsity=4, k=5, seed=1729...
      Average Passes: 1.3, Time/Memory: 205.94,12416
Running FIXNM with kLevN for N=10000, sparsity=4, k=6, seed=1729...
      Average Passes: 1.0, Time/Memory: 176.25,12600
Running FIXNM with kLevN for N=10000, sparsity=4, k=7, seed=1729...
      Average Passes: 1.0, Time/Memory: 170.84,12552
Running FIXNM with kLevN for N=10000, sparsity=4, k=8, seed=1729...
      Average Passes: 1.0, Time/Memory: 167.98,12620
Running FIXNM with kLevN for N=10000, sparsity=4, k=9, seed=1729...
      Average Passes: 1.0, Time/Memory: 168.42,12496
Running FIXNM with kLevN for N=10000, sparsity=4, k=10, seed=1729...
      Average Passes: 1.0, Time/Memory: 179.27,12552
Running FIXNM with kLevN for N=10000, sparsity=4, k=11, seed=1729...
      Average Passes: 1.0, Time/Memory: 169.77,12456
Running FIXNM with kLevN for N=10000, sparsity=4, k=12, seed=1729...
      Average Passes: 1.0, Time/Memory: 170.39,12540
Running FIXNM with kLevN for N=10000, sparsity=4, k=13, seed=1729...
      Average Passes: 1.0, Time/Memory: 187.11,12540
Running FIXNM with kLevN for N=10000, sparsity=4, k=14, seed=1729...
      Average Passes: 1.0, Time/Memory: 171.38,12592
Running FIXNM with kLevN for N=10000, sparsity=4, k=15, seed=1729...
      Average Passes: 1.0, Time/Memory: 189.87,12620
Running FIXNM with kLevN for N=10000, sparsity=4, k=16, seed=1729...
      Average Passes: 1.0, Time/Memory: 188.03,12456
Running FIXNM with kLevN for N=10000, sparsity=4, k=17, seed=1729...
      Average Passes: 1.0, Time/Memory: 174.08,12600
Running FIXNM with kLevN for N=10000, sparsity=4, k=18, seed=1729...
      Average Passes: 1.0, Time/Memory: 181.24,12616
Running FIXNM with kLevN for N=10000, sparsity=4, k=19, seed=1729...
      Average Passes: 1.0, Time/Memory: 173.11,12464
Running FIXNM with kLevN for N=10000, sparsity=4, k=20, seed=1729...
      Average Passes: 1.0, Time/Memory: 169.14,12592
Running FIXNM with kLevN for N=10000, sparsity=4, k=21, seed=1729...
      Average Passes: 1.0, Time/Memory: 181.33,12404
Running FIXNM with kLevN for N=10000, sparsity=4, k=22, seed=1729...
      Average Passes: 1.0, Time/Memory: 191.42,12464
Running FIXNM with kLevN for N=10000, sparsity=4, k=23, seed=1729...
      Average Passes: 1.0, Time/Memory: 189.55,12496
Running FIXNM with kLevN for N=10000, sparsity=4, k=24, seed=1729...
      Average Passes: 1.0, Time/Memory: 181.54,12556
Running FIXNM with kLevN for N=10000, sparsity=4, k=25, seed=1729...
      Average Passes: 1.0, Time/Memory: 182.46,12520
Running FIXNM with kLevN for N=10000, sparsity=4, k=30, seed=1729...
      Average Passes: 1.0, Time/Memory: 192.29,12544
Running FIXNM with kLevN for N=10000, sparsity=4, k=35, seed=1729...
      Average Passes: 1.0, Time/Memory: 189.84,12452
Running FIXNM with kLevN for N=10000, sparsity=4, k=40, seed=1729...
      Average Passes: 1.0, Time/Memory: 177.41,12464
Running FIXNM with kLevN for N=10000, sparsity=4, k=45, seed=1729...
      Average Passes: 1.0, Time/Memory: 187.24,12464
