Running VARM with 100 iterations, for N = 10,000 varying M from 1,000 to 49,995,000 and seed token 1729
Running EXPLC_M with kPath0 for N=10000, M=1000, k=2, seed=1729...
      Average Passes: 2.0, Time/Memory: 16.74,6756
Running EXPLC_M with kPath0 for N=10000, M=1000, k=5, seed=1729...
      Average Passes: 2.0, Time/Memory: 18.53,6824
Running EXPLC_M with kPath0 for N=10000, M=1000, k=10, seed=1729...
      Average Passes: 2.0, Time/Memory: 16.37,6824
Running EXPLC_M with kPathN for N=10000, M=1000, k=2, seed=1729...
      Average Passes: 1.0, Time/Memory: 0.05,42164
Running EXPLC_M with kPathN for N=10000, M=1000, k=5, seed=1729...
      Average Passes: 1.0, Time/Memory: 0.04,41908
Running EXPLC_M with kPathN for N=10000, M=1000, k=10, seed=1729...
      Average Passes: 1.0, Time/Memory: 0.05,42108
Running EXPLC_M with kLev0 for N=10000, M=1000, k=2, seed=1729...
      Average Passes: 2.0, Time/Memory: 0.18,7220
Running EXPLC_M with kLev0 for N=10000, M=1000, k=5, seed=1729...
      Average Passes: 2.0, Time/Memory: 0.21,7164
Running EXPLC_M with kLev0 for N=10000, M=1000, k=10, seed=1729...
      Average Passes: 2.0, Time/Memory: 0.17,7308
Running EXPLC_M with kLevN for N=10000, M=1000, k=2, seed=1729...
      Average Passes: 1.0, Time/Memory: 0.04,42172
Running EXPLC_M with kLevN for N=10000, M=1000, k=5, seed=1729...
      Average Passes: 1.0, Time/Memory: 0.02,42100
Running EXPLC_M with kLevN for N=10000, M=1000, k=10, seed=1729...
      Average Passes: 1.0, Time/Memory: 0.04,41912
Running EXPLC_M with kPath0 for N=10000, M=2000, k=2, seed=1729...
      Average Passes: 2.03, Time/Memory: 12.58,6868
Running EXPLC_M with kPath0 for N=10000, M=2000, k=5, seed=1729...
      Average Passes: 2.0, Time/Memory: 13.89,6708
Running EXPLC_M with kPath0 for N=10000, M=2000, k=10, seed=1729...
      Average Passes: 2.0, Time/Memory: 12.38,6776
Running EXPLC_M with kPathN for N=10000, M=2000, k=2, seed=1729...
      Average Passes: 1.0, Time/Memory: 0.07,44644
Running EXPLC_M with kPathN for N=10000, M=2000, k=5, seed=1729...
      Average Passes: 1.0, Time/Memory: 0.07,44612
Running EXPLC_M with kPathN for N=10000, M=2000, k=10, seed=1729...
      Average Passes: 1.0, Time/Memory: 0.07,44660
Running EXPLC_M with kLev0 for N=10000, M=2000, k=2, seed=1729...
      Average Passes: 2.0, Time/Memory: 0.25,6700
Running EXPLC_M with kLev0 for N=10000, M=2000, k=5, seed=1729...
      Average Passes: 2.0, Time/Memory: 0.27,6920
Running EXPLC_M with kLev0 for N=10000, M=2000, k=10, seed=1729...
      Average Passes: 2.0, Time/Memory: 0.24,6768
Running EXPLC_M with kLevN for N=10000, M=2000, k=2, seed=1729...
      Average Passes: 1.0, Time/Memory: 0.08,44608
Running EXPLC_M with kLevN for N=10000, M=2000, k=5, seed=1729...
      Average Passes: 1.0, Time/Memory: 0.07,44716
Running EXPLC_M with kLevN for N=10000, M=2000, k=10, seed=1729...
      Average Passes: 1.0, Time/Memory: 0.07,44504
Running EXPLC_M with kPath0 for N=10000, M=3000, k=2, seed=1729...
      Average Passes: 2.08, Time/Memory: 11.41,7012
Running EXPLC_M with kPath0 for N=10000, M=3000, k=5, seed=1729...
      Average Passes: 2.0, Time/Memory: 14.60,7060
Running EXPLC_M with kPath0 for N=10000, M=3000, k=10, seed=1729...
      Average Passes: 2.0, Time/Memory: 12.56,7116
Running EXPLC_M with kPathN for N=10000, M=3000, k=2, seed=1729...
      Average Passes: 1.0, Time/Memory: 0.10,47736
Running EXPLC_M with kPathN for N=10000, M=3000, k=5, seed=1729...
      Average Passes: 1.0, Time/Memory: 0.11,47644
Running EXPLC_M with kPathN for N=10000, M=3000, k=10, seed=1729...
      Average Passes: 1.0, Time/Memory: 0.11,47724
Running EXPLC_M with kLev0 for N=10000, M=3000, k=2, seed=1729...
      Average Passes: 2.0, Time/Memory: 0.36,6804
Running EXPLC_M with kLev0 for N=10000, M=3000, k=5, seed=1729...
      Average Passes: 2.0, Time/Memory: 0.31,6828
Running EXPLC_M with kLev0 for N=10000, M=3000, k=10, seed=1729...
      Average Passes: 2.0, Time/Memory: 0.35,6824
Running EXPLC_M with kLevN for N=10000, M=3000, k=2, seed=1729...
      Average Passes: 1.0, Time/Memory: 0.10,47576
Running EXPLC_M with kLevN for N=10000, M=3000, k=5, seed=1729...
      Average Passes: 1.0, Time/Memory: 0.10,47720
Running EXPLC_M with kLevN for N=10000, M=3000, k=10, seed=1729...
      Average Passes: 1.0, Time/Memory: 0.09,47792
Running EXPLC_M with kPath0 for N=10000, M=4000, k=2, seed=1729...
      Average Passes: 2.18, Time/Memory: 12.37,7020
Running EXPLC_M with kPath0 for N=10000, M=4000, k=5, seed=1729...
      Average Passes: 2.0, Time/Memory: 10.45,6860
Running EXPLC_M with kPath0 for N=10000, M=4000, k=10, seed=1729...
      Average Passes: 2.0, Time/Memory: 12.28,6972
Running EXPLC_M with kPathN for N=10000, M=4000, k=2, seed=1729...
      Average Passes: 1.0, Time/Memory: 0.13,50704
Running EXPLC_M with kPathN for N=10000, M=4000, k=5, seed=1729...
      Average Passes: 1.0, Time/Memory: 0.16,50676
Running EXPLC_M with kPathN for N=10000, M=4000, k=10, seed=1729...
      Average Passes: 1.0, Time/Memory: 0.12,50680
Running EXPLC_M with kLev0 for N=10000, M=4000, k=2, seed=1729...
      Average Passes: 2.05, Time/Memory: 0.42,6900
Running EXPLC_M with kLev0 for N=10000, M=4000, k=5, seed=1729...
      Average Passes: 2.05, Time/Memory: 0.38,6812
Running EXPLC_M with kLev0 for N=10000, M=4000, k=10, seed=1729...
      Average Passes: 2.03, Time/Memory: 0.43,6716
Running EXPLC_M with kLevN for N=10000, M=4000, k=2, seed=1729...
      Average Passes: 1.0, Time/Memory: 0.13,50496
Running EXPLC_M with kLevN for N=10000, M=4000, k=5, seed=1729...
      Average Passes: 1.0, Time/Memory: 0.15,50648
Running EXPLC_M with kLevN for N=10000, M=4000, k=10, seed=1729...
      Average Passes: 1.0, Time/Memory: 0.14,50608
Running EXPLC_M with kPath0 for N=10000, M=5000, k=2, seed=1729...
      Average Passes: 2.86, Time/Memory: 9.56,7024
Running EXPLC_M with kPath0 for N=10000, M=5000, k=5, seed=1729...
      Average Passes: 2.0, Time/Memory: 9.87,7172
Running EXPLC_M with kPath0 for N=10000, M=5000, k=10, seed=1729...
      Average Passes: 2.0, Time/Memory: 8.42,7160
Running EXPLC_M with kPathN for N=10000, M=5000, k=2, seed=1729...
      Average Passes: 1.0, Time/Memory: 0.19,54012
Running EXPLC_M with kPathN for N=10000, M=5000, k=5, seed=1729...
      Average Passes: 1.0, Time/Memory: 0.18,53820
Running EXPLC_M with kPathN for N=10000, M=5000, k=10, seed=1729...
      Average Passes: 1.0, Time/Memory: 0.18,53868
Running EXPLC_M with kLev0 for N=10000, M=5000, k=2, seed=1729...
      Average Passes: 2.51, Time/Memory: 0.51,7208
Running EXPLC_M with kLev0 for N=10000, M=5000, k=5, seed=1729...
      Average Passes: 2.51, Time/Memory: 0.56,7116
Running EXPLC_M with kLev0 for N=10000, M=5000, k=10, seed=1729...
      Average Passes: 2.46, Time/Memory: 0.51,7260
Running EXPLC_M with kLevN for N=10000, M=5000, k=2, seed=1729...
      Average Passes: 1.0, Time/Memory: 0.18,53940
Running EXPLC_M with kLevN for N=10000, M=5000, k=5, seed=1729...
      Average Passes: 1.0, Time/Memory: 0.17,53996
Running EXPLC_M with kLevN for N=10000, M=5000, k=10, seed=1729...
      Average Passes: 1.0, Time/Memory: 0.20,54012
Running EXPLC_M with kPath0 for N=10000, M=6000, k=2, seed=1729...
      Average Passes: 4.13, Time/Memory: 7.26,7228
Running EXPLC_M with kPath0 for N=10000, M=6000, k=5, seed=1729...
      Average Passes: 2.0, Time/Memory: 7.28,7320
Running EXPLC_M with kPath0 for N=10000, M=6000, k=10, seed=1729...
      Average Passes: 2.0, Time/Memory: 6.34,7544
Running EXPLC_M with kPathN for N=10000, M=6000, k=2, seed=1729...
      Average Passes: 1.0, Time/Memory: 0.21,57340
Running EXPLC_M with kPathN for N=10000, M=6000, k=5, seed=1729...
      Average Passes: 1.0, Time/Memory: 0.19,57348
Running EXPLC_M with kPathN for N=10000, M=6000, k=10, seed=1729...
      Average Passes: 1.0, Time/Memory: 0.21,57344
Running EXPLC_M with kLev0 for N=10000, M=6000, k=2, seed=1729...
      Average Passes: 3.71, Time/Memory: 0.88,7056
Running EXPLC_M with kLev0 for N=10000, M=6000, k=5, seed=1729...
      Average Passes: 3.71, Time/Memory: 0.98,7464
Running EXPLC_M with kLev0 for N=10000, M=6000, k=10, seed=1729...
      Average Passes: 3.71, Time/Memory: 0.87,6972
Running EXPLC_M with kLevN for N=10000, M=6000, k=2, seed=1729...
      Average Passes: 1.0, Time/Memory: 0.21,57280
Running EXPLC_M with kLevN for N=10000, M=6000, k=5, seed=1729...
      Average Passes: 1.0, Time/Memory: 0.19,57344
Running EXPLC_M with kLevN for N=10000, M=6000, k=10, seed=1729...
      Average Passes: 1.0, Time/Memory: 0.20,57340
Running EXPLC_M with kPath0 for N=10000, M=7000, k=2, seed=1729...
      Average Passes: 4.68, Time/Memory: 6.88,7676
Running EXPLC_M with kPath0 for N=10000, M=7000, k=5, seed=1729...
      Average Passes: 2.0, Time/Memory: 5.96,7664
Running EXPLC_M with kPath0 for N=10000, M=7000, k=10, seed=1729...
      Average Passes: 2.0, Time/Memory: 5.31,7752
Running EXPLC_M with kPathN for N=10000, M=7000, k=2, seed=1729...
      Average Passes: 1.0, Time/Memory: 0.25,60816
Running EXPLC_M with kPathN for N=10000, M=7000, k=5, seed=1729...
      Average Passes: 1.0, Time/Memory: 0.23,60800
Running EXPLC_M with kPathN for N=10000, M=7000, k=10, seed=1729...
      Average Passes: 1.0, Time/Memory: 0.26,60756
Running EXPLC_M with kLev0 for N=10000, M=7000, k=2, seed=1729...
      Average Passes: 4.02, Time/Memory: 1.25,7340
Running EXPLC_M with kLev0 for N=10000, M=7000, k=5, seed=1729...
      Average Passes: 4.02, Time/Memory: 1.39,7340
Running EXPLC_M with kLev0 for N=10000, M=7000, k=10, seed=1729...
      Average Passes: 4.02, Time/Memory: 1.24,7256
Running EXPLC_M with kLevN for N=10000, M=7000, k=2, seed=1729...
      Average Passes: 1.0, Time/Memory: 0.26,60716
Running EXPLC_M with kLevN for N=10000, M=7000, k=5, seed=1729...
      Average Passes: 1.0, Time/Memory: 0.24,60788
Running EXPLC_M with kLevN for N=10000, M=7000, k=10, seed=1729...
      Average Passes: 1.0, Time/Memory: 0.26,60792
Running EXPLC_M with kPath0 for N=10000, M=8000, k=2, seed=1729...
      Average Passes: 5.12, Time/Memory: 6.60,8200
Running EXPLC_M with kPath0 for N=10000, M=8000, k=5, seed=1729...
      Average Passes: 2.0, Time/Memory: 4.95,8072
Running EXPLC_M with kPath0 for N=10000, M=8000, k=10, seed=1729...
      Average Passes: 2.0, Time/Memory: 4.31,8056
Running EXPLC_M with kPathN for N=10000, M=8000, k=2, seed=1729...
      Average Passes: 1.0, Time/Memory: 0.27,62764
Running EXPLC_M with kPathN for N=10000, M=8000, k=5, seed=1729...
      Average Passes: 1.0, Time/Memory: 0.24,62732
Running EXPLC_M with kPathN for N=10000, M=8000, k=10, seed=1729...
      Average Passes: 1.0, Time/Memory: 0.27,62872
Running EXPLC_M with kLev0 for N=10000, M=8000, k=2, seed=1729...
      Average Passes: 4.09, Time/Memory: 1.62,7932
Running EXPLC_M with kLev0 for N=10000, M=8000, k=5, seed=1729...
      Average Passes: 4.09, Time/Memory: 1.81,8008
Running EXPLC_M with kLev0 for N=10000, M=8000, k=10, seed=1729...
      Average Passes: 4.1, Time/Memory: 1.63,7768
Running EXPLC_M with kLevN for N=10000, M=8000, k=2, seed=1729...
      Average Passes: 1.0, Time/Memory: 0.29,62916
Running EXPLC_M with kLevN for N=10000, M=8000, k=5, seed=1729...
      Average Passes: 1.0, Time/Memory: 0.26,62804
Running EXPLC_M with kLevN for N=10000, M=8000, k=10, seed=1729...
      Average Passes: 1.0, Time/Memory: 0.29,62872
Running EXPLC_M with kPath0 for N=10000, M=9000, k=2, seed=1729...
      Average Passes: 5.26, Time/Memory: 6.38,8384
Running EXPLC_M with kPath0 for N=10000, M=9000, k=5, seed=1729...
      Average Passes: 2.0, Time/Memory: 4.12,8528
Running EXPLC_M with kPath0 for N=10000, M=9000, k=10, seed=1729...
      Average Passes: 2.0, Time/Memory: 3.68,8608
Running EXPLC_M with kPathN for N=10000, M=9000, k=2, seed=1729...
      Average Passes: 1.0, Time/Memory: 0.31,64828
Running EXPLC_M with kPathN for N=10000, M=9000, k=5, seed=1729...
      Average Passes: 1.0, Time/Memory: 0.30,64944
Running EXPLC_M with kPathN for N=10000, M=9000, k=10, seed=1729...
      Average Passes: 1.0, Time/Memory: 0.33,65000
Running EXPLC_M with kLev0 for N=10000, M=9000, k=2, seed=1729...
      Average Passes: 4.13, Time/Memory: 1.96,7992
Running EXPLC_M with kLev0 for N=10000, M=9000, k=5, seed=1729...
      Average Passes: 4.14, Time/Memory: 2.20,8160
Running EXPLC_M with kLev0 for N=10000, M=9000, k=10, seed=1729...
      Average Passes: 4.14, Time/Memory: 1.99,7632
Running EXPLC_M with kLevN for N=10000, M=9000, k=2, seed=1729...
      Average Passes: 1.0, Time/Memory: 0.34,65032
Running EXPLC_M with kLevN for N=10000, M=9000, k=5, seed=1729...
      Average Passes: 1.0, Time/Memory: 0.28,65012
Running EXPLC_M with kLevN for N=10000, M=9000, k=10, seed=1729...
      Average Passes: 1.0, Time/Memory: 0.33,65052
Running EXPLC_M with kPath0 for N=10000, M=10000, k=2, seed=1729...
      Average Passes: 5.74, Time/Memory: 6.32,8444
Running EXPLC_M with kPath0 for N=10000, M=10000, k=5, seed=1729...
      Average Passes: 2.0, Time/Memory: 3.54,8716
Running EXPLC_M with kPath0 for N=10000, M=10000, k=10, seed=1729...
      Average Passes: 2.0, Time/Memory: 3.11,8864
Running EXPLC_M with kPathN for N=10000, M=10000, k=2, seed=1729...
      Average Passes: 1.0, Time/Memory: 0.36,66464
Running EXPLC_M with kPathN for N=10000, M=10000, k=5, seed=1729...
      Average Passes: 1.0, Time/Memory: 0.33,66380
Running EXPLC_M with kPathN for N=10000, M=10000, k=10, seed=1729...
      Average Passes: 1.0, Time/Memory: 0.35,66532
Running EXPLC_M with kLev0 for N=10000, M=10000, k=2, seed=1729...
      Average Passes: 4.18, Time/Memory: 2.32,8096
Running EXPLC_M with kLev0 for N=10000, M=10000, k=5, seed=1729...
      Average Passes: 4.19, Time/Memory: 2.59,8156
Running EXPLC_M with kLev0 for N=10000, M=10000, k=10, seed=1729...
      Average Passes: 4.2, Time/Memory: 2.26,8088
Running EXPLC_M with kLevN for N=10000, M=10000, k=2, seed=1729...
      Average Passes: 1.0, Time/Memory: 0.36,66388
Running EXPLC_M with kLevN for N=10000, M=10000, k=5, seed=1729...
      Average Passes: 1.0, Time/Memory: 0.34,66428
Running EXPLC_M with kLevN for N=10000, M=10000, k=10, seed=1729...
      Average Passes: 1.0, Time/Memory: 0.32,66460
Running EXPLC_M with kPath0 for N=10000, M=12500, k=2, seed=1729...
      Average Passes: 6.23, Time/Memory: 5.90,8716
Running EXPLC_M with kPath0 for N=10000, M=12500, k=5, seed=1729...
      Average Passes: 2.0, Time/Memory: 2.57,9124
Running EXPLC_M with kPath0 for N=10000, M=12500, k=10, seed=1729...
      Average Passes: 2.0, Time/Memory: 2.21,9088
Running EXPLC_M with kPathN for N=10000, M=12500, k=2, seed=1729...
      Average Passes: 1.0, Time/Memory: 0.43,68808
Running EXPLC_M with kPathN for N=10000, M=12500, k=5, seed=1729...
      Average Passes: 1.0, Time/Memory: 0.43,68952
Running EXPLC_M with kPathN for N=10000, M=12500, k=10, seed=1729...
      Average Passes: 1.0, Time/Memory: 0.44,69028
Running EXPLC_M with kLev0 for N=10000, M=12500, k=2, seed=1729...
      Average Passes: 4.14, Time/Memory: 3.03,7884
Running EXPLC_M with kLev0 for N=10000, M=12500, k=5, seed=1729...
      Average Passes: 4.14, Time/Memory: 3.42,8344
Running EXPLC_M with kLev0 for N=10000, M=12500, k=10, seed=1729...
      Average Passes: 4.14, Time/Memory: 3.03,8164
Running EXPLC_M with kLevN for N=10000, M=12500, k=2, seed=1729...
      Average Passes: 1.0, Time/Memory: 0.44,68904
Running EXPLC_M with kLevN for N=10000, M=12500, k=5, seed=1729...
      Average Passes: 1.0, Time/Memory: 0.33,69024
Running EXPLC_M with kLevN for N=10000, M=12500, k=10, seed=1729...
      Average Passes: 1.0, Time/Memory: 0.42,68880
Running EXPLC_M with kPath0 for N=10000, M=15000, k=2, seed=1729...
      Average Passes: 6.74, Time/Memory: 6.21,8852
Running EXPLC_M with kPath0 for N=10000, M=15000, k=5, seed=1729...
      Average Passes: 2.0, Time/Memory: 2.06,9484
Running EXPLC_M with kPath0 for N=10000, M=15000, k=10, seed=1729...
      Average Passes: 2.0, Time/Memory: 1.80,9508
Running EXPLC_M with kPathN for N=10000, M=15000, k=2, seed=1729...
      Average Passes: 1.0, Time/Memory: 0.53,70424
Running EXPLC_M with kPathN for N=10000, M=15000, k=5, seed=1729...
      Average Passes: 1.0, Time/Memory: 0.46,70388
Running EXPLC_M with kPathN for N=10000, M=15000, k=10, seed=1729...
      Average Passes: 1.0, Time/Memory: 0.54,70164
Running EXPLC_M with kLev0 for N=10000, M=15000, k=2, seed=1729...
      Average Passes: 4.13, Time/Memory: 3.62,8044
Running EXPLC_M with kLev0 for N=10000, M=15000, k=5, seed=1729...
      Average Passes: 4.14, Time/Memory: 4.07,8020
Running EXPLC_M with kLev0 for N=10000, M=15000, k=10, seed=1729...
      Average Passes: 4.13, Time/Memory: 3.61,7876
Running EXPLC_M with kLevN for N=10000, M=15000, k=2, seed=1729...
      Average Passes: 1.0, Time/Memory: 0.45,70284
Running EXPLC_M with kLevN for N=10000, M=15000, k=5, seed=1729...
      Average Passes: 1.0, Time/Memory: 0.44,70388
Running EXPLC_M with kLevN for N=10000, M=15000, k=10, seed=1729...
      Average Passes: 1.0, Time/Memory: 0.50,70240
Running EXPLC_M with kPath0 for N=10000, M=17500, k=2, seed=1729...
      Average Passes: 7.09, Time/Memory: 6.24,8860
Running EXPLC_M with kPath0 for N=10000, M=17500, k=5, seed=1729...
      Average Passes: 2.0, Time/Memory: 1.85,9796
Running EXPLC_M with kPath0 for N=10000, M=17500, k=10, seed=1729...
      Average Passes: 2.0, Time/Memory: 1.66,9956
Running EXPLC_M with kPathN for N=10000, M=17500, k=2, seed=1729...
      Average Passes: 1.0, Time/Memory: 0.57,71208
Running EXPLC_M with kPathN for N=10000, M=17500, k=5, seed=1729...
      Average Passes: 1.0, Time/Memory: 0.50,71024
Running EXPLC_M with kPathN for N=10000, M=17500, k=10, seed=1729...
      Average Passes: 1.0, Time/Memory: 0.60,71104
Running EXPLC_M with kLev0 for N=10000, M=17500, k=2, seed=1729...
      Average Passes: 4.14, Time/Memory: 4.17,8256
Running EXPLC_M with kLev0 for N=10000, M=17500, k=5, seed=1729...
      Average Passes: 4.14, Time/Memory: 4.64,8292
Running EXPLC_M with kLev0 for N=10000, M=17500, k=10, seed=1729...
      Average Passes: 4.14, Time/Memory: 4.14,8572
Running EXPLC_M with kLevN for N=10000, M=17500, k=2, seed=1729...
      Average Passes: 1.0, Time/Memory: 0.58,71208
Running EXPLC_M with kLevN for N=10000, M=17500, k=5, seed=1729...
      Average Passes: 1.0, Time/Memory: 0.55,71204
Running EXPLC_M with kLevN for N=10000, M=17500, k=10, seed=1729...
      Average Passes: 1.0, Time/Memory: 0.60,71132
Running EXPLC_M with kPath0 for N=10000, M=20000, k=2, seed=1729...
      Average Passes: 7.29, Time/Memory: 6.72,9116
Running EXPLC_M with kPath0 for N=10000, M=20000, k=5, seed=1729...
      Average Passes: 2.0, Time/Memory: 1.80,10168
Running EXPLC_M with kPath0 for N=10000, M=20000, k=10, seed=1729...
      Average Passes: 2.0, Time/Memory: 1.61,10252
Running EXPLC_M with kPathN for N=10000, M=20000, k=2, seed=1729...
      Average Passes: 1.0, Time/Memory: 0.67,71912
Running EXPLC_M with kPathN for N=10000, M=20000, k=5, seed=1729...
      Average Passes: 1.0, Time/Memory: 0.59,71912
Running EXPLC_M with kPathN for N=10000, M=20000, k=10, seed=1729...
      Average Passes: 1.0, Time/Memory: 0.65,71772
Running EXPLC_M with kLev0 for N=10000, M=20000, k=2, seed=1729...
      Average Passes: 4.15, Time/Memory: 4.51,8156
Running EXPLC_M with kLev0 for N=10000, M=20000, k=5, seed=1729...
      Average Passes: 4.14, Time/Memory: 5.18,8292
Running EXPLC_M with kLev0 for N=10000, M=20000, k=10, seed=1729...
      Average Passes: 4.13, Time/Memory: 4.70,8268
Running EXPLC_M with kLevN for N=10000, M=20000, k=2, seed=1729...
      Average Passes: 1.0, Time/Memory: 0.64,71772
Running EXPLC_M with kLevN for N=10000, M=20000, k=5, seed=1729...
      Average Passes: 1.0, Time/Memory: 0.60,71940
Running EXPLC_M with kLevN for N=10000, M=20000, k=10, seed=1729...
      Average Passes: 1.0, Time/Memory: 0.64,72036
Running EXPLC_M with kPath0 for N=10000, M=22500, k=2, seed=1729...
      Average Passes: 7.69, Time/Memory: 7.13,9052
Running EXPLC_M with kPath0 for N=10000, M=22500, k=5, seed=1729...
      Average Passes: 2.0, Time/Memory: 1.78,10440
Running EXPLC_M with kPath0 for N=10000, M=22500, k=10, seed=1729...
      Average Passes: 2.0, Time/Memory: 1.60,10544
Running EXPLC_M with kPathN for N=10000, M=22500, k=2, seed=1729...
      Average Passes: 2.0, Time/Memory: 2.42,9732
Running EXPLC_M with kPathN for N=10000, M=22500, k=5, seed=1729...
      Average Passes: 1.0, Time/Memory: 0.64,72616
Running EXPLC_M with kPathN for N=10000, M=22500, k=10, seed=1729...
      Average Passes: 1.0, Time/Memory: 0.72,72612
Running EXPLC_M with kLev0 for N=10000, M=22500, k=2, seed=1729...
      Average Passes: 4.16, Time/Memory: 5.04,8236
Running EXPLC_M with kLev0 for N=10000, M=22500, k=5, seed=1729...
      Average Passes: 4.16, Time/Memory: 5.61,8320
Running EXPLC_M with kLev0 for N=10000, M=22500, k=10, seed=1729...
      Average Passes: 4.15, Time/Memory: 5.01,8460
Running EXPLC_M with kLevN for N=10000, M=22500, k=2, seed=1729...
      Average Passes: 1.0, Time/Memory: 3.49,8896
Running EXPLC_M with kLevN for N=10000, M=22500, k=5, seed=1729...
      Average Passes: 1.0, Time/Memory: 0.64,72776
Running EXPLC_M with kLevN for N=10000, M=22500, k=10, seed=1729...
      Average Passes: 1.0, Time/Memory: 0.74,72572
Running EXPLC_M with kPath0 for N=10000, M=25000, k=2, seed=1729...
      Average Passes: 7.86, Time/Memory: 6.82,9160
Running EXPLC_M with kPath0 for N=10000, M=25000, k=5, seed=1729...
      Average Passes: 2.0, Time/Memory: 1.79,10780
Running EXPLC_M with kPath0 for N=10000, M=25000, k=10, seed=1729...
      Average Passes: 2.0, Time/Memory: 1.69,10816
Running EXPLC_M with kPathN for N=10000, M=25000, k=2, seed=1729...
      Average Passes: 2.0, Time/Memory: 2.35,9812
Running EXPLC_M with kPathN for N=10000, M=25000, k=5, seed=1729...
      Average Passes: 1.0, Time/Memory: 0.71,73500
Running EXPLC_M with kPathN for N=10000, M=25000, k=10, seed=1729...
      Average Passes: 1.0, Time/Memory: 0.80,73464
Running EXPLC_M with kLev0 for N=10000, M=25000, k=2, seed=1729...
      Average Passes: 4.15, Time/Memory: 5.51,8000
Running EXPLC_M with kLev0 for N=10000, M=25000, k=5, seed=1729...
      Average Passes: 4.14, Time/Memory: 6.14,8280
Running EXPLC_M with kLev0 for N=10000, M=25000, k=10, seed=1729...
      Average Passes: 4.14, Time/Memory: 5.55,8284
Running EXPLC_M with kLevN for N=10000, M=25000, k=2, seed=1729...
      Average Passes: 1.0, Time/Memory: 3.83,9268
Running EXPLC_M with kLevN for N=10000, M=25000, k=5, seed=1729...
      Average Passes: 1.0, Time/Memory: 0.75,73504
Running EXPLC_M with kLevN for N=10000, M=25000, k=10, seed=1729...
      Average Passes: 1.0, Time/Memory: 0.81,73548
Running EXPLC_M with kPath0 for N=10000, M=30000, k=2, seed=1729...
      Average Passes: 8.17, Time/Memory: 8.16,9204
Running EXPLC_M with kPath0 for N=10000, M=30000, k=5, seed=1729...
      Average Passes: 2.0, Time/Memory: 2.05,11432
Running EXPLC_M with kPath0 for N=10000, M=30000, k=10, seed=1729...
      Average Passes: 2.0, Time/Memory: 1.86,11516
Running EXPLC_M with kPathN for N=10000, M=30000, k=2, seed=1729...
      Average Passes: 3.0, Time/Memory: 5.19,9896
Running EXPLC_M with kPathN for N=10000, M=30000, k=5, seed=1729...
      Average Passes: 1.0, Time/Memory: 0.83,74680
Running EXPLC_M with kPathN for N=10000, M=30000, k=10, seed=1729...
      Average Passes: 1.0, Time/Memory: 0.93,74540
Running EXPLC_M with kLev0 for N=10000, M=30000, k=2, seed=1729...
      Average Passes: 4.03, Time/Memory: 5.72,8236
Running EXPLC_M with kLev0 for N=10000, M=30000, k=5, seed=1729...
      Average Passes: 4.04, Time/Memory: 6.76,8248
Running EXPLC_M with kLev0 for N=10000, M=30000, k=10, seed=1729...
      Average Passes: 4.05, Time/Memory: 6.22,8348
Running EXPLC_M with kLevN for N=10000, M=30000, k=2, seed=1729...
      Average Passes: 2.0, Time/Memory: 4.97,9976
Running EXPLC_M with kLevN for N=10000, M=30000, k=5, seed=1729...
      Average Passes: 1.0, Time/Memory: 0.83,74616
Running EXPLC_M with kLevN for N=10000, M=30000, k=10, seed=1729...
      Average Passes: 1.0, Time/Memory: 0.94,74664
Running EXPLC_M with kPath0 for N=10000, M=35000, k=2, seed=1729...
      Average Passes: 8.5, Time/Memory: 9.03,9112
Running EXPLC_M with kPath0 for N=10000, M=35000, k=5, seed=1729...
      Average Passes: 2.0, Time/Memory: 2.33,11924
Running EXPLC_M with kPath0 for N=10000, M=35000, k=10, seed=1729...
      Average Passes: 2.0, Time/Memory: 2.28,11884
Running EXPLC_M with kPathN for N=10000, M=35000, k=2, seed=1729...
      Average Passes: 3.02, Time/Memory: 4.88,9748
Running EXPLC_M with kPathN for N=10000, M=35000, k=5, seed=1729...
      Average Passes: 1.0, Time/Memory: 0.95,74336
Running EXPLC_M with kPathN for N=10000, M=35000, k=10, seed=1729...
      Average Passes: 1.0, Time/Memory: 1.04,74444
Running EXPLC_M with kLev0 for N=10000, M=35000, k=2, seed=1729...
      Average Passes: 4.15, Time/Memory: 6.84,8308
Running EXPLC_M with kLev0 for N=10000, M=35000, k=5, seed=1729...
      Average Passes: 4.15, Time/Memory: 7.58,8532
Running EXPLC_M with kLev0 for N=10000, M=35000, k=10, seed=1729...
      Average Passes: 4.15, Time/Memory: 6.85,8480
Running EXPLC_M with kLevN for N=10000, M=35000, k=2, seed=1729...
      Average Passes: 2.0, Time/Memory: 5.70,10044
Running EXPLC_M with kLevN for N=10000, M=35000, k=5, seed=1729...
      Average Passes: 1.0, Time/Memory: 0.94,74372
Running EXPLC_M with kLevN for N=10000, M=35000, k=10, seed=1729...
      Average Passes: 1.0, Time/Memory: 1.06,74484
Running EXPLC_M with kPath0 for N=10000, M=40000, k=2, seed=1729...
      Average Passes: 9.1, Time/Memory: 10.39,8960
Running EXPLC_M with kPath0 for N=10000, M=40000, k=5, seed=1729...
      Average Passes: 3.0, Time/Memory: 5.11,12440
Running EXPLC_M with kPath0 for N=10000, M=40000, k=10, seed=1729...
      Average Passes: 2.0, Time/Memory: 2.36,12512
Running EXPLC_M with kPathN for N=10000, M=40000, k=2, seed=1729...
      Average Passes: 3.04, Time/Memory: 4.96,9736
Running EXPLC_M with kPathN for N=10000, M=40000, k=5, seed=1729...
      Average Passes: 1.0, Time/Memory: 1.09,75808
Running EXPLC_M with kPathN for N=10000, M=40000, k=10, seed=1729...
      Average Passes: 1.0, Time/Memory: 1.18,75624
Running EXPLC_M with kLev0 for N=10000, M=40000, k=2, seed=1729...
      Average Passes: 4.12, Time/Memory: 7.19,8452
Running EXPLC_M with kLev0 for N=10000, M=40000, k=5, seed=1729...
      Average Passes: 4.12, Time/Memory: 8.35,8568
Running EXPLC_M with kLev0 for N=10000, M=40000, k=10, seed=1729...
      Average Passes: 4.14, Time/Memory: 7.52,8376
Running EXPLC_M with kLevN for N=10000, M=40000, k=2, seed=1729...
      Average Passes: 2.0, Time/Memory: 6.13,9400
Running EXPLC_M with kLevN for N=10000, M=40000, k=5, seed=1729...
      Average Passes: 1.0, Time/Memory: 1.07,75756
Running EXPLC_M with kLevN for N=10000, M=40000, k=10, seed=1729...
      Average Passes: 1.0, Time/Memory: 1.18,75744
Running EXPLC_M with kPath0 for N=10000, M=45000, k=2, seed=1729...
      Average Passes: 9.21, Time/Memory: 11.06,9068
Running EXPLC_M with kPath0 for N=10000, M=45000, k=5, seed=1729...
      Average Passes: 3.0, Time/Memory: 5.15,12220
Running EXPLC_M with kPath0 for N=10000, M=45000, k=10, seed=1729...
      Average Passes: 2.0, Time/Memory: 2.55,12984
Running EXPLC_M with kPathN for N=10000, M=45000, k=2, seed=1729...
      Average Passes: 3.05, Time/Memory: 4.93,9668
Running EXPLC_M with kPathN for N=10000, M=45000, k=5, seed=1729...
      Average Passes: 1.0, Time/Memory: 1.21,76744
Running EXPLC_M with kPathN for N=10000, M=45000, k=10, seed=1729...
      Average Passes: 1.0, Time/Memory: 1.31,76656
Running EXPLC_M with kLev0 for N=10000, M=45000, k=2, seed=1729...
      Average Passes: 4.12, Time/Memory: 8.19,8620
Running EXPLC_M with kLev0 for N=10000, M=45000, k=5, seed=1729...
      Average Passes: 4.13, Time/Memory: 9.09,8436
Running EXPLC_M with kLev0 for N=10000, M=45000, k=10, seed=1729...
      Average Passes: 4.13, Time/Memory: 8.30,8964
Running EXPLC_M with kLevN for N=10000, M=45000, k=2, seed=1729...
      Average Passes: 2.0, Time/Memory: 6.71,9644
Running EXPLC_M with kLevN for N=10000, M=45000, k=5, seed=1729...
      Average Passes: 1.0, Time/Memory: 1.21,76808
Running EXPLC_M with kLevN for N=10000, M=45000, k=10, seed=1729...
      Average Passes: 1.0, Time/Memory: 1.33,76688
Running EXPLC_M with kPath0 for N=10000, M=50000, k=2, seed=1729...
      Average Passes: 9.46, Time/Memory: 11.91,9124
Running EXPLC_M with kPath0 for N=10000, M=50000, k=5, seed=1729...
      Average Passes: 3.0, Time/Memory: 5.40,12364
Running EXPLC_M with kPath0 for N=10000, M=50000, k=10, seed=1729...
      Average Passes: 2.0, Time/Memory: 2.85,13332
Running EXPLC_M with kPathN for N=10000, M=50000, k=2, seed=1729...
      Average Passes: 3.05, Time/Memory: 5.02,9716
Running EXPLC_M with kPathN for N=10000, M=50000, k=5, seed=1729...
      Average Passes: 1.0, Time/Memory: 1.26,76768
Running EXPLC_M with kPathN for N=10000, M=50000, k=10, seed=1729...
      Average Passes: 1.0, Time/Memory: 1.48,76708
Running EXPLC_M with kLev0 for N=10000, M=50000, k=2, seed=1729...
      Average Passes: 4.16, Time/Memory: 8.72,8580
Running EXPLC_M with kLev0 for N=10000, M=50000, k=5, seed=1729...
      Average Passes: 4.17, Time/Memory: 9.85,8548
Running EXPLC_M with kLev0 for N=10000, M=50000, k=10, seed=1729...
      Average Passes: 4.15, Time/Memory: 8.61,8280
Running EXPLC_M with kLevN for N=10000, M=50000, k=2, seed=1729...
      Average Passes: 2.0, Time/Memory: 7.12,9632
Running EXPLC_M with kLevN for N=10000, M=50000, k=5, seed=1729...
      Average Passes: 1.0, Time/Memory: 1.34,76780
Running EXPLC_M with kLevN for N=10000, M=50000, k=10, seed=1729...
      Average Passes: 1.0, Time/Memory: 1.45,76708
Running EXPLC_M with kPath0 for N=10000, M=60000, k=2, seed=1729...
      Average Passes: 10.03, Time/Memory: 14.73,9204
Running EXPLC_M with kPath0 for N=10000, M=60000, k=5, seed=1729...
      Average Passes: 3.0, Time/Memory: 5.76,12268
Running EXPLC_M with kPath0 for N=10000, M=60000, k=10, seed=1729...
      Average Passes: 2.0, Time/Memory: 3.41,14472
Running EXPLC_M with kPathN for N=10000, M=60000, k=2, seed=1729...
      Average Passes: 3.06, Time/Memory: 5.56,9596
Running EXPLC_M with kPathN for N=10000, M=60000, k=5, seed=1729...
      Average Passes: 2.0, Time/Memory: 3.94,12600
Running EXPLC_M with kPathN for N=10000, M=60000, k=10, seed=1729...
      Average Passes: 1.0, Time/Memory: 1.67,76172
Running EXPLC_M with kLev0 for N=10000, M=60000, k=2, seed=1729...
      Average Passes: 4.1, Time/Memory: 9.53,8704
Running EXPLC_M with kLev0 for N=10000, M=60000, k=5, seed=1729...
      Average Passes: 4.1, Time/Memory: 11.22,8468
Running EXPLC_M with kLev0 for N=10000, M=60000, k=10, seed=1729...
      Average Passes: 4.1, Time/Memory: 9.87,8688
Running EXPLC_M with kLevN for N=10000, M=60000, k=2, seed=1729...
      Average Passes: 2.0, Time/Memory: 8.06,9808
Running EXPLC_M with kLevN for N=10000, M=60000, k=5, seed=1729...
      Average Passes: 1.1, Time/Memory: 6.34,12196
Running EXPLC_M with kLevN for N=10000, M=60000, k=10, seed=1729...
      Average Passes: 1.0, Time/Memory: 1.69,76220
Running EXPLC_M with kPath0 for N=10000, M=70000, k=2, seed=1729...
      Average Passes: 10.22, Time/Memory: 15.77,9196
Running EXPLC_M with kPath0 for N=10000, M=70000, k=5, seed=1729...
      Average Passes: 3.0, Time/Memory: 6.15,12676
Running EXPLC_M with kPath0 for N=10000, M=70000, k=10, seed=1729...
      Average Passes: 2.0, Time/Memory: 3.83,15348
Running EXPLC_M with kPathN for N=10000, M=70000, k=2, seed=1729...
      Average Passes: 3.06, Time/Memory: 6.20,9972
Running EXPLC_M with kPathN for N=10000, M=70000, k=5, seed=1729...
      Average Passes: 2.0, Time/Memory: 4.15,12632
Running EXPLC_M with kPathN for N=10000, M=70000, k=10, seed=1729...
      Average Passes: 1.0, Time/Memory: 1.97,76392
Running EXPLC_M with kLev0 for N=10000, M=70000, k=2, seed=1729...
      Average Passes: 4.08, Time/Memory: 10.93,8600
Running EXPLC_M with kLev0 for N=10000, M=70000, k=5, seed=1729...
      Average Passes: 4.08, Time/Memory: 11.00,8616
Running EXPLC_M with kLev0 for N=10000, M=70000, k=10, seed=1729...
      Average Passes: 4.08, Time/Memory: 10.80,8672
Running EXPLC_M with kLevN for N=10000, M=70000, k=2, seed=1729...
      Average Passes: 2.0, Time/Memory: 8.52,9572
Running EXPLC_M with kLevN for N=10000, M=70000, k=5, seed=1729...
      Average Passes: 1.15, Time/Memory: 6.75,12172
Running EXPLC_M with kLevN for N=10000, M=70000, k=10, seed=1729...
      Average Passes: 1.0, Time/Memory: 1.91,76396
Running EXPLC_M with kPath0 for N=10000, M=80000, k=2, seed=1729...
      Average Passes: 10.67, Time/Memory: 20.41,9044
Running EXPLC_M with kPath0 for N=10000, M=80000, k=5, seed=1729...
      Average Passes: 3.0, Time/Memory: 6.09,12168
Running EXPLC_M with kPath0 for N=10000, M=80000, k=10, seed=1729...
      Average Passes: 2.0, Time/Memory: 4.80,16216
Running EXPLC_M with kPathN for N=10000, M=80000, k=2, seed=1729...
      Average Passes: 3.06, Time/Memory: 5.62,9764
Running EXPLC_M with kPathN for N=10000, M=80000, k=5, seed=1729...
      Average Passes: 2.0, Time/Memory: 4.52,12684
Running EXPLC_M with kPathN for N=10000, M=80000, k=10, seed=1729...
      Average Passes: 1.0, Time/Memory: 1.99,76856
Running EXPLC_M with kLev0 for N=10000, M=80000, k=2, seed=1729...
      Average Passes: 4.09, Time/Memory: 11.36,9024
Running EXPLC_M with kLev0 for N=10000, M=80000, k=5, seed=1729...
      Average Passes: 4.09, Time/Memory: 12.46,8388
Running EXPLC_M with kLev0 for N=10000, M=80000, k=10, seed=1729...
      Average Passes: 4.09, Time/Memory: 12.37,8620
Running EXPLC_M with kLevN for N=10000, M=80000, k=2, seed=1729...
      Average Passes: 2.01, Time/Memory: 8.58,9584
Running EXPLC_M with kLevN for N=10000, M=80000, k=5, seed=1729...
      Average Passes: 1.16, Time/Memory: 8.16,12552
Running EXPLC_M with kLevN for N=10000, M=80000, k=10, seed=1729...
      Average Passes: 1.0, Time/Memory: 2.01,76920
Running EXPLC_M with kPath0 for N=10000, M=90000, k=2, seed=1729...
      Average Passes: 10.92, Time/Memory: 22.31,8948
Running EXPLC_M with kPath0 for N=10000, M=90000, k=5, seed=1729...
      Average Passes: 3.0, Time/Memory: 6.66,12468
Running EXPLC_M with kPath0 for N=10000, M=90000, k=10, seed=1729...
      Average Passes: 3.0, Time/Memory: 8.22,17144
Running EXPLC_M with kPathN for N=10000, M=90000, k=2, seed=1729...
      Average Passes: 3.06, Time/Memory: 6.73,9728
Running EXPLC_M with kPathN for N=10000, M=90000, k=5, seed=1729...
      Average Passes: 2.0, Time/Memory: 4.87,12528
Running EXPLC_M with kPathN for N=10000, M=90000, k=10, seed=1729...
      Average Passes: 1.0, Time/Memory: 2.14,77168
Running EXPLC_M with kLev0 for N=10000, M=90000, k=2, seed=1729...
      Average Passes: 4.02, Time/Memory: 14.50,8732
Running EXPLC_M with kLev0 for N=10000, M=90000, k=5, seed=1729...
      Average Passes: 4.02, Time/Memory: 12.34,8620
Running EXPLC_M with kLev0 for N=10000, M=90000, k=10, seed=1729...
      Average Passes: 4.02, Time/Memory: 12.24,8584
Running EXPLC_M with kLevN for N=10000, M=90000, k=2, seed=1729...
      Average Passes: 2.01, Time/Memory: 9.49,9460
Running EXPLC_M with kLevN for N=10000, M=90000, k=5, seed=1729...
      Average Passes: 1.16, Time/Memory: 7.93,12448
Running EXPLC_M with kLevN for N=10000, M=90000, k=10, seed=1729...
      Average Passes: 1.0, Time/Memory: 2.38,77292
Running EXPLC_M with kPath0 for N=10000, M=100000, k=2, seed=1729...
      Average Passes: 11.11, Time/Memory: 27.57,9200
Running EXPLC_M with kPath0 for N=10000, M=100000, k=5, seed=1729...
      Average Passes: 3.0, Time/Memory: 6.40,12436
Running EXPLC_M with kPath0 for N=10000, M=100000, k=10, seed=1729...
      Average Passes: 3.0, Time/Memory: 8.28,17180
Running EXPLC_M with kPathN for N=10000, M=100000, k=2, seed=1729...
      Average Passes: 3.06, Time/Memory: 6.33,9968
Running EXPLC_M with kPathN for N=10000, M=100000, k=5, seed=1729...
      Average Passes: 2.0, Time/Memory: 5.78,12608
Running EXPLC_M with kPathN for N=10000, M=100000, k=10, seed=1729...
      Average Passes: 1.0, Time/Memory: 2.40,77228
Running EXPLC_M with kLev0 for N=10000, M=100000, k=2, seed=1729...
      Average Passes: 4.04, Time/Memory: 15.88,8508
Running EXPLC_M with kLev0 for N=10000, M=100000, k=5, seed=1729...
      Average Passes: 4.03, Time/Memory: 14.59,8616
Running EXPLC_M with kLev0 for N=10000, M=100000, k=10, seed=1729...
      Average Passes: 4.04, Time/Memory: 16.09,8664
Running EXPLC_M with kLevN for N=10000, M=100000, k=2, seed=1729...
      Average Passes: 2.0, Time/Memory: 9.97,9780
Running EXPLC_M with kLevN for N=10000, M=100000, k=5, seed=1729...
      Average Passes: 1.16, Time/Memory: 9.55,12296
Running EXPLC_M with kLevN for N=10000, M=100000, k=10, seed=1729...
      Average Passes: 1.0, Time/Memory: 2.37,77152
Running EXPLC_M with kPath0 for N=10000, M=150000, k=2, seed=1729...
      Average Passes: 12.23, Time/Memory: 39.48,9048
Running EXPLC_M with kPath0 for N=10000, M=150000, k=5, seed=1729...
      Average Passes: 3.0, Time/Memory: 10.16,12704
Running EXPLC_M with kPath0 for N=10000, M=150000, k=10, seed=1729...
      Average Passes: 3.0, Time/Memory: 11.84,17176
Running EXPLC_M with kPathN for N=10000, M=150000, k=2, seed=1729...
      Average Passes: 3.06, Time/Memory: 10.63,9724
Running EXPLC_M with kPathN for N=10000, M=150000, k=5, seed=1729...
      Average Passes: 2.0, Time/Memory: 7.89,12672
Running EXPLC_M with kPathN for N=10000, M=150000, k=10, seed=1729...
      Average Passes: 2.0, Time/Memory: 7.77,17580
Running EXPLC_M with kLev0 for N=10000, M=150000, k=2, seed=1729...
      Average Passes: 4.08, Time/Memory: 22.28,8760
Running EXPLC_M with kLev0 for N=10000, M=150000, k=5, seed=1729...
      Average Passes: 4.07, Time/Memory: 20.15,8604
Running EXPLC_M with kLev0 for N=10000, M=150000, k=10, seed=1729...
      Average Passes: 4.06, Time/Memory: 22.18,8736
Running EXPLC_M with kLevN for N=10000, M=150000, k=2, seed=1729...
      Average Passes: 2.01, Time/Memory: 12.87,9948
Running EXPLC_M with kLevN for N=10000, M=150000, k=5, seed=1729...
      Average Passes: 1.17, Time/Memory: 12.07,12584
Running EXPLC_M with kLevN for N=10000, M=150000, k=10, seed=1729...
      Average Passes: 1.0, Time/Memory: 10.43,13240
Running EXPLC_M with kPath0 for N=10000, M=200000, k=2, seed=1729...
      Average Passes: 12.93, Time/Memory: 60.81,9044
Running EXPLC_M with kPath0 for N=10000, M=200000, k=5, seed=1729...
      Average Passes: 3.0, Time/Memory: 13.60,12352
Running EXPLC_M with kPath0 for N=10000, M=200000, k=10, seed=1729...
      Average Passes: 3.0, Time/Memory: 15.40,17108
Running EXPLC_M with kPathN for N=10000, M=200000, k=2, seed=1729...
      Average Passes: 3.06, Time/Memory: 11.76,9984
Running EXPLC_M with kPathN for N=10000, M=200000, k=5, seed=1729...
      Average Passes: 2.0, Time/Memory: 10.27,12540
Running EXPLC_M with kPathN for N=10000, M=200000, k=10, seed=1729...
      Average Passes: 2.0, Time/Memory: 9.33,17412
Running EXPLC_M with kLev0 for N=10000, M=200000, k=2, seed=1729...
      Average Passes: 4.07, Time/Memory: 28.32,8708
Running EXPLC_M with kLev0 for N=10000, M=200000, k=5, seed=1729...
      Average Passes: 4.06, Time/Memory: 25.42,9260
Running EXPLC_M with kLev0 for N=10000, M=200000, k=10, seed=1729...
      Average Passes: 4.06, Time/Memory: 28.19,8920
Running EXPLC_M with kLevN for N=10000, M=200000, k=2, seed=1729...
      Average Passes: 2.0, Time/Memory: 14.54,9756
Running EXPLC_M with kLevN for N=10000, M=200000, k=5, seed=1729...
      Average Passes: 1.17, Time/Memory: 14.51,12408
Running EXPLC_M with kLevN for N=10000, M=200000, k=10, seed=1729...
      Average Passes: 1.0, Time/Memory: 12.30,13276
Running EXPLC_M with kPath0 for N=10000, M=250000, k=2, seed=1729...
      Average Passes: 13.54, Time/Memory: 80.71,8920
Running EXPLC_M with kPath0 for N=10000, M=250000, k=5, seed=1729...
      Average Passes: 4.0, Time/Memory: 20.52,12220
Running EXPLC_M with kPath0 for N=10000, M=250000, k=10, seed=1729...
      Average Passes: 3.0, Time/Memory: 18.12,17100
Running EXPLC_M with kPathN for N=10000, M=250000, k=2, seed=1729...
      Average Passes: 3.9, Time/Memory: 21.96,9976
Running EXPLC_M with kPathN for N=10000, M=250000, k=5, seed=1729...
      Average Passes: 2.0, Time/Memory: 11.08,12692
Running EXPLC_M with kPathN for N=10000, M=250000, k=10, seed=1729...
      Average Passes: 2.0, Time/Memory: 13.31,17484
Running EXPLC_M with kLev0 for N=10000, M=250000, k=2, seed=1729...
      Average Passes: 4.05, Time/Memory: 29.82,9064
Running EXPLC_M with kLev0 for N=10000, M=250000, k=5, seed=1729...
      Average Passes: 4.05, Time/Memory: 34.60,8932
Running EXPLC_M with kLev0 for N=10000, M=250000, k=10, seed=1729...
      Average Passes: 4.05, Time/Memory: 30.82,8784
Running EXPLC_M with kLevN for N=10000, M=250000, k=2, seed=1729...
      Average Passes: 2.0, Time/Memory: 20.91,9756
Running EXPLC_M with kLevN for N=10000, M=250000, k=5, seed=1729...
      Average Passes: 1.17, Time/Memory: 14.72,12608
Running EXPLC_M with kLevN for N=10000, M=250000, k=10, seed=1729...
      Average Passes: 1.0, Time/Memory: 15.58,13264
Running EXPLC_M with kPath0 for N=10000, M=300000, k=2, seed=1729...
      Average Passes: 13.89, Time/Memory: 88.93,8944
Running EXPLC_M with kPath0 for N=10000, M=300000, k=5, seed=1729...
      Average Passes: 4.0, Time/Memory: 28.72,12368
Running EXPLC_M with kPath0 for N=10000, M=300000, k=10, seed=1729...
      Average Passes: 3.0, Time/Memory: 20.27,17180
Running EXPLC_M with kPathN for N=10000, M=300000, k=2, seed=1729...
      Average Passes: 4.06, Time/Memory: 25.83,9772
Running EXPLC_M with kPathN for N=10000, M=300000, k=5, seed=1729...
      Average Passes: 2.0, Time/Memory: 13.69,12664
Running EXPLC_M with kPathN for N=10000, M=300000, k=10, seed=1729...
      Average Passes: 2.0, Time/Memory: 15.63,17416
Running EXPLC_M with kLev0 for N=10000, M=300000, k=2, seed=1729...
      Average Passes: 3.99, Time/Memory: 36.38,9052
Running EXPLC_M with kLev0 for N=10000, M=300000, k=5, seed=1729...
      Average Passes: 4.0, Time/Memory: 40.43,8612
Running EXPLC_M with kLev0 for N=10000, M=300000, k=10, seed=1729...
      Average Passes: 4.0, Time/Memory: 35.07,9136
Running EXPLC_M with kLevN for N=10000, M=300000, k=2, seed=1729...
      Average Passes: 2.0, Time/Memory: 23.69,9920
Running EXPLC_M with kLevN for N=10000, M=300000, k=5, seed=1729...
      Average Passes: 1.17, Time/Memory: 16.97,12576
Running EXPLC_M with kLevN for N=10000, M=300000, k=10, seed=1729...
      Average Passes: 1.0, Time/Memory: 17.52,13272
Running EXPLC_M with kPath0 for N=10000, M=350000, k=2, seed=1729...
      Average Passes: 14.15, Time/Memory: 106.82,9112
Running EXPLC_M with kPath0 for N=10000, M=350000, k=5, seed=1729...
      Average Passes: 4.0, Time/Memory: 28.66,12344
Running EXPLC_M with kPath0 for N=10000, M=350000, k=10, seed=1729...
      Average Passes: 3.0, Time/Memory: 25.79,17040
Running EXPLC_M with kPathN for N=10000, M=350000, k=2, seed=1729...
      Average Passes: 4.06, Time/Memory: 30.77,9660
Running EXPLC_M with kPathN for N=10000, M=350000, k=5, seed=1729...
      Average Passes: 2.0, Time/Memory: 15.22,12664
Running EXPLC_M with kPathN for N=10000, M=350000, k=10, seed=1729...
      Average Passes: 2.0, Time/Memory: 16.12,17344
Running EXPLC_M with kLev0 for N=10000, M=350000, k=2, seed=1729...
      Average Passes: 4.0, Time/Memory: 45.85,9096
Running EXPLC_M with kLev0 for N=10000, M=350000, k=5, seed=1729...
      Average Passes: 4.0, Time/Memory: 40.93,8980
Running EXPLC_M with kLev0 for N=10000, M=350000, k=10, seed=1729...
      Average Passes: 3.99, Time/Memory: 46.00,8548
Running EXPLC_M with kLevN for N=10000, M=350000, k=2, seed=1729...
      Average Passes: 2.0, Time/Memory: 23.95,9772
Running EXPLC_M with kLevN for N=10000, M=350000, k=5, seed=1729...
      Average Passes: 1.17, Time/Memory: 20.73,12640
Running EXPLC_M with kLevN for N=10000, M=350000, k=10, seed=1729...
      Average Passes: 1.0, Time/Memory: 17.49,13496
Running EXPLC_M with kPath0 for N=10000, M=400000, k=2, seed=1729...
      Average Passes: 14.51, Time/Memory: 115.98,9204
Running EXPLC_M with kPath0 for N=10000, M=400000, k=5, seed=1729...
      Average Passes: 4.0, Time/Memory: 31.96,12240
Running EXPLC_M with kPath0 for N=10000, M=400000, k=10, seed=1729...
      Average Passes: 3.0, Time/Memory: 25.72,17188
Running EXPLC_M with kPathN for N=10000, M=400000, k=2, seed=1729...
      Average Passes: 4.06, Time/Memory: 36.11,9548
Running EXPLC_M with kPathN for N=10000, M=400000, k=5, seed=1729...
      Average Passes: 2.0, Time/Memory: 17.71,12600
Running EXPLC_M with kPathN for N=10000, M=400000, k=10, seed=1729...
      Average Passes: 2.0, Time/Memory: 15.54,17488
Running EXPLC_M with kLev0 for N=10000, M=400000, k=2, seed=1729...
      Average Passes: 3.93, Time/Memory: 46.78,8796
Running EXPLC_M with kLev0 for N=10000, M=400000, k=5, seed=1729...
      Average Passes: 3.93, Time/Memory: 48.07,8820
Running EXPLC_M with kLev0 for N=10000, M=400000, k=10, seed=1729...
      Average Passes: 3.93, Time/Memory: 46.10,8732
Running EXPLC_M with kLevN for N=10000, M=400000, k=2, seed=1729...
      Average Passes: 2.0, Time/Memory: 30.22,10176
Running EXPLC_M with kLevN for N=10000, M=400000, k=5, seed=1729...
      Average Passes: 1.17, Time/Memory: 20.59,12548
Running EXPLC_M with kLevN for N=10000, M=400000, k=10, seed=1729...
      Average Passes: 1.0, Time/Memory: 21.06,13400
Running EXPLC_M with kPath0 for N=10000, M=450000, k=2, seed=1729...
      Average Passes: 14.8, Time/Memory: 155.12,9124
Running EXPLC_M with kPath0 for N=10000, M=450000, k=5, seed=1729...
      Average Passes: 4.0, Time/Memory: 34.06,12296
Running EXPLC_M with kPath0 for N=10000, M=450000, k=10, seed=1729...
      Average Passes: 3.0, Time/Memory: 31.08,17264
Running EXPLC_M with kPathN for N=10000, M=450000, k=2, seed=1729...
      Average Passes: 4.06, Time/Memory: 37.32,9144
Running EXPLC_M with kPathN for N=10000, M=450000, k=5, seed=1729...
      Average Passes: 2.0, Time/Memory: 21.95,12664
Running EXPLC_M with kPathN for N=10000, M=450000, k=10, seed=1729...
      Average Passes: 2.0, Time/Memory: 19.52,17476
Running EXPLC_M with kLev0 for N=10000, M=450000, k=2, seed=1729...
      Average Passes: 3.98, Time/Memory: 56.25,8784
Running EXPLC_M with kLev0 for N=10000, M=450000, k=5, seed=1729...
      Average Passes: 3.98, Time/Memory: 50.40,8772
Running EXPLC_M with kLev0 for N=10000, M=450000, k=10, seed=1729...
      Average Passes: 3.96, Time/Memory: 57.10,8796
Running EXPLC_M with kLevN for N=10000, M=450000, k=2, seed=1729...
      Average Passes: 2.0, Time/Memory: 27.81,9816
Running EXPLC_M with kLevN for N=10000, M=450000, k=5, seed=1729...
      Average Passes: 1.17, Time/Memory: 25.18,12540
Running EXPLC_M with kLevN for N=10000, M=450000, k=10, seed=1729...
      Average Passes: 1.0, Time/Memory: 20.39,13384
Running EXPLC_M with kPath0 for N=10000, M=500000, k=2, seed=1729...
      Average Passes: 15.05, Time/Memory: 174.62,9088
Running EXPLC_M with kPath0 for N=10000, M=500000, k=5, seed=1729...
      Average Passes: 4.0, Time/Memory: 41.69,12296
Running EXPLC_M with kPath0 for N=10000, M=500000, k=10, seed=1729...
      Average Passes: 3.0, Time/Memory: 35.08,17196
Running EXPLC_M with kPathN for N=10000, M=500000, k=2, seed=1729...
      Average Passes: 4.06, Time/Memory: 45.10,9756
Running EXPLC_M with kPathN for N=10000, M=500000, k=5, seed=1729...
      Average Passes: 2.0, Time/Memory: 21.57,12540
Running EXPLC_M with kPathN for N=10000, M=500000, k=10, seed=1729...
      Average Passes: 2.0, Time/Memory: 22.49,17316
Running EXPLC_M with kLev0 for N=10000, M=500000, k=2, seed=1729...
      Average Passes: 3.98, Time/Memory: 63.88,8912
Running EXPLC_M with kLev0 for N=10000, M=500000, k=5, seed=1729...
      Average Passes: 3.97, Time/Memory: 49.74,8452
Running EXPLC_M with kLev0 for N=10000, M=500000, k=10, seed=1729...
      Average Passes: 3.98, Time/Memory: 63.65,8800
Running EXPLC_M with kLevN for N=10000, M=500000, k=2, seed=1729...
      Average Passes: 2.0, Time/Memory: 31.89,9512
Running EXPLC_M with kLevN for N=10000, M=500000, k=5, seed=1729...
      Average Passes: 1.17, Time/Memory: 27.40,12660
Running EXPLC_M with kLevN for N=10000, M=500000, k=10, seed=1729...
      Average Passes: 1.0, Time/Memory: 22.69,13232
Running EXPLC_M with kPath0 for N=10000, M=600000, k=2, seed=1729...
      Average Passes: 15.35, Time/Memory: 177.73,9064
Running EXPLC_M with kPath0 for N=10000, M=600000, k=5, seed=1729...
      Average Passes: 4.0, Time/Memory: 51.13,12224
Running EXPLC_M with kPath0 for N=10000, M=600000, k=10, seed=1729...
      Average Passes: 3.0, Time/Memory: 42.55,17556
Running EXPLC_M with kPathN for N=10000, M=600000, k=2, seed=1729...
      Average Passes: 4.06, Time/Memory: 53.11,9724
Running EXPLC_M with kPathN for N=10000, M=600000, k=5, seed=1729...
      Average Passes: 2.0, Time/Memory: 29.91,12752
Running EXPLC_M with kPathN for N=10000, M=600000, k=10, seed=1729...
      Average Passes: 2.0, Time/Memory: 25.91,17308
Running EXPLC_M with kLev0 for N=10000, M=600000, k=2, seed=1729...
      Average Passes: 3.95, Time/Memory: 76.60,9008
Running EXPLC_M with kLev0 for N=10000, M=600000, k=5, seed=1729...
      Average Passes: 3.94, Time/Memory: 63.44,8740
Running EXPLC_M with kLev0 for N=10000, M=600000, k=10, seed=1729...
      Average Passes: 3.93, Time/Memory: 74.61,8540
Running EXPLC_M with kLevN for N=10000, M=600000, k=2, seed=1729...
      Average Passes: 2.0, Time/Memory: 38.98,10224
Running EXPLC_M with kLevN for N=10000, M=600000, k=5, seed=1729...
      Average Passes: 1.17, Time/Memory: 31.62,12656
Running EXPLC_M with kLevN for N=10000, M=600000, k=10, seed=1729...
      Average Passes: 1.0, Time/Memory: 25.75,13340
Running EXPLC_M with kPath0 for N=10000, M=700000, k=2, seed=1729...
      Average Passes: 15.7, Time/Memory: 181.95,9176
Running EXPLC_M with kPath0 for N=10000, M=700000, k=5, seed=1729...
      Average Passes: 4.0, Time/Memory: 58.99,12144
Running EXPLC_M with kPath0 for N=10000, M=700000, k=10, seed=1729...
      Average Passes: 3.0, Time/Memory: 37.01,17244
Running EXPLC_M with kPathN for N=10000, M=700000, k=2, seed=1729...
      Average Passes: 4.06, Time/Memory: 61.34,9820
Running EXPLC_M with kPathN for N=10000, M=700000, k=5, seed=1729...
      Average Passes: 2.0, Time/Memory: 27.49,12716
Running EXPLC_M with kPathN for N=10000, M=700000, k=10, seed=1729...
      Average Passes: 2.0, Time/Memory: 28.21,17460
Running EXPLC_M with kLev0 for N=10000, M=700000, k=2, seed=1729...
      Average Passes: 3.86, Time/Memory: 67.06,8600
Running EXPLC_M with kLev0 for N=10000, M=700000, k=5, seed=1729...
      Average Passes: 3.87, Time/Memory: 76.72,8800
Running EXPLC_M with kLev0 for N=10000, M=700000, k=10, seed=1729...
      Average Passes: 3.87, Time/Memory: 77.56,9132
Running EXPLC_M with kLevN for N=10000, M=700000, k=2, seed=1729...
      Average Passes: 2.0, Time/Memory: 42.16,9964
Running EXPLC_M with kLevN for N=10000, M=700000, k=5, seed=1729...
      Average Passes: 1.17, Time/Memory: 31.24,12584
Running EXPLC_M with kLevN for N=10000, M=700000, k=10, seed=1729...
      Average Passes: 1.0, Time/Memory: 29.27,13516
Running EXPLC_M with kPath0 for N=10000, M=800000, k=2, seed=1729...
      Average Passes: 16.19, Time/Memory: 244.30,9048
Running EXPLC_M with kPath0 for N=10000, M=800000, k=5, seed=1729...
      Average Passes: 4.0, Time/Memory: 74.29,12292
Running EXPLC_M with kPath0 for N=10000, M=800000, k=10, seed=1729...
      Average Passes: 3.0, Time/Memory: 55.55,17260
Running EXPLC_M with kPathN for N=10000, M=800000, k=2, seed=1729...
      Average Passes: 4.06, Time/Memory: 70.25,9960
Running EXPLC_M with kPathN for N=10000, M=800000, k=5, seed=1729...
      Average Passes: 2.0, Time/Memory: 37.86,12208
Running EXPLC_M with kPathN for N=10000, M=800000, k=10, seed=1729...
      Average Passes: 2.0, Time/Memory: 28.63,17488
Running EXPLC_M with kLev0 for N=10000, M=800000, k=2, seed=1729...
      Average Passes: 3.9, Time/Memory: 97.23,8528
Running EXPLC_M with kLev0 for N=10000, M=800000, k=5, seed=1729...
      Average Passes: 3.9, Time/Memory: 74.48,8628
Running EXPLC_M with kLev0 for N=10000, M=800000, k=10, seed=1729...
      Average Passes: 3.91, Time/Memory: 97.02,8660
Running EXPLC_M with kLevN for N=10000, M=800000, k=2, seed=1729...
      Average Passes: 2.0, Time/Memory: 48.38,9832
Running EXPLC_M with kLevN for N=10000, M=800000, k=5, seed=1729...
      Average Passes: 1.17, Time/Memory: 38.35,12524
Running EXPLC_M with kLevN for N=10000, M=800000, k=10, seed=1729...
      Average Passes: 1.0, Time/Memory: 31.25,13380
Running EXPLC_M with kPath0 for N=10000, M=900000, k=2, seed=1729...
      Average Passes: 16.22, Time/Memory: 338.70,9116
Running EXPLC_M with kPath0 for N=10000, M=900000, k=5, seed=1729...
      Average Passes: 4.0, Time/Memory: 67.95,12224
Running EXPLC_M with kPath0 for N=10000, M=900000, k=10, seed=1729...
      Average Passes: 3.0, Time/Memory: 48.46,17040
Running EXPLC_M with kPathN for N=10000, M=900000, k=2, seed=1729...
      Average Passes: 4.06, Time/Memory: 69.65,9948
Running EXPLC_M with kPathN for N=10000, M=900000, k=5, seed=1729...
      Average Passes: 2.0, Time/Memory: 38.20,12492
Running EXPLC_M with kPathN for N=10000, M=900000, k=10, seed=1729...
      Average Passes: 2.0, Time/Memory: 38.46,17436
Running EXPLC_M with kLev0 for N=10000, M=900000, k=2, seed=1729...
      Average Passes: 3.93, Time/Memory: 109.04,8608
Running EXPLC_M with kLev0 for N=10000, M=900000, k=5, seed=1729...
      Average Passes: 3.91, Time/Memory: 98.83,8464
Running EXPLC_M with kLev0 for N=10000, M=900000, k=10, seed=1729...
      Average Passes: 3.88, Time/Memory: 110.71,8760
Running EXPLC_M with kLevN for N=10000, M=900000, k=2, seed=1729...
      Average Passes: 2.0, Time/Memory: 54.02,9780
Running EXPLC_M with kLevN for N=10000, M=900000, k=5, seed=1729...
      Average Passes: 1.17, Time/Memory: 42.72,12584
Running EXPLC_M with kLevN for N=10000, M=900000, k=10, seed=1729...
      Average Passes: 1.0, Time/Memory: 35.43,13440
Running EXPLC_M with kPath0 for N=10000, M=1000000, k=2, seed=1729...
      Average Passes: 16.47, Time/Memory: 345.38,9048
Running EXPLC_M with kPath0 for N=10000, M=1000000, k=5, seed=1729...
      Average Passes: 4.0, Time/Memory: 81.16,12348
Running EXPLC_M with kPath0 for N=10000, M=1000000, k=10, seed=1729...
      Average Passes: 3.04, Time/Memory: 53.84,17124
Running EXPLC_M with kPathN for N=10000, M=1000000, k=2, seed=1729...
      Average Passes: 4.06, Time/Memory: 83.57,9740
Running EXPLC_M with kPathN for N=10000, M=1000000, k=5, seed=1729...
      Average Passes: 2.0, Time/Memory: 37.18,12572
Running EXPLC_M with kPathN for N=10000, M=1000000, k=10, seed=1729...
      Average Passes: 2.0, Time/Memory: 42.56,17496
Running EXPLC_M with kLev0 for N=10000, M=1000000, k=2, seed=1729...
      Average Passes: 3.84, Time/Memory: 92.68,9144
Running EXPLC_M with kLev0 for N=10000, M=1000000, k=5, seed=1729...
      Average Passes: 3.84, Time/Memory: 109.24,9116
Running EXPLC_M with kLev0 for N=10000, M=1000000, k=10, seed=1729...
      Average Passes: 3.83, Time/Memory: 107.81,8784
Running EXPLC_M with kLevN for N=10000, M=1000000, k=2, seed=1729...
      Average Passes: 2.0, Time/Memory: 58.55,9996
Running EXPLC_M with kLevN for N=10000, M=1000000, k=5, seed=1729...
      Average Passes: 1.17, Time/Memory: 46.98,12596
Running EXPLC_M with kLevN for N=10000, M=1000000, k=10, seed=1729...
      Average Passes: 1.0, Time/Memory: 43.00,13236
Running EXPLC_M with kPath0 for N=10000, M=2000000, k=2, seed=1729...
      Average Passes: 17.8, Time/Memory: 586.86,8956
Running EXPLC_M with kPath0 for N=10000, M=2000000, k=5, seed=1729...
      Average Passes: 5.0, Time/Memory: 179.76,12220
Running EXPLC_M with kPath0 for N=10000, M=2000000, k=10, seed=1729...
      Average Passes: 4.0, Time/Memory: 179.81,16904
Running EXPLC_M with kPathN for N=10000, M=2000000, k=2, seed=1729...
      Average Passes: 4.06, Time/Memory: 176.00,9440
Running EXPLC_M with kPathN for N=10000, M=2000000, k=5, seed=1729...
      Average Passes: 3.0, Time/Memory: 135.00,12688
Running EXPLC_M with kPathN for N=10000, M=2000000, k=10, seed=1729...
      Average Passes: 2.0, Time/Memory: 83.79,17504
Running EXPLC_M with kLev0 for N=10000, M=2000000, k=2, seed=1729...
      Average Passes: 3.67, Time/Memory: 225.65,9028
Running EXPLC_M with kLev0 for N=10000, M=2000000, k=5, seed=1729...
      Average Passes: 3.68, Time/Memory: 230.22,8740
Running EXPLC_M with kLev0 for N=10000, M=2000000, k=10, seed=1729...
      Average Passes: 3.69, Time/Memory: 197.08,8708
Running EXPLC_M with kLevN for N=10000, M=2000000, k=2, seed=1729...
      Average Passes: 2.0, Time/Memory: 117.77,10008
Running EXPLC_M with kLevN for N=10000, M=2000000, k=5, seed=1729...
      Average Passes: 1.17, Time/Memory: 84.96,12396
Running EXPLC_M with kLevN for N=10000, M=2000000, k=10, seed=1729...
      Average Passes: 1.0, Time/Memory: 69.79,13292
Running EXPLC_M with kPath0 for N=10000, M=3000000, k=2, seed=1729...
      Average Passes: 18.52, Time/Memory: 940.87,9112
Running EXPLC_M with kPath0 for N=10000, M=3000000, k=5, seed=1729...
      Average Passes: 5.0, Time/Memory: 292.18,12364
Running EXPLC_M with kPath0 for N=10000, M=3000000, k=10, seed=1729...
      Average Passes: 4.0, Time/Memory: 267.84,17072
Running EXPLC_M with kPathN for N=10000, M=3000000, k=2, seed=1729...
      Average Passes: 4.06, Time/Memory: 213.39,9776
Running EXPLC_M with kPathN for N=10000, M=3000000, k=5, seed=1729...
      Average Passes: 3.0, Time/Memory: 169.20,12664
Running EXPLC_M with kPathN for N=10000, M=3000000, k=10, seed=1729...
      Average Passes: 2.0, Time/Memory: 103.61,17348
Running EXPLC_M with kLev0 for N=10000, M=3000000, k=2, seed=1729...
      Average Passes: 3.53, Time/Memory: 281.96,8784
Running EXPLC_M with kLev0 for N=10000, M=3000000, k=5, seed=1729...
      Average Passes: 3.52, Time/Memory: 269.52,8884
Running EXPLC_M with kLev0 for N=10000, M=3000000, k=10, seed=1729...
      Average Passes: 3.51, Time/Memory: 288.10,9120
Running EXPLC_M with kLevN for N=10000, M=3000000, k=2, seed=1729...
      Average Passes: 2.0, Time/Memory: 172.54,9796
Running EXPLC_M with kLevN for N=10000, M=3000000, k=5, seed=1729...
      Average Passes: 1.17, Time/Memory: 132.50,12668
Running EXPLC_M with kLevN for N=10000, M=3000000, k=10, seed=1729...
      Average Passes: 1.0, Time/Memory: 107.44,13528
Running EXPLC_M with kPath0 for N=10000, M=4000000, k=2, seed=1729...
      Average Passes: 18.93, Time/Memory: 1247.54,9168
Running EXPLC_M with kPath0 for N=10000, M=4000000, k=5, seed=1729...
      Average Passes: 5.0, Time/Memory: 340.03,12140
Running EXPLC_M with kPath0 for N=10000, M=4000000, k=10, seed=1729...
      Average Passes: 4.0, Time/Memory: 277.74,16916
Running EXPLC_M with kPathN for N=10000, M=4000000, k=2, seed=1729...
      Average Passes: 4.06, Time/Memory: 284.77,9660
Running EXPLC_M with kPathN for N=10000, M=4000000, k=5, seed=1729...
      Average Passes: 3.0, Time/Memory: 217.13,12664
Running EXPLC_M with kPathN for N=10000, M=4000000, k=10, seed=1729...
      Average Passes: 2.0, Time/Memory: 139.66,17384
Running EXPLC_M with kLev0 for N=10000, M=4000000, k=2, seed=1729...
      Average Passes: 3.4, Time/Memory: 340.12,8876
Running EXPLC_M with kLev0 for N=10000, M=4000000, k=5, seed=1729...
      Average Passes: 3.37, Time/Memory: 333.26,8848
Running EXPLC_M with kLev0 for N=10000, M=4000000, k=10, seed=1729...
      Average Passes: 3.37, Time/Memory: 332.88,8908
Running EXPLC_M with kLevN for N=10000, M=4000000, k=2, seed=1729...
      Average Passes: 2.0, Time/Memory: 224.67,9464
Running EXPLC_M with kLevN for N=10000, M=4000000, k=5, seed=1729...
      Average Passes: 1.17, Time/Memory: 137.26,12740
Running EXPLC_M with kLevN for N=10000, M=4000000, k=10, seed=1729...
      Average Passes: 1.0, Time/Memory: 138.75,13372
Running EXPLC_M with kPath0 for N=10000, M=5000000, k=2, seed=1729...
      Average Passes: 19.29, Time/Memory: 1682.03,9084
Running EXPLC_M with kPath0 for N=10000, M=5000000, k=5, seed=1729...
      Average Passes: 5.02, Time/Memory: 463.79,12348
Running EXPLC_M with kPath0 for N=10000, M=5000000, k=10, seed=1729...
      Average Passes: 4.0, Time/Memory: 370.99,16928
Running EXPLC_M with kPathN for N=10000, M=5000000, k=2, seed=1729...
      Average Passes: 4.06, Time/Memory: 384.16,9908
Running EXPLC_M with kPathN for N=10000, M=5000000, k=5, seed=1729...
      Average Passes: 3.0, Time/Memory: 281.09,12652
Running EXPLC_M with kPathN for N=10000, M=5000000, k=10, seed=1729...
      Average Passes: 2.0, Time/Memory: 196.24,17424
Running EXPLC_M with kLev0 for N=10000, M=5000000, k=2, seed=1729...
      Average Passes: 3.36, Time/Memory: 497.92,8560
Running EXPLC_M with kLev0 for N=10000, M=5000000, k=5, seed=1729...
      Average Passes: 3.36, Time/Memory: 452.41,8592
Running EXPLC_M with kLev0 for N=10000, M=5000000, k=10, seed=1729...
      Average Passes: 3.34, Time/Memory: 460.70,9256
Running EXPLC_M with kLevN for N=10000, M=5000000, k=2, seed=1729...
      Average Passes: 2.0, Time/Memory: 281.74,10196
Running EXPLC_M with kLevN for N=10000, M=5000000, k=5, seed=1729...
      Average Passes: 1.17, Time/Memory: 212.16,12532
Running EXPLC_M with kLevN for N=10000, M=5000000, k=10, seed=1729...
      Average Passes: 1.0, Time/Memory: 193.28,13376
Running EXPLC_M with kPath0 for N=10000, M=6000000, k=2, seed=1729...
      Average Passes: 19.49, Time/Memory: 2388.32,8936
Running EXPLC_M with kPath0 for N=10000, M=6000000, k=5, seed=1729...
      Average Passes: 5.34, Time/Memory: 594.39,12316
Running EXPLC_M with kPath0 for N=10000, M=6000000, k=10, seed=1729...
      Average Passes: 4.0, Time/Memory: 513.52,17092
Running EXPLC_M with kPathN for N=10000, M=6000000, k=2, seed=1729...
      Average Passes: 4.06, Time/Memory: 578.03,9592
Running EXPLC_M with kPathN for N=10000, M=6000000, k=5, seed=1729...
      Average Passes: 3.0, Time/Memory: 357.86,12600
Running EXPLC_M with kPathN for N=10000, M=6000000, k=10, seed=1729...
      Average Passes: 2.0, Time/Memory: 229.05,17408
Running EXPLC_M with kLev0 for N=10000, M=6000000, k=2, seed=1729...
      Average Passes: 3.31, Time/Memory: 629.51,8648
Running EXPLC_M with kLev0 for N=10000, M=6000000, k=5, seed=1729...
      Average Passes: 3.32, Time/Memory: 556.65,8900
Running EXPLC_M with kLev0 for N=10000, M=6000000, k=10, seed=1729...
      Average Passes: 3.33, Time/Memory: 549.53,8992
Running EXPLC_M with kLevN for N=10000, M=6000000, k=2, seed=1729...
      Average Passes: 2.0, Time/Memory: 375.28,9836
Running EXPLC_M with kLevN for N=10000, M=6000000, k=5, seed=1729...
      Average Passes: 1.17, Time/Memory: 228.73,12596
Running EXPLC_M with kLevN for N=10000, M=6000000, k=10, seed=1729...
      Average Passes: 1.0, Time/Memory: 224.31,13412
Running EXPLC_M with kPath0 for N=10000, M=7000000, k=2, seed=1729...
      Average Passes: 19.76, Time/Memory: 2496.26,9108
Running EXPLC_M with kPath0 for N=10000, M=7000000, k=5, seed=1729...
      Average Passes: 5.69, Time/Memory: 699.63,12228
Running EXPLC_M with kPath0 for N=10000, M=7000000, k=10, seed=1729...
      Average Passes: 4.0, Time/Memory: 503.40,16996
Running EXPLC_M with kPathN for N=10000, M=7000000, k=2, seed=1729...
      Average Passes: 4.06, Time/Memory: 536.20,9560
Running EXPLC_M with kPathN for N=10000, M=7000000, k=5, seed=1729...
      Average Passes: 3.0, Time/Memory: 376.93,12540
Running EXPLC_M with kPathN for N=10000, M=7000000, k=10, seed=1729...
      Average Passes: 2.0, Time/Memory: 317.63,17380
Running EXPLC_M with kLev0 for N=10000, M=7000000, k=2, seed=1729...
      Average Passes: 3.23, Time/Memory: 589.00,8692
Running EXPLC_M with kLev0 for N=10000, M=7000000, k=5, seed=1729...
      Average Passes: 3.24, Time/Memory: 595.88,8792
Running EXPLC_M with kLev0 for N=10000, M=7000000, k=10, seed=1729...
      Average Passes: 3.24, Time/Memory: 611.08,9032
Running EXPLC_M with kLevN for N=10000, M=7000000, k=2, seed=1729...
      Average Passes: 2.0, Time/Memory: 408.87,9780
Running EXPLC_M with kLevN for N=10000, M=7000000, k=5, seed=1729...
      Average Passes: 1.17, Time/Memory: 267.16,12536
Running EXPLC_M with kLevN for N=10000, M=7000000, k=10, seed=1729...
      Average Passes: 1.0, Time/Memory: 247.83,13412
Running EXPLC_M with kPath0 for N=10000, M=8000000, k=2, seed=1729...
      Average Passes: 19.88, Time/Memory: 2962.19,9104
Running EXPLC_M with kPath0 for N=10000, M=8000000, k=5, seed=1729...
      Average Passes: 5.94, Time/Memory: 930.26,12316
Running EXPLC_M with kPath0 for N=10000, M=8000000, k=10, seed=1729...
      Average Passes: 4.0, Time/Memory: 598.51,17008
Running EXPLC_M with kPathN for N=10000, M=8000000, k=2, seed=1729...
      Average Passes: 4.06, Time/Memory: 615.49,9944
Running EXPLC_M with kPathN for N=10000, M=8000000, k=5, seed=1729...
      Average Passes: 3.0, Time/Memory: 464.47,12740
Running EXPLC_M with kPathN for N=10000, M=8000000, k=10, seed=1729...
      Average Passes: 2.0, Time/Memory: 282.32,17500
Running EXPLC_M with kLev0 for N=10000, M=8000000, k=2, seed=1729...
      Average Passes: 3.14, Time/Memory: 658.48,8740
Running EXPLC_M with kLev0 for N=10000, M=8000000, k=5, seed=1729...
      Average Passes: 3.15, Time/Memory: 687.20,8884
Running EXPLC_M with kLev0 for N=10000, M=8000000, k=10, seed=1729...
      Average Passes: 3.15, Time/Memory: 794.91,9056
Running EXPLC_M with kLevN for N=10000, M=8000000, k=2, seed=1729...
      Average Passes: 2.0, Time/Memory: 510.64,9924
Running EXPLC_M with kLevN for N=10000, M=8000000, k=5, seed=1729...
      Average Passes: 1.17, Time/Memory: 287.51,12592
Running EXPLC_M with kLevN for N=10000, M=8000000, k=10, seed=1729...
      Average Passes: 1.0, Time/Memory: 276.66,13388
Running EXPLC_M with kPath0 for N=10000, M=9000000, k=2, seed=1729...
      Average Passes: 19.96, Time/Memory: 3394.52,9100
Running EXPLC_M with kPath0 for N=10000, M=9000000, k=5, seed=1729...
      Average Passes: 5.99, Time/Memory: 985.90,12360
Running EXPLC_M with kPath0 for N=10000, M=9000000, k=10, seed=1729...
      Average Passes: 4.0, Time/Memory: 668.44,17032
Running EXPLC_M with kPathN for N=10000, M=9000000, k=2, seed=1729...
      Average Passes: 4.06, Time/Memory: 691.73,9708
Running EXPLC_M with kPathN for N=10000, M=9000000, k=5, seed=1729...
      Average Passes: 3.0, Time/Memory: 526.61,12560
Running EXPLC_M with kPathN for N=10000, M=9000000, k=10, seed=1729...
      Average Passes: 2.0, Time/Memory: 409.11,17484
Running EXPLC_M with kLev0 for N=10000, M=9000000, k=2, seed=1729...
      Average Passes: 3.14, Time/Memory: 766.13,8748
Running EXPLC_M with kLev0 for N=10000, M=9000000, k=5, seed=1729...
      Average Passes: 3.14, Time/Memory: 784.75,8748
Running EXPLC_M with kLev0 for N=10000, M=9000000, k=10, seed=1729...
      Average Passes: 3.15, Time/Memory: 763.16,9324
Running EXPLC_M with kLevN for N=10000, M=9000000, k=2, seed=1729...
      Average Passes: 2.0, Time/Memory: 497.31,9644
Running EXPLC_M with kLevN for N=10000, M=9000000, k=5, seed=1729...
      Average Passes: 1.17, Time/Memory: 325.65,12488
Running EXPLC_M with kLevN for N=10000, M=9000000, k=10, seed=1729...
      Average Passes: 1.0, Time/Memory: 313.48,13432
Running EXPLC_M with kPath0 for N=10000, M=10000000, k=2, seed=1729...
      Average Passes: 20.02, Time/Memory: 3745.06,9064
Running EXPLC_M with kPath0 for N=10000, M=10000000, k=5, seed=1729...
      Average Passes: 6.0, Time/Memory: 1133.59,12140
Running EXPLC_M with kPath0 for N=10000, M=10000000, k=10, seed=1729...
      Average Passes: 4.0, Time/Memory: 697.26,17016
Running EXPLC_M with kPathN for N=10000, M=10000000, k=2, seed=1729...
      Average Passes: 4.07, Time/Memory: 804.22,9960
Running EXPLC_M with kPathN for N=10000, M=10000000, k=5, seed=1729...
      Average Passes: 3.0, Time/Memory: 583.13,12540
Running EXPLC_M with kPathN for N=10000, M=10000000, k=10, seed=1729...
      Average Passes: 2.0, Time/Memory: 379.70,17348
Running EXPLC_M with kLev0 for N=10000, M=10000000, k=2, seed=1729...
      Average Passes: 3.15, Time/Memory: 852.71,9136
Running EXPLC_M with kLev0 for N=10000, M=10000000, k=5, seed=1729...
      Average Passes: 3.15, Time/Memory: 906.09,8912
Running EXPLC_M with kLev0 for N=10000, M=10000000, k=10, seed=1729...
      Average Passes: 3.15, Time/Memory: 852.33,9332
Running EXPLC_M with kLevN for N=10000, M=10000000, k=2, seed=1729...
      Average Passes: 2.0, Time/Memory: 555.41,9860
Running EXPLC_M with kLevN for N=10000, M=10000000, k=5, seed=1729...
      Average Passes: 1.17, Time/Memory: 388.05,12740
Running EXPLC_M with kLevN for N=10000, M=10000000, k=10, seed=1729...
      Average Passes: 1.0, Time/Memory: 362.28,13588
Running EXPLC_M with kPath0 for N=10000, M=20000000, k=2, seed=1729...
      Average Passes: 20.61, Time/Memory: 8119.22,9168
Running EXPLC_M with kPath0 for N=10000, M=20000000, k=5, seed=1729...
      Average Passes: 6.0, Time/Memory: 2212.54,12100
Running EXPLC_M with kPath0 for N=10000, M=20000000, k=10, seed=1729...
      Average Passes: 4.95, Time/Memory: 1854.23,17100
Running EXPLC_M with kPathN for N=10000, M=20000000, k=2, seed=1729...
      Average Passes: 4.91, Time/Memory: 1854.94,9676
Running EXPLC_M with kPathN for N=10000, M=20000000, k=5, seed=1729...
      Average Passes: 3.0, Time/Memory: 1136.17,12660
Running EXPLC_M with kPathN for N=10000, M=20000000, k=10, seed=1729...
      Average Passes: 2.98, Time/Memory: 1129.20,17356
Running EXPLC_M with kLev0 for N=10000, M=20000000, k=2, seed=1729...
      Average Passes: 3.08, Time/Memory: 1693.55,8588
Running EXPLC_M with kLev0 for N=10000, M=20000000, k=5, seed=1729...
      Average Passes: 3.08, Time/Memory: 1685.54,9668
Running EXPLC_M with kLev0 for N=10000, M=20000000, k=10, seed=1729...
      Average Passes: 3.08, Time/Memory: 1713.08,9264
Running EXPLC_M with kLevN for N=10000, M=20000000, k=2, seed=1729...
      Average Passes: 2.0, Time/Memory: 1052.32,10256
Running EXPLC_M with kLevN for N=10000, M=20000000, k=5, seed=1729...
      Average Passes: 1.17, Time/Memory: 783.24,12396
Running EXPLC_M with kLevN for N=10000, M=20000000, k=10, seed=1729...
      Average Passes: 1.0, Time/Memory: 720.01,13488
Running EXPLC_M with kPath0 for N=10000, M=30000000, k=2, seed=1729...
      Average Passes: 20.83, Time/Memory: 11503.67,9028
Running EXPLC_M with kPath0 for N=10000, M=30000000, k=5, seed=1729...
      Average Passes: 6.01, Time/Memory: 3308.31,12124
Running EXPLC_M with kPath0 for N=10000, M=30000000, k=10, seed=1729...
      Average Passes: 4.95, Time/Memory: 2735.29,17052
Running EXPLC_M with kPathN for N=10000, M=30000000, k=2, seed=1729...
      Average Passes: 4.98, Time/Memory: 2806.94,9692
Running EXPLC_M with kPathN for N=10000, M=30000000, k=5, seed=1729...
      Average Passes: 3.0, Time/Memory: 1996.22,12212
Running EXPLC_M with kPathN for N=10000, M=30000000, k=10, seed=1729...
      Average Passes: 2.98, Time/Memory: 1629.44,17536
Running EXPLC_M with kLev0 for N=10000, M=30000000, k=2, seed=1729...
      Average Passes: 3.02, Time/Memory: 2534.24,8948
Running EXPLC_M with kLev0 for N=10000, M=30000000, k=5, seed=1729...
      Average Passes: 3.03, Time/Memory: 2551.08,9228
Running EXPLC_M with kLev0 for N=10000, M=30000000, k=10, seed=1729...
      Average Passes: 3.03, Time/Memory: 2486.95,9516
Running EXPLC_M with kLevN for N=10000, M=30000000, k=2, seed=1729...
      Average Passes: 2.0, Time/Memory: 1644.75,9948
Running EXPLC_M with kLevN for N=10000, M=30000000, k=5, seed=1729...
      Average Passes: 1.17, Time/Memory: 1093.63,12660
Running EXPLC_M with kLevN for N=10000, M=30000000, k=10, seed=1729...
      Average Passes: 1.0, Time/Memory: 1075.07,13480
Running EXPLC_M with kPath0 for N=10000, M=40000000, k=2, seed=1729...
      Average Passes: 20.86, Time/Memory: 15772.80,8984
Running EXPLC_M with kPath0 for N=10000, M=40000000, k=5, seed=1729...
      Average Passes: 6.02, Time/Memory: 4542.17,12324
Running EXPLC_M with kPath0 for N=10000, M=40000000, k=10, seed=1729...
      Average Passes: 4.95, Time/Memory: 4015.70,17004
Running EXPLC_M with kPathN for N=10000, M=40000000, k=2, seed=1729...
      Average Passes: 4.98, Time/Memory: 3785.25,9928
Running EXPLC_M with kPathN for N=10000, M=40000000, k=5, seed=1729...
      Average Passes: 3.0, Time/Memory: 2356.35,12668
Running EXPLC_M with kPathN for N=10000, M=40000000, k=10, seed=1729...
      Average Passes: 2.98, Time/Memory: 2257.81,17464
Running EXPLC_M with kLev0 for N=10000, M=40000000, k=2, seed=1729...
      Average Passes: 3.01, Time/Memory: 3368.94,8904
Running EXPLC_M with kLev0 for N=10000, M=40000000, k=5, seed=1729...
      Average Passes: 3.01, Time/Memory: 3364.64,8924
Running EXPLC_M with kLev0 for N=10000, M=40000000, k=10, seed=1729...
      Average Passes: 3.01, Time/Memory: 3351.60,10100
Running EXPLC_M with kLevN for N=10000, M=40000000, k=2, seed=1729...
      Average Passes: 2.0, Time/Memory: 2219.71,10116
Graph already exists at: ./input/random_graphs/graph_10000_49995000_UNIFORM_6230961512046992312.txt
Graph already exists at: ./input/random_graphs/graph_10000_49995000_UNIFORM_7871178979383552920.txt
Graph already exists at: ./input/random_graphs/graph_10000_49995000_UNIFORM_5739955973604961614.txt
Graph already exists at: ./input/random_graphs/graph_10000_49995000_UNIFORM_3881801951614183358.txt
Graph already exists at: ./input/random_graphs/graph_10000_49995000_UNIFORM_7032710160631691992.txt
Graph already exists at: ./input/random_graphs/graph_10000_49995000_UNIFORM_7599700178212337700.txt
Graph already exists at: ./input/random_graphs/graph_10000_49995000_UNIFORM_1353182403971399009.txt
Graph already exists at: ./input/random_graphs/graph_10000_49995000_UNIFORM_1070244953599069350.txt
Graph already exists at: ./input/random_graphs/graph_10000_49995000_UNIFORM_6522163754831416204.txt
Graph already exists at: ./input/random_graphs/graph_10000_49995000_UNIFORM_6938562734920028533.txt
Graph already exists at: ./input/random_graphs/graph_10000_49995000_UNIFORM_4040737767143389431.txt
Graph already exists at: ./input/random_graphs/graph_10000_49995000_UNIFORM_1250005700364523650.txt
Graph already exists at: ./input/random_graphs/graph_10000_49995000_UNIFORM_1309542850049879453.txt
Graph already exists at: ./input/random_graphs/graph_10000_49995000_UNIFORM_2429002973740178792.txt
Graph already exists at: ./input/random_graphs/graph_10000_49995000_UNIFORM_7663871783842725849.txt
Graph already exists at: ./input/random_graphs/graph_10000_49995000_UNIFORM_320375091487821988.txt
Graph already exists at: ./input/random_graphs/graph_10000_49995000_UNIFORM_5906957480796939448.txt
Graph already exists at: ./input/random_graphs/graph_10000_49995000_UNIFORM_1250773459040295677.txt
Graph already exists at: ./input/random_graphs/graph_10000_49995000_UNIFORM_7146860528564146065.txt
Graph already exists at: ./input/random_graphs/graph_10000_49995000_UNIFORM_3438400432146115956.txt
Graph already exists at: ./input/random_graphs/graph_10000_49995000_UNIFORM_7473196763798409429.txt
Graph already exists at: ./input/random_graphs/graph_10000_49995000_UNIFORM_5139481885857321792.txt
Graph already exists at: ./input/random_graphs/graph_10000_49995000_UNIFORM_5142811650494845598.txt
Graph already exists at: ./input/random_graphs/graph_10000_49995000_UNIFORM_3010622984418968409.txt
Graph already exists at: ./input/random_graphs/graph_10000_49995000_UNIFORM_6002685213311538188.txt
Graph already exists at: ./input/random_graphs/graph_10000_49995000_UNIFORM_5708372698381010776.txt
Graph already exists at: ./input/random_graphs/graph_10000_49995000_UNIFORM_521787134863155064.txt
Graph already exists at: ./input/random_graphs/graph_10000_49995000_UNIFORM_1731523882129807996.txt
Graph already exists at: ./input/random_graphs/graph_10000_49995000_UNIFORM_1853590723603270880.txt
Graph already exists at: ./input/random_graphs/graph_10000_49995000_UNIFORM_7029781962072644699.txt
Graph already exists at: ./input/random_graphs/graph_10000_49995000_UNIFORM_6785030173969523436.txt
Graph already exists at: ./input/random_graphs/graph_10000_49995000_UNIFORM_5529616217668449935.txt
Graph already exists at: ./input/random_graphs/graph_10000_49995000_UNIFORM_1024517563182776984.txt
Graph already exists at: ./input/random_graphs/graph_10000_49995000_UNIFORM_3224265581699847191.txt
Graph already exists at: ./input/random_graphs/graph_10000_49995000_UNIFORM_5258051056098597522.txt
Graph already exists at: ./input/random_graphs/graph_10000_49995000_UNIFORM_1647170069535670910.txt
Graph already exists at: ./input/random_graphs/graph_10000_49995000_UNIFORM_4122784633514911761.txt
Graph already exists at: ./input/random_graphs/graph_10000_49995000_UNIFORM_7706236040662210849.txt
Graph already exists at: ./input/random_graphs/graph_10000_49995000_UNIFORM_824387247617288499.txt
Graph already exists at: ./input/random_graphs/graph_10000_49995000_UNIFORM_1632192924771168275.txt
Graph already exists at: ./input/random_graphs/graph_10000_49995000_UNIFORM_7161906730445628484.txt
Graph already exists at: ./input/random_graphs/graph_10000_49995000_UNIFORM_6802378520969450158.txt
Graph already exists at: ./input/random_graphs/graph_10000_49995000_UNIFORM_4552998297316576789.txt
Graph already exists at: ./input/random_graphs/graph_10000_49995000_UNIFORM_8031431416522537102.txt
Graph already exists at: ./input/random_graphs/graph_10000_49995000_UNIFORM_6143643868734370810.txt
Graph already exists at: ./input/random_graphs/graph_10000_49995000_UNIFORM_3272308573967577038.txt
Graph already exists at: ./input/random_graphs/graph_10000_49995000_UNIFORM_5636411189175451025.txt
Graph already exists at: ./input/random_graphs/graph_10000_49995000_UNIFORM_5349491008325879065.txt
Graph already exists at: ./input/random_graphs/graph_10000_49995000_UNIFORM_6614505080519948833.txt
Graph already exists at: ./input/random_graphs/graph_10000_49995000_UNIFORM_7938560551762094561.txt
Graph already exists at: ./input/random_graphs/graph_10000_49995000_UNIFORM_7917045922527545891.txt
Graph already exists at: ./input/random_graphs/graph_10000_49995000_UNIFORM_4445925461710302878.txt
Graph already exists at: ./input/random_graphs/graph_10000_49995000_UNIFORM_3865339568260874865.txt
Graph already exists at: ./input/random_graphs/graph_10000_49995000_UNIFORM_7921282862123281599.txt
Graph already exists at: ./input/random_graphs/graph_10000_49995000_UNIFORM_6224222471595207696.txt
Graph already exists at: ./input/random_graphs/graph_10000_49995000_UNIFORM_1128313391724783138.txt
Graph already exists at: ./input/random_graphs/graph_10000_49995000_UNIFORM_716820155901718944.txt
Graph already exists at: ./input/random_graphs/graph_10000_49995000_UNIFORM_8718380604043999643.txt
Graph already exists at: ./input/random_graphs/graph_10000_49995000_UNIFORM_5063475852268941543.txt
Graph already exists at: ./input/random_graphs/graph_10000_49995000_UNIFORM_4997514996153925448.txt
Graph already exists at: ./input/random_graphs/graph_10000_49995000_UNIFORM_8446481348147407378.txt
Graph already exists at: ./input/random_graphs/graph_10000_49995000_UNIFORM_3817405844514670994.txt
Graph already exists at: ./input/random_graphs/graph_10000_49995000_UNIFORM_6529943913552561418.txt
Graph already exists at: ./input/random_graphs/graph_10000_49995000_UNIFORM_2909934787168262408.txt
Graph already exists at: ./input/random_graphs/graph_10000_49995000_UNIFORM_1170385908854608748.txt
Graph already exists at: ./input/random_graphs/graph_10000_49995000_UNIFORM_6022436717541034637.txt
Graph already exists at: ./input/random_graphs/graph_10000_49995000_UNIFORM_199422815561151340.txt
Graph already exists at: ./input/random_graphs/graph_10000_49995000_UNIFORM_3713827327871807734.txt
Graph already exists at: ./input/random_graphs/graph_10000_49995000_UNIFORM_175493991617213851.txt
Graph already exists at: ./input/random_graphs/graph_10000_49995000_UNIFORM_5108599054664628608.txt
Graph already exists at: ./input/random_graphs/graph_10000_49995000_UNIFORM_6764066939395682288.txt
Graph already exists at: ./input/random_graphs/graph_10000_49995000_UNIFORM_9130666990809746336.txt
Graph already exists at: ./input/random_graphs/graph_10000_49995000_UNIFORM_7644420139408884786.txt
Graph already exists at: ./input/random_graphs/graph_10000_49995000_UNIFORM_1458186392400727732.txt
Graph already exists at: ./input/random_graphs/graph_10000_49995000_UNIFORM_1392892770529522614.txt
Graph already exists at: ./input/random_graphs/graph_10000_49995000_UNIFORM_9060210648189963450.txt
Graph already exists at: ./input/random_graphs/graph_10000_49995000_UNIFORM_4250897495980125004.txt
Graph already exists at: ./input/random_graphs/graph_10000_49995000_UNIFORM_8794274795737982183.txt
Graph already exists at: ./input/random_graphs/graph_10000_49995000_UNIFORM_2089506265998900862.txt
Graph already exists at: ./input/random_graphs/graph_10000_49995000_UNIFORM_5497874167834979554.txt
Graph already exists at: ./input/random_graphs/graph_10000_49995000_UNIFORM_4060584409398689269.txt
Graph already exists at: ./input/random_graphs/graph_10000_49995000_UNIFORM_1332005502874566195.txt
Graph already exists at: ./input/random_graphs/graph_10000_49995000_UNIFORM_1722224698700348310.txt
Graph already exists at: ./input/random_graphs/graph_10000_49995000_UNIFORM_8626102704817790065.txt
Graph already exists at: ./input/random_graphs/graph_10000_49995000_UNIFORM_7905487461282246980.txt
Graph already exists at: ./input/random_graphs/graph_10000_49995000_UNIFORM_8448596294177070023.txt
Graph already exists at: ./input/random_graphs/graph_10000_49995000_UNIFORM_4795749165124911769.txt
Graph already exists at: ./input/random_graphs/graph_10000_49995000_UNIFORM_4934890601268679177.txt
Graph already exists at: ./input/random_graphs/graph_10000_49995000_UNIFORM_1992204328026194281.txt
Graph already exists at: ./input/random_graphs/graph_10000_49995000_UNIFORM_7118744415197196277.txt
Graph already exists at: ./input/random_graphs/graph_10000_49995000_UNIFORM_2718103348384927512.txt
Graph already exists at: ./input/random_graphs/graph_10000_49995000_UNIFORM_9059990922233379853.txt
Graph already exists at: ./input/random_graphs/graph_10000_49995000_UNIFORM_7449662661572224355.txt
Graph already exists at: ./input/random_graphs/graph_10000_49995000_UNIFORM_3221421291694197221.txt
Graph already exists at: ./input/random_graphs/graph_10000_49995000_UNIFORM_8867616339855336877.txt
Graph already exists at: ./input/random_graphs/graph_10000_49995000_UNIFORM_5894893360759659424.txt
Graph already exists at: ./input/random_graphs/graph_10000_49995000_UNIFORM_7983805977214098675.txt
Graph already exists at: ./input/random_graphs/graph_10000_49995000_UNIFORM_4940913311242578591.txt
Graph already exists at: ./input/random_graphs/graph_10000_49995000_UNIFORM_2264398621601381988.txt
Graph already exists at: ./input/random_graphs/graph_10000_49995000_UNIFORM_7632458674696225363.txt
