Graph already exists at: ./input/random_graphs/graph_1000_100_POWLAW_6230961512046992311.txt
Graph already exists at: ./input/random_graphs/graph_1000_100_POWLAW_7871178979383552919.txt
Graph already exists at: ./input/random_graphs/graph_1000_100_POWLAW_5739955973604961613.txt
Graph already exists at: ./input/random_graphs/graph_1000_100_POWLAW_3881801951614183357.txt
Graph already exists at: ./input/random_graphs/graph_1000_100_POWLAW_7032710160631691991.txt
Graph already exists at: ./input/random_graphs/graph_1000_100_POWLAW_7599700178212337699.txt
Graph already exists at: ./input/random_graphs/graph_1000_100_POWLAW_1353182403971399009.txt
Graph already exists at: ./input/random_graphs/graph_1000_100_POWLAW_1070244953599069350.txt
Graph already exists at: ./input/random_graphs/graph_1000_100_POWLAW_6522163754831416203.txt
Graph already exists at: ./input/random_graphs/graph_1000_100_POWLAW_6938562734920028532.txt
Graph already exists at: ./input/random_graphs/graph_1000_200_POWLAW_6230961512046992311.txt
Graph already exists at: ./input/random_graphs/graph_1000_200_POWLAW_7871178979383552919.txt
Graph already exists at: ./input/random_graphs/graph_1000_200_POWLAW_5739955973604961613.txt
Graph already exists at: ./input/random_graphs/graph_1000_200_POWLAW_3881801951614183357.txt
Graph already exists at: ./input/random_graphs/graph_1000_200_POWLAW_7032710160631691991.txt
Graph already exists at: ./input/random_graphs/graph_1000_200_POWLAW_7599700178212337699.txt
Graph already exists at: ./input/random_graphs/graph_1000_200_POWLAW_1353182403971399009.txt
Graph already exists at: ./input/random_graphs/graph_1000_200_POWLAW_1070244953599069350.txt
Graph already exists at: ./input/random_graphs/graph_1000_200_POWLAW_6522163754831416203.txt
Graph already exists at: ./input/random_graphs/graph_1000_200_POWLAW_6938562734920028532.txt
Graph already exists at: ./input/random_graphs/graph_1000_300_POWLAW_6230961512046992311.txt
Graph already exists at: ./input/random_graphs/graph_1000_300_POWLAW_7871178979383552919.txt
Graph already exists at: ./input/random_graphs/graph_1000_300_POWLAW_5739955973604961613.txt
Graph already exists at: ./input/random_graphs/graph_1000_300_POWLAW_3881801951614183357.txt
Graph already exists at: ./input/random_graphs/graph_1000_300_POWLAW_7032710160631691991.txt
Graph already exists at: ./input/random_graphs/graph_1000_300_POWLAW_7599700178212337699.txt
Graph already exists at: ./input/random_graphs/graph_1000_300_POWLAW_1353182403971399009.txt
Graph already exists at: ./input/random_graphs/graph_1000_300_POWLAW_1070244953599069350.txt
Graph already exists at: ./input/random_graphs/graph_1000_300_POWLAW_6522163754831416203.txt
Graph already exists at: ./input/random_graphs/graph_1000_300_POWLAW_6938562734920028532.txt
Graph already exists at: ./input/random_graphs/graph_1000_400_POWLAW_6230961512046992311.txt
Graph already exists at: ./input/random_graphs/graph_1000_400_POWLAW_7871178979383552919.txt
Graph already exists at: ./input/random_graphs/graph_1000_400_POWLAW_5739955973604961613.txt
Graph already exists at: ./input/random_graphs/graph_1000_400_POWLAW_3881801951614183357.txt
Graph already exists at: ./input/random_graphs/graph_1000_400_POWLAW_7032710160631691991.txt
Graph already exists at: ./input/random_graphs/graph_1000_400_POWLAW_7599700178212337699.txt
Graph already exists at: ./input/random_graphs/graph_1000_400_POWLAW_1353182403971399009.txt
Graph already exists at: ./input/random_graphs/graph_1000_400_POWLAW_1070244953599069350.txt
Graph already exists at: ./input/random_graphs/graph_1000_400_POWLAW_6522163754831416203.txt
Graph already exists at: ./input/random_graphs/graph_1000_400_POWLAW_6938562734920028532.txt
Graph already exists at: ./input/random_graphs/graph_1000_500_POWLAW_6230961512046992311.txt
Graph already exists at: ./input/random_graphs/graph_1000_500_POWLAW_7871178979383552919.txt
Graph already exists at: ./input/random_graphs/graph_1000_500_POWLAW_5739955973604961613.txt
Graph already exists at: ./input/random_graphs/graph_1000_500_POWLAW_3881801951614183357.txt
Graph already exists at: ./input/random_graphs/graph_1000_500_POWLAW_7032710160631691991.txt
Graph already exists at: ./input/random_graphs/graph_1000_500_POWLAW_7599700178212337699.txt
Graph already exists at: ./input/random_graphs/graph_1000_500_POWLAW_1353182403971399009.txt
Graph already exists at: ./input/random_graphs/graph_1000_500_POWLAW_1070244953599069350.txt
Graph already exists at: ./input/random_graphs/graph_1000_500_POWLAW_6522163754831416203.txt
Graph already exists at: ./input/random_graphs/graph_1000_500_POWLAW_6938562734920028532.txt
Graph already exists at: ./input/random_graphs/graph_1000_600_POWLAW_6230961512046992311.txt
Graph already exists at: ./input/random_graphs/graph_1000_600_POWLAW_7871178979383552919.txt
Graph already exists at: ./input/random_graphs/graph_1000_600_POWLAW_5739955973604961613.txt
Graph already exists at: ./input/random_graphs/graph_1000_600_POWLAW_3881801951614183357.txt
Graph already exists at: ./input/random_graphs/graph_1000_600_POWLAW_7032710160631691991.txt
Graph already exists at: ./input/random_graphs/graph_1000_600_POWLAW_7599700178212337699.txt
Graph already exists at: ./input/random_graphs/graph_1000_600_POWLAW_1353182403971399009.txt
Graph already exists at: ./input/random_graphs/graph_1000_600_POWLAW_1070244953599069350.txt
Graph already exists at: ./input/random_graphs/graph_1000_600_POWLAW_6522163754831416203.txt
Graph already exists at: ./input/random_graphs/graph_1000_600_POWLAW_6938562734920028532.txt
Running VARM with 10 iterations, for N = 100 varying M from 1,000 to 49,995,000 and seed token 1729
Running EXPLC_M with kPath0 for N=1000, M=100, k=2, seed=1729...
      Average Passes: 2.1, Time/Memory: 0.04,4152
Running EXPLC_M with kPath0 for N=1000, M=100, k=5, seed=1729...
      Average Passes: 2.0, Time/Memory: 0.03,4152
Running EXPLC_M with kPath0 for N=1000, M=100, k=10, seed=1729...
      Average Passes: 2.0, Time/Memory: 0.04,4172
Running EXPLC_M with kPathN for N=1000, M=100, k=2, seed=1729...
      Average Passes: 1.0, Time/Memory: 0.00,3156
Running EXPLC_M with kPathN for N=1000, M=100, k=5, seed=1729...
      Average Passes: 1.0, Time/Memory: 0.00,4144
Running EXPLC_M with kPathN for N=1000, M=100, k=10, seed=1729...
      Average Passes: 1.0, Time/Memory: 0.00,4148
Running EXPLC_M with kLev0 for N=1000, M=100, k=2, seed=1729...
      Average Passes: 2.1, Time/Memory: 0.00,4188
Running EXPLC_M with kLev0 for N=1000, M=100, k=5, seed=1729...
      Average Passes: 2.1, Time/Memory: 0.00,4152
Running EXPLC_M with kLev0 for N=1000, M=100, k=10, seed=1729...
      Average Passes: 2.0, Time/Memory: 0.00,3156
Running EXPLC_M with kLevN for N=1000, M=100, k=2, seed=1729...
      Average Passes: 1.0, Time/Memory: 0.00,4156
Running EXPLC_M with kLevN for N=1000, M=100, k=5, seed=1729...
      Average Passes: 1.0, Time/Memory: 0.00,3128
Running EXPLC_M with kLevN for N=1000, M=100, k=10, seed=1729...
      Average Passes: 1.0, Time/Memory: 0.00,4180
Running EXPLC_M with kPath0 for N=1000, M=200, k=2, seed=1729...
      Average Passes: 3.2, Time/Memory: 0.03,4188
Running EXPLC_M with kPath0 for N=1000, M=200, k=5, seed=1729...
      Average Passes: 2.0, Time/Memory: 0.03,4136
Running EXPLC_M with kPath0 for N=1000, M=200, k=10, seed=1729...
      Average Passes: 2.0, Time/Memory: 0.03,4192
Running EXPLC_M with kPathN for N=1000, M=200, k=2, seed=1729...
      Average Passes: 1.0, Time/Memory: 0.00,4180
Running EXPLC_M with kPathN for N=1000, M=200, k=5, seed=1729...
      Average Passes: 1.0, Time/Memory: 0.00,4152
Running EXPLC_M with kPathN for N=1000, M=200, k=10, seed=1729...
      Average Passes: 1.0, Time/Memory: 0.00,4188
Running EXPLC_M with kLev0 for N=1000, M=200, k=2, seed=1729...
      Average Passes: 3.0, Time/Memory: 0.01,4152
Running EXPLC_M with kLev0 for N=1000, M=200, k=5, seed=1729...
      Average Passes: 3.0, Time/Memory: 0.00,3180
Running EXPLC_M with kLev0 for N=1000, M=200, k=10, seed=1729...
      Average Passes: 3.0, Time/Memory: 0.00,3112
Running EXPLC_M with kLevN for N=1000, M=200, k=2, seed=1729...
      Average Passes: 1.0, Time/Memory: 0.00,4148
Running EXPLC_M with kLevN for N=1000, M=200, k=5, seed=1729...
      Average Passes: 1.0, Time/Memory: 0.00,3188
Running EXPLC_M with kLevN for N=1000, M=200, k=10, seed=1729...
      Average Passes: 1.0, Time/Memory: 0.00,4164
Running EXPLC_M with kPath0 for N=1000, M=300, k=2, seed=1729...
      Average Passes: 3.7, Time/Memory: 0.04,4172
Running EXPLC_M with kPath0 for N=1000, M=300, k=5, seed=1729...
      Average Passes: 2.0, Time/Memory: 0.03,3192
Running EXPLC_M with kPath0 for N=1000, M=300, k=10, seed=1729...
      Average Passes: 2.0, Time/Memory: 0.03,4192
Running EXPLC_M with kPathN for N=1000, M=300, k=2, seed=1729...
      Average Passes: 1.0, Time/Memory: 0.00,3120
Running EXPLC_M with kPathN for N=1000, M=300, k=5, seed=1729...
      Average Passes: 1.0, Time/Memory: 0.00,4172
Running EXPLC_M with kPathN for N=1000, M=300, k=10, seed=1729...
      Average Passes: 1.0, Time/Memory: 0.00,3160
Running EXPLC_M with kLev0 for N=1000, M=300, k=2, seed=1729...
      Average Passes: 3.0, Time/Memory: 0.01,4180
Running EXPLC_M with kLev0 for N=1000, M=300, k=5, seed=1729...
      Average Passes: 3.0, Time/Memory: 0.01,4148
Running EXPLC_M with kLev0 for N=1000, M=300, k=10, seed=1729...
      Average Passes: 3.0, Time/Memory: 0.01,4180
Running EXPLC_M with kLevN for N=1000, M=300, k=2, seed=1729...
      Average Passes: 1.0, Time/Memory: 0.00,4192
Running EXPLC_M with kLevN for N=1000, M=300, k=5, seed=1729...
      Average Passes: 1.0, Time/Memory: 0.00,3176
Running EXPLC_M with kLevN for N=1000, M=300, k=10, seed=1729...
      Average Passes: 1.0, Time/Memory: 0.00,3188
Running EXPLC_M with kPath0 for N=1000, M=400, k=2, seed=1729...
      Average Passes: 3.8, Time/Memory: 0.04,4152
Running EXPLC_M with kPath0 for N=1000, M=400, k=5, seed=1729...
      Average Passes: 2.0, Time/Memory: 0.03,4180
Running EXPLC_M with kPath0 for N=1000, M=400, k=10, seed=1729...
      Average Passes: 2.0, Time/Memory: 0.03,4132
Running EXPLC_M with kPathN for N=1000, M=400, k=2, seed=1729...
      Average Passes: 1.0, Time/Memory: 0.00,4144
Running EXPLC_M with kPathN for N=1000, M=400, k=5, seed=1729...
      Average Passes: 1.0, Time/Memory: 0.00,3168
Running EXPLC_M with kPathN for N=1000, M=400, k=10, seed=1729...
      Average Passes: 1.0, Time/Memory: 0.00,4176
Running EXPLC_M with kLev0 for N=1000, M=400, k=2, seed=1729...
      Average Passes: 3.3, Time/Memory: 0.01,3176
Running EXPLC_M with kLev0 for N=1000, M=400, k=5, seed=1729...
      Average Passes: 3.3, Time/Memory: 0.01,4164
Running EXPLC_M with kLev0 for N=1000, M=400, k=10, seed=1729...
      Average Passes: 3.4, Time/Memory: 0.01,4144
Running EXPLC_M with kLevN for N=1000, M=400, k=2, seed=1729...
      Average Passes: 1.0, Time/Memory: 0.00,4192
Running EXPLC_M with kLevN for N=1000, M=400, k=5, seed=1729...
      Average Passes: 1.0, Time/Memory: 0.00,4132
Running EXPLC_M with kLevN for N=1000, M=400, k=10, seed=1729...
      Average Passes: 1.0, Time/Memory: 0.00,4168
Running EXPLC_M with kPath0 for N=1000, M=500, k=2, seed=1729...
      Average Passes: 3.8, Time/Memory: 0.04,4144
Running EXPLC_M with kPath0 for N=1000, M=500, k=5, seed=1729...
      Average Passes: 2.0, Time/Memory: 0.03,4132
Running EXPLC_M with kPath0 for N=1000, M=500, k=10, seed=1729...
      Average Passes: 2.0, Time/Memory: 0.03,3132
Running EXPLC_M with kPathN for N=1000, M=500, k=2, seed=1729...
      Average Passes: 1.0, Time/Memory: 0.00,4184
Running EXPLC_M with kPathN for N=1000, M=500, k=5, seed=1729...
      Average Passes: 1.0, Time/Memory: 0.00,4172
Running EXPLC_M with kPathN for N=1000, M=500, k=10, seed=1729...
      Average Passes: 1.0, Time/Memory: 0.00,3140
Running EXPLC_M with kLev0 for N=1000, M=500, k=2, seed=1729...
      Average Passes: 3.4, Time/Memory: 0.01,3120
Running EXPLC_M with kLev0 for N=1000, M=500, k=5, seed=1729...
      Average Passes: 3.4, Time/Memory: 0.01,3164
Running EXPLC_M with kLev0 for N=1000, M=500, k=10, seed=1729...
      Average Passes: 3.4, Time/Memory: 0.01,4188
Running EXPLC_M with kLevN for N=1000, M=500, k=2, seed=1729...
      Average Passes: 1.0, Time/Memory: 0.00,3196
Running EXPLC_M with kLevN for N=1000, M=500, k=5, seed=1729...
      Average Passes: 1.0, Time/Memory: 0.00,4180
Running EXPLC_M with kLevN for N=1000, M=500, k=10, seed=1729...
      Average Passes: 1.0, Time/Memory: 0.00,4188
Running EXPLC_M with kPath0 for N=1000, M=600, k=2, seed=1729...
      Average Passes: 4.3, Time/Memory: 0.04,4172
Running EXPLC_M with kPath0 for N=1000, M=600, k=5, seed=1729...
      Average Passes: 2.0, Time/Memory: 0.03,4152
Running EXPLC_M with kPath0 for N=1000, M=600, k=10, seed=1729...
      Average Passes: 2.0, Time/Memory: 0.03,4152
Running EXPLC_M with kPathN for N=1000, M=600, k=2, seed=1729...
      Average Passes: 1.0, Time/Memory: 0.00,3152
Running EXPLC_M with kPathN for N=1000, M=600, k=5, seed=1729...
      Average Passes: 1.0, Time/Memory: 0.00,4172
Running EXPLC_M with kPathN for N=1000, M=600, k=10, seed=1729...
      Average Passes: 1.0, Time/Memory: 0.00,3132
Running EXPLC_M with kLev0 for N=1000, M=600, k=2, seed=1729...
      Average Passes: 3.3, Time/Memory: 0.02,3148
Running EXPLC_M with kLev0 for N=1000, M=600, k=5, seed=1729...
      Average Passes: 3.3, Time/Memory: 0.01,4148
Running EXPLC_M with kLev0 for N=1000, M=600, k=10, seed=1729...
      Average Passes: 3.3, Time/Memory: 0.01,4156
Running EXPLC_M with kLevN for N=1000, M=600, k=2, seed=1729...
      Average Passes: 1.0, Time/Memory: 0.00,4168
Graph already exists at: ./input/random_graphs/graph_1000_700_POWLAW_6230961512046992311.txt
Graph already exists at: ./input/random_graphs/graph_1000_700_POWLAW_7871178979383552919.txt
Graph already exists at: ./input/random_graphs/graph_1000_700_POWLAW_5739955973604961613.txt
Graph already exists at: ./input/random_graphs/graph_1000_700_POWLAW_3881801951614183357.txt
Graph already exists at: ./input/random_graphs/graph_1000_700_POWLAW_7032710160631691991.txt
Graph already exists at: ./input/random_graphs/graph_1000_700_POWLAW_7599700178212337699.txt
Graph already exists at: ./input/random_graphs/graph_1000_700_POWLAW_1353182403971399009.txt
Graph already exists at: ./input/random_graphs/graph_1000_700_POWLAW_1070244953599069350.txt
Graph already exists at: ./input/random_graphs/graph_1000_700_POWLAW_6522163754831416203.txt
Graph already exists at: ./input/random_graphs/graph_1000_700_POWLAW_6938562734920028532.txt
Graph already exists at: ./input/random_graphs/graph_1000_800_POWLAW_6230961512046992311.txt
Graph already exists at: ./input/random_graphs/graph_1000_800_POWLAW_7871178979383552919.txt
Graph already exists at: ./input/random_graphs/graph_1000_800_POWLAW_5739955973604961613.txt
Graph already exists at: ./input/random_graphs/graph_1000_800_POWLAW_3881801951614183357.txt
Graph already exists at: ./input/random_graphs/graph_1000_800_POWLAW_7032710160631691991.txt
Graph already exists at: ./input/random_graphs/graph_1000_800_POWLAW_7599700178212337699.txt
Graph already exists at: ./input/random_graphs/graph_1000_800_POWLAW_1353182403971399009.txt
Graph already exists at: ./input/random_graphs/graph_1000_800_POWLAW_1070244953599069350.txt
Graph already exists at: ./input/random_graphs/graph_1000_800_POWLAW_6522163754831416203.txt
Graph already exists at: ./input/random_graphs/graph_1000_800_POWLAW_6938562734920028532.txt
Graph already exists at: ./input/random_graphs/graph_1000_900_POWLAW_6230961512046992311.txt
Graph already exists at: ./input/random_graphs/graph_1000_900_POWLAW_7871178979383552919.txt
Graph already exists at: ./input/random_graphs/graph_1000_900_POWLAW_5739955973604961613.txt
Graph already exists at: ./input/random_graphs/graph_1000_900_POWLAW_3881801951614183357.txt
Graph already exists at: ./input/random_graphs/graph_1000_900_POWLAW_7032710160631691991.txt
Graph already exists at: ./input/random_graphs/graph_1000_900_POWLAW_7599700178212337699.txt
Graph already exists at: ./input/random_graphs/graph_1000_900_POWLAW_1353182403971399009.txt
Graph already exists at: ./input/random_graphs/graph_1000_900_POWLAW_1070244953599069350.txt
Graph already exists at: ./input/random_graphs/graph_1000_900_POWLAW_6522163754831416203.txt
Graph already exists at: ./input/random_graphs/graph_1000_900_POWLAW_6938562734920028532.txt
Graph already exists at: ./input/random_graphs/graph_1000_1000_POWLAW_6230961512046992311.txt
Graph already exists at: ./input/random_graphs/graph_1000_1000_POWLAW_7871178979383552919.txt
Graph already exists at: ./input/random_graphs/graph_1000_1000_POWLAW_5739955973604961613.txt
Graph already exists at: ./input/random_graphs/graph_1000_1000_POWLAW_3881801951614183357.txt
Graph already exists at: ./input/random_graphs/graph_1000_1000_POWLAW_7032710160631691991.txt
Graph already exists at: ./input/random_graphs/graph_1000_1000_POWLAW_7599700178212337699.txt
Graph already exists at: ./input/random_graphs/graph_1000_1000_POWLAW_1353182403971399009.txt
Graph already exists at: ./input/random_graphs/graph_1000_1000_POWLAW_1070244953599069350.txt
Graph already exists at: ./input/random_graphs/graph_1000_1000_POWLAW_6522163754831416203.txt
Graph already exists at: ./input/random_graphs/graph_1000_1000_POWLAW_6938562734920028532.txt
Graph already exists at: ./input/random_graphs/graph_1000_2000_POWLAW_6230961512046992311.txt
Graph already exists at: ./input/random_graphs/graph_1000_2000_POWLAW_7871178979383552919.txt
Graph already exists at: ./input/random_graphs/graph_1000_2000_POWLAW_5739955973604961613.txt
Graph already exists at: ./input/random_graphs/graph_1000_2000_POWLAW_3881801951614183357.txt
Graph already exists at: ./input/random_graphs/graph_1000_2000_POWLAW_7032710160631691991.txt
Graph already exists at: ./input/random_graphs/graph_1000_2000_POWLAW_7599700178212337699.txt
Graph already exists at: ./input/random_graphs/graph_1000_2000_POWLAW_1353182403971399009.txt
Graph already exists at: ./input/random_graphs/graph_1000_2000_POWLAW_1070244953599069350.txt
Graph already exists at: ./input/random_graphs/graph_1000_2000_POWLAW_6522163754831416203.txt
Graph already exists at: ./input/random_graphs/graph_1000_2000_POWLAW_6938562734920028532.txt
Graph already exists at: ./input/random_graphs/graph_1000_3000_POWLAW_6230961512046992311.txt
Graph already exists at: ./input/random_graphs/graph_1000_3000_POWLAW_7871178979383552919.txt
Graph already exists at: ./input/random_graphs/graph_1000_3000_POWLAW_5739955973604961613.txt
Graph already exists at: ./input/random_graphs/graph_1000_3000_POWLAW_3881801951614183357.txt
Graph already exists at: ./input/random_graphs/graph_1000_3000_POWLAW_7032710160631691991.txt
Graph already exists at: ./input/random_graphs/graph_1000_3000_POWLAW_7599700178212337699.txt
Graph already exists at: ./input/random_graphs/graph_1000_3000_POWLAW_1353182403971399009.txt
Graph already exists at: ./input/random_graphs/graph_1000_3000_POWLAW_1070244953599069350.txt
Graph already exists at: ./input/random_graphs/graph_1000_3000_POWLAW_6522163754831416203.txt
Graph already exists at: ./input/random_graphs/graph_1000_3000_POWLAW_6938562734920028532.txt
Running EXPLC_M with kLevN for N=1000, M=600, k=5, seed=1729...
      Average Passes: 1.0, Time/Memory: 0.00,4172
Running EXPLC_M with kLevN for N=1000, M=600, k=10, seed=1729...
      Average Passes: 1.0, Time/Memory: 0.00,4180
Running EXPLC_M with kPath0 for N=1000, M=700, k=2, seed=1729...
      Average Passes: 4.4, Time/Memory: 0.04,3188
Running EXPLC_M with kPath0 for N=1000, M=700, k=5, seed=1729...
      Average Passes: 2.0, Time/Memory: 0.03,4160
Running EXPLC_M with kPath0 for N=1000, M=700, k=10, seed=1729...
      Average Passes: 2.0, Time/Memory: 0.03,4188
Running EXPLC_M with kPathN for N=1000, M=700, k=2, seed=1729...
      Average Passes: 1.0, Time/Memory: 0.00,4144
Running EXPLC_M with kPathN for N=1000, M=700, k=5, seed=1729...
      Average Passes: 1.0, Time/Memory: 0.00,3144
Running EXPLC_M with kPathN for N=1000, M=700, k=10, seed=1729...
      Average Passes: 1.0, Time/Memory: 0.00,3144
Running EXPLC_M with kLev0 for N=1000, M=700, k=2, seed=1729...
      Average Passes: 3.3, Time/Memory: 0.02,4152
Running EXPLC_M with kLev0 for N=1000, M=700, k=5, seed=1729...
      Average Passes: 3.3, Time/Memory: 0.02,4164
Running EXPLC_M with kLev0 for N=1000, M=700, k=10, seed=1729...
      Average Passes: 3.2, Time/Memory: 0.02,4180
Running EXPLC_M with kLevN for N=1000, M=700, k=2, seed=1729...
      Average Passes: 1.0, Time/Memory: 0.00,3144
Running EXPLC_M with kLevN for N=1000, M=700, k=5, seed=1729...
      Average Passes: 1.0, Time/Memory: 0.00,3144
Running EXPLC_M with kLevN for N=1000, M=700, k=10, seed=1729...
      Average Passes: 1.0, Time/Memory: 0.00,4172
Running EXPLC_M with kPath0 for N=1000, M=800, k=2, seed=1729...
      Average Passes: 4.5, Time/Memory: 0.04,4156
Running EXPLC_M with kPath0 for N=1000, M=800, k=5, seed=1729...
      Average Passes: 2.0, Time/Memory: 0.03,4136
Running EXPLC_M with kPath0 for N=1000, M=800, k=10, seed=1729...
      Average Passes: 2.0, Time/Memory: 0.03,4188
Running EXPLC_M with kPathN for N=1000, M=800, k=2, seed=1729...
      Average Passes: 1.0, Time/Memory: 0.00,4148
Running EXPLC_M with kPathN for N=1000, M=800, k=5, seed=1729...
      Average Passes: 1.0, Time/Memory: 0.00,3148
Running EXPLC_M with kPathN for N=1000, M=800, k=10, seed=1729...
      Average Passes: 1.0, Time/Memory: 0.00,3148
Running EXPLC_M with kLev0 for N=1000, M=800, k=2, seed=1729...
      Average Passes: 3.1, Time/Memory: 0.02,3188
Running EXPLC_M with kLev0 for N=1000, M=800, k=5, seed=1729...
      Average Passes: 3.1, Time/Memory: 0.02,3188
Running EXPLC_M with kLev0 for N=1000, M=800, k=10, seed=1729...
      Average Passes: 3.1, Time/Memory: 0.02,4176
Running EXPLC_M with kLevN for N=1000, M=800, k=2, seed=1729...
      Average Passes: 1.0, Time/Memory: 0.00,3152
Running EXPLC_M with kLevN for N=1000, M=800, k=5, seed=1729...
      Average Passes: 1.0, Time/Memory: 0.00,4144
Running EXPLC_M with kLevN for N=1000, M=800, k=10, seed=1729...
      Average Passes: 1.0, Time/Memory: 0.00,3192
Running EXPLC_M with kPath0 for N=1000, M=900, k=2, seed=1729...
      Average Passes: 4.4, Time/Memory: 0.05,4136
Running EXPLC_M with kPath0 for N=1000, M=900, k=5, seed=1729...
      Average Passes: 2.0, Time/Memory: 0.03,4148
Running EXPLC_M with kPath0 for N=1000, M=900, k=10, seed=1729...
      Average Passes: 2.0, Time/Memory: 0.03,3180
Running EXPLC_M with kPathN for N=1000, M=900, k=2, seed=1729...
      Average Passes: 1.0, Time/Memory: 0.00,3112
Running EXPLC_M with kPathN for N=1000, M=900, k=5, seed=1729...
      Average Passes: 1.0, Time/Memory: 0.00,4136
Running EXPLC_M with kPathN for N=1000, M=900, k=10, seed=1729...
      Average Passes: 1.0, Time/Memory: 0.00,4152
Running EXPLC_M with kLev0 for N=1000, M=900, k=2, seed=1729...
      Average Passes: 3.2, Time/Memory: 0.02,3144
Running EXPLC_M with kLev0 for N=1000, M=900, k=5, seed=1729...
      Average Passes: 3.2, Time/Memory: 0.02,4144
Running EXPLC_M with kLev0 for N=1000, M=900, k=10, seed=1729...
      Average Passes: 3.1, Time/Memory: 0.02,4156
Running EXPLC_M with kLevN for N=1000, M=900, k=2, seed=1729...
      Average Passes: 1.0, Time/Memory: 0.00,4148
Running EXPLC_M with kLevN for N=1000, M=900, k=5, seed=1729...
      Average Passes: 1.0, Time/Memory: 0.00,4188
Running EXPLC_M with kLevN for N=1000, M=900, k=10, seed=1729...
      Average Passes: 1.0, Time/Memory: 0.00,3156
Running EXPLC_M with kPath0 for N=1000, M=1000, k=2, seed=1729...
      Average Passes: 4.6, Time/Memory: 0.05,4136
Running EXPLC_M with kPath0 for N=1000, M=1000, k=5, seed=1729...
      Average Passes: 2.0, Time/Memory: 0.03,4172
Running EXPLC_M with kPath0 for N=1000, M=1000, k=10, seed=1729...
      Average Passes: 2.0, Time/Memory: 0.03,3128
Running EXPLC_M with kPathN for N=1000, M=1000, k=2, seed=1729...
      Average Passes: 1.0, Time/Memory: 0.00,4168
Running EXPLC_M with kPathN for N=1000, M=1000, k=5, seed=1729...
      Average Passes: 1.0, Time/Memory: 0.00,4192
Running EXPLC_M with kPathN for N=1000, M=1000, k=10, seed=1729...
      Average Passes: 1.0, Time/Memory: 0.00,4132
Running EXPLC_M with kLev0 for N=1000, M=1000, k=2, seed=1729...
      Average Passes: 3.1, Time/Memory: 0.02,4168
Running EXPLC_M with kLev0 for N=1000, M=1000, k=5, seed=1729...
      Average Passes: 3.1, Time/Memory: 0.02,4160
Running EXPLC_M with kLev0 for N=1000, M=1000, k=10, seed=1729...
      Average Passes: 3.0, Time/Memory: 0.02,4152
Running EXPLC_M with kLevN for N=1000, M=1000, k=2, seed=1729...
      Average Passes: 1.0, Time/Memory: 0.00,3136
Running EXPLC_M with kLevN for N=1000, M=1000, k=5, seed=1729...
      Average Passes: 1.0, Time/Memory: 0.00,4136
Running EXPLC_M with kLevN for N=1000, M=1000, k=10, seed=1729...
      Average Passes: 1.0, Time/Memory: 0.00,3172
Running EXPLC_M with kPath0 for N=1000, M=2000, k=2, seed=1729...
      Average Passes: 5.2, Time/Memory: 0.06,3160
Running EXPLC_M with kPath0 for N=1000, M=2000, k=5, seed=1729...
      Average Passes: 2.4, Time/Memory: 0.04,3164
Running EXPLC_M with kPath0 for N=1000, M=2000, k=10, seed=1729...
      Average Passes: 2.0, Time/Memory: 0.03,3148
Running EXPLC_M with kPathN for N=1000, M=2000, k=2, seed=1729...
      Average Passes: 1.0, Time/Memory: 0.01,3136
Running EXPLC_M with kPathN for N=1000, M=2000, k=5, seed=1729...
      Average Passes: 1.0, Time/Memory: 0.00,4152
Running EXPLC_M with kPathN for N=1000, M=2000, k=10, seed=1729...
      Average Passes: 1.0, Time/Memory: 0.01,3148
Running EXPLC_M with kLev0 for N=1000, M=2000, k=2, seed=1729...
      Average Passes: 3.3, Time/Memory: 0.03,4212
Running EXPLC_M with kLev0 for N=1000, M=2000, k=5, seed=1729...
      Average Passes: 3.3, Time/Memory: 0.02,4192
Running EXPLC_M with kLev0 for N=1000, M=2000, k=10, seed=1729...
      Average Passes: 3.3, Time/Memory: 0.03,3132
Running EXPLC_M with kLevN for N=1000, M=2000, k=2, seed=1729...
      Average Passes: 1.0, Time/Memory: 0.01,3156
Running EXPLC_M with kLevN for N=1000, M=2000, k=5, seed=1729...
      Average Passes: 1.0, Time/Memory: 0.01,4192
Running EXPLC_M with kLevN for N=1000, M=2000, k=10, seed=1729...
      Average Passes: 1.0, Time/Memory: 0.01,4152
Running EXPLC_M with kPath0 for N=1000, M=3000, k=2, seed=1729...
      Average Passes: 5.8, Time/Memory: 0.08,4144
Running EXPLC_M with kPath0 for N=1000, M=3000, k=5, seed=1729...
      Average Passes: 3.2, Time/Memory: 0.05,3148
Running EXPLC_M with kPath0 for N=1000, M=3000, k=10, seed=1729...
      Average Passes: 2.1, Time/Memory: 0.03,4152
Running EXPLC_M with kPathN for N=1000, M=3000, k=2, seed=1729...
      Average Passes: 2.5, Time/Memory: 0.05,4192
Running EXPLC_M with kPathN for N=1000, M=3000, k=5, seed=1729...
      Average Passes: 1.0, Time/Memory: 0.01,3128
Running EXPLC_M with kPathN for N=1000, M=3000, k=10, seed=1729...
      Average Passes: 1.0, Time/Memory: 0.01,3168
Running EXPLC_M with kLev0 for N=1000, M=3000, k=2, seed=1729...
      Average Passes: 3.1, Time/Memory: 0.04,4188
Running EXPLC_M with kLev0 for N=1000, M=3000, k=5, seed=1729...
      Average Passes: 3.1, Time/Memory: 0.04,4184
Running EXPLC_M with kLev0 for N=1000, M=3000, k=10, seed=1729...
      Average Passes: 3.1, Time/Memory: 0.05,4180
Graph already exists at: ./input/random_graphs/graph_1000_4000_POWLAW_6230961512046992311.txt
Graph already exists at: ./input/random_graphs/graph_1000_4000_POWLAW_7871178979383552919.txt
Graph already exists at: ./input/random_graphs/graph_1000_4000_POWLAW_5739955973604961613.txt
Graph already exists at: ./input/random_graphs/graph_1000_4000_POWLAW_3881801951614183357.txt
Graph already exists at: ./input/random_graphs/graph_1000_4000_POWLAW_7032710160631691991.txt
Graph already exists at: ./input/random_graphs/graph_1000_4000_POWLAW_7599700178212337699.txt
Graph already exists at: ./input/random_graphs/graph_1000_4000_POWLAW_1353182403971399009.txt
Graph already exists at: ./input/random_graphs/graph_1000_4000_POWLAW_1070244953599069350.txt
Graph already exists at: ./input/random_graphs/graph_1000_4000_POWLAW_6522163754831416203.txt
Graph already exists at: ./input/random_graphs/graph_1000_4000_POWLAW_6938562734920028532.txt
Graph already exists at: ./input/random_graphs/graph_1000_5000_POWLAW_6230961512046992311.txt
Graph already exists at: ./input/random_graphs/graph_1000_5000_POWLAW_7871178979383552919.txt
Graph already exists at: ./input/random_graphs/graph_1000_5000_POWLAW_5739955973604961613.txt
Graph already exists at: ./input/random_graphs/graph_1000_5000_POWLAW_3881801951614183357.txt
Graph already exists at: ./input/random_graphs/graph_1000_5000_POWLAW_7032710160631691991.txt
Graph already exists at: ./input/random_graphs/graph_1000_5000_POWLAW_7599700178212337699.txt
Graph already exists at: ./input/random_graphs/graph_1000_5000_POWLAW_1353182403971399009.txt
Graph already exists at: ./input/random_graphs/graph_1000_5000_POWLAW_1070244953599069350.txt
Graph already exists at: ./input/random_graphs/graph_1000_5000_POWLAW_6522163754831416203.txt
Graph already exists at: ./input/random_graphs/graph_1000_5000_POWLAW_6938562734920028532.txt
Graph already exists at: ./input/random_graphs/graph_1000_6000_POWLAW_6230961512046992311.txt
Graph already exists at: ./input/random_graphs/graph_1000_6000_POWLAW_7871178979383552919.txt
Graph already exists at: ./input/random_graphs/graph_1000_6000_POWLAW_5739955973604961613.txt
Graph already exists at: ./input/random_graphs/graph_1000_6000_POWLAW_3881801951614183357.txt
Graph already exists at: ./input/random_graphs/graph_1000_6000_POWLAW_7032710160631691991.txt
Graph already exists at: ./input/random_graphs/graph_1000_6000_POWLAW_7599700178212337699.txt
Graph already exists at: ./input/random_graphs/graph_1000_6000_POWLAW_1353182403971399009.txt
Graph already exists at: ./input/random_graphs/graph_1000_6000_POWLAW_1070244953599069350.txt
Graph already exists at: ./input/random_graphs/graph_1000_6000_POWLAW_6522163754831416203.txt
Graph already exists at: ./input/random_graphs/graph_1000_6000_POWLAW_6938562734920028532.txt
Graph already exists at: ./input/random_graphs/graph_1000_7000_POWLAW_6230961512046992311.txt
Graph already exists at: ./input/random_graphs/graph_1000_7000_POWLAW_7871178979383552919.txt
Graph already exists at: ./input/random_graphs/graph_1000_7000_POWLAW_5739955973604961613.txt
Graph already exists at: ./input/random_graphs/graph_1000_7000_POWLAW_3881801951614183357.txt
Graph already exists at: ./input/random_graphs/graph_1000_7000_POWLAW_7032710160631691991.txt
Graph already exists at: ./input/random_graphs/graph_1000_7000_POWLAW_7599700178212337699.txt
Graph already exists at: ./input/random_graphs/graph_1000_7000_POWLAW_1353182403971399009.txt
Graph already exists at: ./input/random_graphs/graph_1000_7000_POWLAW_1070244953599069350.txt
Graph already exists at: ./input/random_graphs/graph_1000_7000_POWLAW_6522163754831416203.txt
Graph already exists at: ./input/random_graphs/graph_1000_7000_POWLAW_6938562734920028532.txt
Graph already exists at: ./input/random_graphs/graph_1000_8000_POWLAW_6230961512046992311.txt
Graph already exists at: ./input/random_graphs/graph_1000_8000_POWLAW_7871178979383552919.txt
Graph already exists at: ./input/random_graphs/graph_1000_8000_POWLAW_5739955973604961613.txt
Graph already exists at: ./input/random_graphs/graph_1000_8000_POWLAW_3881801951614183357.txt
Graph already exists at: ./input/random_graphs/graph_1000_8000_POWLAW_7032710160631691991.txt
Graph already exists at: ./input/random_graphs/graph_1000_8000_POWLAW_7599700178212337699.txt
Graph already exists at: ./input/random_graphs/graph_1000_8000_POWLAW_1353182403971399009.txt
Graph already exists at: ./input/random_graphs/graph_1000_8000_POWLAW_1070244953599069350.txt
Graph already exists at: ./input/random_graphs/graph_1000_8000_POWLAW_6522163754831416203.txt
Graph already exists at: ./input/random_graphs/graph_1000_8000_POWLAW_6938562734920028532.txt
Graph already exists at: ./input/random_graphs/graph_1000_9000_POWLAW_6230961512046992311.txt
Graph already exists at: ./input/random_graphs/graph_1000_9000_POWLAW_7871178979383552919.txt
Graph already exists at: ./input/random_graphs/graph_1000_9000_POWLAW_5739955973604961613.txt
Graph already exists at: ./input/random_graphs/graph_1000_9000_POWLAW_3881801951614183357.txt
Graph already exists at: ./input/random_graphs/graph_1000_9000_POWLAW_7032710160631691991.txt
Graph already exists at: ./input/random_graphs/graph_1000_9000_POWLAW_7599700178212337699.txt
Graph already exists at: ./input/random_graphs/graph_1000_9000_POWLAW_1353182403971399009.txt
Graph already exists at: ./input/random_graphs/graph_1000_9000_POWLAW_1070244953599069350.txt
Graph already exists at: ./input/random_graphs/graph_1000_9000_POWLAW_6522163754831416203.txt
Graph already exists at: ./input/random_graphs/graph_1000_9000_POWLAW_6938562734920028532.txt
Running EXPLC_M with kLevN for N=1000, M=3000, k=2, seed=1729...
      Average Passes: 2.0, Time/Memory: 0.04,4136
Running EXPLC_M with kLevN for N=1000, M=3000, k=5, seed=1729...
      Average Passes: 1.0, Time/Memory: 0.01,4152
Running EXPLC_M with kLevN for N=1000, M=3000, k=10, seed=1729...
      Average Passes: 1.0, Time/Memory: 0.01,4172
Running EXPLC_M with kPath0 for N=1000, M=4000, k=2, seed=1729...
      Average Passes: 5.9, Time/Memory: 0.10,4152
Running EXPLC_M with kPath0 for N=1000, M=4000, k=5, seed=1729...
      Average Passes: 3.3, Time/Memory: 0.07,4152
Running EXPLC_M with kPath0 for N=1000, M=4000, k=10, seed=1729...
      Average Passes: 2.3, Time/Memory: 0.05,4168
Running EXPLC_M with kPathN for N=1000, M=4000, k=2, seed=1729...
      Average Passes: 2.9, Time/Memory: 0.07,4156
Running EXPLC_M with kPathN for N=1000, M=4000, k=5, seed=1729...
      Average Passes: 1.0, Time/Memory: 0.01,4148
Running EXPLC_M with kPathN for N=1000, M=4000, k=10, seed=1729...
      Average Passes: 1.0, Time/Memory: 0.02,3220
Running EXPLC_M with kLev0 for N=1000, M=4000, k=2, seed=1729...
      Average Passes: 3.2, Time/Memory: 0.06,3196
Running EXPLC_M with kLev0 for N=1000, M=4000, k=5, seed=1729...
      Average Passes: 3.2, Time/Memory: 0.05,4172
Running EXPLC_M with kLev0 for N=1000, M=4000, k=10, seed=1729...
      Average Passes: 3.2, Time/Memory: 0.05,4188
Running EXPLC_M with kLevN for N=1000, M=4000, k=2, seed=1729...
      Average Passes: 2.0, Time/Memory: 0.04,4132
Running EXPLC_M with kLevN for N=1000, M=4000, k=5, seed=1729...
      Average Passes: 1.0, Time/Memory: 0.02,4180
Running EXPLC_M with kLevN for N=1000, M=4000, k=10, seed=1729...
      Average Passes: 1.0, Time/Memory: 0.01,3140
Running EXPLC_M with kPath0 for N=1000, M=5000, k=2, seed=1729...
      Average Passes: 6.4, Time/Memory: 0.12,3132
Running EXPLC_M with kPath0 for N=1000, M=5000, k=5, seed=1729...
      Average Passes: 3.4, Time/Memory: 0.08,4188
Running EXPLC_M with kPath0 for N=1000, M=5000, k=10, seed=1729...
      Average Passes: 2.4, Time/Memory: 0.05,4156
Running EXPLC_M with kPathN for N=1000, M=5000, k=2, seed=1729...
      Average Passes: 3.0, Time/Memory: 0.08,4188
Running EXPLC_M with kPathN for N=1000, M=5000, k=5, seed=1729...
      Average Passes: 1.0, Time/Memory: 0.02,3188
Running EXPLC_M with kPathN for N=1000, M=5000, k=10, seed=1729...
      Average Passes: 1.0, Time/Memory: 0.02,4152
Running EXPLC_M with kLev0 for N=1000, M=5000, k=2, seed=1729...
      Average Passes: 3.2, Time/Memory: 0.06,4176
Running EXPLC_M with kLev0 for N=1000, M=5000, k=5, seed=1729...
      Average Passes: 3.2, Time/Memory: 0.07,4180
Running EXPLC_M with kLev0 for N=1000, M=5000, k=10, seed=1729...
      Average Passes: 3.2, Time/Memory: 0.07,4152
Running EXPLC_M with kLevN for N=1000, M=5000, k=2, seed=1729...
      Average Passes: 2.0, Time/Memory: 0.05,3132
Running EXPLC_M with kLevN for N=1000, M=5000, k=5, seed=1729...
      Average Passes: 1.0, Time/Memory: 0.02,3196
Running EXPLC_M with kLevN for N=1000, M=5000, k=10, seed=1729...
      Average Passes: 1.0, Time/Memory: 0.02,3136
Running EXPLC_M with kPath0 for N=1000, M=6000, k=2, seed=1729...
      Average Passes: 6.5, Time/Memory: 0.14,3164
Running EXPLC_M with kPath0 for N=1000, M=6000, k=5, seed=1729...
      Average Passes: 3.5, Time/Memory: 0.08,4152
Running EXPLC_M with kPath0 for N=1000, M=6000, k=10, seed=1729...
      Average Passes: 2.4, Time/Memory: 0.06,5188
Running EXPLC_M with kPathN for N=1000, M=6000, k=2, seed=1729...
      Average Passes: 3.0, Time/Memory: 0.08,3180
Running EXPLC_M with kPathN for N=1000, M=6000, k=5, seed=1729...
      Average Passes: 2.1, Time/Memory: 0.07,4160
Running EXPLC_M with kPathN for N=1000, M=6000, k=10, seed=1729...
      Average Passes: 1.0, Time/Memory: 0.01,5188
Running EXPLC_M with kLev0 for N=1000, M=6000, k=2, seed=1729...
      Average Passes: 3.1, Time/Memory: 0.08,4188
Running EXPLC_M with kLev0 for N=1000, M=6000, k=5, seed=1729...
      Average Passes: 3.1, Time/Memory: 0.08,3196
Running EXPLC_M with kLev0 for N=1000, M=6000, k=10, seed=1729...
      Average Passes: 3.1, Time/Memory: 0.07,4132
Running EXPLC_M with kLevN for N=1000, M=6000, k=2, seed=1729...
      Average Passes: 2.0, Time/Memory: 0.06,4132
Running EXPLC_M with kLevN for N=1000, M=6000, k=5, seed=1729...
      Average Passes: 2.0, Time/Memory: 0.07,4192
Running EXPLC_M with kLevN for N=1000, M=6000, k=10, seed=1729...
      Average Passes: 1.0, Time/Memory: 0.02,4208
Running EXPLC_M with kPath0 for N=1000, M=7000, k=2, seed=1729...
      Average Passes: 7.1, Time/Memory: 0.16,4188
Running EXPLC_M with kPath0 for N=1000, M=7000, k=5, seed=1729...
      Average Passes: 3.7, Time/Memory: 0.10,4144
Running EXPLC_M with kPath0 for N=1000, M=7000, k=10, seed=1729...
      Average Passes: 2.5, Time/Memory: 0.07,4204
Running EXPLC_M with kPathN for N=1000, M=7000, k=2, seed=1729...
      Average Passes: 3.4, Time/Memory: 0.09,4188
Running EXPLC_M with kPathN for N=1000, M=7000, k=5, seed=1729...
      Average Passes: 2.3, Time/Memory: 0.08,4188
Running EXPLC_M with kPathN for N=1000, M=7000, k=10, seed=1729...
      Average Passes: 1.0, Time/Memory: 0.02,4208
Running EXPLC_M with kLev0 for N=1000, M=7000, k=2, seed=1729...
      Average Passes: 3.1, Time/Memory: 0.09,4152
Running EXPLC_M with kLev0 for N=1000, M=7000, k=5, seed=1729...
      Average Passes: 3.1, Time/Memory: 0.08,3172
Running EXPLC_M with kLev0 for N=1000, M=7000, k=10, seed=1729...
      Average Passes: 3.1, Time/Memory: 0.09,3164
Running EXPLC_M with kLevN for N=1000, M=7000, k=2, seed=1729...
      Average Passes: 2.1, Time/Memory: 0.08,4152
Running EXPLC_M with kLevN for N=1000, M=7000, k=5, seed=1729...
      Average Passes: 2.0, Time/Memory: 0.07,4184
Running EXPLC_M with kLevN for N=1000, M=7000, k=10, seed=1729...
      Average Passes: 1.0, Time/Memory: 0.02,5180
Running EXPLC_M with kPath0 for N=1000, M=8000, k=2, seed=1729...
      Average Passes: 6.9, Time/Memory: 0.18,4156
Running EXPLC_M with kPath0 for N=1000, M=8000, k=5, seed=1729...
      Average Passes: 3.7, Time/Memory: 0.11,3132
Running EXPLC_M with kPath0 for N=1000, M=8000, k=10, seed=1729...
      Average Passes: 2.9, Time/Memory: 0.10,5176
Running EXPLC_M with kPathN for N=1000, M=8000, k=2, seed=1729...
      Average Passes: 3.4, Time/Memory: 0.11,4188
Running EXPLC_M with kPathN for N=1000, M=8000, k=5, seed=1729...
      Average Passes: 2.3, Time/Memory: 0.07,5176
Running EXPLC_M with kPathN for N=1000, M=8000, k=10, seed=1729...
      Average Passes: 1.0, Time/Memory: 0.03,5176
Running EXPLC_M with kLev0 for N=1000, M=8000, k=2, seed=1729...
      Average Passes: 3.2, Time/Memory: 0.09,4172
Running EXPLC_M with kLev0 for N=1000, M=8000, k=5, seed=1729...
      Average Passes: 3.2, Time/Memory: 0.10,3160
Running EXPLC_M with kLev0 for N=1000, M=8000, k=10, seed=1729...
      Average Passes: 3.2, Time/Memory: 0.10,4152
Running EXPLC_M with kLevN for N=1000, M=8000, k=2, seed=1729...
      Average Passes: 2.0, Time/Memory: 0.07,4136
Running EXPLC_M with kLevN for N=1000, M=8000, k=5, seed=1729...
      Average Passes: 2.0, Time/Memory: 0.09,4172
Running EXPLC_M with kLevN for N=1000, M=8000, k=10, seed=1729...
      Average Passes: 1.0, Time/Memory: 0.03,5212
Running EXPLC_M with kPath0 for N=1000, M=9000, k=2, seed=1729...
      Average Passes: 7.6, Time/Memory: 0.21,4192
Running EXPLC_M with kPath0 for N=1000, M=9000, k=5, seed=1729...
      Average Passes: 3.8, Time/Memory: 0.11,4184
Running EXPLC_M with kPath0 for N=1000, M=9000, k=10, seed=1729...
      Average Passes: 3.3, Time/Memory: 0.12,5168
Running EXPLC_M with kPathN for N=1000, M=9000, k=2, seed=1729...
      Average Passes: 3.8, Time/Memory: 0.12,4188
Running EXPLC_M with kPathN for N=1000, M=9000, k=5, seed=1729...
      Average Passes: 2.3, Time/Memory: 0.08,5156
Running EXPLC_M with kPathN for N=1000, M=9000, k=10, seed=1729...
      Average Passes: 1.0, Time/Memory: 0.03,4152
Running EXPLC_M with kLev0 for N=1000, M=9000, k=2, seed=1729...
      Average Passes: 3.2, Time/Memory: 0.10,4184
Running EXPLC_M with kLev0 for N=1000, M=9000, k=5, seed=1729...
Graph already exists at: ./input/random_graphs/graph_1000_10000_POWLAW_6230961512046992311.txt
Graph already exists at: ./input/random_graphs/graph_1000_10000_POWLAW_7871178979383552919.txt
Graph already exists at: ./input/random_graphs/graph_1000_10000_POWLAW_5739955973604961613.txt
Graph already exists at: ./input/random_graphs/graph_1000_10000_POWLAW_3881801951614183357.txt
Graph already exists at: ./input/random_graphs/graph_1000_10000_POWLAW_7032710160631691991.txt
Graph already exists at: ./input/random_graphs/graph_1000_10000_POWLAW_7599700178212337699.txt
Graph already exists at: ./input/random_graphs/graph_1000_10000_POWLAW_1353182403971399009.txt
Graph already exists at: ./input/random_graphs/graph_1000_10000_POWLAW_1070244953599069350.txt
Graph already exists at: ./input/random_graphs/graph_1000_10000_POWLAW_6522163754831416203.txt
Graph already exists at: ./input/random_graphs/graph_1000_10000_POWLAW_6938562734920028532.txt
Graph already exists at: ./input/random_graphs/graph_1000_11000_POWLAW_6230961512046992311.txt
Graph already exists at: ./input/random_graphs/graph_1000_11000_POWLAW_7871178979383552919.txt
Graph already exists at: ./input/random_graphs/graph_1000_11000_POWLAW_5739955973604961613.txt
Graph already exists at: ./input/random_graphs/graph_1000_11000_POWLAW_3881801951614183357.txt
Graph already exists at: ./input/random_graphs/graph_1000_11000_POWLAW_7032710160631691991.txt
Graph already exists at: ./input/random_graphs/graph_1000_11000_POWLAW_7599700178212337699.txt
Graph already exists at: ./input/random_graphs/graph_1000_11000_POWLAW_1353182403971399009.txt
Graph already exists at: ./input/random_graphs/graph_1000_11000_POWLAW_1070244953599069350.txt
Graph already exists at: ./input/random_graphs/graph_1000_11000_POWLAW_6522163754831416203.txt
Graph already exists at: ./input/random_graphs/graph_1000_11000_POWLAW_6938562734920028532.txt
Graph already exists at: ./input/random_graphs/graph_1000_12000_POWLAW_6230961512046992311.txt
Graph already exists at: ./input/random_graphs/graph_1000_12000_POWLAW_7871178979383552919.txt
Graph already exists at: ./input/random_graphs/graph_1000_12000_POWLAW_5739955973604961613.txt
Graph already exists at: ./input/random_graphs/graph_1000_12000_POWLAW_3881801951614183357.txt
Graph already exists at: ./input/random_graphs/graph_1000_12000_POWLAW_7032710160631691991.txt
Graph already exists at: ./input/random_graphs/graph_1000_12000_POWLAW_7599700178212337699.txt
Graph already exists at: ./input/random_graphs/graph_1000_12000_POWLAW_1353182403971399009.txt
Graph already exists at: ./input/random_graphs/graph_1000_12000_POWLAW_1070244953599069350.txt
Graph already exists at: ./input/random_graphs/graph_1000_12000_POWLAW_6522163754831416203.txt
Graph already exists at: ./input/random_graphs/graph_1000_12000_POWLAW_6938562734920028532.txt
Graph already exists at: ./input/random_graphs/graph_1000_13000_POWLAW_6230961512046992311.txt
Graph already exists at: ./input/random_graphs/graph_1000_13000_POWLAW_7871178979383552919.txt
Graph already exists at: ./input/random_graphs/graph_1000_13000_POWLAW_5739955973604961613.txt
Graph already exists at: ./input/random_graphs/graph_1000_13000_POWLAW_3881801951614183357.txt
Graph already exists at: ./input/random_graphs/graph_1000_13000_POWLAW_7032710160631691991.txt
Graph already exists at: ./input/random_graphs/graph_1000_13000_POWLAW_7599700178212337699.txt
Graph already exists at: ./input/random_graphs/graph_1000_13000_POWLAW_1353182403971399009.txt
Graph already exists at: ./input/random_graphs/graph_1000_13000_POWLAW_1070244953599069350.txt
Graph already exists at: ./input/random_graphs/graph_1000_13000_POWLAW_6522163754831416203.txt
Graph already exists at: ./input/random_graphs/graph_1000_13000_POWLAW_6938562734920028532.txt
Graph already exists at: ./input/random_graphs/graph_1000_14000_POWLAW_6230961512046992311.txt
Graph already exists at: ./input/random_graphs/graph_1000_14000_POWLAW_7871178979383552919.txt
Graph already exists at: ./input/random_graphs/graph_1000_14000_POWLAW_5739955973604961613.txt
Graph already exists at: ./input/random_graphs/graph_1000_14000_POWLAW_3881801951614183357.txt
Graph already exists at: ./input/random_graphs/graph_1000_14000_POWLAW_7032710160631691991.txt
Graph already exists at: ./input/random_graphs/graph_1000_14000_POWLAW_7599700178212337699.txt
Graph already exists at: ./input/random_graphs/graph_1000_14000_POWLAW_1353182403971399009.txt
Graph already exists at: ./input/random_graphs/graph_1000_14000_POWLAW_1070244953599069350.txt
Graph already exists at: ./input/random_graphs/graph_1000_14000_POWLAW_6522163754831416203.txt
Graph already exists at: ./input/random_graphs/graph_1000_14000_POWLAW_6938562734920028532.txt
Graph already exists at: ./input/random_graphs/graph_1000_15000_POWLAW_6230961512046992311.txt
Graph already exists at: ./input/random_graphs/graph_1000_15000_POWLAW_7871178979383552919.txt
Graph already exists at: ./input/random_graphs/graph_1000_15000_POWLAW_5739955973604961613.txt
Graph already exists at: ./input/random_graphs/graph_1000_15000_POWLAW_3881801951614183357.txt
Graph already exists at: ./input/random_graphs/graph_1000_15000_POWLAW_7032710160631691991.txt
Graph already exists at: ./input/random_graphs/graph_1000_15000_POWLAW_7599700178212337699.txt
Graph already exists at: ./input/random_graphs/graph_1000_15000_POWLAW_1353182403971399009.txt
Graph already exists at: ./input/random_graphs/graph_1000_15000_POWLAW_1070244953599069350.txt
Graph already exists at: ./input/random_graphs/graph_1000_15000_POWLAW_6522163754831416203.txt
Graph already exists at: ./input/random_graphs/graph_1000_15000_POWLAW_6938562734920028532.txt
      Average Passes: 3.2, Time/Memory: 0.11,4164
Running EXPLC_M with kLev0 for N=1000, M=9000, k=10, seed=1729...
      Average Passes: 3.2, Time/Memory: 0.10,3184
Running EXPLC_M with kLevN for N=1000, M=9000, k=2, seed=1729...
      Average Passes: 2.1, Time/Memory: 0.09,4184
Running EXPLC_M with kLevN for N=1000, M=9000, k=5, seed=1729...
      Average Passes: 2.0, Time/Memory: 0.08,4192
Running EXPLC_M with kLevN for N=1000, M=9000, k=10, seed=1729...
      Average Passes: 1.0, Time/Memory: 0.02,4240
Running EXPLC_M with kPath0 for N=1000, M=10000, k=2, seed=1729...
      Average Passes: 8.0, Time/Memory: 0.25,4160
Running EXPLC_M with kPath0 for N=1000, M=10000, k=5, seed=1729...
      Average Passes: 4.1, Time/Memory: 0.14,4168
Running EXPLC_M with kPath0 for N=1000, M=10000, k=10, seed=1729...
      Average Passes: 3.3, Time/Memory: 0.12,5188
Running EXPLC_M with kPathN for N=1000, M=10000, k=2, seed=1729...
      Average Passes: 4.0, Time/Memory: 0.15,3124
Running EXPLC_M with kPathN for N=1000, M=10000, k=5, seed=1729...
      Average Passes: 2.3, Time/Memory: 0.10,4216
Running EXPLC_M with kPathN for N=1000, M=10000, k=10, seed=1729...
      Average Passes: 1.0, Time/Memory: 0.02,4160
Running EXPLC_M with kLev0 for N=1000, M=10000, k=2, seed=1729...
      Average Passes: 3.2, Time/Memory: 0.12,3148
Running EXPLC_M with kLev0 for N=1000, M=10000, k=5, seed=1729...
      Average Passes: 3.2, Time/Memory: 0.12,3132
Running EXPLC_M with kLev0 for N=1000, M=10000, k=10, seed=1729...
      Average Passes: 3.2, Time/Memory: 0.12,3148
Running EXPLC_M with kLevN for N=1000, M=10000, k=2, seed=1729...
      Average Passes: 2.1, Time/Memory: 0.10,4152
Running EXPLC_M with kLevN for N=1000, M=10000, k=5, seed=1729...
      Average Passes: 2.0, Time/Memory: 0.10,3156
Running EXPLC_M with kLevN for N=1000, M=10000, k=10, seed=1729...
      Average Passes: 1.0, Time/Memory: 0.03,4188
Running EXPLC_M with kPath0 for N=1000, M=11000, k=2, seed=1729...
      Average Passes: 7.9, Time/Memory: 0.26,4152
Running EXPLC_M with kPath0 for N=1000, M=11000, k=5, seed=1729...
      Average Passes: 4.4, Time/Memory: 0.16,3136
Running EXPLC_M with kPath0 for N=1000, M=11000, k=10, seed=1729...
      Average Passes: 3.3, Time/Memory: 0.13,5156
Running EXPLC_M with kPathN for N=1000, M=11000, k=2, seed=1729...
      Average Passes: 4.0, Time/Memory: 0.15,4180
Running EXPLC_M with kPathN for N=1000, M=11000, k=5, seed=1729...
      Average Passes: 2.5, Time/Memory: 0.11,5176
Running EXPLC_M with kPathN for N=1000, M=11000, k=10, seed=1729...
      Average Passes: 2.0, Time/Memory: 0.10,5188
Running EXPLC_M with kLev0 for N=1000, M=11000, k=2, seed=1729...
      Average Passes: 3.1, Time/Memory: 0.13,4156
Running EXPLC_M with kLev0 for N=1000, M=11000, k=5, seed=1729...
      Average Passes: 3.1, Time/Memory: 0.12,4144
Running EXPLC_M with kLev0 for N=1000, M=11000, k=10, seed=1729...
      Average Passes: 3.1, Time/Memory: 0.13,4156
Running EXPLC_M with kLevN for N=1000, M=11000, k=2, seed=1729...
      Average Passes: 2.0, Time/Memory: 0.10,4176
Running EXPLC_M with kLevN for N=1000, M=11000, k=5, seed=1729...
      Average Passes: 2.0, Time/Memory: 0.11,3148
Running EXPLC_M with kLevN for N=1000, M=11000, k=10, seed=1729...
      Average Passes: 2.0, Time/Memory: 0.11,5188
Running EXPLC_M with kPath0 for N=1000, M=12000, k=2, seed=1729...
      Average Passes: 8.2, Time/Memory: 0.29,3124
Running EXPLC_M with kPath0 for N=1000, M=12000, k=5, seed=1729...
      Average Passes: 4.2, Time/Memory: 0.16,4144
Running EXPLC_M with kPath0 for N=1000, M=12000, k=10, seed=1729...
      Average Passes: 3.3, Time/Memory: 0.14,4212
Running EXPLC_M with kPathN for N=1000, M=12000, k=2, seed=1729...
      Average Passes: 4.1, Time/Memory: 0.17,4184
Running EXPLC_M with kPathN for N=1000, M=12000, k=5, seed=1729...
      Average Passes: 2.9, Time/Memory: 0.13,5176
Running EXPLC_M with kPathN for N=1000, M=12000, k=10, seed=1729...
      Average Passes: 2.0, Time/Memory: 0.10,4172
Running EXPLC_M with kLev0 for N=1000, M=12000, k=2, seed=1729...
      Average Passes: 3.1, Time/Memory: 0.14,4192
Running EXPLC_M with kLev0 for N=1000, M=12000, k=5, seed=1729...
      Average Passes: 3.1, Time/Memory: 0.14,4160
Running EXPLC_M with kLev0 for N=1000, M=12000, k=10, seed=1729...
      Average Passes: 3.1, Time/Memory: 0.13,4144
Running EXPLC_M with kLevN for N=1000, M=12000, k=2, seed=1729...
      Average Passes: 2.0, Time/Memory: 0.11,4132
Running EXPLC_M with kLevN for N=1000, M=12000, k=5, seed=1729...
      Average Passes: 2.0, Time/Memory: 0.12,5208
Running EXPLC_M with kLevN for N=1000, M=12000, k=10, seed=1729...
      Average Passes: 2.0, Time/Memory: 0.13,4160
Running EXPLC_M with kPath0 for N=1000, M=13000, k=2, seed=1729...
      Average Passes: 8.6, Time/Memory: 0.33,4152
Running EXPLC_M with kPath0 for N=1000, M=13000, k=5, seed=1729...
      Average Passes: 4.5, Time/Memory: 0.19,5164
Running EXPLC_M with kPath0 for N=1000, M=13000, k=10, seed=1729...
      Average Passes: 3.3, Time/Memory: 0.14,4160
Running EXPLC_M with kPathN for N=1000, M=13000, k=2, seed=1729...
      Average Passes: 4.2, Time/Memory: 0.18,3172
Running EXPLC_M with kPathN for N=1000, M=13000, k=5, seed=1729...
      Average Passes: 2.9, Time/Memory: 0.14,5180
Running EXPLC_M with kPathN for N=1000, M=13000, k=10, seed=1729...
      Average Passes: 2.0, Time/Memory: 0.11,5212
Running EXPLC_M with kLev0 for N=1000, M=13000, k=2, seed=1729...
      Average Passes: 3.2, Time/Memory: 0.15,3120
Running EXPLC_M with kLev0 for N=1000, M=13000, k=5, seed=1729...
      Average Passes: 3.2, Time/Memory: 0.15,3172
Running EXPLC_M with kLev0 for N=1000, M=13000, k=10, seed=1729...
      Average Passes: 3.2, Time/Memory: 0.15,3188
Running EXPLC_M with kLevN for N=1000, M=13000, k=2, seed=1729...
      Average Passes: 2.1, Time/Memory: 0.12,3136
Running EXPLC_M with kLevN for N=1000, M=13000, k=5, seed=1729...
      Average Passes: 2.0, Time/Memory: 0.12,3152
Running EXPLC_M with kLevN for N=1000, M=13000, k=10, seed=1729...
      Average Passes: 2.0, Time/Memory: 0.13,4216
Running EXPLC_M with kPath0 for N=1000, M=14000, k=2, seed=1729...
      Average Passes: 8.9, Time/Memory: 0.36,3168
Running EXPLC_M with kPath0 for N=1000, M=14000, k=5, seed=1729...
      Average Passes: 4.6, Time/Memory: 0.20,4192
Running EXPLC_M with kPath0 for N=1000, M=14000, k=10, seed=1729...
      Average Passes: 3.3, Time/Memory: 0.15,4212
Running EXPLC_M with kPathN for N=1000, M=14000, k=2, seed=1729...
      Average Passes: 4.5, Time/Memory: 0.21,3192
Running EXPLC_M with kPathN for N=1000, M=14000, k=5, seed=1729...
      Average Passes: 3.0, Time/Memory: 0.15,5176
Running EXPLC_M with kPathN for N=1000, M=14000, k=10, seed=1729...
      Average Passes: 2.0, Time/Memory: 0.11,5172
Running EXPLC_M with kLev0 for N=1000, M=14000, k=2, seed=1729...
      Average Passes: 3.2, Time/Memory: 0.16,4148
Running EXPLC_M with kLev0 for N=1000, M=14000, k=5, seed=1729...
      Average Passes: 3.2, Time/Memory: 0.16,4188
Running EXPLC_M with kLev0 for N=1000, M=14000, k=10, seed=1729...
      Average Passes: 3.2, Time/Memory: 0.16,4132
Running EXPLC_M with kLevN for N=1000, M=14000, k=2, seed=1729...
      Average Passes: 2.1, Time/Memory: 0.12,4148
Running EXPLC_M with kLevN for N=1000, M=14000, k=5, seed=1729...
      Average Passes: 2.0, Time/Memory: 0.14,4152
Running EXPLC_M with kLevN for N=1000, M=14000, k=10, seed=1729...
      Average Passes: 2.0, Time/Memory: 0.14,5176
Running EXPLC_M with kPath0 for N=1000, M=15000, k=2, seed=1729...
      Average Passes: 8.9, Time/Memory: 0.38,4156
Running EXPLC_M with kPath0 for N=1000, M=15000, k=5, seed=1729...
      Average Passes: 4.6, Time/Memory: 0.21,4192
Running EXPLC_M with kPath0 for N=1000, M=15000, k=10, seed=1729...
      Average Passes: 3.5, Time/Memory: 0.17,5216
Running EXPLC_M with kPathN for N=1000, M=15000, k=2, seed=1729...
      Average Passes: 4.6, Time/Memory: 0.22,4152
Running EXPLC_M with kPathN for N=1000, M=15000, k=5, seed=1729...
      Average Passes: 3.0, Time/Memory: 0.16,5188
Running EXPLC_M with kPathN for N=1000, M=15000, k=10, seed=1729...
Graph already exists at: ./input/random_graphs/graph_1000_16000_POWLAW_6230961512046992311.txt
Graph already exists at: ./input/random_graphs/graph_1000_16000_POWLAW_7871178979383552919.txt
Graph already exists at: ./input/random_graphs/graph_1000_16000_POWLAW_5739955973604961613.txt
Graph already exists at: ./input/random_graphs/graph_1000_16000_POWLAW_3881801951614183357.txt
Graph already exists at: ./input/random_graphs/graph_1000_16000_POWLAW_7032710160631691991.txt
Graph already exists at: ./input/random_graphs/graph_1000_16000_POWLAW_7599700178212337699.txt
Graph already exists at: ./input/random_graphs/graph_1000_16000_POWLAW_1353182403971399009.txt
Graph already exists at: ./input/random_graphs/graph_1000_16000_POWLAW_1070244953599069350.txt
Graph already exists at: ./input/random_graphs/graph_1000_16000_POWLAW_6522163754831416203.txt
Graph already exists at: ./input/random_graphs/graph_1000_16000_POWLAW_6938562734920028532.txt
Graph already exists at: ./input/random_graphs/graph_1000_17000_POWLAW_6230961512046992311.txt
Graph already exists at: ./input/random_graphs/graph_1000_17000_POWLAW_7871178979383552919.txt
Graph already exists at: ./input/random_graphs/graph_1000_17000_POWLAW_5739955973604961613.txt
Graph already exists at: ./input/random_graphs/graph_1000_17000_POWLAW_3881801951614183357.txt
Graph already exists at: ./input/random_graphs/graph_1000_17000_POWLAW_7032710160631691991.txt
Graph already exists at: ./input/random_graphs/graph_1000_17000_POWLAW_7599700178212337699.txt
Graph already exists at: ./input/random_graphs/graph_1000_17000_POWLAW_1353182403971399009.txt
Graph already exists at: ./input/random_graphs/graph_1000_17000_POWLAW_1070244953599069350.txt
Graph already exists at: ./input/random_graphs/graph_1000_17000_POWLAW_6522163754831416203.txt
Graph already exists at: ./input/random_graphs/graph_1000_17000_POWLAW_6938562734920028532.txt
Graph already exists at: ./input/random_graphs/graph_1000_18000_POWLAW_6230961512046992311.txt
Graph already exists at: ./input/random_graphs/graph_1000_18000_POWLAW_7871178979383552919.txt
Graph already exists at: ./input/random_graphs/graph_1000_18000_POWLAW_5739955973604961613.txt
Graph already exists at: ./input/random_graphs/graph_1000_18000_POWLAW_3881801951614183357.txt
Graph already exists at: ./input/random_graphs/graph_1000_18000_POWLAW_7032710160631691991.txt
Graph already exists at: ./input/random_graphs/graph_1000_18000_POWLAW_7599700178212337699.txt
Graph already exists at: ./input/random_graphs/graph_1000_18000_POWLAW_1353182403971399009.txt
Graph already exists at: ./input/random_graphs/graph_1000_18000_POWLAW_1070244953599069350.txt
Graph already exists at: ./input/random_graphs/graph_1000_18000_POWLAW_6522163754831416203.txt
Graph already exists at: ./input/random_graphs/graph_1000_18000_POWLAW_6938562734920028532.txt
Graph already exists at: ./input/random_graphs/graph_1000_19000_POWLAW_6230961512046992311.txt
Graph already exists at: ./input/random_graphs/graph_1000_19000_POWLAW_7871178979383552919.txt
Graph already exists at: ./input/random_graphs/graph_1000_19000_POWLAW_5739955973604961613.txt
Graph already exists at: ./input/random_graphs/graph_1000_19000_POWLAW_3881801951614183357.txt
Graph already exists at: ./input/random_graphs/graph_1000_19000_POWLAW_7032710160631691991.txt
Graph already exists at: ./input/random_graphs/graph_1000_19000_POWLAW_7599700178212337699.txt
Graph already exists at: ./input/random_graphs/graph_1000_19000_POWLAW_1353182403971399009.txt
Graph already exists at: ./input/random_graphs/graph_1000_19000_POWLAW_1070244953599069350.txt
Graph already exists at: ./input/random_graphs/graph_1000_19000_POWLAW_6522163754831416203.txt
Graph already exists at: ./input/random_graphs/graph_1000_19000_POWLAW_6938562734920028532.txt
Graph already exists at: ./input/random_graphs/graph_1000_20000_POWLAW_6230961512046992311.txt
Graph already exists at: ./input/random_graphs/graph_1000_20000_POWLAW_7871178979383552919.txt
Graph already exists at: ./input/random_graphs/graph_1000_20000_POWLAW_5739955973604961613.txt
Graph already exists at: ./input/random_graphs/graph_1000_20000_POWLAW_3881801951614183357.txt
Graph already exists at: ./input/random_graphs/graph_1000_20000_POWLAW_7032710160631691991.txt
Graph already exists at: ./input/random_graphs/graph_1000_20000_POWLAW_7599700178212337699.txt
Graph already exists at: ./input/random_graphs/graph_1000_20000_POWLAW_1353182403971399009.txt
Graph already exists at: ./input/random_graphs/graph_1000_20000_POWLAW_1070244953599069350.txt
Graph already exists at: ./input/random_graphs/graph_1000_20000_POWLAW_6522163754831416203.txt
Graph already exists at: ./input/random_graphs/graph_1000_20000_POWLAW_6938562734920028532.txt
Graph already exists at: ./input/random_graphs/graph_1000_30000_POWLAW_6230961512046992311.txt
Graph already exists at: ./input/random_graphs/graph_1000_30000_POWLAW_7871178979383552919.txt
Graph already exists at: ./input/random_graphs/graph_1000_30000_POWLAW_5739955973604961613.txt
Graph already exists at: ./input/random_graphs/graph_1000_30000_POWLAW_3881801951614183357.txt
Graph already exists at: ./input/random_graphs/graph_1000_30000_POWLAW_7032710160631691991.txt
Graph already exists at: ./input/random_graphs/graph_1000_30000_POWLAW_7599700178212337699.txt
Graph already exists at: ./input/random_graphs/graph_1000_30000_POWLAW_1353182403971399009.txt
Graph already exists at: ./input/random_graphs/graph_1000_30000_POWLAW_1070244953599069350.txt
Graph already exists at: ./input/random_graphs/graph_1000_30000_POWLAW_6522163754831416203.txt
Graph already exists at: ./input/random_graphs/graph_1000_30000_POWLAW_6938562734920028532.txt
      Average Passes: 2.0, Time/Memory: 0.11,4196
Running EXPLC_M with kLev0 for N=1000, M=15000, k=2, seed=1729...
      Average Passes: 3.2, Time/Memory: 0.17,4188
Running EXPLC_M with kLev0 for N=1000, M=15000, k=5, seed=1729...
      Average Passes: 3.2, Time/Memory: 0.16,4152
Running EXPLC_M with kLev0 for N=1000, M=15000, k=10, seed=1729...
      Average Passes: 3.2, Time/Memory: 0.17,4152
Running EXPLC_M with kLevN for N=1000, M=15000, k=2, seed=1729...
      Average Passes: 2.0, Time/Memory: 0.14,3172
Running EXPLC_M with kLevN for N=1000, M=15000, k=5, seed=1729...
      Average Passes: 2.0, Time/Memory: 0.14,5212
Running EXPLC_M with kLevN for N=1000, M=15000, k=10, seed=1729...
      Average Passes: 2.0, Time/Memory: 0.16,4144
Running EXPLC_M with kPath0 for N=1000, M=16000, k=2, seed=1729...
      Average Passes: 9.4, Time/Memory: 0.42,3124
Running EXPLC_M with kPath0 for N=1000, M=16000, k=5, seed=1729...
      Average Passes: 4.7, Time/Memory: 0.22,5172
Running EXPLC_M with kPath0 for N=1000, M=16000, k=10, seed=1729...
      Average Passes: 3.5, Time/Memory: 0.18,5176
Running EXPLC_M with kPathN for N=1000, M=16000, k=2, seed=1729...
      Average Passes: 4.8, Time/Memory: 0.24,3128
Running EXPLC_M with kPathN for N=1000, M=16000, k=5, seed=1729...
      Average Passes: 3.0, Time/Memory: 0.16,5212
Running EXPLC_M with kPathN for N=1000, M=16000, k=10, seed=1729...
      Average Passes: 2.2, Time/Memory: 0.13,4220
Running EXPLC_M with kLev0 for N=1000, M=16000, k=2, seed=1729...
      Average Passes: 3.1, Time/Memory: 0.18,3140
Running EXPLC_M with kLev0 for N=1000, M=16000, k=5, seed=1729...
      Average Passes: 3.1, Time/Memory: 0.18,4192
Running EXPLC_M with kLev0 for N=1000, M=16000, k=10, seed=1729...
      Average Passes: 3.2, Time/Memory: 0.18,4136
Running EXPLC_M with kLevN for N=1000, M=16000, k=2, seed=1729...
      Average Passes: 2.1, Time/Memory: 0.14,3132
Running EXPLC_M with kLevN for N=1000, M=16000, k=5, seed=1729...
      Average Passes: 2.1, Time/Memory: 0.16,4220
Running EXPLC_M with kLevN for N=1000, M=16000, k=10, seed=1729...
      Average Passes: 2.0, Time/Memory: 0.16,5184
Running EXPLC_M with kPath0 for N=1000, M=17000, k=2, seed=1729...
      Average Passes: 9.6, Time/Memory: 0.46,4136
Running EXPLC_M with kPath0 for N=1000, M=17000, k=5, seed=1729...
      Average Passes: 4.8, Time/Memory: 0.24,5176
Running EXPLC_M with kPath0 for N=1000, M=17000, k=10, seed=1729...
      Average Passes: 3.6, Time/Memory: 0.19,4184
Running EXPLC_M with kPathN for N=1000, M=17000, k=2, seed=1729...
      Average Passes: 5.0, Time/Memory: 0.26,4136
Running EXPLC_M with kPathN for N=1000, M=17000, k=5, seed=1729...
      Average Passes: 3.0, Time/Memory: 0.16,5168
Running EXPLC_M with kPathN for N=1000, M=17000, k=10, seed=1729...
      Average Passes: 2.3, Time/Memory: 0.15,4184
Running EXPLC_M with kLev0 for N=1000, M=17000, k=2, seed=1729...
      Average Passes: 3.0, Time/Memory: 0.17,4188
Running EXPLC_M with kLev0 for N=1000, M=17000, k=5, seed=1729...
      Average Passes: 3.0, Time/Memory: 0.19,4144
Running EXPLC_M with kLev0 for N=1000, M=17000, k=10, seed=1729...
      Average Passes: 3.0, Time/Memory: 0.18,3140
Running EXPLC_M with kLevN for N=1000, M=17000, k=2, seed=1729...
      Average Passes: 2.1, Time/Memory: 0.15,3160
Running EXPLC_M with kLevN for N=1000, M=17000, k=5, seed=1729...
      Average Passes: 2.0, Time/Memory: 0.17,5184
Running EXPLC_M with kLevN for N=1000, M=17000, k=10, seed=1729...
      Average Passes: 2.0, Time/Memory: 0.17,5176
Running EXPLC_M with kPath0 for N=1000, M=18000, k=2, seed=1729...
      Average Passes: 10.2, Time/Memory: 0.51,3140
Running EXPLC_M with kPath0 for N=1000, M=18000, k=5, seed=1729...
      Average Passes: 4.9, Time/Memory: 0.26,5180
Running EXPLC_M with kPath0 for N=1000, M=18000, k=10, seed=1729...
      Average Passes: 3.6, Time/Memory: 0.20,4204
Running EXPLC_M with kPathN for N=1000, M=18000, k=2, seed=1729...
      Average Passes: 5.3, Time/Memory: 0.30,4156
Running EXPLC_M with kPathN for N=1000, M=18000, k=5, seed=1729...
      Average Passes: 3.0, Time/Memory: 0.18,4208
Running EXPLC_M with kPathN for N=1000, M=18000, k=10, seed=1729...
      Average Passes: 2.3, Time/Memory: 0.15,4152
Running EXPLC_M with kLev0 for N=1000, M=18000, k=2, seed=1729...
      Average Passes: 3.0, Time/Memory: 0.20,4176
Running EXPLC_M with kLev0 for N=1000, M=18000, k=5, seed=1729...
      Average Passes: 3.0, Time/Memory: 0.19,4152
Running EXPLC_M with kLev0 for N=1000, M=18000, k=10, seed=1729...
      Average Passes: 3.0, Time/Memory: 0.19,4148
Running EXPLC_M with kLevN for N=1000, M=18000, k=2, seed=1729...
      Average Passes: 2.1, Time/Memory: 0.16,3192
Running EXPLC_M with kLevN for N=1000, M=18000, k=5, seed=1729...
      Average Passes: 2.0, Time/Memory: 0.18,5216
Running EXPLC_M with kLevN for N=1000, M=18000, k=10, seed=1729...
      Average Passes: 2.0, Time/Memory: 0.17,5212
Running EXPLC_M with kPath0 for N=1000, M=19000, k=2, seed=1729...
      Average Passes: 10.3, Time/Memory: 0.53,4156
Running EXPLC_M with kPath0 for N=1000, M=19000, k=5, seed=1729...
      Average Passes: 5.4, Time/Memory: 0.31,4216
Running EXPLC_M with kPath0 for N=1000, M=19000, k=10, seed=1729...
      Average Passes: 3.6, Time/Memory: 0.21,5176
Running EXPLC_M with kPathN for N=1000, M=19000, k=2, seed=1729...
      Average Passes: 5.4, Time/Memory: 0.31,4152
Running EXPLC_M with kPathN for N=1000, M=19000, k=5, seed=1729...
      Average Passes: 3.0, Time/Memory: 0.19,5208
Running EXPLC_M with kPathN for N=1000, M=19000, k=10, seed=1729...
      Average Passes: 2.3, Time/Memory: 0.16,5216
Running EXPLC_M with kLev0 for N=1000, M=19000, k=2, seed=1729...
      Average Passes: 3.1, Time/Memory: 0.21,4156
Running EXPLC_M with kLev0 for N=1000, M=19000, k=5, seed=1729...
      Average Passes: 3.1, Time/Memory: 0.21,4180
Running EXPLC_M with kLev0 for N=1000, M=19000, k=10, seed=1729...
      Average Passes: 3.1, Time/Memory: 0.20,4156
Running EXPLC_M with kLevN for N=1000, M=19000, k=2, seed=1729...
      Average Passes: 2.0, Time/Memory: 0.17,4164
Running EXPLC_M with kLevN for N=1000, M=19000, k=5, seed=1729...
      Average Passes: 2.0, Time/Memory: 0.18,5172
Running EXPLC_M with kLevN for N=1000, M=19000, k=10, seed=1729...
      Average Passes: 2.0, Time/Memory: 0.19,4188
Running EXPLC_M with kPath0 for N=1000, M=20000, k=2, seed=1729...
      Average Passes: 10.7, Time/Memory: 0.58,3180
Running EXPLC_M with kPath0 for N=1000, M=20000, k=5, seed=1729...
      Average Passes: 5.4, Time/Memory: 0.32,5156
Running EXPLC_M with kPath0 for N=1000, M=20000, k=10, seed=1729...
      Average Passes: 3.7, Time/Memory: 0.23,5188
Running EXPLC_M with kPathN for N=1000, M=20000, k=2, seed=1729...
      Average Passes: 5.6, Time/Memory: 0.33,4172
Running EXPLC_M with kPathN for N=1000, M=20000, k=5, seed=1729...
      Average Passes: 3.3, Time/Memory: 0.22,4168
Running EXPLC_M with kPathN for N=1000, M=20000, k=10, seed=1729...
      Average Passes: 2.3, Time/Memory: 0.17,4208
Running EXPLC_M with kLev0 for N=1000, M=20000, k=2, seed=1729...
      Average Passes: 3.0, Time/Memory: 0.21,4188
Running EXPLC_M with kLev0 for N=1000, M=20000, k=5, seed=1729...
      Average Passes: 3.0, Time/Memory: 0.21,3132
Running EXPLC_M with kLev0 for N=1000, M=20000, k=10, seed=1729...
      Average Passes: 3.0, Time/Memory: 0.21,4136
Running EXPLC_M with kLevN for N=1000, M=20000, k=2, seed=1729...
      Average Passes: 2.1, Time/Memory: 0.17,4148
Running EXPLC_M with kLevN for N=1000, M=20000, k=5, seed=1729...
      Average Passes: 2.1, Time/Memory: 0.20,5160
Running EXPLC_M with kLevN for N=1000, M=20000, k=10, seed=1729...
      Average Passes: 2.0, Time/Memory: 0.20,4216
Running EXPLC_M with kPath0 for N=1000, M=30000, k=2, seed=1729...
      Average Passes: 13.1, Time/Memory: 1.04,3160
Running EXPLC_M with kPath0 for N=1000, M=30000, k=5, seed=1729...
      Average Passes: 6.6, Time/Memory: 0.54,5176
Running EXPLC_M with kPath0 for N=1000, M=30000, k=10, seed=1729...
      Average Passes: 4.4, Time/Memory: 0.38,4136
Running EXPLC_M with kPathN for N=1000, M=30000, k=2, seed=1729...
Graph already exists at: ./input/random_graphs/graph_1000_40000_POWLAW_6230961512046992311.txt
Graph already exists at: ./input/random_graphs/graph_1000_40000_POWLAW_7871178979383552919.txt
Graph already exists at: ./input/random_graphs/graph_1000_40000_POWLAW_5739955973604961613.txt
Graph already exists at: ./input/random_graphs/graph_1000_40000_POWLAW_3881801951614183357.txt
Graph already exists at: ./input/random_graphs/graph_1000_40000_POWLAW_7032710160631691991.txt
Graph already exists at: ./input/random_graphs/graph_1000_40000_POWLAW_7599700178212337699.txt
Graph already exists at: ./input/random_graphs/graph_1000_40000_POWLAW_1353182403971399009.txt
Graph already exists at: ./input/random_graphs/graph_1000_40000_POWLAW_1070244953599069350.txt
Graph already exists at: ./input/random_graphs/graph_1000_40000_POWLAW_6522163754831416203.txt
Graph already exists at: ./input/random_graphs/graph_1000_40000_POWLAW_6938562734920028532.txt
Graph already exists at: ./input/random_graphs/graph_1000_50000_POWLAW_6230961512046992311.txt
Graph already exists at: ./input/random_graphs/graph_1000_50000_POWLAW_7871178979383552919.txt
Graph already exists at: ./input/random_graphs/graph_1000_50000_POWLAW_5739955973604961613.txt
Graph already exists at: ./input/random_graphs/graph_1000_50000_POWLAW_3881801951614183357.txt
Graph already exists at: ./input/random_graphs/graph_1000_50000_POWLAW_7032710160631691991.txt
Graph already exists at: ./input/random_graphs/graph_1000_50000_POWLAW_7599700178212337699.txt
Graph already exists at: ./input/random_graphs/graph_1000_50000_POWLAW_1353182403971399009.txt
Graph already exists at: ./input/random_graphs/graph_1000_50000_POWLAW_1070244953599069350.txt
Graph already exists at: ./input/random_graphs/graph_1000_50000_POWLAW_6522163754831416203.txt
Graph already exists at: ./input/random_graphs/graph_1000_50000_POWLAW_6938562734920028532.txt
Graph already exists at: ./input/random_graphs/graph_1000_60000_POWLAW_6230961512046992311.txt
Graph already exists at: ./input/random_graphs/graph_1000_60000_POWLAW_7871178979383552919.txt
Graph already exists at: ./input/random_graphs/graph_1000_60000_POWLAW_5739955973604961613.txt
Graph already exists at: ./input/random_graphs/graph_1000_60000_POWLAW_3881801951614183357.txt
Graph already exists at: ./input/random_graphs/graph_1000_60000_POWLAW_7032710160631691991.txt
Graph already exists at: ./input/random_graphs/graph_1000_60000_POWLAW_7599700178212337699.txt
Graph already exists at: ./input/random_graphs/graph_1000_60000_POWLAW_1353182403971399009.txt
Graph already exists at: ./input/random_graphs/graph_1000_60000_POWLAW_1070244953599069350.txt
Graph already exists at: ./input/random_graphs/graph_1000_60000_POWLAW_6522163754831416203.txt
Graph already exists at: ./input/random_graphs/graph_1000_60000_POWLAW_6938562734920028532.txt
Graph already exists at: ./input/random_graphs/graph_1000_70000_POWLAW_6230961512046992311.txt
Graph already exists at: ./input/random_graphs/graph_1000_70000_POWLAW_7871178979383552919.txt
Graph already exists at: ./input/random_graphs/graph_1000_70000_POWLAW_5739955973604961613.txt
Graph already exists at: ./input/random_graphs/graph_1000_70000_POWLAW_3881801951614183357.txt
Graph already exists at: ./input/random_graphs/graph_1000_70000_POWLAW_7032710160631691991.txt
Graph already exists at: ./input/random_graphs/graph_1000_70000_POWLAW_7599700178212337699.txt
Graph already exists at: ./input/random_graphs/graph_1000_70000_POWLAW_1353182403971399009.txt
Graph already exists at: ./input/random_graphs/graph_1000_70000_POWLAW_1070244953599069350.txt
Graph already exists at: ./input/random_graphs/graph_1000_70000_POWLAW_6522163754831416203.txt
Graph already exists at: ./input/random_graphs/graph_1000_70000_POWLAW_6938562734920028532.txt
Graph already exists at: ./input/random_graphs/graph_1000_80000_POWLAW_6230961512046992311.txt
Graph already exists at: ./input/random_graphs/graph_1000_80000_POWLAW_7871178979383552919.txt
Graph already exists at: ./input/random_graphs/graph_1000_80000_POWLAW_5739955973604961613.txt
Graph already exists at: ./input/random_graphs/graph_1000_80000_POWLAW_3881801951614183357.txt
Graph already exists at: ./input/random_graphs/graph_1000_80000_POWLAW_7032710160631691991.txt
Graph already exists at: ./input/random_graphs/graph_1000_80000_POWLAW_7599700178212337699.txt
Graph already exists at: ./input/random_graphs/graph_1000_80000_POWLAW_1353182403971399009.txt
Graph already exists at: ./input/random_graphs/graph_1000_80000_POWLAW_1070244953599069350.txt
Graph already exists at: ./input/random_graphs/graph_1000_80000_POWLAW_6522163754831416203.txt
Graph already exists at: ./input/random_graphs/graph_1000_80000_POWLAW_6938562734920028532.txt
Graph already exists at: ./input/random_graphs/graph_1000_90000_POWLAW_6230961512046992311.txt
Graph already exists at: ./input/random_graphs/graph_1000_90000_POWLAW_7871178979383552919.txt
Graph already exists at: ./input/random_graphs/graph_1000_90000_POWLAW_5739955973604961613.txt
Graph already exists at: ./input/random_graphs/graph_1000_90000_POWLAW_3881801951614183357.txt
Graph already exists at: ./input/random_graphs/graph_1000_90000_POWLAW_7032710160631691991.txt
Graph already exists at: ./input/random_graphs/graph_1000_90000_POWLAW_7599700178212337699.txt
Graph already exists at: ./input/random_graphs/graph_1000_90000_POWLAW_1353182403971399009.txt
Graph already exists at: ./input/random_graphs/graph_1000_90000_POWLAW_1070244953599069350.txt
Graph already exists at: ./input/random_graphs/graph_1000_90000_POWLAW_6522163754831416203.txt
Graph already exists at: ./input/random_graphs/graph_1000_90000_POWLAW_6938562734920028532.txt
      Average Passes: 7.2, Time/Memory: 0.61,4148
Running EXPLC_M with kPathN for N=1000, M=30000, k=5, seed=1729...
      Average Passes: 4.5, Time/Memory: 0.41,5208
Running EXPLC_M with kPathN for N=1000, M=30000, k=10, seed=1729...
      Average Passes: 3.0, Time/Memory: 0.28,5180
Running EXPLC_M with kLev0 for N=1000, M=30000, k=2, seed=1729...
      Average Passes: 3.2, Time/Memory: 0.32,4144
Running EXPLC_M with kLev0 for N=1000, M=30000, k=5, seed=1729...
      Average Passes: 3.2, Time/Memory: 0.32,3124
Running EXPLC_M with kLev0 for N=1000, M=30000, k=10, seed=1729...
      Average Passes: 3.2, Time/Memory: 0.33,4156
Running EXPLC_M with kLevN for N=1000, M=30000, k=2, seed=1729...
      Average Passes: 2.2, Time/Memory: 0.26,4148
Running EXPLC_M with kLevN for N=1000, M=30000, k=5, seed=1729...
      Average Passes: 2.0, Time/Memory: 0.27,5168
Running EXPLC_M with kLevN for N=1000, M=30000, k=10, seed=1729...
      Average Passes: 2.0, Time/Memory: 0.30,5180
Running EXPLC_M with kPath0 for N=1000, M=40000, k=2, seed=1729...
      Average Passes: 16.8, Time/Memory: 1.73,3152
Running EXPLC_M with kPath0 for N=1000, M=40000, k=5, seed=1729...
      Average Passes: 7.9, Time/Memory: 0.84,5188
Running EXPLC_M with kPath0 for N=1000, M=40000, k=10, seed=1729...
      Average Passes: 5.3, Time/Memory: 0.59,5160
Running EXPLC_M with kPathN for N=1000, M=40000, k=2, seed=1729...
      Average Passes: 9.3, Time/Memory: 1.02,3220
Running EXPLC_M with kPathN for N=1000, M=40000, k=5, seed=1729...
      Average Passes: 5.2, Time/Memory: 0.59,5204
Running EXPLC_M with kPathN for N=1000, M=40000, k=10, seed=1729...
      Average Passes: 3.5, Time/Memory: 0.43,4244
Running EXPLC_M with kLev0 for N=1000, M=40000, k=2, seed=1729...
      Average Passes: 3.4, Time/Memory: 0.46,4148
Running EXPLC_M with kLev0 for N=1000, M=40000, k=5, seed=1729...
      Average Passes: 3.4, Time/Memory: 0.45,4132
Running EXPLC_M with kLev0 for N=1000, M=40000, k=10, seed=1729...
      Average Passes: 3.3, Time/Memory: 0.45,3148
Running EXPLC_M with kLevN for N=1000, M=40000, k=2, seed=1729...
      Average Passes: 2.2, Time/Memory: 0.35,4192
Running EXPLC_M with kLevN for N=1000, M=40000, k=5, seed=1729...
      Average Passes: 2.2, Time/Memory: 0.37,5216
Running EXPLC_M with kLevN for N=1000, M=40000, k=10, seed=1729...
      Average Passes: 2.1, Time/Memory: 0.39,5168
Running EXPLC_M with kPath0 for N=1000, M=50000, k=2, seed=1729...
      Average Passes: 19.8, Time/Memory: 2.57,4152
Running EXPLC_M with kPath0 for N=1000, M=50000, k=5, seed=1729...
      Average Passes: 8.9, Time/Memory: 1.17,5160
Running EXPLC_M with kPath0 for N=1000, M=50000, k=10, seed=1729...
      Average Passes: 6.1, Time/Memory: 0.83,5176
Running EXPLC_M with kPathN for N=1000, M=50000, k=2, seed=1729...
      Average Passes: 10.5, Time/Memory: 1.41,4188
Running EXPLC_M with kPathN for N=1000, M=50000, k=5, seed=1729...
      Average Passes: 6.0, Time/Memory: 0.82,4180
Running EXPLC_M with kPathN for N=1000, M=50000, k=10, seed=1729...
      Average Passes: 4.1, Time/Memory: 0.59,5180
Running EXPLC_M with kLev0 for N=1000, M=50000, k=2, seed=1729...
      Average Passes: 3.6, Time/Memory: 0.61,4184
Running EXPLC_M with kLev0 for N=1000, M=50000, k=5, seed=1729...
      Average Passes: 3.6, Time/Memory: 0.60,4156
Running EXPLC_M with kLev0 for N=1000, M=50000, k=10, seed=1729...
      Average Passes: 3.6, Time/Memory: 0.60,3144
Running EXPLC_M with kLevN for N=1000, M=50000, k=2, seed=1729...
      Average Passes: 2.3, Time/Memory: 0.45,3188
Running EXPLC_M with kLevN for N=1000, M=50000, k=5, seed=1729...
      Average Passes: 2.3, Time/Memory: 0.47,5168
Running EXPLC_M with kLevN for N=1000, M=50000, k=10, seed=1729...
      Average Passes: 2.2, Time/Memory: 0.49,5216
Running EXPLC_M with kPath0 for N=1000, M=60000, k=2, seed=1729...
      Average Passes: 21.5, Time/Memory: 3.27,4188
Running EXPLC_M with kPath0 for N=1000, M=60000, k=5, seed=1729...
      Average Passes: 10.1, Time/Memory: 1.56,4192
Running EXPLC_M with kPath0 for N=1000, M=60000, k=10, seed=1729...
      Average Passes: 6.4, Time/Memory: 1.03,4192
Running EXPLC_M with kPathN for N=1000, M=60000, k=2, seed=1729...
      Average Passes: 11.5, Time/Memory: 1.80,4192
Running EXPLC_M with kPathN for N=1000, M=60000, k=5, seed=1729...
      Average Passes: 6.4, Time/Memory: 1.04,4176
Running EXPLC_M with kPathN for N=1000, M=60000, k=10, seed=1729...
      Average Passes: 4.1, Time/Memory: 0.71,4176
Running EXPLC_M with kLev0 for N=1000, M=60000, k=2, seed=1729...
      Average Passes: 3.5, Time/Memory: 0.70,4152
Running EXPLC_M with kLev0 for N=1000, M=60000, k=5, seed=1729...
      Average Passes: 3.5, Time/Memory: 0.73,4164
Running EXPLC_M with kLev0 for N=1000, M=60000, k=10, seed=1729...
      Average Passes: 3.5, Time/Memory: 0.72,3192
Running EXPLC_M with kLevN for N=1000, M=60000, k=2, seed=1729...
      Average Passes: 2.1, Time/Memory: 0.50,4172
Running EXPLC_M with kLevN for N=1000, M=60000, k=5, seed=1729...
      Average Passes: 2.1, Time/Memory: 0.52,4148
Running EXPLC_M with kLevN for N=1000, M=60000, k=10, seed=1729...
      Average Passes: 2.2, Time/Memory: 0.57,5208
Running EXPLC_M with kPath0 for N=1000, M=70000, k=2, seed=1729...
      Average Passes: 22.7, Time/Memory: 4.05,4192
Running EXPLC_M with kPath0 for N=1000, M=70000, k=5, seed=1729...
      Average Passes: 10.5, Time/Memory: 1.94,5176
Running EXPLC_M with kPath0 for N=1000, M=70000, k=10, seed=1729...
      Average Passes: 6.8, Time/Memory: 1.29,4168
Running EXPLC_M with kPathN for N=1000, M=70000, k=2, seed=1729...
      Average Passes: 11.9, Time/Memory: 2.14,3196
Running EXPLC_M with kPathN for N=1000, M=70000, k=5, seed=1729...
      Average Passes: 6.7, Time/Memory: 1.29,5200
Running EXPLC_M with kPathN for N=1000, M=70000, k=10, seed=1729...
      Average Passes: 4.5, Time/Memory: 0.92,5160
Running EXPLC_M with kLev0 for N=1000, M=70000, k=2, seed=1729...
      Average Passes: 3.5, Time/Memory: 0.82,4184
Running EXPLC_M with kLev0 for N=1000, M=70000, k=5, seed=1729...
      Average Passes: 3.5, Time/Memory: 0.86,4136
Running EXPLC_M with kLev0 for N=1000, M=70000, k=10, seed=1729...
      Average Passes: 3.5, Time/Memory: 0.84,3136
Running EXPLC_M with kLevN for N=1000, M=70000, k=2, seed=1729...
      Average Passes: 2.2, Time/Memory: 0.61,4144
Running EXPLC_M with kLevN for N=1000, M=70000, k=5, seed=1729...
      Average Passes: 2.2, Time/Memory: 0.63,5180
Running EXPLC_M with kLevN for N=1000, M=70000, k=10, seed=1729...
      Average Passes: 2.1, Time/Memory: 0.64,5176
Running EXPLC_M with kPath0 for N=1000, M=80000, k=2, seed=1729...
      Average Passes: 23.8, Time/Memory: 4.89,3136
Running EXPLC_M with kPath0 for N=1000, M=80000, k=5, seed=1729...
      Average Passes: 11.2, Time/Memory: 2.29,4204
Running EXPLC_M with kPath0 for N=1000, M=80000, k=10, seed=1729...
      Average Passes: 7.0, Time/Memory: 1.47,5208
Running EXPLC_M with kPathN for N=1000, M=80000, k=2, seed=1729...
      Average Passes: 12.2, Time/Memory: 2.51,3184
Running EXPLC_M with kPathN for N=1000, M=80000, k=5, seed=1729...
      Average Passes: 7.0, Time/Memory: 1.49,5168
Running EXPLC_M with kPathN for N=1000, M=80000, k=10, seed=1729...
      Average Passes: 4.7, Time/Memory: 1.02,5212
Running EXPLC_M with kLev0 for N=1000, M=80000, k=2, seed=1729...
      Average Passes: 3.2, Time/Memory: 0.89,3144
Running EXPLC_M with kLev0 for N=1000, M=80000, k=5, seed=1729...
      Average Passes: 3.2, Time/Memory: 0.91,4184
Running EXPLC_M with kLev0 for N=1000, M=80000, k=10, seed=1729...
      Average Passes: 3.2, Time/Memory: 0.90,3172
Running EXPLC_M with kLevN for N=1000, M=80000, k=2, seed=1729...
      Average Passes: 2.1, Time/Memory: 0.67,4184
Running EXPLC_M with kLevN for N=1000, M=80000, k=5, seed=1729...
      Average Passes: 2.1, Time/Memory: 0.71,5196
Running EXPLC_M with kLevN for N=1000, M=80000, k=10, seed=1729...
      Average Passes: 2.1, Time/Memory: 0.73,4164
Running EXPLC_M with kPath0 for N=1000, M=90000, k=2, seed=1729...
      Average Passes: 25.0, Time/Memory: 5.61,4148
Running EXPLC_M with kPath0 for N=1000, M=90000, k=5, seed=1729...
Graph already exists at: ./input/random_graphs/graph_1000_100000_POWLAW_6230961512046992311.txt
Graph already exists at: ./input/random_graphs/graph_1000_100000_POWLAW_7871178979383552919.txt
Graph already exists at: ./input/random_graphs/graph_1000_100000_POWLAW_5739955973604961613.txt
Graph already exists at: ./input/random_graphs/graph_1000_100000_POWLAW_3881801951614183357.txt
Graph already exists at: ./input/random_graphs/graph_1000_100000_POWLAW_7032710160631691991.txt
Graph already exists at: ./input/random_graphs/graph_1000_100000_POWLAW_7599700178212337699.txt
Graph already exists at: ./input/random_graphs/graph_1000_100000_POWLAW_1353182403971399009.txt
Graph already exists at: ./input/random_graphs/graph_1000_100000_POWLAW_1070244953599069350.txt
Graph already exists at: ./input/random_graphs/graph_1000_100000_POWLAW_6522163754831416203.txt
Graph already exists at: ./input/random_graphs/graph_1000_100000_POWLAW_6938562734920028532.txt
Graph already exists at: ./input/random_graphs/graph_1000_200000_POWLAW_6230961512046992311.txt
Graph already exists at: ./input/random_graphs/graph_1000_200000_POWLAW_7871178979383552919.txt
Graph already exists at: ./input/random_graphs/graph_1000_200000_POWLAW_5739955973604961613.txt
Graph already exists at: ./input/random_graphs/graph_1000_200000_POWLAW_3881801951614183357.txt
Graph already exists at: ./input/random_graphs/graph_1000_200000_POWLAW_7032710160631691991.txt
Graph already exists at: ./input/random_graphs/graph_1000_200000_POWLAW_7599700178212337699.txt
Graph already exists at: ./input/random_graphs/graph_1000_200000_POWLAW_1353182403971399009.txt
Graph already exists at: ./input/random_graphs/graph_1000_200000_POWLAW_1070244953599069350.txt
Graph already exists at: ./input/random_graphs/graph_1000_200000_POWLAW_6522163754831416203.txt
Graph already exists at: ./input/random_graphs/graph_1000_200000_POWLAW_6938562734920028532.txt
Graph already exists at: ./input/random_graphs/graph_1000_300000_POWLAW_6230961512046992311.txt
Graph already exists at: ./input/random_graphs/graph_1000_300000_POWLAW_7871178979383552919.txt
Graph already exists at: ./input/random_graphs/graph_1000_300000_POWLAW_5739955973604961613.txt
Graph already exists at: ./input/random_graphs/graph_1000_300000_POWLAW_3881801951614183357.txt
Graph already exists at: ./input/random_graphs/graph_1000_300000_POWLAW_7032710160631691991.txt
Graph already exists at: ./input/random_graphs/graph_1000_300000_POWLAW_7599700178212337699.txt
Graph already exists at: ./input/random_graphs/graph_1000_300000_POWLAW_1353182403971399009.txt
Graph already exists at: ./input/random_graphs/graph_1000_300000_POWLAW_1070244953599069350.txt
Graph already exists at: ./input/random_graphs/graph_1000_300000_POWLAW_6522163754831416203.txt
Graph already exists at: ./input/random_graphs/graph_1000_300000_POWLAW_6938562734920028532.txt
Graph already exists at: ./input/random_graphs/graph_1000_400000_POWLAW_6230961512046992311.txt
Graph already exists at: ./input/random_graphs/graph_1000_400000_POWLAW_7871178979383552919.txt
Graph already exists at: ./input/random_graphs/graph_1000_400000_POWLAW_5739955973604961613.txt
Graph already exists at: ./input/random_graphs/graph_1000_400000_POWLAW_3881801951614183357.txt
Graph already exists at: ./input/random_graphs/graph_1000_400000_POWLAW_7032710160631691991.txt
Graph already exists at: ./input/random_graphs/graph_1000_400000_POWLAW_7599700178212337699.txt
Graph already exists at: ./input/random_graphs/graph_1000_400000_POWLAW_1353182403971399009.txt
Graph already exists at: ./input/random_graphs/graph_1000_400000_POWLAW_1070244953599069350.txt
Graph already exists at: ./input/random_graphs/graph_1000_400000_POWLAW_6522163754831416203.txt
Graph already exists at: ./input/random_graphs/graph_1000_400000_POWLAW_6938562734920028532.txt
      Average Passes: 11.3, Time/Memory: 2.64,5172
Running EXPLC_M with kPath0 for N=1000, M=90000, k=10, seed=1729...
      Average Passes: 7.2, Time/Memory: 1.70,4160
Running EXPLC_M with kPathN for N=1000, M=90000, k=2, seed=1729...
      Average Passes: 12.6, Time/Memory: 2.89,4136
Running EXPLC_M with kPathN for N=1000, M=90000, k=5, seed=1729...
      Average Passes: 7.0, Time/Memory: 1.66,5176
Running EXPLC_M with kPathN for N=1000, M=90000, k=10, seed=1729...
      Average Passes: 4.9, Time/Memory: 1.21,4160
Running EXPLC_M with kLev0 for N=1000, M=90000, k=2, seed=1729...
      Average Passes: 3.2, Time/Memory: 1.01,4176
Running EXPLC_M with kLev0 for N=1000, M=90000, k=5, seed=1729...
      Average Passes: 3.2, Time/Memory: 1.00,4152
Running EXPLC_M with kLev0 for N=1000, M=90000, k=10, seed=1729...
      Average Passes: 3.2, Time/Memory: 1.00,4152
Running EXPLC_M with kLevN for N=1000, M=90000, k=2, seed=1729...
      Average Passes: 2.1, Time/Memory: 0.77,3156
Running EXPLC_M with kLevN for N=1000, M=90000, k=5, seed=1729...
      Average Passes: 2.1, Time/Memory: 0.78,5204
Running EXPLC_M with kLevN for N=1000, M=90000, k=10, seed=1729...
      Average Passes: 2.1, Time/Memory: 0.83,5204
Running EXPLC_M with kPath0 for N=1000, M=100000, k=2, seed=1729...
      Average Passes: 25.0, Time/Memory: 6.31,4152
Running EXPLC_M with kPath0 for N=1000, M=100000, k=5, seed=1729...
      Average Passes: 11.4, Time/Memory: 2.93,5160
Running EXPLC_M with kPath0 for N=1000, M=100000, k=10, seed=1729...
      Average Passes: 7.4, Time/Memory: 1.92,5212
Running EXPLC_M with kPathN for N=1000, M=100000, k=2, seed=1729...
      Average Passes: 12.7, Time/Memory: 3.23,4156
Running EXPLC_M with kPathN for N=1000, M=100000, k=5, seed=1729...
      Average Passes: 7.2, Time/Memory: 1.92,5180
Running EXPLC_M with kPathN for N=1000, M=100000, k=10, seed=1729...
      Average Passes: 5.1, Time/Memory: 1.40,4160
Running EXPLC_M with kLev0 for N=1000, M=100000, k=2, seed=1729...
      Average Passes: 3.5, Time/Memory: 1.20,4172
Running EXPLC_M with kLev0 for N=1000, M=100000, k=5, seed=1729...
      Average Passes: 3.5, Time/Memory: 1.22,4184
Running EXPLC_M with kLev0 for N=1000, M=100000, k=10, seed=1729...
      Average Passes: 3.4, Time/Memory: 1.16,4152
Running EXPLC_M with kLevN for N=1000, M=100000, k=2, seed=1729...
      Average Passes: 2.1, Time/Memory: 0.85,4160
Running EXPLC_M with kLevN for N=1000, M=100000, k=5, seed=1729...
      Average Passes: 2.1, Time/Memory: 0.87,5160
Running EXPLC_M with kLevN for N=1000, M=100000, k=10, seed=1729...
      Average Passes: 2.2, Time/Memory: 0.92,5188
Running EXPLC_M with kPath0 for N=1000, M=200000, k=2, seed=1729...
      Average Passes: 28.4, Time/Memory: 14.32,4152
Running EXPLC_M with kPath0 for N=1000, M=200000, k=5, seed=1729...
      Average Passes: 13.3, Time/Memory: 6.74,4204
Running EXPLC_M with kPath0 for N=1000, M=200000, k=10, seed=1729...
      Average Passes: 8.7, Time/Memory: 4.51,5188
Running EXPLC_M with kPathN for N=1000, M=200000, k=2, seed=1729...
      Average Passes: 14.2, Time/Memory: 7.08,4148
Running EXPLC_M with kPathN for N=1000, M=200000, k=5, seed=1729...
      Average Passes: 8.1, Time/Memory: 4.21,5172
Running EXPLC_M with kPathN for N=1000, M=200000, k=10, seed=1729...
      Average Passes: 5.5, Time/Memory: 2.91,5176
Running EXPLC_M with kLev0 for N=1000, M=200000, k=2, seed=1729...
      Average Passes: 3.1, Time/Memory: 2.19,3156
Running EXPLC_M with kLev0 for N=1000, M=200000, k=5, seed=1729...
      Average Passes: 3.1, Time/Memory: 2.19,3152
Running EXPLC_M with kLev0 for N=1000, M=200000, k=10, seed=1729...
      Average Passes: 3.2, Time/Memory: 2.23,4180
Running EXPLC_M with kLevN for N=1000, M=200000, k=2, seed=1729...
      Average Passes: 2.0, Time/Memory: 1.62,4188
Running EXPLC_M with kLevN for N=1000, M=200000, k=5, seed=1729...
      Average Passes: 2.0, Time/Memory: 1.62,4216
Running EXPLC_M with kLevN for N=1000, M=200000, k=10, seed=1729...
      Average Passes: 2.0, Time/Memory: 1.66,4168
Running EXPLC_M with kPath0 for N=1000, M=300000, k=2, seed=1729...
      Average Passes: 30.3, Time/Memory: 22.91,4188
Running EXPLC_M with kPath0 for N=1000, M=300000, k=5, seed=1729...
      Average Passes: 14.6, Time/Memory: 11.75,5168
Running EXPLC_M with kPath0 for N=1000, M=300000, k=10, seed=1729...
      Average Passes: 9.2, Time/Memory: 7.51,5176
Running EXPLC_M with kPathN for N=1000, M=300000, k=2, seed=1729...
      Average Passes: 15.2, Time/Memory: 12.01,4184
Running EXPLC_M with kPathN for N=1000, M=300000, k=5, seed=1729...
      Average Passes: 8.5, Time/Memory: 6.85,5188
Running EXPLC_M with kPathN for N=1000, M=300000, k=10, seed=1729...
      Average Passes: 5.9, Time/Memory: 4.80,5172
Running EXPLC_M with kLev0 for N=1000, M=300000, k=2, seed=1729...
      Average Passes: 3.2, Time/Memory: 3.45,4184
Running EXPLC_M with kLev0 for N=1000, M=300000, k=5, seed=1729...
      Average Passes: 3.2, Time/Memory: 3.54,4180
Running EXPLC_M with kLev0 for N=1000, M=300000, k=10, seed=1729...
      Average Passes: 3.2, Time/Memory: 3.46,4172
Running EXPLC_M with kLevN for N=1000, M=300000, k=2, seed=1729...
      Average Passes: 2.0, Time/Memory: 2.65,3140
Running EXPLC_M with kLevN for N=1000, M=300000, k=5, seed=1729...
      Average Passes: 2.0, Time/Memory: 2.64,4208
Running EXPLC_M with kLevN for N=1000, M=300000, k=10, seed=1729...
      Average Passes: 2.0, Time/Memory: 2.61,4140
Running EXPLC_M with kPath0 for N=1000, M=400000, k=2, seed=1729...
      Average Passes: 31.2, Time/Memory: 33.61,3136
Running EXPLC_M with kPath0 for N=1000, M=400000, k=5, seed=1729...
      Average Passes: 15.6, Time/Memory: 16.80,4192
Running EXPLC_M with kPath0 for N=1000, M=400000, k=10, seed=1729...
      Average Passes: 9.9, Time/Memory: 10.74,5216
Running EXPLC_M with kPathN for N=1000, M=400000, k=2, seed=1729...
      Average Passes: 16.1, Time/Memory: 17.26,3132
Running EXPLC_M with kPathN for N=1000, M=400000, k=5, seed=1729...
      Average Passes: 9.0, Time/Memory: 9.94,4132
Running EXPLC_M with kPathN for N=1000, M=400000, k=10, seed=1729...
      Average Passes: 6.2, Time/Memory: 6.78,5188
Running EXPLC_M with kLev0 for N=1000, M=400000, k=2, seed=1729...
      Average Passes: 3.0, Time/Memory: 4.53,3188
Running EXPLC_M with kLev0 for N=1000, M=400000, k=5, seed=1729...
      Average Passes: 3.0, Time/Memory: 4.55,4160
Running EXPLC_M with kLev0 for N=1000, M=400000, k=10, seed=1729...
      Average Passes: 3.0, Time/Memory: 4.47,3188
Running EXPLC_M with kLevN for N=1000, M=400000, k=2, seed=1729...
      Average Passes: 2.0, Time/Memory: 3.40,4156
Running EXPLC_M with kLevN for N=1000, M=400000, k=5, seed=1729...
      Average Passes: 2.0, Time/Memory: 3.46,5212
Running EXPLC_M with kLevN for N=1000, M=400000, k=10, seed=1729...
      Average Passes: 2.0, Time/Memory: 3.58,4176
