Graph already exists at: ./input/random_graphs/graph_1000_100_POWLAW_6230961512046992311.txt
Graph already exists at: ./input/random_graphs/graph_1000_100_POWLAW_7871178979383552919.txt
Graph already exists at: ./input/random_graphs/graph_1000_100_POWLAW_5739955973604961613.txt
Graph already exists at: ./input/random_graphs/graph_1000_100_POWLAW_3881801951614183357.txt
Graph already exists at: ./input/random_graphs/graph_1000_100_POWLAW_7032710160631691991.txt
Graph already exists at: ./input/random_graphs/graph_1000_100_POWLAW_7599700178212337699.txt
Graph already exists at: ./input/random_graphs/graph_1000_100_POWLAW_1353182403971399009.txt
Graph already exists at: ./input/random_graphs/graph_1000_100_POWLAW_1070244953599069350.txt
Graph already exists at: ./input/random_graphs/graph_1000_100_POWLAW_6522163754831416203.txt
Graph already exists at: ./input/random_graphs/graph_1000_100_POWLAW_6938562734920028532.txt
Graph already exists at: ./input/random_graphs/graph_1000_200_POWLAW_6230961512046992311.txt
Graph already exists at: ./input/random_graphs/graph_1000_200_POWLAW_7871178979383552919.txt
Graph already exists at: ./input/random_graphs/graph_1000_200_POWLAW_5739955973604961613.txt
Graph already exists at: ./input/random_graphs/graph_1000_200_POWLAW_3881801951614183357.txt
Graph already exists at: ./input/random_graphs/graph_1000_200_POWLAW_7032710160631691991.txt
Graph already exists at: ./input/random_graphs/graph_1000_200_POWLAW_7599700178212337699.txt
Graph already exists at: ./input/random_graphs/graph_1000_200_POWLAW_1353182403971399009.txt
Graph already exists at: ./input/random_graphs/graph_1000_200_POWLAW_1070244953599069350.txt
Graph already exists at: ./input/random_graphs/graph_1000_200_POWLAW_6522163754831416203.txt
Graph already exists at: ./input/random_graphs/graph_1000_200_POWLAW_6938562734920028532.txt
Graph already exists at: ./input/random_graphs/graph_1000_300_POWLAW_6230961512046992311.txt
Graph already exists at: ./input/random_graphs/graph_1000_300_POWLAW_7871178979383552919.txt
Graph already exists at: ./input/random_graphs/graph_1000_300_POWLAW_5739955973604961613.txt
Graph already exists at: ./input/random_graphs/graph_1000_300_POWLAW_3881801951614183357.txt
Graph already exists at: ./input/random_graphs/graph_1000_300_POWLAW_7032710160631691991.txt
Graph already exists at: ./input/random_graphs/graph_1000_300_POWLAW_7599700178212337699.txt
Graph already exists at: ./input/random_graphs/graph_1000_300_POWLAW_1353182403971399009.txt
Graph already exists at: ./input/random_graphs/graph_1000_300_POWLAW_1070244953599069350.txt
Graph already exists at: ./input/random_graphs/graph_1000_300_POWLAW_6522163754831416203.txt
Graph already exists at: ./input/random_graphs/graph_1000_300_POWLAW_6938562734920028532.txt
Graph already exists at: ./input/random_graphs/graph_1000_400_POWLAW_6230961512046992311.txt
Graph already exists at: ./input/random_graphs/graph_1000_400_POWLAW_7871178979383552919.txt
Graph already exists at: ./input/random_graphs/graph_1000_400_POWLAW_5739955973604961613.txt
Graph already exists at: ./input/random_graphs/graph_1000_400_POWLAW_3881801951614183357.txt
Graph already exists at: ./input/random_graphs/graph_1000_400_POWLAW_7032710160631691991.txt
Graph already exists at: ./input/random_graphs/graph_1000_400_POWLAW_7599700178212337699.txt
Graph already exists at: ./input/random_graphs/graph_1000_400_POWLAW_1353182403971399009.txt
Graph already exists at: ./input/random_graphs/graph_1000_400_POWLAW_1070244953599069350.txt
Graph already exists at: ./input/random_graphs/graph_1000_400_POWLAW_6522163754831416203.txt
Graph already exists at: ./input/random_graphs/graph_1000_400_POWLAW_6938562734920028532.txt
Graph already exists at: ./input/random_graphs/graph_1000_500_POWLAW_6230961512046992311.txt
Graph already exists at: ./input/random_graphs/graph_1000_500_POWLAW_7871178979383552919.txt
Graph already exists at: ./input/random_graphs/graph_1000_500_POWLAW_5739955973604961613.txt
Graph already exists at: ./input/random_graphs/graph_1000_500_POWLAW_3881801951614183357.txt
Graph already exists at: ./input/random_graphs/graph_1000_500_POWLAW_7032710160631691991.txt
Graph already exists at: ./input/random_graphs/graph_1000_500_POWLAW_7599700178212337699.txt
Graph already exists at: ./input/random_graphs/graph_1000_500_POWLAW_1353182403971399009.txt
Graph already exists at: ./input/random_graphs/graph_1000_500_POWLAW_1070244953599069350.txt
Graph already exists at: ./input/random_graphs/graph_1000_500_POWLAW_6522163754831416203.txt
Graph already exists at: ./input/random_graphs/graph_1000_500_POWLAW_6938562734920028532.txt
Graph already exists at: ./input/random_graphs/graph_1000_600_POWLAW_6230961512046992311.txt
Graph already exists at: ./input/random_graphs/graph_1000_600_POWLAW_7871178979383552919.txt
Graph already exists at: ./input/random_graphs/graph_1000_600_POWLAW_5739955973604961613.txt
Graph already exists at: ./input/random_graphs/graph_1000_600_POWLAW_3881801951614183357.txt
Graph already exists at: ./input/random_graphs/graph_1000_600_POWLAW_7032710160631691991.txt
Graph already exists at: ./input/random_graphs/graph_1000_600_POWLAW_7599700178212337699.txt
Graph already exists at: ./input/random_graphs/graph_1000_600_POWLAW_1353182403971399009.txt
Graph already exists at: ./input/random_graphs/graph_1000_600_POWLAW_1070244953599069350.txt
Graph already exists at: ./input/random_graphs/graph_1000_600_POWLAW_6522163754831416203.txt
Graph already exists at: ./input/random_graphs/graph_1000_600_POWLAW_6938562734920028532.txt
Graph already exists at: ./input/random_graphs/graph_1000_700_POWLAW_6230961512046992311.txt
Graph already exists at: ./input/random_graphs/graph_1000_700_POWLAW_7871178979383552919.txt
Graph already exists at: ./input/random_graphs/graph_1000_700_POWLAW_5739955973604961613.txt
Graph already exists at: ./input/random_graphs/graph_1000_700_POWLAW_3881801951614183357.txt
Graph already exists at: ./input/random_graphs/graph_1000_700_POWLAW_7032710160631691991.txt
Graph already exists at: ./input/random_graphs/graph_1000_700_POWLAW_7599700178212337699.txt
Graph already exists at: ./input/random_graphs/graph_1000_700_POWLAW_1353182403971399009.txt
Graph already exists at: ./input/random_graphs/graph_1000_700_POWLAW_1070244953599069350.txt
Graph already exists at: ./input/random_graphs/graph_1000_700_POWLAW_6522163754831416203.txt
Graph already exists at: ./input/random_graphs/graph_1000_700_POWLAW_6938562734920028532.txt
Graph already exists at: ./input/random_graphs/graph_1000_800_POWLAW_6230961512046992311.txt
Graph already exists at: ./input/random_graphs/graph_1000_800_POWLAW_7871178979383552919.txt
Graph already exists at: ./input/random_graphs/graph_1000_800_POWLAW_5739955973604961613.txt
Graph already exists at: ./input/random_graphs/graph_1000_800_POWLAW_3881801951614183357.txt
Graph already exists at: ./input/random_graphs/graph_1000_800_POWLAW_7032710160631691991.txt
Graph already exists at: ./input/random_graphs/graph_1000_800_POWLAW_7599700178212337699.txt
Graph already exists at: ./input/random_graphs/graph_1000_800_POWLAW_1353182403971399009.txt
Graph already exists at: ./input/random_graphs/graph_1000_800_POWLAW_1070244953599069350.txt
Graph already exists at: ./input/random_graphs/graph_1000_800_POWLAW_6522163754831416203.txt
Graph already exists at: ./input/random_graphs/graph_1000_800_POWLAW_6938562734920028532.txt
Graph already exists at: ./input/random_graphs/graph_1000_900_POWLAW_6230961512046992311.txt
Graph already exists at: ./input/random_graphs/graph_1000_900_POWLAW_7871178979383552919.txt
Graph already exists at: ./input/random_graphs/graph_1000_900_POWLAW_5739955973604961613.txt
Graph already exists at: ./input/random_graphs/graph_1000_900_POWLAW_3881801951614183357.txt
Graph already exists at: ./input/random_graphs/graph_1000_900_POWLAW_7032710160631691991.txt
Graph already exists at: ./input/random_graphs/graph_1000_900_POWLAW_7599700178212337699.txt
Graph already exists at: ./input/random_graphs/graph_1000_900_POWLAW_1353182403971399009.txt
Graph already exists at: ./input/random_graphs/graph_1000_900_POWLAW_1070244953599069350.txt
Graph already exists at: ./input/random_graphs/graph_1000_900_POWLAW_6522163754831416203.txt
Graph already exists at: ./input/random_graphs/graph_1000_900_POWLAW_6938562734920028532.txt
Graph already exists at: ./input/random_graphs/graph_1000_1000_POWLAW_6230961512046992311.txt
Graph already exists at: ./input/random_graphs/graph_1000_1000_POWLAW_7871178979383552919.txt
Graph already exists at: ./input/random_graphs/graph_1000_1000_POWLAW_5739955973604961613.txt
Graph already exists at: ./input/random_graphs/graph_1000_1000_POWLAW_3881801951614183357.txt
Graph already exists at: ./input/random_graphs/graph_1000_1000_POWLAW_7032710160631691991.txt
Graph already exists at: ./input/random_graphs/graph_1000_1000_POWLAW_7599700178212337699.txt
Graph already exists at: ./input/random_graphs/graph_1000_1000_POWLAW_1353182403971399009.txt
Graph already exists at: ./input/random_graphs/graph_1000_1000_POWLAW_1070244953599069350.txt
Graph already exists at: ./input/random_graphs/graph_1000_1000_POWLAW_6522163754831416203.txt
Graph already exists at: ./input/random_graphs/graph_1000_1000_POWLAW_6938562734920028532.txt
Graph already exists at: ./input/random_graphs/graph_1000_2000_POWLAW_6230961512046992311.txt
Graph already exists at: ./input/random_graphs/graph_1000_2000_POWLAW_7871178979383552919.txt
Graph already exists at: ./input/random_graphs/graph_1000_2000_POWLAW_5739955973604961613.txt
Graph already exists at: ./input/random_graphs/graph_1000_2000_POWLAW_3881801951614183357.txt
Graph already exists at: ./input/random_graphs/graph_1000_2000_POWLAW_7032710160631691991.txt
Graph already exists at: ./input/random_graphs/graph_1000_2000_POWLAW_7599700178212337699.txt
Graph already exists at: ./input/random_graphs/graph_1000_2000_POWLAW_1353182403971399009.txt
Graph already exists at: ./input/random_graphs/graph_1000_2000_POWLAW_1070244953599069350.txt
Graph already exists at: ./input/random_graphs/graph_1000_2000_POWLAW_6522163754831416203.txt
Graph already exists at: ./input/random_graphs/graph_1000_2000_POWLAW_6938562734920028532.txt
Graph already exists at: ./input/random_graphs/graph_1000_3000_POWLAW_6230961512046992311.txt
Graph already exists at: ./input/random_graphs/graph_1000_3000_POWLAW_7871178979383552919.txt
Graph already exists at: ./input/random_graphs/graph_1000_3000_POWLAW_5739955973604961613.txt
Graph already exists at: ./input/random_graphs/graph_1000_3000_POWLAW_3881801951614183357.txt
Graph already exists at: ./input/random_graphs/graph_1000_3000_POWLAW_7032710160631691991.txt
Graph already exists at: ./input/random_graphs/graph_1000_3000_POWLAW_7599700178212337699.txt
Graph already exists at: ./input/random_graphs/graph_1000_3000_POWLAW_1353182403971399009.txt
Graph already exists at: ./input/random_graphs/graph_1000_3000_POWLAW_1070244953599069350.txt
Graph already exists at: ./input/random_graphs/graph_1000_3000_POWLAW_6522163754831416203.txt
Graph already exists at: ./input/random_graphs/graph_1000_3000_POWLAW_6938562734920028532.txt
Graph already exists at: ./input/random_graphs/graph_1000_4000_POWLAW_6230961512046992311.txt
Graph already exists at: ./input/random_graphs/graph_1000_4000_POWLAW_7871178979383552919.txt
Graph already exists at: ./input/random_graphs/graph_1000_4000_POWLAW_5739955973604961613.txt
Graph already exists at: ./input/random_graphs/graph_1000_4000_POWLAW_3881801951614183357.txt
Graph already exists at: ./input/random_graphs/graph_1000_4000_POWLAW_7032710160631691991.txt
Graph already exists at: ./input/random_graphs/graph_1000_4000_POWLAW_7599700178212337699.txt
Graph already exists at: ./input/random_graphs/graph_1000_4000_POWLAW_1353182403971399009.txt
Graph already exists at: ./input/random_graphs/graph_1000_4000_POWLAW_1070244953599069350.txt
Graph already exists at: ./input/random_graphs/graph_1000_4000_POWLAW_6522163754831416203.txt
Graph already exists at: ./input/random_graphs/graph_1000_4000_POWLAW_6938562734920028532.txt
Graph already exists at: ./input/random_graphs/graph_1000_5000_POWLAW_6230961512046992311.txt
Graph already exists at: ./input/random_graphs/graph_1000_5000_POWLAW_7871178979383552919.txt
Graph already exists at: ./input/random_graphs/graph_1000_5000_POWLAW_5739955973604961613.txt
Graph already exists at: ./input/random_graphs/graph_1000_5000_POWLAW_3881801951614183357.txt
Graph already exists at: ./input/random_graphs/graph_1000_5000_POWLAW_7032710160631691991.txt
Graph already exists at: ./input/random_graphs/graph_1000_5000_POWLAW_7599700178212337699.txt
Graph already exists at: ./input/random_graphs/graph_1000_5000_POWLAW_1353182403971399009.txt
Graph already exists at: ./input/random_graphs/graph_1000_5000_POWLAW_1070244953599069350.txt
Graph already exists at: ./input/random_graphs/graph_1000_5000_POWLAW_6522163754831416203.txt
Graph already exists at: ./input/random_graphs/graph_1000_5000_POWLAW_6938562734920028532.txt
Graph already exists at: ./input/random_graphs/graph_1000_6000_POWLAW_6230961512046992311.txt
Graph already exists at: ./input/random_graphs/graph_1000_6000_POWLAW_7871178979383552919.txt
Graph already exists at: ./input/random_graphs/graph_1000_6000_POWLAW_5739955973604961613.txt
Graph already exists at: ./input/random_graphs/graph_1000_6000_POWLAW_3881801951614183357.txt
Graph already exists at: ./input/random_graphs/graph_1000_6000_POWLAW_7032710160631691991.txt
Graph already exists at: ./input/random_graphs/graph_1000_6000_POWLAW_7599700178212337699.txt
Graph already exists at: ./input/random_graphs/graph_1000_6000_POWLAW_1353182403971399009.txt
Graph already exists at: ./input/random_graphs/graph_1000_6000_POWLAW_1070244953599069350.txt
Graph already exists at: ./input/random_graphs/graph_1000_6000_POWLAW_6522163754831416203.txt
Graph already exists at: ./input/random_graphs/graph_1000_6000_POWLAW_6938562734920028532.txt
Graph already exists at: ./input/random_graphs/graph_1000_7000_POWLAW_6230961512046992311.txt
Graph already exists at: ./input/random_graphs/graph_1000_7000_POWLAW_7871178979383552919.txt
Graph already exists at: ./input/random_graphs/graph_1000_7000_POWLAW_5739955973604961613.txt
Graph already exists at: ./input/random_graphs/graph_1000_7000_POWLAW_3881801951614183357.txt
Graph already exists at: ./input/random_graphs/graph_1000_7000_POWLAW_7032710160631691991.txt
Graph already exists at: ./input/random_graphs/graph_1000_7000_POWLAW_7599700178212337699.txt
Graph already exists at: ./input/random_graphs/graph_1000_7000_POWLAW_1353182403971399009.txt
Graph already exists at: ./input/random_graphs/graph_1000_7000_POWLAW_1070244953599069350.txt
Graph already exists at: ./input/random_graphs/graph_1000_7000_POWLAW_6522163754831416203.txt
Graph already exists at: ./input/random_graphs/graph_1000_7000_POWLAW_6938562734920028532.txt
Graph already exists at: ./input/random_graphs/graph_1000_8000_POWLAW_6230961512046992311.txt
Graph already exists at: ./input/random_graphs/graph_1000_8000_POWLAW_7871178979383552919.txt
Graph already exists at: ./input/random_graphs/graph_1000_8000_POWLAW_5739955973604961613.txt
Graph already exists at: ./input/random_graphs/graph_1000_8000_POWLAW_3881801951614183357.txt
Graph already exists at: ./input/random_graphs/graph_1000_8000_POWLAW_7032710160631691991.txt
Graph already exists at: ./input/random_graphs/graph_1000_8000_POWLAW_7599700178212337699.txt
Graph already exists at: ./input/random_graphs/graph_1000_8000_POWLAW_1353182403971399009.txt
Graph already exists at: ./input/random_graphs/graph_1000_8000_POWLAW_1070244953599069350.txt
Graph already exists at: ./input/random_graphs/graph_1000_8000_POWLAW_6522163754831416203.txt
Graph already exists at: ./input/random_graphs/graph_1000_8000_POWLAW_6938562734920028532.txt
Graph already exists at: ./input/random_graphs/graph_1000_9000_POWLAW_6230961512046992311.txt
Graph already exists at: ./input/random_graphs/graph_1000_9000_POWLAW_7871178979383552919.txt
Graph already exists at: ./input/random_graphs/graph_1000_9000_POWLAW_5739955973604961613.txt
Graph already exists at: ./input/random_graphs/graph_1000_9000_POWLAW_3881801951614183357.txt
Graph already exists at: ./input/random_graphs/graph_1000_9000_POWLAW_7032710160631691991.txt
Graph already exists at: ./input/random_graphs/graph_1000_9000_POWLAW_7599700178212337699.txt
Graph already exists at: ./input/random_graphs/graph_1000_9000_POWLAW_1353182403971399009.txt
Graph already exists at: ./input/random_graphs/graph_1000_9000_POWLAW_1070244953599069350.txt
Graph already exists at: ./input/random_graphs/graph_1000_9000_POWLAW_6522163754831416203.txt
Graph already exists at: ./input/random_graphs/graph_1000_9000_POWLAW_6938562734920028532.txt
Graph already exists at: ./input/random_graphs/graph_1000_10000_POWLAW_6230961512046992311.txt
Graph already exists at: ./input/random_graphs/graph_1000_10000_POWLAW_7871178979383552919.txt
Graph already exists at: ./input/random_graphs/graph_1000_10000_POWLAW_5739955973604961613.txt
Graph already exists at: ./input/random_graphs/graph_1000_10000_POWLAW_3881801951614183357.txt
Graph already exists at: ./input/random_graphs/graph_1000_10000_POWLAW_7032710160631691991.txt
Graph already exists at: ./input/random_graphs/graph_1000_10000_POWLAW_7599700178212337699.txt
Graph already exists at: ./input/random_graphs/graph_1000_10000_POWLAW_1353182403971399009.txt
Graph already exists at: ./input/random_graphs/graph_1000_10000_POWLAW_1070244953599069350.txt
Graph already exists at: ./input/random_graphs/graph_1000_10000_POWLAW_6522163754831416203.txt
Graph already exists at: ./input/random_graphs/graph_1000_10000_POWLAW_6938562734920028532.txt
Graph already exists at: ./input/random_graphs/graph_1000_11000_POWLAW_6230961512046992311.txt
Graph already exists at: ./input/random_graphs/graph_1000_11000_POWLAW_7871178979383552919.txt
Graph already exists at: ./input/random_graphs/graph_1000_11000_POWLAW_5739955973604961613.txt
Graph already exists at: ./input/random_graphs/graph_1000_11000_POWLAW_3881801951614183357.txt
Graph already exists at: ./input/random_graphs/graph_1000_11000_POWLAW_7032710160631691991.txt
Graph already exists at: ./input/random_graphs/graph_1000_11000_POWLAW_7599700178212337699.txt
Graph already exists at: ./input/random_graphs/graph_1000_11000_POWLAW_1353182403971399009.txt
Graph already exists at: ./input/random_graphs/graph_1000_11000_POWLAW_1070244953599069350.txt
Graph already exists at: ./input/random_graphs/graph_1000_11000_POWLAW_6522163754831416203.txt
Graph already exists at: ./input/random_graphs/graph_1000_11000_POWLAW_6938562734920028532.txt
Graph already exists at: ./input/random_graphs/graph_1000_12000_POWLAW_6230961512046992311.txt
Graph already exists at: ./input/random_graphs/graph_1000_12000_POWLAW_7871178979383552919.txt
Graph already exists at: ./input/random_graphs/graph_1000_12000_POWLAW_5739955973604961613.txt
Graph already exists at: ./input/random_graphs/graph_1000_12000_POWLAW_3881801951614183357.txt
Graph already exists at: ./input/random_graphs/graph_1000_12000_POWLAW_7032710160631691991.txt
Graph already exists at: ./input/random_graphs/graph_1000_12000_POWLAW_7599700178212337699.txt
Graph already exists at: ./input/random_graphs/graph_1000_12000_POWLAW_1353182403971399009.txt
Graph already exists at: ./input/random_graphs/graph_1000_12000_POWLAW_1070244953599069350.txt
Graph already exists at: ./input/random_graphs/graph_1000_12000_POWLAW_6522163754831416203.txt
Graph already exists at: ./input/random_graphs/graph_1000_12000_POWLAW_6938562734920028532.txt
Graph already exists at: ./input/random_graphs/graph_1000_13000_POWLAW_6230961512046992311.txt
Graph already exists at: ./input/random_graphs/graph_1000_13000_POWLAW_7871178979383552919.txt
Graph already exists at: ./input/random_graphs/graph_1000_13000_POWLAW_5739955973604961613.txt
Graph already exists at: ./input/random_graphs/graph_1000_13000_POWLAW_3881801951614183357.txt
Graph already exists at: ./input/random_graphs/graph_1000_13000_POWLAW_7032710160631691991.txt
Graph already exists at: ./input/random_graphs/graph_1000_13000_POWLAW_7599700178212337699.txt
Graph already exists at: ./input/random_graphs/graph_1000_13000_POWLAW_1353182403971399009.txt
Graph already exists at: ./input/random_graphs/graph_1000_13000_POWLAW_1070244953599069350.txt
Graph already exists at: ./input/random_graphs/graph_1000_13000_POWLAW_6522163754831416203.txt
Graph already exists at: ./input/random_graphs/graph_1000_13000_POWLAW_6938562734920028532.txt
Graph already exists at: ./input/random_graphs/graph_1000_14000_POWLAW_6230961512046992311.txt
Graph already exists at: ./input/random_graphs/graph_1000_14000_POWLAW_7871178979383552919.txt
Graph already exists at: ./input/random_graphs/graph_1000_14000_POWLAW_5739955973604961613.txt
Graph already exists at: ./input/random_graphs/graph_1000_14000_POWLAW_3881801951614183357.txt
Graph already exists at: ./input/random_graphs/graph_1000_14000_POWLAW_7032710160631691991.txt
Graph already exists at: ./input/random_graphs/graph_1000_14000_POWLAW_7599700178212337699.txt
Graph already exists at: ./input/random_graphs/graph_1000_14000_POWLAW_1353182403971399009.txt
Graph already exists at: ./input/random_graphs/graph_1000_14000_POWLAW_1070244953599069350.txt
Graph already exists at: ./input/random_graphs/graph_1000_14000_POWLAW_6522163754831416203.txt
Graph already exists at: ./input/random_graphs/graph_1000_14000_POWLAW_6938562734920028532.txt
Graph already exists at: ./input/random_graphs/graph_1000_15000_POWLAW_6230961512046992311.txt
Graph already exists at: ./input/random_graphs/graph_1000_15000_POWLAW_7871178979383552919.txt
Graph already exists at: ./input/random_graphs/graph_1000_15000_POWLAW_5739955973604961613.txt
Graph already exists at: ./input/random_graphs/graph_1000_15000_POWLAW_3881801951614183357.txt
Graph already exists at: ./input/random_graphs/graph_1000_15000_POWLAW_7032710160631691991.txt
Graph already exists at: ./input/random_graphs/graph_1000_15000_POWLAW_7599700178212337699.txt
Graph already exists at: ./input/random_graphs/graph_1000_15000_POWLAW_1353182403971399009.txt
Graph already exists at: ./input/random_graphs/graph_1000_15000_POWLAW_1070244953599069350.txt
Graph already exists at: ./input/random_graphs/graph_1000_15000_POWLAW_6522163754831416203.txt
Graph already exists at: ./input/random_graphs/graph_1000_15000_POWLAW_6938562734920028532.txt
Running VARM with 10 iterations, for N = 1000 varying M from 100 to 400000 and seed token 1729
Running EXPLC_M with simp0 for N=1000, M=100 and seed=1729...
      Average Passes: 1000.0, Time/Memory: 0.31,4168
Running EXPLC_M with simp for N=1000, M=100 and seed=1729...
      Average Passes: 990.1, Time/Memory: 0.30,3124
Running EXPLC_M with improv for N=1000, M=100 and seed=1729...
      Average Passes: 5.9, Time/Memory: 0.01,3132
Running EXPLC_M with simp0 for N=1000, M=200 and seed=1729...
      Average Passes: 1000.0, Time/Memory: 0.55,4188
Running EXPLC_M with simp for N=1000, M=200 and seed=1729...
      Average Passes: 982.7, Time/Memory: 0.55,3136
Running EXPLC_M with improv for N=1000, M=200 and seed=1729...
      Average Passes: 15.4, Time/Memory: 0.02,4132
Running EXPLC_M with simp0 for N=1000, M=300 and seed=1729...
      Average Passes: 1000.0, Time/Memory: 0.81,4180
Running EXPLC_M with simp for N=1000, M=300 and seed=1729...
      Average Passes: 980.1, Time/Memory: 0.79,3184
Running EXPLC_M with improv for N=1000, M=300 and seed=1729...
      Average Passes: 20.1, Time/Memory: 0.03,3188
Running EXPLC_M with simp0 for N=1000, M=400 and seed=1729...
      Average Passes: 1000.0, Time/Memory: 1.06,4188
Running EXPLC_M with simp for N=1000, M=400 and seed=1729...
      Average Passes: 978.5, Time/Memory: 1.05,4164
Running EXPLC_M with improv for N=1000, M=400 and seed=1729...
      Average Passes: 21.8, Time/Memory: 0.04,3184
Running EXPLC_M with simp0 for N=1000, M=500 and seed=1729...
      Average Passes: 1000.0, Time/Memory: 1.30,4164
Running EXPLC_M with simp for N=1000, M=500 and seed=1729...
      Average Passes: 976.2, Time/Memory: 1.28,3184
Running EXPLC_M with improv for N=1000, M=500 and seed=1729...
      Average Passes: 24.7, Time/Memory: 0.05,3124
Running EXPLC_M with simp0 for N=1000, M=600 and seed=1729...
      Average Passes: 1000.0, Time/Memory: 1.54,4148
Running EXPLC_M with simp for N=1000, M=600 and seed=1729...
      Average Passes: 975.4, Time/Memory: 1.49,4144
Running EXPLC_M with improv for N=1000, M=600 and seed=1729...
      Average Passes: 26.6, Time/Memory: 0.04,4192
Running EXPLC_M with simp0 for N=1000, M=700 and seed=1729...
      Average Passes: 1000.0, Time/Memory: 1.78,3160
Running EXPLC_M with simp for N=1000, M=700 and seed=1729...
      Average Passes: 972.0, Time/Memory: 1.75,4152
Running EXPLC_M with improv for N=1000, M=700 and seed=1729...
      Average Passes: 28.1, Time/Memory: 0.06,4152
Running EXPLC_M with simp0 for N=1000, M=800 and seed=1729...
      Average Passes: 1000.0, Time/Memory: 2.04,3132
Running EXPLC_M with simp for N=1000, M=800 and seed=1729...
      Average Passes: 971.2, Time/Memory: 1.98,3112
Running EXPLC_M with improv for N=1000, M=800 and seed=1729...
      Average Passes: 30.1, Time/Memory: 0.07,4184
Running EXPLC_M with simp0 for N=1000, M=900 and seed=1729...
      Average Passes: 1000.0, Time/Memory: 2.29,3132
Running EXPLC_M with simp for N=1000, M=900 and seed=1729...
      Average Passes: 969.8, Time/Memory: 2.21,3140
Running EXPLC_M with improv for N=1000, M=900 and seed=1729...
      Average Passes: 30.7, Time/Memory: 0.07,3140
Running EXPLC_M with simp0 for N=1000, M=1000 and seed=1729...
      Average Passes: 1000.0, Time/Memory: 2.53,4152
Running EXPLC_M with simp for N=1000, M=1000 and seed=1729...
      Average Passes: 968.3, Time/Memory: 2.48,4132
Running EXPLC_M with improv for N=1000, M=1000 and seed=1729...
      Average Passes: 32.4, Time/Memory: 0.10,4184
Running EXPLC_M with simp0 for N=1000, M=2000 and seed=1729...
      Average Passes: 1000.0, Time/Memory: 4.88,4144
Running EXPLC_M with simp for N=1000, M=2000 and seed=1729...
      Average Passes: 955.3, Time/Memory: 4.67,4148
Running EXPLC_M with improv for N=1000, M=2000 and seed=1729...
      Average Passes: 45.7, Time/Memory: 0.24,4152
Running EXPLC_M with simp0 for N=1000, M=3000 and seed=1729...
      Average Passes: 1000.0, Time/Memory: 7.49,3152
Running EXPLC_M with simp for N=1000, M=3000 and seed=1729...
      Average Passes: 947.5, Time/Memory: 7.00,4144
Running EXPLC_M with improv for N=1000, M=3000 and seed=1729...
      Average Passes: 51.9, Time/Memory: 0.41,3136
Running EXPLC_M with simp0 for N=1000, M=4000 and seed=1729...
      Average Passes: 1000.0, Time/Memory: 9.93,3108
Running EXPLC_M with simp for N=1000, M=4000 and seed=1729...
      Average Passes: 942.1, Time/Memory: 9.60,3108
Running EXPLC_M with improv for N=1000, M=4000 and seed=1729...
      Average Passes: 60.6, Time/Memory: 0.65,3144
Running EXPLC_M with simp0 for N=1000, M=5000 and seed=1729...
      Average Passes: 1000.0, Time/Memory: 12.39,3184
Running EXPLC_M with simp for N=1000, M=5000 and seed=1729...
      Average Passes: 935.2, Time/Memory: 11.47,3120
Running EXPLC_M with improv for N=1000, M=5000 and seed=1729...
      Average Passes: 68.3, Time/Memory: 0.87,4152
Running EXPLC_M with simp0 for N=1000, M=6000 and seed=1729...
      Average Passes: 1000.0, Time/Memory: 14.92,3140
Running EXPLC_M with simp for N=1000, M=6000 and seed=1729...
      Average Passes: 928.9, Time/Memory: 13.91,3196
Running EXPLC_M with improv for N=1000, M=6000 and seed=1729...
      Average Passes: 73.2, Time/Memory: 1.14,4136
Running EXPLC_M with simp0 for N=1000, M=7000 and seed=1729...
      Average Passes: 1000.0, Time/Memory: 17.36,4192
Running EXPLC_M with simp for N=1000, M=7000 and seed=1729...
      Average Passes: 923.2, Time/Memory: 16.06,3104
Running EXPLC_M with improv for N=1000, M=7000 and seed=1729...
      Average Passes: 77.9, Time/Memory: 1.40,4152
Running EXPLC_M with simp0 for N=1000, M=8000 and seed=1729...
      Average Passes: 1000.0, Time/Memory: 19.54,3108
Running EXPLC_M with simp for N=1000, M=8000 and seed=1729...
      Average Passes: 916.4, Time/Memory: 18.28,4200
Running EXPLC_M with improv for N=1000, M=8000 and seed=1729...
      Average Passes: 83.2, Time/Memory: 1.70,4152
Running EXPLC_M with simp0 for N=1000, M=9000 and seed=1729...
      Average Passes: 1000.0, Time/Memory: 22.57,4188
Running EXPLC_M with simp for N=1000, M=9000 and seed=1729...
      Average Passes: 913.0, Time/Memory: 20.40,3108
Running EXPLC_M with improv for N=1000, M=9000 and seed=1729...
      Average Passes: 88.2, Time/Memory: 2.05,3108
Running EXPLC_M with simp0 for N=1000, M=10000 and seed=1729...
      Average Passes: 1000.0, Time/Memory: 24.48,4188
Running EXPLC_M with simp for N=1000, M=10000 and seed=1729...
      Average Passes: 906.9, Time/Memory: 22.27,3108
Running EXPLC_M with improv for N=1000, M=10000 and seed=1729...
      Average Passes: 92.6, Time/Memory: 2.38,4172
Running EXPLC_M with simp0 for N=1000, M=11000 and seed=1729...
      Average Passes: 1000.0, Time/Memory: 27.32,3160
Running EXPLC_M with simp for N=1000, M=11000 and seed=1729...
      Average Passes: 904.4, Time/Memory: 24.68,4152
Running EXPLC_M with improv for N=1000, M=11000 and seed=1729...
      Average Passes: 97.4, Time/Memory: 2.68,3136
Running EXPLC_M with simp0 for N=1000, M=12000 and seed=1729...
      Average Passes: 1000.0, Time/Memory: 29.76,4152
Running EXPLC_M with simp for N=1000, M=12000 and seed=1729...
      Average Passes: 898.5, Time/Memory: 26.76,3144
Running EXPLC_M with improv for N=1000, M=12000 and seed=1729...
      Average Passes: 101.4, Time/Memory: 3.01,3132
Running EXPLC_M with simp0 for N=1000, M=13000 and seed=1729...
      Average Passes: 1000.0, Time/Memory: 32.01,3104
Running EXPLC_M with simp for N=1000, M=13000 and seed=1729...
      Average Passes: 894.6, Time/Memory: 28.44,4136
Running EXPLC_M with improv for N=1000, M=13000 and seed=1729...
      Average Passes: 106.5, Time/Memory: 3.54,3160
Running EXPLC_M with simp0 for N=1000, M=14000 and seed=1729...
      Average Passes: 1000.0, Time/Memory: 34.38,3104
Running EXPLC_M with simp for N=1000, M=14000 and seed=1729...
      Average Passes: 889.7, Time/Memory: 30.80,3108
Running EXPLC_M with improv for N=1000, M=14000 and seed=1729...
      Average Passes: 109.5, Time/Memory: 3.83,3108
Running EXPLC_M with simp0 for N=1000, M=15000 and seed=1729...
      Average Passes: 1000.0, Time/Memory: 36.76,3136
Graph already exists at: ./input/random_graphs/graph_1000_16000_POWLAW_6230961512046992311.txt
Graph already exists at: ./input/random_graphs/graph_1000_16000_POWLAW_7871178979383552919.txt
Graph already exists at: ./input/random_graphs/graph_1000_16000_POWLAW_5739955973604961613.txt
Graph already exists at: ./input/random_graphs/graph_1000_16000_POWLAW_3881801951614183357.txt
Graph already exists at: ./input/random_graphs/graph_1000_16000_POWLAW_7032710160631691991.txt
Graph already exists at: ./input/random_graphs/graph_1000_16000_POWLAW_7599700178212337699.txt
Graph already exists at: ./input/random_graphs/graph_1000_16000_POWLAW_1353182403971399009.txt
Graph already exists at: ./input/random_graphs/graph_1000_16000_POWLAW_1070244953599069350.txt
Graph already exists at: ./input/random_graphs/graph_1000_16000_POWLAW_6522163754831416203.txt
Graph already exists at: ./input/random_graphs/graph_1000_16000_POWLAW_6938562734920028532.txt
Graph already exists at: ./input/random_graphs/graph_1000_17000_POWLAW_6230961512046992311.txt
Graph already exists at: ./input/random_graphs/graph_1000_17000_POWLAW_7871178979383552919.txt
Graph already exists at: ./input/random_graphs/graph_1000_17000_POWLAW_5739955973604961613.txt
Graph already exists at: ./input/random_graphs/graph_1000_17000_POWLAW_3881801951614183357.txt
Graph already exists at: ./input/random_graphs/graph_1000_17000_POWLAW_7032710160631691991.txt
Graph already exists at: ./input/random_graphs/graph_1000_17000_POWLAW_7599700178212337699.txt
Graph already exists at: ./input/random_graphs/graph_1000_17000_POWLAW_1353182403971399009.txt
Graph already exists at: ./input/random_graphs/graph_1000_17000_POWLAW_1070244953599069350.txt
Graph already exists at: ./input/random_graphs/graph_1000_17000_POWLAW_6522163754831416203.txt
Graph already exists at: ./input/random_graphs/graph_1000_17000_POWLAW_6938562734920028532.txt
Graph already exists at: ./input/random_graphs/graph_1000_18000_POWLAW_6230961512046992311.txt
Graph already exists at: ./input/random_graphs/graph_1000_18000_POWLAW_7871178979383552919.txt
Graph already exists at: ./input/random_graphs/graph_1000_18000_POWLAW_5739955973604961613.txt
Graph already exists at: ./input/random_graphs/graph_1000_18000_POWLAW_3881801951614183357.txt
Graph already exists at: ./input/random_graphs/graph_1000_18000_POWLAW_7032710160631691991.txt
Graph already exists at: ./input/random_graphs/graph_1000_18000_POWLAW_7599700178212337699.txt
Graph already exists at: ./input/random_graphs/graph_1000_18000_POWLAW_1353182403971399009.txt
Graph already exists at: ./input/random_graphs/graph_1000_18000_POWLAW_1070244953599069350.txt
Graph already exists at: ./input/random_graphs/graph_1000_18000_POWLAW_6522163754831416203.txt
Graph already exists at: ./input/random_graphs/graph_1000_18000_POWLAW_6938562734920028532.txt
Graph already exists at: ./input/random_graphs/graph_1000_19000_POWLAW_6230961512046992311.txt
Graph already exists at: ./input/random_graphs/graph_1000_19000_POWLAW_7871178979383552919.txt
Graph already exists at: ./input/random_graphs/graph_1000_19000_POWLAW_5739955973604961613.txt
Graph already exists at: ./input/random_graphs/graph_1000_19000_POWLAW_3881801951614183357.txt
Graph already exists at: ./input/random_graphs/graph_1000_19000_POWLAW_7032710160631691991.txt
Graph already exists at: ./input/random_graphs/graph_1000_19000_POWLAW_7599700178212337699.txt
Graph already exists at: ./input/random_graphs/graph_1000_19000_POWLAW_1353182403971399009.txt
Graph already exists at: ./input/random_graphs/graph_1000_19000_POWLAW_1070244953599069350.txt
Graph already exists at: ./input/random_graphs/graph_1000_19000_POWLAW_6522163754831416203.txt
Graph already exists at: ./input/random_graphs/graph_1000_19000_POWLAW_6938562734920028532.txt
Graph already exists at: ./input/random_graphs/graph_1000_20000_POWLAW_6230961512046992311.txt
Graph already exists at: ./input/random_graphs/graph_1000_20000_POWLAW_7871178979383552919.txt
Graph already exists at: ./input/random_graphs/graph_1000_20000_POWLAW_5739955973604961613.txt
Graph already exists at: ./input/random_graphs/graph_1000_20000_POWLAW_3881801951614183357.txt
Graph already exists at: ./input/random_graphs/graph_1000_20000_POWLAW_7032710160631691991.txt
Graph already exists at: ./input/random_graphs/graph_1000_20000_POWLAW_7599700178212337699.txt
Graph already exists at: ./input/random_graphs/graph_1000_20000_POWLAW_1353182403971399009.txt
Graph already exists at: ./input/random_graphs/graph_1000_20000_POWLAW_1070244953599069350.txt
Graph already exists at: ./input/random_graphs/graph_1000_20000_POWLAW_6522163754831416203.txt
Graph already exists at: ./input/random_graphs/graph_1000_20000_POWLAW_6938562734920028532.txt
Graph already exists at: ./input/random_graphs/graph_1000_30000_POWLAW_6230961512046992311.txt
Graph already exists at: ./input/random_graphs/graph_1000_30000_POWLAW_7871178979383552919.txt
Graph already exists at: ./input/random_graphs/graph_1000_30000_POWLAW_5739955973604961613.txt
Graph already exists at: ./input/random_graphs/graph_1000_30000_POWLAW_3881801951614183357.txt
Graph already exists at: ./input/random_graphs/graph_1000_30000_POWLAW_7032710160631691991.txt
Graph already exists at: ./input/random_graphs/graph_1000_30000_POWLAW_7599700178212337699.txt
Graph already exists at: ./input/random_graphs/graph_1000_30000_POWLAW_1353182403971399009.txt
Graph already exists at: ./input/random_graphs/graph_1000_30000_POWLAW_1070244953599069350.txt
Graph already exists at: ./input/random_graphs/graph_1000_30000_POWLAW_6522163754831416203.txt
Graph already exists at: ./input/random_graphs/graph_1000_30000_POWLAW_6938562734920028532.txt
Graph already exists at: ./input/random_graphs/graph_1000_40000_POWLAW_6230961512046992311.txt
Graph already exists at: ./input/random_graphs/graph_1000_40000_POWLAW_7871178979383552919.txt
Graph already exists at: ./input/random_graphs/graph_1000_40000_POWLAW_5739955973604961613.txt
Graph already exists at: ./input/random_graphs/graph_1000_40000_POWLAW_3881801951614183357.txt
Graph already exists at: ./input/random_graphs/graph_1000_40000_POWLAW_7032710160631691991.txt
Graph already exists at: ./input/random_graphs/graph_1000_40000_POWLAW_7599700178212337699.txt
Graph already exists at: ./input/random_graphs/graph_1000_40000_POWLAW_1353182403971399009.txt
Graph already exists at: ./input/random_graphs/graph_1000_40000_POWLAW_1070244953599069350.txt
Graph already exists at: ./input/random_graphs/graph_1000_40000_POWLAW_6522163754831416203.txt
Graph already exists at: ./input/random_graphs/graph_1000_40000_POWLAW_6938562734920028532.txt
Graph already exists at: ./input/random_graphs/graph_1000_50000_POWLAW_6230961512046992311.txt
Graph already exists at: ./input/random_graphs/graph_1000_50000_POWLAW_7871178979383552919.txt
Graph already exists at: ./input/random_graphs/graph_1000_50000_POWLAW_5739955973604961613.txt
Graph already exists at: ./input/random_graphs/graph_1000_50000_POWLAW_3881801951614183357.txt
Graph already exists at: ./input/random_graphs/graph_1000_50000_POWLAW_7032710160631691991.txt
Graph already exists at: ./input/random_graphs/graph_1000_50000_POWLAW_7599700178212337699.txt
Graph already exists at: ./input/random_graphs/graph_1000_50000_POWLAW_1353182403971399009.txt
Graph already exists at: ./input/random_graphs/graph_1000_50000_POWLAW_1070244953599069350.txt
Graph already exists at: ./input/random_graphs/graph_1000_50000_POWLAW_6522163754831416203.txt
Graph already exists at: ./input/random_graphs/graph_1000_50000_POWLAW_6938562734920028532.txt
Graph already exists at: ./input/random_graphs/graph_1000_60000_POWLAW_6230961512046992311.txt
Graph already exists at: ./input/random_graphs/graph_1000_60000_POWLAW_7871178979383552919.txt
Graph already exists at: ./input/random_graphs/graph_1000_60000_POWLAW_5739955973604961613.txt
Graph already exists at: ./input/random_graphs/graph_1000_60000_POWLAW_3881801951614183357.txt
Graph already exists at: ./input/random_graphs/graph_1000_60000_POWLAW_7032710160631691991.txt
Graph already exists at: ./input/random_graphs/graph_1000_60000_POWLAW_7599700178212337699.txt
Graph already exists at: ./input/random_graphs/graph_1000_60000_POWLAW_1353182403971399009.txt
Graph already exists at: ./input/random_graphs/graph_1000_60000_POWLAW_1070244953599069350.txt
Graph already exists at: ./input/random_graphs/graph_1000_60000_POWLAW_6522163754831416203.txt
Graph already exists at: ./input/random_graphs/graph_1000_60000_POWLAW_6938562734920028532.txt
Graph already exists at: ./input/random_graphs/graph_1000_70000_POWLAW_6230961512046992311.txt
Graph already exists at: ./input/random_graphs/graph_1000_70000_POWLAW_7871178979383552919.txt
Graph already exists at: ./input/random_graphs/graph_1000_70000_POWLAW_5739955973604961613.txt
Graph already exists at: ./input/random_graphs/graph_1000_70000_POWLAW_3881801951614183357.txt
Graph already exists at: ./input/random_graphs/graph_1000_70000_POWLAW_7032710160631691991.txt
Graph already exists at: ./input/random_graphs/graph_1000_70000_POWLAW_7599700178212337699.txt
Graph already exists at: ./input/random_graphs/graph_1000_70000_POWLAW_1353182403971399009.txt
Graph already exists at: ./input/random_graphs/graph_1000_70000_POWLAW_1070244953599069350.txt
Graph already exists at: ./input/random_graphs/graph_1000_70000_POWLAW_6522163754831416203.txt
Graph already exists at: ./input/random_graphs/graph_1000_70000_POWLAW_6938562734920028532.txt
Graph already exists at: ./input/random_graphs/graph_1000_80000_POWLAW_6230961512046992311.txt
Graph already exists at: ./input/random_graphs/graph_1000_80000_POWLAW_7871178979383552919.txt
Graph already exists at: ./input/random_graphs/graph_1000_80000_POWLAW_5739955973604961613.txt
Graph already exists at: ./input/random_graphs/graph_1000_80000_POWLAW_3881801951614183357.txt
Graph already exists at: ./input/random_graphs/graph_1000_80000_POWLAW_7032710160631691991.txt
Graph already exists at: ./input/random_graphs/graph_1000_80000_POWLAW_7599700178212337699.txt
Graph already exists at: ./input/random_graphs/graph_1000_80000_POWLAW_1353182403971399009.txt
Graph already exists at: ./input/random_graphs/graph_1000_80000_POWLAW_1070244953599069350.txt
Graph already exists at: ./input/random_graphs/graph_1000_80000_POWLAW_6522163754831416203.txt
Graph already exists at: ./input/random_graphs/graph_1000_80000_POWLAW_6938562734920028532.txt
Graph already exists at: ./input/random_graphs/graph_1000_90000_POWLAW_6230961512046992311.txt
Graph already exists at: ./input/random_graphs/graph_1000_90000_POWLAW_7871178979383552919.txt
Graph already exists at: ./input/random_graphs/graph_1000_90000_POWLAW_5739955973604961613.txt
Graph already exists at: ./input/random_graphs/graph_1000_90000_POWLAW_3881801951614183357.txt
Graph already exists at: ./input/random_graphs/graph_1000_90000_POWLAW_7032710160631691991.txt
Graph already exists at: ./input/random_graphs/graph_1000_90000_POWLAW_7599700178212337699.txt
Graph already exists at: ./input/random_graphs/graph_1000_90000_POWLAW_1353182403971399009.txt
Graph already exists at: ./input/random_graphs/graph_1000_90000_POWLAW_1070244953599069350.txt
Graph already exists at: ./input/random_graphs/graph_1000_90000_POWLAW_6522163754831416203.txt
Graph already exists at: ./input/random_graphs/graph_1000_90000_POWLAW_6938562734920028532.txt
Graph already exists at: ./input/random_graphs/graph_1000_100000_POWLAW_6230961512046992311.txt
Graph already exists at: ./input/random_graphs/graph_1000_100000_POWLAW_7871178979383552919.txt
Graph already exists at: ./input/random_graphs/graph_1000_100000_POWLAW_5739955973604961613.txt
Graph already exists at: ./input/random_graphs/graph_1000_100000_POWLAW_3881801951614183357.txt
Graph already exists at: ./input/random_graphs/graph_1000_100000_POWLAW_7032710160631691991.txt
Graph already exists at: ./input/random_graphs/graph_1000_100000_POWLAW_7599700178212337699.txt
Graph already exists at: ./input/random_graphs/graph_1000_100000_POWLAW_1353182403971399009.txt
Graph already exists at: ./input/random_graphs/graph_1000_100000_POWLAW_1070244953599069350.txt
Graph already exists at: ./input/random_graphs/graph_1000_100000_POWLAW_6522163754831416203.txt
Graph already exists at: ./input/random_graphs/graph_1000_100000_POWLAW_6938562734920028532.txt
Graph already exists at: ./input/random_graphs/graph_1000_200000_POWLAW_6230961512046992311.txt
Graph already exists at: ./input/random_graphs/graph_1000_200000_POWLAW_7871178979383552919.txt
Graph already exists at: ./input/random_graphs/graph_1000_200000_POWLAW_5739955973604961613.txt
Graph already exists at: ./input/random_graphs/graph_1000_200000_POWLAW_3881801951614183357.txt
Graph already exists at: ./input/random_graphs/graph_1000_200000_POWLAW_7032710160631691991.txt
Graph already exists at: ./input/random_graphs/graph_1000_200000_POWLAW_7599700178212337699.txt
Graph already exists at: ./input/random_graphs/graph_1000_200000_POWLAW_1353182403971399009.txt
Graph already exists at: ./input/random_graphs/graph_1000_200000_POWLAW_1070244953599069350.txt
Graph already exists at: ./input/random_graphs/graph_1000_200000_POWLAW_6522163754831416203.txt
Graph already exists at: ./input/random_graphs/graph_1000_200000_POWLAW_6938562734920028532.txt
Graph already exists at: ./input/random_graphs/graph_1000_300000_POWLAW_6230961512046992311.txt
Graph already exists at: ./input/random_graphs/graph_1000_300000_POWLAW_7871178979383552919.txt
Graph already exists at: ./input/random_graphs/graph_1000_300000_POWLAW_5739955973604961613.txt
Graph already exists at: ./input/random_graphs/graph_1000_300000_POWLAW_3881801951614183357.txt
Graph already exists at: ./input/random_graphs/graph_1000_300000_POWLAW_7032710160631691991.txt
Graph already exists at: ./input/random_graphs/graph_1000_300000_POWLAW_7599700178212337699.txt
Graph already exists at: ./input/random_graphs/graph_1000_300000_POWLAW_1353182403971399009.txt
Graph already exists at: ./input/random_graphs/graph_1000_300000_POWLAW_1070244953599069350.txt
Graph already exists at: ./input/random_graphs/graph_1000_300000_POWLAW_6522163754831416203.txt
Graph already exists at: ./input/random_graphs/graph_1000_300000_POWLAW_6938562734920028532.txt
Graph already exists at: ./input/random_graphs/graph_1000_400000_POWLAW_6230961512046992311.txt
Graph already exists at: ./input/random_graphs/graph_1000_400000_POWLAW_7871178979383552919.txt
Graph already exists at: ./input/random_graphs/graph_1000_400000_POWLAW_5739955973604961613.txt
Graph already exists at: ./input/random_graphs/graph_1000_400000_POWLAW_3881801951614183357.txt
Graph already exists at: ./input/random_graphs/graph_1000_400000_POWLAW_7032710160631691991.txt
Graph already exists at: ./input/random_graphs/graph_1000_400000_POWLAW_7599700178212337699.txt
Graph already exists at: ./input/random_graphs/graph_1000_400000_POWLAW_1353182403971399009.txt
Graph already exists at: ./input/random_graphs/graph_1000_400000_POWLAW_1070244953599069350.txt
Graph already exists at: ./input/random_graphs/graph_1000_400000_POWLAW_6522163754831416203.txt
Graph already exists at: ./input/random_graphs/graph_1000_400000_POWLAW_6938562734920028532.txt
Running EXPLC_M with simp for N=1000, M=15000 and seed=1729...
      Average Passes: 886.4, Time/Memory: 33.16,4148
Running EXPLC_M with improv for N=1000, M=15000 and seed=1729...
      Average Passes: 114.5, Time/Memory: 4.32,4188
Running EXPLC_M with simp0 for N=1000, M=16000 and seed=1729...
      Average Passes: 1000.0, Time/Memory: 38.59,4180
Running EXPLC_M with simp for N=1000, M=16000 and seed=1729...
      Average Passes: 881.1, Time/Memory: 35.06,3108
Running EXPLC_M with improv for N=1000, M=16000 and seed=1729...
      Average Passes: 117.8, Time/Memory: 4.76,4188
Running EXPLC_M with simp0 for N=1000, M=17000 and seed=1729...
      Average Passes: 1000.0, Time/Memory: 41.75,3156
Running EXPLC_M with simp for N=1000, M=17000 and seed=1729...
      Average Passes: 878.7, Time/Memory: 37.33,3192
Running EXPLC_M with improv for N=1000, M=17000 and seed=1729...
      Average Passes: 120.8, Time/Memory: 5.09,3108
Running EXPLC_M with simp0 for N=1000, M=18000 and seed=1729...
      Average Passes: 1000.0, Time/Memory: 44.23,3196
Running EXPLC_M with simp for N=1000, M=18000 and seed=1729...
      Average Passes: 873.4, Time/Memory: 38.66,3148
Running EXPLC_M with improv for N=1000, M=18000 and seed=1729...
      Average Passes: 125.3, Time/Memory: 5.59,4136
Running EXPLC_M with simp0 for N=1000, M=19000 and seed=1729...
      Average Passes: 1000.0, Time/Memory: 46.91,3136
Running EXPLC_M with simp for N=1000, M=19000 and seed=1729...
      Average Passes: 869.0, Time/Memory: 41.23,3140
Running EXPLC_M with improv for N=1000, M=19000 and seed=1729...
      Average Passes: 128.3, Time/Memory: 6.12,4144
Running EXPLC_M with simp0 for N=1000, M=20000 and seed=1729...
      Average Passes: 1000.0, Time/Memory: 48.61,3144
Running EXPLC_M with simp for N=1000, M=20000 and seed=1729...
      Average Passes: 866.9, Time/Memory: 42.83,3164
Running EXPLC_M with improv for N=1000, M=20000 and seed=1729...
      Average Passes: 131.5, Time/Memory: 6.64,4136
Running EXPLC_M with simp0 for N=1000, M=30000 and seed=1729...
      Average Passes: 1000.0, Time/Memory: 72.93,3136
Running EXPLC_M with simp for N=1000, M=30000 and seed=1729...
      Average Passes: 819.0, Time/Memory: 59.20,3140
Running EXPLC_M with improv for N=1000, M=30000 and seed=1729...
      Average Passes: 163.9, Time/Memory: 12.34,3164
Running EXPLC_M with simp0 for N=1000, M=40000 and seed=1729...
      Average Passes: 1000.0, Time/Memory: 96.38,3136
Running EXPLC_M with simp for N=1000, M=40000 and seed=1729...
      Average Passes: 736.9, Time/Memory: 72.55,4188
Running EXPLC_M with improv for N=1000, M=40000 and seed=1729...
      Average Passes: 227.6, Time/Memory: 22.63,3124
Running EXPLC_M with simp0 for N=1000, M=50000 and seed=1729...
      Average Passes: 1000.0, Time/Memory: 121.82,3176
Running EXPLC_M with simp for N=1000, M=50000 and seed=1729...
      Average Passes: 620.1, Time/Memory: 76.84,3108
Running EXPLC_M with improv for N=1000, M=50000 and seed=1729...
      Average Passes: 398.1, Time/Memory: 49.71,5160
Running EXPLC_M with simp0 for N=1000, M=60000 and seed=1729...
      Average Passes: 1000.0, Time/Memory: 147.61,3108
Running EXPLC_M with simp for N=1000, M=60000 and seed=1729...
      Average Passes: 504.6, Time/Memory: 73.90,4152
Running EXPLC_M with improv for N=1000, M=60000 and seed=1729...
      Average Passes: 542.7, Time/Memory: 80.72,3108
Running EXPLC_M with simp0 for N=1000, M=70000 and seed=1729...
      Average Passes: 1000.0, Time/Memory: 169.92,3108
Running EXPLC_M with simp for N=1000, M=70000 and seed=1729...
      Average Passes: 426.7, Time/Memory: 74.14,3184
Running EXPLC_M with improv for N=1000, M=70000 and seed=1729...
      Average Passes: 625.7, Time/Memory: 106.97,5212
Running EXPLC_M with simp0 for N=1000, M=80000 and seed=1729...
      Average Passes: 1000.0, Time/Memory: 196.97,3148
Running EXPLC_M with simp for N=1000, M=80000 and seed=1729...
      Average Passes: 371.0, Time/Memory: 73.24,3108
Running EXPLC_M with improv for N=1000, M=80000 and seed=1729...
      Average Passes: 682.2, Time/Memory: 136.99,5156
Running EXPLC_M with simp0 for N=1000, M=90000 and seed=1729...
      Average Passes: 1000.0, Time/Memory: 219.47,3108
Running EXPLC_M with simp for N=1000, M=90000 and seed=1729...
      Average Passes: 325.1, Time/Memory: 71.06,3108
Running EXPLC_M with improv for N=1000, M=90000 and seed=1729...
      Average Passes: 715.8, Time/Memory: 160.49,5172
Running EXPLC_M with simp0 for N=1000, M=100000 and seed=1729...
      Average Passes: 1000.0, Time/Memory: 246.74,3108
Running EXPLC_M with simp for N=1000, M=100000 and seed=1729...
      Average Passes: 295.3, Time/Memory: 74.92,4144
Running EXPLC_M with improv for N=1000, M=100000 and seed=1729...
      Average Passes: 740.7, Time/Memory: 183.81,4172
Running EXPLC_M with simp0 for N=1000, M=200000 and seed=1729...
      Average Passes: 1000.0, Time/Memory: 492.56,3108
Running EXPLC_M with simp for N=1000, M=200000 and seed=1729...
      Average Passes: 166.6, Time/Memory: 80.64,3140
Running EXPLC_M with improv for N=1000, M=200000 and seed=1729...
      Average Passes: 849.1, Time/Memory: 423.18,5180
Running EXPLC_M with simp0 for N=1000, M=300000 and seed=1729...
      Average Passes: 1000.0, Time/Memory: 731.55,3108
Running EXPLC_M with simp for N=1000, M=300000 and seed=1729...
      Average Passes: 103.1, Time/Memory: 74.89,4152
Running EXPLC_M with improv for N=1000, M=300000 and seed=1729...
      Average Passes: 908.0, Time/Memory: 695.76,4196
Running EXPLC_M with simp0 for N=1000, M=400000 and seed=1729...
      Average Passes: 1000.0, Time/Memory: 956.81,3108
Running EXPLC_M with simp for N=1000, M=400000 and seed=1729...
      Average Passes: 50.9, Time/Memory: 48.88,3108
Running EXPLC_M with improv for N=1000, M=400000 and seed=1729...
      Average Passes: 955.5, Time/Memory: 966.26,4128
