Running VARM with 100 iterations, for N = 100 varying M from 1,000 to 49,995,000 and seed token 1729
Running EXPLC_M with kPath0 for N=1000, M=100, k=2, seed=1729...
      Average Passes: 2.0, Time/Memory: 0.29,3072
Running EXPLC_M with kPath0 for N=1000, M=100, k=5, seed=1729...
      Average Passes: 2.0, Time/Memory: 0.31,3072
Running EXPLC_M with kPath0 for N=1000, M=100, k=10, seed=1729...
      Average Passes: 2.0, Time/Memory: 0.30,3072
Running EXPLC_M with kPathN for N=1000, M=100, k=2, seed=1729...
      Average Passes: 1.0, Time/Memory: 0.01,6144
Running EXPLC_M with kPathN for N=1000, M=100, k=5, seed=1729...
      Average Passes: 1.0, Time/Memory: 0.01,6144
Running EXPLC_M with kPathN for N=1000, M=100, k=10, seed=1729...
      Average Passes: 1.0, Time/Memory: 0.01,6144
Running EXPLC_M with kLev0 for N=1000, M=100, k=2, seed=1729...
      Average Passes: 2.0, Time/Memory: 0.04,3072
Running EXPLC_M with kLev0 for N=1000, M=100, k=5, seed=1729...
      Average Passes: 2.0, Time/Memory: 0.03,3072
Running EXPLC_M with kLev0 for N=1000, M=100, k=10, seed=1729...
      Average Passes: 2.0, Time/Memory: 0.04,3072
Running EXPLC_M with kLevN for N=1000, M=100, k=2, seed=1729...
      Average Passes: 1.0, Time/Memory: 0.00,6144
Running EXPLC_M with kLevN for N=1000, M=100, k=5, seed=1729...
      Average Passes: 1.0, Time/Memory: 0.01,6144
Running EXPLC_M with kLevN for N=1000, M=100, k=10, seed=1729...
      Average Passes: 1.0, Time/Memory: 0.01,6144
Running EXPLC_M with kPath0 for N=1000, M=200, k=2, seed=1729...
      Average Passes: 2.0, Time/Memory: 0.29,3072
Running EXPLC_M with kPath0 for N=1000, M=200, k=5, seed=1729...
      Average Passes: 2.0, Time/Memory: 0.28,3072
Running EXPLC_M with kPath0 for N=1000, M=200, k=10, seed=1729...
      Average Passes: 2.0, Time/Memory: 0.29,3072
Running EXPLC_M with kPathN for N=1000, M=200, k=2, seed=1729...
      Average Passes: 1.0, Time/Memory: 0.01,7168
Running EXPLC_M with kPathN for N=1000, M=200, k=5, seed=1729...
      Average Passes: 1.0, Time/Memory: 0.02,7168
Running EXPLC_M with kPathN for N=1000, M=200, k=10, seed=1729...
      Average Passes: 1.0, Time/Memory: 0.02,7168
Running EXPLC_M with kLev0 for N=1000, M=200, k=2, seed=1729...
      Average Passes: 2.0, Time/Memory: 0.04,3072
Running EXPLC_M with kLev0 for N=1000, M=200, k=5, seed=1729...
      Average Passes: 2.0, Time/Memory: 0.05,3072
Running EXPLC_M with kLev0 for N=1000, M=200, k=10, seed=1729...
      Average Passes: 2.0, Time/Memory: 0.05,3072
Running EXPLC_M with kLevN for N=1000, M=200, k=2, seed=1729...
      Average Passes: 1.0, Time/Memory: 0.02,7168
Running EXPLC_M with kLevN for N=1000, M=200, k=5, seed=1729...
      Average Passes: 1.0, Time/Memory: 0.01,7168
Running EXPLC_M with kLevN for N=1000, M=200, k=10, seed=1729...
      Average Passes: 1.0, Time/Memory: 0.01,7168
Running EXPLC_M with kPath0 for N=1000, M=300, k=2, seed=1729...
      Average Passes: 2.01, Time/Memory: 0.27,3072
Running EXPLC_M with kPath0 for N=1000, M=300, k=5, seed=1729...
      Average Passes: 2.0, Time/Memory: 0.27,3072
Running EXPLC_M with kPath0 for N=1000, M=300, k=10, seed=1729...
      Average Passes: 2.0, Time/Memory: 0.26,3072
Running EXPLC_M with kPathN for N=1000, M=300, k=2, seed=1729...
      Average Passes: 1.0, Time/Memory: 0.02,7168
Running EXPLC_M with kPathN for N=1000, M=300, k=5, seed=1729...
      Average Passes: 1.0, Time/Memory: 0.02,7168
Running EXPLC_M with kPathN for N=1000, M=300, k=10, seed=1729...
      Average Passes: 1.0, Time/Memory: 0.02,7168
Running EXPLC_M with kLev0 for N=1000, M=300, k=2, seed=1729...
      Average Passes: 2.0, Time/Memory: 0.05,3072
Running EXPLC_M with kLev0 for N=1000, M=300, k=5, seed=1729...
      Average Passes: 2.0, Time/Memory: 0.05,3072
Running EXPLC_M with kLev0 for N=1000, M=300, k=10, seed=1729...
      Average Passes: 2.0, Time/Memory: 0.05,3072
Running EXPLC_M with kLevN for N=1000, M=300, k=2, seed=1729...
      Average Passes: 1.0, Time/Memory: 0.03,7168
Running EXPLC_M with kLevN for N=1000, M=300, k=5, seed=1729...
      Average Passes: 1.0, Time/Memory: 0.02,7168
Running EXPLC_M with kLevN for N=1000, M=300, k=10, seed=1729...
      Average Passes: 1.0, Time/Memory: 0.02,7168
Running EXPLC_M with kPath0 for N=1000, M=400, k=2, seed=1729...
      Average Passes: 2.12, Time/Memory: 0.24,3072
Running EXPLC_M with kPath0 for N=1000, M=400, k=5, seed=1729...
      Average Passes: 2.0, Time/Memory: 0.26,3072
Running EXPLC_M with kPath0 for N=1000, M=400, k=10, seed=1729...
      Average Passes: 2.0, Time/Memory: 0.25,3072
Running EXPLC_M with kPathN for N=1000, M=400, k=2, seed=1729...
      Average Passes: 1.0, Time/Memory: 0.03,7168
Running EXPLC_M with kPathN for N=1000, M=400, k=5, seed=1729...
      Average Passes: 1.0, Time/Memory: 0.03,7168
Running EXPLC_M with kPathN for N=1000, M=400, k=10, seed=1729...
      Average Passes: 1.0, Time/Memory: 0.03,7168
Running EXPLC_M with kLev0 for N=1000, M=400, k=2, seed=1729...
      Average Passes: 2.04, Time/Memory: 0.08,3072
Running EXPLC_M with kLev0 for N=1000, M=400, k=5, seed=1729...
      Average Passes: 2.03, Time/Memory: 0.06,3072
Running EXPLC_M with kLev0 for N=1000, M=400, k=10, seed=1729...
      Average Passes: 2.01, Time/Memory: 0.07,3072
Running EXPLC_M with kLevN for N=1000, M=400, k=2, seed=1729...
      Average Passes: 1.0, Time/Memory: 0.02,7168
Running EXPLC_M with kLevN for N=1000, M=400, k=5, seed=1729...
      Average Passes: 1.0, Time/Memory: 0.02,7168
Running EXPLC_M with kLevN for N=1000, M=400, k=10, seed=1729...
      Average Passes: 1.0, Time/Memory: 0.03,7168
Running EXPLC_M with kPath0 for N=1000, M=500, k=2, seed=1729...
      Average Passes: 2.56, Time/Memory: 0.24,3072
Running EXPLC_M with kPath0 for N=1000, M=500, k=5, seed=1729...
      Average Passes: 2.0, Time/Memory: 0.23,3072
Running EXPLC_M with kPath0 for N=1000, M=500, k=10, seed=1729...
      Average Passes: 2.0, Time/Memory: 0.22,3072
Running EXPLC_M with kPathN for N=1000, M=500, k=2, seed=1729...
      Average Passes: 1.0, Time/Memory: 0.03,8192
Running EXPLC_M with kPathN for N=1000, M=500, k=5, seed=1729...
      Average Passes: 1.0, Time/Memory: 0.03,8192
Running EXPLC_M with kPathN for N=1000, M=500, k=10, seed=1729...
      Average Passes: 1.0, Time/Memory: 0.03,8192
Running EXPLC_M with kLev0 for N=1000, M=500, k=2, seed=1729...
      Average Passes: 2.32, Time/Memory: 0.09,3072
Running EXPLC_M with kLev0 for N=1000, M=500, k=5, seed=1729...
      Average Passes: 2.3, Time/Memory: 0.09,3072
Running EXPLC_M with kLev0 for N=1000, M=500, k=10, seed=1729...
      Average Passes: 2.17, Time/Memory: 0.09,3072
Running EXPLC_M with kLevN for N=1000, M=500, k=2, seed=1729...
      Average Passes: 1.0, Time/Memory: 0.03,8192
Running EXPLC_M with kLevN for N=1000, M=500, k=5, seed=1729...
      Average Passes: 1.0, Time/Memory: 0.04,8192
Running EXPLC_M with kLevN for N=1000, M=500, k=10, seed=1729...
      Average Passes: 1.0, Time/Memory: 0.03,8192
Running EXPLC_M with kPath0 for N=1000, M=600, k=2, seed=1729...
      Average Passes: 3.45, Time/Memory: 0.26,3072
Running EXPLC_M with kPath0 for N=1000, M=600, k=5, seed=1729...
      Average Passes: 2.0, Time/Memory: 0.22,3072
Running EXPLC_M with kPath0 for N=1000, M=600, k=10, seed=1729...
      Average Passes: 2.0, Time/Memory: 0.21,3072
Running EXPLC_M with kPathN for N=1000, M=600, k=2, seed=1729...
      Average Passes: 1.0, Time/Memory: 0.04,8192
Running EXPLC_M with kPathN for N=1000, M=600, k=5, seed=1729...
      Average Passes: 1.0, Time/Memory: 0.04,8192
Running EXPLC_M with kPathN for N=1000, M=600, k=10, seed=1729...
      Average Passes: 1.0, Time/Memory: 0.04,8192
Running EXPLC_M with kLev0 for N=1000, M=600, k=2, seed=1729...
      Average Passes: 3.14, Time/Memory: 0.12,3072
Running EXPLC_M with kLev0 for N=1000, M=600, k=5, seed=1729...
      Average Passes: 3.13, Time/Memory: 0.12,3072
Running EXPLC_M with kLev0 for N=1000, M=600, k=10, seed=1729...
      Average Passes: 3.02, Time/Memory: 0.12,3072
Running EXPLC_M with kLevN for N=1000, M=600, k=2, seed=1729...
      Average Passes: 1.0, Time/Memory: 0.04,8192
Running EXPLC_M with kLevN for N=1000, M=600, k=5, seed=1729...
      Average Passes: 1.0, Time/Memory: 0.04,8192
Running EXPLC_M with kLevN for N=1000, M=600, k=10, seed=1729...
      Average Passes: 1.0, Time/Memory: 0.04,8192
Running EXPLC_M with kPath0 for N=1000, M=700, k=2, seed=1729...
      Average Passes: 3.98, Time/Memory: 0.29,3072
Running EXPLC_M with kPath0 for N=1000, M=700, k=5, seed=1729...
      Average Passes: 2.0, Time/Memory: 0.20,3072
Running EXPLC_M with kPath0 for N=1000, M=700, k=10, seed=1729...
      Average Passes: 2.0, Time/Memory: 0.20,3072
Running EXPLC_M with kPathN for N=1000, M=700, k=2, seed=1729...
      Average Passes: 1.0, Time/Memory: 0.04,8192
Running EXPLC_M with kPathN for N=1000, M=700, k=5, seed=1729...
      Average Passes: 1.0, Time/Memory: 0.05,8192
Running EXPLC_M with kPathN for N=1000, M=700, k=10, seed=1729...
      Average Passes: 1.0, Time/Memory: 0.04,8192
Running EXPLC_M with kLev0 for N=1000, M=700, k=2, seed=1729...
      Average Passes: 3.54, Time/Memory: 0.17,3072
Running EXPLC_M with kLev0 for N=1000, M=700, k=5, seed=1729...
      Average Passes: 3.51, Time/Memory: 0.17,3072
Running EXPLC_M with kLev0 for N=1000, M=700, k=10, seed=1729...
      Average Passes: 3.48, Time/Memory: 0.16,3072
Running EXPLC_M with kLevN for N=1000, M=700, k=2, seed=1729...
      Average Passes: 1.0, Time/Memory: 0.04,8192
Running EXPLC_M with kLevN for N=1000, M=700, k=5, seed=1729...
      Average Passes: 1.0, Time/Memory: 0.03,8192
Running EXPLC_M with kLevN for N=1000, M=700, k=10, seed=1729...
      Average Passes: 1.0, Time/Memory: 0.04,8192
Running EXPLC_M with kPath0 for N=1000, M=800, k=2, seed=1729...
      Average Passes: 4.25, Time/Memory: 0.31,3072
Running EXPLC_M with kPath0 for N=1000, M=800, k=5, seed=1729...
      Average Passes: 2.0, Time/Memory: 0.18,3072
Running EXPLC_M with kPath0 for N=1000, M=800, k=10, seed=1729...
      Average Passes: 2.0, Time/Memory: 0.18,3072
Running EXPLC_M with kPathN for N=1000, M=800, k=2, seed=1729...
      Average Passes: 1.0, Time/Memory: 0.05,8192
Running EXPLC_M with kPathN for N=1000, M=800, k=5, seed=1729...
      Average Passes: 1.0, Time/Memory: 0.04,8192
Running EXPLC_M with kPathN for N=1000, M=800, k=10, seed=1729...
      Average Passes: 1.0, Time/Memory: 0.05,9216
Running EXPLC_M with kLev0 for N=1000, M=800, k=2, seed=1729...
      Average Passes: 3.76, Time/Memory: 0.20,3072
Running EXPLC_M with kLev0 for N=1000, M=800, k=5, seed=1729...
      Average Passes: 3.77, Time/Memory: 0.19,3072
Running EXPLC_M with kLev0 for N=1000, M=800, k=10, seed=1729...
      Average Passes: 3.77, Time/Memory: 0.20,3072
Running EXPLC_M with kLevN for N=1000, M=800, k=2, seed=1729...
      Average Passes: 1.0, Time/Memory: 0.04,8192
Running EXPLC_M with kLevN for N=1000, M=800, k=5, seed=1729...
      Average Passes: 1.0, Time/Memory: 0.04,8192
Running EXPLC_M with kLevN for N=1000, M=800, k=10, seed=1729...
      Average Passes: 1.0, Time/Memory: 0.05,8192
Running EXPLC_M with kPath0 for N=1000, M=900, k=2, seed=1729...
      Average Passes: 4.46, Time/Memory: 0.32,3072
Running EXPLC_M with kPath0 for N=1000, M=900, k=5, seed=1729...
      Average Passes: 2.0, Time/Memory: 0.19,3072
Running EXPLC_M with kPath0 for N=1000, M=900, k=10, seed=1729...
      Average Passes: 2.0, Time/Memory: 0.18,3072
Running EXPLC_M with kPathN for N=1000, M=900, k=2, seed=1729...
      Average Passes: 1.0, Time/Memory: 0.05,9216
Running EXPLC_M with kPathN for N=1000, M=900, k=5, seed=1729...
      Average Passes: 1.0, Time/Memory: 0.05,9216
Running EXPLC_M with kPathN for N=1000, M=900, k=10, seed=1729...
      Average Passes: 1.0, Time/Memory: 0.05,9216
Running EXPLC_M with kLev0 for N=1000, M=900, k=2, seed=1729...
      Average Passes: 3.87, Time/Memory: 0.23,3072
Running EXPLC_M with kLev0 for N=1000, M=900, k=5, seed=1729...
      Average Passes: 3.87, Time/Memory: 0.24,3072
Running EXPLC_M with kLev0 for N=1000, M=900, k=10, seed=1729...
      Average Passes: 3.88, Time/Memory: 0.24,3072
Running EXPLC_M with kLevN for N=1000, M=900, k=2, seed=1729...
      Average Passes: 1.0, Time/Memory: 0.05,9216
Running EXPLC_M with kLevN for N=1000, M=900, k=5, seed=1729...
      Average Passes: 1.0, Time/Memory: 0.05,9216
Running EXPLC_M with kLevN for N=1000, M=900, k=10, seed=1729...
      Average Passes: 1.0, Time/Memory: 0.05,9216
Running EXPLC_M with kPath0 for N=1000, M=1000, k=2, seed=1729...
      Average Passes: 4.79, Time/Memory: 0.36,3072
Running EXPLC_M with kPath0 for N=1000, M=1000, k=5, seed=1729...
      Average Passes: 2.0, Time/Memory: 0.16,3072
Running EXPLC_M with kPath0 for N=1000, M=1000, k=10, seed=1729...
      Average Passes: 2.0, Time/Memory: 0.18,3072
Running EXPLC_M with kPathN for N=1000, M=1000, k=2, seed=1729...
      Average Passes: 1.0, Time/Memory: 0.05,9216
Running EXPLC_M with kPathN for N=1000, M=1000, k=5, seed=1729...
      Average Passes: 1.0, Time/Memory: 0.06,9216
Running EXPLC_M with kPathN for N=1000, M=1000, k=10, seed=1729...
      Average Passes: 1.0, Time/Memory: 0.05,9216
Running EXPLC_M with kLev0 for N=1000, M=1000, k=2, seed=1729...
      Average Passes: 3.92, Time/Memory: 0.26,3072
Running EXPLC_M with kLev0 for N=1000, M=1000, k=5, seed=1729...
      Average Passes: 3.92, Time/Memory: 0.28,3072
Running EXPLC_M with kLev0 for N=1000, M=1000, k=10, seed=1729...
      Average Passes: 3.91, Time/Memory: 0.26,3072
Running EXPLC_M with kLevN for N=1000, M=1000, k=2, seed=1729...
      Average Passes: 1.0, Time/Memory: 0.06,9216
Running EXPLC_M with kLevN for N=1000, M=1000, k=5, seed=1729...
      Average Passes: 1.0, Time/Memory: 0.05,9216
Running EXPLC_M with kLevN for N=1000, M=1000, k=10, seed=1729...
      Average Passes: 1.0, Time/Memory: 0.06,8192
Running EXPLC_M with kPath0 for N=1000, M=2000, k=2, seed=1729...
      Average Passes: 6.22, Time/Memory: 0.59,3072
Running EXPLC_M with kPath0 for N=1000, M=2000, k=5, seed=1729...
      Average Passes: 2.0, Time/Memory: 0.20,3072
Running EXPLC_M with kPath0 for N=1000, M=2000, k=10, seed=1729...
      Average Passes: 2.0, Time/Memory: 0.21,3072
Running EXPLC_M with kPathN for N=1000, M=2000, k=2, seed=1729...
      Average Passes: 1.0, Time/Memory: 0.10,9216
Running EXPLC_M with kPathN for N=1000, M=2000, k=5, seed=1729...
      Average Passes: 1.0, Time/Memory: 0.10,9216
Running EXPLC_M with kPathN for N=1000, M=2000, k=10, seed=1729...
      Average Passes: 1.0, Time/Memory: 0.09,9216
Running EXPLC_M with kLev0 for N=1000, M=2000, k=2, seed=1729...
      Average Passes: 3.99, Time/Memory: 0.49,3072
Running EXPLC_M with kLev0 for N=1000, M=2000, k=5, seed=1729...
      Average Passes: 4.01, Time/Memory: 0.50,3072
Running EXPLC_M with kLev0 for N=1000, M=2000, k=10, seed=1729...
      Average Passes: 3.98, Time/Memory: 0.49,3072
Running EXPLC_M with kLevN for N=1000, M=2000, k=2, seed=1729...
      Average Passes: 1.0, Time/Memory: 0.09,9216
Running EXPLC_M with kLevN for N=1000, M=2000, k=5, seed=1729...
      Average Passes: 1.0, Time/Memory: 0.09,9216
Running EXPLC_M with kLevN for N=1000, M=2000, k=10, seed=1729...
      Average Passes: 1.0, Time/Memory: 0.11,9216
Running EXPLC_M with kPath0 for N=1000, M=3000, k=2, seed=1729...
      Average Passes: 7.03, Time/Memory: 0.84,3072
Running EXPLC_M with kPath0 for N=1000, M=3000, k=5, seed=1729...
      Average Passes: 2.0, Time/Memory: 0.27,3072
Running EXPLC_M with kPath0 for N=1000, M=3000, k=10, seed=1729...
      Average Passes: 2.0, Time/Memory: 0.27,3072
Running EXPLC_M with kPathN for N=1000, M=3000, k=2, seed=1729...
      Average Passes: 2.66, Time/Memory: 0.41,3072
Running EXPLC_M with kPathN for N=1000, M=3000, k=5, seed=1729...
      Average Passes: 1.0, Time/Memory: 0.13,9216
Running EXPLC_M with kPathN for N=1000, M=3000, k=10, seed=1729...
      Average Passes: 1.0, Time/Memory: 0.12,9216
Running EXPLC_M with kLev0 for N=1000, M=3000, k=2, seed=1729...
      Average Passes: 3.98, Time/Memory: 0.65,3072
Running EXPLC_M with kLev0 for N=1000, M=3000, k=5, seed=1729...
      Average Passes: 3.97, Time/Memory: 0.66,3072
Running EXPLC_M with kLev0 for N=1000, M=3000, k=10, seed=1729...
      Average Passes: 3.96, Time/Memory: 0.66,3072
Running EXPLC_M with kLevN for N=1000, M=3000, k=2, seed=1729...
      Average Passes: 1.8, Time/Memory: 0.47,3072
Running EXPLC_M with kLevN for N=1000, M=3000, k=5, seed=1729...
      Average Passes: 1.0, Time/Memory: 0.13,9216
Running EXPLC_M with kLevN for N=1000, M=3000, k=10, seed=1729...
      Average Passes: 1.0, Time/Memory: 0.13,9216
Running EXPLC_M with kPath0 for N=1000, M=4000, k=2, seed=1729...
      Average Passes: 7.62, Time/Memory: 1.11,3072
Running EXPLC_M with kPath0 for N=1000, M=4000, k=5, seed=1729...
      Average Passes: 3.0, Time/Memory: 0.50,4096
Running EXPLC_M with kPath0 for N=1000, M=4000, k=10, seed=1729...
      Average Passes: 2.0, Time/Memory: 0.35,4096
Running EXPLC_M with kPathN for N=1000, M=4000, k=2, seed=1729...
      Average Passes: 3.0, Time/Memory: 0.55,3072
Running EXPLC_M with kPathN for N=1000, M=4000, k=5, seed=1729...
      Average Passes: 1.0, Time/Memory: 0.15,9216
Running EXPLC_M with kPathN for N=1000, M=4000, k=10, seed=1729...
      Average Passes: 1.0, Time/Memory: 0.16,10240
Running EXPLC_M with kLev0 for N=1000, M=4000, k=2, seed=1729...
      Average Passes: 3.97, Time/Memory: 0.82,3072
Running EXPLC_M with kLev0 for N=1000, M=4000, k=5, seed=1729...
      Average Passes: 3.97, Time/Memory: 0.79,3072
Running EXPLC_M with kLev0 for N=1000, M=4000, k=10, seed=1729...
      Average Passes: 3.95, Time/Memory: 0.79,3072
Running EXPLC_M with kLevN for N=1000, M=4000, k=2, seed=1729...
      Average Passes: 1.98, Time/Memory: 0.61,3072
Running EXPLC_M with kLevN for N=1000, M=4000, k=5, seed=1729...
      Average Passes: 1.0, Time/Memory: 0.16,10240
Running EXPLC_M with kLevN for N=1000, M=4000, k=10, seed=1729...
      Average Passes: 1.0, Time/Memory: 0.16,10240
Running EXPLC_M with kPath0 for N=1000, M=5000, k=2, seed=1729...
      Average Passes: 7.95, Time/Memory: 1.35,3072
Running EXPLC_M with kPath0 for N=1000, M=5000, k=5, seed=1729...
      Average Passes: 3.0, Time/Memory: 0.58,4096
Running EXPLC_M with kPath0 for N=1000, M=5000, k=10, seed=1729...
      Average Passes: 2.0, Time/Memory: 0.43,4096
Running EXPLC_M with kPathN for N=1000, M=5000, k=2, seed=1729...
      Average Passes: 3.0, Time/Memory: 0.60,3072
Running EXPLC_M with kPathN for N=1000, M=5000, k=5, seed=1729...
      Average Passes: 1.0, Time/Memory: 0.19,10240
Running EXPLC_M with kPathN for N=1000, M=5000, k=10, seed=1729...
      Average Passes: 1.0, Time/Memory: 0.20,10240
Running EXPLC_M with kLev0 for N=1000, M=5000, k=2, seed=1729...
      Average Passes: 3.95, Time/Memory: 0.95,3072
Running EXPLC_M with kLev0 for N=1000, M=5000, k=5, seed=1729...
      Average Passes: 3.95, Time/Memory: 0.97,3072
Running EXPLC_M with kLev0 for N=1000, M=5000, k=10, seed=1729...
      Average Passes: 3.93, Time/Memory: 0.96,3072
Running EXPLC_M with kLevN for N=1000, M=5000, k=2, seed=1729...
      Average Passes: 1.99, Time/Memory: 0.70,3072
Running EXPLC_M with kLevN for N=1000, M=5000, k=5, seed=1729...
      Average Passes: 1.0, Time/Memory: 0.20,10240
Running EXPLC_M with kLevN for N=1000, M=5000, k=10, seed=1729...
      Average Passes: 1.0, Time/Memory: 0.19,10240
Running EXPLC_M with kPath0 for N=1000, M=6000, k=2, seed=1729...
      Average Passes: 8.39, Time/Memory: 1.67,3072
Running EXPLC_M with kPath0 for N=1000, M=6000, k=5, seed=1729...
      Average Passes: 3.0, Time/Memory: 0.65,4096
Running EXPLC_M with kPath0 for N=1000, M=6000, k=10, seed=1729...
      Average Passes: 2.0, Time/Memory: 0.49,4096
Running EXPLC_M with kPathN for N=1000, M=6000, k=2, seed=1729...
      Average Passes: 3.0, Time/Memory: 0.73,3072
Running EXPLC_M with kPathN for N=1000, M=6000, k=5, seed=1729...
      Average Passes: 2.0, Time/Memory: 0.53,4096
Running EXPLC_M with kPathN for N=1000, M=6000, k=10, seed=1729...
      Average Passes: 1.0, Time/Memory: 0.23,10240
Running EXPLC_M with kLev0 for N=1000, M=6000, k=2, seed=1729...
      Average Passes: 3.87, Time/Memory: 1.11,3072
Running EXPLC_M with kLev0 for N=1000, M=6000, k=5, seed=1729...
      Average Passes: 3.87, Time/Memory: 1.09,3072
Running EXPLC_M with kLev0 for N=1000, M=6000, k=10, seed=1729...
      Average Passes: 3.84, Time/Memory: 1.10,3072
Running EXPLC_M with kLevN for N=1000, M=6000, k=2, seed=1729...
      Average Passes: 1.99, Time/Memory: 0.81,3072
Running EXPLC_M with kLevN for N=1000, M=6000, k=5, seed=1729...
      Average Passes: 1.02, Time/Memory: 0.63,4096
Running EXPLC_M with kLevN for N=1000, M=6000, k=10, seed=1729...
      Average Passes: 1.0, Time/Memory: 0.24,10240
Running EXPLC_M with kPath0 for N=1000, M=7000, k=2, seed=1729...
      Average Passes: 8.73, Time/Memory: 1.99,3072
Running EXPLC_M with kPath0 for N=1000, M=7000, k=5, seed=1729...
      Average Passes: 3.0, Time/Memory: 0.73,4096
Running EXPLC_M with kPath0 for N=1000, M=7000, k=10, seed=1729...
      Average Passes: 2.0, Time/Memory: 0.56,4096
Running EXPLC_M with kPathN for N=1000, M=7000, k=2, seed=1729...
      Average Passes: 3.0, Time/Memory: 0.80,3072
Running EXPLC_M with kPathN for N=1000, M=7000, k=5, seed=1729...
      Average Passes: 2.0, Time/Memory: 0.59,4096
Running EXPLC_M with kPathN for N=1000, M=7000, k=10, seed=1729...
      Average Passes: 1.0, Time/Memory: 0.26,10240
Running EXPLC_M with kLev0 for N=1000, M=7000, k=2, seed=1729...
      Average Passes: 3.85, Time/Memory: 1.27,3072
Running EXPLC_M with kLev0 for N=1000, M=7000, k=5, seed=1729...
      Average Passes: 3.87, Time/Memory: 1.27,3072
Running EXPLC_M with kLev0 for N=1000, M=7000, k=10, seed=1729...
      Average Passes: 3.87, Time/Memory: 1.28,3072
Running EXPLC_M with kLevN for N=1000, M=7000, k=2, seed=1729...
      Average Passes: 1.99, Time/Memory: 0.89,3072
Running EXPLC_M with kLevN for N=1000, M=7000, k=5, seed=1729...
      Average Passes: 1.03, Time/Memory: 0.72,4096
Running EXPLC_M with kLevN for N=1000, M=7000, k=10, seed=1729...
      Average Passes: 1.0, Time/Memory: 0.25,10240
Running EXPLC_M with kPath0 for N=1000, M=8000, k=2, seed=1729...
      Average Passes: 8.9, Time/Memory: 2.28,3072
Running EXPLC_M with kPath0 for N=1000, M=8000, k=5, seed=1729...
      Average Passes: 3.0, Time/Memory: 0.82,4096
Running EXPLC_M with kPath0 for N=1000, M=8000, k=10, seed=1729...
      Average Passes: 2.0, Time/Memory: 0.66,4096
Running EXPLC_M with kPathN for N=1000, M=8000, k=2, seed=1729...
      Average Passes: 3.0, Time/Memory: 0.87,3072
Running EXPLC_M with kPathN for N=1000, M=8000, k=5, seed=1729...
      Average Passes: 2.0, Time/Memory: 0.62,4096
Running EXPLC_M with kPathN for N=1000, M=8000, k=10, seed=1729...
      Average Passes: 1.0, Time/Memory: 0.29,10240
Running EXPLC_M with kLev0 for N=1000, M=8000, k=2, seed=1729...
      Average Passes: 3.9, Time/Memory: 1.39,3072
Running EXPLC_M with kLev0 for N=1000, M=8000, k=5, seed=1729...
      Average Passes: 3.92, Time/Memory: 1.45,3072
Running EXPLC_M with kLev0 for N=1000, M=8000, k=10, seed=1729...
      Average Passes: 3.86, Time/Memory: 1.39,3072
Running EXPLC_M with kLevN for N=1000, M=8000, k=2, seed=1729...
      Average Passes: 1.99, Time/Memory: 1.00,3072
Running EXPLC_M with kLevN for N=1000, M=8000, k=5, seed=1729...
      Average Passes: 1.03, Time/Memory: 0.74,4096
Running EXPLC_M with kLevN for N=1000, M=8000, k=10, seed=1729...
      Average Passes: 1.0, Time/Memory: 0.30,10240
Running EXPLC_M with kPath0 for N=1000, M=9000, k=2, seed=1729...
      Average Passes: 9.29, Time/Memory: 2.60,3072
Running EXPLC_M with kPath0 for N=1000, M=9000, k=5, seed=1729...
      Average Passes: 3.0, Time/Memory: 0.92,4096
Running EXPLC_M with kPath0 for N=1000, M=9000, k=10, seed=1729...
      Average Passes: 3.0, Time/Memory: 0.98,4096
Running EXPLC_M with kPathN for N=1000, M=9000, k=2, seed=1729...
      Average Passes: 3.0, Time/Memory: 0.99,3072
Running EXPLC_M with kPathN for N=1000, M=9000, k=5, seed=1729...
      Average Passes: 2.0, Time/Memory: 0.68,4096
Running EXPLC_M with kPathN for N=1000, M=9000, k=10, seed=1729...
      Average Passes: 1.0, Time/Memory: 0.32,10240
Running EXPLC_M with kLev0 for N=1000, M=9000, k=2, seed=1729...
      Average Passes: 3.88, Time/Memory: 1.53,3072
Running EXPLC_M with kLev0 for N=1000, M=9000, k=5, seed=1729...
      Average Passes: 3.88, Time/Memory: 1.55,3072
Running EXPLC_M with kLev0 for N=1000, M=9000, k=10, seed=1729...
      Average Passes: 3.84, Time/Memory: 1.53,3072
Running EXPLC_M with kLevN for N=1000, M=9000, k=2, seed=1729...
      Average Passes: 1.99, Time/Memory: 1.03,3072
Running EXPLC_M with kLevN for N=1000, M=9000, k=5, seed=1729...
      Average Passes: 1.03, Time/Memory: 0.84,4096
Running EXPLC_M with kLevN for N=1000, M=9000, k=10, seed=1729...
      Average Passes: 1.0, Time/Memory: 0.31,10240
Running EXPLC_M with kPath0 for N=1000, M=10000, k=2, seed=1729...
      Average Passes: 9.43, Time/Memory: 3.00,3072
Running EXPLC_M with kPath0 for N=1000, M=10000, k=5, seed=1729...
      Average Passes: 3.0, Time/Memory: 1.01,4096
Running EXPLC_M with kPath0 for N=1000, M=10000, k=10, seed=1729...
      Average Passes: 3.0, Time/Memory: 1.16,4096
Running EXPLC_M with kPathN for N=1000, M=10000, k=2, seed=1729...
      Average Passes: 3.0, Time/Memory: 1.06,3072
Running EXPLC_M with kPathN for N=1000, M=10000, k=5, seed=1729...
      Average Passes: 2.0, Time/Memory: 0.73,4096
Running EXPLC_M with kPathN for N=1000, M=10000, k=10, seed=1729...
      Average Passes: 1.0, Time/Memory: 0.35,10240
Running EXPLC_M with kLev0 for N=1000, M=10000, k=2, seed=1729...
      Average Passes: 3.82, Time/Memory: 1.65,3072
Running EXPLC_M with kLev0 for N=1000, M=10000, k=5, seed=1729...
      Average Passes: 3.81, Time/Memory: 1.68,3072
Running EXPLC_M with kLev0 for N=1000, M=10000, k=10, seed=1729...
      Average Passes: 3.79, Time/Memory: 1.67,3072
Running EXPLC_M with kLevN for N=1000, M=10000, k=2, seed=1729...
      Average Passes: 1.99, Time/Memory: 1.13,3072
Running EXPLC_M with kLevN for N=1000, M=10000, k=5, seed=1729...
      Average Passes: 1.03, Time/Memory: 0.88,4096
Running EXPLC_M with kLevN for N=1000, M=10000, k=10, seed=1729...
      Average Passes: 1.0, Time/Memory: 0.35,10240
Running EXPLC_M with kPath0 for N=1000, M=11000, k=2, seed=1729...
      Average Passes: 9.66, Time/Memory: 3.25,3072
Running EXPLC_M with kPath0 for N=1000, M=11000, k=5, seed=1729...
      Average Passes: 3.0, Time/Memory: 1.09,4096
Running EXPLC_M with kPath0 for N=1000, M=11000, k=10, seed=1729...
      Average Passes: 3.0, Time/Memory: 1.21,4096
Running EXPLC_M with kPathN for N=1000, M=11000, k=2, seed=1729...
      Average Passes: 3.0, Time/Memory: 1.15,3072
Running EXPLC_M with kPathN for N=1000, M=11000, k=5, seed=1729...
      Average Passes: 2.0, Time/Memory: 0.79,4096
Running EXPLC_M with kPathN for N=1000, M=11000, k=10, seed=1729...
      Average Passes: 2.0, Time/Memory: 0.89,4096
Running EXPLC_M with kLev0 for N=1000, M=11000, k=2, seed=1729...
      Average Passes: 3.77, Time/Memory: 1.78,3072
Running EXPLC_M with kLev0 for N=1000, M=11000, k=5, seed=1729...
      Average Passes: 3.77, Time/Memory: 1.82,3072
Running EXPLC_M with kLev0 for N=1000, M=11000, k=10, seed=1729...
      Average Passes: 3.78, Time/Memory: 1.81,3072
Running EXPLC_M with kLevN for N=1000, M=11000, k=2, seed=1729...
      Average Passes: 1.99, Time/Memory: 1.18,3072
Running EXPLC_M with kLevN for N=1000, M=11000, k=5, seed=1729...
      Average Passes: 1.03, Time/Memory: 0.95,4096
Running EXPLC_M with kLevN for N=1000, M=11000, k=10, seed=1729...
      Average Passes: 1.0, Time/Memory: 0.91,4096
Running EXPLC_M with kPath0 for N=1000, M=12000, k=2, seed=1729...
      Average Passes: 9.77, Time/Memory: 3.74,3072
Running EXPLC_M with kPath0 for N=1000, M=12000, k=5, seed=1729...
      Average Passes: 3.0, Time/Memory: 1.19,4096
Running EXPLC_M with kPath0 for N=1000, M=12000, k=10, seed=1729...
      Average Passes: 3.0, Time/Memory: 1.23,4096
Running EXPLC_M with kPathN for N=1000, M=12000, k=2, seed=1729...
      Average Passes: 3.0, Time/Memory: 1.26,3072
Running EXPLC_M with kPathN for N=1000, M=12000, k=5, seed=1729...
      Average Passes: 2.0, Time/Memory: 0.86,4096
Running EXPLC_M with kPathN for N=1000, M=12000, k=10, seed=1729...
      Average Passes: 2.0, Time/Memory: 0.98,4096
Running EXPLC_M with kLev0 for N=1000, M=12000, k=2, seed=1729...
      Average Passes: 3.75, Time/Memory: 1.95,3072
Running EXPLC_M with kLev0 for N=1000, M=12000, k=5, seed=1729...
      Average Passes: 3.75, Time/Memory: 1.91,3072
Running EXPLC_M with kLev0 for N=1000, M=12000, k=10, seed=1729...
      Average Passes: 3.73, Time/Memory: 1.92,3072
Running EXPLC_M with kLevN for N=1000, M=12000, k=2, seed=1729...
      Average Passes: 1.99, Time/Memory: 1.28,3072
Running EXPLC_M with kLevN for N=1000, M=12000, k=5, seed=1729...
      Average Passes: 1.03, Time/Memory: 0.96,4096
Running EXPLC_M with kLevN for N=1000, M=12000, k=10, seed=1729...
      Average Passes: 1.0, Time/Memory: 1.02,4096
Running EXPLC_M with kPath0 for N=1000, M=13000, k=2, seed=1729...
      Average Passes: 9.9, Time/Memory: 3.99,3072
Running EXPLC_M with kPath0 for N=1000, M=13000, k=5, seed=1729...
      Average Passes: 3.0, Time/Memory: 1.22,4096
Running EXPLC_M with kPath0 for N=1000, M=13000, k=10, seed=1729...
      Average Passes: 3.0, Time/Memory: 1.31,4096
Running EXPLC_M with kPathN for N=1000, M=13000, k=2, seed=1729...
      Average Passes: 3.0, Time/Memory: 1.36,3072
Running EXPLC_M with kPathN for N=1000, M=13000, k=5, seed=1729...
      Average Passes: 2.0, Time/Memory: 0.91,4096
Running EXPLC_M with kPathN for N=1000, M=13000, k=10, seed=1729...
      Average Passes: 2.0, Time/Memory: 1.01,4096
Running EXPLC_M with kLev0 for N=1000, M=13000, k=2, seed=1729...
      Average Passes: 3.78, Time/Memory: 2.12,3072
Running EXPLC_M with kLev0 for N=1000, M=13000, k=5, seed=1729...
      Average Passes: 3.79, Time/Memory: 2.10,3072
Running EXPLC_M with kLev0 for N=1000, M=13000, k=10, seed=1729...
      Average Passes: 3.76, Time/Memory: 2.07,3072
Running EXPLC_M with kLevN for N=1000, M=13000, k=2, seed=1729...
      Average Passes: 1.99, Time/Memory: 1.34,3072
Running EXPLC_M with kLevN for N=1000, M=13000, k=5, seed=1729...
      Average Passes: 1.03, Time/Memory: 1.01,4096
Running EXPLC_M with kLevN for N=1000, M=13000, k=10, seed=1729...
      Average Passes: 1.0, Time/Memory: 1.00,4096
Running EXPLC_M with kPath0 for N=1000, M=14000, k=2, seed=1729...
      Average Passes: 10.0, Time/Memory: 4.14,3072
Running EXPLC_M with kPath0 for N=1000, M=14000, k=5, seed=1729...
      Average Passes: 3.0, Time/Memory: 1.33,4096
Running EXPLC_M with kPath0 for N=1000, M=14000, k=10, seed=1729...
      Average Passes: 3.0, Time/Memory: 1.40,4096
Running EXPLC_M with kPathN for N=1000, M=14000, k=2, seed=1729...
      Average Passes: 3.0, Time/Memory: 1.40,3072
Running EXPLC_M with kPathN for N=1000, M=14000, k=5, seed=1729...
      Average Passes: 2.0, Time/Memory: 0.95,4096
Running EXPLC_M with kPathN for N=1000, M=14000, k=10, seed=1729...
      Average Passes: 2.0, Time/Memory: 1.10,4096
Running EXPLC_M with kLev0 for N=1000, M=14000, k=2, seed=1729...
      Average Passes: 3.76, Time/Memory: 2.21,3072
Running EXPLC_M with kLev0 for N=1000, M=14000, k=5, seed=1729...
      Average Passes: 3.77, Time/Memory: 2.25,3072
Running EXPLC_M with kLev0 for N=1000, M=14000, k=10, seed=1729...
      Average Passes: 3.73, Time/Memory: 2.22,3072
Running EXPLC_M with kLevN for N=1000, M=14000, k=2, seed=1729...
      Average Passes: 1.99, Time/Memory: 1.45,3072
Running EXPLC_M with kLevN for N=1000, M=14000, k=5, seed=1729...
      Average Passes: 1.03, Time/Memory: 1.09,4096
Running EXPLC_M with kLevN for N=1000, M=14000, k=10, seed=1729...
      Average Passes: 1.0, Time/Memory: 1.06,4096
Running EXPLC_M with kPath0 for N=1000, M=15000, k=2, seed=1729...
      Average Passes: 10.16, Time/Memory: 4.72,3072
Running EXPLC_M with kPath0 for N=1000, M=15000, k=5, seed=1729...
      Average Passes: 3.0, Time/Memory: 1.48,4096
Running EXPLC_M with kPath0 for N=1000, M=15000, k=10, seed=1729...
      Average Passes: 3.0, Time/Memory: 1.52,4096
Running EXPLC_M with kPathN for N=1000, M=15000, k=2, seed=1729...
      Average Passes: 3.0, Time/Memory: 1.47,3072
Running EXPLC_M with kPathN for N=1000, M=15000, k=5, seed=1729...
      Average Passes: 2.0, Time/Memory: 1.05,4096
Running EXPLC_M with kPathN for N=1000, M=15000, k=10, seed=1729...
      Average Passes: 2.0, Time/Memory: 1.15,4096
Running EXPLC_M with kLev0 for N=1000, M=15000, k=2, seed=1729...
      Average Passes: 3.72, Time/Memory: 2.36,3072
Running EXPLC_M with kLev0 for N=1000, M=15000, k=5, seed=1729...
      Average Passes: 3.74, Time/Memory: 2.37,3072
Running EXPLC_M with kLev0 for N=1000, M=15000, k=10, seed=1729...
      Average Passes: 3.72, Time/Memory: 2.35,3072
Running EXPLC_M with kLevN for N=1000, M=15000, k=2, seed=1729...
      Average Passes: 1.99, Time/Memory: 1.50,3072
Running EXPLC_M with kLevN for N=1000, M=15000, k=5, seed=1729...
      Average Passes: 1.03, Time/Memory: 1.16,4096
Running EXPLC_M with kLevN for N=1000, M=15000, k=10, seed=1729...
      Average Passes: 1.0, Time/Memory: 1.10,4096
Running EXPLC_M with kPath0 for N=1000, M=16000, k=2, seed=1729...
      Average Passes: 10.3, Time/Memory: 5.09,3072
Running EXPLC_M with kPath0 for N=1000, M=16000, k=5, seed=1729...
      Average Passes: 3.0, Time/Memory: 1.56,4096
Running EXPLC_M with kPath0 for N=1000, M=16000, k=10, seed=1729...
      Average Passes: 3.0, Time/Memory: 1.56,4096
Running EXPLC_M with kPathN for N=1000, M=16000, k=2, seed=1729...
      Average Passes: 3.0, Time/Memory: 1.55,3072
Running EXPLC_M with kPathN for N=1000, M=16000, k=5, seed=1729...
      Average Passes: 2.0, Time/Memory: 1.07,4096
Running EXPLC_M with kPathN for N=1000, M=16000, k=10, seed=1729...
      Average Passes: 2.0, Time/Memory: 1.18,4096
Running EXPLC_M with kLev0 for N=1000, M=16000, k=2, seed=1729...
      Average Passes: 3.66, Time/Memory: 2.50,3072
Running EXPLC_M with kLev0 for N=1000, M=16000, k=5, seed=1729...
      Average Passes: 3.68, Time/Memory: 2.44,3072
Running EXPLC_M with kLev0 for N=1000, M=16000, k=10, seed=1729...
      Average Passes: 3.69, Time/Memory: 2.46,3072
Running EXPLC_M with kLevN for N=1000, M=16000, k=2, seed=1729...
      Average Passes: 1.99, Time/Memory: 1.58,3072
Running EXPLC_M with kLevN for N=1000, M=16000, k=5, seed=1729...
      Average Passes: 1.03, Time/Memory: 1.22,4096
Running EXPLC_M with kLevN for N=1000, M=16000, k=10, seed=1729...
      Average Passes: 1.0, Time/Memory: 1.17,4096
Running EXPLC_M with kPath0 for N=1000, M=17000, k=2, seed=1729...
      Average Passes: 10.3, Time/Memory: 5.20,3072
Running EXPLC_M with kPath0 for N=1000, M=17000, k=5, seed=1729...
      Average Passes: 3.0, Time/Memory: 1.65,4096
Running EXPLC_M with kPath0 for N=1000, M=17000, k=10, seed=1729...
      Average Passes: 3.0, Time/Memory: 1.71,4096
Running EXPLC_M with kPathN for N=1000, M=17000, k=2, seed=1729...
      Average Passes: 3.0, Time/Memory: 1.70,3072
Running EXPLC_M with kPathN for N=1000, M=17000, k=5, seed=1729...
      Average Passes: 2.0, Time/Memory: 1.22,4096
Running EXPLC_M with kPathN for N=1000, M=17000, k=10, seed=1729...
      Average Passes: 2.0, Time/Memory: 1.25,4096
Running EXPLC_M with kLev0 for N=1000, M=17000, k=2, seed=1729...
      Average Passes: 3.6, Time/Memory: 2.60,3072
Running EXPLC_M with kLev0 for N=1000, M=17000, k=5, seed=1729...
      Average Passes: 3.64, Time/Memory: 2.57,3072
Running EXPLC_M with kLev0 for N=1000, M=17000, k=10, seed=1729...
      Average Passes: 3.61, Time/Memory: 2.62,3072
Running EXPLC_M with kLevN for N=1000, M=17000, k=2, seed=1729...
      Average Passes: 1.99, Time/Memory: 1.66,3072
Running EXPLC_M with kLevN for N=1000, M=17000, k=5, seed=1729...
      Average Passes: 1.03, Time/Memory: 1.21,4096
Running EXPLC_M with kLevN for N=1000, M=17000, k=10, seed=1729...
      Average Passes: 1.0, Time/Memory: 1.21,4096
Running EXPLC_M with kPath0 for N=1000, M=18000, k=2, seed=1729...
      Average Passes: 10.53, Time/Memory: 5.87,3072
Running EXPLC_M with kPath0 for N=1000, M=18000, k=5, seed=1729...
      Average Passes: 3.0, Time/Memory: 1.75,4096
Running EXPLC_M with kPath0 for N=1000, M=18000, k=10, seed=1729...
      Average Passes: 3.0, Time/Memory: 1.78,4096
Running EXPLC_M with kPathN for N=1000, M=18000, k=2, seed=1729...
      Average Passes: 3.0, Time/Memory: 1.83,3072
Running EXPLC_M with kPathN for N=1000, M=18000, k=5, seed=1729...
      Average Passes: 2.0, Time/Memory: 1.25,4096
Running EXPLC_M with kPathN for N=1000, M=18000, k=10, seed=1729...
      Average Passes: 2.0, Time/Memory: 1.32,4096
Running EXPLC_M with kLev0 for N=1000, M=18000, k=2, seed=1729...
      Average Passes: 3.63, Time/Memory: 2.75,3072
Running EXPLC_M with kLev0 for N=1000, M=18000, k=5, seed=1729...
      Average Passes: 3.65, Time/Memory: 2.76,3072
Running EXPLC_M with kLev0 for N=1000, M=18000, k=10, seed=1729...
      Average Passes: 3.59, Time/Memory: 2.74,3072
Running EXPLC_M with kLevN for N=1000, M=18000, k=2, seed=1729...
      Average Passes: 1.99, Time/Memory: 1.71,3072
Running EXPLC_M with kLevN for N=1000, M=18000, k=5, seed=1729...
      Average Passes: 1.03, Time/Memory: 1.27,4096
Running EXPLC_M with kLevN for N=1000, M=18000, k=10, seed=1729...
      Average Passes: 1.0, Time/Memory: 1.26,4096
Running EXPLC_M with kPath0 for N=1000, M=19000, k=2, seed=1729...
      Average Passes: 10.58, Time/Memory: 6.29,3072
Running EXPLC_M with kPath0 for N=1000, M=19000, k=5, seed=1729...
      Average Passes: 3.0, Time/Memory: 1.83,4096
Running EXPLC_M with kPath0 for N=1000, M=19000, k=10, seed=1729...
      Average Passes: 3.0, Time/Memory: 1.89,4096
Running EXPLC_M with kPathN for N=1000, M=19000, k=2, seed=1729...
      Average Passes: 3.0, Time/Memory: 1.84,3072
Running EXPLC_M with kPathN for N=1000, M=19000, k=5, seed=1729...
      Average Passes: 2.0, Time/Memory: 1.28,4096
Running EXPLC_M with kPathN for N=1000, M=19000, k=10, seed=1729...
      Average Passes: 2.0, Time/Memory: 1.40,4096
Running EXPLC_M with kLev0 for N=1000, M=19000, k=2, seed=1729...
      Average Passes: 3.63, Time/Memory: 2.87,3072
Running EXPLC_M with kLev0 for N=1000, M=19000, k=5, seed=1729...
      Average Passes: 3.63, Time/Memory: 2.82,3072
Running EXPLC_M with kLev0 for N=1000, M=19000, k=10, seed=1729...
      Average Passes: 3.58, Time/Memory: 2.86,3072
Running EXPLC_M with kLevN for N=1000, M=19000, k=2, seed=1729...
      Average Passes: 1.99, Time/Memory: 1.84,3072
Running EXPLC_M with kLevN for N=1000, M=19000, k=5, seed=1729...
      Average Passes: 1.03, Time/Memory: 1.34,4096
Running EXPLC_M with kLevN for N=1000, M=19000, k=10, seed=1729...
      Average Passes: 1.0, Time/Memory: 1.29,4096
Running EXPLC_M with kPath0 for N=1000, M=20000, k=2, seed=1729...
      Average Passes: 10.56, Time/Memory: 6.48,3072
Running EXPLC_M with kPath0 for N=1000, M=20000, k=5, seed=1729...
      Average Passes: 3.06, Time/Memory: 1.93,4096
Running EXPLC_M with kPath0 for N=1000, M=20000, k=10, seed=1729...
      Average Passes: 3.0, Time/Memory: 1.96,4096
Running EXPLC_M with kPathN for N=1000, M=20000, k=2, seed=1729...
      Average Passes: 3.0, Time/Memory: 1.95,3072
Running EXPLC_M with kPathN for N=1000, M=20000, k=5, seed=1729...
      Average Passes: 2.0, Time/Memory: 1.32,4096
Running EXPLC_M with kPathN for N=1000, M=20000, k=10, seed=1729...
      Average Passes: 2.0, Time/Memory: 1.44,4096
Running EXPLC_M with kLev0 for N=1000, M=20000, k=2, seed=1729...
      Average Passes: 3.58, Time/Memory: 2.95,3072
Running EXPLC_M with kLev0 for N=1000, M=20000, k=5, seed=1729...
      Average Passes: 3.58, Time/Memory: 2.97,3072
Running EXPLC_M with kLev0 for N=1000, M=20000, k=10, seed=1729...
      Average Passes: 3.55, Time/Memory: 2.90,3072
Running EXPLC_M with kLevN for N=1000, M=20000, k=2, seed=1729...
      Average Passes: 1.99, Time/Memory: 1.90,3072
Running EXPLC_M with kLevN for N=1000, M=20000, k=5, seed=1729...
      Average Passes: 1.03, Time/Memory: 1.36,4096
Running EXPLC_M with kLevN for N=1000, M=20000, k=10, seed=1729...
      Average Passes: 1.0, Time/Memory: 1.39,4096
Running EXPLC_M with kPath0 for N=1000, M=30000, k=2, seed=1729...
      Average Passes: 11.37, Time/Memory: 10.36,3072
Running EXPLC_M with kPath0 for N=1000, M=30000, k=5, seed=1729...
      Average Passes: 4.0, Time/Memory: 3.73,4096
Running EXPLC_M with kPath0 for N=1000, M=30000, k=10, seed=1729...
      Average Passes: 3.0, Time/Memory: 2.88,4096
Running EXPLC_M with kPathN for N=1000, M=30000, k=2, seed=1729...
      Average Passes: 3.89, Time/Memory: 3.73,3072
Running EXPLC_M with kPathN for N=1000, M=30000, k=5, seed=1729...
      Average Passes: 2.0, Time/Memory: 1.88,4096
Running EXPLC_M with kPathN for N=1000, M=30000, k=10, seed=1729...
      Average Passes: 2.0, Time/Memory: 1.93,4096
Running EXPLC_M with kLev0 for N=1000, M=30000, k=2, seed=1729...
      Average Passes: 3.47, Time/Memory: 4.26,3072
Running EXPLC_M with kLev0 for N=1000, M=30000, k=5, seed=1729...
      Average Passes: 3.46, Time/Memory: 4.21,3072
Running EXPLC_M with kLev0 for N=1000, M=30000, k=10, seed=1729...
      Average Passes: 3.47, Time/Memory: 4.13,3072
Running EXPLC_M with kLevN for N=1000, M=30000, k=2, seed=1729...
      Average Passes: 1.99, Time/Memory: 2.65,3072
Running EXPLC_M with kLevN for N=1000, M=30000, k=5, seed=1729...
      Average Passes: 1.03, Time/Memory: 1.87,4096
Running EXPLC_M with kLevN for N=1000, M=30000, k=10, seed=1729...
      Average Passes: 1.0, Time/Memory: 1.79,4096
Running EXPLC_M with kPath0 for N=1000, M=40000, k=2, seed=1729...
      Average Passes: 11.85, Time/Memory: 14.11,3072
Running EXPLC_M with kPath0 for N=1000, M=40000, k=5, seed=1729...
      Average Passes: 4.0, Time/Memory: 4.88,4096
Running EXPLC_M with kPath0 for N=1000, M=40000, k=10, seed=1729...
      Average Passes: 3.0, Time/Memory: 3.70,4096
Running EXPLC_M with kPathN for N=1000, M=40000, k=2, seed=1729...
      Average Passes: 4.0, Time/Memory: 4.77,3072
Running EXPLC_M with kPathN for N=1000, M=40000, k=5, seed=1729...
      Average Passes: 2.0, Time/Memory: 2.58,4096
Running EXPLC_M with kPathN for N=1000, M=40000, k=10, seed=1729...
      Average Passes: 2.0, Time/Memory: 2.50,4096
Running EXPLC_M with kLev0 for N=1000, M=40000, k=2, seed=1729...
      Average Passes: 3.32, Time/Memory: 5.50,3072
Running EXPLC_M with kLev0 for N=1000, M=40000, k=5, seed=1729...
      Average Passes: 3.32, Time/Memory: 5.28,3072
Running EXPLC_M with kLev0 for N=1000, M=40000, k=10, seed=1729...
      Average Passes: 3.3, Time/Memory: 5.27,3072
Running EXPLC_M with kLevN for N=1000, M=40000, k=2, seed=1729...
      Average Passes: 1.99, Time/Memory: 3.43,3072
Running EXPLC_M with kLevN for N=1000, M=40000, k=5, seed=1729...
      Average Passes: 1.03, Time/Memory: 2.34,4096
Running EXPLC_M with kLevN for N=1000, M=40000, k=10, seed=1729...
      Average Passes: 1.0, Time/Memory: 2.23,4096
Running EXPLC_M with kPath0 for N=1000, M=50000, k=2, seed=1729...
      Average Passes: 12.13, Time/Memory: 17.89,3072
Running EXPLC_M with kPath0 for N=1000, M=50000, k=5, seed=1729...
      Average Passes: 4.0, Time/Memory: 5.88,4096
Running EXPLC_M with kPath0 for N=1000, M=50000, k=10, seed=1729...
      Average Passes: 3.0, Time/Memory: 4.54,4096
Running EXPLC_M with kPathN for N=1000, M=50000, k=2, seed=1729...
      Average Passes: 4.0, Time/Memory: 6.19,3072
Running EXPLC_M with kPathN for N=1000, M=50000, k=5, seed=1729...
      Average Passes: 2.0, Time/Memory: 3.10,4096
Running EXPLC_M with kPathN for N=1000, M=50000, k=10, seed=1729...
      Average Passes: 2.0, Time/Memory: 3.23,4096
Running EXPLC_M with kLev0 for N=1000, M=50000, k=2, seed=1729...
      Average Passes: 3.28, Time/Memory: 6.50,3072
Running EXPLC_M with kLev0 for N=1000, M=50000, k=5, seed=1729...
      Average Passes: 3.28, Time/Memory: 6.49,3072
Running EXPLC_M with kLev0 for N=1000, M=50000, k=10, seed=1729...
      Average Passes: 3.25, Time/Memory: 6.60,3072
Running EXPLC_M with kLevN for N=1000, M=50000, k=2, seed=1729...
      Average Passes: 1.99, Time/Memory: 4.10,3072
Running EXPLC_M with kLevN for N=1000, M=50000, k=5, seed=1729...
      Average Passes: 1.03, Time/Memory: 2.74,4096
Running EXPLC_M with kLevN for N=1000, M=50000, k=10, seed=1729...
      Average Passes: 1.0, Time/Memory: 2.70,4096
Running EXPLC_M with kPath0 for N=1000, M=60000, k=2, seed=1729...
      Average Passes: 12.38, Time/Memory: 22.17,3072
Running EXPLC_M with kPath0 for N=1000, M=60000, k=5, seed=1729...
      Average Passes: 4.0, Time/Memory: 7.07,4096
Running EXPLC_M with kPath0 for N=1000, M=60000, k=10, seed=1729...
      Average Passes: 3.0, Time/Memory: 5.67,4096
Running EXPLC_M with kPathN for N=1000, M=60000, k=2, seed=1729...
      Average Passes: 4.0, Time/Memory: 7.12,3072
Running EXPLC_M with kPathN for N=1000, M=60000, k=5, seed=1729...
      Average Passes: 2.0, Time/Memory: 3.69,4096
Running EXPLC_M with kPathN for N=1000, M=60000, k=10, seed=1729...
      Average Passes: 2.0, Time/Memory: 3.82,4096
Running EXPLC_M with kLev0 for N=1000, M=60000, k=2, seed=1729...
      Average Passes: 3.31, Time/Memory: 8.06,3072
Running EXPLC_M with kLev0 for N=1000, M=60000, k=5, seed=1729...
      Average Passes: 3.29, Time/Memory: 7.95,3072
Running EXPLC_M with kLev0 for N=1000, M=60000, k=10, seed=1729...
      Average Passes: 3.31, Time/Memory: 8.03,3072
Running EXPLC_M with kLevN for N=1000, M=60000, k=2, seed=1729...
      Average Passes: 1.99, Time/Memory: 5.02,3072
Running EXPLC_M with kLevN for N=1000, M=60000, k=5, seed=1729...
      Average Passes: 1.03, Time/Memory: 3.21,4096
Running EXPLC_M with kLevN for N=1000, M=60000, k=10, seed=1729...
      Average Passes: 1.0, Time/Memory: 3.18,4096
Running EXPLC_M with kPath0 for N=1000, M=70000, k=2, seed=1729...
      Average Passes: 12.57, Time/Memory: 26.10,3072
Running EXPLC_M with kPath0 for N=1000, M=70000, k=5, seed=1729...
      Average Passes: 4.0, Time/Memory: 8.42,4096
Running EXPLC_M with kPath0 for N=1000, M=70000, k=10, seed=1729...
      Average Passes: 3.0, Time/Memory: 6.16,4096
Running EXPLC_M with kPathN for N=1000, M=70000, k=2, seed=1729...
      Average Passes: 4.0, Time/Memory: 8.56,3072
Running EXPLC_M with kPathN for N=1000, M=70000, k=5, seed=1729...
      Average Passes: 2.0, Time/Memory: 4.21,4096
Running EXPLC_M with kPathN for N=1000, M=70000, k=10, seed=1729...
      Average Passes: 2.0, Time/Memory: 4.21,4096
Running EXPLC_M with kLev0 for N=1000, M=70000, k=2, seed=1729...
      Average Passes: 3.26, Time/Memory: 9.01,3072
Running EXPLC_M with kLev0 for N=1000, M=70000, k=5, seed=1729...
      Average Passes: 3.24, Time/Memory: 9.10,3072
Running EXPLC_M with kLev0 for N=1000, M=70000, k=10, seed=1729...
      Average Passes: 3.28, Time/Memory: 9.04,3072
Running EXPLC_M with kLevN for N=1000, M=70000, k=2, seed=1729...
      Average Passes: 1.99, Time/Memory: 5.70,3072
Running EXPLC_M with kLevN for N=1000, M=70000, k=5, seed=1729...
      Average Passes: 1.03, Time/Memory: 3.68,3072
Running EXPLC_M with kLevN for N=1000, M=70000, k=10, seed=1729...
      Average Passes: 1.0, Time/Memory: 3.62,4096
Running EXPLC_M with kPath0 for N=1000, M=80000, k=2, seed=1729...
      Average Passes: 12.7, Time/Memory: 29.96,3072
Running EXPLC_M with kPath0 for N=1000, M=80000, k=5, seed=1729...
      Average Passes: 4.0, Time/Memory: 9.51,4096
Running EXPLC_M with kPath0 for N=1000, M=80000, k=10, seed=1729...
      Average Passes: 3.0, Time/Memory: 7.00,4096
Running EXPLC_M with kPathN for N=1000, M=80000, k=2, seed=1729...
      Average Passes: 4.0, Time/Memory: 9.64,3072
Running EXPLC_M with kPathN for N=1000, M=80000, k=5, seed=1729...
      Average Passes: 2.0, Time/Memory: 4.84,4096
Running EXPLC_M with kPathN for N=1000, M=80000, k=10, seed=1729...
      Average Passes: 2.0, Time/Memory: 4.96,4096
Running EXPLC_M with kLev0 for N=1000, M=80000, k=2, seed=1729...
      Average Passes: 3.21, Time/Memory: 10.29,3072
Running EXPLC_M with kLev0 for N=1000, M=80000, k=5, seed=1729...
      Average Passes: 3.19, Time/Memory: 10.14,3072
Running EXPLC_M with kLev0 for N=1000, M=80000, k=10, seed=1729...
      Average Passes: 3.22, Time/Memory: 10.17,3072
Running EXPLC_M with kLevN for N=1000, M=80000, k=2, seed=1729...
      Average Passes: 1.99, Time/Memory: 6.44,3072
Running EXPLC_M with kLevN for N=1000, M=80000, k=5, seed=1729...
      Average Passes: 1.03, Time/Memory: 4.11,4096
Graph already exists at: ./input/random_graphs/graph_1000_499500_UNIFORM_6230961512046992311.txt
Graph already exists at: ./input/random_graphs/graph_1000_499500_UNIFORM_7871178979383552919.txt
Graph already exists at: ./input/random_graphs/graph_1000_499500_UNIFORM_5739955973604961613.txt
Graph already exists at: ./input/random_graphs/graph_1000_499500_UNIFORM_3881801951614183357.txt
Graph already exists at: ./input/random_graphs/graph_1000_499500_UNIFORM_7032710160631691991.txt
Graph already exists at: ./input/random_graphs/graph_1000_499500_UNIFORM_7599700178212337699.txt
Graph already exists at: ./input/random_graphs/graph_1000_499500_UNIFORM_1353182403971399009.txt
Graph already exists at: ./input/random_graphs/graph_1000_499500_UNIFORM_1070244953599069350.txt
Graph already exists at: ./input/random_graphs/graph_1000_499500_UNIFORM_6522163754831416203.txt
Graph already exists at: ./input/random_graphs/graph_1000_499500_UNIFORM_6938562734920028532.txt
Graph already exists at: ./input/random_graphs/graph_1000_499500_UNIFORM_4040737767143389431.txt
Graph already exists at: ./input/random_graphs/graph_1000_499500_UNIFORM_1250005700364523649.txt
Graph already exists at: ./input/random_graphs/graph_1000_499500_UNIFORM_1309542850049879452.txt
Graph already exists at: ./input/random_graphs/graph_1000_499500_UNIFORM_2429002973740178792.txt
Graph already exists at: ./input/random_graphs/graph_1000_499500_UNIFORM_7663871783842725848.txt
Graph already exists at: ./input/random_graphs/graph_1000_499500_UNIFORM_320375091487821987.txt
Graph already exists at: ./input/random_graphs/graph_1000_499500_UNIFORM_5906957480796939447.txt
Graph already exists at: ./input/random_graphs/graph_1000_499500_UNIFORM_1250773459040295677.txt
Graph already exists at: ./input/random_graphs/graph_1000_499500_UNIFORM_7146860528564146064.txt
Graph already exists at: ./input/random_graphs/graph_1000_499500_UNIFORM_3438400432146115956.txt
Graph already exists at: ./input/random_graphs/graph_1000_499500_UNIFORM_7473196763798409428.txt
Graph already exists at: ./input/random_graphs/graph_1000_499500_UNIFORM_5139481885857321791.txt
Graph already exists at: ./input/random_graphs/graph_1000_499500_UNIFORM_5142811650494845597.txt
Graph already exists at: ./input/random_graphs/graph_1000_499500_UNIFORM_3010622984418968408.txt
Graph already exists at: ./input/random_graphs/graph_1000_499500_UNIFORM_6002685213311538187.txt
Graph already exists at: ./input/random_graphs/graph_1000_499500_UNIFORM_5708372698381010775.txt
Graph already exists at: ./input/random_graphs/graph_1000_499500_UNIFORM_521787134863155063.txt
Graph already exists at: ./input/random_graphs/graph_1000_499500_UNIFORM_1731523882129807996.txt
Graph already exists at: ./input/random_graphs/graph_1000_499500_UNIFORM_1853590723603270879.txt
Graph already exists at: ./input/random_graphs/graph_1000_499500_UNIFORM_7029781962072644698.txt
Graph already exists at: ./input/random_graphs/graph_1000_499500_UNIFORM_6785030173969523435.txt
Graph already exists at: ./input/random_graphs/graph_1000_499500_UNIFORM_5529616217668449934.txt
Graph already exists at: ./input/random_graphs/graph_1000_499500_UNIFORM_1024517563182776983.txt
Graph already exists at: ./input/random_graphs/graph_1000_499500_UNIFORM_3224265581699847191.txt
Graph already exists at: ./input/random_graphs/graph_1000_499500_UNIFORM_5258051056098597521.txt
Graph already exists at: ./input/random_graphs/graph_1000_499500_UNIFORM_1647170069535670909.txt
Graph already exists at: ./input/random_graphs/graph_1000_499500_UNIFORM_4122784633514911760.txt
Graph already exists at: ./input/random_graphs/graph_1000_499500_UNIFORM_7706236040662210848.txt
Graph already exists at: ./input/random_graphs/graph_1000_499500_UNIFORM_824387247617288499.txt
Graph already exists at: ./input/random_graphs/graph_1000_499500_UNIFORM_1632192924771168275.txt
Graph already exists at: ./input/random_graphs/graph_1000_499500_UNIFORM_7161906730445628483.txt
Graph already exists at: ./input/random_graphs/graph_1000_499500_UNIFORM_6802378520969450157.txt
Graph already exists at: ./input/random_graphs/graph_1000_499500_UNIFORM_4552998297316576788.txt
Graph already exists at: ./input/random_graphs/graph_1000_499500_UNIFORM_8031431416522537101.txt
Graph already exists at: ./input/random_graphs/graph_1000_499500_UNIFORM_6143643868734370809.txt
Graph already exists at: ./input/random_graphs/graph_1000_499500_UNIFORM_3272308573967577038.txt
Graph already exists at: ./input/random_graphs/graph_1000_499500_UNIFORM_5636411189175451024.txt
Graph already exists at: ./input/random_graphs/graph_1000_499500_UNIFORM_5349491008325879064.txt
Graph already exists at: ./input/random_graphs/graph_1000_499500_UNIFORM_6614505080519948832.txt
Graph already exists at: ./input/random_graphs/graph_1000_499500_UNIFORM_7938560551762094560.txt
Graph already exists at: ./input/random_graphs/graph_1000_499500_UNIFORM_7917045922527545890.txt
Graph already exists at: ./input/random_graphs/graph_1000_499500_UNIFORM_4445925461710302877.txt
Graph already exists at: ./input/random_graphs/graph_1000_499500_UNIFORM_3865339568260874865.txt
Graph already exists at: ./input/random_graphs/graph_1000_499500_UNIFORM_7921282862123281598.txt
Graph already exists at: ./input/random_graphs/graph_1000_499500_UNIFORM_6224222471595207695.txt
Graph already exists at: ./input/random_graphs/graph_1000_499500_UNIFORM_1128313391724783137.txt
Graph already exists at: ./input/random_graphs/graph_1000_499500_UNIFORM_716820155901718944.txt
Graph already exists at: ./input/random_graphs/graph_1000_499500_UNIFORM_8718380604043999642.txt
Graph already exists at: ./input/random_graphs/graph_1000_499500_UNIFORM_5063475852268941542.txt
Graph already exists at: ./input/random_graphs/graph_1000_499500_UNIFORM_4997514996153925447.txt
Graph already exists at: ./input/random_graphs/graph_1000_499500_UNIFORM_8446481348147407377.txt
Graph already exists at: ./input/random_graphs/graph_1000_499500_UNIFORM_3817405844514670994.txt
Graph already exists at: ./input/random_graphs/graph_1000_499500_UNIFORM_6529943913552561417.txt
Graph already exists at: ./input/random_graphs/graph_1000_499500_UNIFORM_2909934787168262407.txt
Graph already exists at: ./input/random_graphs/graph_1000_499500_UNIFORM_1170385908854608748.txt
Graph already exists at: ./input/random_graphs/graph_1000_499500_UNIFORM_6022436717541034636.txt
Graph already exists at: ./input/random_graphs/graph_1000_499500_UNIFORM_199422815561151340.txt
Graph already exists at: ./input/random_graphs/graph_1000_499500_UNIFORM_3713827327871807734.txt
Graph already exists at: ./input/random_graphs/graph_1000_499500_UNIFORM_175493991617213850.txt
Graph already exists at: ./input/random_graphs/graph_1000_499500_UNIFORM_5108599054664628607.txt
Graph already exists at: ./input/random_graphs/graph_1000_499500_UNIFORM_6764066939395682287.txt
Graph already exists at: ./input/random_graphs/graph_1000_499500_UNIFORM_9130666990809746335.txt
Graph already exists at: ./input/random_graphs/graph_1000_499500_UNIFORM_7644420139408884785.txt
Graph already exists at: ./input/random_graphs/graph_1000_499500_UNIFORM_1458186392400727732.txt
Graph already exists at: ./input/random_graphs/graph_1000_499500_UNIFORM_1392892770529522614.txt
Graph already exists at: ./input/random_graphs/graph_1000_499500_UNIFORM_9060210648189963449.txt
Graph already exists at: ./input/random_graphs/graph_1000_499500_UNIFORM_4250897495980125004.txt
Graph already exists at: ./input/random_graphs/graph_1000_499500_UNIFORM_8794274795737982182.txt
Graph already exists at: ./input/random_graphs/graph_1000_499500_UNIFORM_2089506265998900862.txt
Graph already exists at: ./input/random_graphs/graph_1000_499500_UNIFORM_5497874167834979553.txt
Graph already exists at: ./input/random_graphs/graph_1000_499500_UNIFORM_4060584409398689268.txt
Graph already exists at: ./input/random_graphs/graph_1000_499500_UNIFORM_1332005502874566195.txt
Graph already exists at: ./input/random_graphs/graph_1000_499500_UNIFORM_1722224698700348310.txt
Graph already exists at: ./input/random_graphs/graph_1000_499500_UNIFORM_8626102704817790064.txt
Graph already exists at: ./input/random_graphs/graph_1000_499500_UNIFORM_7905487461282246979.txt
Graph already exists at: ./input/random_graphs/graph_1000_499500_UNIFORM_8448596294177070022.txt
Graph already exists at: ./input/random_graphs/graph_1000_499500_UNIFORM_4795749165124911768.txt
Graph already exists at: ./input/random_graphs/graph_1000_499500_UNIFORM_4934890601268679176.txt
Graph already exists at: ./input/random_graphs/graph_1000_499500_UNIFORM_1992204328026194281.txt
Graph already exists at: ./input/random_graphs/graph_1000_499500_UNIFORM_7118744415197196276.txt
Graph already exists at: ./input/random_graphs/graph_1000_499500_UNIFORM_2718103348384927511.txt
Graph already exists at: ./input/random_graphs/graph_1000_499500_UNIFORM_9059990922233379852.txt
Graph already exists at: ./input/random_graphs/graph_1000_499500_UNIFORM_7449662661572224354.txt
Graph already exists at: ./input/random_graphs/graph_1000_499500_UNIFORM_3221421291694197220.txt
Graph already exists at: ./input/random_graphs/graph_1000_499500_UNIFORM_8867616339855336876.txt
Graph already exists at: ./input/random_graphs/graph_1000_499500_UNIFORM_5894893360759659423.txt
Graph already exists at: ./input/random_graphs/graph_1000_499500_UNIFORM_7983805977214098674.txt
Graph already exists at: ./input/random_graphs/graph_1000_499500_UNIFORM_4940913311242578590.txt
Graph already exists at: ./input/random_graphs/graph_1000_499500_UNIFORM_2264398621601381987.txt
Graph already exists at: ./input/random_graphs/graph_1000_499500_UNIFORM_7632458674696225362.txt
Running EXPLC_M with kLevN for N=1000, M=80000, k=10, seed=1729...
      Average Passes: 1.0, Time/Memory: 4.05,4096
Running EXPLC_M with kPath0 for N=1000, M=90000, k=2, seed=1729...
      Average Passes: 12.87, Time/Memory: 32.48,3072
Running EXPLC_M with kPath0 for N=1000, M=90000, k=5, seed=1729...
      Average Passes: 4.0, Time/Memory: 10.64,4096
Running EXPLC_M with kPath0 for N=1000, M=90000, k=10, seed=1729...
      Average Passes: 3.01, Time/Memory: 8.03,4096
Running EXPLC_M with kPathN for N=1000, M=90000, k=2, seed=1729...
      Average Passes: 4.0, Time/Memory: 10.47,3072
Running EXPLC_M with kPathN for N=1000, M=90000, k=5, seed=1729...
      Average Passes: 2.0, Time/Memory: 5.56,4096
Running EXPLC_M with kPathN for N=1000, M=90000, k=10, seed=1729...
      Average Passes: 2.0, Time/Memory: 5.56,4096
Running EXPLC_M with kLev0 for N=1000, M=90000, k=2, seed=1729...
      Average Passes: 3.13, Time/Memory: 11.30,3072
Running EXPLC_M with kLev0 for N=1000, M=90000, k=5, seed=1729...
      Average Passes: 3.12, Time/Memory: 11.05,3072
Running EXPLC_M with kLev0 for N=1000, M=90000, k=10, seed=1729...
      Average Passes: 3.15, Time/Memory: 11.19,3072
Running EXPLC_M with kLevN for N=1000, M=90000, k=2, seed=1729...
      Average Passes: 1.99, Time/Memory: 7.10,3072
Running EXPLC_M with kLevN for N=1000, M=90000, k=5, seed=1729...
      Average Passes: 1.03, Time/Memory: 4.55,4096
Running EXPLC_M with kLevN for N=1000, M=90000, k=10, seed=1729...
      Average Passes: 1.0, Time/Memory: 4.52,4096
Running EXPLC_M with kPath0 for N=1000, M=100000, k=2, seed=1729...
      Average Passes: 12.87, Time/Memory: 37.44,3072
Running EXPLC_M with kPath0 for N=1000, M=100000, k=5, seed=1729...
      Average Passes: 4.03, Time/Memory: 11.92,4096
Running EXPLC_M with kPath0 for N=1000, M=100000, k=10, seed=1729...
      Average Passes: 3.1, Time/Memory: 9.36,4096
Running EXPLC_M with kPathN for N=1000, M=100000, k=2, seed=1729...
      Average Passes: 4.0, Time/Memory: 12.09,3072
Running EXPLC_M with kPathN for N=1000, M=100000, k=5, seed=1729...
      Average Passes: 2.03, Time/Memory: 6.42,4096
Running EXPLC_M with kPathN for N=1000, M=100000, k=10, seed=1729...
      Average Passes: 2.0, Time/Memory: 6.32,4096
Running EXPLC_M with kLev0 for N=1000, M=100000, k=2, seed=1729...
      Average Passes: 3.17, Time/Memory: 13.08,3072
Running EXPLC_M with kLev0 for N=1000, M=100000, k=5, seed=1729...
      Average Passes: 3.17, Time/Memory: 13.26,3072
Running EXPLC_M with kLev0 for N=1000, M=100000, k=10, seed=1729...
      Average Passes: 3.22, Time/Memory: 13.28,3072
Running EXPLC_M with kLevN for N=1000, M=100000, k=2, seed=1729...
      Average Passes: 1.99, Time/Memory: 8.24,3072
Running EXPLC_M with kLevN for N=1000, M=100000, k=5, seed=1729...
      Average Passes: 1.03, Time/Memory: 5.13,4096
Running EXPLC_M with kLevN for N=1000, M=100000, k=10, seed=1729...
      Average Passes: 1.0, Time/Memory: 5.14,4096
Running EXPLC_M with kPath0 for N=1000, M=200000, k=2, seed=1729...
      Average Passes: 13.5, Time/Memory: 81.16,3072
Running EXPLC_M with kPath0 for N=1000, M=200000, k=5, seed=1729...
      Average Passes: 4.93, Time/Memory: 29.65,4096
Running EXPLC_M with kPath0 for N=1000, M=200000, k=10, seed=1729...
      Average Passes: 3.98, Time/Memory: 24.20,4096
Running EXPLC_M with kPathN for N=1000, M=200000, k=2, seed=1729...
      Average Passes: 4.0, Time/Memory: 23.09,3072
Running EXPLC_M with kPathN for N=1000, M=200000, k=5, seed=1729...
      Average Passes: 2.97, Time/Memory: 17.10,4096
Running EXPLC_M with kPathN for N=1000, M=200000, k=10, seed=1729...
      Average Passes: 2.0, Time/Memory: 11.98,4096
Running EXPLC_M with kLev0 for N=1000, M=200000, k=2, seed=1729...
      Average Passes: 3.1, Time/Memory: 24.63,3072
Running EXPLC_M with kLev0 for N=1000, M=200000, k=5, seed=1729...
      Average Passes: 3.1, Time/Memory: 24.21,3072
Running EXPLC_M with kLev0 for N=1000, M=200000, k=10, seed=1729...
      Average Passes: 3.1, Time/Memory: 24.71,3072
Running EXPLC_M with kLevN for N=1000, M=200000, k=2, seed=1729...
      Average Passes: 1.99, Time/Memory: 15.59,3072
Running EXPLC_M with kLevN for N=1000, M=200000, k=5, seed=1729...
      Average Passes: 1.03, Time/Memory: 9.54,4096
Running EXPLC_M with kLevN for N=1000, M=200000, k=10, seed=1729...
      Average Passes: 1.0, Time/Memory: 9.66,3072
Running EXPLC_M with kPath0 for N=1000, M=300000, k=2, seed=1729...
      Average Passes: 13.67, Time/Memory: 118.98,3072
Running EXPLC_M with kPath0 for N=1000, M=300000, k=5, seed=1729...
      Average Passes: 4.96, Time/Memory: 44.36,4096
Running EXPLC_M with kPath0 for N=1000, M=300000, k=10, seed=1729...
      Average Passes: 3.98, Time/Memory: 34.48,4096
Running EXPLC_M with kPathN for N=1000, M=300000, k=2, seed=1729...
      Average Passes: 4.0, Time/Memory: 35.48,3072
Running EXPLC_M with kPathN for N=1000, M=300000, k=5, seed=1729...
      Average Passes: 2.97, Time/Memory: 25.77,4096
Running EXPLC_M with kPathN for N=1000, M=300000, k=10, seed=1729...
      Average Passes: 2.0, Time/Memory: 17.87,4096
Running EXPLC_M with kLev0 for N=1000, M=300000, k=2, seed=1729...
      Average Passes: 3.0, Time/Memory: 35.55,3072
Running EXPLC_M with kLev0 for N=1000, M=300000, k=5, seed=1729...
      Average Passes: 3.0, Time/Memory: 35.94,3072
Running EXPLC_M with kLev0 for N=1000, M=300000, k=10, seed=1729...
      Average Passes: 3.0, Time/Memory: 36.14,3072
Running EXPLC_M with kLevN for N=1000, M=300000, k=2, seed=1729...
      Average Passes: 1.99, Time/Memory: 22.93,3072
Running EXPLC_M with kLevN for N=1000, M=300000, k=5, seed=1729...
      Average Passes: 1.03, Time/Memory: 13.93,4096
Running EXPLC_M with kLevN for N=1000, M=300000, k=10, seed=1729...
      Average Passes: 1.0, Time/Memory: 14.01,4096
Running EXPLC_M with kPath0 for N=1000, M=400000, k=2, seed=1729...
      Average Passes: 13.73, Time/Memory: 159.64,3072
Running EXPLC_M with kPath0 for N=1000, M=400000, k=5, seed=1729...
      Average Passes: 4.96, Time/Memory: 56.34,4096
Running EXPLC_M with kPath0 for N=1000, M=400000, k=10, seed=1729...
      Average Passes: 3.98, Time/Memory: 44.91,4096
Running EXPLC_M with kPathN for N=1000, M=400000, k=2, seed=1729...
      Average Passes: 4.0, Time/Memory: 45.43,3072
Running EXPLC_M with kPathN for N=1000, M=400000, k=5, seed=1729...
      Average Passes: 2.97, Time/Memory: 34.04,4096
Running EXPLC_M with kPathN for N=1000, M=400000, k=10, seed=1729...
      Average Passes: 2.0, Time/Memory: 23.08,4096
Running EXPLC_M with kLev0 for N=1000, M=400000, k=2, seed=1729...
      Average Passes: 3.0, Time/Memory: 47.27,3072
Running EXPLC_M with kLev0 for N=1000, M=400000, k=5, seed=1729...
      Average Passes: 3.0, Time/Memory: 46.96,3072
Running EXPLC_M with kLev0 for N=1000, M=400000, k=10, seed=1729...
      Average Passes: 3.0, Time/Memory: 46.91,3072
Running EXPLC_M with kLevN for N=1000, M=400000, k=2, seed=1729...
      Average Passes: 1.99, Time/Memory: 30.73,3072
Running EXPLC_M with kLevN for N=1000, M=400000, k=5, seed=1729...
      Average Passes: 1.03, Time/Memory: 18.55,4096
Running EXPLC_M with kLevN for N=1000, M=400000, k=10, seed=1729...
      Average Passes: 1.0, Time/Memory: 18.28,4096
Running EXPLC_M with kPath0 for N=1000, M=499500, k=2, seed=1729...
      Average Passes: 13.74, Time/Memory: 198.00,3072
Running EXPLC_M with kPath0 for N=1000, M=499500, k=5, seed=1729...
      Average Passes: 4.96, Time/Memory: 71.30,3072
Running EXPLC_M with kPath0 for N=1000, M=499500, k=10, seed=1729...
      Average Passes: 3.98, Time/Memory: 57.14,4096
Running EXPLC_M with kPathN for N=1000, M=499500, k=2, seed=1729...
      Average Passes: 4.0, Time/Memory: 61.17,3072
Running EXPLC_M with kPathN for N=1000, M=499500, k=5, seed=1729...
      Average Passes: 2.97, Time/Memory: 45.33,4096
Running EXPLC_M with kPathN for N=1000, M=499500, k=10, seed=1729...
      Average Passes: 2.0, Time/Memory: 29.25,4096
Running EXPLC_M with kLev0 for N=1000, M=499500, k=2, seed=1729...
      Average Passes: 3.0, Time/Memory: 61.45,3072
Running EXPLC_M with kLev0 for N=1000, M=499500, k=5, seed=1729...
      Average Passes: 3.0, Time/Memory: 60.73,3072
Running EXPLC_M with kLev0 for N=1000, M=499500, k=10, seed=1729...
      Average Passes: 3.0, Time/Memory: 58.08,3072
Running EXPLC_M with kLevN for N=1000, M=499500, k=2, seed=1729...
      Average Passes: 1.99, Time/Memory: 37.64,3072
Running EXPLC_M with kLevN for N=1000, M=499500, k=5, seed=1729...
      Average Passes: 1.03, Time/Memory: 22.63,4096
Running EXPLC_M with kLevN for N=1000, M=499500, k=10, seed=1729...
      Average Passes: 1.0, Time/Memory: 22.47,4096
