Running VARM with 100 iterations, for N = 100 varying M from 1,000 to 49,995,000 and seed token 1729
Running EXPLC_M with kPath0 for N=10000, M=1000, k=2, seed=1729...
      Average Passes: 2.0, Time/Memory: 30.55,6144
Running EXPLC_M with kPath0 for N=10000, M=1000, k=5, seed=1729...
      Average Passes: 2.0, Time/Memory: 31.54,6108
Running EXPLC_M with kPath0 for N=10000, M=1000, k=10, seed=1729...
      Average Passes: 2.0, Time/Memory: 30.86,6144
Running EXPLC_M with kPathN for N=10000, M=1000, k=2, seed=1729...
      Average Passes: 1.0, Time/Memory: 0.06,40960
Running EXPLC_M with kPathN for N=10000, M=1000, k=5, seed=1729...
      Average Passes: 1.0, Time/Memory: 0.06,40960
Running EXPLC_M with kPathN for N=10000, M=1000, k=10, seed=1729...
      Average Passes: 1.0, Time/Memory: 0.06,40960
Running EXPLC_M with kLev0 for N=10000, M=1000, k=2, seed=1729...
      Average Passes: 2.0, Time/Memory: 0.35,6144
Running EXPLC_M with kLev0 for N=10000, M=1000, k=5, seed=1729...
      Average Passes: 2.0, Time/Memory: 0.36,6144
Running EXPLC_M with kLev0 for N=10000, M=1000, k=10, seed=1729...
      Average Passes: 2.0, Time/Memory: 0.35,6144
Running EXPLC_M with kLevN for N=10000, M=1000, k=2, seed=1729...
      Average Passes: 1.0, Time/Memory: 0.06,40960
Running EXPLC_M with kLevN for N=10000, M=1000, k=5, seed=1729...
      Average Passes: 1.0, Time/Memory: 0.06,40960
Running EXPLC_M with kLevN for N=10000, M=1000, k=10, seed=1729...
      Average Passes: 1.0, Time/Memory: 0.06,40960
Running EXPLC_M with kPath0 for N=10000, M=2000, k=2, seed=1729...
      Average Passes: 2.02, Time/Memory: 25.64,6144
Running EXPLC_M with kPath0 for N=10000, M=2000, k=5, seed=1729...
      Average Passes: 2.0, Time/Memory: 24.14,6068
Running EXPLC_M with kPath0 for N=10000, M=2000, k=10, seed=1729...
      Average Passes: 2.0, Time/Memory: 23.97,6144
Running EXPLC_M with kPathN for N=10000, M=2000, k=2, seed=1729...
      Average Passes: 1.0, Time/Memory: 0.11,44032
Running EXPLC_M with kPathN for N=10000, M=2000, k=5, seed=1729...
      Average Passes: 1.0, Time/Memory: 0.10,44032
Running EXPLC_M with kPathN for N=10000, M=2000, k=10, seed=1729...
      Average Passes: 1.0, Time/Memory: 0.12,43008
Running EXPLC_M with kLev0 for N=10000, M=2000, k=2, seed=1729...
      Average Passes: 2.0, Time/Memory: 0.48,6144
Running EXPLC_M with kLev0 for N=10000, M=2000, k=5, seed=1729...
      Average Passes: 2.0, Time/Memory: 0.45,6144
Running EXPLC_M with kLev0 for N=10000, M=2000, k=10, seed=1729...
      Average Passes: 2.0, Time/Memory: 0.47,6144
Running EXPLC_M with kLevN for N=10000, M=2000, k=2, seed=1729...
      Average Passes: 1.0, Time/Memory: 0.11,44032
Running EXPLC_M with kLevN for N=10000, M=2000, k=5, seed=1729...
      Average Passes: 1.0, Time/Memory: 0.10,43008
Running EXPLC_M with kLevN for N=10000, M=2000, k=10, seed=1729...
      Average Passes: 1.0, Time/Memory: 0.11,44032
Running EXPLC_M with kPath0 for N=10000, M=3000, k=2, seed=1729...
      Average Passes: 2.06, Time/Memory: 26.16,7168
Running EXPLC_M with kPath0 for N=10000, M=3000, k=5, seed=1729...
      Average Passes: 2.0, Time/Memory: 27.15,7168
Running EXPLC_M with kPath0 for N=10000, M=3000, k=10, seed=1729...
      Average Passes: 2.0, Time/Memory: 25.78,6144
Running EXPLC_M with kPathN for N=10000, M=3000, k=2, seed=1729...
      Average Passes: 1.0, Time/Memory: 0.16,46080
Running EXPLC_M with kPathN for N=10000, M=3000, k=5, seed=1729...
      Average Passes: 1.0, Time/Memory: 0.17,46080
Running EXPLC_M with kPathN for N=10000, M=3000, k=10, seed=1729...
      Average Passes: 1.0, Time/Memory: 0.18,46080
Running EXPLC_M with kLev0 for N=10000, M=3000, k=2, seed=1729...
      Average Passes: 2.03, Time/Memory: 0.64,6144
Running EXPLC_M with kLev0 for N=10000, M=3000, k=5, seed=1729...
      Average Passes: 2.01, Time/Memory: 0.57,6144
Running EXPLC_M with kLev0 for N=10000, M=3000, k=10, seed=1729...
      Average Passes: 2.0, Time/Memory: 0.58,6144
Running EXPLC_M with kLevN for N=10000, M=3000, k=2, seed=1729...
      Average Passes: 1.0, Time/Memory: 0.16,46080
Running EXPLC_M with kLevN for N=10000, M=3000, k=5, seed=1729...
      Average Passes: 1.0, Time/Memory: 0.16,46080
Running EXPLC_M with kLevN for N=10000, M=3000, k=10, seed=1729...
      Average Passes: 1.0, Time/Memory: 0.16,46080
Running EXPLC_M with kPath0 for N=10000, M=4000, k=2, seed=1729...
      Average Passes: 2.28, Time/Memory: 19.24,6144
Running EXPLC_M with kPath0 for N=10000, M=4000, k=5, seed=1729...
      Average Passes: 2.0, Time/Memory: 21.89,6144
Running EXPLC_M with kPath0 for N=10000, M=4000, k=10, seed=1729...
      Average Passes: 2.0, Time/Memory: 21.86,7168
Running EXPLC_M with kPathN for N=10000, M=4000, k=2, seed=1729...
      Average Passes: 1.0, Time/Memory: 0.20,49152
Running EXPLC_M with kPathN for N=10000, M=4000, k=5, seed=1729...
      Average Passes: 1.0, Time/Memory: 0.22,49152
Running EXPLC_M with kPathN for N=10000, M=4000, k=10, seed=1729...
      Average Passes: 1.0, Time/Memory: 0.20,49152
Running EXPLC_M with kLev0 for N=10000, M=4000, k=2, seed=1729...
      Average Passes: 2.14, Time/Memory: 0.68,6144
Running EXPLC_M with kLev0 for N=10000, M=4000, k=5, seed=1729...
      Average Passes: 2.11, Time/Memory: 0.69,6144
Running EXPLC_M with kLev0 for N=10000, M=4000, k=10, seed=1729...
      Average Passes: 2.05, Time/Memory: 0.68,6144
Running EXPLC_M with kLevN for N=10000, M=4000, k=2, seed=1729...
      Average Passes: 1.0, Time/Memory: 0.21,49152
Running EXPLC_M with kLevN for N=10000, M=4000, k=5, seed=1729...
      Average Passes: 1.0, Time/Memory: 0.20,49152
Running EXPLC_M with kLevN for N=10000, M=4000, k=10, seed=1729...
      Average Passes: 1.0, Time/Memory: 0.20,49152
Running EXPLC_M with kPath0 for N=10000, M=5000, k=2, seed=1729...
      Average Passes: 2.93, Time/Memory: 15.38,5120
Running EXPLC_M with kPath0 for N=10000, M=5000, k=5, seed=1729...
      Average Passes: 2.0, Time/Memory: 17.68,6144
Running EXPLC_M with kPath0 for N=10000, M=5000, k=10, seed=1729...
      Average Passes: 2.0, Time/Memory: 17.66,6144
Running EXPLC_M with kPathN for N=10000, M=5000, k=2, seed=1729...
      Average Passes: 1.0, Time/Memory: 0.29,53248
Running EXPLC_M with kPathN for N=10000, M=5000, k=5, seed=1729...
      Average Passes: 1.0, Time/Memory: 0.27,53248
Running EXPLC_M with kPathN for N=10000, M=5000, k=10, seed=1729...
      Average Passes: 1.0, Time/Memory: 0.26,53248
Running EXPLC_M with kLev0 for N=10000, M=5000, k=2, seed=1729...
      Average Passes: 2.51, Time/Memory: 0.91,6144
Running EXPLC_M with kLev0 for N=10000, M=5000, k=5, seed=1729...
      Average Passes: 2.51, Time/Memory: 1.06,6144
Running EXPLC_M with kLev0 for N=10000, M=5000, k=10, seed=1729...
      Average Passes: 2.45, Time/Memory: 0.89,6144
Running EXPLC_M with kLevN for N=10000, M=5000, k=2, seed=1729...
      Average Passes: 1.0, Time/Memory: 0.27,53248
Running EXPLC_M with kLevN for N=10000, M=5000, k=5, seed=1729...
      Average Passes: 1.0, Time/Memory: 0.26,53248
Running EXPLC_M with kLevN for N=10000, M=5000, k=10, seed=1729...
      Average Passes: 1.0, Time/Memory: 0.28,53248
Running EXPLC_M with kPath0 for N=10000, M=6000, k=2, seed=1729...
      Average Passes: 4.11, Time/Memory: 14.72,7168
Running EXPLC_M with kPath0 for N=10000, M=6000, k=5, seed=1729...
      Average Passes: 2.0, Time/Memory: 13.34,7168
Running EXPLC_M with kPath0 for N=10000, M=6000, k=10, seed=1729...
      Average Passes: 2.0, Time/Memory: 13.30,7168
Running EXPLC_M with kPathN for N=10000, M=6000, k=2, seed=1729...
      Average Passes: 1.0, Time/Memory: 0.32,56320
Running EXPLC_M with kPathN for N=10000, M=6000, k=5, seed=1729...
      Average Passes: 1.0, Time/Memory: 0.31,56320
Running EXPLC_M with kPathN for N=10000, M=6000, k=10, seed=1729...
      Average Passes: 1.0, Time/Memory: 0.31,56320
Running EXPLC_M with kLev0 for N=10000, M=6000, k=2, seed=1729...
      Average Passes: 3.86, Time/Memory: 1.60,6144
Running EXPLC_M with kLev0 for N=10000, M=6000, k=5, seed=1729...
      Average Passes: 3.85, Time/Memory: 1.56,6144
Running EXPLC_M with kLev0 for N=10000, M=6000, k=10, seed=1729...
      Average Passes: 3.84, Time/Memory: 1.57,6144
Running EXPLC_M with kLevN for N=10000, M=6000, k=2, seed=1729...
      Average Passes: 1.0, Time/Memory: 0.35,56320
Running EXPLC_M with kLevN for N=10000, M=6000, k=5, seed=1729...
      Average Passes: 1.0, Time/Memory: 0.33,56320
Running EXPLC_M with kLevN for N=10000, M=6000, k=10, seed=1729...
      Average Passes: 1.0, Time/Memory: 0.34,56320
Running EXPLC_M with kPath0 for N=10000, M=7000, k=2, seed=1729...
      Average Passes: 4.54, Time/Memory: 14.56,7168
Running EXPLC_M with kPath0 for N=10000, M=7000, k=5, seed=1729...
      Average Passes: 2.0, Time/Memory: 10.59,7168
Running EXPLC_M with kPath0 for N=10000, M=7000, k=10, seed=1729...
      Average Passes: 2.0, Time/Memory: 10.54,7168
Running EXPLC_M with kPathN for N=10000, M=7000, k=2, seed=1729...
      Average Passes: 1.0, Time/Memory: 0.38,59392
Running EXPLC_M with kPathN for N=10000, M=7000, k=5, seed=1729...
      Average Passes: 1.0, Time/Memory: 0.37,59392
Running EXPLC_M with kPathN for N=10000, M=7000, k=10, seed=1729...
      Average Passes: 1.0, Time/Memory: 0.39,59392
Running EXPLC_M with kLev0 for N=10000, M=7000, k=2, seed=1729...
      Average Passes: 4.09, Time/Memory: 2.39,6144
Running EXPLC_M with kLev0 for N=10000, M=7000, k=5, seed=1729...
      Average Passes: 4.09, Time/Memory: 3.17,7168
Running EXPLC_M with kLev0 for N=10000, M=7000, k=10, seed=1729...
      Average Passes: 4.09, Time/Memory: 2.31,7168
Running EXPLC_M with kLevN for N=10000, M=7000, k=2, seed=1729...
      Average Passes: 1.0, Time/Memory: 0.42,59392
Running EXPLC_M with kLevN for N=10000, M=7000, k=5, seed=1729...
      Average Passes: 1.0, Time/Memory: 0.37,59392
Running EXPLC_M with kLevN for N=10000, M=7000, k=10, seed=1729...
      Average Passes: 1.0, Time/Memory: 0.37,59392
Running EXPLC_M with kPath0 for N=10000, M=8000, k=2, seed=1729...
      Average Passes: 5.22, Time/Memory: 13.76,7168
Running EXPLC_M with kPath0 for N=10000, M=8000, k=5, seed=1729...
      Average Passes: 2.0, Time/Memory: 8.63,8012
Running EXPLC_M with kPath0 for N=10000, M=8000, k=10, seed=1729...
      Average Passes: 2.0, Time/Memory: 8.60,8624
Running EXPLC_M with kPathN for N=10000, M=8000, k=2, seed=1729...
      Average Passes: 1.0, Time/Memory: 0.44,62464
Running EXPLC_M with kPathN for N=10000, M=8000, k=5, seed=1729...
      Average Passes: 1.0, Time/Memory: 0.43,62464
Running EXPLC_M with kPathN for N=10000, M=8000, k=10, seed=1729...
      Average Passes: 1.0, Time/Memory: 0.50,62464
Running EXPLC_M with kLev0 for N=10000, M=8000, k=2, seed=1729...
      Average Passes: 4.15, Time/Memory: 3.16,7168
Running EXPLC_M with kLev0 for N=10000, M=8000, k=5, seed=1729...
      Average Passes: 4.16, Time/Memory: 3.17,7168
Running EXPLC_M with kLev0 for N=10000, M=8000, k=10, seed=1729...
      Average Passes: 4.15, Time/Memory: 3.17,7168
Running EXPLC_M with kLevN for N=10000, M=8000, k=2, seed=1729...
      Average Passes: 1.0, Time/Memory: 0.50,62464
Running EXPLC_M with kLevN for N=10000, M=8000, k=5, seed=1729...
      Average Passes: 1.0, Time/Memory: 0.45,62464
Running EXPLC_M with kLevN for N=10000, M=8000, k=10, seed=1729...
      Average Passes: 1.0, Time/Memory: 0.44,61440
Running EXPLC_M with kPath0 for N=10000, M=9000, k=2, seed=1729...
      Average Passes: 5.39, Time/Memory: 12.40,8192
Running EXPLC_M with kPath0 for N=10000, M=9000, k=5, seed=1729...
      Average Passes: 2.0, Time/Memory: 7.72,8192
Running EXPLC_M with kPath0 for N=10000, M=9000, k=10, seed=1729...
      Average Passes: 2.0, Time/Memory: 7.26,8192
Running EXPLC_M with kPathN for N=10000, M=9000, k=2, seed=1729...
      Average Passes: 1.0, Time/Memory: 0.55,63488
Running EXPLC_M with kPathN for N=10000, M=9000, k=5, seed=1729...
      Average Passes: 1.0, Time/Memory: 0.50,63488
Running EXPLC_M with kPathN for N=10000, M=9000, k=10, seed=1729...
      Average Passes: 1.0, Time/Memory: 0.55,63488
Running EXPLC_M with kLev0 for N=10000, M=9000, k=2, seed=1729...
      Average Passes: 4.18, Time/Memory: 3.91,7168
Running EXPLC_M with kLev0 for N=10000, M=9000, k=5, seed=1729...
      Average Passes: 4.17, Time/Memory: 5.49,7168
Running EXPLC_M with kLev0 for N=10000, M=9000, k=10, seed=1729...
      Average Passes: 4.18, Time/Memory: 3.91,7168
Running EXPLC_M with kLevN for N=10000, M=9000, k=2, seed=1729...
      Average Passes: 1.0, Time/Memory: 0.47,63488
Running EXPLC_M with kLevN for N=10000, M=9000, k=5, seed=1729...
      Average Passes: 1.0, Time/Memory: 0.48,63488
Running EXPLC_M with kLevN for N=10000, M=9000, k=10, seed=1729...
      Average Passes: 1.0, Time/Memory: 0.52,63488
Running EXPLC_M with kPath0 for N=10000, M=10000, k=2, seed=1729...
      Average Passes: 5.62, Time/Memory: 11.44,8192
Running EXPLC_M with kPath0 for N=10000, M=10000, k=5, seed=1729...
      Average Passes: 2.0, Time/Memory: 5.80,8192
Running EXPLC_M with kPath0 for N=10000, M=10000, k=10, seed=1729...
      Average Passes: 2.0, Time/Memory: 5.82,8424
Running EXPLC_M with kPathN for N=10000, M=10000, k=2, seed=1729...
      Average Passes: 1.0, Time/Memory: 0.52,65536
Running EXPLC_M with kPathN for N=10000, M=10000, k=5, seed=1729...
      Average Passes: 1.0, Time/Memory: 0.51,65536
Running EXPLC_M with kPathN for N=10000, M=10000, k=10, seed=1729...
      Average Passes: 1.0, Time/Memory: 0.50,64512
Running EXPLC_M with kLev0 for N=10000, M=10000, k=2, seed=1729...
      Average Passes: 4.18, Time/Memory: 4.48,7168
Running EXPLC_M with kLev0 for N=10000, M=10000, k=5, seed=1729...
      Average Passes: 4.18, Time/Memory: 4.46,7168
Running EXPLC_M with kLev0 for N=10000, M=10000, k=10, seed=1729...
      Average Passes: 4.17, Time/Memory: 4.46,7168
Running EXPLC_M with kLevN for N=10000, M=10000, k=2, seed=1729...
      Average Passes: 1.0, Time/Memory: 0.50,65536
Running EXPLC_M with kLevN for N=10000, M=10000, k=5, seed=1729...
      Average Passes: 1.0, Time/Memory: 0.50,64512
Running EXPLC_M with kLevN for N=10000, M=10000, k=10, seed=1729...
      Average Passes: 1.0, Time/Memory: 0.51,65536
Running EXPLC_M with kPath0 for N=10000, M=12500, k=2, seed=1729...
      Average Passes: 6.31, Time/Memory: 11.09,8912
Running EXPLC_M with kPath0 for N=10000, M=12500, k=5, seed=1729...
      Average Passes: 2.0, Time/Memory: 4.11,9032
Running EXPLC_M with kPath0 for N=10000, M=12500, k=10, seed=1729...
      Average Passes: 2.0, Time/Memory: 4.09,9032
Running EXPLC_M with kPathN for N=10000, M=12500, k=2, seed=1729...
      Average Passes: 1.0, Time/Memory: 0.62,67584
Running EXPLC_M with kPathN for N=10000, M=12500, k=5, seed=1729...
      Average Passes: 1.0, Time/Memory: 0.61,67584
Running EXPLC_M with kPathN for N=10000, M=12500, k=10, seed=1729...
      Average Passes: 1.0, Time/Memory: 0.61,67584
Running EXPLC_M with kLev0 for N=10000, M=12500, k=2, seed=1729...
      Average Passes: 4.14, Time/Memory: 5.91,7168
Running EXPLC_M with kLev0 for N=10000, M=12500, k=5, seed=1729...
      Average Passes: 4.14, Time/Memory: 5.93,7168
Running EXPLC_M with kLev0 for N=10000, M=12500, k=10, seed=1729...
      Average Passes: 4.14, Time/Memory: 9.25,7168
Running EXPLC_M with kLevN for N=10000, M=12500, k=2, seed=1729...
      Average Passes: 1.0, Time/Memory: 0.62,67584
Running EXPLC_M with kLevN for N=10000, M=12500, k=5, seed=1729...
      Average Passes: 1.0, Time/Memory: 0.80,67584
Running EXPLC_M with kLevN for N=10000, M=12500, k=10, seed=1729...
      Average Passes: 1.0, Time/Memory: 0.66,67584
Running EXPLC_M with kPath0 for N=10000, M=15000, k=2, seed=1729...
      Average Passes: 6.53, Time/Memory: 13.19,8192
Running EXPLC_M with kPath0 for N=10000, M=15000, k=5, seed=1729...
      Average Passes: 2.0, Time/Memory: 3.53,8692
Running EXPLC_M with kPath0 for N=10000, M=15000, k=10, seed=1729...
      Average Passes: 2.0, Time/Memory: 4.23,9260
Running EXPLC_M with kPathN for N=10000, M=15000, k=2, seed=1729...
      Average Passes: 1.0, Time/Memory: 0.94,69632
Running EXPLC_M with kPathN for N=10000, M=15000, k=5, seed=1729...
      Average Passes: 1.0, Time/Memory: 0.95,69632
Running EXPLC_M with kPathN for N=10000, M=15000, k=10, seed=1729...
      Average Passes: 1.0, Time/Memory: 0.78,69632
Running EXPLC_M with kLev0 for N=10000, M=15000, k=2, seed=1729...
      Average Passes: 4.19, Time/Memory: 7.92,7168
Running EXPLC_M with kLev0 for N=10000, M=15000, k=5, seed=1729...
      Average Passes: 4.2, Time/Memory: 11.25,7168
Running EXPLC_M with kLev0 for N=10000, M=15000, k=10, seed=1729...
      Average Passes: 4.17, Time/Memory: 7.23,7168
Running EXPLC_M with kLevN for N=10000, M=15000, k=2, seed=1729...
      Average Passes: 1.0, Time/Memory: 0.79,69632
Running EXPLC_M with kLevN for N=10000, M=15000, k=5, seed=1729...
      Average Passes: 1.0, Time/Memory: 0.88,69632
Running EXPLC_M with kLevN for N=10000, M=15000, k=10, seed=1729...
      Average Passes: 1.0, Time/Memory: 0.73,69632
Running EXPLC_M with kPath0 for N=10000, M=17500, k=2, seed=1729...
      Average Passes: 7.0, Time/Memory: 13.39,8192
Running EXPLC_M with kPath0 for N=10000, M=17500, k=5, seed=1729...
      Average Passes: 2.0, Time/Memory: 2.83,9736
Running EXPLC_M with kPath0 for N=10000, M=17500, k=10, seed=1729...
      Average Passes: 2.0, Time/Memory: 2.97,9548
Running EXPLC_M with kPathN for N=10000, M=17500, k=2, seed=1729...
      Average Passes: 1.0, Time/Memory: 0.86,70656
Running EXPLC_M with kPathN for N=10000, M=17500, k=5, seed=1729...
      Average Passes: 1.0, Time/Memory: 1.05,70656
Running EXPLC_M with kPathN for N=10000, M=17500, k=10, seed=1729...
      Average Passes: 1.0, Time/Memory: 0.85,69632
Running EXPLC_M with kLev0 for N=10000, M=17500, k=2, seed=1729...
      Average Passes: 4.16, Time/Memory: 8.43,8192
Running EXPLC_M with kLev0 for N=10000, M=17500, k=5, seed=1729...
      Average Passes: 4.18, Time/Memory: 8.71,7168
Running EXPLC_M with kLev0 for N=10000, M=17500, k=10, seed=1729...
      Average Passes: 4.18, Time/Memory: 8.40,7168
Running EXPLC_M with kLevN for N=10000, M=17500, k=2, seed=1729...
      Average Passes: 1.0, Time/Memory: 0.86,69632
Running EXPLC_M with kLevN for N=10000, M=17500, k=5, seed=1729...
      Average Passes: 1.0, Time/Memory: 1.07,70656
Running EXPLC_M with kLevN for N=10000, M=17500, k=10, seed=1729...
      Average Passes: 1.0, Time/Memory: 0.88,70656
Running EXPLC_M with kPath0 for N=10000, M=20000, k=2, seed=1729...
      Average Passes: 7.36, Time/Memory: 11.77,8192
Running EXPLC_M with kPath0 for N=10000, M=20000, k=5, seed=1729...
      Average Passes: 2.0, Time/Memory: 2.74,10016
Running EXPLC_M with kPath0 for N=10000, M=20000, k=10, seed=1729...
      Average Passes: 2.0, Time/Memory: 2.76,10016
Running EXPLC_M with kPathN for N=10000, M=20000, k=2, seed=1729...
      Average Passes: 1.0, Time/Memory: 0.92,70656
Running EXPLC_M with kPathN for N=10000, M=20000, k=5, seed=1729...
      Average Passes: 1.0, Time/Memory: 0.95,70656
Running EXPLC_M with kPathN for N=10000, M=20000, k=10, seed=1729...
      Average Passes: 1.0, Time/Memory: 0.97,70656
Running EXPLC_M with kLev0 for N=10000, M=20000, k=2, seed=1729...
      Average Passes: 4.09, Time/Memory: 9.52,8192
Running EXPLC_M with kLev0 for N=10000, M=20000, k=5, seed=1729...
      Average Passes: 4.09, Time/Memory: 9.24,8192
Running EXPLC_M with kLev0 for N=10000, M=20000, k=10, seed=1729...
      Average Passes: 4.08, Time/Memory: 14.10,8192
Running EXPLC_M with kLevN for N=10000, M=20000, k=2, seed=1729...
      Average Passes: 1.0, Time/Memory: 0.92,70656
Running EXPLC_M with kLevN for N=10000, M=20000, k=5, seed=1729...
      Average Passes: 1.0, Time/Memory: 0.92,70656
Running EXPLC_M with kLevN for N=10000, M=20000, k=10, seed=1729...
      Average Passes: 1.0, Time/Memory: 1.19,70656
Running EXPLC_M with kPath0 for N=10000, M=22500, k=2, seed=1729...
      Average Passes: 7.56, Time/Memory: 14.07,8192
Running EXPLC_M with kPath0 for N=10000, M=22500, k=5, seed=1729...
      Average Passes: 2.0, Time/Memory: 2.60,10276
Running EXPLC_M with kPath0 for N=10000, M=22500, k=10, seed=1729...
      Average Passes: 2.0, Time/Memory: 4.43,10240
Running EXPLC_M with kPathN for N=10000, M=22500, k=2, seed=1729...
      Average Passes: 2.0, Time/Memory: 4.78,9116
Running EXPLC_M with kPathN for N=10000, M=22500, k=5, seed=1729...
      Average Passes: 1.0, Time/Memory: 1.00,71680
Running EXPLC_M with kPathN for N=10000, M=22500, k=10, seed=1729...
      Average Passes: 1.0, Time/Memory: 1.36,71680
Running EXPLC_M with kLev0 for N=10000, M=22500, k=2, seed=1729...
      Average Passes: 4.12, Time/Memory: 9.94,8192
Running EXPLC_M with kLev0 for N=10000, M=22500, k=5, seed=1729...
      Average Passes: 4.12, Time/Memory: 10.03,8192
Running EXPLC_M with kLev0 for N=10000, M=22500, k=10, seed=1729...
      Average Passes: 4.11, Time/Memory: 16.16,8192
Running EXPLC_M with kLevN for N=10000, M=22500, k=2, seed=1729...
      Average Passes: 1.0, Time/Memory: 8.25,8192
Running EXPLC_M with kLevN for N=10000, M=22500, k=5, seed=1729...
      Average Passes: 1.0, Time/Memory: 1.31,71680
Running EXPLC_M with kLevN for N=10000, M=22500, k=10, seed=1729...
      Average Passes: 1.0, Time/Memory: 1.07,71680
Running EXPLC_M with kPath0 for N=10000, M=25000, k=2, seed=1729...
      Average Passes: 7.82, Time/Memory: 12.47,8192
Running EXPLC_M with kPath0 for N=10000, M=25000, k=5, seed=1729...
      Average Passes: 2.0, Time/Memory: 2.84,10528
Running EXPLC_M with kPath0 for N=10000, M=25000, k=10, seed=1729...
      Average Passes: 2.0, Time/Memory: 2.79,10404
Running EXPLC_M with kPathN for N=10000, M=25000, k=2, seed=1729...
      Average Passes: 2.0, Time/Memory: 3.95,9140
Running EXPLC_M with kPathN for N=10000, M=25000, k=5, seed=1729...
      Average Passes: 1.0, Time/Memory: 1.13,72704
Running EXPLC_M with kPathN for N=10000, M=25000, k=10, seed=1729...
      Average Passes: 1.0, Time/Memory: 1.14,72704
Running EXPLC_M with kLev0 for N=10000, M=25000, k=2, seed=1729...
      Average Passes: 4.16, Time/Memory: 11.03,8192
Running EXPLC_M with kLev0 for N=10000, M=25000, k=5, seed=1729...
      Average Passes: 4.17, Time/Memory: 11.02,8192
Running EXPLC_M with kLev0 for N=10000, M=25000, k=10, seed=1729...
      Average Passes: 4.17, Time/Memory: 10.96,8192
Running EXPLC_M with kLevN for N=10000, M=25000, k=2, seed=1729...
      Average Passes: 1.0, Time/Memory: 9.04,8192
Running EXPLC_M with kLevN for N=10000, M=25000, k=5, seed=1729...
      Average Passes: 1.0, Time/Memory: 1.39,72704
Running EXPLC_M with kLevN for N=10000, M=25000, k=10, seed=1729...
      Average Passes: 1.0, Time/Memory: 1.11,72704
Running EXPLC_M with kPath0 for N=10000, M=30000, k=2, seed=1729...
      Average Passes: 8.36, Time/Memory: 13.13,8192
Running EXPLC_M with kPath0 for N=10000, M=30000, k=5, seed=1729...
      Average Passes: 2.0, Time/Memory: 2.94,11904
Running EXPLC_M with kPath0 for N=10000, M=30000, k=10, seed=1729...
      Average Passes: 2.0, Time/Memory: 2.94,11096
Running EXPLC_M with kPathN for N=10000, M=30000, k=2, seed=1729...
      Average Passes: 3.0, Time/Memory: 7.87,9140
Running EXPLC_M with kPathN for N=10000, M=30000, k=5, seed=1729...
      Average Passes: 1.0, Time/Memory: 1.26,73728
Running EXPLC_M with kPathN for N=10000, M=30000, k=10, seed=1729...
      Average Passes: 1.0, Time/Memory: 1.24,73728
Running EXPLC_M with kLev0 for N=10000, M=30000, k=2, seed=1729...
      Average Passes: 4.15, Time/Memory: 11.99,8192
Running EXPLC_M with kLev0 for N=10000, M=30000, k=5, seed=1729...
      Average Passes: 4.16, Time/Memory: 11.97,8192
Running EXPLC_M with kLev0 for N=10000, M=30000, k=10, seed=1729...
      Average Passes: 4.15, Time/Memory: 12.05,8192
Running EXPLC_M with kLevN for N=10000, M=30000, k=2, seed=1729...
      Average Passes: 2.0, Time/Memory: 9.00,9216
Running EXPLC_M with kLevN for N=10000, M=30000, k=5, seed=1729...
      Average Passes: 1.0, Time/Memory: 1.26,73728
Running EXPLC_M with kLevN for N=10000, M=30000, k=10, seed=1729...
      Average Passes: 1.0, Time/Memory: 1.27,73728
Running EXPLC_M with kPath0 for N=10000, M=40000, k=2, seed=1729...
      Average Passes: 8.93, Time/Memory: 15.51,8192
Running EXPLC_M with kPath0 for N=10000, M=40000, k=5, seed=1729...
      Average Passes: 3.0, Time/Memory: 7.67,12116
Running EXPLC_M with kPath0 for N=10000, M=40000, k=10, seed=1729...
      Average Passes: 2.0, Time/Memory: 6.07,12100
Running EXPLC_M with kPathN for N=10000, M=40000, k=2, seed=1729...
      Average Passes: 3.0, Time/Memory: 7.67,9140
Running EXPLC_M with kPathN for N=10000, M=40000, k=5, seed=1729...
      Average Passes: 1.0, Time/Memory: 2.11,73728
Running EXPLC_M with kPathN for N=10000, M=40000, k=10, seed=1729...
      Average Passes: 1.0, Time/Memory: 1.65,74752
Running EXPLC_M with kLev0 for N=10000, M=40000, k=2, seed=1729...
      Average Passes: 4.1, Time/Memory: 19.59,8192
Running EXPLC_M with kLev0 for N=10000, M=40000, k=5, seed=1729...
      Average Passes: 4.1, Time/Memory: 14.50,8192
Running EXPLC_M with kLev0 for N=10000, M=40000, k=10, seed=1729...
      Average Passes: 4.08, Time/Memory: 14.88,8192
Running EXPLC_M with kLevN for N=10000, M=40000, k=2, seed=1729...
      Average Passes: 2.0, Time/Memory: 11.19,9216
Running EXPLC_M with kLevN for N=10000, M=40000, k=5, seed=1729...
      Average Passes: 1.0, Time/Memory: 1.71,74752
Running EXPLC_M with kLevN for N=10000, M=40000, k=10, seed=1729...
      Average Passes: 1.0, Time/Memory: 1.68,74752
Running EXPLC_M with kPath0 for N=10000, M=50000, k=2, seed=1729...
      Average Passes: 9.41, Time/Memory: 18.48,8192
Running EXPLC_M with kPath0 for N=10000, M=50000, k=5, seed=1729...
      Average Passes: 3.0, Time/Memory: 7.61,11264
Running EXPLC_M with kPath0 for N=10000, M=50000, k=10, seed=1729...
      Average Passes: 2.0, Time/Memory: 4.51,13284
Running EXPLC_M with kPathN for N=10000, M=50000, k=2, seed=1729...
      Average Passes: 3.0, Time/Memory: 7.36,9144
Running EXPLC_M with kPathN for N=10000, M=50000, k=5, seed=1729...
      Average Passes: 1.0, Time/Memory: 1.94,75776
Running EXPLC_M with kPathN for N=10000, M=50000, k=10, seed=1729...
      Average Passes: 1.0, Time/Memory: 1.99,75776
Running EXPLC_M with kLev0 for N=10000, M=50000, k=2, seed=1729...
      Average Passes: 4.11, Time/Memory: 16.31,8192
Running EXPLC_M with kLev0 for N=10000, M=50000, k=5, seed=1729...
      Average Passes: 4.11, Time/Memory: 16.62,8192
Running EXPLC_M with kLev0 for N=10000, M=50000, k=10, seed=1729...
      Average Passes: 4.1, Time/Memory: 18.90,8192
Running EXPLC_M with kLevN for N=10000, M=50000, k=2, seed=1729...
      Average Passes: 2.0, Time/Memory: 12.76,9216
Running EXPLC_M with kLevN for N=10000, M=50000, k=5, seed=1729...
      Average Passes: 1.0, Time/Memory: 2.67,75776
Running EXPLC_M with kLevN for N=10000, M=50000, k=10, seed=1729...
      Average Passes: 1.0, Time/Memory: 2.01,75776
Running EXPLC_M with kPath0 for N=10000, M=60000, k=2, seed=1729...
      Average Passes: 9.91, Time/Memory: 25.17,8192
Running EXPLC_M with kPath0 for N=10000, M=60000, k=5, seed=1729...
      Average Passes: 3.0, Time/Memory: 9.80,11264
Running EXPLC_M with kPath0 for N=10000, M=60000, k=10, seed=1729...
      Average Passes: 2.0, Time/Memory: 5.60,14004
Running EXPLC_M with kPathN for N=10000, M=60000, k=2, seed=1729...
      Average Passes: 3.0, Time/Memory: 8.00,9148
Running EXPLC_M with kPathN for N=10000, M=60000, k=5, seed=1729...
      Average Passes: 2.0, Time/Memory: 6.56,12092
Running EXPLC_M with kPathN for N=10000, M=60000, k=10, seed=1729...
      Average Passes: 1.0, Time/Memory: 2.36,74752
Running EXPLC_M with kLev0 for N=10000, M=60000, k=2, seed=1729...
      Average Passes: 4.12, Time/Memory: 18.68,8192
Running EXPLC_M with kLev0 for N=10000, M=60000, k=5, seed=1729...
      Average Passes: 4.12, Time/Memory: 18.77,8192
Running EXPLC_M with kLev0 for N=10000, M=60000, k=10, seed=1729...
      Average Passes: 4.11, Time/Memory: 18.41,8192
Running EXPLC_M with kLevN for N=10000, M=60000, k=2, seed=1729...
      Average Passes: 2.0, Time/Memory: 14.21,9216
Running EXPLC_M with kLevN for N=10000, M=60000, k=5, seed=1729...
      Average Passes: 1.08, Time/Memory: 13.00,11264
Running EXPLC_M with kLevN for N=10000, M=60000, k=10, seed=1729...
      Average Passes: 1.0, Time/Memory: 2.33,74752
Running EXPLC_M with kPath0 for N=10000, M=70000, k=2, seed=1729...
      Average Passes: 10.2, Time/Memory: 24.93,8192
Running EXPLC_M with kPath0 for N=10000, M=70000, k=5, seed=1729...
      Average Passes: 3.0, Time/Memory: 8.39,11264
Running EXPLC_M with kPath0 for N=10000, M=70000, k=10, seed=1729...
      Average Passes: 2.0, Time/Memory: 6.04,14976
Running EXPLC_M with kPathN for N=10000, M=70000, k=2, seed=1729...
      Average Passes: 3.0, Time/Memory: 8.31,9144
Running EXPLC_M with kPathN for N=10000, M=70000, k=5, seed=1729...
      Average Passes: 2.0, Time/Memory: 6.53,12096
Running EXPLC_M with kPathN for N=10000, M=70000, k=10, seed=1729...
      Average Passes: 1.0, Time/Memory: 2.66,74752
Running EXPLC_M with kLev0 for N=10000, M=70000, k=2, seed=1729...
      Average Passes: 4.08, Time/Memory: 20.34,8192
Running EXPLC_M with kLev0 for N=10000, M=70000, k=5, seed=1729...
      Average Passes: 4.09, Time/Memory: 20.52,7168
Running EXPLC_M with kLev0 for N=10000, M=70000, k=10, seed=1729...
      Average Passes: 4.09, Time/Memory: 20.41,8192
Running EXPLC_M with kLevN for N=10000, M=70000, k=2, seed=1729...
      Average Passes: 2.0, Time/Memory: 15.15,9216
Running EXPLC_M with kLevN for N=10000, M=70000, k=5, seed=1729...
      Average Passes: 1.14, Time/Memory: 14.27,12288
Running EXPLC_M with kLevN for N=10000, M=70000, k=10, seed=1729...
      Average Passes: 1.0, Time/Memory: 2.58,74752
Running EXPLC_M with kPath0 for N=10000, M=80000, k=2, seed=1729...
      Average Passes: 10.59, Time/Memory: 29.08,8192
Running EXPLC_M with kPath0 for N=10000, M=80000, k=5, seed=1729...
      Average Passes: 3.0, Time/Memory: 9.06,11264
Running EXPLC_M with kPath0 for N=10000, M=80000, k=10, seed=1729...
      Average Passes: 2.0, Time/Memory: 6.72,15760
Running EXPLC_M with kPathN for N=10000, M=80000, k=2, seed=1729...
      Average Passes: 3.0, Time/Memory: 9.13,9144
Running EXPLC_M with kPathN for N=10000, M=80000, k=5, seed=1729...
      Average Passes: 2.0, Time/Memory: 7.20,12092
Running EXPLC_M with kPathN for N=10000, M=80000, k=10, seed=1729...
      Average Passes: 1.0, Time/Memory: 2.98,75776
Running EXPLC_M with kLev0 for N=10000, M=80000, k=2, seed=1729...
      Average Passes: 4.1, Time/Memory: 22.25,8192
Running EXPLC_M with kLev0 for N=10000, M=80000, k=5, seed=1729...
      Average Passes: 4.1, Time/Memory: 21.73,8192
Running EXPLC_M with kLev0 for N=10000, M=80000, k=10, seed=1729...
      Average Passes: 4.09, Time/Memory: 22.15,8192
Running EXPLC_M with kLevN for N=10000, M=80000, k=2, seed=1729...
      Average Passes: 2.01, Time/Memory: 15.94,9216
Running EXPLC_M with kLevN for N=10000, M=80000, k=5, seed=1729...
      Average Passes: 1.15, Time/Memory: 15.57,12288
Running EXPLC_M with kLevN for N=10000, M=80000, k=10, seed=1729...
      Average Passes: 1.0, Time/Memory: 4.18,75776
Running EXPLC_M with kPath0 for N=10000, M=90000, k=2, seed=1729...
      Average Passes: 10.93, Time/Memory: 33.00,8500
Running EXPLC_M with kPath0 for N=10000, M=90000, k=5, seed=1729...
      Average Passes: 3.0, Time/Memory: 9.79,11264
Running EXPLC_M with kPath0 for N=10000, M=90000, k=10, seed=1729...
      Average Passes: 3.0, Time/Memory: 11.83,16384
Running EXPLC_M with kPathN for N=10000, M=90000, k=2, seed=1729...
      Average Passes: 3.0, Time/Memory: 11.27,9144
Running EXPLC_M with kPathN for N=10000, M=90000, k=5, seed=1729...
      Average Passes: 2.0, Time/Memory: 7.21,12096
Running EXPLC_M with kPathN for N=10000, M=90000, k=10, seed=1729...
      Average Passes: 1.0, Time/Memory: 3.21,75776
Running EXPLC_M with kLev0 for N=10000, M=90000, k=2, seed=1729...
      Average Passes: 4.06, Time/Memory: 23.46,8192
Running EXPLC_M with kLev0 for N=10000, M=90000, k=5, seed=1729...
      Average Passes: 4.06, Time/Memory: 23.35,8192
Running EXPLC_M with kLev0 for N=10000, M=90000, k=10, seed=1729...
      Average Passes: 4.06, Time/Memory: 32.97,8192
Running EXPLC_M with kLevN for N=10000, M=90000, k=2, seed=1729...
      Average Passes: 2.0, Time/Memory: 30.95,9216
Running EXPLC_M with kLevN for N=10000, M=90000, k=5, seed=1729...
      Average Passes: 1.15, Time/Memory: 15.33,12288
Running EXPLC_M with kLevN for N=10000, M=90000, k=10, seed=1729...
      Average Passes: 1.0, Time/Memory: 3.16,75776
Running EXPLC_M with kPath0 for N=10000, M=100000, k=2, seed=1729...
      Average Passes: 11.09, Time/Memory: 35.60,8192
Running EXPLC_M with kPath0 for N=10000, M=100000, k=5, seed=1729...
      Average Passes: 3.0, Time/Memory: 10.50,11264
Running EXPLC_M with kPath0 for N=10000, M=100000, k=10, seed=1729...
      Average Passes: 3.0, Time/Memory: 12.38,16384
Running EXPLC_M with kPathN for N=10000, M=100000, k=2, seed=1729...
      Average Passes: 3.0, Time/Memory: 10.70,9144
Running EXPLC_M with kPathN for N=10000, M=100000, k=5, seed=1729...
      Average Passes: 2.0, Time/Memory: 7.84,12092
Running EXPLC_M with kPathN for N=10000, M=100000, k=10, seed=1729...
      Average Passes: 1.0, Time/Memory: 3.54,75776
Running EXPLC_M with kLev0 for N=10000, M=100000, k=2, seed=1729...
      Average Passes: 4.04, Time/Memory: 25.32,8192
Running EXPLC_M with kLev0 for N=10000, M=100000, k=5, seed=1729...
      Average Passes: 4.02, Time/Memory: 25.23,8192
Running EXPLC_M with kLev0 for N=10000, M=100000, k=10, seed=1729...
      Average Passes: 4.02, Time/Memory: 25.22,8192
Running EXPLC_M with kLevN for N=10000, M=100000, k=2, seed=1729...
      Average Passes: 2.0, Time/Memory: 17.95,9216
Running EXPLC_M with kLevN for N=10000, M=100000, k=5, seed=1729...
      Average Passes: 1.15, Time/Memory: 16.08,12288
Running EXPLC_M with kLevN for N=10000, M=100000, k=10, seed=1729...
      Average Passes: 1.0, Time/Memory: 3.47,75776
Running EXPLC_M with kPath0 for N=10000, M=200000, k=2, seed=1729...
      Average Passes: 12.9, Time/Memory: 77.72,8192
Running EXPLC_M with kPath0 for N=10000, M=200000, k=5, seed=1729...
      Average Passes: 3.0, Time/Memory: 19.34,11264
Running EXPLC_M with kPath0 for N=10000, M=200000, k=10, seed=1729...
      Average Passes: 3.0, Time/Memory: 20.30,16384
Running EXPLC_M with kPathN for N=10000, M=200000, k=2, seed=1729...
      Average Passes: 3.0, Time/Memory: 19.50,9144
Running EXPLC_M with kPathN for N=10000, M=200000, k=5, seed=1729...
      Average Passes: 2.0, Time/Memory: 13.85,12096
Running EXPLC_M with kPathN for N=10000, M=200000, k=10, seed=1729...
      Average Passes: 2.0, Time/Memory: 14.99,16384
Running EXPLC_M with kLev0 for N=10000, M=200000, k=2, seed=1729...
      Average Passes: 4.08, Time/Memory: 42.28,8192
Running EXPLC_M with kLev0 for N=10000, M=200000, k=5, seed=1729...
      Average Passes: 4.09, Time/Memory: 42.66,8192
Running EXPLC_M with kLev0 for N=10000, M=200000, k=10, seed=1729...
      Average Passes: 4.08, Time/Memory: 42.27,8192
Running EXPLC_M with kLevN for N=10000, M=200000, k=2, seed=1729...
      Average Passes: 2.0, Time/Memory: 27.35,9216
Running EXPLC_M with kLevN for N=10000, M=200000, k=5, seed=1729...
      Average Passes: 1.15, Time/Memory: 23.18,12288
Running EXPLC_M with kLevN for N=10000, M=200000, k=10, seed=1729...
      Average Passes: 1.0, Time/Memory: 22.41,13312
Running EXPLC_M with kPath0 for N=10000, M=300000, k=2, seed=1729...
      Average Passes: 13.89, Time/Memory: 122.31,8192
Running EXPLC_M with kPath0 for N=10000, M=300000, k=5, seed=1729...
      Average Passes: 4.0, Time/Memory: 36.11,11264
Running EXPLC_M with kPath0 for N=10000, M=300000, k=10, seed=1729...
      Average Passes: 3.0, Time/Memory: 29.16,16384
Running EXPLC_M with kPathN for N=10000, M=300000, k=2, seed=1729...
      Average Passes: 4.0, Time/Memory: 38.44,9144
Running EXPLC_M with kPathN for N=10000, M=300000, k=5, seed=1729...
      Average Passes: 2.0, Time/Memory: 19.81,12092
Running EXPLC_M with kPathN for N=10000, M=300000, k=10, seed=1729...
      Average Passes: 2.0, Time/Memory: 20.02,16384
Running EXPLC_M with kLev0 for N=10000, M=300000, k=2, seed=1729...
      Average Passes: 4.05, Time/Memory: 60.14,8192
Running EXPLC_M with kLev0 for N=10000, M=300000, k=5, seed=1729...
      Average Passes: 4.05, Time/Memory: 60.02,8192
Running EXPLC_M with kLev0 for N=10000, M=300000, k=10, seed=1729...
      Average Passes: 4.04, Time/Memory: 59.27,8192
Running EXPLC_M with kLevN for N=10000, M=300000, k=2, seed=1729...
      Average Passes: 2.0, Time/Memory: 36.06,9216
Running EXPLC_M with kLevN for N=10000, M=300000, k=5, seed=1729...
      Average Passes: 1.15, Time/Memory: 29.59,12288
Running EXPLC_M with kLevN for N=10000, M=300000, k=10, seed=1729...
      Average Passes: 1.0, Time/Memory: 28.10,13312
Running EXPLC_M with kPath0 for N=10000, M=400000, k=2, seed=1729...
      Average Passes: 14.54, Time/Memory: 172.07,8192
Running EXPLC_M with kPath0 for N=10000, M=400000, k=5, seed=1729...
      Average Passes: 4.0, Time/Memory: 48.89,11264
Running EXPLC_M with kPath0 for N=10000, M=400000, k=10, seed=1729...
      Average Passes: 3.0, Time/Memory: 38.75,16384
Running EXPLC_M with kPathN for N=10000, M=400000, k=2, seed=1729...
      Average Passes: 4.0, Time/Memory: 50.26,9148
Running EXPLC_M with kPathN for N=10000, M=400000, k=5, seed=1729...
      Average Passes: 2.0, Time/Memory: 26.73,11264
Running EXPLC_M with kPathN for N=10000, M=400000, k=10, seed=1729...
      Average Passes: 2.0, Time/Memory: 26.68,16384
Running EXPLC_M with kLev0 for N=10000, M=400000, k=2, seed=1729...
      Average Passes: 4.02, Time/Memory: 79.54,8192
Running EXPLC_M with kLev0 for N=10000, M=400000, k=5, seed=1729...
      Average Passes: 4.02, Time/Memory: 79.86,8192
Running EXPLC_M with kLev0 for N=10000, M=400000, k=10, seed=1729...
      Average Passes: 4.02, Time/Memory: 78.99,8192
Running EXPLC_M with kLevN for N=10000, M=400000, k=2, seed=1729...
      Average Passes: 2.0, Time/Memory: 46.24,9216
Running EXPLC_M with kLevN for N=10000, M=400000, k=5, seed=1729...
      Average Passes: 1.15, Time/Memory: 55.51,12288
Running EXPLC_M with kLevN for N=10000, M=400000, k=10, seed=1729...
      Average Passes: 1.0, Time/Memory: 34.82,13312
Running EXPLC_M with kPath0 for N=10000, M=500000, k=2, seed=1729...
      Average Passes: 14.99, Time/Memory: 223.85,8192
Running EXPLC_M with kPath0 for N=10000, M=500000, k=5, seed=1729...
      Average Passes: 4.0, Time/Memory: 61.05,12288
Running EXPLC_M with kPath0 for N=10000, M=500000, k=10, seed=1729...
      Average Passes: 3.0, Time/Memory: 47.82,16384
Running EXPLC_M with kPathN for N=10000, M=500000, k=2, seed=1729...
      Average Passes: 4.0, Time/Memory: 63.10,9144
Running EXPLC_M with kPathN for N=10000, M=500000, k=5, seed=1729...
      Average Passes: 2.0, Time/Memory: 33.53,11264
Running EXPLC_M with kPathN for N=10000, M=500000, k=10, seed=1729...
      Average Passes: 2.0, Time/Memory: 38.25,16384
Running EXPLC_M with kLev0 for N=10000, M=500000, k=2, seed=1729...
      Average Passes: 4.0, Time/Memory: 117.85,8192
Running EXPLC_M with kLev0 for N=10000, M=500000, k=5, seed=1729...
      Average Passes: 4.0, Time/Memory: 97.11,8192
Running EXPLC_M with kLev0 for N=10000, M=500000, k=10, seed=1729...
      Average Passes: 4.0, Time/Memory: 97.03,8192
Running EXPLC_M with kLevN for N=10000, M=500000, k=2, seed=1729...
      Average Passes: 2.0, Time/Memory: 55.94,9216
Running EXPLC_M with kLevN for N=10000, M=500000, k=5, seed=1729...
      Average Passes: 1.15, Time/Memory: 44.61,12288
Running EXPLC_M with kLevN for N=10000, M=500000, k=10, seed=1729...
      Average Passes: 1.0, Time/Memory: 41.35,13312
Running EXPLC_M with kPath0 for N=10000, M=600000, k=2, seed=1729...
      Average Passes: 15.34, Time/Memory: 283.02,8192
Running EXPLC_M with kPath0 for N=10000, M=600000, k=5, seed=1729...
      Average Passes: 4.0, Time/Memory: 75.41,11264
Running EXPLC_M with kPath0 for N=10000, M=600000, k=10, seed=1729...
      Average Passes: 3.0, Time/Memory: 55.10,16384
Running EXPLC_M with kPathN for N=10000, M=600000, k=2, seed=1729...
      Average Passes: 4.0, Time/Memory: 73.71,9148
Running EXPLC_M with kPathN for N=10000, M=600000, k=5, seed=1729...
      Average Passes: 2.0, Time/Memory: 38.62,11264
Running EXPLC_M with kPathN for N=10000, M=600000, k=10, seed=1729...
      Average Passes: 2.0, Time/Memory: 42.27,16384
Graph already exists at: ./input/random_graphs/graph_10000_1000000_UNIFORM_6230961512046992311.txt
Graph already exists at: ./input/random_graphs/graph_10000_1000000_UNIFORM_7871178979383552919.txt
Graph already exists at: ./input/random_graphs/graph_10000_1000000_UNIFORM_5739955973604961613.txt
Graph already exists at: ./input/random_graphs/graph_10000_1000000_UNIFORM_3881801951614183357.txt
Graph already exists at: ./input/random_graphs/graph_10000_1000000_UNIFORM_7032710160631691991.txt
Graph already exists at: ./input/random_graphs/graph_10000_1000000_UNIFORM_7599700178212337699.txt
Graph already exists at: ./input/random_graphs/graph_10000_1000000_UNIFORM_1353182403971399009.txt
Graph already exists at: ./input/random_graphs/graph_10000_1000000_UNIFORM_1070244953599069350.txt
Graph already exists at: ./input/random_graphs/graph_10000_1000000_UNIFORM_6522163754831416203.txt
Graph already exists at: ./input/random_graphs/graph_10000_1000000_UNIFORM_6938562734920028532.txt
Graph already exists at: ./input/random_graphs/graph_10000_1000000_UNIFORM_4040737767143389431.txt
Graph already exists at: ./input/random_graphs/graph_10000_1000000_UNIFORM_1250005700364523649.txt
Graph already exists at: ./input/random_graphs/graph_10000_1000000_UNIFORM_1309542850049879452.txt
Graph already exists at: ./input/random_graphs/graph_10000_1000000_UNIFORM_2429002973740178792.txt
Graph already exists at: ./input/random_graphs/graph_10000_1000000_UNIFORM_7663871783842725848.txt
Graph already exists at: ./input/random_graphs/graph_10000_1000000_UNIFORM_320375091487821987.txt
Graph already exists at: ./input/random_graphs/graph_10000_1000000_UNIFORM_5906957480796939447.txt
Graph already exists at: ./input/random_graphs/graph_10000_1000000_UNIFORM_1250773459040295677.txt
Graph already exists at: ./input/random_graphs/graph_10000_1000000_UNIFORM_7146860528564146064.txt
Graph already exists at: ./input/random_graphs/graph_10000_1000000_UNIFORM_3438400432146115956.txt
Graph already exists at: ./input/random_graphs/graph_10000_1000000_UNIFORM_7473196763798409428.txt
Graph already exists at: ./input/random_graphs/graph_10000_1000000_UNIFORM_5139481885857321791.txt
Graph already exists at: ./input/random_graphs/graph_10000_1000000_UNIFORM_5142811650494845597.txt
Graph already exists at: ./input/random_graphs/graph_10000_1000000_UNIFORM_3010622984418968408.txt
Graph already exists at: ./input/random_graphs/graph_10000_1000000_UNIFORM_6002685213311538187.txt
Graph already exists at: ./input/random_graphs/graph_10000_1000000_UNIFORM_5708372698381010775.txt
Graph already exists at: ./input/random_graphs/graph_10000_1000000_UNIFORM_521787134863155063.txt
Graph already exists at: ./input/random_graphs/graph_10000_1000000_UNIFORM_1731523882129807996.txt
Graph already exists at: ./input/random_graphs/graph_10000_1000000_UNIFORM_1853590723603270879.txt
Graph already exists at: ./input/random_graphs/graph_10000_1000000_UNIFORM_7029781962072644698.txt
Graph already exists at: ./input/random_graphs/graph_10000_1000000_UNIFORM_6785030173969523435.txt
Graph already exists at: ./input/random_graphs/graph_10000_1000000_UNIFORM_5529616217668449934.txt
Graph already exists at: ./input/random_graphs/graph_10000_1000000_UNIFORM_1024517563182776983.txt
Graph already exists at: ./input/random_graphs/graph_10000_1000000_UNIFORM_3224265581699847191.txt
Graph already exists at: ./input/random_graphs/graph_10000_1000000_UNIFORM_5258051056098597521.txt
Graph already exists at: ./input/random_graphs/graph_10000_1000000_UNIFORM_1647170069535670909.txt
Graph already exists at: ./input/random_graphs/graph_10000_1000000_UNIFORM_4122784633514911760.txt
Graph already exists at: ./input/random_graphs/graph_10000_1000000_UNIFORM_7706236040662210848.txt
Graph already exists at: ./input/random_graphs/graph_10000_1000000_UNIFORM_824387247617288499.txt
Graph already exists at: ./input/random_graphs/graph_10000_1000000_UNIFORM_1632192924771168275.txt
Graph already exists at: ./input/random_graphs/graph_10000_1000000_UNIFORM_7161906730445628483.txt
Graph already exists at: ./input/random_graphs/graph_10000_1000000_UNIFORM_6802378520969450157.txt
Graph already exists at: ./input/random_graphs/graph_10000_1000000_UNIFORM_4552998297316576788.txt
Graph already exists at: ./input/random_graphs/graph_10000_1000000_UNIFORM_8031431416522537101.txt
Graph already exists at: ./input/random_graphs/graph_10000_1000000_UNIFORM_6143643868734370809.txt
Graph already exists at: ./input/random_graphs/graph_10000_1000000_UNIFORM_3272308573967577038.txt
Graph already exists at: ./input/random_graphs/graph_10000_1000000_UNIFORM_5636411189175451024.txt
Graph already exists at: ./input/random_graphs/graph_10000_1000000_UNIFORM_5349491008325879064.txt
Graph already exists at: ./input/random_graphs/graph_10000_1000000_UNIFORM_6614505080519948832.txt
Graph already exists at: ./input/random_graphs/graph_10000_1000000_UNIFORM_7938560551762094560.txt
Graph already exists at: ./input/random_graphs/graph_10000_1000000_UNIFORM_7917045922527545890.txt
Graph already exists at: ./input/random_graphs/graph_10000_1000000_UNIFORM_4445925461710302877.txt
Graph already exists at: ./input/random_graphs/graph_10000_1000000_UNIFORM_3865339568260874865.txt
Graph already exists at: ./input/random_graphs/graph_10000_1000000_UNIFORM_7921282862123281598.txt
Graph already exists at: ./input/random_graphs/graph_10000_1000000_UNIFORM_6224222471595207695.txt
Graph already exists at: ./input/random_graphs/graph_10000_1000000_UNIFORM_1128313391724783137.txt
Graph already exists at: ./input/random_graphs/graph_10000_1000000_UNIFORM_716820155901718944.txt
Graph already exists at: ./input/random_graphs/graph_10000_1000000_UNIFORM_8718380604043999642.txt
Graph already exists at: ./input/random_graphs/graph_10000_1000000_UNIFORM_5063475852268941542.txt
Graph already exists at: ./input/random_graphs/graph_10000_1000000_UNIFORM_4997514996153925447.txt
Graph already exists at: ./input/random_graphs/graph_10000_1000000_UNIFORM_8446481348147407377.txt
Graph already exists at: ./input/random_graphs/graph_10000_1000000_UNIFORM_3817405844514670994.txt
Graph already exists at: ./input/random_graphs/graph_10000_1000000_UNIFORM_6529943913552561417.txt
Graph already exists at: ./input/random_graphs/graph_10000_1000000_UNIFORM_2909934787168262407.txt
Graph already exists at: ./input/random_graphs/graph_10000_1000000_UNIFORM_1170385908854608748.txt
Graph already exists at: ./input/random_graphs/graph_10000_1000000_UNIFORM_6022436717541034636.txt
Graph already exists at: ./input/random_graphs/graph_10000_1000000_UNIFORM_199422815561151340.txt
Graph already exists at: ./input/random_graphs/graph_10000_1000000_UNIFORM_3713827327871807734.txt
Graph already exists at: ./input/random_graphs/graph_10000_1000000_UNIFORM_175493991617213850.txt
Graph already exists at: ./input/random_graphs/graph_10000_1000000_UNIFORM_5108599054664628607.txt
Graph already exists at: ./input/random_graphs/graph_10000_1000000_UNIFORM_6764066939395682287.txt
Graph already exists at: ./input/random_graphs/graph_10000_1000000_UNIFORM_9130666990809746335.txt
Graph already exists at: ./input/random_graphs/graph_10000_1000000_UNIFORM_7644420139408884785.txt
Graph already exists at: ./input/random_graphs/graph_10000_1000000_UNIFORM_1458186392400727732.txt
Graph already exists at: ./input/random_graphs/graph_10000_1000000_UNIFORM_1392892770529522614.txt
Graph already exists at: ./input/random_graphs/graph_10000_1000000_UNIFORM_9060210648189963449.txt
Graph already exists at: ./input/random_graphs/graph_10000_1000000_UNIFORM_4250897495980125004.txt
Graph already exists at: ./input/random_graphs/graph_10000_1000000_UNIFORM_8794274795737982182.txt
Graph already exists at: ./input/random_graphs/graph_10000_1000000_UNIFORM_2089506265998900862.txt
Graph already exists at: ./input/random_graphs/graph_10000_1000000_UNIFORM_5497874167834979553.txt
Graph already exists at: ./input/random_graphs/graph_10000_1000000_UNIFORM_4060584409398689268.txt
Graph already exists at: ./input/random_graphs/graph_10000_1000000_UNIFORM_1332005502874566195.txt
Graph already exists at: ./input/random_graphs/graph_10000_1000000_UNIFORM_1722224698700348310.txt
Graph already exists at: ./input/random_graphs/graph_10000_1000000_UNIFORM_8626102704817790064.txt
Graph already exists at: ./input/random_graphs/graph_10000_1000000_UNIFORM_7905487461282246979.txt
Graph already exists at: ./input/random_graphs/graph_10000_1000000_UNIFORM_8448596294177070022.txt
Graph already exists at: ./input/random_graphs/graph_10000_1000000_UNIFORM_4795749165124911768.txt
Graph already exists at: ./input/random_graphs/graph_10000_1000000_UNIFORM_4934890601268679176.txt
Graph already exists at: ./input/random_graphs/graph_10000_1000000_UNIFORM_1992204328026194281.txt
Graph already exists at: ./input/random_graphs/graph_10000_1000000_UNIFORM_7118744415197196276.txt
Graph already exists at: ./input/random_graphs/graph_10000_1000000_UNIFORM_2718103348384927511.txt
Graph already exists at: ./input/random_graphs/graph_10000_1000000_UNIFORM_9059990922233379852.txt
Graph already exists at: ./input/random_graphs/graph_10000_1000000_UNIFORM_7449662661572224354.txt
Graph already exists at: ./input/random_graphs/graph_10000_1000000_UNIFORM_3221421291694197220.txt
Graph already exists at: ./input/random_graphs/graph_10000_1000000_UNIFORM_8867616339855336876.txt
Graph already exists at: ./input/random_graphs/graph_10000_1000000_UNIFORM_5894893360759659423.txt
Graph already exists at: ./input/random_graphs/graph_10000_1000000_UNIFORM_7983805977214098674.txt
Graph already exists at: ./input/random_graphs/graph_10000_1000000_UNIFORM_4940913311242578590.txt
Graph already exists at: ./input/random_graphs/graph_10000_1000000_UNIFORM_2264398621601381987.txt
Graph already exists at: ./input/random_graphs/graph_10000_1000000_UNIFORM_7632458674696225362.txt
Running EXPLC_M with kLev0 for N=10000, M=600000, k=2, seed=1729...
      Average Passes: 3.92, Time/Memory: 111.71,8192
Running EXPLC_M with kLev0 for N=10000, M=600000, k=5, seed=1729...
      Average Passes: 3.9, Time/Memory: 111.85,8192
Running EXPLC_M with kLev0 for N=10000, M=600000, k=10, seed=1729...
      Average Passes: 3.9, Time/Memory: 110.79,8192
Running EXPLC_M with kLevN for N=10000, M=600000, k=2, seed=1729...
      Average Passes: 2.0, Time/Memory: 64.85,9216
Running EXPLC_M with kLevN for N=10000, M=600000, k=5, seed=1729...
      Average Passes: 1.15, Time/Memory: 49.25,12288
Running EXPLC_M with kLevN for N=10000, M=600000, k=10, seed=1729...
      Average Passes: 1.0, Time/Memory: 46.59,13312
Running EXPLC_M with kPath0 for N=10000, M=700000, k=2, seed=1729...
      Average Passes: 15.65, Time/Memory: 334.04,8192
Running EXPLC_M with kPath0 for N=10000, M=700000, k=5, seed=1729...
      Average Passes: 4.0, Time/Memory: 86.64,12564
Running EXPLC_M with kPath0 for N=10000, M=700000, k=10, seed=1729...
      Average Passes: 3.0, Time/Memory: 71.76,16384
Running EXPLC_M with kPathN for N=10000, M=700000, k=2, seed=1729...
      Average Passes: 4.0, Time/Memory: 85.22,9148
Running EXPLC_M with kPathN for N=10000, M=700000, k=5, seed=1729...
      Average Passes: 2.0, Time/Memory: 44.61,11264
Running EXPLC_M with kPathN for N=10000, M=700000, k=10, seed=1729...
      Average Passes: 2.0, Time/Memory: 45.94,16384
Running EXPLC_M with kLev0 for N=10000, M=700000, k=2, seed=1729...
      Average Passes: 3.91, Time/Memory: 130.26,8192
Running EXPLC_M with kLev0 for N=10000, M=700000, k=5, seed=1729...
      Average Passes: 3.9, Time/Memory: 126.07,7168
Running EXPLC_M with kLev0 for N=10000, M=700000, k=10, seed=1729...
      Average Passes: 3.89, Time/Memory: 127.41,8192
Running EXPLC_M with kLevN for N=10000, M=700000, k=2, seed=1729...
      Average Passes: 2.0, Time/Memory: 73.75,9216
Running EXPLC_M with kLevN for N=10000, M=700000, k=5, seed=1729...
      Average Passes: 1.15, Time/Memory: 55.50,12288
Running EXPLC_M with kLevN for N=10000, M=700000, k=10, seed=1729...
      Average Passes: 1.0, Time/Memory: 51.51,12288
Running EXPLC_M with kPath0 for N=10000, M=800000, k=2, seed=1729...
      Average Passes: 15.99, Time/Memory: 377.47,8192
Running EXPLC_M with kPath0 for N=10000, M=800000, k=5, seed=1729...
      Average Passes: 4.0, Time/Memory: 96.78,11772
Running EXPLC_M with kPath0 for N=10000, M=800000, k=10, seed=1729...
      Average Passes: 3.0, Time/Memory: 73.25,16384
Running EXPLC_M with kPathN for N=10000, M=800000, k=2, seed=1729...
      Average Passes: 4.0, Time/Memory: 93.80,9148
Running EXPLC_M with kPathN for N=10000, M=800000, k=5, seed=1729...
      Average Passes: 2.0, Time/Memory: 48.18,11264
Running EXPLC_M with kPathN for N=10000, M=800000, k=10, seed=1729...
      Average Passes: 2.0, Time/Memory: 48.46,16384
Running EXPLC_M with kLev0 for N=10000, M=800000, k=2, seed=1729...
      Average Passes: 3.88, Time/Memory: 141.75,8192
Running EXPLC_M with kLev0 for N=10000, M=800000, k=5, seed=1729...
      Average Passes: 3.89, Time/Memory: 142.80,8192
Running EXPLC_M with kLev0 for N=10000, M=800000, k=10, seed=1729...
      Average Passes: 3.89, Time/Memory: 141.71,8192
Running EXPLC_M with kLevN for N=10000, M=800000, k=2, seed=1729...
      Average Passes: 2.0, Time/Memory: 82.33,9216
Running EXPLC_M with kLevN for N=10000, M=800000, k=5, seed=1729...
      Average Passes: 1.15, Time/Memory: 59.99,12288
Running EXPLC_M with kLevN for N=10000, M=800000, k=10, seed=1729...
      Average Passes: 1.0, Time/Memory: 56.70,13312
Running EXPLC_M with kPath0 for N=10000, M=900000, k=2, seed=1729...
      Average Passes: 16.32, Time/Memory: 416.72,9188
Running EXPLC_M with kPath0 for N=10000, M=900000, k=5, seed=1729...
      Average Passes: 4.0, Time/Memory: 105.54,11264
Running EXPLC_M with kPath0 for N=10000, M=900000, k=10, seed=1729...
      Average Passes: 3.0, Time/Memory: 79.52,16384
Running EXPLC_M with kPathN for N=10000, M=900000, k=2, seed=1729...
      Average Passes: 4.0, Time/Memory: 108.75,9144
Running EXPLC_M with kPathN for N=10000, M=900000, k=5, seed=1729...
      Average Passes: 2.0, Time/Memory: 56.26,11264
Running EXPLC_M with kPathN for N=10000, M=900000, k=10, seed=1729...
      Average Passes: 2.0, Time/Memory: 58.58,16384
Running EXPLC_M with kLev0 for N=10000, M=900000, k=2, seed=1729...
      Average Passes: 3.85, Time/Memory: 186.38,8192
Running EXPLC_M with kLev0 for N=10000, M=900000, k=5, seed=1729...
      Average Passes: 3.86, Time/Memory: 160.50,8192
Running EXPLC_M with kLev0 for N=10000, M=900000, k=10, seed=1729...
      Average Passes: 3.85, Time/Memory: 160.40,8192
Running EXPLC_M with kLevN for N=10000, M=900000, k=2, seed=1729...
      Average Passes: 2.0, Time/Memory: 91.51,9216
Running EXPLC_M with kLevN for N=10000, M=900000, k=5, seed=1729...
      Average Passes: 1.15, Time/Memory: 66.74,12288
Running EXPLC_M with kLevN for N=10000, M=900000, k=10, seed=1729...
      Average Passes: 1.0, Time/Memory: 65.03,13312
Running EXPLC_M with kPath0 for N=10000, M=1000000, k=2, seed=1729...
      Average Passes: 16.4, Time/Memory: 482.80,8192
Running EXPLC_M with kPath0 for N=10000, M=1000000, k=5, seed=1729...
      Average Passes: 4.0, Time/Memory: 117.27,12260
Running EXPLC_M with kPath0 for N=10000, M=1000000, k=10, seed=1729...
      Average Passes: 3.03, Time/Memory: 92.30,16384
Running EXPLC_M with kPathN for N=10000, M=1000000, k=2, seed=1729...
      Average Passes: 4.0, Time/Memory: 122.51,9144
Running EXPLC_M with kPathN for N=10000, M=1000000, k=5, seed=1729...
      Average Passes: 2.0, Time/Memory: 62.00,11264
Running EXPLC_M with kPathN for N=10000, M=1000000, k=10, seed=1729...
      Average Passes: 2.0, Time/Memory: 63.01,16384
Running EXPLC_M with kLev0 for N=10000, M=1000000, k=2, seed=1729...
      Average Passes: 3.8, Time/Memory: 173.14,8192
Running EXPLC_M with kLev0 for N=10000, M=1000000, k=5, seed=1729...
      Average Passes: 3.77, Time/Memory: 173.51,8192
Running EXPLC_M with kLev0 for N=10000, M=1000000, k=10, seed=1729...
      Average Passes: 3.76, Time/Memory: 172.44,8192
Running EXPLC_M with kLevN for N=10000, M=1000000, k=2, seed=1729...
      Average Passes: 2.0, Time/Memory: 100.73,9216
Running EXPLC_M with kLevN for N=10000, M=1000000, k=5, seed=1729...
      Average Passes: 1.15, Time/Memory: 74.71,12288
Running EXPLC_M with kLevN for N=10000, M=1000000, k=10, seed=1729...
      Average Passes: 1.0, Time/Memory: 110.09,13312
Running EXPLC_M with kPath0 for N=10000, M=2000000, k=2, seed=1729...
      Average Passes: 17.9, Time/Memory: 1061.83,8192
Running EXPLC_M with kPath0 for N=10000, M=2000000, k=5, seed=1729...
      Average Passes: 5.0, Time/Memory: 300.04,11264
Running EXPLC_M with kPath0 for N=10000, M=2000000, k=10, seed=1729...
      Average Passes: 4.0, Time/Memory: 249.73,16384
Running EXPLC_M with kPathN for N=10000, M=2000000, k=2, seed=1729...
      Average Passes: 4.0, Time/Memory: 250.75,9144
Running EXPLC_M with kPathN for N=10000, M=2000000, k=5, seed=1729...
      Average Passes: 3.0, Time/Memory: 188.23,11264
Running EXPLC_M with kPathN for N=10000, M=2000000, k=10, seed=1729...
      Average Passes: 2.0, Time/Memory: 123.71,16384
Running EXPLC_M with kLev0 for N=10000, M=2000000, k=2, seed=1729...
      Average Passes: 3.64, Time/Memory: 342.00,8192
Running EXPLC_M with kLev0 for N=10000, M=2000000, k=5, seed=1729...
      Average Passes: 3.64, Time/Memory: 333.06,8192
Running EXPLC_M with kLev0 for N=10000, M=2000000, k=10, seed=1729...
      Average Passes: 3.64, Time/Memory: 331.89,8192
Running EXPLC_M with kLevN for N=10000, M=2000000, k=2, seed=1729...
      Average Passes: 2.0, Time/Memory: 195.57,9216
Running EXPLC_M with kLevN for N=10000, M=2000000, k=5, seed=1729...
      Average Passes: 1.15, Time/Memory: 136.05,12288
Running EXPLC_M with kLevN for N=10000, M=2000000, k=10, seed=1729...
      Average Passes: 1.0, Time/Memory: 124.77,13312
Running EXPLC_M with kPath0 for N=10000, M=4000000, k=2, seed=1729...
      Average Passes: 18.86, Time/Memory: 2200.12,8192
