Running VARM with 10 iterations, for N = 100 varying M from 1,000 to 49,995,000 and seed token 1729
Running EXPLC_M with kPath0 for N=1000, M=100, k=2, seed=1729...
      Average Passes: 2.1, Time/Memory: 0.04,3072
Running EXPLC_M with kPath0 for N=1000, M=100, k=5, seed=1729...
      Average Passes: 2.0, Time/Memory: 0.04,3072
Running EXPLC_M with kPath0 for N=1000, M=100, k=10, seed=1729...
      Average Passes: 2.0, Time/Memory: 0.06,3072
Running EXPLC_M with kPathN for N=1000, M=100, k=2, seed=1729...
      Average Passes: 1.0, Time/Memory: 0.00,3072
Running EXPLC_M with kPathN for N=1000, M=100, k=5, seed=1729...
      Average Passes: 1.0, Time/Memory: 0.00,3072
Running EXPLC_M with kPathN for N=1000, M=100, k=10, seed=1729...
      Average Passes: 1.0, Time/Memory: 0.00,3072
Running EXPLC_M with kLev0 for N=1000, M=100, k=2, seed=1729...
      Average Passes: 2.1, Time/Memory: 0.00,3072
Running EXPLC_M with kLev0 for N=1000, M=100, k=5, seed=1729...
      Average Passes: 2.1, Time/Memory: 0.00,3072
Running EXPLC_M with kLev0 for N=1000, M=100, k=10, seed=1729...
      Average Passes: 2.0, Time/Memory: 0.00,3072
Running EXPLC_M with kLevN for N=1000, M=100, k=2, seed=1729...
      Average Passes: 1.0, Time/Memory: 0.00,3072
Running EXPLC_M with kLevN for N=1000, M=100, k=5, seed=1729...
      Average Passes: 1.0, Time/Memory: 0.00,3072
Running EXPLC_M with kLevN for N=1000, M=100, k=10, seed=1729...
      Average Passes: 1.0, Time/Memory: 0.00,3072
Running EXPLC_M with kPath0 for N=1000, M=200, k=2, seed=1729...
      Average Passes: 3.2, Time/Memory: 0.04,3072
Running EXPLC_M with kPath0 for N=1000, M=200, k=5, seed=1729...
      Average Passes: 2.0, Time/Memory: 0.04,3072
Running EXPLC_M with kPath0 for N=1000, M=200, k=10, seed=1729...
      Average Passes: 2.0, Time/Memory: 0.05,3072
Running EXPLC_M with kPathN for N=1000, M=200, k=2, seed=1729...
      Average Passes: 1.0, Time/Memory: 0.00,3072
Running EXPLC_M with kPathN for N=1000, M=200, k=5, seed=1729...
      Average Passes: 1.0, Time/Memory: 0.00,3072
Running EXPLC_M with kPathN for N=1000, M=200, k=10, seed=1729...
      Average Passes: 1.0, Time/Memory: 0.00,3072
Running EXPLC_M with kLev0 for N=1000, M=200, k=2, seed=1729...
      Average Passes: 3.0, Time/Memory: 0.01,3072
Running EXPLC_M with kLev0 for N=1000, M=200, k=5, seed=1729...
      Average Passes: 3.0, Time/Memory: 0.01,3072
Running EXPLC_M with kLev0 for N=1000, M=200, k=10, seed=1729...
      Average Passes: 3.0, Time/Memory: 0.00,3072
Running EXPLC_M with kLevN for N=1000, M=200, k=2, seed=1729...
      Average Passes: 1.0, Time/Memory: 0.00,3072
Running EXPLC_M with kLevN for N=1000, M=200, k=5, seed=1729...
      Average Passes: 1.0, Time/Memory: 0.00,3072
Running EXPLC_M with kLevN for N=1000, M=200, k=10, seed=1729...
      Average Passes: 1.0, Time/Memory: 0.00,3072
Running EXPLC_M with kPath0 for N=1000, M=300, k=2, seed=1729...
      Average Passes: 3.7, Time/Memory: 0.04,3072
Running EXPLC_M with kPath0 for N=1000, M=300, k=5, seed=1729...
      Average Passes: 2.0, Time/Memory: 0.05,3072
Running EXPLC_M with kPath0 for N=1000, M=300, k=10, seed=1729...
      Average Passes: 2.0, Time/Memory: 0.05,3072
Running EXPLC_M with kPathN for N=1000, M=300, k=2, seed=1729...
      Average Passes: 1.0, Time/Memory: 0.00,3072
Running EXPLC_M with kPathN for N=1000, M=300, k=5, seed=1729...
      Average Passes: 1.0, Time/Memory: 0.00,3072
Running EXPLC_M with kPathN for N=1000, M=300, k=10, seed=1729...
      Average Passes: 1.0, Time/Memory: 0.00,3072
Running EXPLC_M with kLev0 for N=1000, M=300, k=2, seed=1729...
      Average Passes: 3.0, Time/Memory: 0.01,3072
Running EXPLC_M with kLev0 for N=1000, M=300, k=5, seed=1729...
      Average Passes: 3.0, Time/Memory: 0.01,3072
Running EXPLC_M with kLev0 for N=1000, M=300, k=10, seed=1729...
      Average Passes: 3.0, Time/Memory: 0.01,3072
Running EXPLC_M with kLevN for N=1000, M=300, k=2, seed=1729...
      Average Passes: 1.0, Time/Memory: 0.00,3072
Running EXPLC_M with kLevN for N=1000, M=300, k=5, seed=1729...
      Average Passes: 1.0, Time/Memory: 0.00,3072
Running EXPLC_M with kLevN for N=1000, M=300, k=10, seed=1729...
      Average Passes: 1.0, Time/Memory: 0.00,3072
Running EXPLC_M with kPath0 for N=1000, M=400, k=2, seed=1729...
      Average Passes: 3.8, Time/Memory: 0.05,3072
Running EXPLC_M with kPath0 for N=1000, M=400, k=5, seed=1729...
      Average Passes: 2.0, Time/Memory: 0.04,3072
Running EXPLC_M with kPath0 for N=1000, M=400, k=10, seed=1729...
      Average Passes: 2.0, Time/Memory: 0.05,3072
Running EXPLC_M with kPathN for N=1000, M=400, k=2, seed=1729...
      Average Passes: 1.0, Time/Memory: 0.00,3072
Running EXPLC_M with kPathN for N=1000, M=400, k=5, seed=1729...
      Average Passes: 1.0, Time/Memory: 0.00,3072
Running EXPLC_M with kPathN for N=1000, M=400, k=10, seed=1729...
      Average Passes: 1.0, Time/Memory: 0.00,3072
Running EXPLC_M with kLev0 for N=1000, M=400, k=2, seed=1729...
      Average Passes: 3.3, Time/Memory: 0.01,3072
Running EXPLC_M with kLev0 for N=1000, M=400, k=5, seed=1729...
      Average Passes: 3.3, Time/Memory: 0.01,3072
Running EXPLC_M with kLev0 for N=1000, M=400, k=10, seed=1729...
      Average Passes: 3.4, Time/Memory: 0.01,3072
Running EXPLC_M with kLevN for N=1000, M=400, k=2, seed=1729...
      Average Passes: 1.0, Time/Memory: 0.00,3072
Running EXPLC_M with kLevN for N=1000, M=400, k=5, seed=1729...
      Average Passes: 1.0, Time/Memory: 0.00,3072
Running EXPLC_M with kLevN for N=1000, M=400, k=10, seed=1729...
      Average Passes: 1.0, Time/Memory: 0.00,3072
Running EXPLC_M with kPath0 for N=1000, M=500, k=2, seed=1729...
      Average Passes: 3.8, Time/Memory: 0.05,3072
Running EXPLC_M with kPath0 for N=1000, M=500, k=5, seed=1729...
      Average Passes: 2.0, Time/Memory: 0.05,3072
Running EXPLC_M with kPath0 for N=1000, M=500, k=10, seed=1729...
      Average Passes: 2.0, Time/Memory: 0.03,3072
Running EXPLC_M with kPathN for N=1000, M=500, k=2, seed=1729...
      Average Passes: 1.0, Time/Memory: 0.00,3072
Running EXPLC_M with kPathN for N=1000, M=500, k=5, seed=1729...
      Average Passes: 1.0, Time/Memory: 0.00,3072
Running EXPLC_M with kPathN for N=1000, M=500, k=10, seed=1729...
      Average Passes: 1.0, Time/Memory: 0.00,3072
Running EXPLC_M with kLev0 for N=1000, M=500, k=2, seed=1729...
      Average Passes: 3.4, Time/Memory: 0.01,3072
Running EXPLC_M with kLev0 for N=1000, M=500, k=5, seed=1729...
      Average Passes: 3.4, Time/Memory: 0.01,3072
Running EXPLC_M with kLev0 for N=1000, M=500, k=10, seed=1729...
      Average Passes: 3.4, Time/Memory: 0.01,3072
Running EXPLC_M with kLevN for N=1000, M=500, k=2, seed=1729...
      Average Passes: 1.0, Time/Memory: 0.00,3072
Running EXPLC_M with kLevN for N=1000, M=500, k=5, seed=1729...
      Average Passes: 1.0, Time/Memory: 0.00,3072
Running EXPLC_M with kLevN for N=1000, M=500, k=10, seed=1729...
      Average Passes: 1.0, Time/Memory: 0.00,3072
Running EXPLC_M with kPath0 for N=1000, M=600, k=2, seed=1729...
      Average Passes: 4.3, Time/Memory: 0.05,3072
Running EXPLC_M with kPath0 for N=1000, M=600, k=5, seed=1729...
      Average Passes: 2.0, Time/Memory: 0.04,3072
Running EXPLC_M with kPath0 for N=1000, M=600, k=10, seed=1729...
      Average Passes: 2.0, Time/Memory: 0.04,3072
Running EXPLC_M with kPathN for N=1000, M=600, k=2, seed=1729...
      Average Passes: 1.0, Time/Memory: 0.00,3072
Running EXPLC_M with kPathN for N=1000, M=600, k=5, seed=1729...
      Average Passes: 1.0, Time/Memory: 0.00,3072
Running EXPLC_M with kPathN for N=1000, M=600, k=10, seed=1729...
      Average Passes: 1.0, Time/Memory: 0.00,3072
Running EXPLC_M with kLev0 for N=1000, M=600, k=2, seed=1729...
      Average Passes: 3.3, Time/Memory: 0.02,3072
Running EXPLC_M with kLev0 for N=1000, M=600, k=5, seed=1729...
      Average Passes: 3.3, Time/Memory: 0.01,3072
Running EXPLC_M with kLev0 for N=1000, M=600, k=10, seed=1729...
      Average Passes: 3.3, Time/Memory: 0.01,3072
Running EXPLC_M with kLevN for N=1000, M=600, k=2, seed=1729...
      Average Passes: 1.0, Time/Memory: 0.00,3072
Running EXPLC_M with kLevN for N=1000, M=600, k=5, seed=1729...
      Average Passes: 1.0, Time/Memory: 0.00,3072
Running EXPLC_M with kLevN for N=1000, M=600, k=10, seed=1729...
      Average Passes: 1.0, Time/Memory: 0.00,3072
Running EXPLC_M with kPath0 for N=1000, M=700, k=2, seed=1729...
      Average Passes: 4.4, Time/Memory: 0.06,3072
Running EXPLC_M with kPath0 for N=1000, M=700, k=5, seed=1729...
      Average Passes: 2.0, Time/Memory: 0.04,3072
Running EXPLC_M with kPath0 for N=1000, M=700, k=10, seed=1729...
      Average Passes: 2.0, Time/Memory: 0.04,3072
Running EXPLC_M with kPathN for N=1000, M=700, k=2, seed=1729...
      Average Passes: 1.0, Time/Memory: 0.00,3072
Running EXPLC_M with kPathN for N=1000, M=700, k=5, seed=1729...
      Average Passes: 1.0, Time/Memory: 0.00,3072
Running EXPLC_M with kPathN for N=1000, M=700, k=10, seed=1729...
      Average Passes: 1.0, Time/Memory: 0.00,3072
Running EXPLC_M with kLev0 for N=1000, M=700, k=2, seed=1729...
      Average Passes: 3.3, Time/Memory: 0.02,3072
Running EXPLC_M with kLev0 for N=1000, M=700, k=5, seed=1729...
      Average Passes: 3.3, Time/Memory: 0.02,3072
Running EXPLC_M with kLev0 for N=1000, M=700, k=10, seed=1729...
      Average Passes: 3.2, Time/Memory: 0.02,3072
Running EXPLC_M with kLevN for N=1000, M=700, k=2, seed=1729...
      Average Passes: 1.0, Time/Memory: 0.00,3072
Running EXPLC_M with kLevN for N=1000, M=700, k=5, seed=1729...
      Average Passes: 1.0, Time/Memory: 0.00,3072
Running EXPLC_M with kLevN for N=1000, M=700, k=10, seed=1729...
      Average Passes: 1.0, Time/Memory: 0.00,3072
Running EXPLC_M with kPath0 for N=1000, M=800, k=2, seed=1729...
      Average Passes: 4.5, Time/Memory: 0.06,3072
Running EXPLC_M with kPath0 for N=1000, M=800, k=5, seed=1729...
      Average Passes: 2.0, Time/Memory: 0.04,3072
Running EXPLC_M with kPath0 for N=1000, M=800, k=10, seed=1729...
      Average Passes: 2.0, Time/Memory: 0.04,3072
Running EXPLC_M with kPathN for N=1000, M=800, k=2, seed=1729...
      Average Passes: 1.0, Time/Memory: 0.00,3072
Running EXPLC_M with kPathN for N=1000, M=800, k=5, seed=1729...
      Average Passes: 1.0, Time/Memory: 0.00,3072
Running EXPLC_M with kPathN for N=1000, M=800, k=10, seed=1729...
      Average Passes: 1.0, Time/Memory: 0.00,3072
Running EXPLC_M with kLev0 for N=1000, M=800, k=2, seed=1729...
      Average Passes: 3.1, Time/Memory: 0.02,3072
Running EXPLC_M with kLev0 for N=1000, M=800, k=5, seed=1729...
      Average Passes: 3.1, Time/Memory: 0.02,3072
Running EXPLC_M with kLev0 for N=1000, M=800, k=10, seed=1729...
      Average Passes: 3.1, Time/Memory: 0.02,3072
Running EXPLC_M with kLevN for N=1000, M=800, k=2, seed=1729...
      Average Passes: 1.0, Time/Memory: 0.00,3072
Running EXPLC_M with kLevN for N=1000, M=800, k=5, seed=1729...
      Average Passes: 1.0, Time/Memory: 0.00,3072
Running EXPLC_M with kLevN for N=1000, M=800, k=10, seed=1729...
      Average Passes: 1.0, Time/Memory: 0.00,3072
Running EXPLC_M with kPath0 for N=1000, M=900, k=2, seed=1729...
      Average Passes: 4.4, Time/Memory: 0.06,3072
Running EXPLC_M with kPath0 for N=1000, M=900, k=5, seed=1729...
      Average Passes: 2.0, Time/Memory: 0.04,3072
Running EXPLC_M with kPath0 for N=1000, M=900, k=10, seed=1729...
      Average Passes: 2.0, Time/Memory: 0.04,3072
Running EXPLC_M with kPathN for N=1000, M=900, k=2, seed=1729...
      Average Passes: 1.0, Time/Memory: 0.00,3072
Running EXPLC_M with kPathN for N=1000, M=900, k=5, seed=1729...
      Average Passes: 1.0, Time/Memory: 0.00,3072
Running EXPLC_M with kPathN for N=1000, M=900, k=10, seed=1729...
      Average Passes: 1.0, Time/Memory: 0.00,3072
Running EXPLC_M with kLev0 for N=1000, M=900, k=2, seed=1729...
      Average Passes: 3.2, Time/Memory: 0.02,3072
Running EXPLC_M with kLev0 for N=1000, M=900, k=5, seed=1729...
      Average Passes: 3.2, Time/Memory: 0.02,3072
Running EXPLC_M with kLev0 for N=1000, M=900, k=10, seed=1729...
      Average Passes: 3.1, Time/Memory: 0.02,3072
Running EXPLC_M with kLevN for N=1000, M=900, k=2, seed=1729...
      Average Passes: 1.0, Time/Memory: 0.00,3072
Running EXPLC_M with kLevN for N=1000, M=900, k=5, seed=1729...
      Average Passes: 1.0, Time/Memory: 0.00,3072
Running EXPLC_M with kLevN for N=1000, M=900, k=10, seed=1729...
      Average Passes: 1.0, Time/Memory: 0.00,3072
Running EXPLC_M with kPath0 for N=1000, M=1000, k=2, seed=1729...
      Average Passes: 4.6, Time/Memory: 0.06,3072
Running EXPLC_M with kPath0 for N=1000, M=1000, k=5, seed=1729...
      Average Passes: 2.0, Time/Memory: 0.05,3072
Running EXPLC_M with kPath0 for N=1000, M=1000, k=10, seed=1729...
      Average Passes: 2.0, Time/Memory: 0.05,3072
Running EXPLC_M with kPathN for N=1000, M=1000, k=2, seed=1729...
      Average Passes: 1.0, Time/Memory: 0.00,3072
Running EXPLC_M with kPathN for N=1000, M=1000, k=5, seed=1729...
      Average Passes: 1.0, Time/Memory: 0.00,3072
Running EXPLC_M with kPathN for N=1000, M=1000, k=10, seed=1729...
      Average Passes: 1.0, Time/Memory: 0.00,3072
Running EXPLC_M with kLev0 for N=1000, M=1000, k=2, seed=1729...
      Average Passes: 3.1, Time/Memory: 0.03,3072
Running EXPLC_M with kLev0 for N=1000, M=1000, k=5, seed=1729...
      Average Passes: 3.1, Time/Memory: 0.02,3072
Running EXPLC_M with kLev0 for N=1000, M=1000, k=10, seed=1729...
      Average Passes: 3.0, Time/Memory: 0.02,3072
Running EXPLC_M with kLevN for N=1000, M=1000, k=2, seed=1729...
      Average Passes: 1.0, Time/Memory: 0.00,3072
Running EXPLC_M with kLevN for N=1000, M=1000, k=5, seed=1729...
      Average Passes: 1.0, Time/Memory: 0.00,3072
Running EXPLC_M with kLevN for N=1000, M=1000, k=10, seed=1729...
      Average Passes: 1.0, Time/Memory: 0.00,3072
Running EXPLC_M with kPath0 for N=1000, M=2000, k=2, seed=1729...
      Average Passes: 5.2, Time/Memory: 0.11,3072
Running EXPLC_M with kPath0 for N=1000, M=2000, k=5, seed=1729...
      Average Passes: 2.4, Time/Memory: 0.05,3072
Running EXPLC_M with kPath0 for N=1000, M=2000, k=10, seed=1729...
      Average Passes: 2.0, Time/Memory: 0.05,3072
Running EXPLC_M with kPathN for N=1000, M=2000, k=2, seed=1729...
      Average Passes: 1.0, Time/Memory: 0.01,3072
Running EXPLC_M with kPathN for N=1000, M=2000, k=5, seed=1729...
      Average Passes: 1.0, Time/Memory: 0.01,3072
Running EXPLC_M with kPathN for N=1000, M=2000, k=10, seed=1729...
      Average Passes: 1.0, Time/Memory: 0.01,3072
Running EXPLC_M with kLev0 for N=1000, M=2000, k=2, seed=1729...
      Average Passes: 3.3, Time/Memory: 0.04,3072
Running EXPLC_M with kLev0 for N=1000, M=2000, k=5, seed=1729...
      Average Passes: 3.3, Time/Memory: 0.04,3072
Running EXPLC_M with kLev0 for N=1000, M=2000, k=10, seed=1729...
      Average Passes: 3.3, Time/Memory: 0.04,3072
Running EXPLC_M with kLevN for N=1000, M=2000, k=2, seed=1729...
      Average Passes: 1.0, Time/Memory: 0.01,3072
Running EXPLC_M with kLevN for N=1000, M=2000, k=5, seed=1729...
      Average Passes: 1.0, Time/Memory: 0.01,3072
Running EXPLC_M with kLevN for N=1000, M=2000, k=10, seed=1729...
      Average Passes: 1.0, Time/Memory: 0.01,3072
Running EXPLC_M with kPath0 for N=1000, M=3000, k=2, seed=1729...
      Average Passes: 5.8, Time/Memory: 0.14,3072
Running EXPLC_M with kPath0 for N=1000, M=3000, k=5, seed=1729...
      Average Passes: 3.2, Time/Memory: 0.10,3072
Running EXPLC_M with kPath0 for N=1000, M=3000, k=10, seed=1729...
      Average Passes: 2.1, Time/Memory: 0.06,3072
Running EXPLC_M with kPathN for N=1000, M=3000, k=2, seed=1729...
      Average Passes: 2.5, Time/Memory: 0.09,3072
Running EXPLC_M with kPathN for N=1000, M=3000, k=5, seed=1729...
      Average Passes: 1.0, Time/Memory: 0.01,3072
Running EXPLC_M with kPathN for N=1000, M=3000, k=10, seed=1729...
      Average Passes: 1.0, Time/Memory: 0.01,3072
Running EXPLC_M with kLev0 for N=1000, M=3000, k=2, seed=1729...
      Average Passes: 3.1, Time/Memory: 0.06,3072
Running EXPLC_M with kLev0 for N=1000, M=3000, k=5, seed=1729...
      Average Passes: 3.1, Time/Memory: 0.06,3072
Running EXPLC_M with kLev0 for N=1000, M=3000, k=10, seed=1729...
      Average Passes: 3.1, Time/Memory: 0.06,3072
Running EXPLC_M with kLevN for N=1000, M=3000, k=2, seed=1729...
      Average Passes: 2.0, Time/Memory: 0.05,3072
Running EXPLC_M with kLevN for N=1000, M=3000, k=5, seed=1729...
      Average Passes: 1.0, Time/Memory: 0.01,3072
Running EXPLC_M with kLevN for N=1000, M=3000, k=10, seed=1729...
      Average Passes: 1.0, Time/Memory: 0.01,3072
Running EXPLC_M with kPath0 for N=1000, M=4000, k=2, seed=1729...
      Average Passes: 5.9, Time/Memory: 0.11,3072
Running EXPLC_M with kPath0 for N=1000, M=4000, k=5, seed=1729...
      Average Passes: 3.3, Time/Memory: 0.12,3072
Running EXPLC_M with kPath0 for N=1000, M=4000, k=10, seed=1729...
      Average Passes: 2.3, Time/Memory: 0.08,3072
Running EXPLC_M with kPathN for N=1000, M=4000, k=2, seed=1729...
      Average Passes: 2.9, Time/Memory: 0.11,3072
Running EXPLC_M with kPathN for N=1000, M=4000, k=5, seed=1729...
      Average Passes: 1.0, Time/Memory: 0.02,3072
Running EXPLC_M with kPathN for N=1000, M=4000, k=10, seed=1729...
      Average Passes: 1.0, Time/Memory: 0.02,3072
Running EXPLC_M with kLev0 for N=1000, M=4000, k=2, seed=1729...
      Average Passes: 3.2, Time/Memory: 0.08,3072
Running EXPLC_M with kLev0 for N=1000, M=4000, k=5, seed=1729...
      Average Passes: 3.2, Time/Memory: 0.09,3072
Running EXPLC_M with kLev0 for N=1000, M=4000, k=10, seed=1729...
      Average Passes: 3.2, Time/Memory: 0.08,3072
Running EXPLC_M with kLevN for N=1000, M=4000, k=2, seed=1729...
      Average Passes: 2.0, Time/Memory: 0.06,3072
Running EXPLC_M with kLevN for N=1000, M=4000, k=5, seed=1729...
      Average Passes: 1.0, Time/Memory: 0.02,3072
Running EXPLC_M with kLevN for N=1000, M=4000, k=10, seed=1729...
      Average Passes: 1.0, Time/Memory: 0.01,3072
Running EXPLC_M with kPath0 for N=1000, M=5000, k=2, seed=1729...
      Average Passes: 6.4, Time/Memory: 0.13,3072
Running EXPLC_M with kPath0 for N=1000, M=5000, k=5, seed=1729...
      Average Passes: 3.4, Time/Memory: 0.09,3072
Running EXPLC_M with kPath0 for N=1000, M=5000, k=10, seed=1729...
      Average Passes: 2.4, Time/Memory: 0.06,4096
Running EXPLC_M with kPathN for N=1000, M=5000, k=2, seed=1729...
      Average Passes: 3.0, Time/Memory: 0.08,3072
Running EXPLC_M with kPathN for N=1000, M=5000, k=5, seed=1729...
      Average Passes: 1.0, Time/Memory: 0.01,3072
Running EXPLC_M with kPathN for N=1000, M=5000, k=10, seed=1729...
      Average Passes: 1.0, Time/Memory: 0.01,3072
Running EXPLC_M with kLev0 for N=1000, M=5000, k=2, seed=1729...
      Average Passes: 3.2, Time/Memory: 0.07,3072
Running EXPLC_M with kLev0 for N=1000, M=5000, k=5, seed=1729...
      Average Passes: 3.2, Time/Memory: 0.07,3072
Running EXPLC_M with kLev0 for N=1000, M=5000, k=10, seed=1729...
      Average Passes: 3.2, Time/Memory: 0.07,3072
Running EXPLC_M with kLevN for N=1000, M=5000, k=2, seed=1729...
      Average Passes: 2.0, Time/Memory: 0.06,3072
Running EXPLC_M with kLevN for N=1000, M=5000, k=5, seed=1729...
      Average Passes: 1.0, Time/Memory: 0.02,3072
Running EXPLC_M with kLevN for N=1000, M=5000, k=10, seed=1729...
      Average Passes: 1.0, Time/Memory: 0.01,3072
Running EXPLC_M with kPath0 for N=1000, M=6000, k=2, seed=1729...
      Average Passes: 6.5, Time/Memory: 0.16,3072
Running EXPLC_M with kPath0 for N=1000, M=6000, k=5, seed=1729...
      Average Passes: 3.5, Time/Memory: 0.10,3072
Running EXPLC_M with kPath0 for N=1000, M=6000, k=10, seed=1729...
      Average Passes: 2.4, Time/Memory: 0.07,4096
Running EXPLC_M with kPathN for N=1000, M=6000, k=2, seed=1729...
      Average Passes: 3.0, Time/Memory: 0.10,3072
Running EXPLC_M with kPathN for N=1000, M=6000, k=5, seed=1729...
      Average Passes: 2.1, Time/Memory: 0.08,4096
Running EXPLC_M with kPathN for N=1000, M=6000, k=10, seed=1729...
      Average Passes: 1.0, Time/Memory: 0.02,4096
Running EXPLC_M with kLev0 for N=1000, M=6000, k=2, seed=1729...
      Average Passes: 3.1, Time/Memory: 0.08,3072
Running EXPLC_M with kLev0 for N=1000, M=6000, k=5, seed=1729...
      Average Passes: 3.1, Time/Memory: 0.08,3072
Running EXPLC_M with kLev0 for N=1000, M=6000, k=10, seed=1729...
      Average Passes: 3.1, Time/Memory: 0.08,3072
Running EXPLC_M with kLevN for N=1000, M=6000, k=2, seed=1729...
      Average Passes: 2.0, Time/Memory: 0.07,3072
Running EXPLC_M with kLevN for N=1000, M=6000, k=5, seed=1729...
      Average Passes: 2.0, Time/Memory: 0.07,3072
Running EXPLC_M with kLevN for N=1000, M=6000, k=10, seed=1729...
      Average Passes: 1.0, Time/Memory: 0.02,4096
Running EXPLC_M with kPath0 for N=1000, M=7000, k=2, seed=1729...
      Average Passes: 7.1, Time/Memory: 0.20,3072
Running EXPLC_M with kPath0 for N=1000, M=7000, k=5, seed=1729...
      Average Passes: 3.7, Time/Memory: 0.11,3072
Running EXPLC_M with kPath0 for N=1000, M=7000, k=10, seed=1729...
      Average Passes: 2.5, Time/Memory: 0.08,4096
Running EXPLC_M with kPathN for N=1000, M=7000, k=2, seed=1729...
      Average Passes: 3.4, Time/Memory: 0.11,3072
Running EXPLC_M with kPathN for N=1000, M=7000, k=5, seed=1729...
      Average Passes: 2.3, Time/Memory: 0.08,4096
Running EXPLC_M with kPathN for N=1000, M=7000, k=10, seed=1729...
      Average Passes: 1.0, Time/Memory: 0.02,4096
Running EXPLC_M with kLev0 for N=1000, M=7000, k=2, seed=1729...
      Average Passes: 3.1, Time/Memory: 0.10,3072
Running EXPLC_M with kLev0 for N=1000, M=7000, k=5, seed=1729...
      Average Passes: 3.1, Time/Memory: 0.09,3072
Running EXPLC_M with kLev0 for N=1000, M=7000, k=10, seed=1729...
      Average Passes: 3.1, Time/Memory: 0.10,3072
Running EXPLC_M with kLevN for N=1000, M=7000, k=2, seed=1729...
      Average Passes: 2.1, Time/Memory: 0.08,3072
Running EXPLC_M with kLevN for N=1000, M=7000, k=5, seed=1729...
      Average Passes: 2.0, Time/Memory: 0.09,3072
Running EXPLC_M with kLevN for N=1000, M=7000, k=10, seed=1729...
      Average Passes: 1.0, Time/Memory: 0.02,4096
Running EXPLC_M with kPath0 for N=1000, M=8000, k=2, seed=1729...
      Average Passes: 6.9, Time/Memory: 0.21,3072
Running EXPLC_M with kPath0 for N=1000, M=8000, k=5, seed=1729...
      Average Passes: 3.7, Time/Memory: 0.12,3072
Running EXPLC_M with kPath0 for N=1000, M=8000, k=10, seed=1729...
      Average Passes: 2.9, Time/Memory: 0.10,4096
Running EXPLC_M with kPathN for N=1000, M=8000, k=2, seed=1729...
      Average Passes: 3.4, Time/Memory: 0.12,3072
Running EXPLC_M with kPathN for N=1000, M=8000, k=5, seed=1729...
      Average Passes: 2.3, Time/Memory: 0.09,4096
Running EXPLC_M with kPathN for N=1000, M=8000, k=10, seed=1729...
      Average Passes: 1.0, Time/Memory: 0.02,4096
Running EXPLC_M with kLev0 for N=1000, M=8000, k=2, seed=1729...
      Average Passes: 3.2, Time/Memory: 0.11,3072
Running EXPLC_M with kLev0 for N=1000, M=8000, k=5, seed=1729...
      Average Passes: 3.2, Time/Memory: 0.11,3072
Running EXPLC_M with kLev0 for N=1000, M=8000, k=10, seed=1729...
      Average Passes: 3.2, Time/Memory: 0.14,3072
Running EXPLC_M with kLevN for N=1000, M=8000, k=2, seed=1729...
      Average Passes: 2.0, Time/Memory: 0.10,3072
Running EXPLC_M with kLevN for N=1000, M=8000, k=5, seed=1729...
      Average Passes: 2.0, Time/Memory: 0.09,3072
Running EXPLC_M with kLevN for N=1000, M=8000, k=10, seed=1729...
      Average Passes: 1.0, Time/Memory: 0.02,4096
Running EXPLC_M with kPath0 for N=1000, M=9000, k=2, seed=1729...
      Average Passes: 7.6, Time/Memory: 0.37,3072
Running EXPLC_M with kPath0 for N=1000, M=9000, k=5, seed=1729...
      Average Passes: 3.8, Time/Memory: 0.19,3072
Running EXPLC_M with kPath0 for N=1000, M=9000, k=10, seed=1729...
      Average Passes: 3.3, Time/Memory: 0.18,4096
Running EXPLC_M with kPathN for N=1000, M=9000, k=2, seed=1729...
      Average Passes: 3.8, Time/Memory: 0.22,3072
Running EXPLC_M with kPathN for N=1000, M=9000, k=5, seed=1729...
      Average Passes: 2.3, Time/Memory: 0.15,4096
Running EXPLC_M with kPathN for N=1000, M=9000, k=10, seed=1729...
      Average Passes: 1.0, Time/Memory: 0.04,4096
Running EXPLC_M with kLev0 for N=1000, M=9000, k=2, seed=1729...
      Average Passes: 3.2, Time/Memory: 0.17,3072
Running EXPLC_M with kLev0 for N=1000, M=9000, k=5, seed=1729...
      Average Passes: 3.2, Time/Memory: 0.17,3072
Running EXPLC_M with kLev0 for N=1000, M=9000, k=10, seed=1729...
      Average Passes: 3.2, Time/Memory: 0.17,3072
Running EXPLC_M with kLevN for N=1000, M=9000, k=2, seed=1729...
      Average Passes: 2.1, Time/Memory: 0.14,3072
Running EXPLC_M with kLevN for N=1000, M=9000, k=5, seed=1729...
      Average Passes: 2.0, Time/Memory: 0.14,3072
Running EXPLC_M with kLevN for N=1000, M=9000, k=10, seed=1729...
      Average Passes: 1.0, Time/Memory: 0.04,4096
Running EXPLC_M with kPath0 for N=1000, M=10000, k=2, seed=1729...
      Average Passes: 8.0, Time/Memory: 0.29,3072
Running EXPLC_M with kPath0 for N=1000, M=10000, k=5, seed=1729...
      Average Passes: 4.1, Time/Memory: 0.15,3072
Running EXPLC_M with kPath0 for N=1000, M=10000, k=10, seed=1729...
      Average Passes: 3.3, Time/Memory: 0.14,4096
Running EXPLC_M with kPathN for N=1000, M=10000, k=2, seed=1729...
      Average Passes: 4.0, Time/Memory: 0.16,3072
Running EXPLC_M with kPathN for N=1000, M=10000, k=5, seed=1729...
      Average Passes: 2.3, Time/Memory: 0.10,4096
Running EXPLC_M with kPathN for N=1000, M=10000, k=10, seed=1729...
      Average Passes: 1.0, Time/Memory: 0.03,4096
Running EXPLC_M with kLev0 for N=1000, M=10000, k=2, seed=1729...
      Average Passes: 3.2, Time/Memory: 0.13,3072
Running EXPLC_M with kLev0 for N=1000, M=10000, k=5, seed=1729...
      Average Passes: 3.2, Time/Memory: 0.13,3072
Running EXPLC_M with kLev0 for N=1000, M=10000, k=10, seed=1729...
      Average Passes: 3.2, Time/Memory: 0.13,3072
Running EXPLC_M with kLevN for N=1000, M=10000, k=2, seed=1729...
      Average Passes: 2.1, Time/Memory: 0.11,3072
Running EXPLC_M with kLevN for N=1000, M=10000, k=5, seed=1729...
      Average Passes: 2.0, Time/Memory: 0.11,3072
Running EXPLC_M with kLevN for N=1000, M=10000, k=10, seed=1729...
      Average Passes: 1.0, Time/Memory: 0.03,4096
Running EXPLC_M with kPath0 for N=1000, M=11000, k=2, seed=1729...
      Average Passes: 7.9, Time/Memory: 0.31,3072
Running EXPLC_M with kPath0 for N=1000, M=11000, k=5, seed=1729...
      Average Passes: 4.4, Time/Memory: 0.19,3072
Running EXPLC_M with kPath0 for N=1000, M=11000, k=10, seed=1729...
      Average Passes: 3.3, Time/Memory: 0.15,4096
Running EXPLC_M with kPathN for N=1000, M=11000, k=2, seed=1729...
      Average Passes: 4.0, Time/Memory: 0.18,3072
Running EXPLC_M with kPathN for N=1000, M=11000, k=5, seed=1729...
      Average Passes: 2.5, Time/Memory: 0.12,4096
Running EXPLC_M with kPathN for N=1000, M=11000, k=10, seed=1729...
      Average Passes: 2.0, Time/Memory: 0.12,4096
Running EXPLC_M with kLev0 for N=1000, M=11000, k=2, seed=1729...
      Average Passes: 3.1, Time/Memory: 0.14,3072
Running EXPLC_M with kLev0 for N=1000, M=11000, k=5, seed=1729...
      Average Passes: 3.1, Time/Memory: 0.14,3072
Running EXPLC_M with kLev0 for N=1000, M=11000, k=10, seed=1729...
      Average Passes: 3.1, Time/Memory: 0.14,3072
Running EXPLC_M with kLevN for N=1000, M=11000, k=2, seed=1729...
      Average Passes: 2.0, Time/Memory: 0.12,3072
Running EXPLC_M with kLevN for N=1000, M=11000, k=5, seed=1729...
      Average Passes: 2.0, Time/Memory: 0.12,4096
Running EXPLC_M with kLevN for N=1000, M=11000, k=10, seed=1729...
      Average Passes: 2.0, Time/Memory: 0.13,4096
Running EXPLC_M with kPath0 for N=1000, M=12000, k=2, seed=1729...
      Average Passes: 8.2, Time/Memory: 0.35,3072
Running EXPLC_M with kPath0 for N=1000, M=12000, k=5, seed=1729...
      Average Passes: 4.2, Time/Memory: 0.19,3072
Running EXPLC_M with kPath0 for N=1000, M=12000, k=10, seed=1729...
      Average Passes: 3.3, Time/Memory: 0.15,4096
Running EXPLC_M with kPathN for N=1000, M=12000, k=2, seed=1729...
      Average Passes: 4.1, Time/Memory: 0.18,3072
Running EXPLC_M with kPathN for N=1000, M=12000, k=5, seed=1729...
      Average Passes: 2.9, Time/Memory: 0.15,4096
Running EXPLC_M with kPathN for N=1000, M=12000, k=10, seed=1729...
      Average Passes: 2.0, Time/Memory: 0.11,4096
Running EXPLC_M with kLev0 for N=1000, M=12000, k=2, seed=1729...
      Average Passes: 3.1, Time/Memory: 0.15,3072
Running EXPLC_M with kLev0 for N=1000, M=12000, k=5, seed=1729...
      Average Passes: 3.1, Time/Memory: 0.15,3072
Running EXPLC_M with kLev0 for N=1000, M=12000, k=10, seed=1729...
      Average Passes: 3.1, Time/Memory: 0.15,3072
Running EXPLC_M with kLevN for N=1000, M=12000, k=2, seed=1729...
      Average Passes: 2.0, Time/Memory: 0.12,3072
Running EXPLC_M with kLevN for N=1000, M=12000, k=5, seed=1729...
      Average Passes: 2.0, Time/Memory: 0.13,4096
Running EXPLC_M with kLevN for N=1000, M=12000, k=10, seed=1729...
      Average Passes: 2.0, Time/Memory: 0.14,4096
Running EXPLC_M with kPath0 for N=1000, M=13000, k=2, seed=1729...
      Average Passes: 8.6, Time/Memory: 0.54,3072
Running EXPLC_M with kPath0 for N=1000, M=13000, k=5, seed=1729...
      Average Passes: 4.5, Time/Memory: 0.29,4096
Running EXPLC_M with kPath0 for N=1000, M=13000, k=10, seed=1729...
      Average Passes: 3.3, Time/Memory: 0.22,4096
Running EXPLC_M with kPathN for N=1000, M=13000, k=2, seed=1729...
      Average Passes: 4.2, Time/Memory: 0.32,3072
Running EXPLC_M with kPathN for N=1000, M=13000, k=5, seed=1729...
      Average Passes: 2.9, Time/Memory: 0.22,4096
Running EXPLC_M with kPathN for N=1000, M=13000, k=10, seed=1729...
      Average Passes: 2.0, Time/Memory: 0.17,4096
Running EXPLC_M with kLev0 for N=1000, M=13000, k=2, seed=1729...
      Average Passes: 3.2, Time/Memory: 0.24,3072
Running EXPLC_M with kLev0 for N=1000, M=13000, k=5, seed=1729...
      Average Passes: 3.2, Time/Memory: 0.26,3072
Running EXPLC_M with kLev0 for N=1000, M=13000, k=10, seed=1729...
      Average Passes: 3.2, Time/Memory: 0.25,3072
Running EXPLC_M with kLevN for N=1000, M=13000, k=2, seed=1729...
      Average Passes: 2.1, Time/Memory: 0.20,3072
Running EXPLC_M with kLevN for N=1000, M=13000, k=5, seed=1729...
      Average Passes: 2.0, Time/Memory: 0.20,3072
Running EXPLC_M with kLevN for N=1000, M=13000, k=10, seed=1729...
      Average Passes: 2.0, Time/Memory: 0.21,4096
Running EXPLC_M with kPath0 for N=1000, M=14000, k=2, seed=1729...
      Average Passes: 8.9, Time/Memory: 0.42,3072
Running EXPLC_M with kPath0 for N=1000, M=14000, k=5, seed=1729...
      Average Passes: 4.6, Time/Memory: 0.24,4096
Running EXPLC_M with kPath0 for N=1000, M=14000, k=10, seed=1729...
      Average Passes: 3.3, Time/Memory: 0.18,4096
Running EXPLC_M with kPathN for N=1000, M=14000, k=2, seed=1729...
      Average Passes: 4.5, Time/Memory: 0.24,3072
Running EXPLC_M with kPathN for N=1000, M=14000, k=5, seed=1729...
      Average Passes: 3.0, Time/Memory: 0.17,4096
Running EXPLC_M with kPathN for N=1000, M=14000, k=10, seed=1729...
      Average Passes: 2.0, Time/Memory: 0.13,4096
Running EXPLC_M with kLev0 for N=1000, M=14000, k=2, seed=1729...
      Average Passes: 3.2, Time/Memory: 0.18,3072
Running EXPLC_M with kLev0 for N=1000, M=14000, k=5, seed=1729...
      Average Passes: 3.2, Time/Memory: 0.18,3072
Running EXPLC_M with kLev0 for N=1000, M=14000, k=10, seed=1729...
      Average Passes: 3.2, Time/Memory: 0.18,3072
Running EXPLC_M with kLevN for N=1000, M=14000, k=2, seed=1729...
      Average Passes: 2.1, Time/Memory: 0.15,3072
Running EXPLC_M with kLevN for N=1000, M=14000, k=5, seed=1729...
      Average Passes: 2.0, Time/Memory: 0.15,4096
Running EXPLC_M with kLevN for N=1000, M=14000, k=10, seed=1729...
      Average Passes: 2.0, Time/Memory: 0.16,4096
Running EXPLC_M with kPath0 for N=1000, M=15000, k=2, seed=1729...
      Average Passes: 8.9, Time/Memory: 0.46,3072
Running EXPLC_M with kPath0 for N=1000, M=15000, k=5, seed=1729...
      Average Passes: 4.6, Time/Memory: 0.25,4096
Running EXPLC_M with kPath0 for N=1000, M=15000, k=10, seed=1729...
      Average Passes: 3.5, Time/Memory: 0.26,4096
Running EXPLC_M with kPathN for N=1000, M=15000, k=2, seed=1729...
      Average Passes: 4.6, Time/Memory: 0.39,3072
Running EXPLC_M with kPathN for N=1000, M=15000, k=5, seed=1729...
      Average Passes: 3.0, Time/Memory: 0.28,4096
Running EXPLC_M with kPathN for N=1000, M=15000, k=10, seed=1729...
      Average Passes: 2.0, Time/Memory: 0.21,4096
Running EXPLC_M with kLev0 for N=1000, M=15000, k=2, seed=1729...
      Average Passes: 3.2, Time/Memory: 0.28,3072
Running EXPLC_M with kLev0 for N=1000, M=15000, k=5, seed=1729...
      Average Passes: 3.2, Time/Memory: 0.27,3072
Running EXPLC_M with kLev0 for N=1000, M=15000, k=10, seed=1729...
      Average Passes: 3.2, Time/Memory: 0.27,3072
Running EXPLC_M with kLevN for N=1000, M=15000, k=2, seed=1729...
      Average Passes: 2.0, Time/Memory: 0.21,3072
Running EXPLC_M with kLevN for N=1000, M=15000, k=5, seed=1729...
      Average Passes: 2.0, Time/Memory: 0.30,4096
Running EXPLC_M with kLevN for N=1000, M=15000, k=10, seed=1729...
      Average Passes: 2.0, Time/Memory: 0.26,4096
Running EXPLC_M with kPath0 for N=1000, M=16000, k=2, seed=1729...
      Average Passes: 9.4, Time/Memory: 0.75,3072
Running EXPLC_M with kPath0 for N=1000, M=16000, k=5, seed=1729...
      Average Passes: 4.7, Time/Memory: 0.39,4096
Running EXPLC_M with kPath0 for N=1000, M=16000, k=10, seed=1729...
      Average Passes: 3.5, Time/Memory: 0.27,4096
Running EXPLC_M with kPathN for N=1000, M=16000, k=2, seed=1729...
      Average Passes: 4.8, Time/Memory: 0.37,3072
Running EXPLC_M with kPathN for N=1000, M=16000, k=5, seed=1729...
      Average Passes: 3.0, Time/Memory: 0.28,4096
Running EXPLC_M with kPathN for N=1000, M=16000, k=10, seed=1729...
      Average Passes: 2.2, Time/Memory: 0.20,4096
Running EXPLC_M with kLev0 for N=1000, M=16000, k=2, seed=1729...
      Average Passes: 3.1, Time/Memory: 0.26,3072
Running EXPLC_M with kLev0 for N=1000, M=16000, k=5, seed=1729...
      Average Passes: 3.1, Time/Memory: 0.29,3072
Running EXPLC_M with kLev0 for N=1000, M=16000, k=10, seed=1729...
      Average Passes: 3.2, Time/Memory: 0.30,3072
Running EXPLC_M with kLevN for N=1000, M=16000, k=2, seed=1729...
      Average Passes: 2.1, Time/Memory: 0.21,3072
Running EXPLC_M with kLevN for N=1000, M=16000, k=5, seed=1729...
      Average Passes: 2.1, Time/Memory: 0.23,4096
Running EXPLC_M with kLevN for N=1000, M=16000, k=10, seed=1729...
      Average Passes: 2.0, Time/Memory: 0.25,4096
Running EXPLC_M with kPath0 for N=1000, M=17000, k=2, seed=1729...
      Average Passes: 9.6, Time/Memory: 0.55,3072
Running EXPLC_M with kPath0 for N=1000, M=17000, k=5, seed=1729...
      Average Passes: 4.8, Time/Memory: 0.28,4096
Running EXPLC_M with kPath0 for N=1000, M=17000, k=10, seed=1729...
      Average Passes: 3.6, Time/Memory: 0.23,4096
Running EXPLC_M with kPathN for N=1000, M=17000, k=2, seed=1729...
      Average Passes: 5.0, Time/Memory: 0.32,3072
Running EXPLC_M with kPathN for N=1000, M=17000, k=5, seed=1729...
      Average Passes: 3.0, Time/Memory: 0.20,4096
Running EXPLC_M with kPathN for N=1000, M=17000, k=10, seed=1729...
      Average Passes: 2.3, Time/Memory: 0.17,4096
Running EXPLC_M with kLev0 for N=1000, M=17000, k=2, seed=1729...
      Average Passes: 3.0, Time/Memory: 0.22,3072
Running EXPLC_M with kLev0 for N=1000, M=17000, k=5, seed=1729...
      Average Passes: 3.0, Time/Memory: 0.21,3072
Running EXPLC_M with kLev0 for N=1000, M=17000, k=10, seed=1729...
      Average Passes: 3.0, Time/Memory: 0.21,3072
Running EXPLC_M with kLevN for N=1000, M=17000, k=2, seed=1729...
      Average Passes: 2.1, Time/Memory: 0.17,3072
Running EXPLC_M with kLevN for N=1000, M=17000, k=5, seed=1729...
      Average Passes: 2.0, Time/Memory: 0.18,4096
Running EXPLC_M with kLevN for N=1000, M=17000, k=10, seed=1729...
      Average Passes: 2.0, Time/Memory: 0.19,4096
Running EXPLC_M with kPath0 for N=1000, M=18000, k=2, seed=1729...
      Average Passes: 10.2, Time/Memory: 0.63,3072
Running EXPLC_M with kPath0 for N=1000, M=18000, k=5, seed=1729...
      Average Passes: 4.9, Time/Memory: 0.42,4096
Running EXPLC_M with kPath0 for N=1000, M=18000, k=10, seed=1729...
      Average Passes: 3.6, Time/Memory: 0.34,4096
Running EXPLC_M with kPathN for N=1000, M=18000, k=2, seed=1729...
      Average Passes: 5.3, Time/Memory: 0.47,3072
Running EXPLC_M with kPathN for N=1000, M=18000, k=5, seed=1729...
      Average Passes: 3.0, Time/Memory: 0.30,4096
Running EXPLC_M with kPathN for N=1000, M=18000, k=10, seed=1729...
      Average Passes: 2.3, Time/Memory: 0.25,4096
Running EXPLC_M with kLev0 for N=1000, M=18000, k=2, seed=1729...
      Average Passes: 3.0, Time/Memory: 0.32,3072
Running EXPLC_M with kLev0 for N=1000, M=18000, k=5, seed=1729...
      Average Passes: 3.0, Time/Memory: 0.32,3072
Running EXPLC_M with kLev0 for N=1000, M=18000, k=10, seed=1729...
      Average Passes: 3.0, Time/Memory: 0.29,3072
Running EXPLC_M with kLevN for N=1000, M=18000, k=2, seed=1729...
      Average Passes: 2.1, Time/Memory: 0.24,3072
Running EXPLC_M with kLevN for N=1000, M=18000, k=5, seed=1729...
      Average Passes: 2.0, Time/Memory: 0.25,4096
Running EXPLC_M with kLevN for N=1000, M=18000, k=10, seed=1729...
      Average Passes: 2.0, Time/Memory: 0.33,4096
Running EXPLC_M with kPath0 for N=1000, M=19000, k=2, seed=1729...
      Average Passes: 10.3, Time/Memory: 0.67,3072
Running EXPLC_M with kPath0 for N=1000, M=19000, k=5, seed=1729...
      Average Passes: 5.4, Time/Memory: 0.55,4096
Running EXPLC_M with kPath0 for N=1000, M=19000, k=10, seed=1729...
      Average Passes: 3.6, Time/Memory: 0.33,4096
Running EXPLC_M with kPathN for N=1000, M=19000, k=2, seed=1729...
      Average Passes: 5.4, Time/Memory: 0.49,3072
Running EXPLC_M with kPathN for N=1000, M=19000, k=5, seed=1729...
      Average Passes: 3.0, Time/Memory: 0.30,4096
Running EXPLC_M with kPathN for N=1000, M=19000, k=10, seed=1729...
      Average Passes: 2.3, Time/Memory: 0.28,4096
Running EXPLC_M with kLev0 for N=1000, M=19000, k=2, seed=1729...
      Average Passes: 3.1, Time/Memory: 0.32,3072
Running EXPLC_M with kLev0 for N=1000, M=19000, k=5, seed=1729...
      Average Passes: 3.1, Time/Memory: 0.33,3072
Running EXPLC_M with kLev0 for N=1000, M=19000, k=10, seed=1729...
      Average Passes: 3.1, Time/Memory: 0.33,3072
Running EXPLC_M with kLevN for N=1000, M=19000, k=2, seed=1729...
      Average Passes: 2.0, Time/Memory: 0.26,3072
Running EXPLC_M with kLevN for N=1000, M=19000, k=5, seed=1729...
      Average Passes: 2.0, Time/Memory: 0.29,4096
Running EXPLC_M with kLevN for N=1000, M=19000, k=10, seed=1729...
      Average Passes: 2.0, Time/Memory: 0.33,4096
Running EXPLC_M with kPath0 for N=1000, M=20000, k=2, seed=1729...
      Average Passes: 10.7, Time/Memory: 0.71,3072
Running EXPLC_M with kPath0 for N=1000, M=20000, k=5, seed=1729...
      Average Passes: 5.4, Time/Memory: 0.38,4096
Running EXPLC_M with kPath0 for N=1000, M=20000, k=10, seed=1729...
      Average Passes: 3.7, Time/Memory: 0.26,4096
Running EXPLC_M with kPathN for N=1000, M=20000, k=2, seed=1729...
      Average Passes: 5.6, Time/Memory: 0.40,3072
Running EXPLC_M with kPathN for N=1000, M=20000, k=5, seed=1729...
      Average Passes: 3.3, Time/Memory: 0.40,4096
Running EXPLC_M with kPathN for N=1000, M=20000, k=10, seed=1729...
      Average Passes: 2.3, Time/Memory: 0.28,4096
Running EXPLC_M with kLev0 for N=1000, M=20000, k=2, seed=1729...
      Average Passes: 3.0, Time/Memory: 0.40,3072
Running EXPLC_M with kLev0 for N=1000, M=20000, k=5, seed=1729...
      Average Passes: 3.0, Time/Memory: 0.38,3072
Running EXPLC_M with kLev0 for N=1000, M=20000, k=10, seed=1729...
      Average Passes: 3.0, Time/Memory: 0.36,3072
Running EXPLC_M with kLevN for N=1000, M=20000, k=2, seed=1729...
      Average Passes: 2.1, Time/Memory: 0.30,3072
Running EXPLC_M with kLevN for N=1000, M=20000, k=5, seed=1729...
      Average Passes: 2.1, Time/Memory: 0.32,4096
Running EXPLC_M with kLevN for N=1000, M=20000, k=10, seed=1729...
      Average Passes: 2.0, Time/Memory: 0.30,4096
Running EXPLC_M with kPath0 for N=1000, M=30000, k=2, seed=1729...
      Average Passes: 13.1, Time/Memory: 1.29,3072
Running EXPLC_M with kPath0 for N=1000, M=30000, k=5, seed=1729...
      Average Passes: 6.6, Time/Memory: 0.67,4096
Running EXPLC_M with kPath0 for N=1000, M=30000, k=10, seed=1729...
      Average Passes: 4.4, Time/Memory: 0.47,4096
Running EXPLC_M with kPathN for N=1000, M=30000, k=2, seed=1729...
