Graph already exists at: ./input/random_graphs/graph_10_31_POWLAW_6230961512046992311.txt
Graph already exists at: ./input/random_graphs/graph_10_31_POWLAW_7871178979383552919.txt
Graph already exists at: ./input/random_graphs/graph_10_31_POWLAW_5739955973604961613.txt
Graph already exists at: ./input/random_graphs/graph_10_31_POWLAW_3881801951614183357.txt
Graph already exists at: ./input/random_graphs/graph_10_31_POWLAW_7032710160631691991.txt
Graph already exists at: ./input/random_graphs/graph_10_31_POWLAW_7599700178212337699.txt
Graph already exists at: ./input/random_graphs/graph_10_31_POWLAW_1353182403971399009.txt
Graph already exists at: ./input/random_graphs/graph_10_31_POWLAW_1070244953599069350.txt
Graph already exists at: ./input/random_graphs/graph_10_31_POWLAW_6522163754831416203.txt
Graph already exists at: ./input/random_graphs/graph_10_31_POWLAW_6938562734920028532.txt
Graph already exists at: ./input/random_graphs/graph_20_89_POWLAW_6230961512046992311.txt
Graph already exists at: ./input/random_graphs/graph_20_89_POWLAW_7871178979383552919.txt
Graph already exists at: ./input/random_graphs/graph_20_89_POWLAW_5739955973604961613.txt
Graph already exists at: ./input/random_graphs/graph_20_89_POWLAW_3881801951614183357.txt
Graph already exists at: ./input/random_graphs/graph_20_89_POWLAW_7032710160631691991.txt
Graph already exists at: ./input/random_graphs/graph_20_89_POWLAW_7599700178212337699.txt
Graph already exists at: ./input/random_graphs/graph_20_89_POWLAW_1353182403971399009.txt
Graph already exists at: ./input/random_graphs/graph_20_89_POWLAW_1070244953599069350.txt
Graph already exists at: ./input/random_graphs/graph_20_89_POWLAW_6522163754831416203.txt
Graph already exists at: ./input/random_graphs/graph_20_89_POWLAW_6938562734920028532.txt
Graph already exists at: ./input/random_graphs/graph_30_164_POWLAW_6230961512046992311.txt
Graph already exists at: ./input/random_graphs/graph_30_164_POWLAW_7871178979383552919.txt
Graph already exists at: ./input/random_graphs/graph_30_164_POWLAW_5739955973604961613.txt
Graph already exists at: ./input/random_graphs/graph_30_164_POWLAW_3881801951614183357.txt
Graph already exists at: ./input/random_graphs/graph_30_164_POWLAW_7032710160631691991.txt
Graph already exists at: ./input/random_graphs/graph_30_164_POWLAW_7599700178212337699.txt
Graph already exists at: ./input/random_graphs/graph_30_164_POWLAW_1353182403971399009.txt
Graph already exists at: ./input/random_graphs/graph_30_164_POWLAW_1070244953599069350.txt
Graph already exists at: ./input/random_graphs/graph_30_164_POWLAW_6522163754831416203.txt
Graph already exists at: ./input/random_graphs/graph_30_164_POWLAW_6938562734920028532.txt
Graph already exists at: ./input/random_graphs/graph_40_252_POWLAW_6230961512046992311.txt
Graph already exists at: ./input/random_graphs/graph_40_252_POWLAW_7871178979383552919.txt
Graph already exists at: ./input/random_graphs/graph_40_252_POWLAW_5739955973604961613.txt
Graph already exists at: ./input/random_graphs/graph_40_252_POWLAW_3881801951614183357.txt
Graph already exists at: ./input/random_graphs/graph_40_252_POWLAW_7032710160631691991.txt
Graph already exists at: ./input/random_graphs/graph_40_252_POWLAW_7599700178212337699.txt
Graph already exists at: ./input/random_graphs/graph_40_252_POWLAW_1353182403971399009.txt
Graph already exists at: ./input/random_graphs/graph_40_252_POWLAW_1070244953599069350.txt
Graph already exists at: ./input/random_graphs/graph_40_252_POWLAW_6522163754831416203.txt
Graph already exists at: ./input/random_graphs/graph_40_252_POWLAW_6938562734920028532.txt
Graph already exists at: ./input/random_graphs/graph_50_353_POWLAW_6230961512046992311.txt
Graph already exists at: ./input/random_graphs/graph_50_353_POWLAW_7871178979383552919.txt
Graph already exists at: ./input/random_graphs/graph_50_353_POWLAW_5739955973604961613.txt
Graph already exists at: ./input/random_graphs/graph_50_353_POWLAW_3881801951614183357.txt
Graph already exists at: ./input/random_graphs/graph_50_353_POWLAW_7032710160631691991.txt
Graph already exists at: ./input/random_graphs/graph_50_353_POWLAW_7599700178212337699.txt
Graph already exists at: ./input/random_graphs/graph_50_353_POWLAW_1353182403971399009.txt
Graph already exists at: ./input/random_graphs/graph_50_353_POWLAW_1070244953599069350.txt
Graph already exists at: ./input/random_graphs/graph_50_353_POWLAW_6522163754831416203.txt
Graph already exists at: ./input/random_graphs/graph_50_353_POWLAW_6938562734920028532.txt
Graph already exists at: ./input/random_graphs/graph_60_464_POWLAW_6230961512046992311.txt
Graph already exists at: ./input/random_graphs/graph_60_464_POWLAW_7871178979383552919.txt
Graph already exists at: ./input/random_graphs/graph_60_464_POWLAW_5739955973604961613.txt
Graph already exists at: ./input/random_graphs/graph_60_464_POWLAW_3881801951614183357.txt
Graph already exists at: ./input/random_graphs/graph_60_464_POWLAW_7032710160631691991.txt
Graph already exists at: ./input/random_graphs/graph_60_464_POWLAW_7599700178212337699.txt
Graph already exists at: ./input/random_graphs/graph_60_464_POWLAW_1353182403971399009.txt
Graph already exists at: ./input/random_graphs/graph_60_464_POWLAW_1070244953599069350.txt
Graph already exists at: ./input/random_graphs/graph_60_464_POWLAW_6522163754831416203.txt
Graph already exists at: ./input/random_graphs/graph_60_464_POWLAW_6938562734920028532.txt
Graph already exists at: ./input/random_graphs/graph_70_585_POWLAW_6230961512046992311.txt
Graph already exists at: ./input/random_graphs/graph_70_585_POWLAW_7871178979383552919.txt
Graph already exists at: ./input/random_graphs/graph_70_585_POWLAW_5739955973604961613.txt
Graph already exists at: ./input/random_graphs/graph_70_585_POWLAW_3881801951614183357.txt
Graph already exists at: ./input/random_graphs/graph_70_585_POWLAW_7032710160631691991.txt
Graph already exists at: ./input/random_graphs/graph_70_585_POWLAW_7599700178212337699.txt
Graph already exists at: ./input/random_graphs/graph_70_585_POWLAW_1353182403971399009.txt
Graph already exists at: ./input/random_graphs/graph_70_585_POWLAW_1070244953599069350.txt
Graph already exists at: ./input/random_graphs/graph_70_585_POWLAW_6522163754831416203.txt
Graph already exists at: ./input/random_graphs/graph_70_585_POWLAW_6938562734920028532.txt
Graph already exists at: ./input/random_graphs/graph_80_715_POWLAW_6230961512046992311.txt
Graph already exists at: ./input/random_graphs/graph_80_715_POWLAW_7871178979383552919.txt
Graph already exists at: ./input/random_graphs/graph_80_715_POWLAW_5739955973604961613.txt
Graph already exists at: ./input/random_graphs/graph_80_715_POWLAW_3881801951614183357.txt
Graph already exists at: ./input/random_graphs/graph_80_715_POWLAW_7032710160631691991.txt
Graph already exists at: ./input/random_graphs/graph_80_715_POWLAW_7599700178212337699.txt
Graph already exists at: ./input/random_graphs/graph_80_715_POWLAW_1353182403971399009.txt
Graph already exists at: ./input/random_graphs/graph_80_715_POWLAW_1070244953599069350.txt
Graph already exists at: ./input/random_graphs/graph_80_715_POWLAW_6522163754831416203.txt
Graph already exists at: ./input/random_graphs/graph_80_715_POWLAW_6938562734920028532.txt
Graph already exists at: ./input/random_graphs/graph_90_853_POWLAW_6230961512046992311.txt
Graph already exists at: ./input/random_graphs/graph_90_853_POWLAW_7871178979383552919.txt
Graph already exists at: ./input/random_graphs/graph_90_853_POWLAW_5739955973604961613.txt
Graph already exists at: ./input/random_graphs/graph_90_853_POWLAW_3881801951614183357.txt
Graph already exists at: ./input/random_graphs/graph_90_853_POWLAW_7032710160631691991.txt
Graph already exists at: ./input/random_graphs/graph_90_853_POWLAW_7599700178212337699.txt
Graph already exists at: ./input/random_graphs/graph_90_853_POWLAW_1353182403971399009.txt
Graph already exists at: ./input/random_graphs/graph_90_853_POWLAW_1070244953599069350.txt
Graph already exists at: ./input/random_graphs/graph_90_853_POWLAW_6522163754831416203.txt
Graph already exists at: ./input/random_graphs/graph_90_853_POWLAW_6938562734920028532.txt
Graph already exists at: ./input/random_graphs/graph_100_1000_POWLAW_6230961512046992311.txt
Graph already exists at: ./input/random_graphs/graph_100_1000_POWLAW_7871178979383552919.txt
Graph already exists at: ./input/random_graphs/graph_100_1000_POWLAW_5739955973604961613.txt
Graph already exists at: ./input/random_graphs/graph_100_1000_POWLAW_3881801951614183357.txt
Graph already exists at: ./input/random_graphs/graph_100_1000_POWLAW_7032710160631691991.txt
Graph already exists at: ./input/random_graphs/graph_100_1000_POWLAW_7599700178212337699.txt
Graph already exists at: ./input/random_graphs/graph_100_1000_POWLAW_1353182403971399009.txt
Graph already exists at: ./input/random_graphs/graph_100_1000_POWLAW_1070244953599069350.txt
Graph already exists at: ./input/random_graphs/graph_100_1000_POWLAW_6522163754831416203.txt
Graph already exists at: ./input/random_graphs/graph_100_1000_POWLAW_6938562734920028532.txt
Graph already exists at: ./input/random_graphs/graph_150_1837_POWLAW_6230961512046992311.txt
Graph already exists at: ./input/random_graphs/graph_150_1837_POWLAW_7871178979383552919.txt
Graph already exists at: ./input/random_graphs/graph_150_1837_POWLAW_5739955973604961613.txt
Graph already exists at: ./input/random_graphs/graph_150_1837_POWLAW_3881801951614183357.txt
Graph already exists at: ./input/random_graphs/graph_150_1837_POWLAW_7032710160631691991.txt
Graph already exists at: ./input/random_graphs/graph_150_1837_POWLAW_7599700178212337699.txt
Graph already exists at: ./input/random_graphs/graph_150_1837_POWLAW_1353182403971399009.txt
Graph already exists at: ./input/random_graphs/graph_150_1837_POWLAW_1070244953599069350.txt
Graph already exists at: ./input/random_graphs/graph_150_1837_POWLAW_6522163754831416203.txt
Graph already exists at: ./input/random_graphs/graph_150_1837_POWLAW_6938562734920028532.txt
Graph already exists at: ./input/random_graphs/graph_200_2828_POWLAW_6230961512046992311.txt
Graph already exists at: ./input/random_graphs/graph_200_2828_POWLAW_7871178979383552919.txt
Graph already exists at: ./input/random_graphs/graph_200_2828_POWLAW_5739955973604961613.txt
Graph already exists at: ./input/random_graphs/graph_200_2828_POWLAW_3881801951614183357.txt
Graph already exists at: ./input/random_graphs/graph_200_2828_POWLAW_7032710160631691991.txt
Graph already exists at: ./input/random_graphs/graph_200_2828_POWLAW_7599700178212337699.txt
Graph already exists at: ./input/random_graphs/graph_200_2828_POWLAW_1353182403971399009.txt
Graph already exists at: ./input/random_graphs/graph_200_2828_POWLAW_1070244953599069350.txt
Graph already exists at: ./input/random_graphs/graph_200_2828_POWLAW_6522163754831416203.txt
Graph already exists at: ./input/random_graphs/graph_200_2828_POWLAW_6938562734920028532.txt
Graph already exists at: ./input/random_graphs/graph_250_3952_POWLAW_6230961512046992311.txt
Graph already exists at: ./input/random_graphs/graph_250_3952_POWLAW_7871178979383552919.txt
Graph already exists at: ./input/random_graphs/graph_250_3952_POWLAW_5739955973604961613.txt
Graph already exists at: ./input/random_graphs/graph_250_3952_POWLAW_3881801951614183357.txt
Graph already exists at: ./input/random_graphs/graph_250_3952_POWLAW_7032710160631691991.txt
Graph already exists at: ./input/random_graphs/graph_250_3952_POWLAW_7599700178212337699.txt
Graph already exists at: ./input/random_graphs/graph_250_3952_POWLAW_1353182403971399009.txt
Graph already exists at: ./input/random_graphs/graph_250_3952_POWLAW_1070244953599069350.txt
Graph already exists at: ./input/random_graphs/graph_250_3952_POWLAW_6522163754831416203.txt
Graph already exists at: ./input/random_graphs/graph_250_3952_POWLAW_6938562734920028532.txt
Graph already exists at: ./input/random_graphs/graph_300_5196_POWLAW_6230961512046992311.txt
Graph already exists at: ./input/random_graphs/graph_300_5196_POWLAW_7871178979383552919.txt
Graph already exists at: ./input/random_graphs/graph_300_5196_POWLAW_5739955973604961613.txt
Graph already exists at: ./input/random_graphs/graph_300_5196_POWLAW_3881801951614183357.txt
Graph already exists at: ./input/random_graphs/graph_300_5196_POWLAW_7032710160631691991.txt
Graph already exists at: ./input/random_graphs/graph_300_5196_POWLAW_7599700178212337699.txt
Graph already exists at: ./input/random_graphs/graph_300_5196_POWLAW_1353182403971399009.txt
Graph already exists at: ./input/random_graphs/graph_300_5196_POWLAW_1070244953599069350.txt
Graph already exists at: ./input/random_graphs/graph_300_5196_POWLAW_6522163754831416203.txt
Graph already exists at: ./input/random_graphs/graph_300_5196_POWLAW_6938562734920028532.txt
Graph already exists at: ./input/random_graphs/graph_350_6547_POWLAW_6230961512046992311.txt
Graph already exists at: ./input/random_graphs/graph_350_6547_POWLAW_7871178979383552919.txt
Graph already exists at: ./input/random_graphs/graph_350_6547_POWLAW_5739955973604961613.txt
Graph already exists at: ./input/random_graphs/graph_350_6547_POWLAW_3881801951614183357.txt
Graph already exists at: ./input/random_graphs/graph_350_6547_POWLAW_7032710160631691991.txt
Graph already exists at: ./input/random_graphs/graph_350_6547_POWLAW_7599700178212337699.txt
Graph already exists at: ./input/random_graphs/graph_350_6547_POWLAW_1353182403971399009.txt
Graph already exists at: ./input/random_graphs/graph_350_6547_POWLAW_1070244953599069350.txt
Graph already exists at: ./input/random_graphs/graph_350_6547_POWLAW_6522163754831416203.txt
Graph already exists at: ./input/random_graphs/graph_350_6547_POWLAW_6938562734920028532.txt
Graph already exists at: ./input/random_graphs/graph_400_8000_POWLAW_6230961512046992311.txt
Graph already exists at: ./input/random_graphs/graph_400_8000_POWLAW_7871178979383552919.txt
Graph already exists at: ./input/random_graphs/graph_400_8000_POWLAW_5739955973604961613.txt
Graph already exists at: ./input/random_graphs/graph_400_8000_POWLAW_3881801951614183357.txt
Graph already exists at: ./input/random_graphs/graph_400_8000_POWLAW_7032710160631691991.txt
Graph already exists at: ./input/random_graphs/graph_400_8000_POWLAW_7599700178212337699.txt
Graph already exists at: ./input/random_graphs/graph_400_8000_POWLAW_1353182403971399009.txt
Graph already exists at: ./input/random_graphs/graph_400_8000_POWLAW_1070244953599069350.txt
Graph already exists at: ./input/random_graphs/graph_400_8000_POWLAW_6522163754831416203.txt
Graph already exists at: ./input/random_graphs/graph_400_8000_POWLAW_6938562734920028532.txt
Graph already exists at: ./input/random_graphs/graph_450_9545_POWLAW_6230961512046992311.txt
Graph already exists at: ./input/random_graphs/graph_450_9545_POWLAW_7871178979383552919.txt
Graph already exists at: ./input/random_graphs/graph_450_9545_POWLAW_5739955973604961613.txt
Graph already exists at: ./input/random_graphs/graph_450_9545_POWLAW_3881801951614183357.txt
Graph already exists at: ./input/random_graphs/graph_450_9545_POWLAW_7032710160631691991.txt
Graph already exists at: ./input/random_graphs/graph_450_9545_POWLAW_7599700178212337699.txt
Graph already exists at: ./input/random_graphs/graph_450_9545_POWLAW_1353182403971399009.txt
Graph already exists at: ./input/random_graphs/graph_450_9545_POWLAW_1070244953599069350.txt
Graph already exists at: ./input/random_graphs/graph_450_9545_POWLAW_6522163754831416203.txt
Graph already exists at: ./input/random_graphs/graph_450_9545_POWLAW_6938562734920028532.txt
Graph already exists at: ./input/random_graphs/graph_500_11180_POWLAW_6230961512046992311.txt
Graph already exists at: ./input/random_graphs/graph_500_11180_POWLAW_7871178979383552919.txt
Graph already exists at: ./input/random_graphs/graph_500_11180_POWLAW_5739955973604961613.txt
Graph already exists at: ./input/random_graphs/graph_500_11180_POWLAW_3881801951614183357.txt
Graph already exists at: ./input/random_graphs/graph_500_11180_POWLAW_7032710160631691991.txt
Graph already exists at: ./input/random_graphs/graph_500_11180_POWLAW_7599700178212337699.txt
Graph already exists at: ./input/random_graphs/graph_500_11180_POWLAW_1353182403971399009.txt
Graph already exists at: ./input/random_graphs/graph_500_11180_POWLAW_1070244953599069350.txt
Graph already exists at: ./input/random_graphs/graph_500_11180_POWLAW_6522163754831416203.txt
Graph already exists at: ./input/random_graphs/graph_500_11180_POWLAW_6938562734920028532.txt
Graph already exists at: ./input/random_graphs/graph_550_12898_POWLAW_6230961512046992311.txt
Graph already exists at: ./input/random_graphs/graph_550_12898_POWLAW_7871178979383552919.txt
Graph already exists at: ./input/random_graphs/graph_550_12898_POWLAW_5739955973604961613.txt
Graph already exists at: ./input/random_graphs/graph_550_12898_POWLAW_3881801951614183357.txt
Graph already exists at: ./input/random_graphs/graph_550_12898_POWLAW_7032710160631691991.txt
Graph already exists at: ./input/random_graphs/graph_550_12898_POWLAW_7599700178212337699.txt
Graph already exists at: ./input/random_graphs/graph_550_12898_POWLAW_1353182403971399009.txt
Graph already exists at: ./input/random_graphs/graph_550_12898_POWLAW_1070244953599069350.txt
Graph already exists at: ./input/random_graphs/graph_550_12898_POWLAW_6522163754831416203.txt
Graph already exists at: ./input/random_graphs/graph_550_12898_POWLAW_6938562734920028532.txt
Running experiments with 10 iterations, varying N from 10 to 10,000 and seed token 1729
Running kpath variant 0 with N=10, sparsity=3, seed=1729...
      Average Passes: 2.0, Time/Memory: 0.00,4136
Running kpath variant N with N=10, sparsity=3, seed=1729...
      Average Passes: 1.0, Time/Memory: 0.00,4180
Running klev variant 0 with N=10, sparsity=3, seed=1729...
      Average Passes: 3.0, Time/Memory: 0.00,4156
Running klev variant N with N=10, sparsity=3, seed=1729...
      Average Passes: 1.0, Time/Memory: 0.00,3136
Running kpath variant 0 with N=20, sparsity=3, seed=1729...
      Average Passes: 3.0, Time/Memory: 0.00,4148
Running kpath variant N with N=20, sparsity=3, seed=1729...
      Average Passes: 1.0, Time/Memory: 0.00,3144
Running klev variant 0 with N=20, sparsity=3, seed=1729...
      Average Passes: 3.0, Time/Memory: 0.00,3136
Running klev variant N with N=20, sparsity=3, seed=1729...
      Average Passes: 1.0, Time/Memory: 0.00,4188
Running kpath variant 0 with N=30, sparsity=3, seed=1729...
      Average Passes: 3.0, Time/Memory: 0.00,4176
Running kpath variant N with N=30, sparsity=3, seed=1729...
      Average Passes: 2.0, Time/Memory: 0.00,3168
Running klev variant 0 with N=30, sparsity=3, seed=1729...
      Average Passes: 3.0, Time/Memory: 0.00,3144
Running klev variant N with N=30, sparsity=3, seed=1729...
      Average Passes: 1.0, Time/Memory: 0.00,3132
Running kpath variant 0 with N=40, sparsity=3, seed=1729...
      Average Passes: 3.0, Time/Memory: 0.00,3216
Running kpath variant N with N=40, sparsity=3, seed=1729...
      Average Passes: 2.0, Time/Memory: 0.00,3152
Running klev variant 0 with N=40, sparsity=3, seed=1729...
      Average Passes: 3.0, Time/Memory: 0.00,4168
Running klev variant N with N=40, sparsity=3, seed=1729...
      Average Passes: 1.3, Time/Memory: 0.00,4164
Running kpath variant 0 with N=50, sparsity=3, seed=1729...
      Average Passes: 3.0, Time/Memory: 0.00,4152
Running kpath variant N with N=50, sparsity=3, seed=1729...
      Average Passes: 2.0, Time/Memory: 0.00,3124
Running klev variant 0 with N=50, sparsity=3, seed=1729...
      Average Passes: 3.0, Time/Memory: 0.00,4188
Running klev variant N with N=50, sparsity=3, seed=1729...
      Average Passes: 1.8, Time/Memory: 0.00,4188
Running kpath variant 0 with N=60, sparsity=3, seed=1729...
      Average Passes: 3.2, Time/Memory: 0.00,4172
Running kpath variant N with N=60, sparsity=3, seed=1729...
      Average Passes: 2.0, Time/Memory: 0.00,4152
Running klev variant 0 with N=60, sparsity=3, seed=1729...
      Average Passes: 3.0, Time/Memory: 0.01,3144
Running klev variant N with N=60, sparsity=3, seed=1729...
      Average Passes: 2.0, Time/Memory: 0.00,3160
Running kpath variant 0 with N=70, sparsity=3, seed=1729...
      Average Passes: 3.4, Time/Memory: 0.00,4152
Running kpath variant N with N=70, sparsity=3, seed=1729...
      Average Passes: 2.0, Time/Memory: 0.00,4152
Running klev variant 0 with N=70, sparsity=3, seed=1729...
      Average Passes: 3.0, Time/Memory: 0.00,4152
Running klev variant N with N=70, sparsity=3, seed=1729...
      Average Passes: 2.0, Time/Memory: 0.00,4192
Running kpath variant 0 with N=80, sparsity=3, seed=1729...
      Average Passes: 3.6, Time/Memory: 0.00,4172
Running kpath variant N with N=80, sparsity=3, seed=1729...
      Average Passes: 2.0, Time/Memory: 0.00,4136
Running klev variant 0 with N=80, sparsity=3, seed=1729...
      Average Passes: 3.0, Time/Memory: 0.00,4152
Running klev variant N with N=80, sparsity=3, seed=1729...
      Average Passes: 2.0, Time/Memory: 0.00,4152
Running kpath variant 0 with N=90, sparsity=3, seed=1729...
      Average Passes: 3.9, Time/Memory: 0.01,3132
Running kpath variant N with N=90, sparsity=3, seed=1729...
      Average Passes: 2.0, Time/Memory: 0.00,3132
Running klev variant 0 with N=90, sparsity=3, seed=1729...
      Average Passes: 3.0, Time/Memory: 0.00,4136
Running klev variant N with N=90, sparsity=3, seed=1729...
      Average Passes: 2.0, Time/Memory: 0.00,3116
Running kpath variant 0 with N=100, sparsity=3, seed=1729...
      Average Passes: 3.9, Time/Memory: 0.01,4148
Running kpath variant N with N=100, sparsity=3, seed=1729...
      Average Passes: 2.0, Time/Memory: 0.00,4192
Running klev variant 0 with N=100, sparsity=3, seed=1729...
      Average Passes: 3.0, Time/Memory: 0.01,3120
Running klev variant N with N=100, sparsity=3, seed=1729...
      Average Passes: 2.0, Time/Memory: 0.01,3188
Running kpath variant 0 with N=150, sparsity=3, seed=1729...
      Average Passes: 4.0, Time/Memory: 0.02,4156
Running kpath variant N with N=150, sparsity=3, seed=1729...
      Average Passes: 2.6, Time/Memory: 0.01,4180
Running klev variant 0 with N=150, sparsity=3, seed=1729...
      Average Passes: 3.2, Time/Memory: 0.02,4144
Running klev variant N with N=150, sparsity=3, seed=1729...
      Average Passes: 2.0, Time/Memory: 0.01,3188
Running kpath variant 0 with N=200, sparsity=3, seed=1729...
      Average Passes: 4.6, Time/Memory: 0.03,4168
Running kpath variant N with N=200, sparsity=3, seed=1729...
      Average Passes: 3.0, Time/Memory: 0.02,3136
Running klev variant 0 with N=200, sparsity=3, seed=1729...
      Average Passes: 3.1, Time/Memory: 0.03,3112
Running klev variant N with N=200, sparsity=3, seed=1729...
      Average Passes: 2.1, Time/Memory: 0.02,4132
Running kpath variant 0 with N=250, sparsity=3, seed=1729...
      Average Passes: 4.5, Time/Memory: 0.05,4160
Running kpath variant N with N=250, sparsity=3, seed=1729...
      Average Passes: 3.0, Time/Memory: 0.03,4176
Running klev variant 0 with N=250, sparsity=3, seed=1729...
      Average Passes: 3.1, Time/Memory: 0.04,3160
Running klev variant N with N=250, sparsity=3, seed=1729...
      Average Passes: 2.0, Time/Memory: 0.03,3124
Running kpath variant 0 with N=300, sparsity=3, seed=1729...
      Average Passes: 4.8, Time/Memory: 0.07,3132
Running kpath variant N with N=300, sparsity=3, seed=1729...
      Average Passes: 3.0, Time/Memory: 0.04,3124
Running klev variant 0 with N=300, sparsity=3, seed=1729...
      Average Passes: 3.1, Time/Memory: 0.05,3196
Running klev variant N with N=300, sparsity=3, seed=1729...
      Average Passes: 2.0, Time/Memory: 0.04,3136
Running kpath variant 0 with N=350, sparsity=3, seed=1729...
      Average Passes: 5.0, Time/Memory: 0.09,4144
Running kpath variant N with N=350, sparsity=3, seed=1729...
      Average Passes: 3.0, Time/Memory: 0.05,3124
Running klev variant 0 with N=350, sparsity=3, seed=1729...
      Average Passes: 3.1, Time/Memory: 0.07,4180
Running klev variant N with N=350, sparsity=3, seed=1729...
      Average Passes: 2.0, Time/Memory: 0.06,4164
Running kpath variant 0 with N=400, sparsity=3, seed=1729...
      Average Passes: 5.2, Time/Memory: 0.11,4152
Running kpath variant N with N=400, sparsity=3, seed=1729...
      Average Passes: 3.0, Time/Memory: 0.07,4152
Running klev variant 0 with N=400, sparsity=3, seed=1729...
      Average Passes: 3.1, Time/Memory: 0.08,4132
Running klev variant N with N=400, sparsity=3, seed=1729...
      Average Passes: 2.1, Time/Memory: 0.07,3128
Running kpath variant 0 with N=450, sparsity=3, seed=1729...
      Average Passes: 5.3, Time/Memory: 0.14,4152
Running kpath variant N with N=450, sparsity=3, seed=1729...
      Average Passes: 3.1, Time/Memory: 0.09,3120
Running klev variant 0 with N=450, sparsity=3, seed=1729...
      Average Passes: 3.1, Time/Memory: 0.10,4188
Running klev variant N with N=450, sparsity=3, seed=1729...
      Average Passes: 2.1, Time/Memory: 0.08,4192
Running kpath variant 0 with N=500, sparsity=3, seed=1729...
      Average Passes: 5.6, Time/Memory: 0.17,3164
Running kpath variant N with N=500, sparsity=3, seed=1729...
      Average Passes: 3.4, Time/Memory: 0.11,3120
Running klev variant 0 with N=500, sparsity=3, seed=1729...
      Average Passes: 3.3, Time/Memory: 0.12,3132
Running klev variant N with N=500, sparsity=3, seed=1729...
      Average Passes: 2.1, Time/Memory: 0.10,4156
Running kpath variant 0 with N=550, sparsity=3, seed=1729...
      Average Passes: 5.6, Time/Memory: 0.20,4152
Running kpath variant N with N=550, sparsity=3, seed=1729...
Graph already exists at: ./input/random_graphs/graph_600_14696_POWLAW_6230961512046992311.txt
Graph already exists at: ./input/random_graphs/graph_600_14696_POWLAW_7871178979383552919.txt
Graph already exists at: ./input/random_graphs/graph_600_14696_POWLAW_5739955973604961613.txt
Graph already exists at: ./input/random_graphs/graph_600_14696_POWLAW_3881801951614183357.txt
Graph already exists at: ./input/random_graphs/graph_600_14696_POWLAW_7032710160631691991.txt
Graph already exists at: ./input/random_graphs/graph_600_14696_POWLAW_7599700178212337699.txt
Graph already exists at: ./input/random_graphs/graph_600_14696_POWLAW_1353182403971399009.txt
Graph already exists at: ./input/random_graphs/graph_600_14696_POWLAW_1070244953599069350.txt
Graph already exists at: ./input/random_graphs/graph_600_14696_POWLAW_6522163754831416203.txt
Graph already exists at: ./input/random_graphs/graph_600_14696_POWLAW_6938562734920028532.txt
Graph already exists at: ./input/random_graphs/graph_650_16571_POWLAW_6230961512046992311.txt
Graph already exists at: ./input/random_graphs/graph_650_16571_POWLAW_7871178979383552919.txt
Graph already exists at: ./input/random_graphs/graph_650_16571_POWLAW_5739955973604961613.txt
Graph already exists at: ./input/random_graphs/graph_650_16571_POWLAW_3881801951614183357.txt
Graph already exists at: ./input/random_graphs/graph_650_16571_POWLAW_7032710160631691991.txt
Graph already exists at: ./input/random_graphs/graph_650_16571_POWLAW_7599700178212337699.txt
Graph already exists at: ./input/random_graphs/graph_650_16571_POWLAW_1353182403971399009.txt
Graph already exists at: ./input/random_graphs/graph_650_16571_POWLAW_1070244953599069350.txt
Graph already exists at: ./input/random_graphs/graph_650_16571_POWLAW_6522163754831416203.txt
Graph already exists at: ./input/random_graphs/graph_650_16571_POWLAW_6938562734920028532.txt
Graph already exists at: ./input/random_graphs/graph_700_18520_POWLAW_6230961512046992311.txt
Graph already exists at: ./input/random_graphs/graph_700_18520_POWLAW_7871178979383552919.txt
Graph already exists at: ./input/random_graphs/graph_700_18520_POWLAW_5739955973604961613.txt
Graph already exists at: ./input/random_graphs/graph_700_18520_POWLAW_3881801951614183357.txt
Graph already exists at: ./input/random_graphs/graph_700_18520_POWLAW_7032710160631691991.txt
Graph already exists at: ./input/random_graphs/graph_700_18520_POWLAW_7599700178212337699.txt
Graph already exists at: ./input/random_graphs/graph_700_18520_POWLAW_1353182403971399009.txt
Graph already exists at: ./input/random_graphs/graph_700_18520_POWLAW_1070244953599069350.txt
Graph already exists at: ./input/random_graphs/graph_700_18520_POWLAW_6522163754831416203.txt
Graph already exists at: ./input/random_graphs/graph_700_18520_POWLAW_6938562734920028532.txt
Graph already exists at: ./input/random_graphs/graph_750_20539_POWLAW_6230961512046992311.txt
Graph already exists at: ./input/random_graphs/graph_750_20539_POWLAW_7871178979383552919.txt
Graph already exists at: ./input/random_graphs/graph_750_20539_POWLAW_5739955973604961613.txt
Graph already exists at: ./input/random_graphs/graph_750_20539_POWLAW_3881801951614183357.txt
Graph already exists at: ./input/random_graphs/graph_750_20539_POWLAW_7032710160631691991.txt
Graph already exists at: ./input/random_graphs/graph_750_20539_POWLAW_7599700178212337699.txt
Graph already exists at: ./input/random_graphs/graph_750_20539_POWLAW_1353182403971399009.txt
Graph already exists at: ./input/random_graphs/graph_750_20539_POWLAW_1070244953599069350.txt
Graph already exists at: ./input/random_graphs/graph_750_20539_POWLAW_6522163754831416203.txt
Graph already exists at: ./input/random_graphs/graph_750_20539_POWLAW_6938562734920028532.txt
Graph already exists at: ./input/random_graphs/graph_800_22627_POWLAW_6230961512046992311.txt
Graph already exists at: ./input/random_graphs/graph_800_22627_POWLAW_7871178979383552919.txt
Graph already exists at: ./input/random_graphs/graph_800_22627_POWLAW_5739955973604961613.txt
Graph already exists at: ./input/random_graphs/graph_800_22627_POWLAW_3881801951614183357.txt
Graph already exists at: ./input/random_graphs/graph_800_22627_POWLAW_7032710160631691991.txt
Graph already exists at: ./input/random_graphs/graph_800_22627_POWLAW_7599700178212337699.txt
Graph already exists at: ./input/random_graphs/graph_800_22627_POWLAW_1353182403971399009.txt
Graph already exists at: ./input/random_graphs/graph_800_22627_POWLAW_1070244953599069350.txt
Graph already exists at: ./input/random_graphs/graph_800_22627_POWLAW_6522163754831416203.txt
Graph already exists at: ./input/random_graphs/graph_800_22627_POWLAW_6938562734920028532.txt
Graph already exists at: ./input/random_graphs/graph_850_24781_POWLAW_6230961512046992311.txt
Graph already exists at: ./input/random_graphs/graph_850_24781_POWLAW_7871178979383552919.txt
Graph already exists at: ./input/random_graphs/graph_850_24781_POWLAW_5739955973604961613.txt
Graph already exists at: ./input/random_graphs/graph_850_24781_POWLAW_3881801951614183357.txt
Graph already exists at: ./input/random_graphs/graph_850_24781_POWLAW_7032710160631691991.txt
Graph already exists at: ./input/random_graphs/graph_850_24781_POWLAW_7599700178212337699.txt
Graph already exists at: ./input/random_graphs/graph_850_24781_POWLAW_1353182403971399009.txt
Graph already exists at: ./input/random_graphs/graph_850_24781_POWLAW_1070244953599069350.txt
Graph already exists at: ./input/random_graphs/graph_850_24781_POWLAW_6522163754831416203.txt
Graph already exists at: ./input/random_graphs/graph_850_24781_POWLAW_6938562734920028532.txt
Graph already exists at: ./input/random_graphs/graph_900_27000_POWLAW_6230961512046992311.txt
Graph already exists at: ./input/random_graphs/graph_900_27000_POWLAW_7871178979383552919.txt
Graph already exists at: ./input/random_graphs/graph_900_27000_POWLAW_5739955973604961613.txt
Graph already exists at: ./input/random_graphs/graph_900_27000_POWLAW_3881801951614183357.txt
Graph already exists at: ./input/random_graphs/graph_900_27000_POWLAW_7032710160631691991.txt
Graph already exists at: ./input/random_graphs/graph_900_27000_POWLAW_7599700178212337699.txt
Graph already exists at: ./input/random_graphs/graph_900_27000_POWLAW_1353182403971399009.txt
Graph already exists at: ./input/random_graphs/graph_900_27000_POWLAW_1070244953599069350.txt
Graph already exists at: ./input/random_graphs/graph_900_27000_POWLAW_6522163754831416203.txt
Graph already exists at: ./input/random_graphs/graph_900_27000_POWLAW_6938562734920028532.txt
Graph already exists at: ./input/random_graphs/graph_950_29280_POWLAW_6230961512046992311.txt
Graph already exists at: ./input/random_graphs/graph_950_29280_POWLAW_7871178979383552919.txt
Graph already exists at: ./input/random_graphs/graph_950_29280_POWLAW_5739955973604961613.txt
Graph already exists at: ./input/random_graphs/graph_950_29280_POWLAW_3881801951614183357.txt
Graph already exists at: ./input/random_graphs/graph_950_29280_POWLAW_7032710160631691991.txt
Graph already exists at: ./input/random_graphs/graph_950_29280_POWLAW_7599700178212337699.txt
Graph already exists at: ./input/random_graphs/graph_950_29280_POWLAW_1353182403971399009.txt
Graph already exists at: ./input/random_graphs/graph_950_29280_POWLAW_1070244953599069350.txt
Graph already exists at: ./input/random_graphs/graph_950_29280_POWLAW_6522163754831416203.txt
Graph already exists at: ./input/random_graphs/graph_950_29280_POWLAW_6938562734920028532.txt
Graph already exists at: ./input/random_graphs/graph_1000_31622_POWLAW_6230961512046992311.txt
Graph already exists at: ./input/random_graphs/graph_1000_31622_POWLAW_7871178979383552919.txt
Graph already exists at: ./input/random_graphs/graph_1000_31622_POWLAW_5739955973604961613.txt
Graph already exists at: ./input/random_graphs/graph_1000_31622_POWLAW_3881801951614183357.txt
Graph already exists at: ./input/random_graphs/graph_1000_31622_POWLAW_7032710160631691991.txt
Graph already exists at: ./input/random_graphs/graph_1000_31622_POWLAW_7599700178212337699.txt
Graph already exists at: ./input/random_graphs/graph_1000_31622_POWLAW_1353182403971399009.txt
Graph already exists at: ./input/random_graphs/graph_1000_31622_POWLAW_1070244953599069350.txt
Graph already exists at: ./input/random_graphs/graph_1000_31622_POWLAW_6522163754831416203.txt
Graph already exists at: ./input/random_graphs/graph_1000_31622_POWLAW_6938562734920028532.txt
      Average Passes: 3.5, Time/Memory: 0.14,4176
Running klev variant 0 with N=550, sparsity=3, seed=1729...
      Average Passes: 3.2, Time/Memory: 0.15,3144
Running klev variant N with N=550, sparsity=3, seed=1729...
      Average Passes: 2.2, Time/Memory: 0.12,4172
Running kpath variant 0 with N=600, sparsity=3, seed=1729...
      Average Passes: 5.6, Time/Memory: 0.22,3120
Running kpath variant N with N=600, sparsity=3, seed=1729...
      Average Passes: 3.5, Time/Memory: 0.15,4192
Running klev variant 0 with N=600, sparsity=3, seed=1729...
      Average Passes: 3.4, Time/Memory: 0.18,4180
Running klev variant N with N=600, sparsity=3, seed=1729...
      Average Passes: 2.4, Time/Memory: 0.16,3140
Running kpath variant 0 with N=650, sparsity=3, seed=1729...
      Average Passes: 5.9, Time/Memory: 0.27,4152
Running kpath variant N with N=650, sparsity=3, seed=1729...
      Average Passes: 3.5, Time/Memory: 0.17,3144
Running klev variant 0 with N=650, sparsity=3, seed=1729...
      Average Passes: 3.2, Time/Memory: 0.17,4152
Running klev variant N with N=650, sparsity=3, seed=1729...
      Average Passes: 2.3, Time/Memory: 0.16,4172
Running kpath variant 0 with N=700, sparsity=3, seed=1729...
      Average Passes: 6.5, Time/Memory: 0.33,3180
Running kpath variant N with N=700, sparsity=3, seed=1729...
      Average Passes: 3.5, Time/Memory: 0.19,4152
Running klev variant 0 with N=700, sparsity=3, seed=1729...
      Average Passes: 3.3, Time/Memory: 0.21,4144
Running klev variant N with N=700, sparsity=3, seed=1729...
      Average Passes: 2.2, Time/Memory: 0.17,4148
Running kpath variant 0 with N=750, sparsity=3, seed=1729...
      Average Passes: 5.9, Time/Memory: 0.33,4172
Running kpath variant N with N=750, sparsity=3, seed=1729...
      Average Passes: 3.9, Time/Memory: 0.23,4164
Running klev variant 0 with N=750, sparsity=3, seed=1729...
      Average Passes: 3.4, Time/Memory: 0.23,4188
Running klev variant N with N=750, sparsity=3, seed=1729...
      Average Passes: 2.1, Time/Memory: 0.19,4136
Running kpath variant 0 with N=800, sparsity=3, seed=1729...
      Average Passes: 6.2, Time/Memory: 0.38,4164
Running kpath variant N with N=800, sparsity=3, seed=1729...
      Average Passes: 3.9, Time/Memory: 0.27,3128
Running klev variant 0 with N=800, sparsity=3, seed=1729...
      Average Passes: 3.4, Time/Memory: 0.26,4148
Running klev variant N with N=800, sparsity=3, seed=1729...
      Average Passes: 2.3, Time/Memory: 0.22,3152
Running kpath variant 0 with N=850, sparsity=3, seed=1729...
      Average Passes: 6.1, Time/Memory: 0.43,3136
Running kpath variant N with N=850, sparsity=3, seed=1729...
      Average Passes: 4.6, Time/Memory: 0.33,4136
Running klev variant 0 with N=850, sparsity=3, seed=1729...
      Average Passes: 3.4, Time/Memory: 0.28,4192
Running klev variant N with N=850, sparsity=3, seed=1729...
      Average Passes: 2.5, Time/Memory: 0.25,3172
Running kpath variant 0 with N=900, sparsity=3, seed=1729...
      Average Passes: 6.4, Time/Memory: 0.48,4156
Running kpath variant N with N=900, sparsity=3, seed=1729...
      Average Passes: 4.6, Time/Memory: 0.36,3124
Running klev variant 0 with N=900, sparsity=3, seed=1729...
      Average Passes: 3.5, Time/Memory: 0.30,4184
Running klev variant N with N=900, sparsity=3, seed=1729...
      Average Passes: 2.2, Time/Memory: 0.25,3168
Running kpath variant 0 with N=950, sparsity=3, seed=1729...
      Average Passes: 6.6, Time/Memory: 0.53,3104
Running kpath variant N with N=950, sparsity=3, seed=1729...
      Average Passes: 4.6, Time/Memory: 0.39,5172
Running klev variant 0 with N=950, sparsity=3, seed=1729...
      Average Passes: 3.4, Time/Memory: 0.33,4156
Running klev variant N with N=950, sparsity=3, seed=1729...
      Average Passes: 2.4, Time/Memory: 0.29,4132
Running kpath variant 0 with N=1000, sparsity=3, seed=1729...
      Average Passes: 6.7, Time/Memory: 0.58,5156
Running kpath variant N with N=1000, sparsity=3, seed=1729...
      Average Passes: 4.5, Time/Memory: 0.42,5160
Running klev variant 0 with N=1000, sparsity=3, seed=1729...
      Average Passes: 3.6, Time/Memory: 0.37,3132
Running klev variant N with N=1000, sparsity=3, seed=1729...
      Average Passes: 2.2, Time/Memory: 0.29,5212
