Graph already exists at: ./input/random_graphs/graph_10_33_POWLAW_6230961512046992311.txt
Graph already exists at: ./input/random_graphs/graph_10_33_POWLAW_7871178979383552919.txt
Graph already exists at: ./input/random_graphs/graph_10_33_POWLAW_5739955973604961613.txt
Graph already exists at: ./input/random_graphs/graph_10_33_POWLAW_3881801951614183357.txt
Graph already exists at: ./input/random_graphs/graph_10_33_POWLAW_7032710160631691991.txt
Graph already exists at: ./input/random_graphs/graph_10_33_POWLAW_7599700178212337699.txt
Graph already exists at: ./input/random_graphs/graph_10_33_POWLAW_1353182403971399009.txt
Graph already exists at: ./input/random_graphs/graph_10_33_POWLAW_1070244953599069350.txt
Graph already exists at: ./input/random_graphs/graph_10_33_POWLAW_6522163754831416203.txt
Graph already exists at: ./input/random_graphs/graph_10_33_POWLAW_6938562734920028532.txt
Graph already exists at: ./input/random_graphs/graph_20_86_POWLAW_6230961512046992311.txt
Graph already exists at: ./input/random_graphs/graph_20_86_POWLAW_7871178979383552919.txt
Graph already exists at: ./input/random_graphs/graph_20_86_POWLAW_5739955973604961613.txt
Graph already exists at: ./input/random_graphs/graph_20_86_POWLAW_3881801951614183357.txt
Graph already exists at: ./input/random_graphs/graph_20_86_POWLAW_7032710160631691991.txt
Graph already exists at: ./input/random_graphs/graph_20_86_POWLAW_7599700178212337699.txt
Graph already exists at: ./input/random_graphs/graph_20_86_POWLAW_1353182403971399009.txt
Graph already exists at: ./input/random_graphs/graph_20_86_POWLAW_1070244953599069350.txt
Graph already exists at: ./input/random_graphs/graph_20_86_POWLAW_6522163754831416203.txt
Graph already exists at: ./input/random_graphs/graph_20_86_POWLAW_6938562734920028532.txt
Graph already exists at: ./input/random_graphs/graph_30_147_POWLAW_6230961512046992311.txt
Graph already exists at: ./input/random_graphs/graph_30_147_POWLAW_7871178979383552919.txt
Graph already exists at: ./input/random_graphs/graph_30_147_POWLAW_5739955973604961613.txt
Graph already exists at: ./input/random_graphs/graph_30_147_POWLAW_3881801951614183357.txt
Graph already exists at: ./input/random_graphs/graph_30_147_POWLAW_7032710160631691991.txt
Graph already exists at: ./input/random_graphs/graph_30_147_POWLAW_7599700178212337699.txt
Graph already exists at: ./input/random_graphs/graph_30_147_POWLAW_1353182403971399009.txt
Graph already exists at: ./input/random_graphs/graph_30_147_POWLAW_1070244953599069350.txt
Graph already exists at: ./input/random_graphs/graph_30_147_POWLAW_6522163754831416203.txt
Graph already exists at: ./input/random_graphs/graph_30_147_POWLAW_6938562734920028532.txt
Graph already exists at: ./input/random_graphs/graph_40_212_POWLAW_6230961512046992311.txt
Graph already exists at: ./input/random_graphs/graph_40_212_POWLAW_7871178979383552919.txt
Graph already exists at: ./input/random_graphs/graph_40_212_POWLAW_5739955973604961613.txt
Graph already exists at: ./input/random_graphs/graph_40_212_POWLAW_3881801951614183357.txt
Graph already exists at: ./input/random_graphs/graph_40_212_POWLAW_7032710160631691991.txt
Graph already exists at: ./input/random_graphs/graph_40_212_POWLAW_7599700178212337699.txt
Graph already exists at: ./input/random_graphs/graph_40_212_POWLAW_1353182403971399009.txt
Graph already exists at: ./input/random_graphs/graph_40_212_POWLAW_1070244953599069350.txt
Graph already exists at: ./input/random_graphs/graph_40_212_POWLAW_6522163754831416203.txt
Graph already exists at: ./input/random_graphs/graph_40_212_POWLAW_6938562734920028532.txt
Graph already exists at: ./input/random_graphs/graph_50_282_POWLAW_6230961512046992311.txt
Graph already exists at: ./input/random_graphs/graph_50_282_POWLAW_7871178979383552919.txt
Graph already exists at: ./input/random_graphs/graph_50_282_POWLAW_5739955973604961613.txt
Graph already exists at: ./input/random_graphs/graph_50_282_POWLAW_3881801951614183357.txt
Graph already exists at: ./input/random_graphs/graph_50_282_POWLAW_7032710160631691991.txt
Graph already exists at: ./input/random_graphs/graph_50_282_POWLAW_7599700178212337699.txt
Graph already exists at: ./input/random_graphs/graph_50_282_POWLAW_1353182403971399009.txt
Graph already exists at: ./input/random_graphs/graph_50_282_POWLAW_1070244953599069350.txt
Graph already exists at: ./input/random_graphs/graph_50_282_POWLAW_6522163754831416203.txt
Graph already exists at: ./input/random_graphs/graph_50_282_POWLAW_6938562734920028532.txt
Graph already exists at: ./input/random_graphs/graph_60_354_POWLAW_6230961512046992311.txt
Graph already exists at: ./input/random_graphs/graph_60_354_POWLAW_7871178979383552919.txt
Graph already exists at: ./input/random_graphs/graph_60_354_POWLAW_5739955973604961613.txt
Graph already exists at: ./input/random_graphs/graph_60_354_POWLAW_3881801951614183357.txt
Graph already exists at: ./input/random_graphs/graph_60_354_POWLAW_7032710160631691991.txt
Graph already exists at: ./input/random_graphs/graph_60_354_POWLAW_7599700178212337699.txt
Graph already exists at: ./input/random_graphs/graph_60_354_POWLAW_1353182403971399009.txt
Graph already exists at: ./input/random_graphs/graph_60_354_POWLAW_1070244953599069350.txt
Graph already exists at: ./input/random_graphs/graph_60_354_POWLAW_6522163754831416203.txt
Graph already exists at: ./input/random_graphs/graph_60_354_POWLAW_6938562734920028532.txt
Graph already exists at: ./input/random_graphs/graph_70_429_POWLAW_6230961512046992311.txt
Graph already exists at: ./input/random_graphs/graph_70_429_POWLAW_7871178979383552919.txt
Graph already exists at: ./input/random_graphs/graph_70_429_POWLAW_5739955973604961613.txt
Graph already exists at: ./input/random_graphs/graph_70_429_POWLAW_3881801951614183357.txt
Graph already exists at: ./input/random_graphs/graph_70_429_POWLAW_7032710160631691991.txt
Graph already exists at: ./input/random_graphs/graph_70_429_POWLAW_7599700178212337699.txt
Graph already exists at: ./input/random_graphs/graph_70_429_POWLAW_1353182403971399009.txt
Graph already exists at: ./input/random_graphs/graph_70_429_POWLAW_1070244953599069350.txt
Graph already exists at: ./input/random_graphs/graph_70_429_POWLAW_6522163754831416203.txt
Graph already exists at: ./input/random_graphs/graph_70_429_POWLAW_6938562734920028532.txt
Graph already exists at: ./input/random_graphs/graph_80_505_POWLAW_6230961512046992311.txt
Graph already exists at: ./input/random_graphs/graph_80_505_POWLAW_7871178979383552919.txt
Graph already exists at: ./input/random_graphs/graph_80_505_POWLAW_5739955973604961613.txt
Graph already exists at: ./input/random_graphs/graph_80_505_POWLAW_3881801951614183357.txt
Graph already exists at: ./input/random_graphs/graph_80_505_POWLAW_7032710160631691991.txt
Graph already exists at: ./input/random_graphs/graph_80_505_POWLAW_7599700178212337699.txt
Graph already exists at: ./input/random_graphs/graph_80_505_POWLAW_1353182403971399009.txt
Graph already exists at: ./input/random_graphs/graph_80_505_POWLAW_1070244953599069350.txt
Graph already exists at: ./input/random_graphs/graph_80_505_POWLAW_6522163754831416203.txt
Graph already exists at: ./input/random_graphs/graph_80_505_POWLAW_6938562734920028532.txt
Graph already exists at: ./input/random_graphs/graph_90_584_POWLAW_6230961512046992311.txt
Graph already exists at: ./input/random_graphs/graph_90_584_POWLAW_7871178979383552919.txt
Graph already exists at: ./input/random_graphs/graph_90_584_POWLAW_5739955973604961613.txt
Graph already exists at: ./input/random_graphs/graph_90_584_POWLAW_3881801951614183357.txt
Graph already exists at: ./input/random_graphs/graph_90_584_POWLAW_7032710160631691991.txt
Graph already exists at: ./input/random_graphs/graph_90_584_POWLAW_7599700178212337699.txt
Graph already exists at: ./input/random_graphs/graph_90_584_POWLAW_1353182403971399009.txt
Graph already exists at: ./input/random_graphs/graph_90_584_POWLAW_1070244953599069350.txt
Graph already exists at: ./input/random_graphs/graph_90_584_POWLAW_6522163754831416203.txt
Graph already exists at: ./input/random_graphs/graph_90_584_POWLAW_6938562734920028532.txt
Graph already exists at: ./input/random_graphs/graph_100_664_POWLAW_6230961512046992311.txt
Graph already exists at: ./input/random_graphs/graph_100_664_POWLAW_7871178979383552919.txt
Graph already exists at: ./input/random_graphs/graph_100_664_POWLAW_5739955973604961613.txt
Graph already exists at: ./input/random_graphs/graph_100_664_POWLAW_3881801951614183357.txt
Graph already exists at: ./input/random_graphs/graph_100_664_POWLAW_7032710160631691991.txt
Graph already exists at: ./input/random_graphs/graph_100_664_POWLAW_7599700178212337699.txt
Graph already exists at: ./input/random_graphs/graph_100_664_POWLAW_1353182403971399009.txt
Graph already exists at: ./input/random_graphs/graph_100_664_POWLAW_1070244953599069350.txt
Graph already exists at: ./input/random_graphs/graph_100_664_POWLAW_6522163754831416203.txt
Graph already exists at: ./input/random_graphs/graph_100_664_POWLAW_6938562734920028532.txt
Graph already exists at: ./input/random_graphs/graph_200_1528_POWLAW_6230961512046992311.txt
Graph already exists at: ./input/random_graphs/graph_200_1528_POWLAW_7871178979383552919.txt
Graph already exists at: ./input/random_graphs/graph_200_1528_POWLAW_5739955973604961613.txt
Graph already exists at: ./input/random_graphs/graph_200_1528_POWLAW_3881801951614183357.txt
Graph already exists at: ./input/random_graphs/graph_200_1528_POWLAW_7032710160631691991.txt
Graph already exists at: ./input/random_graphs/graph_200_1528_POWLAW_7599700178212337699.txt
Graph already exists at: ./input/random_graphs/graph_200_1528_POWLAW_1353182403971399009.txt
Graph already exists at: ./input/random_graphs/graph_200_1528_POWLAW_1070244953599069350.txt
Graph already exists at: ./input/random_graphs/graph_200_1528_POWLAW_6522163754831416203.txt
Graph already exists at: ./input/random_graphs/graph_200_1528_POWLAW_6938562734920028532.txt
Graph already exists at: ./input/random_graphs/graph_300_2468_POWLAW_6230961512046992311.txt
Graph already exists at: ./input/random_graphs/graph_300_2468_POWLAW_7871178979383552919.txt
Graph already exists at: ./input/random_graphs/graph_300_2468_POWLAW_5739955973604961613.txt
Graph already exists at: ./input/random_graphs/graph_300_2468_POWLAW_3881801951614183357.txt
Graph already exists at: ./input/random_graphs/graph_300_2468_POWLAW_7032710160631691991.txt
Graph already exists at: ./input/random_graphs/graph_300_2468_POWLAW_7599700178212337699.txt
Graph already exists at: ./input/random_graphs/graph_300_2468_POWLAW_1353182403971399009.txt
Graph already exists at: ./input/random_graphs/graph_300_2468_POWLAW_1070244953599069350.txt
Graph already exists at: ./input/random_graphs/graph_300_2468_POWLAW_6522163754831416203.txt
Graph already exists at: ./input/random_graphs/graph_300_2468_POWLAW_6938562734920028532.txt
Graph already exists at: ./input/random_graphs/graph_400_3457_POWLAW_6230961512046992311.txt
Graph already exists at: ./input/random_graphs/graph_400_3457_POWLAW_7871178979383552919.txt
Graph already exists at: ./input/random_graphs/graph_400_3457_POWLAW_5739955973604961613.txt
Graph already exists at: ./input/random_graphs/graph_400_3457_POWLAW_3881801951614183357.txt
Graph already exists at: ./input/random_graphs/graph_400_3457_POWLAW_7032710160631691991.txt
Graph already exists at: ./input/random_graphs/graph_400_3457_POWLAW_7599700178212337699.txt
Graph already exists at: ./input/random_graphs/graph_400_3457_POWLAW_1353182403971399009.txt
Graph already exists at: ./input/random_graphs/graph_400_3457_POWLAW_1070244953599069350.txt
Graph already exists at: ./input/random_graphs/graph_400_3457_POWLAW_6522163754831416203.txt
Graph already exists at: ./input/random_graphs/graph_400_3457_POWLAW_6938562734920028532.txt
Graph already exists at: ./input/random_graphs/graph_500_4482_POWLAW_6230961512046992311.txt
Graph already exists at: ./input/random_graphs/graph_500_4482_POWLAW_7871178979383552919.txt
Graph already exists at: ./input/random_graphs/graph_500_4482_POWLAW_5739955973604961613.txt
Graph already exists at: ./input/random_graphs/graph_500_4482_POWLAW_3881801951614183357.txt
Graph already exists at: ./input/random_graphs/graph_500_4482_POWLAW_7032710160631691991.txt
Graph already exists at: ./input/random_graphs/graph_500_4482_POWLAW_7599700178212337699.txt
Graph already exists at: ./input/random_graphs/graph_500_4482_POWLAW_1353182403971399009.txt
Graph already exists at: ./input/random_graphs/graph_500_4482_POWLAW_1070244953599069350.txt
Graph already exists at: ./input/random_graphs/graph_500_4482_POWLAW_6522163754831416203.txt
Graph already exists at: ./input/random_graphs/graph_500_4482_POWLAW_6938562734920028532.txt
Running experiments with 10 iterations, varying N from 10 to 10,000 and seed token 1729
Running kpath variant 0 with N=10, sparsity=2, seed=1729...
      Average Passes: 2.0, Time/Memory: 0.00,3072
Running kpath variant N with N=10, sparsity=2, seed=1729...
      Average Passes: 1.0, Time/Memory: 0.00,3072
Running klev variant 0 with N=10, sparsity=2, seed=1729...
      Average Passes: 2.0, Time/Memory: 0.00,3072
Running klev variant N with N=10, sparsity=2, seed=1729...
      Average Passes: 1.0, Time/Memory: 0.00,3072
Running kpath variant 0 with N=20, sparsity=2, seed=1729...
      Average Passes: 2.0, Time/Memory: 0.00,3072
Running kpath variant N with N=20, sparsity=2, seed=1729...
      Average Passes: 1.0, Time/Memory: 0.00,3072
Running klev variant 0 with N=20, sparsity=2, seed=1729...
      Average Passes: 3.0, Time/Memory: 0.00,3072
Running klev variant N with N=20, sparsity=2, seed=1729...
      Average Passes: 1.0, Time/Memory: 0.00,3072
Running kpath variant 0 with N=30, sparsity=2, seed=1729...
      Average Passes: 2.0, Time/Memory: 0.00,3072
Running kpath variant N with N=30, sparsity=2, seed=1729...
      Average Passes: 1.0, Time/Memory: 0.00,3072
Running klev variant 0 with N=30, sparsity=2, seed=1729...
      Average Passes: 3.0, Time/Memory: 0.00,3072
Running klev variant N with N=30, sparsity=2, seed=1729...
      Average Passes: 1.0, Time/Memory: 0.00,3072
Running kpath variant 0 with N=40, sparsity=2, seed=1729...
      Average Passes: 2.0, Time/Memory: 0.00,3072
Running kpath variant N with N=40, sparsity=2, seed=1729...
      Average Passes: 1.0, Time/Memory: 0.00,3072
Running klev variant 0 with N=40, sparsity=2, seed=1729...
      Average Passes: 3.0, Time/Memory: 0.00,3072
Running klev variant N with N=40, sparsity=2, seed=1729...
      Average Passes: 1.0, Time/Memory: 0.00,3072
Running kpath variant 0 with N=50, sparsity=2, seed=1729...
      Average Passes: 2.0, Time/Memory: 0.00,3072
Running kpath variant N with N=50, sparsity=2, seed=1729...
      Average Passes: 1.0, Time/Memory: 0.00,3072
Running klev variant 0 with N=50, sparsity=2, seed=1729...
      Average Passes: 3.0, Time/Memory: 0.00,3072
Running klev variant N with N=50, sparsity=2, seed=1729...
      Average Passes: 1.0, Time/Memory: 0.00,3072
Running kpath variant 0 with N=60, sparsity=2, seed=1729...
      Average Passes: 2.1, Time/Memory: 0.00,3072
Running kpath variant N with N=60, sparsity=2, seed=1729...
      Average Passes: 1.0, Time/Memory: 0.00,3072
Running klev variant 0 with N=60, sparsity=2, seed=1729...
      Average Passes: 3.1, Time/Memory: 0.00,3072
Running klev variant N with N=60, sparsity=2, seed=1729...
      Average Passes: 1.0, Time/Memory: 0.00,3072
Running kpath variant 0 with N=70, sparsity=2, seed=1729...
      Average Passes: 2.2, Time/Memory: 0.00,3072
Running kpath variant N with N=70, sparsity=2, seed=1729...
      Average Passes: 1.0, Time/Memory: 0.00,3072
Running klev variant 0 with N=70, sparsity=2, seed=1729...
      Average Passes: 3.0, Time/Memory: 0.00,3072
Running klev variant N with N=70, sparsity=2, seed=1729...
      Average Passes: 1.0, Time/Memory: 0.00,3072
Running kpath variant 0 with N=80, sparsity=2, seed=1729...
      Average Passes: 2.3, Time/Memory: 0.00,3072
Running kpath variant N with N=80, sparsity=2, seed=1729...
      Average Passes: 1.0, Time/Memory: 0.00,3072
Running klev variant 0 with N=80, sparsity=2, seed=1729...
      Average Passes: 3.0, Time/Memory: 0.00,3072
Running klev variant N with N=80, sparsity=2, seed=1729...
      Average Passes: 1.0, Time/Memory: 0.00,3072
Running kpath variant 0 with N=90, sparsity=2, seed=1729...
      Average Passes: 2.3, Time/Memory: 0.00,3072
Running kpath variant N with N=90, sparsity=2, seed=1729...
      Average Passes: 1.0, Time/Memory: 0.00,3072
Running klev variant 0 with N=90, sparsity=2, seed=1729...
      Average Passes: 3.0, Time/Memory: 0.01,3072
Running klev variant N with N=90, sparsity=2, seed=1729...
      Average Passes: 1.0, Time/Memory: 0.00,3072
Running kpath variant 0 with N=100, sparsity=2, seed=1729...
      Average Passes: 2.6, Time/Memory: 0.00,3072
Running kpath variant N with N=100, sparsity=2, seed=1729...
      Average Passes: 1.0, Time/Memory: 0.00,3072
Running klev variant 0 with N=100, sparsity=2, seed=1729...
      Average Passes: 3.0, Time/Memory: 0.01,3072
Running klev variant N with N=100, sparsity=2, seed=1729...
      Average Passes: 1.0, Time/Memory: 0.00,3072
Running kpath variant 0 with N=150, sparsity=2, seed=1729...
      Average Passes: 2.7, Time/Memory: 0.01,3072
Running kpath variant N with N=150, sparsity=2, seed=1729...
      Average Passes: 1.0, Time/Memory: 0.00,3072
Running klev variant 0 with N=150, sparsity=2, seed=1729...
      Average Passes: 3.3, Time/Memory: 0.02,3072
Running klev variant N with N=150, sparsity=2, seed=1729...
      Average Passes: 1.0, Time/Memory: 0.00,3072
Running kpath variant 0 with N=200, sparsity=2, seed=1729...
      Average Passes: 2.9, Time/Memory: 0.02,3072
Running kpath variant N with N=200, sparsity=2, seed=1729...
      Average Passes: 1.0, Time/Memory: 0.00,3072
Running klev variant 0 with N=200, sparsity=2, seed=1729...
      Average Passes: 3.1, Time/Memory: 0.02,3072
Running klev variant N with N=200, sparsity=2, seed=1729...
      Average Passes: 1.0, Time/Memory: 0.00,3072
Running kpath variant 0 with N=250, sparsity=2, seed=1729...
      Average Passes: 2.8, Time/Memory: 0.02,3072
Running kpath variant N with N=250, sparsity=2, seed=1729...
      Average Passes: 1.0, Time/Memory: 0.00,3072
Running klev variant 0 with N=250, sparsity=2, seed=1729...
      Average Passes: 3.2, Time/Memory: 0.03,3072
Running klev variant N with N=250, sparsity=2, seed=1729...
      Average Passes: 1.0, Time/Memory: 0.01,3072
Running kpath variant 0 with N=300, sparsity=2, seed=1729...
      Average Passes: 3.0, Time/Memory: 0.04,3072
Running kpath variant N with N=300, sparsity=2, seed=1729...
      Average Passes: 1.0, Time/Memory: 0.01,3072
Running klev variant 0 with N=300, sparsity=2, seed=1729...
      Average Passes: 3.1, Time/Memory: 0.05,3072
Running klev variant N with N=300, sparsity=2, seed=1729...
      Average Passes: 1.0, Time/Memory: 0.01,3072
Running kpath variant 0 with N=350, sparsity=2, seed=1729...
      Average Passes: 3.0, Time/Memory: 0.05,3072
Running kpath variant N with N=350, sparsity=2, seed=1729...
      Average Passes: 1.0, Time/Memory: 0.01,3072
Running klev variant 0 with N=350, sparsity=2, seed=1729...
      Average Passes: 3.2, Time/Memory: 0.05,3072
Running klev variant N with N=350, sparsity=2, seed=1729...
      Average Passes: 1.0, Time/Memory: 0.01,3072
Running kpath variant 0 with N=400, sparsity=2, seed=1729...
      Average Passes: 3.1, Time/Memory: 0.07,3072
Running kpath variant N with N=400, sparsity=2, seed=1729...
      Average Passes: 1.0, Time/Memory: 0.01,3072
Running klev variant 0 with N=400, sparsity=2, seed=1729...
      Average Passes: 3.1, Time/Memory: 0.05,3072
Running klev variant N with N=400, sparsity=2, seed=1729...
      Average Passes: 1.0, Time/Memory: 0.01,3072
Running kpath variant 0 with N=450, sparsity=2, seed=1729...
      Average Passes: 3.0, Time/Memory: 0.06,3072
Running kpath variant N with N=450, sparsity=2, seed=1729...
      Average Passes: 1.0, Time/Memory: 0.02,3072
Running klev variant 0 with N=450, sparsity=2, seed=1729...
      Average Passes: 3.3, Time/Memory: 0.09,3072
Running klev variant N with N=450, sparsity=2, seed=1729...
      Average Passes: 1.0, Time/Memory: 0.02,3072
Running kpath variant 0 with N=500, sparsity=2, seed=1729...
      Average Passes: 3.0, Time/Memory: 0.08,3072
Running kpath variant N with N=500, sparsity=2, seed=1729...
      Average Passes: 1.0, Time/Memory: 0.02,3072
Running klev variant 0 with N=500, sparsity=2, seed=1729...
      Average Passes: 3.0, Time/Memory: 0.08,3072
Running klev variant N with N=500, sparsity=2, seed=1729...
      Average Passes: 1.0, Time/Memory: 0.02,3072
Running kpath variant 0 with N=550, sparsity=2, seed=1729...
      Average Passes: 3.0, Time/Memory: 0.09,3072
Running kpath variant N with N=550, sparsity=2, seed=1729...
Graph already exists at: ./input/random_graphs/graph_600_5537_POWLAW_6230961512046992311.txt
Graph already exists at: ./input/random_graphs/graph_600_5537_POWLAW_7871178979383552919.txt
Graph already exists at: ./input/random_graphs/graph_600_5537_POWLAW_5739955973604961613.txt
Graph already exists at: ./input/random_graphs/graph_600_5537_POWLAW_3881801951614183357.txt
Graph already exists at: ./input/random_graphs/graph_600_5537_POWLAW_7032710160631691991.txt
Graph already exists at: ./input/random_graphs/graph_600_5537_POWLAW_7599700178212337699.txt
Graph already exists at: ./input/random_graphs/graph_600_5537_POWLAW_1353182403971399009.txt
Graph already exists at: ./input/random_graphs/graph_600_5537_POWLAW_1070244953599069350.txt
Graph already exists at: ./input/random_graphs/graph_600_5537_POWLAW_6522163754831416203.txt
Graph already exists at: ./input/random_graphs/graph_600_5537_POWLAW_6938562734920028532.txt
Graph already exists at: ./input/random_graphs/graph_700_6615_POWLAW_6230961512046992311.txt
Graph already exists at: ./input/random_graphs/graph_700_6615_POWLAW_7871178979383552919.txt
Graph already exists at: ./input/random_graphs/graph_700_6615_POWLAW_5739955973604961613.txt
Graph already exists at: ./input/random_graphs/graph_700_6615_POWLAW_3881801951614183357.txt
Graph already exists at: ./input/random_graphs/graph_700_6615_POWLAW_7032710160631691991.txt
Graph already exists at: ./input/random_graphs/graph_700_6615_POWLAW_7599700178212337699.txt
Graph already exists at: ./input/random_graphs/graph_700_6615_POWLAW_1353182403971399009.txt
Graph already exists at: ./input/random_graphs/graph_700_6615_POWLAW_1070244953599069350.txt
Graph already exists at: ./input/random_graphs/graph_700_6615_POWLAW_6522163754831416203.txt
Graph already exists at: ./input/random_graphs/graph_700_6615_POWLAW_6938562734920028532.txt
Graph already exists at: ./input/random_graphs/graph_800_7715_POWLAW_6230961512046992311.txt
Graph already exists at: ./input/random_graphs/graph_800_7715_POWLAW_7871178979383552919.txt
Graph already exists at: ./input/random_graphs/graph_800_7715_POWLAW_5739955973604961613.txt
Graph already exists at: ./input/random_graphs/graph_800_7715_POWLAW_3881801951614183357.txt
Graph already exists at: ./input/random_graphs/graph_800_7715_POWLAW_7032710160631691991.txt
Graph already exists at: ./input/random_graphs/graph_800_7715_POWLAW_7599700178212337699.txt
Graph already exists at: ./input/random_graphs/graph_800_7715_POWLAW_1353182403971399009.txt
Graph already exists at: ./input/random_graphs/graph_800_7715_POWLAW_1070244953599069350.txt
Graph already exists at: ./input/random_graphs/graph_800_7715_POWLAW_6522163754831416203.txt
Graph already exists at: ./input/random_graphs/graph_800_7715_POWLAW_6938562734920028532.txt
Graph already exists at: ./input/random_graphs/graph_900_8832_POWLAW_6230961512046992311.txt
Graph already exists at: ./input/random_graphs/graph_900_8832_POWLAW_7871178979383552919.txt
Graph already exists at: ./input/random_graphs/graph_900_8832_POWLAW_5739955973604961613.txt
Graph already exists at: ./input/random_graphs/graph_900_8832_POWLAW_3881801951614183357.txt
Graph already exists at: ./input/random_graphs/graph_900_8832_POWLAW_7032710160631691991.txt
Graph already exists at: ./input/random_graphs/graph_900_8832_POWLAW_7599700178212337699.txt
Graph already exists at: ./input/random_graphs/graph_900_8832_POWLAW_1353182403971399009.txt
Graph already exists at: ./input/random_graphs/graph_900_8832_POWLAW_1070244953599069350.txt
Graph already exists at: ./input/random_graphs/graph_900_8832_POWLAW_6522163754831416203.txt
Graph already exists at: ./input/random_graphs/graph_900_8832_POWLAW_6938562734920028532.txt
Graph already exists at: ./input/random_graphs/graph_1000_9965_POWLAW_6230961512046992311.txt
Graph already exists at: ./input/random_graphs/graph_1000_9965_POWLAW_7871178979383552919.txt
Graph already exists at: ./input/random_graphs/graph_1000_9965_POWLAW_5739955973604961613.txt
Graph already exists at: ./input/random_graphs/graph_1000_9965_POWLAW_3881801951614183357.txt
Graph already exists at: ./input/random_graphs/graph_1000_9965_POWLAW_7032710160631691991.txt
Graph already exists at: ./input/random_graphs/graph_1000_9965_POWLAW_7599700178212337699.txt
Graph already exists at: ./input/random_graphs/graph_1000_9965_POWLAW_1353182403971399009.txt
Graph already exists at: ./input/random_graphs/graph_1000_9965_POWLAW_1070244953599069350.txt
Graph already exists at: ./input/random_graphs/graph_1000_9965_POWLAW_6522163754831416203.txt
Graph already exists at: ./input/random_graphs/graph_1000_9965_POWLAW_6938562734920028532.txt
      Average Passes: 1.0, Time/Memory: 0.02,3072
Running klev variant 0 with N=550, sparsity=2, seed=1729...
      Average Passes: 3.1, Time/Memory: 0.09,3072
Running klev variant N with N=550, sparsity=2, seed=1729...
      Average Passes: 1.0, Time/Memory: 0.02,3072
Running kpath variant 0 with N=600, sparsity=2, seed=1729...
      Average Passes: 3.1, Time/Memory: 0.11,3072
Running kpath variant N with N=600, sparsity=2, seed=1729...
      Average Passes: 1.0, Time/Memory: 0.02,3072
Running klev variant 0 with N=600, sparsity=2, seed=1729...
      Average Passes: 3.4, Time/Memory: 0.12,3072
Running klev variant N with N=600, sparsity=2, seed=1729...
      Average Passes: 1.0, Time/Memory: 0.02,3072
Running kpath variant 0 with N=650, sparsity=2, seed=1729...
      Average Passes: 3.3, Time/Memory: 0.08,3072
Running kpath variant N with N=650, sparsity=2, seed=1729...
      Average Passes: 1.0, Time/Memory: 0.02,3072
Running klev variant 0 with N=650, sparsity=2, seed=1729...
      Average Passes: 3.1, Time/Memory: 0.08,3072
Running klev variant N with N=650, sparsity=2, seed=1729...
      Average Passes: 1.0, Time/Memory: 0.02,3072
Running kpath variant 0 with N=700, sparsity=2, seed=1729...
      Average Passes: 3.2, Time/Memory: 0.08,4096
Running kpath variant N with N=700, sparsity=2, seed=1729...
      Average Passes: 1.0, Time/Memory: 0.02,3072
Running klev variant 0 with N=700, sparsity=2, seed=1729...
      Average Passes: 3.1, Time/Memory: 0.08,3072
Running klev variant N with N=700, sparsity=2, seed=1729...
      Average Passes: 1.0, Time/Memory: 0.02,3072
Running kpath variant 0 with N=750, sparsity=2, seed=1729...
      Average Passes: 3.1, Time/Memory: 0.09,4096
Running kpath variant N with N=750, sparsity=2, seed=1729...
      Average Passes: 1.0, Time/Memory: 0.02,3072
Running klev variant 0 with N=750, sparsity=2, seed=1729...
      Average Passes: 3.4, Time/Memory: 0.10,3072
Running klev variant N with N=750, sparsity=2, seed=1729...
      Average Passes: 1.0, Time/Memory: 0.02,3072
Running kpath variant 0 with N=800, sparsity=2, seed=1729...
      Average Passes: 3.2, Time/Memory: 0.10,4096
Running kpath variant N with N=800, sparsity=2, seed=1729...
      Average Passes: 1.0, Time/Memory: 0.02,3072
Running klev variant 0 with N=800, sparsity=2, seed=1729...
      Average Passes: 3.4, Time/Memory: 0.11,3072
Running klev variant N with N=800, sparsity=2, seed=1729...
      Average Passes: 1.0, Time/Memory: 0.02,3072
Running kpath variant 0 with N=850, sparsity=2, seed=1729...
      Average Passes: 3.1, Time/Memory: 0.11,4096
Running kpath variant N with N=850, sparsity=2, seed=1729...
      Average Passes: 1.0, Time/Memory: 0.03,4096
Running klev variant 0 with N=850, sparsity=2, seed=1729...
      Average Passes: 3.1, Time/Memory: 0.11,3072
Running klev variant N with N=850, sparsity=2, seed=1729...
      Average Passes: 1.0, Time/Memory: 0.03,4096
Running kpath variant 0 with N=900, sparsity=2, seed=1729...
      Average Passes: 3.2, Time/Memory: 0.12,4096
Running kpath variant N with N=900, sparsity=2, seed=1729...
      Average Passes: 1.0, Time/Memory: 0.03,4096
Running klev variant 0 with N=900, sparsity=2, seed=1729...
      Average Passes: 3.1, Time/Memory: 0.11,3072
Running klev variant N with N=900, sparsity=2, seed=1729...
      Average Passes: 1.0, Time/Memory: 0.03,4096
Running kpath variant 0 with N=950, sparsity=2, seed=1729...
      Average Passes: 3.3, Time/Memory: 0.13,4096
Running kpath variant N with N=950, sparsity=2, seed=1729...
      Average Passes: 1.0, Time/Memory: 0.03,4096
Running klev variant 0 with N=950, sparsity=2, seed=1729...
      Average Passes: 3.1, Time/Memory: 0.12,3072
Running klev variant N with N=950, sparsity=2, seed=1729...
      Average Passes: 1.0, Time/Memory: 0.03,4096
Running kpath variant 0 with N=1000, sparsity=2, seed=1729...
      Average Passes: 3.3, Time/Memory: 0.14,4096
Running kpath variant N with N=1000, sparsity=2, seed=1729...
      Average Passes: 1.0, Time/Memory: 0.03,4096
Running klev variant 0 with N=1000, sparsity=2, seed=1729...
      Average Passes: 3.2, Time/Memory: 0.13,3072
Running klev variant N with N=1000, sparsity=2, seed=1729...
      Average Passes: 1.0, Time/Memory: 0.03,4096
