Running experiments with 100 iterations, varying N from 10 to 10,000 and seed token 1729
Running kpath variant 0 with N=10, sparsity=3, seed=1729...
      Average Passes: 2.0, Time/Memory: 0.00,3072
Running kpath variant N with N=10, sparsity=3, seed=1729...
      Average Passes: 1.0, Time/Memory: 0.00,3072
Running klev variant 0 with N=10, sparsity=3, seed=1729...
      Average Passes: 2.0, Time/Memory: 0.00,3072
Running klev variant N with N=10, sparsity=3, seed=1729...
      Average Passes: 1.0, Time/Memory: 0.00,3072
Running kpath variant 0 with N=20, sparsity=3, seed=1729...
      Average Passes: 2.0, Time/Memory: 0.01,3072
Running kpath variant N with N=20, sparsity=3, seed=1729...
      Average Passes: 1.0, Time/Memory: 0.00,3072
Running klev variant 0 with N=20, sparsity=3, seed=1729...
      Average Passes: 3.0, Time/Memory: 0.02,3072
Running klev variant N with N=20, sparsity=3, seed=1729...
      Average Passes: 1.0, Time/Memory: 0.00,3072
Running kpath variant 0 with N=30, sparsity=3, seed=1729...
      Average Passes: 2.0, Time/Memory: 0.02,3072
Running kpath variant N with N=30, sparsity=3, seed=1729...
      Average Passes: 1.0, Time/Memory: 0.00,3072
Running klev variant 0 with N=30, sparsity=3, seed=1729...
      Average Passes: 3.03, Time/Memory: 0.02,3072
Running klev variant N with N=30, sparsity=3, seed=1729...
      Average Passes: 1.0, Time/Memory: 0.01,3072
Running kpath variant 0 with N=40, sparsity=3, seed=1729...
      Average Passes: 2.0, Time/Memory: 0.03,3072
Running kpath variant N with N=40, sparsity=3, seed=1729...
      Average Passes: 1.0, Time/Memory: 0.01,3072
Running klev variant 0 with N=40, sparsity=3, seed=1729...
      Average Passes: 3.07, Time/Memory: 0.04,3072
Running klev variant N with N=40, sparsity=3, seed=1729...
      Average Passes: 1.0, Time/Memory: 0.00,3072
Running kpath variant 0 with N=50, sparsity=3, seed=1729...
      Average Passes: 2.0, Time/Memory: 0.04,3072
Running kpath variant N with N=50, sparsity=3, seed=1729...
      Average Passes: 1.0, Time/Memory: 0.02,3072
Running klev variant 0 with N=50, sparsity=3, seed=1729...
      Average Passes: 3.03, Time/Memory: 0.05,3072
Running klev variant N with N=50, sparsity=3, seed=1729...
      Average Passes: 1.0, Time/Memory: 0.02,3072
Running kpath variant 0 with N=60, sparsity=3, seed=1729...
      Average Passes: 2.0, Time/Memory: 0.03,3072
Running kpath variant N with N=60, sparsity=3, seed=1729...
      Average Passes: 1.0, Time/Memory: 0.02,3072
Running klev variant 0 with N=60, sparsity=3, seed=1729...
      Average Passes: 3.09, Time/Memory: 0.07,3072
Running klev variant N with N=60, sparsity=3, seed=1729...
      Average Passes: 1.0, Time/Memory: 0.01,3072
Running kpath variant 0 with N=70, sparsity=3, seed=1729...
      Average Passes: 2.0, Time/Memory: 0.04,3072
Running kpath variant N with N=70, sparsity=3, seed=1729...
      Average Passes: 1.0, Time/Memory: 0.02,3072
Running klev variant 0 with N=70, sparsity=3, seed=1729...
      Average Passes: 3.14, Time/Memory: 0.07,3072
Running klev variant N with N=70, sparsity=3, seed=1729...
      Average Passes: 1.0, Time/Memory: 0.02,3072
Running kpath variant 0 with N=80, sparsity=3, seed=1729...
      Average Passes: 2.0, Time/Memory: 0.05,3072
Running kpath variant N with N=80, sparsity=3, seed=1729...
      Average Passes: 1.0, Time/Memory: 0.03,3072
Running klev variant 0 with N=80, sparsity=3, seed=1729...
      Average Passes: 3.09, Time/Memory: 0.09,3072
Running klev variant N with N=80, sparsity=3, seed=1729...
      Average Passes: 1.0, Time/Memory: 0.02,3072
Running kpath variant 0 with N=90, sparsity=3, seed=1729...
      Average Passes: 2.99, Time/Memory: 0.10,3072
Running kpath variant N with N=90, sparsity=3, seed=1729...
      Average Passes: 1.0, Time/Memory: 0.02,3072
Running klev variant 0 with N=90, sparsity=3, seed=1729...
      Average Passes: 3.14, Time/Memory: 0.10,3072
Running klev variant N with N=90, sparsity=3, seed=1729...
      Average Passes: 1.0, Time/Memory: 0.04,3072
Running kpath variant 0 with N=100, sparsity=3, seed=1729...
      Average Passes: 3.0, Time/Memory: 0.10,3072
Running kpath variant N with N=100, sparsity=3, seed=1729...
      Average Passes: 1.0, Time/Memory: 0.03,3072
Running klev variant 0 with N=100, sparsity=3, seed=1729...
      Average Passes: 3.08, Time/Memory: 0.13,3072
Running klev variant N with N=100, sparsity=3, seed=1729...
      Average Passes: 1.0, Time/Memory: 0.03,3072
Running kpath variant 0 with N=150, sparsity=3, seed=1729...
      Average Passes: 3.0, Time/Memory: 0.19,3072
Running kpath variant N with N=150, sparsity=3, seed=1729...
      Average Passes: 2.0, Time/Memory: 0.14,3072
Running klev variant 0 with N=150, sparsity=3, seed=1729...
      Average Passes: 3.21, Time/Memory: 0.24,3072
Running klev variant N with N=150, sparsity=3, seed=1729...
      Average Passes: 1.0, Time/Memory: 0.12,3072
Running kpath variant 0 with N=200, sparsity=3, seed=1729...
      Average Passes: 3.0, Time/Memory: 0.28,3072
Running kpath variant N with N=200, sparsity=3, seed=1729...
      Average Passes: 2.0, Time/Memory: 0.20,3072
Running klev variant 0 with N=200, sparsity=3, seed=1729...
      Average Passes: 3.18, Time/Memory: 0.37,3072
Running klev variant N with N=200, sparsity=3, seed=1729...
      Average Passes: 1.0, Time/Memory: 0.17,3072
Running kpath variant 0 with N=250, sparsity=3, seed=1729...
      Average Passes: 3.0, Time/Memory: 0.39,3072
Running kpath variant N with N=250, sparsity=3, seed=1729...
      Average Passes: 2.0, Time/Memory: 0.29,3072
Running klev variant 0 with N=250, sparsity=3, seed=1729...
      Average Passes: 3.3, Time/Memory: 0.52,3072
Running klev variant N with N=250, sparsity=3, seed=1729...
      Average Passes: 1.0, Time/Memory: 0.24,3072
Running kpath variant 0 with N=300, sparsity=3, seed=1729...
      Average Passes: 3.0, Time/Memory: 0.51,3072
Running kpath variant N with N=300, sparsity=3, seed=1729...
      Average Passes: 2.0, Time/Memory: 0.37,3072
Running klev variant 0 with N=300, sparsity=3, seed=1729...
      Average Passes: 3.33, Time/Memory: 0.69,3072
Running klev variant N with N=300, sparsity=3, seed=1729...
      Average Passes: 1.0, Time/Memory: 0.32,3072
Running kpath variant 0 with N=350, sparsity=3, seed=1729...
      Average Passes: 3.0, Time/Memory: 0.66,3072
Running kpath variant N with N=350, sparsity=3, seed=1729...
      Average Passes: 2.0, Time/Memory: 0.47,3072
Running klev variant 0 with N=350, sparsity=3, seed=1729...
      Average Passes: 3.24, Time/Memory: 0.86,3072
Running klev variant N with N=350, sparsity=3, seed=1729...
      Average Passes: 1.0, Time/Memory: 0.40,3072
Running kpath variant 0 with N=400, sparsity=3, seed=1729...
      Average Passes: 3.0, Time/Memory: 0.82,3072
Running kpath variant N with N=400, sparsity=3, seed=1729...
      Average Passes: 2.0, Time/Memory: 0.57,3072
Running klev variant 0 with N=400, sparsity=3, seed=1729...
      Average Passes: 3.36, Time/Memory: 1.10,3072
Running klev variant N with N=400, sparsity=3, seed=1729...
      Average Passes: 1.0, Time/Memory: 0.48,3072
Running kpath variant 0 with N=450, sparsity=3, seed=1729...
      Average Passes: 3.0, Time/Memory: 0.96,3072
Running kpath variant N with N=450, sparsity=3, seed=1729...
      Average Passes: 2.0, Time/Memory: 0.68,3072
Running klev variant 0 with N=450, sparsity=3, seed=1729...
      Average Passes: 3.38, Time/Memory: 1.30,3072
Running klev variant N with N=450, sparsity=3, seed=1729...
      Average Passes: 1.0, Time/Memory: 0.56,3072
Running kpath variant 0 with N=500, sparsity=3, seed=1729...
      Average Passes: 3.0, Time/Memory: 1.12,3072
Running kpath variant N with N=500, sparsity=3, seed=1729...
      Average Passes: 2.0, Time/Memory: 0.81,3072
Running klev variant 0 with N=500, sparsity=3, seed=1729...
      Average Passes: 3.36, Time/Memory: 1.52,3072
Running klev variant N with N=500, sparsity=3, seed=1729...
      Average Passes: 1.0, Time/Memory: 0.67,3072
Running kpath variant 0 with N=550, sparsity=3, seed=1729...
      Average Passes: 3.0, Time/Memory: 1.28,3072
Running kpath variant N with N=550, sparsity=3, seed=1729...
      Average Passes: 2.0, Time/Memory: 0.90,3072
Running klev variant 0 with N=550, sparsity=3, seed=1729...
      Average Passes: 3.32, Time/Memory: 1.78,3072
Running klev variant N with N=550, sparsity=3, seed=1729...
      Average Passes: 1.0, Time/Memory: 0.77,3072
Running kpath variant 0 with N=600, sparsity=3, seed=1729...
      Average Passes: 3.0, Time/Memory: 1.46,4096
Running kpath variant N with N=600, sparsity=3, seed=1729...
      Average Passes: 2.0, Time/Memory: 1.05,4096
Running klev variant 0 with N=600, sparsity=3, seed=1729...
      Average Passes: 3.27, Time/Memory: 2.01,3072
Running klev variant N with N=600, sparsity=3, seed=1729...
      Average Passes: 1.0, Time/Memory: 0.89,3072
Running kpath variant 0 with N=650, sparsity=3, seed=1729...
      Average Passes: 3.0, Time/Memory: 1.61,4096
Running kpath variant N with N=650, sparsity=3, seed=1729...
      Average Passes: 2.0, Time/Memory: 1.12,4096
Running klev variant 0 with N=650, sparsity=3, seed=1729...
      Average Passes: 3.44, Time/Memory: 2.41,3072
Running klev variant N with N=650, sparsity=3, seed=1729...
      Average Passes: 1.0, Time/Memory: 1.00,3072
Running kpath variant 0 with N=700, sparsity=3, seed=1729...
      Average Passes: 3.0, Time/Memory: 1.75,4096
Running kpath variant N with N=700, sparsity=3, seed=1729...
      Average Passes: 2.0, Time/Memory: 1.31,4096
Running klev variant 0 with N=700, sparsity=3, seed=1729...
      Average Passes: 3.43, Time/Memory: 2.66,3072
Running klev variant N with N=700, sparsity=3, seed=1729...
      Average Passes: 1.0, Time/Memory: 1.13,3072
Running kpath variant 0 with N=750, sparsity=3, seed=1729...
      Average Passes: 3.0, Time/Memory: 1.94,4096
Running kpath variant N with N=750, sparsity=3, seed=1729...
      Average Passes: 2.0, Time/Memory: 1.43,4096
Running klev variant 0 with N=750, sparsity=3, seed=1729...
      Average Passes: 3.38, Time/Memory: 2.91,3072
Running klev variant N with N=750, sparsity=3, seed=1729...
      Average Passes: 1.0, Time/Memory: 1.23,3072
Running kpath variant 0 with N=800, sparsity=3, seed=1729...
      Average Passes: 3.0, Time/Memory: 2.20,4096
Running kpath variant N with N=800, sparsity=3, seed=1729...
      Average Passes: 2.0, Time/Memory: 1.50,4096
Running klev variant 0 with N=800, sparsity=3, seed=1729...
      Average Passes: 3.47, Time/Memory: 3.29,3072
Running klev variant N with N=800, sparsity=3, seed=1729...
      Average Passes: 1.0, Time/Memory: 1.39,3072
Running kpath variant 0 with N=850, sparsity=3, seed=1729...
      Average Passes: 3.0, Time/Memory: 2.52,4096
Running kpath variant N with N=850, sparsity=3, seed=1729...
      Average Passes: 2.0, Time/Memory: 1.67,4096
Running klev variant 0 with N=850, sparsity=3, seed=1729...
      Average Passes: 3.42, Time/Memory: 3.51,3072
Running klev variant N with N=850, sparsity=3, seed=1729...
      Average Passes: 1.0, Time/Memory: 1.49,3072
Running kpath variant 0 with N=900, sparsity=3, seed=1729...
      Average Passes: 3.0, Time/Memory: 2.59,4096
Running kpath variant N with N=900, sparsity=3, seed=1729...
      Average Passes: 2.0, Time/Memory: 1.92,4096
Running klev variant 0 with N=900, sparsity=3, seed=1729...
      Average Passes: 3.43, Time/Memory: 3.81,3072
Running klev variant N with N=900, sparsity=3, seed=1729...
      Average Passes: 1.0, Time/Memory: 1.62,4096
Running kpath variant 0 with N=950, sparsity=3, seed=1729...
      Average Passes: 3.0, Time/Memory: 2.80,4096
Running kpath variant N with N=950, sparsity=3, seed=1729...
      Average Passes: 2.0, Time/Memory: 2.01,4096
Running klev variant 0 with N=950, sparsity=3, seed=1729...
      Average Passes: 3.41, Time/Memory: 4.06,3072
Running klev variant N with N=950, sparsity=3, seed=1729...
      Average Passes: 1.0, Time/Memory: 1.78,4096
Running kpath variant 0 with N=1000, sparsity=3, seed=1729...
      Average Passes: 3.0, Time/Memory: 3.02,4096
Running kpath variant N with N=1000, sparsity=3, seed=1729...
      Average Passes: 2.0, Time/Memory: 2.16,4096
Running klev variant 0 with N=1000, sparsity=3, seed=1729...
      Average Passes: 3.46, Time/Memory: 4.58,3072
Running klev variant N with N=1000, sparsity=3, seed=1729...
      Average Passes: 1.0, Time/Memory: 1.95,4096
