Graph already exists at: ./input/random_graphs/graph_10_31_POWLAW_6230961512046992311.txt
Graph already exists at: ./input/random_graphs/graph_10_31_POWLAW_7871178979383552919.txt
Graph already exists at: ./input/random_graphs/graph_10_31_POWLAW_5739955973604961613.txt
Graph already exists at: ./input/random_graphs/graph_10_31_POWLAW_3881801951614183357.txt
Graph already exists at: ./input/random_graphs/graph_10_31_POWLAW_7032710160631691991.txt
Graph already exists at: ./input/random_graphs/graph_10_31_POWLAW_7599700178212337699.txt
Graph already exists at: ./input/random_graphs/graph_10_31_POWLAW_1353182403971399009.txt
Graph already exists at: ./input/random_graphs/graph_10_31_POWLAW_1070244953599069350.txt
Graph already exists at: ./input/random_graphs/graph_10_31_POWLAW_6522163754831416203.txt
Graph already exists at: ./input/random_graphs/graph_10_31_POWLAW_6938562734920028532.txt
Graph already exists at: ./input/random_graphs/graph_20_89_POWLAW_6230961512046992311.txt
Graph already exists at: ./input/random_graphs/graph_20_89_POWLAW_7871178979383552919.txt
Graph already exists at: ./input/random_graphs/graph_20_89_POWLAW_5739955973604961613.txt
Graph already exists at: ./input/random_graphs/graph_20_89_POWLAW_3881801951614183357.txt
Graph already exists at: ./input/random_graphs/graph_20_89_POWLAW_7032710160631691991.txt
Graph already exists at: ./input/random_graphs/graph_20_89_POWLAW_7599700178212337699.txt
Graph already exists at: ./input/random_graphs/graph_20_89_POWLAW_1353182403971399009.txt
Graph already exists at: ./input/random_graphs/graph_20_89_POWLAW_1070244953599069350.txt
Graph already exists at: ./input/random_graphs/graph_20_89_POWLAW_6522163754831416203.txt
Graph already exists at: ./input/random_graphs/graph_20_89_POWLAW_6938562734920028532.txt
Graph already exists at: ./input/random_graphs/graph_30_164_POWLAW_6230961512046992311.txt
Graph already exists at: ./input/random_graphs/graph_30_164_POWLAW_7871178979383552919.txt
Graph already exists at: ./input/random_graphs/graph_30_164_POWLAW_5739955973604961613.txt
Graph already exists at: ./input/random_graphs/graph_30_164_POWLAW_3881801951614183357.txt
Graph already exists at: ./input/random_graphs/graph_30_164_POWLAW_7032710160631691991.txt
Graph already exists at: ./input/random_graphs/graph_30_164_POWLAW_7599700178212337699.txt
Graph already exists at: ./input/random_graphs/graph_30_164_POWLAW_1353182403971399009.txt
Graph already exists at: ./input/random_graphs/graph_30_164_POWLAW_1070244953599069350.txt
Graph already exists at: ./input/random_graphs/graph_30_164_POWLAW_6522163754831416203.txt
Graph already exists at: ./input/random_graphs/graph_30_164_POWLAW_6938562734920028532.txt
Graph already exists at: ./input/random_graphs/graph_40_252_POWLAW_6230961512046992311.txt
Graph already exists at: ./input/random_graphs/graph_40_252_POWLAW_7871178979383552919.txt
Graph already exists at: ./input/random_graphs/graph_40_252_POWLAW_5739955973604961613.txt
Graph already exists at: ./input/random_graphs/graph_40_252_POWLAW_3881801951614183357.txt
Graph already exists at: ./input/random_graphs/graph_40_252_POWLAW_7032710160631691991.txt
Graph already exists at: ./input/random_graphs/graph_40_252_POWLAW_7599700178212337699.txt
Graph already exists at: ./input/random_graphs/graph_40_252_POWLAW_1353182403971399009.txt
Graph already exists at: ./input/random_graphs/graph_40_252_POWLAW_1070244953599069350.txt
Graph already exists at: ./input/random_graphs/graph_40_252_POWLAW_6522163754831416203.txt
Graph already exists at: ./input/random_graphs/graph_40_252_POWLAW_6938562734920028532.txt
Graph already exists at: ./input/random_graphs/graph_50_353_POWLAW_6230961512046992311.txt
Graph already exists at: ./input/random_graphs/graph_50_353_POWLAW_7871178979383552919.txt
Graph already exists at: ./input/random_graphs/graph_50_353_POWLAW_5739955973604961613.txt
Graph already exists at: ./input/random_graphs/graph_50_353_POWLAW_3881801951614183357.txt
Graph already exists at: ./input/random_graphs/graph_50_353_POWLAW_7032710160631691991.txt
Graph already exists at: ./input/random_graphs/graph_50_353_POWLAW_7599700178212337699.txt
Graph already exists at: ./input/random_graphs/graph_50_353_POWLAW_1353182403971399009.txt
Graph already exists at: ./input/random_graphs/graph_50_353_POWLAW_1070244953599069350.txt
Graph already exists at: ./input/random_graphs/graph_50_353_POWLAW_6522163754831416203.txt
Graph already exists at: ./input/random_graphs/graph_50_353_POWLAW_6938562734920028532.txt
Graph already exists at: ./input/random_graphs/graph_60_464_POWLAW_6230961512046992311.txt
Graph already exists at: ./input/random_graphs/graph_60_464_POWLAW_7871178979383552919.txt
Graph already exists at: ./input/random_graphs/graph_60_464_POWLAW_5739955973604961613.txt
Graph already exists at: ./input/random_graphs/graph_60_464_POWLAW_3881801951614183357.txt
Graph already exists at: ./input/random_graphs/graph_60_464_POWLAW_7032710160631691991.txt
Graph already exists at: ./input/random_graphs/graph_60_464_POWLAW_7599700178212337699.txt
Graph already exists at: ./input/random_graphs/graph_60_464_POWLAW_1353182403971399009.txt
Graph already exists at: ./input/random_graphs/graph_60_464_POWLAW_1070244953599069350.txt
Graph already exists at: ./input/random_graphs/graph_60_464_POWLAW_6522163754831416203.txt
Graph already exists at: ./input/random_graphs/graph_60_464_POWLAW_6938562734920028532.txt
Graph already exists at: ./input/random_graphs/graph_70_585_POWLAW_6230961512046992311.txt
Graph already exists at: ./input/random_graphs/graph_70_585_POWLAW_7871178979383552919.txt
Graph already exists at: ./input/random_graphs/graph_70_585_POWLAW_5739955973604961613.txt
Graph already exists at: ./input/random_graphs/graph_70_585_POWLAW_3881801951614183357.txt
Graph already exists at: ./input/random_graphs/graph_70_585_POWLAW_7032710160631691991.txt
Graph already exists at: ./input/random_graphs/graph_70_585_POWLAW_7599700178212337699.txt
Graph already exists at: ./input/random_graphs/graph_70_585_POWLAW_1353182403971399009.txt
Graph already exists at: ./input/random_graphs/graph_70_585_POWLAW_1070244953599069350.txt
Graph already exists at: ./input/random_graphs/graph_70_585_POWLAW_6522163754831416203.txt
Graph already exists at: ./input/random_graphs/graph_70_585_POWLAW_6938562734920028532.txt
Graph already exists at: ./input/random_graphs/graph_80_715_POWLAW_6230961512046992311.txt
Graph already exists at: ./input/random_graphs/graph_80_715_POWLAW_7871178979383552919.txt
Graph already exists at: ./input/random_graphs/graph_80_715_POWLAW_5739955973604961613.txt
Graph already exists at: ./input/random_graphs/graph_80_715_POWLAW_3881801951614183357.txt
Graph already exists at: ./input/random_graphs/graph_80_715_POWLAW_7032710160631691991.txt
Graph already exists at: ./input/random_graphs/graph_80_715_POWLAW_7599700178212337699.txt
Graph already exists at: ./input/random_graphs/graph_80_715_POWLAW_1353182403971399009.txt
Graph already exists at: ./input/random_graphs/graph_80_715_POWLAW_1070244953599069350.txt
Graph already exists at: ./input/random_graphs/graph_80_715_POWLAW_6522163754831416203.txt
Graph already exists at: ./input/random_graphs/graph_80_715_POWLAW_6938562734920028532.txt
Graph already exists at: ./input/random_graphs/graph_90_853_POWLAW_6230961512046992311.txt
Graph already exists at: ./input/random_graphs/graph_90_853_POWLAW_7871178979383552919.txt
Graph already exists at: ./input/random_graphs/graph_90_853_POWLAW_5739955973604961613.txt
Graph already exists at: ./input/random_graphs/graph_90_853_POWLAW_3881801951614183357.txt
Graph already exists at: ./input/random_graphs/graph_90_853_POWLAW_7032710160631691991.txt
Graph already exists at: ./input/random_graphs/graph_90_853_POWLAW_7599700178212337699.txt
Graph already exists at: ./input/random_graphs/graph_90_853_POWLAW_1353182403971399009.txt
Graph already exists at: ./input/random_graphs/graph_90_853_POWLAW_1070244953599069350.txt
Graph already exists at: ./input/random_graphs/graph_90_853_POWLAW_6522163754831416203.txt
Graph already exists at: ./input/random_graphs/graph_90_853_POWLAW_6938562734920028532.txt
Graph already exists at: ./input/random_graphs/graph_100_1000_POWLAW_6230961512046992311.txt
Graph already exists at: ./input/random_graphs/graph_100_1000_POWLAW_7871178979383552919.txt
Graph already exists at: ./input/random_graphs/graph_100_1000_POWLAW_5739955973604961613.txt
Graph already exists at: ./input/random_graphs/graph_100_1000_POWLAW_3881801951614183357.txt
Graph already exists at: ./input/random_graphs/graph_100_1000_POWLAW_7032710160631691991.txt
Graph already exists at: ./input/random_graphs/graph_100_1000_POWLAW_7599700178212337699.txt
Graph already exists at: ./input/random_graphs/graph_100_1000_POWLAW_1353182403971399009.txt
Graph already exists at: ./input/random_graphs/graph_100_1000_POWLAW_1070244953599069350.txt
Graph already exists at: ./input/random_graphs/graph_100_1000_POWLAW_6522163754831416203.txt
Graph already exists at: ./input/random_graphs/graph_100_1000_POWLAW_6938562734920028532.txt
Graph already exists at: ./input/random_graphs/graph_200_2828_POWLAW_6230961512046992311.txt
Graph already exists at: ./input/random_graphs/graph_200_2828_POWLAW_7871178979383552919.txt
Graph already exists at: ./input/random_graphs/graph_200_2828_POWLAW_5739955973604961613.txt
Graph already exists at: ./input/random_graphs/graph_200_2828_POWLAW_3881801951614183357.txt
Graph already exists at: ./input/random_graphs/graph_200_2828_POWLAW_7032710160631691991.txt
Graph already exists at: ./input/random_graphs/graph_200_2828_POWLAW_7599700178212337699.txt
Graph already exists at: ./input/random_graphs/graph_200_2828_POWLAW_1353182403971399009.txt
Graph already exists at: ./input/random_graphs/graph_200_2828_POWLAW_1070244953599069350.txt
Graph already exists at: ./input/random_graphs/graph_200_2828_POWLAW_6522163754831416203.txt
Graph already exists at: ./input/random_graphs/graph_200_2828_POWLAW_6938562734920028532.txt
Graph already exists at: ./input/random_graphs/graph_300_5196_POWLAW_6230961512046992311.txt
Graph already exists at: ./input/random_graphs/graph_300_5196_POWLAW_7871178979383552919.txt
Graph already exists at: ./input/random_graphs/graph_300_5196_POWLAW_5739955973604961613.txt
Graph already exists at: ./input/random_graphs/graph_300_5196_POWLAW_3881801951614183357.txt
Graph already exists at: ./input/random_graphs/graph_300_5196_POWLAW_7032710160631691991.txt
Graph already exists at: ./input/random_graphs/graph_300_5196_POWLAW_7599700178212337699.txt
Graph already exists at: ./input/random_graphs/graph_300_5196_POWLAW_1353182403971399009.txt
Graph already exists at: ./input/random_graphs/graph_300_5196_POWLAW_1070244953599069350.txt
Graph already exists at: ./input/random_graphs/graph_300_5196_POWLAW_6522163754831416203.txt
Graph already exists at: ./input/random_graphs/graph_300_5196_POWLAW_6938562734920028532.txt
Graph already exists at: ./input/random_graphs/graph_400_8000_POWLAW_6230961512046992311.txt
Graph already exists at: ./input/random_graphs/graph_400_8000_POWLAW_7871178979383552919.txt
Graph already exists at: ./input/random_graphs/graph_400_8000_POWLAW_5739955973604961613.txt
Graph already exists at: ./input/random_graphs/graph_400_8000_POWLAW_3881801951614183357.txt
Graph already exists at: ./input/random_graphs/graph_400_8000_POWLAW_7032710160631691991.txt
Graph already exists at: ./input/random_graphs/graph_400_8000_POWLAW_7599700178212337699.txt
Graph already exists at: ./input/random_graphs/graph_400_8000_POWLAW_1353182403971399009.txt
Graph already exists at: ./input/random_graphs/graph_400_8000_POWLAW_1070244953599069350.txt
Graph already exists at: ./input/random_graphs/graph_400_8000_POWLAW_6522163754831416203.txt
Graph already exists at: ./input/random_graphs/graph_400_8000_POWLAW_6938562734920028532.txt
Graph already exists at: ./input/random_graphs/graph_500_11180_POWLAW_6230961512046992311.txt
Graph already exists at: ./input/random_graphs/graph_500_11180_POWLAW_7871178979383552919.txt
Graph already exists at: ./input/random_graphs/graph_500_11180_POWLAW_5739955973604961613.txt
Graph already exists at: ./input/random_graphs/graph_500_11180_POWLAW_3881801951614183357.txt
Graph already exists at: ./input/random_graphs/graph_500_11180_POWLAW_7032710160631691991.txt
Graph already exists at: ./input/random_graphs/graph_500_11180_POWLAW_7599700178212337699.txt
Graph already exists at: ./input/random_graphs/graph_500_11180_POWLAW_1353182403971399009.txt
Graph already exists at: ./input/random_graphs/graph_500_11180_POWLAW_1070244953599069350.txt
Graph already exists at: ./input/random_graphs/graph_500_11180_POWLAW_6522163754831416203.txt
Graph already exists at: ./input/random_graphs/graph_500_11180_POWLAW_6938562734920028532.txt
Running experiments with 10 iterations, varying N from 10 to 10,000 and seed token 1729
Running kpath variant 0 with N=10, sparsity=3, seed=1729...
      Average Passes: 2.0, Time/Memory: 0.00,3072
Running kpath variant N with N=10, sparsity=3, seed=1729...
      Average Passes: 1.0, Time/Memory: 0.00,3072
Running klev variant 0 with N=10, sparsity=3, seed=1729...
      Average Passes: 2.0, Time/Memory: 0.00,3072
Running klev variant N with N=10, sparsity=3, seed=1729...
      Average Passes: 1.0, Time/Memory: 0.00,3072
Running kpath variant 0 with N=20, sparsity=3, seed=1729...
      Average Passes: 2.0, Time/Memory: 0.00,3072
Running kpath variant N with N=20, sparsity=3, seed=1729...
      Average Passes: 1.0, Time/Memory: 0.00,3072
Running klev variant 0 with N=20, sparsity=3, seed=1729...
      Average Passes: 3.0, Time/Memory: 0.00,3072
Running klev variant N with N=20, sparsity=3, seed=1729...
      Average Passes: 1.0, Time/Memory: 0.00,3072
Running kpath variant 0 with N=30, sparsity=3, seed=1729...
      Average Passes: 2.0, Time/Memory: 0.00,3072
Running kpath variant N with N=30, sparsity=3, seed=1729...
      Average Passes: 1.0, Time/Memory: 0.00,3072
Running klev variant 0 with N=30, sparsity=3, seed=1729...
      Average Passes: 3.0, Time/Memory: 0.00,3072
Running klev variant N with N=30, sparsity=3, seed=1729...
      Average Passes: 1.0, Time/Memory: 0.00,3072
Running kpath variant 0 with N=40, sparsity=3, seed=1729...
      Average Passes: 2.0, Time/Memory: 0.00,3072
Running kpath variant N with N=40, sparsity=3, seed=1729...
      Average Passes: 1.0, Time/Memory: 0.00,3072
Running klev variant 0 with N=40, sparsity=3, seed=1729...
      Average Passes: 3.0, Time/Memory: 0.00,3072
Running klev variant N with N=40, sparsity=3, seed=1729...
      Average Passes: 1.0, Time/Memory: 0.00,3072
Running kpath variant 0 with N=50, sparsity=3, seed=1729...
      Average Passes: 2.1, Time/Memory: 0.00,3072
Running kpath variant N with N=50, sparsity=3, seed=1729...
      Average Passes: 1.0, Time/Memory: 0.00,3072
Running klev variant 0 with N=50, sparsity=3, seed=1729...
      Average Passes: 3.0, Time/Memory: 0.00,3072
Running klev variant N with N=50, sparsity=3, seed=1729...
      Average Passes: 1.0, Time/Memory: 0.00,3072
Running kpath variant 0 with N=60, sparsity=3, seed=1729...
      Average Passes: 2.5, Time/Memory: 0.00,3072
Running kpath variant N with N=60, sparsity=3, seed=1729...
      Average Passes: 1.0, Time/Memory: 0.00,3072
Running klev variant 0 with N=60, sparsity=3, seed=1729...
      Average Passes: 3.0, Time/Memory: 0.00,3072
Running klev variant N with N=60, sparsity=3, seed=1729...
      Average Passes: 1.0, Time/Memory: 0.00,3072
Running kpath variant 0 with N=70, sparsity=3, seed=1729...
      Average Passes: 2.8, Time/Memory: 0.01,3072
Running kpath variant N with N=70, sparsity=3, seed=1729...
      Average Passes: 1.0, Time/Memory: 0.00,3072
Running klev variant 0 with N=70, sparsity=3, seed=1729...
      Average Passes: 3.0, Time/Memory: 0.01,3072
Running klev variant N with N=70, sparsity=3, seed=1729...
      Average Passes: 1.0, Time/Memory: 0.00,3072
Running kpath variant 0 with N=80, sparsity=3, seed=1729...
      Average Passes: 3.0, Time/Memory: 0.01,3072
Running kpath variant N with N=80, sparsity=3, seed=1729...
      Average Passes: 1.0, Time/Memory: 0.00,3072
Running klev variant 0 with N=80, sparsity=3, seed=1729...
      Average Passes: 3.0, Time/Memory: 0.01,3072
Running klev variant N with N=80, sparsity=3, seed=1729...
      Average Passes: 1.0, Time/Memory: 0.00,3072
Running kpath variant 0 with N=90, sparsity=3, seed=1729...
      Average Passes: 3.0, Time/Memory: 0.01,3072
Running kpath variant N with N=90, sparsity=3, seed=1729...
      Average Passes: 1.0, Time/Memory: 0.00,3072
Running klev variant 0 with N=90, sparsity=3, seed=1729...
      Average Passes: 3.0, Time/Memory: 0.01,3072
Running klev variant N with N=90, sparsity=3, seed=1729...
      Average Passes: 1.0, Time/Memory: 0.00,3072
Running kpath variant 0 with N=100, sparsity=3, seed=1729...
      Average Passes: 3.0, Time/Memory: 0.01,3072
Running kpath variant N with N=100, sparsity=3, seed=1729...
      Average Passes: 1.0, Time/Memory: 0.00,3072
Running klev variant 0 with N=100, sparsity=3, seed=1729...
      Average Passes: 3.0, Time/Memory: 0.01,3072
Running klev variant N with N=100, sparsity=3, seed=1729...
      Average Passes: 1.0, Time/Memory: 0.00,3072
Running kpath variant 0 with N=150, sparsity=3, seed=1729...
      Average Passes: 3.0, Time/Memory: 0.03,3072
Running kpath variant N with N=150, sparsity=3, seed=1729...
      Average Passes: 2.0, Time/Memory: 0.02,3072
Running klev variant 0 with N=150, sparsity=3, seed=1729...
      Average Passes: 3.2, Time/Memory: 0.03,3072
Running klev variant N with N=150, sparsity=3, seed=1729...
      Average Passes: 1.9, Time/Memory: 0.02,3072
Running kpath variant 0 with N=200, sparsity=3, seed=1729...
      Average Passes: 3.2, Time/Memory: 0.04,3072
Running kpath variant N with N=200, sparsity=3, seed=1729...
      Average Passes: 2.0, Time/Memory: 0.03,3072
Running klev variant 0 with N=200, sparsity=3, seed=1729...
      Average Passes: 3.1, Time/Memory: 0.04,3072
Running klev variant N with N=200, sparsity=3, seed=1729...
      Average Passes: 2.0, Time/Memory: 0.04,3072
Running kpath variant 0 with N=250, sparsity=3, seed=1729...
      Average Passes: 3.2, Time/Memory: 0.05,3072
Running kpath variant N with N=250, sparsity=3, seed=1729...
      Average Passes: 2.0, Time/Memory: 0.04,3072
Running klev variant 0 with N=250, sparsity=3, seed=1729...
      Average Passes: 3.1, Time/Memory: 0.06,3072
Running klev variant N with N=250, sparsity=3, seed=1729...
      Average Passes: 2.0, Time/Memory: 0.06,3072
Running kpath variant 0 with N=300, sparsity=3, seed=1729...
      Average Passes: 3.5, Time/Memory: 0.09,3072
Running kpath variant N with N=300, sparsity=3, seed=1729...
      Average Passes: 2.0, Time/Memory: 0.05,3072
Running klev variant 0 with N=300, sparsity=3, seed=1729...
      Average Passes: 3.1, Time/Memory: 0.09,3072
Running klev variant N with N=300, sparsity=3, seed=1729...
      Average Passes: 2.0, Time/Memory: 0.07,3072
Running kpath variant 0 with N=350, sparsity=3, seed=1729...
      Average Passes: 3.4, Time/Memory: 0.10,3072
Running kpath variant N with N=350, sparsity=3, seed=1729...
      Average Passes: 2.0, Time/Memory: 0.08,3072
Running klev variant 0 with N=350, sparsity=3, seed=1729...
      Average Passes: 3.1, Time/Memory: 0.10,3072
Running klev variant N with N=350, sparsity=3, seed=1729...
      Average Passes: 2.0, Time/Memory: 0.09,3072
Running kpath variant 0 with N=400, sparsity=3, seed=1729...
      Average Passes: 3.7, Time/Memory: 0.12,3072
Running kpath variant N with N=400, sparsity=3, seed=1729...
      Average Passes: 2.1, Time/Memory: 0.09,3072
Running klev variant 0 with N=400, sparsity=3, seed=1729...
      Average Passes: 3.1, Time/Memory: 0.13,3072
Running klev variant N with N=400, sparsity=3, seed=1729...
      Average Passes: 2.0, Time/Memory: 0.13,3072
Running kpath variant 0 with N=450, sparsity=3, seed=1729...
      Average Passes: 3.4, Time/Memory: 0.17,3072
Running kpath variant N with N=450, sparsity=3, seed=1729...
      Average Passes: 2.3, Time/Memory: 0.14,3072
Running klev variant 0 with N=450, sparsity=3, seed=1729...
      Average Passes: 3.1, Time/Memory: 0.17,3072
Running klev variant N with N=450, sparsity=3, seed=1729...
      Average Passes: 2.0, Time/Memory: 0.16,3072
Running kpath variant 0 with N=500, sparsity=3, seed=1729...
      Average Passes: 3.8, Time/Memory: 0.22,3072
Running kpath variant N with N=500, sparsity=3, seed=1729...
      Average Passes: 2.6, Time/Memory: 0.16,3072
Running klev variant 0 with N=500, sparsity=3, seed=1729...
      Average Passes: 3.2, Time/Memory: 0.21,3072
Running klev variant N with N=500, sparsity=3, seed=1729...
      Average Passes: 2.0, Time/Memory: 0.17,3072
Running kpath variant 0 with N=550, sparsity=3, seed=1729...
      Average Passes: 4.1, Time/Memory: 0.19,3072
Running kpath variant N with N=550, sparsity=3, seed=1729...
Graph already exists at: ./input/random_graphs/graph_600_14696_POWLAW_6230961512046992311.txt
Graph already exists at: ./input/random_graphs/graph_600_14696_POWLAW_7871178979383552919.txt
Graph already exists at: ./input/random_graphs/graph_600_14696_POWLAW_5739955973604961613.txt
Graph already exists at: ./input/random_graphs/graph_600_14696_POWLAW_3881801951614183357.txt
Graph already exists at: ./input/random_graphs/graph_600_14696_POWLAW_7032710160631691991.txt
Graph already exists at: ./input/random_graphs/graph_600_14696_POWLAW_7599700178212337699.txt
Graph already exists at: ./input/random_graphs/graph_600_14696_POWLAW_1353182403971399009.txt
Graph already exists at: ./input/random_graphs/graph_600_14696_POWLAW_1070244953599069350.txt
Graph already exists at: ./input/random_graphs/graph_600_14696_POWLAW_6522163754831416203.txt
Graph already exists at: ./input/random_graphs/graph_600_14696_POWLAW_6938562734920028532.txt
Graph already exists at: ./input/random_graphs/graph_700_18520_POWLAW_6230961512046992311.txt
Graph already exists at: ./input/random_graphs/graph_700_18520_POWLAW_7871178979383552919.txt
Graph already exists at: ./input/random_graphs/graph_700_18520_POWLAW_5739955973604961613.txt
Graph already exists at: ./input/random_graphs/graph_700_18520_POWLAW_3881801951614183357.txt
Graph already exists at: ./input/random_graphs/graph_700_18520_POWLAW_7032710160631691991.txt
Graph already exists at: ./input/random_graphs/graph_700_18520_POWLAW_7599700178212337699.txt
Graph already exists at: ./input/random_graphs/graph_700_18520_POWLAW_1353182403971399009.txt
Graph already exists at: ./input/random_graphs/graph_700_18520_POWLAW_1070244953599069350.txt
Graph already exists at: ./input/random_graphs/graph_700_18520_POWLAW_6522163754831416203.txt
Graph already exists at: ./input/random_graphs/graph_700_18520_POWLAW_6938562734920028532.txt
Graph already exists at: ./input/random_graphs/graph_800_22627_POWLAW_6230961512046992311.txt
Graph already exists at: ./input/random_graphs/graph_800_22627_POWLAW_7871178979383552919.txt
Graph already exists at: ./input/random_graphs/graph_800_22627_POWLAW_5739955973604961613.txt
Graph already exists at: ./input/random_graphs/graph_800_22627_POWLAW_3881801951614183357.txt
Graph already exists at: ./input/random_graphs/graph_800_22627_POWLAW_7032710160631691991.txt
Graph already exists at: ./input/random_graphs/graph_800_22627_POWLAW_7599700178212337699.txt
Graph already exists at: ./input/random_graphs/graph_800_22627_POWLAW_1353182403971399009.txt
Graph already exists at: ./input/random_graphs/graph_800_22627_POWLAW_1070244953599069350.txt
Graph already exists at: ./input/random_graphs/graph_800_22627_POWLAW_6522163754831416203.txt
Graph already exists at: ./input/random_graphs/graph_800_22627_POWLAW_6938562734920028532.txt
Graph already exists at: ./input/random_graphs/graph_900_27000_POWLAW_6230961512046992311.txt
Graph already exists at: ./input/random_graphs/graph_900_27000_POWLAW_7871178979383552919.txt
Graph already exists at: ./input/random_graphs/graph_900_27000_POWLAW_5739955973604961613.txt
Graph already exists at: ./input/random_graphs/graph_900_27000_POWLAW_3881801951614183357.txt
Graph already exists at: ./input/random_graphs/graph_900_27000_POWLAW_7032710160631691991.txt
Graph already exists at: ./input/random_graphs/graph_900_27000_POWLAW_7599700178212337699.txt
Graph already exists at: ./input/random_graphs/graph_900_27000_POWLAW_1353182403971399009.txt
Graph already exists at: ./input/random_graphs/graph_900_27000_POWLAW_1070244953599069350.txt
Graph already exists at: ./input/random_graphs/graph_900_27000_POWLAW_6522163754831416203.txt
Graph already exists at: ./input/random_graphs/graph_900_27000_POWLAW_6938562734920028532.txt
Graph already exists at: ./input/random_graphs/graph_1000_31622_POWLAW_6230961512046992311.txt
Graph already exists at: ./input/random_graphs/graph_1000_31622_POWLAW_7871178979383552919.txt
Graph already exists at: ./input/random_graphs/graph_1000_31622_POWLAW_5739955973604961613.txt
Graph already exists at: ./input/random_graphs/graph_1000_31622_POWLAW_3881801951614183357.txt
Graph already exists at: ./input/random_graphs/graph_1000_31622_POWLAW_7032710160631691991.txt
Graph already exists at: ./input/random_graphs/graph_1000_31622_POWLAW_7599700178212337699.txt
Graph already exists at: ./input/random_graphs/graph_1000_31622_POWLAW_1353182403971399009.txt
Graph already exists at: ./input/random_graphs/graph_1000_31622_POWLAW_1070244953599069350.txt
Graph already exists at: ./input/random_graphs/graph_1000_31622_POWLAW_6522163754831416203.txt
Graph already exists at: ./input/random_graphs/graph_1000_31622_POWLAW_6938562734920028532.txt
      Average Passes: 2.6, Time/Memory: 0.13,3072
Running klev variant 0 with N=550, sparsity=3, seed=1729...
      Average Passes: 3.2, Time/Memory: 0.17,3072
Running klev variant N with N=550, sparsity=3, seed=1729...
      Average Passes: 2.0, Time/Memory: 0.15,3072
Running kpath variant 0 with N=600, sparsity=3, seed=1729...
      Average Passes: 4.1, Time/Memory: 0.22,3072
Running kpath variant N with N=600, sparsity=3, seed=1729...
      Average Passes: 2.7, Time/Memory: 0.16,3072
Running klev variant 0 with N=600, sparsity=3, seed=1729...
      Average Passes: 3.4, Time/Memory: 0.20,3072
Running klev variant N with N=600, sparsity=3, seed=1729...
      Average Passes: 2.1, Time/Memory: 0.18,3072
Running kpath variant 0 with N=650, sparsity=3, seed=1729...
      Average Passes: 4.3, Time/Memory: 0.26,4096
Running kpath variant N with N=650, sparsity=3, seed=1729...
      Average Passes: 3.0, Time/Memory: 0.19,4096
Running klev variant 0 with N=650, sparsity=3, seed=1729...
      Average Passes: 3.2, Time/Memory: 0.22,3072
Running klev variant N with N=650, sparsity=3, seed=1729...
      Average Passes: 2.0, Time/Memory: 0.19,4096
Running kpath variant 0 with N=700, sparsity=3, seed=1729...
      Average Passes: 4.5, Time/Memory: 0.30,4096
Running kpath variant N with N=700, sparsity=3, seed=1729...
      Average Passes: 2.9, Time/Memory: 0.20,4096
Running klev variant 0 with N=700, sparsity=3, seed=1729...
      Average Passes: 3.4, Time/Memory: 0.26,3072
Running klev variant N with N=700, sparsity=3, seed=1729...
      Average Passes: 2.0, Time/Memory: 0.21,4096
Running kpath variant 0 with N=750, sparsity=3, seed=1729...
      Average Passes: 4.3, Time/Memory: 0.40,4096
Running kpath variant N with N=750, sparsity=3, seed=1729...
      Average Passes: 3.0, Time/Memory: 0.33,4096
Running klev variant 0 with N=750, sparsity=3, seed=1729...
      Average Passes: 3.4, Time/Memory: 0.42,3072
Running klev variant N with N=750, sparsity=3, seed=1729...
      Average Passes: 2.0, Time/Memory: 0.33,4096
Running kpath variant 0 with N=800, sparsity=3, seed=1729...
      Average Passes: 4.3, Time/Memory: 0.44,4096
Running kpath variant N with N=800, sparsity=3, seed=1729...
      Average Passes: 3.0, Time/Memory: 0.34,4096
Running klev variant 0 with N=800, sparsity=3, seed=1729...
      Average Passes: 3.3, Time/Memory: 0.39,3072
Running klev variant N with N=800, sparsity=3, seed=1729...
      Average Passes: 2.0, Time/Memory: 0.35,4096
Running kpath variant 0 with N=850, sparsity=3, seed=1729...
      Average Passes: 4.1, Time/Memory: 0.36,4096
Running kpath variant N with N=850, sparsity=3, seed=1729...
      Average Passes: 3.0, Time/Memory: 0.29,4096
Running klev variant 0 with N=850, sparsity=3, seed=1729...
      Average Passes: 3.4, Time/Memory: 0.34,3072
Running klev variant N with N=850, sparsity=3, seed=1729...
      Average Passes: 2.1, Time/Memory: 0.30,4096
Running kpath variant 0 with N=900, sparsity=3, seed=1729...
      Average Passes: 4.4, Time/Memory: 0.42,4096
Running kpath variant N with N=900, sparsity=3, seed=1729...
      Average Passes: 3.0, Time/Memory: 0.32,4096
Running klev variant 0 with N=900, sparsity=3, seed=1729...
      Average Passes: 3.5, Time/Memory: 0.38,3072
Running klev variant N with N=900, sparsity=3, seed=1729...
      Average Passes: 2.2, Time/Memory: 0.34,4096
Running kpath variant 0 with N=950, sparsity=3, seed=1729...
      Average Passes: 4.4, Time/Memory: 0.44,4096
Running kpath variant N with N=950, sparsity=3, seed=1729...
      Average Passes: 3.0, Time/Memory: 0.33,4096
Running klev variant 0 with N=950, sparsity=3, seed=1729...
      Average Passes: 3.4, Time/Memory: 0.41,3072
Running klev variant N with N=950, sparsity=3, seed=1729...
      Average Passes: 2.1, Time/Memory: 0.34,4096
Running kpath variant 0 with N=1000, sparsity=3, seed=1729...
      Average Passes: 4.4, Time/Memory: 0.47,4096
Running kpath variant N with N=1000, sparsity=3, seed=1729...
      Average Passes: 3.0, Time/Memory: 0.35,4096
Running klev variant 0 with N=1000, sparsity=3, seed=1729...
      Average Passes: 3.5, Time/Memory: 0.44,3072
Running klev variant N with N=1000, sparsity=3, seed=1729...
      Average Passes: 2.0, Time/Memory: 0.35,4096
