Graph already exists at: ./input/random_graphs/graph_10_33_POWLAW_6230961512046992311.txt
Graph already exists at: ./input/random_graphs/graph_10_33_POWLAW_7871178979383552919.txt
Graph already exists at: ./input/random_graphs/graph_10_33_POWLAW_5739955973604961613.txt
Graph already exists at: ./input/random_graphs/graph_10_33_POWLAW_3881801951614183357.txt
Graph already exists at: ./input/random_graphs/graph_10_33_POWLAW_7032710160631691991.txt
Graph already exists at: ./input/random_graphs/graph_10_33_POWLAW_7599700178212337699.txt
Graph already exists at: ./input/random_graphs/graph_10_33_POWLAW_1353182403971399009.txt
Graph already exists at: ./input/random_graphs/graph_10_33_POWLAW_1070244953599069350.txt
Graph already exists at: ./input/random_graphs/graph_10_33_POWLAW_6522163754831416203.txt
Graph already exists at: ./input/random_graphs/graph_10_33_POWLAW_6938562734920028532.txt
Graph already exists at: ./input/random_graphs/graph_20_86_POWLAW_6230961512046992311.txt
Graph already exists at: ./input/random_graphs/graph_20_86_POWLAW_7871178979383552919.txt
Graph already exists at: ./input/random_graphs/graph_20_86_POWLAW_5739955973604961613.txt
Graph already exists at: ./input/random_graphs/graph_20_86_POWLAW_3881801951614183357.txt
Graph already exists at: ./input/random_graphs/graph_20_86_POWLAW_7032710160631691991.txt
Graph already exists at: ./input/random_graphs/graph_20_86_POWLAW_7599700178212337699.txt
Graph already exists at: ./input/random_graphs/graph_20_86_POWLAW_1353182403971399009.txt
Graph already exists at: ./input/random_graphs/graph_20_86_POWLAW_1070244953599069350.txt
Graph already exists at: ./input/random_graphs/graph_20_86_POWLAW_6522163754831416203.txt
Graph already exists at: ./input/random_graphs/graph_20_86_POWLAW_6938562734920028532.txt
Graph already exists at: ./input/random_graphs/graph_30_147_POWLAW_6230961512046992311.txt
Graph already exists at: ./input/random_graphs/graph_30_147_POWLAW_7871178979383552919.txt
Graph already exists at: ./input/random_graphs/graph_30_147_POWLAW_5739955973604961613.txt
Graph already exists at: ./input/random_graphs/graph_30_147_POWLAW_3881801951614183357.txt
Graph already exists at: ./input/random_graphs/graph_30_147_POWLAW_7032710160631691991.txt
Graph already exists at: ./input/random_graphs/graph_30_147_POWLAW_7599700178212337699.txt
Graph already exists at: ./input/random_graphs/graph_30_147_POWLAW_1353182403971399009.txt
Graph already exists at: ./input/random_graphs/graph_30_147_POWLAW_1070244953599069350.txt
Graph already exists at: ./input/random_graphs/graph_30_147_POWLAW_6522163754831416203.txt
Graph already exists at: ./input/random_graphs/graph_30_147_POWLAW_6938562734920028532.txt
Graph already exists at: ./input/random_graphs/graph_40_212_POWLAW_6230961512046992311.txt
Graph already exists at: ./input/random_graphs/graph_40_212_POWLAW_7871178979383552919.txt
Graph already exists at: ./input/random_graphs/graph_40_212_POWLAW_5739955973604961613.txt
Graph already exists at: ./input/random_graphs/graph_40_212_POWLAW_3881801951614183357.txt
Graph already exists at: ./input/random_graphs/graph_40_212_POWLAW_7032710160631691991.txt
Graph already exists at: ./input/random_graphs/graph_40_212_POWLAW_7599700178212337699.txt
Graph already exists at: ./input/random_graphs/graph_40_212_POWLAW_1353182403971399009.txt
Graph already exists at: ./input/random_graphs/graph_40_212_POWLAW_1070244953599069350.txt
Graph already exists at: ./input/random_graphs/graph_40_212_POWLAW_6522163754831416203.txt
Graph already exists at: ./input/random_graphs/graph_40_212_POWLAW_6938562734920028532.txt
Graph already exists at: ./input/random_graphs/graph_50_282_POWLAW_6230961512046992311.txt
Graph already exists at: ./input/random_graphs/graph_50_282_POWLAW_7871178979383552919.txt
Graph already exists at: ./input/random_graphs/graph_50_282_POWLAW_5739955973604961613.txt
Graph already exists at: ./input/random_graphs/graph_50_282_POWLAW_3881801951614183357.txt
Graph already exists at: ./input/random_graphs/graph_50_282_POWLAW_7032710160631691991.txt
Graph already exists at: ./input/random_graphs/graph_50_282_POWLAW_7599700178212337699.txt
Graph already exists at: ./input/random_graphs/graph_50_282_POWLAW_1353182403971399009.txt
Graph already exists at: ./input/random_graphs/graph_50_282_POWLAW_1070244953599069350.txt
Graph already exists at: ./input/random_graphs/graph_50_282_POWLAW_6522163754831416203.txt
Graph already exists at: ./input/random_graphs/graph_50_282_POWLAW_6938562734920028532.txt
Graph already exists at: ./input/random_graphs/graph_60_354_POWLAW_6230961512046992311.txt
Graph already exists at: ./input/random_graphs/graph_60_354_POWLAW_7871178979383552919.txt
Graph already exists at: ./input/random_graphs/graph_60_354_POWLAW_5739955973604961613.txt
Graph already exists at: ./input/random_graphs/graph_60_354_POWLAW_3881801951614183357.txt
Graph already exists at: ./input/random_graphs/graph_60_354_POWLAW_7032710160631691991.txt
Graph already exists at: ./input/random_graphs/graph_60_354_POWLAW_7599700178212337699.txt
Graph already exists at: ./input/random_graphs/graph_60_354_POWLAW_1353182403971399009.txt
Graph already exists at: ./input/random_graphs/graph_60_354_POWLAW_1070244953599069350.txt
Graph already exists at: ./input/random_graphs/graph_60_354_POWLAW_6522163754831416203.txt
Graph already exists at: ./input/random_graphs/graph_60_354_POWLAW_6938562734920028532.txt
Graph already exists at: ./input/random_graphs/graph_70_429_POWLAW_6230961512046992311.txt
Graph already exists at: ./input/random_graphs/graph_70_429_POWLAW_7871178979383552919.txt
Graph already exists at: ./input/random_graphs/graph_70_429_POWLAW_5739955973604961613.txt
Graph already exists at: ./input/random_graphs/graph_70_429_POWLAW_3881801951614183357.txt
Graph already exists at: ./input/random_graphs/graph_70_429_POWLAW_7032710160631691991.txt
Graph already exists at: ./input/random_graphs/graph_70_429_POWLAW_7599700178212337699.txt
Graph already exists at: ./input/random_graphs/graph_70_429_POWLAW_1353182403971399009.txt
Graph already exists at: ./input/random_graphs/graph_70_429_POWLAW_1070244953599069350.txt
Graph already exists at: ./input/random_graphs/graph_70_429_POWLAW_6522163754831416203.txt
Graph already exists at: ./input/random_graphs/graph_70_429_POWLAW_6938562734920028532.txt
Graph already exists at: ./input/random_graphs/graph_80_505_POWLAW_6230961512046992311.txt
Graph already exists at: ./input/random_graphs/graph_80_505_POWLAW_7871178979383552919.txt
Graph already exists at: ./input/random_graphs/graph_80_505_POWLAW_5739955973604961613.txt
Graph already exists at: ./input/random_graphs/graph_80_505_POWLAW_3881801951614183357.txt
Graph already exists at: ./input/random_graphs/graph_80_505_POWLAW_7032710160631691991.txt
Graph already exists at: ./input/random_graphs/graph_80_505_POWLAW_7599700178212337699.txt
Graph already exists at: ./input/random_graphs/graph_80_505_POWLAW_1353182403971399009.txt
Graph already exists at: ./input/random_graphs/graph_80_505_POWLAW_1070244953599069350.txt
Graph already exists at: ./input/random_graphs/graph_80_505_POWLAW_6522163754831416203.txt
Graph already exists at: ./input/random_graphs/graph_80_505_POWLAW_6938562734920028532.txt
Graph already exists at: ./input/random_graphs/graph_90_584_POWLAW_6230961512046992311.txt
Graph already exists at: ./input/random_graphs/graph_90_584_POWLAW_7871178979383552919.txt
Graph already exists at: ./input/random_graphs/graph_90_584_POWLAW_5739955973604961613.txt
Graph already exists at: ./input/random_graphs/graph_90_584_POWLAW_3881801951614183357.txt
Graph already exists at: ./input/random_graphs/graph_90_584_POWLAW_7032710160631691991.txt
Graph already exists at: ./input/random_graphs/graph_90_584_POWLAW_7599700178212337699.txt
Graph already exists at: ./input/random_graphs/graph_90_584_POWLAW_1353182403971399009.txt
Graph already exists at: ./input/random_graphs/graph_90_584_POWLAW_1070244953599069350.txt
Graph already exists at: ./input/random_graphs/graph_90_584_POWLAW_6522163754831416203.txt
Graph already exists at: ./input/random_graphs/graph_90_584_POWLAW_6938562734920028532.txt
Graph already exists at: ./input/random_graphs/graph_100_664_POWLAW_6230961512046992311.txt
Graph already exists at: ./input/random_graphs/graph_100_664_POWLAW_7871178979383552919.txt
Graph already exists at: ./input/random_graphs/graph_100_664_POWLAW_5739955973604961613.txt
Graph already exists at: ./input/random_graphs/graph_100_664_POWLAW_3881801951614183357.txt
Graph already exists at: ./input/random_graphs/graph_100_664_POWLAW_7032710160631691991.txt
Graph already exists at: ./input/random_graphs/graph_100_664_POWLAW_7599700178212337699.txt
Graph already exists at: ./input/random_graphs/graph_100_664_POWLAW_1353182403971399009.txt
Graph already exists at: ./input/random_graphs/graph_100_664_POWLAW_1070244953599069350.txt
Graph already exists at: ./input/random_graphs/graph_100_664_POWLAW_6522163754831416203.txt
Graph already exists at: ./input/random_graphs/graph_100_664_POWLAW_6938562734920028532.txt
Graph already exists at: ./input/random_graphs/graph_150_1084_POWLAW_6230961512046992311.txt
Graph already exists at: ./input/random_graphs/graph_150_1084_POWLAW_7871178979383552919.txt
Graph already exists at: ./input/random_graphs/graph_150_1084_POWLAW_5739955973604961613.txt
Graph already exists at: ./input/random_graphs/graph_150_1084_POWLAW_3881801951614183357.txt
Graph already exists at: ./input/random_graphs/graph_150_1084_POWLAW_7032710160631691991.txt
Graph already exists at: ./input/random_graphs/graph_150_1084_POWLAW_7599700178212337699.txt
Graph already exists at: ./input/random_graphs/graph_150_1084_POWLAW_1353182403971399009.txt
Graph already exists at: ./input/random_graphs/graph_150_1084_POWLAW_1070244953599069350.txt
Graph already exists at: ./input/random_graphs/graph_150_1084_POWLAW_6522163754831416203.txt
Graph already exists at: ./input/random_graphs/graph_150_1084_POWLAW_6938562734920028532.txt
Graph already exists at: ./input/random_graphs/graph_200_1528_POWLAW_6230961512046992311.txt
Graph already exists at: ./input/random_graphs/graph_200_1528_POWLAW_7871178979383552919.txt
Graph already exists at: ./input/random_graphs/graph_200_1528_POWLAW_5739955973604961613.txt
Graph already exists at: ./input/random_graphs/graph_200_1528_POWLAW_3881801951614183357.txt
Graph already exists at: ./input/random_graphs/graph_200_1528_POWLAW_7032710160631691991.txt
Graph already exists at: ./input/random_graphs/graph_200_1528_POWLAW_7599700178212337699.txt
Graph already exists at: ./input/random_graphs/graph_200_1528_POWLAW_1353182403971399009.txt
Graph already exists at: ./input/random_graphs/graph_200_1528_POWLAW_1070244953599069350.txt
Graph already exists at: ./input/random_graphs/graph_200_1528_POWLAW_6522163754831416203.txt
Graph already exists at: ./input/random_graphs/graph_200_1528_POWLAW_6938562734920028532.txt
Graph already exists at: ./input/random_graphs/graph_250_1991_POWLAW_6230961512046992311.txt
Graph already exists at: ./input/random_graphs/graph_250_1991_POWLAW_7871178979383552919.txt
Graph already exists at: ./input/random_graphs/graph_250_1991_POWLAW_5739955973604961613.txt
Graph already exists at: ./input/random_graphs/graph_250_1991_POWLAW_3881801951614183357.txt
Graph already exists at: ./input/random_graphs/graph_250_1991_POWLAW_7032710160631691991.txt
Graph already exists at: ./input/random_graphs/graph_250_1991_POWLAW_7599700178212337699.txt
Graph already exists at: ./input/random_graphs/graph_250_1991_POWLAW_1353182403971399009.txt
Graph already exists at: ./input/random_graphs/graph_250_1991_POWLAW_1070244953599069350.txt
Graph already exists at: ./input/random_graphs/graph_250_1991_POWLAW_6522163754831416203.txt
Graph already exists at: ./input/random_graphs/graph_250_1991_POWLAW_6938562734920028532.txt
Graph already exists at: ./input/random_graphs/graph_300_2468_POWLAW_6230961512046992311.txt
Graph already exists at: ./input/random_graphs/graph_300_2468_POWLAW_7871178979383552919.txt
Graph already exists at: ./input/random_graphs/graph_300_2468_POWLAW_5739955973604961613.txt
Graph already exists at: ./input/random_graphs/graph_300_2468_POWLAW_3881801951614183357.txt
Graph already exists at: ./input/random_graphs/graph_300_2468_POWLAW_7032710160631691991.txt
Graph already exists at: ./input/random_graphs/graph_300_2468_POWLAW_7599700178212337699.txt
Graph already exists at: ./input/random_graphs/graph_300_2468_POWLAW_1353182403971399009.txt
Graph already exists at: ./input/random_graphs/graph_300_2468_POWLAW_1070244953599069350.txt
Graph already exists at: ./input/random_graphs/graph_300_2468_POWLAW_6522163754831416203.txt
Graph already exists at: ./input/random_graphs/graph_300_2468_POWLAW_6938562734920028532.txt
Graph already exists at: ./input/random_graphs/graph_350_2957_POWLAW_6230961512046992311.txt
Graph already exists at: ./input/random_graphs/graph_350_2957_POWLAW_7871178979383552919.txt
Graph already exists at: ./input/random_graphs/graph_350_2957_POWLAW_5739955973604961613.txt
Graph already exists at: ./input/random_graphs/graph_350_2957_POWLAW_3881801951614183357.txt
Graph already exists at: ./input/random_graphs/graph_350_2957_POWLAW_7032710160631691991.txt
Graph already exists at: ./input/random_graphs/graph_350_2957_POWLAW_7599700178212337699.txt
Graph already exists at: ./input/random_graphs/graph_350_2957_POWLAW_1353182403971399009.txt
Graph already exists at: ./input/random_graphs/graph_350_2957_POWLAW_1070244953599069350.txt
Graph already exists at: ./input/random_graphs/graph_350_2957_POWLAW_6522163754831416203.txt
Graph already exists at: ./input/random_graphs/graph_350_2957_POWLAW_6938562734920028532.txt
Graph already exists at: ./input/random_graphs/graph_400_3457_POWLAW_6230961512046992311.txt
Graph already exists at: ./input/random_graphs/graph_400_3457_POWLAW_7871178979383552919.txt
Graph already exists at: ./input/random_graphs/graph_400_3457_POWLAW_5739955973604961613.txt
Graph already exists at: ./input/random_graphs/graph_400_3457_POWLAW_3881801951614183357.txt
Graph already exists at: ./input/random_graphs/graph_400_3457_POWLAW_7032710160631691991.txt
Graph already exists at: ./input/random_graphs/graph_400_3457_POWLAW_7599700178212337699.txt
Graph already exists at: ./input/random_graphs/graph_400_3457_POWLAW_1353182403971399009.txt
Graph already exists at: ./input/random_graphs/graph_400_3457_POWLAW_1070244953599069350.txt
Graph already exists at: ./input/random_graphs/graph_400_3457_POWLAW_6522163754831416203.txt
Graph already exists at: ./input/random_graphs/graph_400_3457_POWLAW_6938562734920028532.txt
Graph already exists at: ./input/random_graphs/graph_450_3966_POWLAW_6230961512046992311.txt
Graph already exists at: ./input/random_graphs/graph_450_3966_POWLAW_7871178979383552919.txt
Graph already exists at: ./input/random_graphs/graph_450_3966_POWLAW_5739955973604961613.txt
Graph already exists at: ./input/random_graphs/graph_450_3966_POWLAW_3881801951614183357.txt
Graph already exists at: ./input/random_graphs/graph_450_3966_POWLAW_7032710160631691991.txt
Graph already exists at: ./input/random_graphs/graph_450_3966_POWLAW_7599700178212337699.txt
Graph already exists at: ./input/random_graphs/graph_450_3966_POWLAW_1353182403971399009.txt
Graph already exists at: ./input/random_graphs/graph_450_3966_POWLAW_1070244953599069350.txt
Graph already exists at: ./input/random_graphs/graph_450_3966_POWLAW_6522163754831416203.txt
Graph already exists at: ./input/random_graphs/graph_450_3966_POWLAW_6938562734920028532.txt
Graph already exists at: ./input/random_graphs/graph_500_4482_POWLAW_6230961512046992311.txt
Graph already exists at: ./input/random_graphs/graph_500_4482_POWLAW_7871178979383552919.txt
Graph already exists at: ./input/random_graphs/graph_500_4482_POWLAW_5739955973604961613.txt
Graph already exists at: ./input/random_graphs/graph_500_4482_POWLAW_3881801951614183357.txt
Graph already exists at: ./input/random_graphs/graph_500_4482_POWLAW_7032710160631691991.txt
Graph already exists at: ./input/random_graphs/graph_500_4482_POWLAW_7599700178212337699.txt
Graph already exists at: ./input/random_graphs/graph_500_4482_POWLAW_1353182403971399009.txt
Graph already exists at: ./input/random_graphs/graph_500_4482_POWLAW_1070244953599069350.txt
Graph already exists at: ./input/random_graphs/graph_500_4482_POWLAW_6522163754831416203.txt
Graph already exists at: ./input/random_graphs/graph_500_4482_POWLAW_6938562734920028532.txt
Graph already exists at: ./input/random_graphs/graph_550_5006_POWLAW_6230961512046992311.txt
Graph already exists at: ./input/random_graphs/graph_550_5006_POWLAW_7871178979383552919.txt
Graph already exists at: ./input/random_graphs/graph_550_5006_POWLAW_5739955973604961613.txt
Graph already exists at: ./input/random_graphs/graph_550_5006_POWLAW_3881801951614183357.txt
Graph already exists at: ./input/random_graphs/graph_550_5006_POWLAW_7032710160631691991.txt
Graph already exists at: ./input/random_graphs/graph_550_5006_POWLAW_7599700178212337699.txt
Graph already exists at: ./input/random_graphs/graph_550_5006_POWLAW_1353182403971399009.txt
Graph already exists at: ./input/random_graphs/graph_550_5006_POWLAW_1070244953599069350.txt
Graph already exists at: ./input/random_graphs/graph_550_5006_POWLAW_6522163754831416203.txt
Graph already exists at: ./input/random_graphs/graph_550_5006_POWLAW_6938562734920028532.txt
Graph already exists at: ./input/random_graphs/graph_600_5537_POWLAW_6230961512046992311.txt
Graph already exists at: ./input/random_graphs/graph_600_5537_POWLAW_7871178979383552919.txt
Graph already exists at: ./input/random_graphs/graph_600_5537_POWLAW_5739955973604961613.txt
Graph already exists at: ./input/random_graphs/graph_600_5537_POWLAW_3881801951614183357.txt
Graph already exists at: ./input/random_graphs/graph_600_5537_POWLAW_7032710160631691991.txt
Graph already exists at: ./input/random_graphs/graph_600_5537_POWLAW_7599700178212337699.txt
Graph already exists at: ./input/random_graphs/graph_600_5537_POWLAW_1353182403971399009.txt
Graph already exists at: ./input/random_graphs/graph_600_5537_POWLAW_1070244953599069350.txt
Graph already exists at: ./input/random_graphs/graph_600_5537_POWLAW_6522163754831416203.txt
Graph already exists at: ./input/random_graphs/graph_600_5537_POWLAW_6938562734920028532.txt
Graph already exists at: ./input/random_graphs/graph_650_6073_POWLAW_6230961512046992311.txt
Graph already exists at: ./input/random_graphs/graph_650_6073_POWLAW_7871178979383552919.txt
Graph already exists at: ./input/random_graphs/graph_650_6073_POWLAW_5739955973604961613.txt
Graph already exists at: ./input/random_graphs/graph_650_6073_POWLAW_3881801951614183357.txt
Graph already exists at: ./input/random_graphs/graph_650_6073_POWLAW_7032710160631691991.txt
Graph already exists at: ./input/random_graphs/graph_650_6073_POWLAW_7599700178212337699.txt
Graph already exists at: ./input/random_graphs/graph_650_6073_POWLAW_1353182403971399009.txt
Graph already exists at: ./input/random_graphs/graph_650_6073_POWLAW_1070244953599069350.txt
Graph already exists at: ./input/random_graphs/graph_650_6073_POWLAW_6522163754831416203.txt
Graph already exists at: ./input/random_graphs/graph_650_6073_POWLAW_6938562734920028532.txt
Graph already exists at: ./input/random_graphs/graph_700_6615_POWLAW_6230961512046992311.txt
Graph already exists at: ./input/random_graphs/graph_700_6615_POWLAW_7871178979383552919.txt
Graph already exists at: ./input/random_graphs/graph_700_6615_POWLAW_5739955973604961613.txt
Graph already exists at: ./input/random_graphs/graph_700_6615_POWLAW_3881801951614183357.txt
Graph already exists at: ./input/random_graphs/graph_700_6615_POWLAW_7032710160631691991.txt
Graph already exists at: ./input/random_graphs/graph_700_6615_POWLAW_7599700178212337699.txt
Graph already exists at: ./input/random_graphs/graph_700_6615_POWLAW_1353182403971399009.txt
Graph already exists at: ./input/random_graphs/graph_700_6615_POWLAW_1070244953599069350.txt
Graph already exists at: ./input/random_graphs/graph_700_6615_POWLAW_6522163754831416203.txt
Graph already exists at: ./input/random_graphs/graph_700_6615_POWLAW_6938562734920028532.txt
Graph already exists at: ./input/random_graphs/graph_750_7163_POWLAW_6230961512046992311.txt
Graph already exists at: ./input/random_graphs/graph_750_7163_POWLAW_7871178979383552919.txt
Graph already exists at: ./input/random_graphs/graph_750_7163_POWLAW_5739955973604961613.txt
Graph already exists at: ./input/random_graphs/graph_750_7163_POWLAW_3881801951614183357.txt
Graph already exists at: ./input/random_graphs/graph_750_7163_POWLAW_7032710160631691991.txt
Graph already exists at: ./input/random_graphs/graph_750_7163_POWLAW_7599700178212337699.txt
Graph already exists at: ./input/random_graphs/graph_750_7163_POWLAW_1353182403971399009.txt
Graph already exists at: ./input/random_graphs/graph_750_7163_POWLAW_1070244953599069350.txt
Graph already exists at: ./input/random_graphs/graph_750_7163_POWLAW_6522163754831416203.txt
Graph already exists at: ./input/random_graphs/graph_750_7163_POWLAW_6938562734920028532.txt
Graph already exists at: ./input/random_graphs/graph_800_7715_POWLAW_6230961512046992311.txt
Graph already exists at: ./input/random_graphs/graph_800_7715_POWLAW_7871178979383552919.txt
Graph already exists at: ./input/random_graphs/graph_800_7715_POWLAW_5739955973604961613.txt
Graph already exists at: ./input/random_graphs/graph_800_7715_POWLAW_3881801951614183357.txt
Graph already exists at: ./input/random_graphs/graph_800_7715_POWLAW_7032710160631691991.txt
Graph already exists at: ./input/random_graphs/graph_800_7715_POWLAW_7599700178212337699.txt
Graph already exists at: ./input/random_graphs/graph_800_7715_POWLAW_1353182403971399009.txt
Graph already exists at: ./input/random_graphs/graph_800_7715_POWLAW_1070244953599069350.txt
Graph already exists at: ./input/random_graphs/graph_800_7715_POWLAW_6522163754831416203.txt
Graph already exists at: ./input/random_graphs/graph_800_7715_POWLAW_6938562734920028532.txt
Graph already exists at: ./input/random_graphs/graph_850_8271_POWLAW_6230961512046992311.txt
Graph already exists at: ./input/random_graphs/graph_850_8271_POWLAW_7871178979383552919.txt
Graph already exists at: ./input/random_graphs/graph_850_8271_POWLAW_5739955973604961613.txt
Graph already exists at: ./input/random_graphs/graph_850_8271_POWLAW_3881801951614183357.txt
Graph already exists at: ./input/random_graphs/graph_850_8271_POWLAW_7032710160631691991.txt
Graph already exists at: ./input/random_graphs/graph_850_8271_POWLAW_7599700178212337699.txt
Graph already exists at: ./input/random_graphs/graph_850_8271_POWLAW_1353182403971399009.txt
Graph already exists at: ./input/random_graphs/graph_850_8271_POWLAW_1070244953599069350.txt
Graph already exists at: ./input/random_graphs/graph_850_8271_POWLAW_6522163754831416203.txt
Graph already exists at: ./input/random_graphs/graph_850_8271_POWLAW_6938562734920028532.txt
Graph already exists at: ./input/random_graphs/graph_900_8832_POWLAW_6230961512046992311.txt
Graph already exists at: ./input/random_graphs/graph_900_8832_POWLAW_7871178979383552919.txt
Graph already exists at: ./input/random_graphs/graph_900_8832_POWLAW_5739955973604961613.txt
Graph already exists at: ./input/random_graphs/graph_900_8832_POWLAW_3881801951614183357.txt
Graph already exists at: ./input/random_graphs/graph_900_8832_POWLAW_7032710160631691991.txt
Graph already exists at: ./input/random_graphs/graph_900_8832_POWLAW_7599700178212337699.txt
Graph already exists at: ./input/random_graphs/graph_900_8832_POWLAW_1353182403971399009.txt
Graph already exists at: ./input/random_graphs/graph_900_8832_POWLAW_1070244953599069350.txt
Graph already exists at: ./input/random_graphs/graph_900_8832_POWLAW_6522163754831416203.txt
Graph already exists at: ./input/random_graphs/graph_900_8832_POWLAW_6938562734920028532.txt
Graph already exists at: ./input/random_graphs/graph_950_9397_POWLAW_6230961512046992311.txt
Graph already exists at: ./input/random_graphs/graph_950_9397_POWLAW_7871178979383552919.txt
Graph already exists at: ./input/random_graphs/graph_950_9397_POWLAW_5739955973604961613.txt
Graph already exists at: ./input/random_graphs/graph_950_9397_POWLAW_3881801951614183357.txt
Graph already exists at: ./input/random_graphs/graph_950_9397_POWLAW_7032710160631691991.txt
Graph already exists at: ./input/random_graphs/graph_950_9397_POWLAW_7599700178212337699.txt
Graph already exists at: ./input/random_graphs/graph_950_9397_POWLAW_1353182403971399009.txt
Graph already exists at: ./input/random_graphs/graph_950_9397_POWLAW_1070244953599069350.txt
Graph already exists at: ./input/random_graphs/graph_950_9397_POWLAW_6522163754831416203.txt
Graph already exists at: ./input/random_graphs/graph_950_9397_POWLAW_6938562734920028532.txt
Running experiments with 10 iterations, varying N from 10 to 1000 and seed token 1729
Running simp0 with N=10, sparsity=2, seed=1729...
      Average Passes: 10.0, Time/Memory: 0.00,4168
Running simp with N=10, sparsity=2, seed=1729...
      Average Passes: 3.4, Time/Memory: 0.00,4168
Running improv with N=10, sparsity=2, seed=1729...
      Average Passes: 9.3, Time/Memory: 0.00,4180
Running simp0 with N=20, sparsity=2, seed=1729...
      Average Passes: 20.0, Time/Memory: 0.00,4216
Running simp with N=20, sparsity=2, seed=1729...
      Average Passes: 9.4, Time/Memory: 0.00,4236
Running improv with N=20, sparsity=2, seed=1729...
      Average Passes: 14.8, Time/Memory: 0.00,4184
Running simp0 with N=30, sparsity=2, seed=1729...
      Average Passes: 30.0, Time/Memory: 0.01,4216
Running simp with N=30, sparsity=2, seed=1729...
      Average Passes: 15.2, Time/Memory: 0.00,4180
Running improv with N=30, sparsity=2, seed=1729...
      Average Passes: 18.1, Time/Memory: 0.00,4208
Running simp0 with N=40, sparsity=2, seed=1729...
      Average Passes: 40.0, Time/Memory: 0.02,4196
Running simp with N=40, sparsity=2, seed=1729...
      Average Passes: 22.2, Time/Memory: 0.01,4168
Running improv with N=40, sparsity=2, seed=1729...
      Average Passes: 22.5, Time/Memory: 0.01,4176
Running simp0 with N=50, sparsity=2, seed=1729...
      Average Passes: 50.0, Time/Memory: 0.04,4180
Running simp with N=50, sparsity=2, seed=1729...
      Average Passes: 28.4, Time/Memory: 0.02,4168
Running improv with N=50, sparsity=2, seed=1729...
      Average Passes: 25.4, Time/Memory: 0.02,4168
Running simp0 with N=60, sparsity=2, seed=1729...
      Average Passes: 60.0, Time/Memory: 0.06,4184
Running simp with N=60, sparsity=2, seed=1729...
      Average Passes: 36.1, Time/Memory: 0.03,4236
Running improv with N=60, sparsity=2, seed=1729...
      Average Passes: 27.8, Time/Memory: 0.03,4168
Running simp0 with N=70, sparsity=2, seed=1729...
      Average Passes: 70.0, Time/Memory: 0.07,4168
Running simp with N=70, sparsity=2, seed=1729...
      Average Passes: 43.0, Time/Memory: 0.04,4188
Running improv with N=70, sparsity=2, seed=1729...
      Average Passes: 31.7, Time/Memory: 0.03,4196
Running simp0 with N=80, sparsity=2, seed=1729...
      Average Passes: 80.0, Time/Memory: 0.10,4196
Running simp with N=80, sparsity=2, seed=1729...
      Average Passes: 49.9, Time/Memory: 0.06,4168
Running improv with N=80, sparsity=2, seed=1729...
      Average Passes: 32.1, Time/Memory: 0.04,4168
Running simp0 with N=90, sparsity=2, seed=1729...
      Average Passes: 90.0, Time/Memory: 0.13,4168
Running simp with N=90, sparsity=2, seed=1729...
      Average Passes: 57.2, Time/Memory: 0.08,4196
Running improv with N=90, sparsity=2, seed=1729...
      Average Passes: 36.1, Time/Memory: 0.05,4200
Running simp0 with N=100, sparsity=2, seed=1729...
      Average Passes: 100.0, Time/Memory: 0.16,3108
Running simp with N=100, sparsity=2, seed=1729...
      Average Passes: 65.2, Time/Memory: 0.10,4192
Running improv with N=100, sparsity=2, seed=1729...
      Average Passes: 37.9, Time/Memory: 0.06,4168
Running simp0 with N=150, sparsity=2, seed=1729...
      Average Passes: 150.0, Time/Memory: 0.40,4196
Running simp with N=150, sparsity=2, seed=1729...
      Average Passes: 107.7, Time/Memory: 0.28,4168
Running improv with N=150, sparsity=2, seed=1729...
      Average Passes: 47.6, Time/Memory: 0.13,4168
Running simp0 with N=200, sparsity=2, seed=1729...
      Average Passes: 200.0, Time/Memory: 0.77,4168
Running simp with N=200, sparsity=2, seed=1729...
      Average Passes: 148.8, Time/Memory: 0.58,4224
Running improv with N=200, sparsity=2, seed=1729...
      Average Passes: 54.8, Time/Memory: 0.21,4168
Running simp0 with N=250, sparsity=2, seed=1729...
      Average Passes: 250.0, Time/Memory: 1.25,4180
Running simp with N=250, sparsity=2, seed=1729...
      Average Passes: 195.4, Time/Memory: 0.98,4168
Running improv with N=250, sparsity=2, seed=1729...
      Average Passes: 59.1, Time/Memory: 0.30,4196
Running simp0 with N=300, sparsity=2, seed=1729...
      Average Passes: 300.0, Time/Memory: 1.86,4164
Running simp with N=300, sparsity=2, seed=1729...
      Average Passes: 232.8, Time/Memory: 1.47,4168
Running improv with N=300, sparsity=2, seed=1729...
      Average Passes: 72.9, Time/Memory: 0.45,4192
Running simp0 with N=350, sparsity=2, seed=1729...
      Average Passes: 350.0, Time/Memory: 2.62,4168
Running simp with N=350, sparsity=2, seed=1729...
      Average Passes: 283.4, Time/Memory: 2.14,4168
Running improv with N=350, sparsity=2, seed=1729...
      Average Passes: 69.2, Time/Memory: 0.54,4192
Running simp0 with N=400, sparsity=2, seed=1729...
      Average Passes: 400.0, Time/Memory: 3.46,3108
Running simp with N=400, sparsity=2, seed=1729...
      Average Passes: 325.3, Time/Memory: 2.83,4168
Running improv with N=400, sparsity=2, seed=1729...
      Average Passes: 78.1, Time/Memory: 0.68,4168
Running simp0 with N=450, sparsity=2, seed=1729...
      Average Passes: 450.0, Time/Memory: 4.47,4192
Running simp with N=450, sparsity=2, seed=1729...
      Average Passes: 382.7, Time/Memory: 3.79,3108
Running improv with N=450, sparsity=2, seed=1729...
      Average Passes: 68.9, Time/Memory: 0.71,4168
Running simp0 with N=500, sparsity=2, seed=1729...
      Average Passes: 500.0, Time/Memory: 5.48,4192
Running simp with N=500, sparsity=2, seed=1729...
      Average Passes: 429.3, Time/Memory: 4.73,3104
Running improv with N=500, sparsity=2, seed=1729...
      Average Passes: 75.0, Time/Memory: 0.85,4180
Running simp0 with N=550, sparsity=2, seed=1729...
      Average Passes: 550.0, Time/Memory: 6.79,4168
Running simp with N=550, sparsity=2, seed=1729...
      Average Passes: 472.1, Time/Memory: 5.92,3104
Running improv with N=550, sparsity=2, seed=1729...
      Average Passes: 84.2, Time/Memory: 1.08,4192
Running simp0 with N=600, sparsity=2, seed=1729...
      Average Passes: 600.0, Time/Memory: 8.32,3184
Running simp with N=600, sparsity=2, seed=1729...
      Average Passes: 519.9, Time/Memory: 7.19,3108
Running improv with N=600, sparsity=2, seed=1729...
      Average Passes: 81.6, Time/Memory: 1.15,3152
Running simp0 with N=650, sparsity=2, seed=1729...
      Average Passes: 650.0, Time/Memory: 9.97,3108
Running simp with N=650, sparsity=2, seed=1729...
      Average Passes: 566.0, Time/Memory: 8.56,4276
Running improv with N=650, sparsity=2, seed=1729...
      Average Passes: 87.4, Time/Memory: 1.33,3108
Running simp0 with N=700, sparsity=2, seed=1729...
      Average Passes: 700.0, Time/Memory: 11.68,3132
Running simp with N=700, sparsity=2, seed=1729...
      Average Passes: 613.5, Time/Memory: 10.13,3184
Running improv with N=700, sparsity=2, seed=1729...
      Average Passes: 88.6, Time/Memory: 1.49,4168
Running simp0 with N=750, sparsity=2, seed=1729...
      Average Passes: 750.0, Time/Memory: 13.30,3104
Running simp with N=750, sparsity=2, seed=1729...
      Average Passes: 675.8, Time/Memory: 12.07,4196
Running improv with N=750, sparsity=2, seed=1729...
      Average Passes: 74.9, Time/Memory: 1.36,4172
Running simp0 with N=800, sparsity=2, seed=1729...
      Average Passes: 800.0, Time/Memory: 15.05,3128
Running simp with N=800, sparsity=2, seed=1729...
      Average Passes: 717.9, Time/Memory: 14.06,3188
Running improv with N=800, sparsity=2, seed=1729...
      Average Passes: 84.4, Time/Memory: 1.63,4196
Running simp0 with N=850, sparsity=2, seed=1729...
      Average Passes: 850.0, Time/Memory: 17.53,3136
Running simp with N=850, sparsity=2, seed=1729...
      Average Passes: 790.6, Time/Memory: 16.69,3192
Running improv with N=850, sparsity=2, seed=1729...
      Average Passes: 59.1, Time/Memory: 1.25,4192
Running simp0 with N=900, sparsity=2, seed=1729...
      Average Passes: 900.0, Time/Memory: 19.83,3104
Running simp with N=900, sparsity=2, seed=1729...
      Average Passes: 829.2, Time/Memory: 18.15,3108
Running improv with N=900, sparsity=2, seed=1729...
      Average Passes: 71.7, Time/Memory: 1.60,4164
Running simp0 with N=950, sparsity=2, seed=1729...
      Average Passes: 950.0, Time/Memory: 22.17,3108
Graph already exists at: ./input/random_graphs/graph_1000_9965_POWLAW_6230961512046992311.txt
Graph already exists at: ./input/random_graphs/graph_1000_9965_POWLAW_7871178979383552919.txt
Graph already exists at: ./input/random_graphs/graph_1000_9965_POWLAW_5739955973604961613.txt
Graph already exists at: ./input/random_graphs/graph_1000_9965_POWLAW_3881801951614183357.txt
Graph already exists at: ./input/random_graphs/graph_1000_9965_POWLAW_7032710160631691991.txt
Graph already exists at: ./input/random_graphs/graph_1000_9965_POWLAW_7599700178212337699.txt
Graph already exists at: ./input/random_graphs/graph_1000_9965_POWLAW_1353182403971399009.txt
Graph already exists at: ./input/random_graphs/graph_1000_9965_POWLAW_1070244953599069350.txt
Graph already exists at: ./input/random_graphs/graph_1000_9965_POWLAW_6522163754831416203.txt
Graph already exists at: ./input/random_graphs/graph_1000_9965_POWLAW_6938562734920028532.txt
Running simp with N=950, sparsity=2, seed=1729...
      Average Passes: 865.7, Time/Memory: 19.86,4168
Running improv with N=950, sparsity=2, seed=1729...
      Average Passes: 85.9, Time/Memory: 2.01,4168
Running simp0 with N=1000, sparsity=2, seed=1729...
      Average Passes: 1000.0, Time/Memory: 25.08,3108
Running simp with N=1000, sparsity=2, seed=1729...
      Average Passes: 907.3, Time/Memory: 22.04,4168
Running improv with N=1000, sparsity=2, seed=1729...
      Average Passes: 92.6, Time/Memory: 2.30,4192
