Running experiments with 1000 iterations, varying N from 10 to 10,000 and seed token 1729
Running kpath variant 0 with N=10, sparsity=2, seed=1729...
      Average Passes: 2.0, Time/Memory: 0.00,4056
Running kpath variant N with N=10, sparsity=2, seed=1729...
      Average Passes: 1.0, Time/Memory: 0.01,4864
Running klev variant 0 with N=10, sparsity=2, seed=1729...
      Average Passes: 2.0, Time/Memory: 0.02,3960
Running klev variant N with N=10, sparsity=2, seed=1729...
      Average Passes: 1.0, Time/Memory: 0.02,4848
Running kpath variant 0 with N=20, sparsity=2, seed=1729...
      Average Passes: 2.0, Time/Memory: 0.06,3932
Running kpath variant N with N=20, sparsity=2, seed=1729...
      Average Passes: 1.0, Time/Memory: 0.02,5412
Running klev variant 0 with N=20, sparsity=2, seed=1729...
      Average Passes: 3.0, Time/Memory: 0.07,4060
Running klev variant N with N=20, sparsity=2, seed=1729...
      Average Passes: 1.0, Time/Memory: 0.03,5516
Running kpath variant 0 with N=30, sparsity=2, seed=1729...
      Average Passes: 2.0, Time/Memory: 0.09,3976
Running kpath variant N with N=30, sparsity=2, seed=1729...
      Average Passes: 1.0, Time/Memory: 0.03,5972
Running klev variant 0 with N=30, sparsity=2, seed=1729...
      Average Passes: 3.0, Time/Memory: 0.12,3844
Running klev variant N with N=30, sparsity=2, seed=1729...
      Average Passes: 1.0, Time/Memory: 0.04,6100
Running kpath variant 0 with N=40, sparsity=2, seed=1729...
      Average Passes: 2.0, Time/Memory: 0.13,4092
Running kpath variant N with N=40, sparsity=2, seed=1729...
      Average Passes: 1.0, Time/Memory: 0.05,6648
Running klev variant 0 with N=40, sparsity=2, seed=1729...
      Average Passes: 3.01, Time/Memory: 0.17,4216
Running klev variant N with N=40, sparsity=2, seed=1729...
      Average Passes: 1.0, Time/Memory: 0.05,6636
Running kpath variant 0 with N=50, sparsity=2, seed=1729...
      Average Passes: 2.0, Time/Memory: 0.16,4244
Running kpath variant N with N=50, sparsity=2, seed=1729...
      Average Passes: 1.0, Time/Memory: 0.06,7324
Running klev variant 0 with N=50, sparsity=2, seed=1729...
      Average Passes: 3.03, Time/Memory: 0.23,4056
Running klev variant N with N=50, sparsity=2, seed=1729...
      Average Passes: 1.0, Time/Memory: 0.06,7324
Running kpath variant 0 with N=60, sparsity=2, seed=1729...
      Average Passes: 2.01, Time/Memory: 0.19,4044
Running kpath variant N with N=60, sparsity=2, seed=1729...
      Average Passes: 1.0, Time/Memory: 0.08,7628
Running klev variant 0 with N=60, sparsity=2, seed=1729...
      Average Passes: 3.03, Time/Memory: 0.27,4136
Running klev variant N with N=60, sparsity=2, seed=1729...
      Average Passes: 1.0, Time/Memory: 0.07,7552
Running kpath variant 0 with N=70, sparsity=2, seed=1729...
      Average Passes: 2.06, Time/Memory: 0.21,4128
Running kpath variant N with N=70, sparsity=2, seed=1729...
      Average Passes: 1.0, Time/Memory: 0.11,8104
Running klev variant 0 with N=70, sparsity=2, seed=1729...
      Average Passes: 3.03, Time/Memory: 0.35,3864
Running klev variant N with N=70, sparsity=2, seed=1729...
      Average Passes: 1.0, Time/Memory: 0.10,7944
Running kpath variant 0 with N=80, sparsity=2, seed=1729...
      Average Passes: 2.18, Time/Memory: 0.29,4008
Running kpath variant N with N=80, sparsity=2, seed=1729...
      Average Passes: 1.0, Time/Memory: 0.11,8540
Running klev variant 0 with N=80, sparsity=2, seed=1729...
      Average Passes: 3.03, Time/Memory: 0.35,4072
Running klev variant N with N=80, sparsity=2, seed=1729...
      Average Passes: 1.0, Time/Memory: 0.12,8632
Running kpath variant 0 with N=90, sparsity=2, seed=1729...
      Average Passes: 2.28, Time/Memory: 0.35,4128
Running kpath variant N with N=90, sparsity=2, seed=1729...
      Average Passes: 1.0, Time/Memory: 0.12,9144
Running klev variant 0 with N=90, sparsity=2, seed=1729...
      Average Passes: 3.04, Time/Memory: 0.46,4092
Running klev variant N with N=90, sparsity=2, seed=1729...
      Average Passes: 1.0, Time/Memory: 0.12,9136
Running kpath variant 0 with N=100, sparsity=2, seed=1729...
      Average Passes: 2.41, Time/Memory: 0.41,4024
Running kpath variant N with N=100, sparsity=2, seed=1729...
      Average Passes: 1.0, Time/Memory: 0.15,9564
Running klev variant 0 with N=100, sparsity=2, seed=1729...
      Average Passes: 3.04, Time/Memory: 0.53,4004
Running klev variant N with N=100, sparsity=2, seed=1729...
      Average Passes: 1.0, Time/Memory: 0.14,9556
Running kpath variant 0 with N=150, sparsity=2, seed=1729...
      Average Passes: 2.76, Time/Memory: 0.65,4128
Running kpath variant N with N=150, sparsity=2, seed=1729...
      Average Passes: 1.0, Time/Memory: 0.25,12156
Running klev variant 0 with N=150, sparsity=2, seed=1729...
      Average Passes: 3.07, Time/Memory: 0.89,4112
Running klev variant N with N=150, sparsity=2, seed=1729...
      Average Passes: 1.0, Time/Memory: 0.25,12020
Running kpath variant 0 with N=200, sparsity=2, seed=1729...
      Average Passes: 2.82, Time/Memory: 0.98,4156
Running kpath variant N with N=200, sparsity=2, seed=1729...
      Average Passes: 1.0, Time/Memory: 0.35,14688
Running klev variant 0 with N=200, sparsity=2, seed=1729...
      Average Passes: 3.08, Time/Memory: 1.21,4056
Running klev variant N with N=200, sparsity=2, seed=1729...
      Average Passes: 1.0, Time/Memory: 0.33,14616
Running kpath variant 0 with N=250, sparsity=2, seed=1729...
      Average Passes: 2.87, Time/Memory: 1.49,4332
Running kpath variant N with N=250, sparsity=2, seed=1729...
      Average Passes: 1.0, Time/Memory: 0.41,17212
Running klev variant 0 with N=250, sparsity=2, seed=1729...
      Average Passes: 3.12, Time/Memory: 1.63,4176
Running klev variant N with N=250, sparsity=2, seed=1729...
      Average Passes: 1.0, Time/Memory: 0.47,17336
Running kpath variant 0 with N=300, sparsity=2, seed=1729...
      Average Passes: 2.94, Time/Memory: 1.86,4420
Running kpath variant N with N=300, sparsity=2, seed=1729...
      Average Passes: 1.0, Time/Memory: 0.52,20072
Running klev variant 0 with N=300, sparsity=2, seed=1729...
      Average Passes: 3.14, Time/Memory: 2.08,4328
Running klev variant N with N=300, sparsity=2, seed=1729...
      Average Passes: 1.0, Time/Memory: 0.59,20072
Running kpath variant 0 with N=350, sparsity=2, seed=1729...
      Average Passes: 2.98, Time/Memory: 2.35,4540
Running kpath variant N with N=350, sparsity=2, seed=1729...
      Average Passes: 1.0, Time/Memory: 0.73,22840
Running klev variant 0 with N=350, sparsity=2, seed=1729...
      Average Passes: 3.17, Time/Memory: 2.49,4204
Running klev variant N with N=350, sparsity=2, seed=1729...
      Average Passes: 1.0, Time/Memory: 0.70,22724
Running kpath variant 0 with N=400, sparsity=2, seed=1729...
      Average Passes: 3.01, Time/Memory: 2.77,4544
Running kpath variant N with N=400, sparsity=2, seed=1729...
      Average Passes: 1.0, Time/Memory: 0.76,25800
Running klev variant 0 with N=400, sparsity=2, seed=1729...
      Average Passes: 3.17, Time/Memory: 2.88,4284
Running klev variant N with N=400, sparsity=2, seed=1729...
      Average Passes: 1.0, Time/Memory: 0.73,25800
Running kpath variant 0 with N=450, sparsity=2, seed=1729...
      Average Passes: 3.02, Time/Memory: 3.40,4400
Running kpath variant N with N=450, sparsity=2, seed=1729...
      Average Passes: 1.0, Time/Memory: 1.02,28504
Running klev variant 0 with N=450, sparsity=2, seed=1729...
      Average Passes: 3.17, Time/Memory: 2.95,4244
Running klev variant N with N=450, sparsity=2, seed=1729...
      Average Passes: 1.0, Time/Memory: 1.00,28568
Running kpath variant 0 with N=500, sparsity=2, seed=1729...
      Average Passes: 3.06, Time/Memory: 3.90,4732
Running kpath variant N with N=500, sparsity=2, seed=1729...
      Average Passes: 1.0, Time/Memory: 1.10,31576
Running klev variant 0 with N=500, sparsity=2, seed=1729...
      Average Passes: 3.19, Time/Memory: 3.99,4132
Running klev variant N with N=500, sparsity=2, seed=1729...
      Average Passes: 1.0, Time/Memory: 1.12,31684
Running kpath variant 0 with N=600, sparsity=2, seed=1729...
      Average Passes: 3.09, Time/Memory: 4.16,4820
