Graph already exists at: ./input/random_graphs/graph_10000_49995000_UNIFORM_6230961512046992311.txt
Graph already exists at: ./input/random_graphs/graph_10000_49995000_UNIFORM_7871178979383552919.txt
Graph already exists at: ./input/random_graphs/graph_10000_49995000_UNIFORM_5739955973604961613.txt
Graph already exists at: ./input/random_graphs/graph_10000_49995000_UNIFORM_3881801951614183357.txt
Graph already exists at: ./input/random_graphs/graph_10000_49995000_UNIFORM_7032710160631691991.txt
Graph already exists at: ./input/random_graphs/graph_10000_49995000_UNIFORM_7599700178212337699.txt
Graph already exists at: ./input/random_graphs/graph_10000_49995000_UNIFORM_1353182403971399009.txt
Graph already exists at: ./input/random_graphs/graph_10000_49995000_UNIFORM_1070244953599069350.txt
Graph already exists at: ./input/random_graphs/graph_10000_49995000_UNIFORM_6522163754831416203.txt
Graph already exists at: ./input/random_graphs/graph_10000_49995000_UNIFORM_6938562734920028532.txt
Graph already exists at: ./input/random_graphs/graph_10000_49995000_UNIFORM_4040737767143389431.txt
Graph already exists at: ./input/random_graphs/graph_10000_49995000_UNIFORM_1250005700364523649.txt
Graph already exists at: ./input/random_graphs/graph_10000_49995000_UNIFORM_1309542850049879452.txt
Graph already exists at: ./input/random_graphs/graph_10000_49995000_UNIFORM_2429002973740178792.txt
Graph already exists at: ./input/random_graphs/graph_10000_49995000_UNIFORM_7663871783842725848.txt
Graph already exists at: ./input/random_graphs/graph_10000_49995000_UNIFORM_320375091487821987.txt
Graph already exists at: ./input/random_graphs/graph_10000_49995000_UNIFORM_5906957480796939447.txt
Graph already exists at: ./input/random_graphs/graph_10000_49995000_UNIFORM_1250773459040295677.txt
Graph already exists at: ./input/random_graphs/graph_10000_49995000_UNIFORM_7146860528564146064.txt
Graph already exists at: ./input/random_graphs/graph_10000_49995000_UNIFORM_3438400432146115956.txt
Graph already exists at: ./input/random_graphs/graph_10000_49995000_UNIFORM_7473196763798409428.txt
Graph already exists at: ./input/random_graphs/graph_10000_49995000_UNIFORM_5139481885857321791.txt
Graph already exists at: ./input/random_graphs/graph_10000_49995000_UNIFORM_5142811650494845597.txt
Graph already exists at: ./input/random_graphs/graph_10000_49995000_UNIFORM_3010622984418968408.txt
Graph already exists at: ./input/random_graphs/graph_10000_49995000_UNIFORM_6002685213311538187.txt
Graph already exists at: ./input/random_graphs/graph_10000_49995000_UNIFORM_5708372698381010775.txt
Graph already exists at: ./input/random_graphs/graph_10000_49995000_UNIFORM_521787134863155063.txt
Graph already exists at: ./input/random_graphs/graph_10000_49995000_UNIFORM_1731523882129807996.txt
Graph already exists at: ./input/random_graphs/graph_10000_49995000_UNIFORM_1853590723603270879.txt
Graph already exists at: ./input/random_graphs/graph_10000_49995000_UNIFORM_7029781962072644698.txt
Graph already exists at: ./input/random_graphs/graph_10000_49995000_UNIFORM_6785030173969523435.txt
Graph already exists at: ./input/random_graphs/graph_10000_49995000_UNIFORM_5529616217668449934.txt
Graph already exists at: ./input/random_graphs/graph_10000_49995000_UNIFORM_1024517563182776983.txt
Graph already exists at: ./input/random_graphs/graph_10000_49995000_UNIFORM_3224265581699847191.txt
Graph already exists at: ./input/random_graphs/graph_10000_49995000_UNIFORM_5258051056098597521.txt
Graph already exists at: ./input/random_graphs/graph_10000_49995000_UNIFORM_1647170069535670909.txt
Graph already exists at: ./input/random_graphs/graph_10000_49995000_UNIFORM_4122784633514911760.txt
Graph already exists at: ./input/random_graphs/graph_10000_49995000_UNIFORM_7706236040662210848.txt
Graph already exists at: ./input/random_graphs/graph_10000_49995000_UNIFORM_824387247617288499.txt
Graph already exists at: ./input/random_graphs/graph_10000_49995000_UNIFORM_1632192924771168275.txt
Graph already exists at: ./input/random_graphs/graph_10000_49995000_UNIFORM_7161906730445628483.txt
Graph already exists at: ./input/random_graphs/graph_10000_49995000_UNIFORM_6802378520969450157.txt
Graph already exists at: ./input/random_graphs/graph_10000_49995000_UNIFORM_4552998297316576788.txt
Graph already exists at: ./input/random_graphs/graph_10000_49995000_UNIFORM_8031431416522537101.txt
Graph already exists at: ./input/random_graphs/graph_10000_49995000_UNIFORM_6143643868734370809.txt
Graph already exists at: ./input/random_graphs/graph_10000_49995000_UNIFORM_3272308573967577038.txt
Graph already exists at: ./input/random_graphs/graph_10000_49995000_UNIFORM_5636411189175451024.txt
Graph already exists at: ./input/random_graphs/graph_10000_49995000_UNIFORM_5349491008325879064.txt
Graph already exists at: ./input/random_graphs/graph_10000_49995000_UNIFORM_6614505080519948832.txt
Graph already exists at: ./input/random_graphs/graph_10000_49995000_UNIFORM_7938560551762094560.txt
Graph already exists at: ./input/random_graphs/graph_10000_49995000_UNIFORM_7917045922527545890.txt
Graph already exists at: ./input/random_graphs/graph_10000_49995000_UNIFORM_4445925461710302877.txt
Graph already exists at: ./input/random_graphs/graph_10000_49995000_UNIFORM_3865339568260874865.txt
Graph already exists at: ./input/random_graphs/graph_10000_49995000_UNIFORM_7921282862123281598.txt
Graph already exists at: ./input/random_graphs/graph_10000_49995000_UNIFORM_6224222471595207695.txt
Graph already exists at: ./input/random_graphs/graph_10000_49995000_UNIFORM_1128313391724783137.txt
Graph already exists at: ./input/random_graphs/graph_10000_49995000_UNIFORM_716820155901718944.txt
Graph already exists at: ./input/random_graphs/graph_10000_49995000_UNIFORM_8718380604043999642.txt
Graph already exists at: ./input/random_graphs/graph_10000_49995000_UNIFORM_5063475852268941542.txt
Graph already exists at: ./input/random_graphs/graph_10000_49995000_UNIFORM_4997514996153925447.txt
Graph already exists at: ./input/random_graphs/graph_10000_49995000_UNIFORM_8446481348147407377.txt
Graph already exists at: ./input/random_graphs/graph_10000_49995000_UNIFORM_3817405844514670994.txt
Graph already exists at: ./input/random_graphs/graph_10000_49995000_UNIFORM_6529943913552561417.txt
Graph already exists at: ./input/random_graphs/graph_10000_49995000_UNIFORM_2909934787168262407.txt
Graph already exists at: ./input/random_graphs/graph_10000_49995000_UNIFORM_1170385908854608748.txt
Graph already exists at: ./input/random_graphs/graph_10000_49995000_UNIFORM_6022436717541034636.txt
Graph already exists at: ./input/random_graphs/graph_10000_49995000_UNIFORM_199422815561151340.txt
Graph already exists at: ./input/random_graphs/graph_10000_49995000_UNIFORM_3713827327871807734.txt
Graph already exists at: ./input/random_graphs/graph_10000_49995000_UNIFORM_175493991617213850.txt
Graph already exists at: ./input/random_graphs/graph_10000_49995000_UNIFORM_5108599054664628607.txt
Graph already exists at: ./input/random_graphs/graph_10000_49995000_UNIFORM_6764066939395682287.txt
Graph already exists at: ./input/random_graphs/graph_10000_49995000_UNIFORM_9130666990809746335.txt
Graph already exists at: ./input/random_graphs/graph_10000_49995000_UNIFORM_7644420139408884785.txt
Graph already exists at: ./input/random_graphs/graph_10000_49995000_UNIFORM_1458186392400727732.txt
Graph already exists at: ./input/random_graphs/graph_10000_49995000_UNIFORM_1392892770529522614.txt
Graph already exists at: ./input/random_graphs/graph_10000_49995000_UNIFORM_9060210648189963449.txt
Graph already exists at: ./input/random_graphs/graph_10000_49995000_UNIFORM_4250897495980125004.txt
Graph already exists at: ./input/random_graphs/graph_10000_49995000_UNIFORM_8794274795737982182.txt
Graph already exists at: ./input/random_graphs/graph_10000_49995000_UNIFORM_2089506265998900862.txt
Graph already exists at: ./input/random_graphs/graph_10000_49995000_UNIFORM_5497874167834979553.txt
Graph already exists at: ./input/random_graphs/graph_10000_49995000_UNIFORM_4060584409398689268.txt
Graph already exists at: ./input/random_graphs/graph_10000_49995000_UNIFORM_1332005502874566195.txt
Graph already exists at: ./input/random_graphs/graph_10000_49995000_UNIFORM_1722224698700348310.txt
Graph already exists at: ./input/random_graphs/graph_10000_49995000_UNIFORM_8626102704817790064.txt
Graph already exists at: ./input/random_graphs/graph_10000_49995000_UNIFORM_7905487461282246979.txt
Graph already exists at: ./input/random_graphs/graph_10000_49995000_UNIFORM_8448596294177070022.txt
Graph already exists at: ./input/random_graphs/graph_10000_49995000_UNIFORM_4795749165124911768.txt
Graph already exists at: ./input/random_graphs/graph_10000_49995000_UNIFORM_4934890601268679176.txt
Graph already exists at: ./input/random_graphs/graph_10000_49995000_UNIFORM_1992204328026194281.txt
Graph already exists at: ./input/random_graphs/graph_10000_49995000_UNIFORM_7118744415197196276.txt
Graph already exists at: ./input/random_graphs/graph_10000_49995000_UNIFORM_2718103348384927511.txt
Graph already exists at: ./input/random_graphs/graph_10000_49995000_UNIFORM_9059990922233379852.txt
Graph already exists at: ./input/random_graphs/graph_10000_49995000_UNIFORM_7449662661572224354.txt
Graph already exists at: ./input/random_graphs/graph_10000_49995000_UNIFORM_3221421291694197220.txt
Graph already exists at: ./input/random_graphs/graph_10000_49995000_UNIFORM_8867616339855336876.txt
Graph already exists at: ./input/random_graphs/graph_10000_49995000_UNIFORM_5894893360759659423.txt
Graph already exists at: ./input/random_graphs/graph_10000_49995000_UNIFORM_7983805977214098674.txt
Graph already exists at: ./input/random_graphs/graph_10000_49995000_UNIFORM_4940913311242578590.txt
Graph already exists at: ./input/random_graphs/graph_10000_49995000_UNIFORM_2264398621601381987.txt
Graph already exists at: ./input/random_graphs/graph_10000_49995000_UNIFORM_7632458674696225362.txt
Running VARK with 100 iterations, for N = 10000 and sparsity code 4 for k from 1 to N and seed token 1729
Created: ./results/random_v2/VARK/UNIFORM/N2/kLev/kLev2_N2_seed_1729_itr_100_20251028_155538.csv
Created: ./results/random_v2/VARK/UNIFORM/N2/kLev/kLevN_N2_seed_1729_itr_100_20251028_155538.csv
Generating 100 graph(s) with N=10000, sparsity=4, seed=1729...
Running FIXNM with kLev2 for N=10000, sparsity=4, k=1, seed=1729...
      Average Passes: 2.0, Time/Memory: 4667.82,7204
Running FIXNM with kLev2 for N=10000, sparsity=4, k=2, seed=1729...
      Average Passes: 2.0, Time/Memory: 4160.62,8228
Running FIXNM with kLev2 for N=10000, sparsity=4, k=3, seed=1729...
      Average Passes: 2.0, Time/Memory: 3974.63,10276
Running FIXNM with kLev2 for N=10000, sparsity=4, k=4, seed=1729...
      Average Passes: 2.0, Time/Memory: 3856.63,10276
Running FIXNM with kLev2 for N=10000, sparsity=4, k=5, seed=1729...
      Average Passes: 2.0, Time/Memory: 3818.60,11300
Running FIXNM with kLev2 for N=10000, sparsity=4, k=6, seed=1729...
      Average Passes: 2.0, Time/Memory: 3852.45,14372
Running FIXNM with kLev2 for N=10000, sparsity=4, k=7, seed=1729...
      Average Passes: 2.0, Time/Memory: 3874.97,13348
Running FIXNM with kLev2 for N=10000, sparsity=4, k=8, seed=1729...
      Average Passes: 2.0, Time/Memory: 3847.17,15396
Running FIXNM with kLev2 for N=10000, sparsity=4, k=9, seed=1729...
      Average Passes: 2.0, Time/Memory: 3806.07,16444
Running FIXNM with kLev2 for N=10000, sparsity=4, k=10, seed=1729...
      Average Passes: 2.0, Time/Memory: 3830.84,16492
Running FIXNM with kLev2 for N=10000, sparsity=4, k=12, seed=1729...
      Average Passes: 2.0, Time/Memory: 3848.70,20228
Running FIXNM with kLev2 for N=10000, sparsity=4, k=14, seed=1729...
      Average Passes: 2.0, Time/Memory: 3821.45,24004
Running FIXNM with kLev2 for N=10000, sparsity=4, k=16, seed=1729...
      Average Passes: 2.0, Time/Memory: 3880.63,26132
Running FIXNM with kLev2 for N=10000, sparsity=4, k=18, seed=1729...
      Average Passes: 2.0, Time/Memory: 3844.14,28580
Running FIXNM with kLev2 for N=10000, sparsity=4, k=20, seed=1729...
      Average Passes: 2.0, Time/Memory: 3921.79,26452
Running FIXNM with kLev2 for N=10000, sparsity=4, k=25, seed=1729...
      Average Passes: 2.0, Time/Memory: 3893.69,31000
Running FIXNM with kLev2 for N=10000, sparsity=4, k=30, seed=1729...
      Average Passes: 2.0, Time/Memory: 3988.50,36344
Running FIXNM with kLev2 for N=10000, sparsity=4, k=35, seed=1729...
      Average Passes: 2.0, Time/Memory: 4056.63,40008
Running FIXNM with kLev2 for N=10000, sparsity=4, k=40, seed=1729...
      Average Passes: 2.0, Time/Memory: 4102.01,50608
Running FIXNM with kLev2 for N=10000, sparsity=4, k=45, seed=1729...
      Average Passes: 2.0, Time/Memory: 4086.46,57804
Running FIXNM with kLev2 for N=10000, sparsity=4, k=50, seed=1729...
      Average Passes: 2.0, Time/Memory: 4116.96,66484
Running FIXNM with kLev2 for N=10000, sparsity=4, k=60, seed=1729...
      Average Passes: 2.0, Time/Memory: 4234.10,64424
Running FIXNM with kLev2 for N=10000, sparsity=4, k=70, seed=1729...
      Average Passes: 2.0, Time/Memory: 4316.89,87136
Running FIXNM with kLev2 for N=10000, sparsity=4, k=80, seed=1729...
      Average Passes: 2.0, Time/Memory: 4491.77,88444
Running FIXNM with kLev2 for N=10000, sparsity=4, k=90, seed=1729...
      Average Passes: 2.0, Time/Memory: 4528.24,110712
Running FIXNM with kLev2 for N=10000, sparsity=4, k=100, seed=1729...
      Average Passes: 2.0, Time/Memory: 4684.89,110052
Running FIXNM with kLev2 for N=10000, sparsity=4, k=150, seed=1729...
      Average Passes: 2.0, Time/Memory: 4976.29,147160
Running FIXNM with kLev2 for N=10000, sparsity=4, k=200, seed=1729...
      Average Passes: 2.0, Time/Memory: 5254.94,195020
Running FIXNM with kLev2 for N=10000, sparsity=4, k=250, seed=1729...
      Average Passes: 2.0, Time/Memory: 5852.53,240448
Running FIXNM with kLev2 for N=10000, sparsity=4, k=300, seed=1729...
      Average Passes: 2.0, Time/Memory: 6026.98,307068
Running FIXNM with kLev2 for N=10000, sparsity=4, k=400, seed=1729...
      Average Passes: 2.0, Time/Memory: 6620.95,382672
Running FIXNM with kLev2 for N=10000, sparsity=4, k=500, seed=1729...
      Average Passes: 2.0, Time/Memory: 7234.21,477716
Running FIXNM with kLev2 for N=10000, sparsity=4, k=750, seed=1729...
      Average Passes: 2.0, Time/Memory: 8544.62,708412
Running FIXNM with kLev2 for N=10000, sparsity=4, k=1000, seed=1729...
      Average Passes: 2.0, Time/Memory: 9813.08,945544
Running FIXNM with kLev2 for N=10000, sparsity=4, k=1500, seed=1729...
      Average Passes: 1.94, Time/Memory: 11875.55,1414728
Running FIXNM with kLev2 for N=10000, sparsity=4, k=2000, seed=1729...
      Average Passes: 1.79, Time/Memory: 13868.62,1881628
Running FIXNM with kLev2 for N=10000, sparsity=4, k=2500, seed=1729...
      Average Passes: 1.48, Time/Memory: 16755.77,2350592
Running FIXNM with kLev2 for N=10000, sparsity=4, k=3000, seed=1729...
      Average Passes: 1.32, Time/Memory: 17089.58,2819320
Running FIXNM with kLev2 for N=10000, sparsity=4, k=4000, seed=1729...
      Average Passes: 1.06, Time/Memory: 18514.94,3760164
Running FIXNM with kLev2 for N=10000, sparsity=4, k=5000, seed=1729...
      Average Passes: 1.0, Time/Memory: 1331.87,1362772
Running FIXNM with kLev2 for N=10000, sparsity=4, k=7500, seed=1729...
      Average Passes: 1.0, Time/Memory: 1308.78,1364060
Running FIXNM with kLev2 for N=10000, sparsity=4, k=10000, seed=1729...
      Average Passes: 1.0, Time/Memory: 1321.99,1362060
Running FIXNM with kLevN for N=10000, sparsity=4, k=1, seed=1729...
      Average Passes: 2.0, Time/Memory: 4309.15,8228
Running FIXNM with kLevN for N=10000, sparsity=4, k=2, seed=1729...
      Average Passes: 2.0, Time/Memory: 3991.44,8256
Running FIXNM with kLevN for N=10000, sparsity=4, k=3, seed=1729...
      Average Passes: 2.0, Time/Memory: 3921.27,10300
Running FIXNM with kLevN for N=10000, sparsity=4, k=4, seed=1729...
      Average Passes: 1.6, Time/Memory: 3345.69,11300
Running FIXNM with kLevN for N=10000, sparsity=4, k=5, seed=1729...
      Average Passes: 1.15, Time/Memory: 2767.21,12352
Running FIXNM with kLevN for N=10000, sparsity=4, k=6, seed=1729...
      Average Passes: 1.01, Time/Memory: 2587.15,12324
Running FIXNM with kLevN for N=10000, sparsity=4, k=7, seed=1729...
      Average Passes: 1.0, Time/Memory: 2575.45,12324
Running FIXNM with kLevN for N=10000, sparsity=4, k=8, seed=1729...
      Average Passes: 1.0, Time/Memory: 2603.03,13348
Running FIXNM with kLevN for N=10000, sparsity=4, k=9, seed=1729...
      Average Passes: 1.0, Time/Memory: 2559.36,12356
Running FIXNM with kLevN for N=10000, sparsity=4, k=10, seed=1729...
      Average Passes: 1.0, Time/Memory: 2562.32,12324
Running FIXNM with kLevN for N=10000, sparsity=4, k=12, seed=1729...
      Average Passes: 1.0, Time/Memory: 2549.09,13348
Running FIXNM with kLevN for N=10000, sparsity=4, k=14, seed=1729...
      Average Passes: 1.0, Time/Memory: 2584.22,12332
Running FIXNM with kLevN for N=10000, sparsity=4, k=16, seed=1729...
      Average Passes: 1.0, Time/Memory: 2559.82,13348
Running FIXNM with kLevN for N=10000, sparsity=4, k=18, seed=1729...
      Average Passes: 1.0, Time/Memory: 2578.57,12352
Running FIXNM with kLevN for N=10000, sparsity=4, k=20, seed=1729...
      Average Passes: 1.0, Time/Memory: 2541.12,12320
Running FIXNM with kLevN for N=10000, sparsity=4, k=25, seed=1729...
      Average Passes: 1.0, Time/Memory: 2597.84,12324
Running FIXNM with kLevN for N=10000, sparsity=4, k=30, seed=1729...
      Average Passes: 1.0, Time/Memory: 2567.00,12436
Running FIXNM with kLevN for N=10000, sparsity=4, k=35, seed=1729...
      Average Passes: 1.0, Time/Memory: 2556.58,12324
Running FIXNM with kLevN for N=10000, sparsity=4, k=40, seed=1729...
      Average Passes: 1.0, Time/Memory: 2573.73,13368
Running FIXNM with kLevN for N=10000, sparsity=4, k=45, seed=1729...
      Average Passes: 1.0, Time/Memory: 2547.27,12412
Running FIXNM with kLevN for N=10000, sparsity=4, k=50, seed=1729...
      Average Passes: 1.0, Time/Memory: 2594.14,12360
Running FIXNM with kLevN for N=10000, sparsity=4, k=60, seed=1729...
      Average Passes: 1.0, Time/Memory: 2563.43,12352
Running FIXNM with kLevN for N=10000, sparsity=4, k=70, seed=1729...
      Average Passes: 1.0, Time/Memory: 2579.70,12324
Running FIXNM with kLevN for N=10000, sparsity=4, k=80, seed=1729...
      Average Passes: 1.0, Time/Memory: 2581.29,12336
Running FIXNM with kLevN for N=10000, sparsity=4, k=90, seed=1729...
      Average Passes: 1.0, Time/Memory: 2591.52,12324
Running FIXNM with kLevN for N=10000, sparsity=4, k=100, seed=1729...
      Average Passes: 1.0, Time/Memory: 2606.37,12324
Running FIXNM with kLevN for N=10000, sparsity=4, k=150, seed=1729...
      Average Passes: 1.0, Time/Memory: 2588.98,12352
Running FIXNM with kLevN for N=10000, sparsity=4, k=200, seed=1729...
      Average Passes: 1.0, Time/Memory: 2597.51,12324
Running FIXNM with kLevN for N=10000, sparsity=4, k=250, seed=1729...
      Average Passes: 1.0, Time/Memory: 2623.01,12320
Running FIXNM with kLevN for N=10000, sparsity=4, k=300, seed=1729...
      Average Passes: 1.0, Time/Memory: 2599.21,14376
Running FIXNM with kLevN for N=10000, sparsity=4, k=400, seed=1729...
      Average Passes: 1.0, Time/Memory: 2572.26,11356
Running FIXNM with kLevN for N=10000, sparsity=4, k=500, seed=1729...
      Average Passes: 1.0, Time/Memory: 2572.80,12324
Running FIXNM with kLevN for N=10000, sparsity=4, k=750, seed=1729...
      Average Passes: 1.0, Time/Memory: 2559.04,13376
Running FIXNM with kLevN for N=10000, sparsity=4, k=1000, seed=1729...
      Average Passes: 1.0, Time/Memory: 2566.95,14396
Running FIXNM with kLevN for N=10000, sparsity=4, k=1500, seed=1729...
      Average Passes: 1.0, Time/Memory: 2587.51,13348
Running FIXNM with kLevN for N=10000, sparsity=4, k=2000, seed=1729...
      Average Passes: 1.0, Time/Memory: 2577.94,12324
Running FIXNM with kLevN for N=10000, sparsity=4, k=2500, seed=1729...
      Average Passes: 1.0, Time/Memory: 2577.59,13376
Running FIXNM with kLevN for N=10000, sparsity=4, k=3000, seed=1729...
      Average Passes: 1.0, Time/Memory: 2591.04,12376
Running FIXNM with kLevN for N=10000, sparsity=4, k=4000, seed=1729...
      Average Passes: 1.0, Time/Memory: 2578.21,12324
Running FIXNM with kLevN for N=10000, sparsity=4, k=5000, seed=1729...
      Average Passes: 1.0, Time/Memory: 1344.09,1358404
Running FIXNM with kLevN for N=10000, sparsity=4, k=7500, seed=1729...
      Average Passes: 1.0, Time/Memory: 1346.79,1359252
Running FIXNM with kLevN for N=10000, sparsity=4, k=10000, seed=1729...
      Average Passes: 1.0, Time/Memory: 1319.91,1361924
