Graph already exists at: ./input/random_graphs/graph_10000_49995000_UNIFORM_6230961512046992311.txt
Graph already exists at: ./input/random_graphs/graph_10000_49995000_UNIFORM_7871178979383552919.txt
Graph already exists at: ./input/random_graphs/graph_10000_49995000_UNIFORM_5739955973604961613.txt
Graph already exists at: ./input/random_graphs/graph_10000_49995000_UNIFORM_3881801951614183357.txt
Graph already exists at: ./input/random_graphs/graph_10000_49995000_UNIFORM_7032710160631691991.txt
Graph already exists at: ./input/random_graphs/graph_10000_49995000_UNIFORM_7599700178212337699.txt
Graph already exists at: ./input/random_graphs/graph_10000_49995000_UNIFORM_1353182403971399009.txt
Graph already exists at: ./input/random_graphs/graph_10000_49995000_UNIFORM_1070244953599069350.txt
Graph already exists at: ./input/random_graphs/graph_10000_49995000_UNIFORM_6522163754831416203.txt
Graph already exists at: ./input/random_graphs/graph_10000_49995000_UNIFORM_6938562734920028532.txt
Graph already exists at: ./input/random_graphs/graph_10000_49995000_UNIFORM_4040737767143389431.txt
Graph already exists at: ./input/random_graphs/graph_10000_49995000_UNIFORM_1250005700364523649.txt
Graph already exists at: ./input/random_graphs/graph_10000_49995000_UNIFORM_1309542850049879452.txt
Graph already exists at: ./input/random_graphs/graph_10000_49995000_UNIFORM_2429002973740178792.txt
Graph already exists at: ./input/random_graphs/graph_10000_49995000_UNIFORM_7663871783842725848.txt
Graph already exists at: ./input/random_graphs/graph_10000_49995000_UNIFORM_320375091487821987.txt
Graph already exists at: ./input/random_graphs/graph_10000_49995000_UNIFORM_5906957480796939447.txt
Graph already exists at: ./input/random_graphs/graph_10000_49995000_UNIFORM_1250773459040295677.txt
Graph already exists at: ./input/random_graphs/graph_10000_49995000_UNIFORM_7146860528564146064.txt
Graph already exists at: ./input/random_graphs/graph_10000_49995000_UNIFORM_3438400432146115956.txt
Graph already exists at: ./input/random_graphs/graph_10000_49995000_UNIFORM_7473196763798409428.txt
Graph already exists at: ./input/random_graphs/graph_10000_49995000_UNIFORM_5139481885857321791.txt
Graph already exists at: ./input/random_graphs/graph_10000_49995000_UNIFORM_5142811650494845597.txt
Graph already exists at: ./input/random_graphs/graph_10000_49995000_UNIFORM_3010622984418968408.txt
Graph already exists at: ./input/random_graphs/graph_10000_49995000_UNIFORM_6002685213311538187.txt
Graph already exists at: ./input/random_graphs/graph_10000_49995000_UNIFORM_5708372698381010775.txt
Graph already exists at: ./input/random_graphs/graph_10000_49995000_UNIFORM_521787134863155063.txt
Graph already exists at: ./input/random_graphs/graph_10000_49995000_UNIFORM_1731523882129807996.txt
Graph already exists at: ./input/random_graphs/graph_10000_49995000_UNIFORM_1853590723603270879.txt
Graph already exists at: ./input/random_graphs/graph_10000_49995000_UNIFORM_7029781962072644698.txt
Graph already exists at: ./input/random_graphs/graph_10000_49995000_UNIFORM_6785030173969523435.txt
Graph already exists at: ./input/random_graphs/graph_10000_49995000_UNIFORM_5529616217668449934.txt
Graph already exists at: ./input/random_graphs/graph_10000_49995000_UNIFORM_1024517563182776983.txt
Graph already exists at: ./input/random_graphs/graph_10000_49995000_UNIFORM_3224265581699847191.txt
Graph already exists at: ./input/random_graphs/graph_10000_49995000_UNIFORM_5258051056098597521.txt
Graph already exists at: ./input/random_graphs/graph_10000_49995000_UNIFORM_1647170069535670909.txt
Graph already exists at: ./input/random_graphs/graph_10000_49995000_UNIFORM_4122784633514911760.txt
Graph already exists at: ./input/random_graphs/graph_10000_49995000_UNIFORM_7706236040662210848.txt
Graph already exists at: ./input/random_graphs/graph_10000_49995000_UNIFORM_824387247617288499.txt
Graph already exists at: ./input/random_graphs/graph_10000_49995000_UNIFORM_1632192924771168275.txt
Graph already exists at: ./input/random_graphs/graph_10000_49995000_UNIFORM_7161906730445628483.txt
Graph already exists at: ./input/random_graphs/graph_10000_49995000_UNIFORM_6802378520969450157.txt
Graph already exists at: ./input/random_graphs/graph_10000_49995000_UNIFORM_4552998297316576788.txt
Graph already exists at: ./input/random_graphs/graph_10000_49995000_UNIFORM_8031431416522537101.txt
Graph already exists at: ./input/random_graphs/graph_10000_49995000_UNIFORM_6143643868734370809.txt
Graph already exists at: ./input/random_graphs/graph_10000_49995000_UNIFORM_3272308573967577038.txt
Graph already exists at: ./input/random_graphs/graph_10000_49995000_UNIFORM_5636411189175451024.txt
Graph already exists at: ./input/random_graphs/graph_10000_49995000_UNIFORM_5349491008325879064.txt
Graph already exists at: ./input/random_graphs/graph_10000_49995000_UNIFORM_6614505080519948832.txt
Graph already exists at: ./input/random_graphs/graph_10000_49995000_UNIFORM_7938560551762094560.txt
Graph already exists at: ./input/random_graphs/graph_10000_49995000_UNIFORM_7917045922527545890.txt
Graph already exists at: ./input/random_graphs/graph_10000_49995000_UNIFORM_4445925461710302877.txt
Graph already exists at: ./input/random_graphs/graph_10000_49995000_UNIFORM_3865339568260874865.txt
Graph already exists at: ./input/random_graphs/graph_10000_49995000_UNIFORM_7921282862123281598.txt
Graph already exists at: ./input/random_graphs/graph_10000_49995000_UNIFORM_6224222471595207695.txt
Graph already exists at: ./input/random_graphs/graph_10000_49995000_UNIFORM_1128313391724783137.txt
Graph already exists at: ./input/random_graphs/graph_10000_49995000_UNIFORM_716820155901718944.txt
Graph already exists at: ./input/random_graphs/graph_10000_49995000_UNIFORM_8718380604043999642.txt
Graph already exists at: ./input/random_graphs/graph_10000_49995000_UNIFORM_5063475852268941542.txt
Graph already exists at: ./input/random_graphs/graph_10000_49995000_UNIFORM_4997514996153925447.txt
Graph already exists at: ./input/random_graphs/graph_10000_49995000_UNIFORM_8446481348147407377.txt
Graph already exists at: ./input/random_graphs/graph_10000_49995000_UNIFORM_3817405844514670994.txt
Graph already exists at: ./input/random_graphs/graph_10000_49995000_UNIFORM_6529943913552561417.txt
Graph already exists at: ./input/random_graphs/graph_10000_49995000_UNIFORM_2909934787168262407.txt
Graph already exists at: ./input/random_graphs/graph_10000_49995000_UNIFORM_1170385908854608748.txt
Graph already exists at: ./input/random_graphs/graph_10000_49995000_UNIFORM_6022436717541034636.txt
Graph already exists at: ./input/random_graphs/graph_10000_49995000_UNIFORM_199422815561151340.txt
Graph already exists at: ./input/random_graphs/graph_10000_49995000_UNIFORM_3713827327871807734.txt
Graph already exists at: ./input/random_graphs/graph_10000_49995000_UNIFORM_175493991617213850.txt
Graph already exists at: ./input/random_graphs/graph_10000_49995000_UNIFORM_5108599054664628607.txt
Graph already exists at: ./input/random_graphs/graph_10000_49995000_UNIFORM_6764066939395682287.txt
Graph already exists at: ./input/random_graphs/graph_10000_49995000_UNIFORM_9130666990809746335.txt
Graph already exists at: ./input/random_graphs/graph_10000_49995000_UNIFORM_7644420139408884785.txt
Graph already exists at: ./input/random_graphs/graph_10000_49995000_UNIFORM_1458186392400727732.txt
Graph already exists at: ./input/random_graphs/graph_10000_49995000_UNIFORM_1392892770529522614.txt
Graph already exists at: ./input/random_graphs/graph_10000_49995000_UNIFORM_9060210648189963449.txt
Graph already exists at: ./input/random_graphs/graph_10000_49995000_UNIFORM_4250897495980125004.txt
Graph already exists at: ./input/random_graphs/graph_10000_49995000_UNIFORM_8794274795737982182.txt
Graph already exists at: ./input/random_graphs/graph_10000_49995000_UNIFORM_2089506265998900862.txt
Graph already exists at: ./input/random_graphs/graph_10000_49995000_UNIFORM_5497874167834979553.txt
Graph already exists at: ./input/random_graphs/graph_10000_49995000_UNIFORM_4060584409398689268.txt
Graph already exists at: ./input/random_graphs/graph_10000_49995000_UNIFORM_1332005502874566195.txt
Graph already exists at: ./input/random_graphs/graph_10000_49995000_UNIFORM_1722224698700348310.txt
Graph already exists at: ./input/random_graphs/graph_10000_49995000_UNIFORM_8626102704817790064.txt
Graph already exists at: ./input/random_graphs/graph_10000_49995000_UNIFORM_7905487461282246979.txt
Graph already exists at: ./input/random_graphs/graph_10000_49995000_UNIFORM_8448596294177070022.txt
Graph already exists at: ./input/random_graphs/graph_10000_49995000_UNIFORM_4795749165124911768.txt
Graph already exists at: ./input/random_graphs/graph_10000_49995000_UNIFORM_4934890601268679176.txt
Graph already exists at: ./input/random_graphs/graph_10000_49995000_UNIFORM_1992204328026194281.txt
Graph already exists at: ./input/random_graphs/graph_10000_49995000_UNIFORM_7118744415197196276.txt
Graph already exists at: ./input/random_graphs/graph_10000_49995000_UNIFORM_2718103348384927511.txt
Graph already exists at: ./input/random_graphs/graph_10000_49995000_UNIFORM_9059990922233379852.txt
Graph already exists at: ./input/random_graphs/graph_10000_49995000_UNIFORM_7449662661572224354.txt
Graph already exists at: ./input/random_graphs/graph_10000_49995000_UNIFORM_3221421291694197220.txt
Graph already exists at: ./input/random_graphs/graph_10000_49995000_UNIFORM_8867616339855336876.txt
Graph already exists at: ./input/random_graphs/graph_10000_49995000_UNIFORM_5894893360759659423.txt
Graph already exists at: ./input/random_graphs/graph_10000_49995000_UNIFORM_7983805977214098674.txt
Graph already exists at: ./input/random_graphs/graph_10000_49995000_UNIFORM_4940913311242578590.txt
Graph already exists at: ./input/random_graphs/graph_10000_49995000_UNIFORM_2264398621601381987.txt
Graph already exists at: ./input/random_graphs/graph_10000_49995000_UNIFORM_7632458674696225362.txt
Running VARK with 100 iterations, for N = 10000 and sparsity code 4 for k from 1 to N and seed token 1729
Created: ./results/random_v2/VARK/UNIFORM/N2/kPath/kPath0_N2_seed_1729_itr_100_20251003_084320.csv
Created: ./results/random_v2/VARK/UNIFORM/N2/kPath/kPath1_N2_seed_1729_itr_100_20251003_084320.csv
Created: ./results/random_v2/VARK/UNIFORM/N2/kPath/kPath2_N2_seed_1729_itr_100_20251003_084320.csv
Created: ./results/random_v2/VARK/UNIFORM/N2/kPath/kPathN_N2_seed_1729_itr_100_20251003_084320.csv
Created: ./results/random_v2/VARK/UNIFORM/N2/kLev/kLev0_N2_seed_1729_itr_100_20251003_084320.csv
Created: ./results/random_v2/VARK/UNIFORM/N2/kLev/kLev1_N2_seed_1729_itr_100_20251003_084320.csv
Created: ./results/random_v2/VARK/UNIFORM/N2/kLev/kLev2_N2_seed_1729_itr_100_20251003_084320.csv
Created: ./results/random_v2/VARK/UNIFORM/N2/kLev/kLevN_N2_seed_1729_itr_100_20251003_084320.csv
Generating 100 graph(s) with N=10000, sparsity=4, seed=1729...
Running FIXNM with kPath0 for N=10000, sparsity=4, k=1, seed=1729...
      Average Passes: 154.02, Time/Memory: 190487.85,6180
Running FIXNM with kPath0 for N=10000, sparsity=4, k=2, seed=1729...
      Average Passes: 20.8, Time/Memory: 25615.12,7724
Running FIXNM with kPath0 for N=10000, sparsity=4, k=3, seed=1729...
      Average Passes: 9.36, Time/Memory: 11551.85,10172
Running FIXNM with kPath0 for N=10000, sparsity=4, k=4, seed=1729...
      Average Passes: 7.13, Time/Memory: 8842.17,11280
Running FIXNM with kPath0 for N=10000, sparsity=4, k=5, seed=1729...
      Average Passes: 6.2, Time/Memory: 7632.51,12604
Running FIXNM with kPath0 for N=10000, sparsity=4, k=6, seed=1729...
      Average Passes: 5.87, Time/Memory: 7234.49,13348
Running FIXNM with kPath0 for N=10000, sparsity=4, k=7, seed=1729...
      Average Passes: 5.28, Time/Memory: 6539.22,13344
Running FIXNM with kPath0 for N=10000, sparsity=4, k=8, seed=1729...
      Average Passes: 5.01, Time/Memory: 6316.64,14848
Running FIXNM with kPath0 for N=10000, sparsity=4, k=9, seed=1729...
      Average Passes: 5.0, Time/Memory: 6096.87,15320
Running FIXNM with kPath0 for N=10000, sparsity=4, k=10, seed=1729...
      Average Passes: 4.95, Time/Memory: 6149.21,16420
Running FIXNM with kPath0 for N=10000, sparsity=4, k=12, seed=1729...
      Average Passes: 4.62, Time/Memory: 5801.45,18952
Running FIXNM with kPath0 for N=10000, sparsity=4, k=14, seed=1729...
      Average Passes: 4.24, Time/Memory: 5323.33,19540
Running FIXNM with kPath0 for N=10000, sparsity=4, k=16, seed=1729...
      Average Passes: 4.02, Time/Memory: 5018.36,22596
Running FIXNM with kPath0 for N=10000, sparsity=4, k=18, seed=1729...
      Average Passes: 4.0, Time/Memory: 5200.16,23588
Running FIXNM with kPath0 for N=10000, sparsity=4, k=20, seed=1729...
      Average Passes: 4.0, Time/Memory: 4954.95,26696
Running FIXNM with kPath0 for N=10000, sparsity=4, k=25, seed=1729...
      Average Passes: 4.0, Time/Memory: 4984.44,29732
Running FIXNM with kPath0 for N=10000, sparsity=4, k=30, seed=1729...
      Average Passes: 3.98, Time/Memory: 4935.69,35088
Running FIXNM with kPath0 for N=10000, sparsity=4, k=35, seed=1729...
      Average Passes: 3.94, Time/Memory: 4914.58,39972
Running FIXNM with kPath0 for N=10000, sparsity=4, k=40, seed=1729...
      Average Passes: 3.88, Time/Memory: 4817.84,45092
Running FIXNM with kPath0 for N=10000, sparsity=4, k=45, seed=1729...
      Average Passes: 3.69, Time/Memory: 4620.75,49188
Running FIXNM with kPath0 for N=10000, sparsity=4, k=50, seed=1729...
      Average Passes: 3.51, Time/Memory: 4365.27,53948
Running FIXNM with kPath0 for N=10000, sparsity=4, k=60, seed=1729...
      Average Passes: 3.07, Time/Memory: 3871.86,63524
Running FIXNM with kPath0 for N=10000, sparsity=4, k=70, seed=1729...
      Average Passes: 3.0, Time/Memory: 3818.28,72512
Running FIXNM with kPath0 for N=10000, sparsity=4, k=80, seed=1729...
      Average Passes: 3.0, Time/Memory: 3835.00,83216
Running FIXNM with kPath0 for N=10000, sparsity=4, k=90, seed=1729...
      Average Passes: 3.0, Time/Memory: 3868.44,91756
Running FIXNM with kPath0 for N=10000, sparsity=4, k=100, seed=1729...
      Average Passes: 3.0, Time/Memory: 3824.18,101280
Running FIXNM with kPath0 for N=10000, sparsity=4, k=150, seed=1729...
      Average Passes: 3.0, Time/Memory: 3865.46,148516
Running FIXNM with kPath0 for N=10000, sparsity=4, k=200, seed=1729...
      Average Passes: 3.0, Time/Memory: 3906.09,194596
Running FIXNM with kPath0 for N=10000, sparsity=4, k=250, seed=1729...
      Average Passes: 3.0, Time/Memory: 4104.92,241340
Running FIXNM with kPath0 for N=10000, sparsity=4, k=300, seed=1729...
      Average Passes: 3.0, Time/Memory: 4020.04,287860
Running FIXNM with kPath0 for N=10000, sparsity=4, k=400, seed=1729...
      Average Passes: 3.0, Time/Memory: 4134.31,380964
Running FIXNM with kPath0 for N=10000, sparsity=4, k=500, seed=1729...
      Average Passes: 3.0, Time/Memory: 4199.53,476512
Running FIXNM with kPath0 for N=10000, sparsity=4, k=750, seed=1729...
      Average Passes: 3.0, Time/Memory: 4432.44,711228
Running FIXNM with kPath0 for N=10000, sparsity=4, k=1000, seed=1729...
      Average Passes: 3.0, Time/Memory: 4715.02,944748
Running FIXNM with kPath0 for N=10000, sparsity=4, k=1500, seed=1729...
      Average Passes: 2.96, Time/Memory: 5129.43,1414192
Running FIXNM with kPath0 for N=10000, sparsity=4, k=2000, seed=1729...
      Average Passes: 2.91, Time/Memory: 5596.16,1881796
Running FIXNM with kPath0 for N=10000, sparsity=4, k=2500, seed=1729...
      Average Passes: 2.75, Time/Memory: 6090.10,2351152
Running FIXNM with kPath0 for N=10000, sparsity=4, k=3000, seed=1729...
      Average Passes: 2.58, Time/Memory: 6709.34,2819316
Running FIXNM with kPath0 for N=10000, sparsity=4, k=4000, seed=1729...
      Average Passes: 2.22, Time/Memory: 7427.59,3753136
Running FIXNM with kPath0 for N=10000, sparsity=4, k=5000, seed=1729...
      Average Passes: 2.0, Time/Memory: 8316.28,4695152
Running FIXNM with kPath0 for N=10000, sparsity=4, k=7500, seed=1729...
      Average Passes: 2.0, Time/Memory: 9421.75,4695408
Running FIXNM with kPath0 for N=10000, sparsity=4, k=10000, seed=1729...
      Average Passes: 2.0, Time/Memory: 8910.87,4694792
Running FIXNM with kPath1 for N=10000, sparsity=4, k=1, seed=1729...
      Average Passes: 156.21, Time/Memory: 193630.23,17536
Running FIXNM with kPath1 for N=10000, sparsity=4, k=2, seed=1729...
      Average Passes: 20.97, Time/Memory: 26229.85,8260
Running FIXNM with kPath1 for N=10000, sparsity=4, k=3, seed=1729...
      Average Passes: 9.12, Time/Memory: 11654.75,14080
Running FIXNM with kPath1 for N=10000, sparsity=4, k=4, seed=1729...
      Average Passes: 6.64, Time/Memory: 8327.77,10284
Running FIXNM with kPath1 for N=10000, sparsity=4, k=5, seed=1729...
      Average Passes: 5.57, Time/Memory: 6823.40,11332
Running FIXNM with kPath1 for N=10000, sparsity=4, k=6, seed=1729...
      Average Passes: 4.98, Time/Memory: 6090.24,12368
Running FIXNM with kPath1 for N=10000, sparsity=4, k=7, seed=1729...
      Average Passes: 4.52, Time/Memory: 5635.83,13348
Running FIXNM with kPath1 for N=10000, sparsity=4, k=8, seed=1729...
      Average Passes: 4.01, Time/Memory: 5032.60,14420
Running FIXNM with kPath1 for N=10000, sparsity=4, k=9, seed=1729...
      Average Passes: 4.0, Time/Memory: 5032.45,15396
Running FIXNM with kPath1 for N=10000, sparsity=4, k=10, seed=1729...
      Average Passes: 3.99, Time/Memory: 4992.11,15396
Running FIXNM with kPath1 for N=10000, sparsity=4, k=12, seed=1729...
      Average Passes: 3.85, Time/Memory: 4676.32,17496
Running FIXNM with kPath1 for N=10000, sparsity=4, k=14, seed=1729...
      Average Passes: 3.3, Time/Memory: 4128.46,19492
Running FIXNM with kPath1 for N=10000, sparsity=4, k=16, seed=1729...
      Average Passes: 3.02, Time/Memory: 3736.43,22584
Running FIXNM with kPath1 for N=10000, sparsity=4, k=18, seed=1729...
      Average Passes: 3.0, Time/Memory: 3690.10,23660
Running FIXNM with kPath1 for N=10000, sparsity=4, k=20, seed=1729...
      Average Passes: 3.0, Time/Memory: 3759.16,25712
Running FIXNM with kPath1 for N=10000, sparsity=4, k=25, seed=1729...
      Average Passes: 3.0, Time/Memory: 3817.99,29756
Running FIXNM with kPath1 for N=10000, sparsity=4, k=30, seed=1729...
      Average Passes: 2.99, Time/Memory: 3766.28,34912
Running FIXNM with kPath1 for N=10000, sparsity=4, k=35, seed=1729...
      Average Passes: 2.99, Time/Memory: 3710.69,38984
Running FIXNM with kPath1 for N=10000, sparsity=4, k=40, seed=1729...
      Average Passes: 2.89, Time/Memory: 3655.51,44088
Running FIXNM with kPath1 for N=10000, sparsity=4, k=45, seed=1729...
      Average Passes: 2.79, Time/Memory: 3457.64,49188
Running FIXNM with kPath1 for N=10000, sparsity=4, k=50, seed=1729...
      Average Passes: 2.49, Time/Memory: 3173.78,53344
Running FIXNM with kPath1 for N=10000, sparsity=4, k=60, seed=1729...
      Average Passes: 2.07, Time/Memory: 2645.30,63520
Running FIXNM with kPath1 for N=10000, sparsity=4, k=70, seed=1729...
      Average Passes: 2.0, Time/Memory: 2476.05,71716
Running FIXNM with kPath1 for N=10000, sparsity=4, k=80, seed=1729...
      Average Passes: 2.0, Time/Memory: 2525.54,81988
Running FIXNM with kPath1 for N=10000, sparsity=4, k=90, seed=1729...
      Average Passes: 2.0, Time/Memory: 2552.87,91252
Running FIXNM with kPath1 for N=10000, sparsity=4, k=100, seed=1729...
      Average Passes: 2.0, Time/Memory: 2539.08,99444
Running FIXNM with kPath1 for N=10000, sparsity=4, k=150, seed=1729...
      Average Passes: 2.0, Time/Memory: 2589.39,147576
Running FIXNM with kPath1 for N=10000, sparsity=4, k=200, seed=1729...
      Average Passes: 2.0, Time/Memory: 2699.48,193572
Running FIXNM with kPath1 for N=10000, sparsity=4, k=250, seed=1729...
      Average Passes: 2.0, Time/Memory: 2655.98,240676
Running FIXNM with kPath1 for N=10000, sparsity=4, k=300, seed=1729...
      Average Passes: 2.0, Time/Memory: 2801.98,288832
Running FIXNM with kPath1 for N=10000, sparsity=4, k=400, seed=1729...
      Average Passes: 2.0, Time/Memory: 2829.30,381988
Running FIXNM with kPath1 for N=10000, sparsity=4, k=500, seed=1729...
      Average Passes: 2.0, Time/Memory: 2925.45,475192
Running FIXNM with kPath1 for N=10000, sparsity=4, k=750, seed=1729...
      Average Passes: 2.0, Time/Memory: 3242.89,710692
Running FIXNM with kPath1 for N=10000, sparsity=4, k=1000, seed=1729...
      Average Passes: 2.0, Time/Memory: 3479.19,944616
Running FIXNM with kPath1 for N=10000, sparsity=4, k=1500, seed=1729...
      Average Passes: 1.96, Time/Memory: 3951.42,1413368
Running FIXNM with kPath1 for N=10000, sparsity=4, k=2000, seed=1729...
      Average Passes: 1.85, Time/Memory: 4325.14,1882148
Running FIXNM with kPath1 for N=10000, sparsity=4, k=2500, seed=1729...
      Average Passes: 1.69, Time/Memory: 4661.34,2351140
Running FIXNM with kPath1 for N=10000, sparsity=4, k=3000, seed=1729...
      Average Passes: 1.55, Time/Memory: 5099.88,2817060
Running FIXNM with kPath1 for N=10000, sparsity=4, k=4000, seed=1729...
      Average Passes: 1.17, Time/Memory: 5899.74,3758972
Running FIXNM with kPath1 for N=10000, sparsity=4, k=5000, seed=1729...
      Average Passes: 1.0, Time/Memory: 1339.12,1360796
Running FIXNM with kPath1 for N=10000, sparsity=4, k=7500, seed=1729...
      Average Passes: 1.0, Time/Memory: 1327.71,1361676
Running FIXNM with kPath1 for N=10000, sparsity=4, k=10000, seed=1729...
      Average Passes: 1.0, Time/Memory: 1327.42,1360088
Running FIXNM with kPath2 for N=10000, sparsity=4, k=1, seed=1729...
      Average Passes: 122.18, Time/Memory: 155150.50,6212
Running FIXNM with kPath2 for N=10000, sparsity=4, k=2, seed=1729...
      Average Passes: 8.97, Time/Memory: 11305.75,31540
Running FIXNM with kPath2 for N=10000, sparsity=4, k=3, seed=1729...
      Average Passes: 6.38, Time/Memory: 8092.68,10120
Running FIXNM with kPath2 for N=10000, sparsity=4, k=4, seed=1729...
      Average Passes: 5.36, Time/Memory: 6616.99,11156
Running FIXNM with kPath2 for N=10000, sparsity=4, k=5, seed=1729...
      Average Passes: 4.96, Time/Memory: 6014.07,12168
Running FIXNM with kPath2 for N=10000, sparsity=4, k=6, seed=1729...
      Average Passes: 4.44, Time/Memory: 5470.52,13208
Running FIXNM with kPath2 for N=10000, sparsity=4, k=7, seed=1729...
      Average Passes: 4.0, Time/Memory: 5072.43,14244
Running FIXNM with kPath2 for N=10000, sparsity=4, k=8, seed=1729...
      Average Passes: 4.0, Time/Memory: 5086.66,21372
Running FIXNM with kPath2 for N=10000, sparsity=4, k=9, seed=1729...
      Average Passes: 3.98, Time/Memory: 4893.13,15304
Running FIXNM with kPath2 for N=10000, sparsity=4, k=10, seed=1729...
      Average Passes: 3.9, Time/Memory: 4885.73,16420
Running FIXNM with kPath2 for N=10000, sparsity=4, k=12, seed=1729...
      Average Passes: 3.57, Time/Memory: 4397.25,18336
Running FIXNM with kPath2 for N=10000, sparsity=4, k=14, seed=1729...
      Average Passes: 3.03, Time/Memory: 3688.83,20360
Running FIXNM with kPath2 for N=10000, sparsity=4, k=16, seed=1729...
      Average Passes: 3.0, Time/Memory: 3685.04,22444
Running FIXNM with kPath2 for N=10000, sparsity=4, k=18, seed=1729...
      Average Passes: 3.0, Time/Memory: 3741.19,24432
Running FIXNM with kPath2 for N=10000, sparsity=4, k=20, seed=1729...
      Average Passes: 3.0, Time/Memory: 3792.87,26548
Running FIXNM with kPath2 for N=10000, sparsity=4, k=25, seed=1729...
      Average Passes: 3.0, Time/Memory: 3703.70,30784
Running FIXNM with kPath2 for N=10000, sparsity=4, k=30, seed=1729...
      Average Passes: 2.99, Time/Memory: 3773.16,35700
Running FIXNM with kPath2 for N=10000, sparsity=4, k=35, seed=1729...
      Average Passes: 2.89, Time/Memory: 3614.19,39840
Running FIXNM with kPath2 for N=10000, sparsity=4, k=40, seed=1729...
      Average Passes: 2.85, Time/Memory: 3619.15,44960
Running FIXNM with kPath2 for N=10000, sparsity=4, k=45, seed=1729...
      Average Passes: 2.72, Time/Memory: 3361.90,49052
Running FIXNM with kPath2 for N=10000, sparsity=4, k=50, seed=1729...
      Average Passes: 2.56, Time/Memory: 3259.41,54236
Running FIXNM with kPath2 for N=10000, sparsity=4, k=60, seed=1729...
      Average Passes: 2.09, Time/Memory: 2694.08,63544
Running FIXNM with kPath2 for N=10000, sparsity=4, k=70, seed=1729...
      Average Passes: 2.0, Time/Memory: 2580.48,72636
Running FIXNM with kPath2 for N=10000, sparsity=4, k=80, seed=1729...
      Average Passes: 2.0, Time/Memory: 2501.21,81956
Running FIXNM with kPath2 for N=10000, sparsity=4, k=90, seed=1729...
      Average Passes: 2.0, Time/Memory: 2578.10,91988
Running FIXNM with kPath2 for N=10000, sparsity=4, k=100, seed=1729...
      Average Passes: 2.0, Time/Memory: 2586.65,101388
Running FIXNM with kPath2 for N=10000, sparsity=4, k=150, seed=1729...
      Average Passes: 2.0, Time/Memory: 2586.33,148468
Running FIXNM with kPath2 for N=10000, sparsity=4, k=200, seed=1729...
      Average Passes: 2.0, Time/Memory: 2630.72,194544
Running FIXNM with kPath2 for N=10000, sparsity=4, k=250, seed=1729...
      Average Passes: 2.0, Time/Memory: 2685.11,241564
Running FIXNM with kPath2 for N=10000, sparsity=4, k=300, seed=1729...
      Average Passes: 2.0, Time/Memory: 2771.78,288712
Running FIXNM with kPath2 for N=10000, sparsity=4, k=400, seed=1729...
      Average Passes: 2.0, Time/Memory: 2837.50,381852
Running FIXNM with kPath2 for N=10000, sparsity=4, k=500, seed=1729...
      Average Passes: 2.0, Time/Memory: 2976.60,476196
Running FIXNM with kPath2 for N=10000, sparsity=4, k=750, seed=1729...
      Average Passes: 2.0, Time/Memory: 3193.19,710556
Running FIXNM with kPath2 for N=10000, sparsity=4, k=1000, seed=1729...
      Average Passes: 2.0, Time/Memory: 3454.22,945124
Running FIXNM with kPath2 for N=10000, sparsity=4, k=1500, seed=1729...
      Average Passes: 1.96, Time/Memory: 3996.30,1413972
Running FIXNM with kPath2 for N=10000, sparsity=4, k=2000, seed=1729...
      Average Passes: 1.85, Time/Memory: 4332.54,1882148
Running FIXNM with kPath2 for N=10000, sparsity=4, k=2500, seed=1729...
      Average Passes: 1.69, Time/Memory: 4772.18,2351176
Running FIXNM with kPath2 for N=10000, sparsity=4, k=3000, seed=1729...
      Average Passes: 1.55, Time/Memory: 5486.94,2820152
Running FIXNM with kPath2 for N=10000, sparsity=4, k=4000, seed=1729...
      Average Passes: 1.17, Time/Memory: 6728.26,3758000
Running FIXNM with kPath2 for N=10000, sparsity=4, k=5000, seed=1729...
      Average Passes: 1.0, Time/Memory: 1356.65,1362500
Running FIXNM with kPath2 for N=10000, sparsity=4, k=7500, seed=1729...
      Average Passes: 1.0, Time/Memory: 1331.86,1361164
Running FIXNM with kPath2 for N=10000, sparsity=4, k=10000, seed=1729...
      Average Passes: 1.0, Time/Memory: 1331.22,1359928
Running FIXNM with kPathN for N=10000, sparsity=4, k=1, seed=1729...
      Average Passes: 46.63, Time/Memory: 58408.88,7204
Running FIXNM with kPathN for N=10000, sparsity=4, k=2, seed=1729...
      Average Passes: 4.81, Time/Memory: 6008.95,9096
Running FIXNM with kPathN for N=10000, sparsity=4, k=3, seed=1729...
      Average Passes: 3.91, Time/Memory: 4910.67,9252
Running FIXNM with kPathN for N=10000, sparsity=4, k=4, seed=1729...
      Average Passes: 3.0, Time/Memory: 3775.13,10276
Running FIXNM with kPathN for N=10000, sparsity=4, k=5, seed=1729...
      Average Passes: 3.0, Time/Memory: 3690.50,11372
Running FIXNM with kPathN for N=10000, sparsity=4, k=6, seed=1729...
      Average Passes: 3.0, Time/Memory: 3745.40,12324
Running FIXNM with kPathN for N=10000, sparsity=4, k=7, seed=1729...
      Average Passes: 3.0, Time/Memory: 3771.36,13348
Running FIXNM with kPathN for N=10000, sparsity=4, k=8, seed=1729...
      Average Passes: 3.0, Time/Memory: 3775.27,14400
Running FIXNM with kPathN for N=10000, sparsity=4, k=9, seed=1729...
      Average Passes: 3.0, Time/Memory: 3807.59,15396
Running FIXNM with kPathN for N=10000, sparsity=4, k=10, seed=1729...
      Average Passes: 2.99, Time/Memory: 3736.30,15396
Running FIXNM with kPathN for N=10000, sparsity=4, k=12, seed=1729...
      Average Passes: 2.74, Time/Memory: 3445.86,17444
Running FIXNM with kPathN for N=10000, sparsity=4, k=14, seed=1729...
      Average Passes: 2.38, Time/Memory: 2926.65,20604
Running FIXNM with kPathN for N=10000, sparsity=4, k=16, seed=1729...
      Average Passes: 2.01, Time/Memory: 2495.44,21572
Running FIXNM with kPathN for N=10000, sparsity=4, k=18, seed=1729...
      Average Passes: 2.0, Time/Memory: 2515.99,23584
Running FIXNM with kPathN for N=10000, sparsity=4, k=20, seed=1729...
      Average Passes: 2.0, Time/Memory: 2490.80,25716
Running FIXNM with kPathN for N=10000, sparsity=4, k=25, seed=1729...
      Average Passes: 2.0, Time/Memory: 2477.49,29764
Running FIXNM with kPathN for N=10000, sparsity=4, k=30, seed=1729...
      Average Passes: 2.0, Time/Memory: 2535.91,34880
Running FIXNM with kPathN for N=10000, sparsity=4, k=35, seed=1729...
      Average Passes: 2.0, Time/Memory: 2506.47,39028
Running FIXNM with kPathN for N=10000, sparsity=4, k=40, seed=1729...
      Average Passes: 2.0, Time/Memory: 2497.44,45116
Running FIXNM with kPathN for N=10000, sparsity=4, k=45, seed=1729...
      Average Passes: 2.0, Time/Memory: 2522.63,48164
Running FIXNM with kPathN for N=10000, sparsity=4, k=50, seed=1729...
      Average Passes: 2.0, Time/Memory: 2523.45,54308
Running FIXNM with kPathN for N=10000, sparsity=4, k=60, seed=1729...
      Average Passes: 2.0, Time/Memory: 2476.36,63392
Running FIXNM with kPathN for N=10000, sparsity=4, k=70, seed=1729...
      Average Passes: 2.0, Time/Memory: 2552.94,72608
Running FIXNM with kPathN for N=10000, sparsity=4, k=80, seed=1729...
      Average Passes: 2.0, Time/Memory: 2487.68,81864
Running FIXNM with kPathN for N=10000, sparsity=4, k=90, seed=1729...
      Average Passes: 2.0, Time/Memory: 2528.29,91172
Running FIXNM with kPathN for N=10000, sparsity=4, k=100, seed=1729...
      Average Passes: 2.0, Time/Memory: 2575.78,101292
Running FIXNM with kPathN for N=10000, sparsity=4, k=150, seed=1729...
      Average Passes: 2.0, Time/Memory: 2607.58,148384
Running FIXNM with kPathN for N=10000, sparsity=4, k=200, seed=1729...
      Average Passes: 2.0, Time/Memory: 2724.96,194596
Running FIXNM with kPathN for N=10000, sparsity=4, k=250, seed=1729...
      Average Passes: 2.0, Time/Memory: 2683.23,241612
Running FIXNM with kPathN for N=10000, sparsity=4, k=300, seed=1729...
      Average Passes: 2.0, Time/Memory: 2790.96,288720
Running FIXNM with kPathN for N=10000, sparsity=4, k=400, seed=1729...
      Average Passes: 2.0, Time/Memory: 2898.48,382008
Running FIXNM with kPathN for N=10000, sparsity=4, k=500, seed=1729...
      Average Passes: 2.0, Time/Memory: 3010.64,475204
Running FIXNM with kPathN for N=10000, sparsity=4, k=750, seed=1729...
      Average Passes: 2.0, Time/Memory: 3254.07,710560
Running FIXNM with kPathN for N=10000, sparsity=4, k=1000, seed=1729...
      Average Passes: 2.0, Time/Memory: 3464.63,944076
Running FIXNM with kPathN for N=10000, sparsity=4, k=1500, seed=1729...
      Average Passes: 1.96, Time/Memory: 4017.16,1413972
Running FIXNM with kPathN for N=10000, sparsity=4, k=2000, seed=1729...
      Average Passes: 1.85, Time/Memory: 4408.26,1882072
Running FIXNM with kPathN for N=10000, sparsity=4, k=2500, seed=1729...
      Average Passes: 1.69, Time/Memory: 4803.85,2351148
Running FIXNM with kPathN for N=10000, sparsity=4, k=3000, seed=1729...
      Average Passes: 1.55, Time/Memory: 5164.75,2820132
Running FIXNM with kPathN for N=10000, sparsity=4, k=4000, seed=1729...
      Average Passes: 1.17, Time/Memory: 6872.61,3757092
Running FIXNM with kPathN for N=10000, sparsity=4, k=5000, seed=1729...
      Average Passes: 1.0, Time/Memory: 1363.37,1362112
Running FIXNM with kPathN for N=10000, sparsity=4, k=7500, seed=1729...
      Average Passes: 1.0, Time/Memory: 1329.45,1361748
Running FIXNM with kPathN for N=10000, sparsity=4, k=10000, seed=1729...
      Average Passes: 1.0, Time/Memory: 1337.00,1359268
Running FIXNM with kLev0 for N=10000, sparsity=4, k=1, seed=1729...
      Average Passes: 3.0, Time/Memory: 6328.35,7204
Running FIXNM with kLev0 for N=10000, sparsity=4, k=2, seed=1729...
      Average Passes: 3.0, Time/Memory: 6344.01,8256
Running FIXNM with kLev0 for N=10000, sparsity=4, k=3, seed=1729...
      Average Passes: 3.0, Time/Memory: 6332.48,8228
Running FIXNM with kLev0 for N=10000, sparsity=4, k=4, seed=1729...
      Average Passes: 3.0, Time/Memory: 6395.16,7204
Running FIXNM with kLev0 for N=10000, sparsity=4, k=5, seed=1729...
      Average Passes: 3.0, Time/Memory: 6279.43,9252
Running FIXNM with kLev0 for N=10000, sparsity=4, k=6, seed=1729...
      Average Passes: 3.0, Time/Memory: 6269.74,10344
Running FIXNM with kLev0 for N=10000, sparsity=4, k=7, seed=1729...
      Average Passes: 3.0, Time/Memory: 6315.02,9336
Running FIXNM with kLev0 for N=10000, sparsity=4, k=8, seed=1729...
      Average Passes: 3.0, Time/Memory: 6326.06,10580
Running FIXNM with kLev0 for N=10000, sparsity=4, k=9, seed=1729...
      Average Passes: 3.0, Time/Memory: 6257.82,10104
Running FIXNM with kLev0 for N=10000, sparsity=4, k=10, seed=1729...
      Average Passes: 3.0, Time/Memory: 6288.33,9848
Running FIXNM with kLev0 for N=10000, sparsity=4, k=12, seed=1729...
      Average Passes: 3.0, Time/Memory: 6354.79,10276
Running FIXNM with kLev0 for N=10000, sparsity=4, k=14, seed=1729...
      Average Passes: 3.0, Time/Memory: 6357.16,11448
Running FIXNM with kLev0 for N=10000, sparsity=4, k=16, seed=1729...
      Average Passes: 3.0, Time/Memory: 6343.23,63072
Running FIXNM with kLev0 for N=10000, sparsity=4, k=18, seed=1729...
      Average Passes: 3.0, Time/Memory: 6306.00,13420
Running FIXNM with kLev0 for N=10000, sparsity=4, k=20, seed=1729...
      Average Passes: 3.0, Time/Memory: 6345.80,12392
Running FIXNM with kLev0 for N=10000, sparsity=4, k=25, seed=1729...
      Average Passes: 3.0, Time/Memory: 6359.67,14432
Running FIXNM with kLev0 for N=10000, sparsity=4, k=30, seed=1729...
      Average Passes: 3.0, Time/Memory: 6342.98,16484
Running FIXNM with kLev0 for N=10000, sparsity=4, k=35, seed=1729...
      Average Passes: 3.0, Time/Memory: 6374.62,17168
Running FIXNM with kLev0 for N=10000, sparsity=4, k=40, seed=1729...
      Average Passes: 3.0, Time/Memory: 6337.19,19492
Running FIXNM with kLev0 for N=10000, sparsity=4, k=45, seed=1729...
      Average Passes: 3.0, Time/Memory: 6357.17,21900
