Graph already exists at: ./input/random_graphs/graph_10000_132877_POWLAW_6230961512046992311.txt
Graph already exists at: ./input/random_graphs/graph_10000_132877_POWLAW_7871178979383552919.txt
Graph already exists at: ./input/random_graphs/graph_10000_132877_POWLAW_5739955973604961613.txt
Graph already exists at: ./input/random_graphs/graph_10000_132877_POWLAW_3881801951614183357.txt
Graph already exists at: ./input/random_graphs/graph_10000_132877_POWLAW_7032710160631691991.txt
Graph already exists at: ./input/random_graphs/graph_10000_132877_POWLAW_7599700178212337699.txt
Graph already exists at: ./input/random_graphs/graph_10000_132877_POWLAW_1353182403971399009.txt
Graph already exists at: ./input/random_graphs/graph_10000_132877_POWLAW_1070244953599069350.txt
Graph already exists at: ./input/random_graphs/graph_10000_132877_POWLAW_6522163754831416203.txt
Graph already exists at: ./input/random_graphs/graph_10000_132877_POWLAW_6938562734920028532.txt
Graph already exists at: ./input/random_graphs/graph_10000_132877_POWLAW_4040737767143389431.txt
Graph already exists at: ./input/random_graphs/graph_10000_132877_POWLAW_1250005700364523649.txt
Graph already exists at: ./input/random_graphs/graph_10000_132877_POWLAW_1309542850049879452.txt
Graph already exists at: ./input/random_graphs/graph_10000_132877_POWLAW_2429002973740178792.txt
Graph already exists at: ./input/random_graphs/graph_10000_132877_POWLAW_7663871783842725848.txt
Graph already exists at: ./input/random_graphs/graph_10000_132877_POWLAW_320375091487821987.txt
Graph already exists at: ./input/random_graphs/graph_10000_132877_POWLAW_5906957480796939447.txt
Graph already exists at: ./input/random_graphs/graph_10000_132877_POWLAW_1250773459040295677.txt
Graph already exists at: ./input/random_graphs/graph_10000_132877_POWLAW_7146860528564146064.txt
Graph already exists at: ./input/random_graphs/graph_10000_132877_POWLAW_3438400432146115956.txt
Graph already exists at: ./input/random_graphs/graph_10000_132877_POWLAW_7473196763798409428.txt
Graph already exists at: ./input/random_graphs/graph_10000_132877_POWLAW_5139481885857321791.txt
Graph already exists at: ./input/random_graphs/graph_10000_132877_POWLAW_5142811650494845597.txt
Graph already exists at: ./input/random_graphs/graph_10000_132877_POWLAW_3010622984418968408.txt
Graph already exists at: ./input/random_graphs/graph_10000_132877_POWLAW_6002685213311538187.txt
Graph already exists at: ./input/random_graphs/graph_10000_132877_POWLAW_5708372698381010775.txt
Graph already exists at: ./input/random_graphs/graph_10000_132877_POWLAW_521787134863155063.txt
Graph already exists at: ./input/random_graphs/graph_10000_132877_POWLAW_1731523882129807996.txt
Graph already exists at: ./input/random_graphs/graph_10000_132877_POWLAW_1853590723603270879.txt
Graph already exists at: ./input/random_graphs/graph_10000_132877_POWLAW_7029781962072644698.txt
Graph already exists at: ./input/random_graphs/graph_10000_132877_POWLAW_6785030173969523435.txt
Graph already exists at: ./input/random_graphs/graph_10000_132877_POWLAW_5529616217668449934.txt
Graph already exists at: ./input/random_graphs/graph_10000_132877_POWLAW_1024517563182776983.txt
Graph already exists at: ./input/random_graphs/graph_10000_132877_POWLAW_3224265581699847191.txt
Graph already exists at: ./input/random_graphs/graph_10000_132877_POWLAW_5258051056098597521.txt
Graph already exists at: ./input/random_graphs/graph_10000_132877_POWLAW_1647170069535670909.txt
Graph already exists at: ./input/random_graphs/graph_10000_132877_POWLAW_4122784633514911760.txt
Graph already exists at: ./input/random_graphs/graph_10000_132877_POWLAW_7706236040662210848.txt
Graph already exists at: ./input/random_graphs/graph_10000_132877_POWLAW_824387247617288499.txt
Graph already exists at: ./input/random_graphs/graph_10000_132877_POWLAW_1632192924771168275.txt
Graph already exists at: ./input/random_graphs/graph_10000_132877_POWLAW_7161906730445628483.txt
Graph already exists at: ./input/random_graphs/graph_10000_132877_POWLAW_6802378520969450157.txt
Graph already exists at: ./input/random_graphs/graph_10000_132877_POWLAW_4552998297316576788.txt
Graph already exists at: ./input/random_graphs/graph_10000_132877_POWLAW_8031431416522537101.txt
Graph already exists at: ./input/random_graphs/graph_10000_132877_POWLAW_6143643868734370809.txt
Graph already exists at: ./input/random_graphs/graph_10000_132877_POWLAW_3272308573967577038.txt
Graph already exists at: ./input/random_graphs/graph_10000_132877_POWLAW_5636411189175451024.txt
Graph already exists at: ./input/random_graphs/graph_10000_132877_POWLAW_5349491008325879064.txt
Graph already exists at: ./input/random_graphs/graph_10000_132877_POWLAW_6614505080519948832.txt
Graph already exists at: ./input/random_graphs/graph_10000_132877_POWLAW_7938560551762094560.txt
Graph already exists at: ./input/random_graphs/graph_10000_132877_POWLAW_7917045922527545890.txt
Graph already exists at: ./input/random_graphs/graph_10000_132877_POWLAW_4445925461710302877.txt
Graph already exists at: ./input/random_graphs/graph_10000_132877_POWLAW_3865339568260874865.txt
Graph already exists at: ./input/random_graphs/graph_10000_132877_POWLAW_7921282862123281598.txt
Graph already exists at: ./input/random_graphs/graph_10000_132877_POWLAW_6224222471595207695.txt
Graph already exists at: ./input/random_graphs/graph_10000_132877_POWLAW_1128313391724783137.txt
Graph already exists at: ./input/random_graphs/graph_10000_132877_POWLAW_716820155901718944.txt
Graph already exists at: ./input/random_graphs/graph_10000_132877_POWLAW_8718380604043999642.txt
Graph already exists at: ./input/random_graphs/graph_10000_132877_POWLAW_5063475852268941542.txt
Graph already exists at: ./input/random_graphs/graph_10000_132877_POWLAW_4997514996153925447.txt
Graph already exists at: ./input/random_graphs/graph_10000_132877_POWLAW_8446481348147407377.txt
Graph already exists at: ./input/random_graphs/graph_10000_132877_POWLAW_3817405844514670994.txt
Graph already exists at: ./input/random_graphs/graph_10000_132877_POWLAW_6529943913552561417.txt
Graph already exists at: ./input/random_graphs/graph_10000_132877_POWLAW_2909934787168262407.txt
Graph already exists at: ./input/random_graphs/graph_10000_132877_POWLAW_1170385908854608748.txt
Graph already exists at: ./input/random_graphs/graph_10000_132877_POWLAW_6022436717541034636.txt
Graph already exists at: ./input/random_graphs/graph_10000_132877_POWLAW_199422815561151340.txt
Graph already exists at: ./input/random_graphs/graph_10000_132877_POWLAW_3713827327871807734.txt
Graph already exists at: ./input/random_graphs/graph_10000_132877_POWLAW_175493991617213850.txt
Graph already exists at: ./input/random_graphs/graph_10000_132877_POWLAW_5108599054664628607.txt
Graph already exists at: ./input/random_graphs/graph_10000_132877_POWLAW_6764066939395682287.txt
Graph already exists at: ./input/random_graphs/graph_10000_132877_POWLAW_9130666990809746335.txt
Graph already exists at: ./input/random_graphs/graph_10000_132877_POWLAW_7644420139408884785.txt
Graph already exists at: ./input/random_graphs/graph_10000_132877_POWLAW_1458186392400727732.txt
Graph already exists at: ./input/random_graphs/graph_10000_132877_POWLAW_1392892770529522614.txt
Graph already exists at: ./input/random_graphs/graph_10000_132877_POWLAW_9060210648189963449.txt
Graph already exists at: ./input/random_graphs/graph_10000_132877_POWLAW_4250897495980125004.txt
Graph already exists at: ./input/random_graphs/graph_10000_132877_POWLAW_8794274795737982182.txt
Graph already exists at: ./input/random_graphs/graph_10000_132877_POWLAW_2089506265998900862.txt
Graph already exists at: ./input/random_graphs/graph_10000_132877_POWLAW_5497874167834979553.txt
Graph already exists at: ./input/random_graphs/graph_10000_132877_POWLAW_4060584409398689268.txt
Graph already exists at: ./input/random_graphs/graph_10000_132877_POWLAW_1332005502874566195.txt
Graph already exists at: ./input/random_graphs/graph_10000_132877_POWLAW_1722224698700348310.txt
Graph already exists at: ./input/random_graphs/graph_10000_132877_POWLAW_8626102704817790064.txt
Graph already exists at: ./input/random_graphs/graph_10000_132877_POWLAW_7905487461282246979.txt
Graph already exists at: ./input/random_graphs/graph_10000_132877_POWLAW_8448596294177070022.txt
Graph already exists at: ./input/random_graphs/graph_10000_132877_POWLAW_4795749165124911768.txt
Graph already exists at: ./input/random_graphs/graph_10000_132877_POWLAW_4934890601268679176.txt
Graph already exists at: ./input/random_graphs/graph_10000_132877_POWLAW_1992204328026194281.txt
Graph already exists at: ./input/random_graphs/graph_10000_132877_POWLAW_7118744415197196276.txt
Graph already exists at: ./input/random_graphs/graph_10000_132877_POWLAW_2718103348384927511.txt
Graph already exists at: ./input/random_graphs/graph_10000_132877_POWLAW_9059990922233379852.txt
Graph already exists at: ./input/random_graphs/graph_10000_132877_POWLAW_7449662661572224354.txt
Graph already exists at: ./input/random_graphs/graph_10000_132877_POWLAW_3221421291694197220.txt
Graph already exists at: ./input/random_graphs/graph_10000_132877_POWLAW_8867616339855336876.txt
Graph already exists at: ./input/random_graphs/graph_10000_132877_POWLAW_5894893360759659423.txt
Graph already exists at: ./input/random_graphs/graph_10000_132877_POWLAW_7983805977214098674.txt
Graph already exists at: ./input/random_graphs/graph_10000_132877_POWLAW_4940913311242578590.txt
Graph already exists at: ./input/random_graphs/graph_10000_132877_POWLAW_2264398621601381987.txt
Graph already exists at: ./input/random_graphs/graph_10000_132877_POWLAW_7632458674696225362.txt
Running VARK with 100 iterations, for N = 10000 and sparsity code 2 for k from 1 to N and seed token 1729
Created: ./results/random_v2/VARK/POWLAW/logN/kPath/kPath0_logN_seed_1729_itr_100_20251010_085250.csv
Created: ./results/random_v2/VARK/POWLAW/logN/kPath/kPath1_logN_seed_1729_itr_100_20251010_085250.csv
Created: ./results/random_v2/VARK/POWLAW/logN/kPath/kPath2_logN_seed_1729_itr_100_20251010_085250.csv
Created: ./results/random_v2/VARK/POWLAW/logN/kPath/kPathN_logN_seed_1729_itr_100_20251010_085250.csv
Created: ./results/random_v2/VARK/POWLAW/logN/kLev/kLev0_logN_seed_1729_itr_100_20251010_085250.csv
Created: ./results/random_v2/VARK/POWLAW/logN/kLev/kLev1_logN_seed_1729_itr_100_20251010_085250.csv
Created: ./results/random_v2/VARK/POWLAW/logN/kLev/kLev2_logN_seed_1729_itr_100_20251010_085250.csv
Created: ./results/random_v2/VARK/POWLAW/logN/kLev/kLevN_logN_seed_1729_itr_100_20251010_085250.csv
Generating 100 graph(s) with N=10000, sparsity=2, seed=1729...
Running FIXNM with kPath0 for N=10000, sparsity=2, k=1, seed=1729...
      Average Passes: 14.66, Time/Memory: 76.60,7260
Running FIXNM with kPath0 for N=10000, sparsity=2, k=2, seed=1729...
      Average Passes: 7.13, Time/Memory: 52.59,8260
Running FIXNM with kPath0 for N=10000, sparsity=2, k=3, seed=1729...
      Average Passes: 4.99, Time/Memory: 37.25,8260
Running FIXNM with kPath0 for N=10000, sparsity=2, k=4, seed=1729...
      Average Passes: 4.03, Time/Memory: 21.64,10276
Running FIXNM with kPath0 for N=10000, sparsity=2, k=5, seed=1729...
      Average Passes: 3.99, Time/Memory: 31.32,11296
Running FIXNM with kPath0 for N=10000, sparsity=2, k=6, seed=1729...
      Average Passes: 3.52, Time/Memory: 28.86,12376
Running FIXNM with kPath0 for N=10000, sparsity=2, k=7, seed=1729...
      Average Passes: 3.01, Time/Memory: 16.02,13356
Running FIXNM with kPath0 for N=10000, sparsity=2, k=8, seed=1729...
      Average Passes: 3.0, Time/Memory: 16.13,13432
Running FIXNM with kPath0 for N=10000, sparsity=2, k=9, seed=1729...
      Average Passes: 3.0, Time/Memory: 16.59,14404
Running FIXNM with kPath0 for N=10000, sparsity=2, k=10, seed=1729...
      Average Passes: 3.0, Time/Memory: 17.64,16432
Running FIXNM with kPath0 for N=10000, sparsity=2, k=12, seed=1729...
      Average Passes: 3.0, Time/Memory: 24.47,17444
Running FIXNM with kPath0 for N=10000, sparsity=2, k=14, seed=1729...
      Average Passes: 3.0, Time/Memory: 38.61,19492
Running FIXNM with kPath0 for N=10000, sparsity=2, k=16, seed=1729...
      Average Passes: 2.01, Time/Memory: 11.01,20044
Running FIXNM with kPath0 for N=10000, sparsity=2, k=18, seed=1729...
      Average Passes: 2.01, Time/Memory: 11.25,20332
Running FIXNM with kPath0 for N=10000, sparsity=2, k=20, seed=1729...
      Average Passes: 2.0, Time/Memory: 10.91,20044
Running FIXNM with kPath0 for N=10000, sparsity=2, k=25, seed=1729...
      Average Passes: 2.0, Time/Memory: 11.52,20856
Running FIXNM with kPath0 for N=10000, sparsity=2, k=30, seed=1729...
      Average Passes: 2.0, Time/Memory: 11.38,20108
Running FIXNM with kPath0 for N=10000, sparsity=2, k=35, seed=1729...
      Average Passes: 2.0, Time/Memory: 11.63,19960
Running FIXNM with kPath0 for N=10000, sparsity=2, k=40, seed=1729...
      Average Passes: 2.0, Time/Memory: 11.37,20072
Running FIXNM with kPath0 for N=10000, sparsity=2, k=45, seed=1729...
      Average Passes: 2.0, Time/Memory: 11.22,20064
Running FIXNM with kPath0 for N=10000, sparsity=2, k=50, seed=1729...
      Average Passes: 2.0, Time/Memory: 11.47,20104
Running FIXNM with kPath0 for N=10000, sparsity=2, k=60, seed=1729...
      Average Passes: 2.0, Time/Memory: 11.31,20056
Running FIXNM with kPath0 for N=10000, sparsity=2, k=70, seed=1729...
      Average Passes: 2.0, Time/Memory: 10.87,20080
Running FIXNM with kPath0 for N=10000, sparsity=2, k=80, seed=1729...
      Average Passes: 2.0, Time/Memory: 11.02,20956
Running FIXNM with kPath0 for N=10000, sparsity=2, k=90, seed=1729...
      Average Passes: 2.0, Time/Memory: 11.29,20036
Running FIXNM with kPath0 for N=10000, sparsity=2, k=100, seed=1729...
      Average Passes: 2.0, Time/Memory: 11.11,20036
Running FIXNM with kPath0 for N=10000, sparsity=2, k=150, seed=1729...
      Average Passes: 2.0, Time/Memory: 11.03,19516
Running FIXNM with kPath0 for N=10000, sparsity=2, k=200, seed=1729...
      Average Passes: 2.0, Time/Memory: 10.95,20032
Running FIXNM with kPath0 for N=10000, sparsity=2, k=250, seed=1729...
      Average Passes: 2.0, Time/Memory: 11.10,20036
Running FIXNM with kPath0 for N=10000, sparsity=2, k=300, seed=1729...
      Average Passes: 2.0, Time/Memory: 10.97,20036
Running FIXNM with kPath0 for N=10000, sparsity=2, k=400, seed=1729...
      Average Passes: 2.0, Time/Memory: 10.99,20072
Running FIXNM with kPath0 for N=10000, sparsity=2, k=500, seed=1729...
      Average Passes: 2.0, Time/Memory: 11.48,20380
Running FIXNM with kPath0 for N=10000, sparsity=2, k=750, seed=1729...
      Average Passes: 2.0, Time/Memory: 11.42,20044
Running FIXNM with kPath0 for N=10000, sparsity=2, k=1000, seed=1729...
      Average Passes: 2.0, Time/Memory: 11.08,20836
Running FIXNM with kPath0 for N=10000, sparsity=2, k=1500, seed=1729...
      Average Passes: 2.0, Time/Memory: 11.06,20036
Running FIXNM with kPath0 for N=10000, sparsity=2, k=2000, seed=1729...
      Average Passes: 2.0, Time/Memory: 11.12,20088
Running FIXNM with kPath0 for N=10000, sparsity=2, k=2500, seed=1729...
      Average Passes: 2.0, Time/Memory: 11.08,20036
Running FIXNM with kPath0 for N=10000, sparsity=2, k=3000, seed=1729...
      Average Passes: 2.0, Time/Memory: 11.60,20064
Running FIXNM with kPath0 for N=10000, sparsity=2, k=4000, seed=1729...
      Average Passes: 2.0, Time/Memory: 11.19,20036
Running FIXNM with kPath0 for N=10000, sparsity=2, k=5000, seed=1729...
      Average Passes: 2.0, Time/Memory: 11.83,20624
Running FIXNM with kPath0 for N=10000, sparsity=2, k=7500, seed=1729...
      Average Passes: 2.0, Time/Memory: 11.72,19964
Running FIXNM with kPath0 for N=10000, sparsity=2, k=10000, seed=1729...
      Average Passes: 2.0, Time/Memory: 11.18,20076
Running FIXNM with kPath1 for N=10000, sparsity=2, k=1, seed=1729...
      Average Passes: 14.89, Time/Memory: 77.78,8280
Running FIXNM with kPath1 for N=10000, sparsity=2, k=2, seed=1729...
      Average Passes: 7.34, Time/Memory: 53.15,9228
Running FIXNM with kPath1 for N=10000, sparsity=2, k=3, seed=1729...
      Average Passes: 4.49, Time/Memory: 33.12,10028
Running FIXNM with kPath1 for N=10000, sparsity=2, k=4, seed=1729...
      Average Passes: 3.48, Time/Memory: 28.46,10304
Running FIXNM with kPath1 for N=10000, sparsity=2, k=5, seed=1729...
      Average Passes: 3.0, Time/Memory: 20.46,11328
Running FIXNM with kPath1 for N=10000, sparsity=2, k=6, seed=1729...
      Average Passes: 3.0, Time/Memory: 35.44,12808
Running FIXNM with kPath1 for N=10000, sparsity=2, k=7, seed=1729...
      Average Passes: 2.02, Time/Memory: 12.84,13780
Running FIXNM with kPath1 for N=10000, sparsity=2, k=8, seed=1729...
      Average Passes: 2.0, Time/Memory: 13.08,14736
Running FIXNM with kPath1 for N=10000, sparsity=2, k=9, seed=1729...
      Average Passes: 2.0, Time/Memory: 13.22,15432
Running FIXNM with kPath1 for N=10000, sparsity=2, k=10, seed=1729...
      Average Passes: 2.0, Time/Memory: 13.49,16460
Running FIXNM with kPath1 for N=10000, sparsity=2, k=12, seed=1729...
      Average Passes: 2.0, Time/Memory: 17.66,18496
Running FIXNM with kPath1 for N=10000, sparsity=2, k=14, seed=1729...
      Average Passes: 1.0, Time/Memory: 3.66,75856
Running FIXNM with kPath1 for N=10000, sparsity=2, k=16, seed=1729...
      Average Passes: 1.0, Time/Memory: 3.74,75852
Running FIXNM with kPath1 for N=10000, sparsity=2, k=18, seed=1729...
      Average Passes: 1.0, Time/Memory: 3.68,73764
Running FIXNM with kPath1 for N=10000, sparsity=2, k=20, seed=1729...
      Average Passes: 1.0, Time/Memory: 3.70,75848
Running FIXNM with kPath1 for N=10000, sparsity=2, k=25, seed=1729...
      Average Passes: 1.0, Time/Memory: 3.71,75848
Running FIXNM with kPath1 for N=10000, sparsity=2, k=30, seed=1729...
      Average Passes: 1.0, Time/Memory: 3.76,75856
Running FIXNM with kPath1 for N=10000, sparsity=2, k=35, seed=1729...
      Average Passes: 1.0, Time/Memory: 3.78,75896
Running FIXNM with kPath1 for N=10000, sparsity=2, k=40, seed=1729...
      Average Passes: 1.0, Time/Memory: 3.79,75876
Running FIXNM with kPath1 for N=10000, sparsity=2, k=45, seed=1729...
      Average Passes: 1.0, Time/Memory: 3.74,74868
Running FIXNM with kPath1 for N=10000, sparsity=2, k=50, seed=1729...
      Average Passes: 1.0, Time/Memory: 3.78,75848
Running FIXNM with kPath1 for N=10000, sparsity=2, k=60, seed=1729...
      Average Passes: 1.0, Time/Memory: 3.78,75844
Running FIXNM with kPath1 for N=10000, sparsity=2, k=70, seed=1729...
      Average Passes: 1.0, Time/Memory: 3.73,75876
Running FIXNM with kPath1 for N=10000, sparsity=2, k=80, seed=1729...
      Average Passes: 1.0, Time/Memory: 3.83,73764
Running FIXNM with kPath1 for N=10000, sparsity=2, k=90, seed=1729...
      Average Passes: 1.0, Time/Memory: 3.67,75944
Running FIXNM with kPath1 for N=10000, sparsity=2, k=100, seed=1729...
      Average Passes: 1.0, Time/Memory: 3.68,75844
Running FIXNM with kPath1 for N=10000, sparsity=2, k=150, seed=1729...
      Average Passes: 1.0, Time/Memory: 3.79,75896
Running FIXNM with kPath1 for N=10000, sparsity=2, k=200, seed=1729...
      Average Passes: 1.0, Time/Memory: 3.73,73764
Running FIXNM with kPath1 for N=10000, sparsity=2, k=250, seed=1729...
      Average Passes: 1.0, Time/Memory: 3.77,75848
Running FIXNM with kPath1 for N=10000, sparsity=2, k=300, seed=1729...
      Average Passes: 1.0, Time/Memory: 3.75,73772
Running FIXNM with kPath1 for N=10000, sparsity=2, k=400, seed=1729...
      Average Passes: 1.0, Time/Memory: 3.68,75876
Running FIXNM with kPath1 for N=10000, sparsity=2, k=500, seed=1729...
      Average Passes: 1.0, Time/Memory: 3.83,75852
Running FIXNM with kPath1 for N=10000, sparsity=2, k=750, seed=1729...
      Average Passes: 1.0, Time/Memory: 3.76,75848
Running FIXNM with kPath1 for N=10000, sparsity=2, k=1000, seed=1729...
      Average Passes: 1.0, Time/Memory: 3.68,75852
Running FIXNM with kPath1 for N=10000, sparsity=2, k=1500, seed=1729...
      Average Passes: 1.0, Time/Memory: 3.69,73792
Running FIXNM with kPath1 for N=10000, sparsity=2, k=2000, seed=1729...
      Average Passes: 1.0, Time/Memory: 3.75,73764
Running FIXNM with kPath1 for N=10000, sparsity=2, k=2500, seed=1729...
      Average Passes: 1.0, Time/Memory: 3.76,75848
Running FIXNM with kPath1 for N=10000, sparsity=2, k=3000, seed=1729...
      Average Passes: 1.0, Time/Memory: 3.70,75876
Running FIXNM with kPath1 for N=10000, sparsity=2, k=4000, seed=1729...
      Average Passes: 1.0, Time/Memory: 3.76,75892
Running FIXNM with kPath1 for N=10000, sparsity=2, k=5000, seed=1729...
      Average Passes: 1.0, Time/Memory: 3.76,75848
Running FIXNM with kPath1 for N=10000, sparsity=2, k=7500, seed=1729...
      Average Passes: 1.0, Time/Memory: 3.67,75876
Running FIXNM with kPath1 for N=10000, sparsity=2, k=10000, seed=1729...
      Average Passes: 1.0, Time/Memory: 3.74,75848
Running FIXNM with kPath2 for N=10000, sparsity=2, k=1, seed=1729...
      Average Passes: 13.61, Time/Memory: 75.53,8228
Running FIXNM with kPath2 for N=10000, sparsity=2, k=2, seed=1729...
      Average Passes: 4.69, Time/Memory: 37.95,8948
Running FIXNM with kPath2 for N=10000, sparsity=2, k=3, seed=1729...
      Average Passes: 3.61, Time/Memory: 31.99,9552
Running FIXNM with kPath2 for N=10000, sparsity=2, k=4, seed=1729...
      Average Passes: 3.0, Time/Memory: 19.85,11384
Running FIXNM with kPath2 for N=10000, sparsity=2, k=5, seed=1729...
      Average Passes: 3.0, Time/Memory: 35.98,11300
Running FIXNM with kPath2 for N=10000, sparsity=2, k=6, seed=1729...
      Average Passes: 2.02, Time/Memory: 13.72,12344
Running FIXNM with kPath2 for N=10000, sparsity=2, k=7, seed=1729...
      Average Passes: 2.0, Time/Memory: 13.66,12332
Running FIXNM with kPath2 for N=10000, sparsity=2, k=8, seed=1729...
      Average Passes: 2.0, Time/Memory: 13.57,13436
Running FIXNM with kPath2 for N=10000, sparsity=2, k=9, seed=1729...
      Average Passes: 2.0, Time/Memory: 14.17,15756
Running FIXNM with kPath2 for N=10000, sparsity=2, k=10, seed=1729...
      Average Passes: 2.0, Time/Memory: 15.19,16216
Running FIXNM with kPath2 for N=10000, sparsity=2, k=12, seed=1729...
      Average Passes: 2.0, Time/Memory: 24.94,17500
Running FIXNM with kPath2 for N=10000, sparsity=2, k=14, seed=1729...
      Average Passes: 1.0, Time/Memory: 3.73,75848
Running FIXNM with kPath2 for N=10000, sparsity=2, k=16, seed=1729...
      Average Passes: 1.0, Time/Memory: 3.77,73824
Running FIXNM with kPath2 for N=10000, sparsity=2, k=18, seed=1729...
      Average Passes: 1.0, Time/Memory: 3.78,75848
Running FIXNM with kPath2 for N=10000, sparsity=2, k=20, seed=1729...
      Average Passes: 1.0, Time/Memory: 3.69,75848
Running FIXNM with kPath2 for N=10000, sparsity=2, k=25, seed=1729...
      Average Passes: 1.0, Time/Memory: 3.79,73764
Running FIXNM with kPath2 for N=10000, sparsity=2, k=30, seed=1729...
      Average Passes: 1.0, Time/Memory: 3.68,75872
Running FIXNM with kPath2 for N=10000, sparsity=2, k=35, seed=1729...
      Average Passes: 1.0, Time/Memory: 3.69,75876
Running FIXNM with kPath2 for N=10000, sparsity=2, k=40, seed=1729...
      Average Passes: 1.0, Time/Memory: 3.86,75848
Running FIXNM with kPath2 for N=10000, sparsity=2, k=45, seed=1729...
      Average Passes: 1.0, Time/Memory: 3.64,73764
Running FIXNM with kPath2 for N=10000, sparsity=2, k=50, seed=1729...
      Average Passes: 1.0, Time/Memory: 3.69,73792
Running FIXNM with kPath2 for N=10000, sparsity=2, k=60, seed=1729...
      Average Passes: 1.0, Time/Memory: 3.69,75860
Running FIXNM with kPath2 for N=10000, sparsity=2, k=70, seed=1729...
      Average Passes: 1.0, Time/Memory: 3.75,74788
Running FIXNM with kPath2 for N=10000, sparsity=2, k=80, seed=1729...
      Average Passes: 1.0, Time/Memory: 3.78,75872
Running FIXNM with kPath2 for N=10000, sparsity=2, k=90, seed=1729...
      Average Passes: 1.0, Time/Memory: 3.83,75848
Running FIXNM with kPath2 for N=10000, sparsity=2, k=100, seed=1729...
      Average Passes: 1.0, Time/Memory: 3.81,73764
Running FIXNM with kPath2 for N=10000, sparsity=2, k=150, seed=1729...
      Average Passes: 1.0, Time/Memory: 3.79,75872
Running FIXNM with kPath2 for N=10000, sparsity=2, k=200, seed=1729...
      Average Passes: 1.0, Time/Memory: 3.84,74900
Running FIXNM with kPath2 for N=10000, sparsity=2, k=250, seed=1729...
      Average Passes: 1.0, Time/Memory: 3.81,75876
Running FIXNM with kPath2 for N=10000, sparsity=2, k=300, seed=1729...
      Average Passes: 1.0, Time/Memory: 3.70,73792
Running FIXNM with kPath2 for N=10000, sparsity=2, k=400, seed=1729...
      Average Passes: 1.0, Time/Memory: 3.76,75860
Running FIXNM with kPath2 for N=10000, sparsity=2, k=500, seed=1729...
      Average Passes: 1.0, Time/Memory: 3.79,74788
Running FIXNM with kPath2 for N=10000, sparsity=2, k=750, seed=1729...
      Average Passes: 1.0, Time/Memory: 3.71,75848
Running FIXNM with kPath2 for N=10000, sparsity=2, k=1000, seed=1729...
      Average Passes: 1.0, Time/Memory: 3.83,75892
Running FIXNM with kPath2 for N=10000, sparsity=2, k=1500, seed=1729...
      Average Passes: 1.0, Time/Memory: 3.68,75844
Running FIXNM with kPath2 for N=10000, sparsity=2, k=2000, seed=1729...
      Average Passes: 1.0, Time/Memory: 3.79,75872
Running FIXNM with kPath2 for N=10000, sparsity=2, k=2500, seed=1729...
      Average Passes: 1.0, Time/Memory: 3.76,73764
Running FIXNM with kPath2 for N=10000, sparsity=2, k=3000, seed=1729...
      Average Passes: 1.0, Time/Memory: 3.66,75848
Running FIXNM with kPath2 for N=10000, sparsity=2, k=4000, seed=1729...
      Average Passes: 1.0, Time/Memory: 3.69,75848
Running FIXNM with kPath2 for N=10000, sparsity=2, k=5000, seed=1729...
      Average Passes: 1.0, Time/Memory: 3.74,75872
Running FIXNM with kPath2 for N=10000, sparsity=2, k=7500, seed=1729...
      Average Passes: 1.0, Time/Memory: 3.67,75844
Running FIXNM with kPath2 for N=10000, sparsity=2, k=10000, seed=1729...
      Average Passes: 1.0, Time/Memory: 3.76,75876
Running FIXNM with kPathN for N=10000, sparsity=2, k=1, seed=1729...
      Average Passes: 13.39, Time/Memory: 74.52,8300
Running FIXNM with kPathN for N=10000, sparsity=2, k=2, seed=1729...
      Average Passes: 4.68, Time/Memory: 38.03,8228
Running FIXNM with kPathN for N=10000, sparsity=2, k=3, seed=1729...
      Average Passes: 3.61, Time/Memory: 31.78,9320
Running FIXNM with kPathN for N=10000, sparsity=2, k=4, seed=1729...
      Average Passes: 3.0, Time/Memory: 20.02,9252
Running FIXNM with kPathN for N=10000, sparsity=2, k=5, seed=1729...
      Average Passes: 3.0, Time/Memory: 35.80,12360
Running FIXNM with kPathN for N=10000, sparsity=2, k=6, seed=1729...
      Average Passes: 2.02, Time/Memory: 13.71,12324
Running FIXNM with kPathN for N=10000, sparsity=2, k=7, seed=1729...
      Average Passes: 2.0, Time/Memory: 13.33,13348
Running FIXNM with kPathN for N=10000, sparsity=2, k=8, seed=1729...
      Average Passes: 2.0, Time/Memory: 13.76,14392
Running FIXNM with kPathN for N=10000, sparsity=2, k=9, seed=1729...
      Average Passes: 2.0, Time/Memory: 14.20,16296
Running FIXNM with kPathN for N=10000, sparsity=2, k=10, seed=1729...
      Average Passes: 2.0, Time/Memory: 15.02,16204
Running FIXNM with kPathN for N=10000, sparsity=2, k=12, seed=1729...
      Average Passes: 2.0, Time/Memory: 25.32,18504
Running FIXNM with kPathN for N=10000, sparsity=2, k=14, seed=1729...
      Average Passes: 1.0, Time/Memory: 3.68,75876
Running FIXNM with kPathN for N=10000, sparsity=2, k=16, seed=1729...
      Average Passes: 1.0, Time/Memory: 3.79,75876
Running FIXNM with kPathN for N=10000, sparsity=2, k=18, seed=1729...
      Average Passes: 1.0, Time/Memory: 3.94,73832
Running FIXNM with kPathN for N=10000, sparsity=2, k=20, seed=1729...
      Average Passes: 1.0, Time/Memory: 3.79,75848
Running FIXNM with kPathN for N=10000, sparsity=2, k=25, seed=1729...
      Average Passes: 1.0, Time/Memory: 3.94,73788
Running FIXNM with kPathN for N=10000, sparsity=2, k=30, seed=1729...
      Average Passes: 1.0, Time/Memory: 3.88,73792
Running FIXNM with kPathN for N=10000, sparsity=2, k=35, seed=1729...
      Average Passes: 1.0, Time/Memory: 3.80,74840
Running FIXNM with kPathN for N=10000, sparsity=2, k=40, seed=1729...
      Average Passes: 1.0, Time/Memory: 3.82,75876
Running FIXNM with kPathN for N=10000, sparsity=2, k=45, seed=1729...
      Average Passes: 1.0, Time/Memory: 3.76,75904
Running FIXNM with kPathN for N=10000, sparsity=2, k=50, seed=1729...
      Average Passes: 1.0, Time/Memory: 3.76,75876
Running FIXNM with kPathN for N=10000, sparsity=2, k=60, seed=1729...
      Average Passes: 1.0, Time/Memory: 3.75,75848
Running FIXNM with kPathN for N=10000, sparsity=2, k=70, seed=1729...
      Average Passes: 1.0, Time/Memory: 3.62,75848
Running FIXNM with kPathN for N=10000, sparsity=2, k=80, seed=1729...
      Average Passes: 1.0, Time/Memory: 3.69,75868
Running FIXNM with kPathN for N=10000, sparsity=2, k=90, seed=1729...
      Average Passes: 1.0, Time/Memory: 3.83,72776
Running FIXNM with kPathN for N=10000, sparsity=2, k=100, seed=1729...
      Average Passes: 1.0, Time/Memory: 3.72,75872
Running FIXNM with kPathN for N=10000, sparsity=2, k=150, seed=1729...
      Average Passes: 1.0, Time/Memory: 3.64,73764
Running FIXNM with kPathN for N=10000, sparsity=2, k=200, seed=1729...
      Average Passes: 1.0, Time/Memory: 3.77,74872
Running FIXNM with kPathN for N=10000, sparsity=2, k=250, seed=1729...
      Average Passes: 1.0, Time/Memory: 3.68,75876
Running FIXNM with kPathN for N=10000, sparsity=2, k=300, seed=1729...
      Average Passes: 1.0, Time/Memory: 3.79,75912
Running FIXNM with kPathN for N=10000, sparsity=2, k=400, seed=1729...
      Average Passes: 1.0, Time/Memory: 3.75,75852
Running FIXNM with kPathN for N=10000, sparsity=2, k=500, seed=1729...
      Average Passes: 1.0, Time/Memory: 3.77,75896
Running FIXNM with kPathN for N=10000, sparsity=2, k=750, seed=1729...
      Average Passes: 1.0, Time/Memory: 3.75,75876
Running FIXNM with kPathN for N=10000, sparsity=2, k=1000, seed=1729...
      Average Passes: 1.0, Time/Memory: 3.69,75848
Running FIXNM with kPathN for N=10000, sparsity=2, k=1500, seed=1729...
      Average Passes: 1.0, Time/Memory: 3.88,73784
Running FIXNM with kPathN for N=10000, sparsity=2, k=2000, seed=1729...
      Average Passes: 1.0, Time/Memory: 3.83,75868
Running FIXNM with kPathN for N=10000, sparsity=2, k=2500, seed=1729...
      Average Passes: 1.0, Time/Memory: 3.82,75904
Running FIXNM with kPathN for N=10000, sparsity=2, k=3000, seed=1729...
      Average Passes: 1.0, Time/Memory: 3.69,75876
Running FIXNM with kPathN for N=10000, sparsity=2, k=4000, seed=1729...
      Average Passes: 1.0, Time/Memory: 3.76,75912
Running FIXNM with kPathN for N=10000, sparsity=2, k=5000, seed=1729...
      Average Passes: 1.0, Time/Memory: 3.74,75876
Running FIXNM with kPathN for N=10000, sparsity=2, k=7500, seed=1729...
      Average Passes: 1.0, Time/Memory: 3.82,75848
Running FIXNM with kPathN for N=10000, sparsity=2, k=10000, seed=1729...
      Average Passes: 1.0, Time/Memory: 3.82,75848
Running FIXNM with kLev0 for N=10000, sparsity=2, k=1, seed=1729...
      Average Passes: 3.48, Time/Memory: 16.75,7240
Running FIXNM with kLev0 for N=10000, sparsity=2, k=2, seed=1729...
      Average Passes: 3.48, Time/Memory: 16.57,7204
Running FIXNM with kLev0 for N=10000, sparsity=2, k=3, seed=1729...
      Average Passes: 3.48, Time/Memory: 16.54,7332
Running FIXNM with kLev0 for N=10000, sparsity=2, k=4, seed=1729...
      Average Passes: 3.48, Time/Memory: 16.91,7204
Running FIXNM with kLev0 for N=10000, sparsity=2, k=5, seed=1729...
      Average Passes: 3.49, Time/Memory: 16.92,7204
Running FIXNM with kLev0 for N=10000, sparsity=2, k=6, seed=1729...
      Average Passes: 3.48, Time/Memory: 16.51,8292
Running FIXNM with kLev0 for N=10000, sparsity=2, k=7, seed=1729...
      Average Passes: 3.49, Time/Memory: 16.80,8276
Running FIXNM with kLev0 for N=10000, sparsity=2, k=8, seed=1729...
      Average Passes: 3.5, Time/Memory: 16.81,7232
Running FIXNM with kLev0 for N=10000, sparsity=2, k=9, seed=1729...
      Average Passes: 3.48, Time/Memory: 16.67,8308
Running FIXNM with kLev0 for N=10000, sparsity=2, k=10, seed=1729...
      Average Passes: 3.48, Time/Memory: 16.75,7204
Running FIXNM with kLev0 for N=10000, sparsity=2, k=12, seed=1729...
      Average Passes: 3.48, Time/Memory: 16.72,7204
Running FIXNM with kLev0 for N=10000, sparsity=2, k=14, seed=1729...
      Average Passes: 3.47, Time/Memory: 16.80,7232
Running FIXNM with kLev0 for N=10000, sparsity=2, k=16, seed=1729...
      Average Passes: 3.47, Time/Memory: 16.59,7216
Running FIXNM with kLev0 for N=10000, sparsity=2, k=18, seed=1729...
      Average Passes: 3.47, Time/Memory: 16.63,8292
Running FIXNM with kLev0 for N=10000, sparsity=2, k=20, seed=1729...
      Average Passes: 3.48, Time/Memory: 16.85,7244
Running FIXNM with kLev0 for N=10000, sparsity=2, k=25, seed=1729...
      Average Passes: 3.46, Time/Memory: 16.82,7204
Running FIXNM with kLev0 for N=10000, sparsity=2, k=30, seed=1729...
      Average Passes: 3.42, Time/Memory: 16.97,8228
Running FIXNM with kLev0 for N=10000, sparsity=2, k=35, seed=1729...
      Average Passes: 3.41, Time/Memory: 16.81,9316
Running FIXNM with kLev0 for N=10000, sparsity=2, k=40, seed=1729...
      Average Passes: 3.39, Time/Memory: 16.80,9336
Running FIXNM with kLev0 for N=10000, sparsity=2, k=45, seed=1729...
      Average Passes: 3.35, Time/Memory: 16.67,10312
Running FIXNM with kLev0 for N=10000, sparsity=2, k=50, seed=1729...
      Average Passes: 3.33, Time/Memory: 16.49,9336
Running FIXNM with kLev0 for N=10000, sparsity=2, k=60, seed=1729...
      Average Passes: 3.19, Time/Memory: 15.92,8228
Running FIXNM with kLev0 for N=10000, sparsity=2, k=70, seed=1729...
      Average Passes: 3.09, Time/Memory: 15.48,9252
Running FIXNM with kLev0 for N=10000, sparsity=2, k=80, seed=1729...
      Average Passes: 3.01, Time/Memory: 15.66,10304
Running FIXNM with kLev0 for N=10000, sparsity=2, k=90, seed=1729...
      Average Passes: 2.97, Time/Memory: 14.78,11380
Running FIXNM with kLev0 for N=10000, sparsity=2, k=100, seed=1729...
      Average Passes: 2.9, Time/Memory: 14.41,10276
Running FIXNM with kLev0 for N=10000, sparsity=2, k=150, seed=1729...
      Average Passes: 2.04, Time/Memory: 11.61,10316
Running FIXNM with kLev0 for N=10000, sparsity=2, k=200, seed=1729...
      Average Passes: 2.0, Time/Memory: 11.26,11368
Running FIXNM with kLev0 for N=10000, sparsity=2, k=250, seed=1729...
      Average Passes: 2.0, Time/Memory: 11.34,11392
Running FIXNM with kLev0 for N=10000, sparsity=2, k=300, seed=1729...
      Average Passes: 2.0, Time/Memory: 11.30,11300
Running FIXNM with kLev0 for N=10000, sparsity=2, k=400, seed=1729...
      Average Passes: 2.0, Time/Memory: 11.21,11364
Running FIXNM with kLev0 for N=10000, sparsity=2, k=500, seed=1729...
      Average Passes: 2.0, Time/Memory: 11.51,11340
Running FIXNM with kLev0 for N=10000, sparsity=2, k=750, seed=1729...
      Average Passes: 2.0, Time/Memory: 11.51,11300
Running FIXNM with kLev0 for N=10000, sparsity=2, k=1000, seed=1729...
      Average Passes: 2.0, Time/Memory: 11.37,10280
Running FIXNM with kLev0 for N=10000, sparsity=2, k=1500, seed=1729...
      Average Passes: 2.0, Time/Memory: 11.24,11300
Running FIXNM with kLev0 for N=10000, sparsity=2, k=2000, seed=1729...
      Average Passes: 2.0, Time/Memory: 11.40,11344
Running FIXNM with kLev0 for N=10000, sparsity=2, k=2500, seed=1729...
      Average Passes: 2.0, Time/Memory: 11.38,11344
Running FIXNM with kLev0 for N=10000, sparsity=2, k=3000, seed=1729...
      Average Passes: 2.0, Time/Memory: 11.39,10276
Running FIXNM with kLev0 for N=10000, sparsity=2, k=4000, seed=1729...
      Average Passes: 2.0, Time/Memory: 11.35,11328
Running FIXNM with kLev0 for N=10000, sparsity=2, k=5000, seed=1729...
      Average Passes: 2.0, Time/Memory: 11.38,11356
Running FIXNM with kLev0 for N=10000, sparsity=2, k=7500, seed=1729...
      Average Passes: 2.0, Time/Memory: 11.29,11352
Running FIXNM with kLev0 for N=10000, sparsity=2, k=10000, seed=1729...
      Average Passes: 2.0, Time/Memory: 11.37,11372
Running FIXNM with kLev1 for N=10000, sparsity=2, k=1, seed=1729...
      Average Passes: 2.51, Time/Memory: 12.24,7296
Running FIXNM with kLev1 for N=10000, sparsity=2, k=2, seed=1729...
      Average Passes: 2.51, Time/Memory: 12.31,7232
Running FIXNM with kLev1 for N=10000, sparsity=2, k=3, seed=1729...
      Average Passes: 2.51, Time/Memory: 12.19,7204
Running FIXNM with kLev1 for N=10000, sparsity=2, k=4, seed=1729...
      Average Passes: 2.51, Time/Memory: 12.32,7228
Running FIXNM with kLev1 for N=10000, sparsity=2, k=5, seed=1729...
      Average Passes: 2.51, Time/Memory: 12.35,8264
Running FIXNM with kLev1 for N=10000, sparsity=2, k=6, seed=1729...
      Average Passes: 2.51, Time/Memory: 12.18,8292
Running FIXNM with kLev1 for N=10000, sparsity=2, k=7, seed=1729...
      Average Passes: 2.52, Time/Memory: 12.19,8288
Running FIXNM with kLev1 for N=10000, sparsity=2, k=8, seed=1729...
      Average Passes: 2.51, Time/Memory: 12.37,8264
Running FIXNM with kLev1 for N=10000, sparsity=2, k=9, seed=1729...
      Average Passes: 2.52, Time/Memory: 12.96,8292
Running FIXNM with kLev1 for N=10000, sparsity=2, k=10, seed=1729...
      Average Passes: 2.52, Time/Memory: 12.28,8264
Running FIXNM with kLev1 for N=10000, sparsity=2, k=12, seed=1729...
      Average Passes: 2.52, Time/Memory: 12.35,8292
Running FIXNM with kLev1 for N=10000, sparsity=2, k=14, seed=1729...
      Average Passes: 1.0, Time/Memory: 3.89,73764
Running FIXNM with kLev1 for N=10000, sparsity=2, k=16, seed=1729...
      Average Passes: 1.0, Time/Memory: 3.73,75828
Running FIXNM with kLev1 for N=10000, sparsity=2, k=18, seed=1729...
      Average Passes: 1.0, Time/Memory: 3.74,75848
Running FIXNM with kLev1 for N=10000, sparsity=2, k=20, seed=1729...
      Average Passes: 1.0, Time/Memory: 3.66,75872
Running FIXNM with kLev1 for N=10000, sparsity=2, k=25, seed=1729...
      Average Passes: 1.0, Time/Memory: 3.77,75856
Running FIXNM with kLev1 for N=10000, sparsity=2, k=30, seed=1729...
      Average Passes: 1.0, Time/Memory: 3.75,75848
Running FIXNM with kLev1 for N=10000, sparsity=2, k=35, seed=1729...
      Average Passes: 1.0, Time/Memory: 3.78,75852
Running FIXNM with kLev1 for N=10000, sparsity=2, k=40, seed=1729...
      Average Passes: 1.0, Time/Memory: 3.77,75848
Running FIXNM with kLev1 for N=10000, sparsity=2, k=45, seed=1729...
      Average Passes: 1.0, Time/Memory: 3.70,75872
Running FIXNM with kLev1 for N=10000, sparsity=2, k=50, seed=1729...
      Average Passes: 1.0, Time/Memory: 3.78,75848
Running FIXNM with kLev1 for N=10000, sparsity=2, k=60, seed=1729...
      Average Passes: 1.0, Time/Memory: 3.81,73840
Running FIXNM with kLev1 for N=10000, sparsity=2, k=70, seed=1729...
      Average Passes: 1.0, Time/Memory: 3.77,75896
Running FIXNM with kLev1 for N=10000, sparsity=2, k=80, seed=1729...
      Average Passes: 1.0, Time/Memory: 3.70,75876
Running FIXNM with kLev1 for N=10000, sparsity=2, k=90, seed=1729...
      Average Passes: 1.0, Time/Memory: 3.70,73764
Running FIXNM with kLev1 for N=10000, sparsity=2, k=100, seed=1729...
      Average Passes: 1.0, Time/Memory: 3.75,75848
Running FIXNM with kLev1 for N=10000, sparsity=2, k=150, seed=1729...
      Average Passes: 1.0, Time/Memory: 3.68,74824
Running FIXNM with kLev1 for N=10000, sparsity=2, k=200, seed=1729...
      Average Passes: 1.0, Time/Memory: 3.79,75864
Running FIXNM with kLev1 for N=10000, sparsity=2, k=250, seed=1729...
      Average Passes: 1.0, Time/Memory: 3.79,75872
Running FIXNM with kLev1 for N=10000, sparsity=2, k=300, seed=1729...
      Average Passes: 1.0, Time/Memory: 3.71,75904
Running FIXNM with kLev1 for N=10000, sparsity=2, k=400, seed=1729...
      Average Passes: 1.0, Time/Memory: 3.75,75848
Running FIXNM with kLev1 for N=10000, sparsity=2, k=500, seed=1729...
      Average Passes: 1.0, Time/Memory: 3.68,75848
Running FIXNM with kLev1 for N=10000, sparsity=2, k=750, seed=1729...
      Average Passes: 1.0, Time/Memory: 3.68,75852
Running FIXNM with kLev1 for N=10000, sparsity=2, k=1000, seed=1729...
      Average Passes: 1.0, Time/Memory: 3.66,75844
Running FIXNM with kLev1 for N=10000, sparsity=2, k=1500, seed=1729...
      Average Passes: 1.0, Time/Memory: 3.69,75864
Running FIXNM with kLev1 for N=10000, sparsity=2, k=2000, seed=1729...
      Average Passes: 1.0, Time/Memory: 3.75,75848
Running FIXNM with kLev1 for N=10000, sparsity=2, k=2500, seed=1729...
      Average Passes: 1.0, Time/Memory: 3.73,73764
Running FIXNM with kLev1 for N=10000, sparsity=2, k=3000, seed=1729...
      Average Passes: 1.0, Time/Memory: 3.67,75848
Running FIXNM with kLev1 for N=10000, sparsity=2, k=4000, seed=1729...
      Average Passes: 1.0, Time/Memory: 3.77,75848
Running FIXNM with kLev1 for N=10000, sparsity=2, k=5000, seed=1729...
      Average Passes: 1.0, Time/Memory: 3.79,75872
Running FIXNM with kLev1 for N=10000, sparsity=2, k=7500, seed=1729...
      Average Passes: 1.0, Time/Memory: 3.65,75848
Running FIXNM with kLev1 for N=10000, sparsity=2, k=10000, seed=1729...
      Average Passes: 1.0, Time/Memory: 3.70,74788
Running FIXNM with kLev2 for N=10000, sparsity=2, k=1, seed=1729...
      Average Passes: 2.01, Time/Memory: 11.68,8264
Running FIXNM with kLev2 for N=10000, sparsity=2, k=2, seed=1729...
      Average Passes: 2.01, Time/Memory: 12.49,8228
Running FIXNM with kLev2 for N=10000, sparsity=2, k=3, seed=1729...
      Average Passes: 2.0, Time/Memory: 13.12,9288
Running FIXNM with kLev2 for N=10000, sparsity=2, k=4, seed=1729...
      Average Passes: 2.0, Time/Memory: 14.31,10276
Running FIXNM with kLev2 for N=10000, sparsity=2, k=5, seed=1729...
      Average Passes: 2.0, Time/Memory: 14.73,11300
Running FIXNM with kLev2 for N=10000, sparsity=2, k=6, seed=1729...
      Average Passes: 2.0, Time/Memory: 14.37,12352
Running FIXNM with kLev2 for N=10000, sparsity=2, k=7, seed=1729...
      Average Passes: 2.0, Time/Memory: 14.53,14436
Running FIXNM with kLev2 for N=10000, sparsity=2, k=8, seed=1729...
      Average Passes: 2.0, Time/Memory: 14.77,14416
Running FIXNM with kLev2 for N=10000, sparsity=2, k=9, seed=1729...
      Average Passes: 2.0, Time/Memory: 14.79,15432
Running FIXNM with kLev2 for N=10000, sparsity=2, k=10, seed=1729...
      Average Passes: 2.0, Time/Memory: 15.10,15428
Running FIXNM with kLev2 for N=10000, sparsity=2, k=12, seed=1729...
      Average Passes: 2.0, Time/Memory: 15.89,18504
Running FIXNM with kLev2 for N=10000, sparsity=2, k=14, seed=1729...
      Average Passes: 1.0, Time/Memory: 3.70,75848
Running FIXNM with kLev2 for N=10000, sparsity=2, k=16, seed=1729...
      Average Passes: 1.0, Time/Memory: 3.65,73780
Running FIXNM with kLev2 for N=10000, sparsity=2, k=18, seed=1729...
      Average Passes: 1.0, Time/Memory: 3.68,75872
Running FIXNM with kLev2 for N=10000, sparsity=2, k=20, seed=1729...
      Average Passes: 1.0, Time/Memory: 3.78,73764
Running FIXNM with kLev2 for N=10000, sparsity=2, k=25, seed=1729...
      Average Passes: 1.0, Time/Memory: 3.76,74848
Running FIXNM with kLev2 for N=10000, sparsity=2, k=30, seed=1729...
      Average Passes: 1.0, Time/Memory: 3.95,75872
Running FIXNM with kLev2 for N=10000, sparsity=2, k=35, seed=1729...
      Average Passes: 1.0, Time/Memory: 3.70,75848
Running FIXNM with kLev2 for N=10000, sparsity=2, k=40, seed=1729...
      Average Passes: 1.0, Time/Memory: 3.73,75848
Running FIXNM with kLev2 for N=10000, sparsity=2, k=45, seed=1729...
      Average Passes: 1.0, Time/Memory: 3.83,75856
Running FIXNM with kLev2 for N=10000, sparsity=2, k=50, seed=1729...
      Average Passes: 1.0, Time/Memory: 3.68,75876
Running FIXNM with kLev2 for N=10000, sparsity=2, k=60, seed=1729...
      Average Passes: 1.0, Time/Memory: 3.68,73764
Running FIXNM with kLev2 for N=10000, sparsity=2, k=70, seed=1729...
      Average Passes: 1.0, Time/Memory: 3.84,72764
Running FIXNM with kLev2 for N=10000, sparsity=2, k=80, seed=1729...
      Average Passes: 1.0, Time/Memory: 3.77,75848
Running FIXNM with kLev2 for N=10000, sparsity=2, k=90, seed=1729...
      Average Passes: 1.0, Time/Memory: 3.69,75848
Running FIXNM with kLev2 for N=10000, sparsity=2, k=100, seed=1729...
      Average Passes: 1.0, Time/Memory: 3.81,75876
Running FIXNM with kLev2 for N=10000, sparsity=2, k=150, seed=1729...
      Average Passes: 1.0, Time/Memory: 3.76,73828
Running FIXNM with kLev2 for N=10000, sparsity=2, k=200, seed=1729...
      Average Passes: 1.0, Time/Memory: 3.69,75848
Running FIXNM with kLev2 for N=10000, sparsity=2, k=250, seed=1729...
      Average Passes: 1.0, Time/Memory: 3.75,74860
Running FIXNM with kLev2 for N=10000, sparsity=2, k=300, seed=1729...
      Average Passes: 1.0, Time/Memory: 3.70,73788
Running FIXNM with kLev2 for N=10000, sparsity=2, k=400, seed=1729...
      Average Passes: 1.0, Time/Memory: 3.69,73764
Running FIXNM with kLev2 for N=10000, sparsity=2, k=500, seed=1729...
      Average Passes: 1.0, Time/Memory: 3.76,73792
Running FIXNM with kLev2 for N=10000, sparsity=2, k=750, seed=1729...
      Average Passes: 1.0, Time/Memory: 3.67,75872
Running FIXNM with kLev2 for N=10000, sparsity=2, k=1000, seed=1729...
      Average Passes: 1.0, Time/Memory: 3.78,74816
Running FIXNM with kLev2 for N=10000, sparsity=2, k=1500, seed=1729...
      Average Passes: 1.0, Time/Memory: 3.80,75876
Running FIXNM with kLev2 for N=10000, sparsity=2, k=2000, seed=1729...
      Average Passes: 1.0, Time/Memory: 3.67,73780
Running FIXNM with kLev2 for N=10000, sparsity=2, k=2500, seed=1729...
      Average Passes: 1.0, Time/Memory: 3.65,75872
Running FIXNM with kLev2 for N=10000, sparsity=2, k=3000, seed=1729...
      Average Passes: 1.0, Time/Memory: 3.66,72740
Running FIXNM with kLev2 for N=10000, sparsity=2, k=4000, seed=1729...
      Average Passes: 1.0, Time/Memory: 3.77,73764
Running FIXNM with kLev2 for N=10000, sparsity=2, k=5000, seed=1729...
      Average Passes: 1.0, Time/Memory: 3.69,73764
Running FIXNM with kLev2 for N=10000, sparsity=2, k=7500, seed=1729...
      Average Passes: 1.0, Time/Memory: 3.76,75848
Running FIXNM with kLev2 for N=10000, sparsity=2, k=10000, seed=1729...
      Average Passes: 1.0, Time/Memory: 3.80,73764
Running FIXNM with kLevN for N=10000, sparsity=2, k=1, seed=1729...
      Average Passes: 2.01, Time/Memory: 11.50,8228
Running FIXNM with kLevN for N=10000, sparsity=2, k=2, seed=1729...
      Average Passes: 2.0, Time/Memory: 12.42,8228
Running FIXNM with kLevN for N=10000, sparsity=2, k=3, seed=1729...
      Average Passes: 2.0, Time/Memory: 13.43,10340
Running FIXNM with kLevN for N=10000, sparsity=2, k=4, seed=1729...
      Average Passes: 2.0, Time/Memory: 13.82,10320
Running FIXNM with kLevN for N=10000, sparsity=2, k=5, seed=1729...
      Average Passes: 2.0, Time/Memory: 13.95,11304
Running FIXNM with kLevN for N=10000, sparsity=2, k=6, seed=1729...
      Average Passes: 2.0, Time/Memory: 14.04,11328
Running FIXNM with kLevN for N=10000, sparsity=2, k=7, seed=1729...
      Average Passes: 2.0, Time/Memory: 14.29,13384
Running FIXNM with kLevN for N=10000, sparsity=2, k=8, seed=1729...
      Average Passes: 2.0, Time/Memory: 14.25,14372
Running FIXNM with kLevN for N=10000, sparsity=2, k=9, seed=1729...
      Average Passes: 2.0, Time/Memory: 14.66,15396
Running FIXNM with kLevN for N=10000, sparsity=2, k=10, seed=1729...
      Average Passes: 2.0, Time/Memory: 14.95,16484
Running FIXNM with kLevN for N=10000, sparsity=2, k=12, seed=1729...
      Average Passes: 2.0, Time/Memory: 15.56,18496
Running FIXNM with kLevN for N=10000, sparsity=2, k=14, seed=1729...
      Average Passes: 1.0, Time/Memory: 3.66,75876
Running FIXNM with kLevN for N=10000, sparsity=2, k=16, seed=1729...
      Average Passes: 1.0, Time/Memory: 3.65,75844
Running FIXNM with kLevN for N=10000, sparsity=2, k=18, seed=1729...
      Average Passes: 1.0, Time/Memory: 3.69,75944
Running FIXNM with kLevN for N=10000, sparsity=2, k=20, seed=1729...
      Average Passes: 1.0, Time/Memory: 3.76,75844
Running FIXNM with kLevN for N=10000, sparsity=2, k=25, seed=1729...
      Average Passes: 1.0, Time/Memory: 3.73,75848
Running FIXNM with kLevN for N=10000, sparsity=2, k=30, seed=1729...
      Average Passes: 1.0, Time/Memory: 3.78,75848
Running FIXNM with kLevN for N=10000, sparsity=2, k=35, seed=1729...
      Average Passes: 1.0, Time/Memory: 3.75,73820
Running FIXNM with kLevN for N=10000, sparsity=2, k=40, seed=1729...
      Average Passes: 1.0, Time/Memory: 3.76,75848
Running FIXNM with kLevN for N=10000, sparsity=2, k=45, seed=1729...
      Average Passes: 1.0, Time/Memory: 3.78,75860
Running FIXNM with kLevN for N=10000, sparsity=2, k=50, seed=1729...
      Average Passes: 1.0, Time/Memory: 3.71,73764
Running FIXNM with kLevN for N=10000, sparsity=2, k=60, seed=1729...
      Average Passes: 1.0, Time/Memory: 3.78,75872
Running FIXNM with kLevN for N=10000, sparsity=2, k=70, seed=1729...
      Average Passes: 1.0, Time/Memory: 3.76,75844
Running FIXNM with kLevN for N=10000, sparsity=2, k=80, seed=1729...
      Average Passes: 1.0, Time/Memory: 3.95,74856
Running FIXNM with kLevN for N=10000, sparsity=2, k=90, seed=1729...
      Average Passes: 1.0, Time/Memory: 3.68,75876
Running FIXNM with kLevN for N=10000, sparsity=2, k=100, seed=1729...
      Average Passes: 1.0, Time/Memory: 3.79,74852
Running FIXNM with kLevN for N=10000, sparsity=2, k=150, seed=1729...
      Average Passes: 1.0, Time/Memory: 3.82,75848
Running FIXNM with kLevN for N=10000, sparsity=2, k=200, seed=1729...
      Average Passes: 1.0, Time/Memory: 3.73,75848
Running FIXNM with kLevN for N=10000, sparsity=2, k=250, seed=1729...
      Average Passes: 1.0, Time/Memory: 3.69,75872
Running FIXNM with kLevN for N=10000, sparsity=2, k=300, seed=1729...
      Average Passes: 1.0, Time/Memory: 3.81,75860
Running FIXNM with kLevN for N=10000, sparsity=2, k=400, seed=1729...
      Average Passes: 1.0, Time/Memory: 3.79,75876
Running FIXNM with kLevN for N=10000, sparsity=2, k=500, seed=1729...
      Average Passes: 1.0, Time/Memory: 3.67,75872
Running FIXNM with kLevN for N=10000, sparsity=2, k=750, seed=1729...
      Average Passes: 1.0, Time/Memory: 3.76,75848
Running FIXNM with kLevN for N=10000, sparsity=2, k=1000, seed=1729...
      Average Passes: 1.0, Time/Memory: 3.69,73800
Running FIXNM with kLevN for N=10000, sparsity=2, k=1500, seed=1729...
      Average Passes: 1.0, Time/Memory: 3.64,75848
Running FIXNM with kLevN for N=10000, sparsity=2, k=2000, seed=1729...
      Average Passes: 1.0, Time/Memory: 3.79,73848
Running FIXNM with kLevN for N=10000, sparsity=2, k=2500, seed=1729...
      Average Passes: 1.0, Time/Memory: 3.90,74820
Running FIXNM with kLevN for N=10000, sparsity=2, k=3000, seed=1729...
      Average Passes: 1.0, Time/Memory: 4.08,75848
Running FIXNM with kLevN for N=10000, sparsity=2, k=4000, seed=1729...
      Average Passes: 1.0, Time/Memory: 3.71,73776
Running FIXNM with kLevN for N=10000, sparsity=2, k=5000, seed=1729...
      Average Passes: 1.0, Time/Memory: 3.78,73764
Running FIXNM with kLevN for N=10000, sparsity=2, k=7500, seed=1729...
      Average Passes: 1.0, Time/Memory: 3.75,73808
Running FIXNM with kLevN for N=10000, sparsity=2, k=10000, seed=1729...
      Average Passes: 1.0, Time/Memory: 3.77,75844
