🎯 Total configurations to run: 9
🔄 Running with 36 parallel workers
🚀 Running Belcastro with klev0, k=644, iterations=12, file=1
  📊 Iteration 1/12 for Belcastro klev0 k=644...
🚀 Running Belcastro with klev0, k=10, iterations=12, file=2
  📊 Iteration 1/12 for Belcastro klev0 k=10...
🚀 Running Belcastro with klev0, k=9, iterations=12, file=3
  📊 Iteration 1/12 for Belcastro klev0 k=9...
🚀 Running Twitch with kpathN, k=4, iterations=10, file=1
  📊 Iteration 1/10 for Twitch kpathN k=4...
🚀 Running Twitch with kpathN, k=1, iterations=2, file=2
  📊 Iteration 1/2 for Twitch kpathN k=1...
🚀 Running Twitch with kpathN, k=2, iterations=10, file=3
  📊 Iteration 1/10 for Twitch kpathN k=2...
🚀 Running Amazon with klev0, k=2, iterations=10, file=1
  📊 Iteration 1/10 for Amazon klev0 k=2...
🚀 Running Amazon with klev0, k=3, iterations=10, file=2
  📊 Iteration 1/10 for Amazon klev0 k=3...
🚀 Running Amazon with klev0, k=1, iterations=10, file=3
  📊 Iteration 1/10 for Amazon klev0 k=1...
    Passes: 4, Time/Memory: 12.58,9252, Output: ['4']
  📊 Iteration 2/12 for Belcastro klev0 k=9...
    Passes: 4, Time/Memory: 12.66,9252, Output: ['4']
  📊 Iteration 2/12 for Belcastro klev0 k=10...
    Passes: 4, Time/Memory: 12.84,37952, Output: ['4']
  📊 Iteration 2/12 for Belcastro klev0 k=644...
    Passes: 4, Time/Memory: 12.77,9252, Output: ['4']
  📊 Iteration 3/12 for Belcastro klev0 k=9...
    Passes: 4, Time/Memory: 12.65,37924, Output: ['4']
  📊 Iteration 3/12 for Belcastro klev0 k=644...
    Passes: 4, Time/Memory: 12.63,9284, Output: ['4']
  📊 Iteration 3/12 for Belcastro klev0 k=10...
    Passes: 9, Time/Memory: 32.82,122176, Output: ['9']
  📊 Iteration 2/10 for Twitch kpathN k=4...
    Passes: 4, Time/Memory: 12.73,37924, Output: ['4']
  📊 Iteration 4/12 for Belcastro klev0 k=644...
    Passes: 4, Time/Memory: 12.91,8272, Output: ['4']
  📊 Iteration 4/12 for Belcastro klev0 k=9...
    Passes: 4, Time/Memory: 13.56,9280, Output: ['4']
  📊 Iteration 4/12 for Belcastro klev0 k=10...
    Passes: 4, Time/Memory: 12.73,37924, Output: ['4']
  📊 Iteration 5/12 for Belcastro klev0 k=644...
    Passes: 4, Time/Memory: 12.95,9336, Output: ['4']
  📊 Iteration 5/12 for Belcastro klev0 k=9...
    Passes: 4, Time/Memory: 13.23,9328, Output: ['4']
  📊 Iteration 5/12 for Belcastro klev0 k=10...
    Passes: 19, Time/Memory: 56.13,94020, Output: ['19']
  📊 Iteration 2/10 for Twitch kpathN k=2...
    Passes: 4, Time/Memory: 12.70,37924, Output: ['4']
  📊 Iteration 6/12 for Belcastro klev0 k=644...
    Passes: 4, Time/Memory: 12.91,9276, Output: ['4']
  📊 Iteration 6/12 for Belcastro klev0 k=9...
    Passes: 9, Time/Memory: 32.39,121392, Output: ['9']
  📊 Iteration 3/10 for Twitch kpathN k=4...
    Passes: 4, Time/Memory: 12.95,9252, Output: ['4']
  📊 Iteration 6/12 for Belcastro klev0 k=10...
    Passes: 4, Time/Memory: 12.78,37924, Output: ['4']
  📊 Iteration 7/12 for Belcastro klev0 k=644...
    Passes: 4, Time/Memory: 12.87,9300, Output: ['4']
  📊 Iteration 7/12 for Belcastro klev0 k=9...
    Passes: 4, Time/Memory: 12.91,9268, Output: ['4']
  📊 Iteration 7/12 for Belcastro klev0 k=10...
    Passes: 4, Time/Memory: 12.80,37924, Output: ['4']
  📊 Iteration 8/12 for Belcastro klev0 k=644...
    Passes: 4, Time/Memory: 12.86,9280, Output: ['4']
  📊 Iteration 8/12 for Belcastro klev0 k=10...
    Passes: 4, Time/Memory: 12.94,9244, Output: ['4']
  📊 Iteration 8/12 for Belcastro klev0 k=9...
    Passes: 9, Time/Memory: 34.02,121408, Output: ['9']
  📊 Iteration 4/10 for Twitch kpathN k=4...
    Passes: 4, Time/Memory: 12.99,37928, Output: ['4']
  📊 Iteration 9/12 for Belcastro klev0 k=644...
    Passes: 4, Time/Memory: 12.86,9252, Output: ['4']
  📊 Iteration 9/12 for Belcastro klev0 k=10...
    Passes: 4, Time/Memory: 13.49,9252, Output: ['4']
  📊 Iteration 9/12 for Belcastro klev0 k=9...
    Passes: 19, Time/Memory: 52.19,94720, Output: ['19']
  📊 Iteration 3/10 for Twitch kpathN k=2...
    Passes: 4, Time/Memory: 12.98,37968, Output: ['4']
  📊 Iteration 10/12 for Belcastro klev0 k=644...
    Passes: 4, Time/Memory: 13.14,9252, Output: ['4']
  📊 Iteration 10/12 for Belcastro klev0 k=10...
    Passes: 4, Time/Memory: 12.99,9288, Output: ['4']
  📊 Iteration 10/12 for Belcastro klev0 k=9...
    Passes: 4, Time/Memory: 13.02,38012, Output: ['4']
  📊 Iteration 11/12 for Belcastro klev0 k=644...
    Passes: 4, Time/Memory: 13.07,9252, Output: ['4']
  📊 Iteration 11/12 for Belcastro klev0 k=10...
    Passes: 4, Time/Memory: 13.07,9252, Output: ['4']
  📊 Iteration 11/12 for Belcastro klev0 k=9...
    Passes: 9, Time/Memory: 34.09,121460, Output: ['9']
  📊 Iteration 5/10 for Twitch kpathN k=4...
    Passes: 4, Time/Memory: 12.91,37924, Output: ['4']
  📊 Iteration 12/12 for Belcastro klev0 k=644...
    Passes: 4, Time/Memory: 12.98,9296, Output: ['4']
  📊 Iteration 12/12 for Belcastro klev0 k=10...
    Passes: 4, Time/Memory: 12.75,9252, Output: ['4']
  📊 Iteration 12/12 for Belcastro klev0 k=9...
    Passes: 4, Time/Memory: 13.07,37924, Output: ['4']
✅ Completed Belcastro klev0 k=644: 12.85s, 37937.67KB
✅ [1/9] Completed Belcastro klev0 k=C
    Passes: 4, Time/Memory: 13.06,9252, Output: ['4']
✅ Completed Belcastro klev0 k=10: 12.99s, 9270.67KB
✅ [2/9] Completed Belcastro klev0 k=10
    Passes: 4, Time/Memory: 13.00,9272, Output: ['4']
✅ Completed Belcastro klev0 k=9: 12.94s, 9187.33KB
✅ [3/9] Completed Belcastro klev0 k=9
    Passes: 19, Time/Memory: 52.21,94720, Output: ['19']
  📊 Iteration 4/10 for Twitch kpathN k=2...
    Passes: 9, Time/Memory: 32.04,122176, Output: ['9']
  📊 Iteration 6/10 for Twitch kpathN k=4...
    Passes: 9, Time/Memory: 32.80,121152, Output: ['9']
  📊 Iteration 7/10 for Twitch kpathN k=4...
    Passes: 19, Time/Memory: 51.90,94716, Output: ['19']
  📊 Iteration 5/10 for Twitch kpathN k=2...
    Passes: 9, Time/Memory: 35.38,122228, Output: ['9']
  📊 Iteration 8/10 for Twitch kpathN k=4...
    Passes: 19, Time/Memory: 51.90,93696, Output: ['19']
  📊 Iteration 6/10 for Twitch kpathN k=2...
    Passes: 9, Time/Memory: 34.64,121432, Output: ['9']
  📊 Iteration 9/10 for Twitch kpathN k=4...
    Passes: 9, Time/Memory: 33.18,122176, Output: ['9']
  📊 Iteration 10/10 for Twitch kpathN k=4...
    Passes: 19, Time/Memory: 52.02,94996, Output: ['19']
  📊 Iteration 7/10 for Twitch kpathN k=2...
    Passes: 9, Time/Memory: 33.74,120880, Output: ['9']
✅ Completed Twitch kpathN k=4: 33.51s, 121648.0KB
✅ [4/9] Completed Twitch kpathN k=4
    Passes: 19, Time/Memory: 53.48,95020, Output: ['19']
  📊 Iteration 8/10 for Twitch kpathN k=2...
    Passes: 19, Time/Memory: 57.70,93936, Output: ['19']
  📊 Iteration 9/10 for Twitch kpathN k=2...
    Passes: 19, Time/Memory: 54.06,94720, Output: ['19']
  📊 Iteration 10/10 for Twitch kpathN k=2...
    Passes: 6, Time/Memory: 508.46,136228, Output: ['6']
  📊 Iteration 2/10 for Amazon klev0 k=1...
    Passes: 6, Time/Memory: 527.26,137252, Output: ['6']
  📊 Iteration 2/10 for Amazon klev0 k=2...
    Passes: 6, Time/Memory: 537.28,133192, Output: ['6']
  📊 Iteration 2/10 for Amazon klev0 k=3...
    Passes: 19, Time/Memory: 54.09,93960, Output: ['19']
✅ Completed Twitch kpathN k=2: 53.57s, 94450.4KB
✅ [5/9] Completed Twitch kpathN k=2
    Passes: 6, Time/Memory: 486.25,137300, Output: ['6']
  📊 Iteration 3/10 for Amazon klev0 k=2...
    Passes: 6, Time/Memory: 486.57,136296, Output: ['6']
  📊 Iteration 3/10 for Amazon klev0 k=3...
    Passes: 6, Time/Memory: 610.78,132132, Output: ['6']
  📊 Iteration 3/10 for Amazon klev0 k=1...
    Passes: 6, Time/Memory: 487.76,136228, Output: ['6']
  📊 Iteration 4/10 for Amazon klev0 k=2...
    Passes: 6, Time/Memory: 485.02,137252, Output: ['6']
  📊 Iteration 4/10 for Amazon klev0 k=3...
    Passes: 6, Time/Memory: 486.78,137248, Output: ['6']
  📊 Iteration 4/10 for Amazon klev0 k=1...
    Passes: 6, Time/Memory: 489.07,136228, Output: ['6']
  📊 Iteration 5/10 for Amazon klev0 k=3...
    Passes: 6, Time/Memory: 583.08,135204, Output: ['6']
  📊 Iteration 5/10 for Amazon klev0 k=2...
    Passes: 6, Time/Memory: 488.59,136260, Output: ['6']
  📊 Iteration 5/10 for Amazon klev0 k=1...
    Passes: 1173, Time/Memory: 2430.06,81028, Output: ['1173']
  📊 Iteration 2/2 for Twitch kpathN k=1...
    Passes: 6, Time/Memory: 498.08,136260, Output: ['6']
  📊 Iteration 6/10 for Amazon klev0 k=3...
    Passes: 6, Time/Memory: 479.84,137332, Output: ['6']
  📊 Iteration 6/10 for Amazon klev0 k=1...
    Passes: 6, Time/Memory: 507.99,134260, Output: ['6']
  📊 Iteration 6/10 for Amazon klev0 k=2...
    Passes: 6, Time/Memory: 486.59,136264, Output: ['6']
  📊 Iteration 7/10 for Amazon klev0 k=3...
    Passes: 6, Time/Memory: 479.06,136228, Output: ['6']
  📊 Iteration 7/10 for Amazon klev0 k=1...
    Passes: 6, Time/Memory: 486.11,137252, Output: ['6']
  📊 Iteration 7/10 for Amazon klev0 k=2...
    Passes: 6, Time/Memory: 537.50,135232, Output: ['6']
  📊 Iteration 8/10 for Amazon klev0 k=3...
    Passes: 6, Time/Memory: 484.27,137264, Output: ['6']
  📊 Iteration 8/10 for Amazon klev0 k=1...
    Passes: 6, Time/Memory: 511.20,136232, Output: ['6']
  📊 Iteration 8/10 for Amazon klev0 k=2...
    Passes: 6, Time/Memory: 502.90,134180, Output: ['6']
  📊 Iteration 9/10 for Amazon klev0 k=3...
    Passes: 6, Time/Memory: 499.57,136272, Output: ['6']
  📊 Iteration 9/10 for Amazon klev0 k=1...
    Passes: 6, Time/Memory: 511.52,136228, Output: ['6']
  📊 Iteration 9/10 for Amazon klev0 k=2...
    Passes: 6, Time/Memory: 500.47,136264, Output: ['6']
  📊 Iteration 10/10 for Amazon klev0 k=3...
    Passes: 6, Time/Memory: 533.40,135232, Output: ['6']
  📊 Iteration 10/10 for Amazon klev0 k=1...
    Passes: 6, Time/Memory: 536.12,136256, Output: ['6']
  📊 Iteration 10/10 for Amazon klev0 k=2...
    Passes: 1173, Time/Memory: 2429.70,80276, Output: ['1173']
✅ Completed Twitch kpathN k=1: 2429.88s, 80652.0KB
✅ [6/9] Completed Twitch kpathN k=1
    Passes: 6, Time/Memory: 534.18,135204, Output: ['6']
✅ Completed Amazon klev0 k=3: 505.77s, 135637.2KB
✅ [7/9] Completed Amazon klev0 k=3
    Passes: 6, Time/Memory: 521.69,134176, Output: ['6']
✅ Completed Amazon klev0 k=1: 509.24s, 135837.2KB
✅ [8/9] Completed Amazon klev0 k=1
    Passes: 6, Time/Memory: 523.44,135220, Output: ['6']
✅ Completed Amazon klev0 k=2: 516.07s, 136143.2KB
✅ [9/9] Completed Amazon klev0 k=2

🏁 All experiments completed!
✅ Successful: 9
❌ Failed: 0
📁 Results saved in ./results/real/average_concurrent_runs
