🎯 Total configurations to run: 9
🔄 Running with 36 parallel workers
🚀 Running Belcastro with klevB, k=644, iterations=9, file=1
  📊 Iteration 1/9 for Belcastro klevB k=644...
🚀 Running Belcastro with klevB, k=10, iterations=9, file=2
  📊 Iteration 1/9 for Belcastro klevB k=10...
🚀 Running Belcastro with klevB, k=9, iterations=9, file=3
  📊 Iteration 1/9 for Belcastro klevB k=9...
🚀 Running Belcastro with klevB, k=8, iterations=9, file=4
  📊 Iteration 1/9 for Belcastro klevB k=8...
🚀 Running Belcastro with klevB, k=7, iterations=9, file=5
  📊 Iteration 1/9 for Belcastro klevB k=7...
🚀 Running Belcastro with klevC, k=8, iterations=9, file=6
  📊 Iteration 1/9 for Belcastro klevC k=8...
🚀 Running Belcastro with klevC, k=9, iterations=9, file=7
  📊 Iteration 1/9 for Belcastro klevC k=9...
🚀 Running Belcastro with klevC, k=10, iterations=9, file=8
  📊 Iteration 1/9 for Belcastro klevC k=10...
🚀 Running Belcastro with klevC, k=644, iterations=9, file=9
  📊 Iteration 1/9 for Belcastro klevC k=644...
      Passes: 1,  Height: 0, Time/Memory: 2.37,194672
  📊 Iteration 2/9 for Belcastro klevB k=644...
      Passes: 1,  Height: 0, Time/Memory: 2.43,193652
  📊 Iteration 2/9 for Belcastro klevC k=644...
      Passes: 1,  Height: 0, Time/Memory: 2.42,194724
  📊 Iteration 3/9 for Belcastro klevB k=644...
      Passes: 1,  Height: 0, Time/Memory: 2.47,194680
  📊 Iteration 3/9 for Belcastro klevC k=644...
      Passes: 1,  Height: 0, Time/Memory: 2.43,194724
  📊 Iteration 4/9 for Belcastro klevB k=644...
      Passes: 1,  Height: 0, Time/Memory: 2.38,194684
  📊 Iteration 4/9 for Belcastro klevC k=644...
      Passes: 1,  Height: 0, Time/Memory: 2.41,194680
  📊 Iteration 5/9 for Belcastro klevB k=644...
      Passes: 1,  Height: 0, Time/Memory: 2.38,193652
  📊 Iteration 5/9 for Belcastro klevC k=644...
      Passes: 3,  Height: 12683, Time/Memory: 10.47,8276
  📊 Iteration 2/9 for Belcastro klevC k=10...
      Passes: 3,  Height: 12683, Time/Memory: 10.54,8276
  📊 Iteration 2/9 for Belcastro klevC k=9...
      Passes: 3,  Height: 12683, Time/Memory: 10.66,8316
  📊 Iteration 2/9 for Belcastro klevC k=8...
      Passes: 1,  Height: 0, Time/Memory: 2.41,194680
  📊 Iteration 6/9 for Belcastro klevB k=644...
      Passes: 4,  Height: 12595, Time/Memory: 13.00,8316
  📊 Iteration 2/9 for Belcastro klevB k=9...
      Passes: 4,  Height: 12595, Time/Memory: 13.00,8332
  📊 Iteration 2/9 for Belcastro klevB k=10...
      Passes: 4,  Height: 12595, Time/Memory: 13.08,8352
  📊 Iteration 2/9 for Belcastro klevB k=7...
      Passes: 4,  Height: 12595, Time/Memory: 13.12,7292
  📊 Iteration 2/9 for Belcastro klevB k=8...
      Passes: 1,  Height: 0, Time/Memory: 2.43,194648
  📊 Iteration 6/9 for Belcastro klevC k=644...
      Passes: 1,  Height: 0, Time/Memory: 2.42,193656
  📊 Iteration 7/9 for Belcastro klevC k=644...
      Passes: 1,  Height: 0, Time/Memory: 2.59,194648
  📊 Iteration 7/9 for Belcastro klevB k=644...
      Passes: 1,  Height: 0, Time/Memory: 2.37,194712
  📊 Iteration 8/9 for Belcastro klevC k=644...
      Passes: 1,  Height: 0, Time/Memory: 2.39,194692
  📊 Iteration 8/9 for Belcastro klevB k=644...
      Passes: 1,  Height: 0, Time/Memory: 2.38,194708
  📊 Iteration 9/9 for Belcastro klevC k=644...
      Passes: 1,  Height: 0, Time/Memory: 2.40,193652
  📊 Iteration 9/9 for Belcastro klevB k=644...
      Passes: 3,  Height: 12683, Time/Memory: 10.59,8312
  📊 Iteration 3/9 for Belcastro klevC k=10...
      Passes: 3,  Height: 12683, Time/Memory: 10.62,8316
  📊 Iteration 3/9 for Belcastro klevC k=9...
      Passes: 3,  Height: 12683, Time/Memory: 10.63,8272
  📊 Iteration 3/9 for Belcastro klevC k=8...
      Passes: 1,  Height: 0, Time/Memory: 2.34,193660
✅ Completed Belcastro klevC k=644: 2.4s, 194228.0KB
✅ [1/9] Completed Belcastro klevC k=C
      Passes: 1,  Height: 0, Time/Memory: 2.37,194664
✅ Completed Belcastro klevB k=644: 2.42s, 194570.67KB
✅ [2/9] Completed Belcastro klevB k=C
      Passes: 4,  Height: 12595, Time/Memory: 12.92,9312
  📊 Iteration 3/9 for Belcastro klevB k=9...
      Passes: 4,  Height: 12595, Time/Memory: 13.01,9344
  📊 Iteration 3/9 for Belcastro klevB k=10...
      Passes: 4,  Height: 12595, Time/Memory: 13.11,8340
  📊 Iteration 3/9 for Belcastro klevB k=7...
      Passes: 4,  Height: 12595, Time/Memory: 13.09,7244
  📊 Iteration 3/9 for Belcastro klevB k=8...
      Passes: 3,  Height: 12683, Time/Memory: 10.68,8296
  📊 Iteration 4/9 for Belcastro klevC k=9...
      Passes: 3,  Height: 12683, Time/Memory: 10.79,8272
  📊 Iteration 4/9 for Belcastro klevC k=10...
      Passes: 3,  Height: 12683, Time/Memory: 10.64,8352
  📊 Iteration 4/9 for Belcastro klevC k=8...
      Passes: 4,  Height: 12595, Time/Memory: 13.05,7316
  📊 Iteration 4/9 for Belcastro klevB k=9...
      Passes: 4,  Height: 12595, Time/Memory: 13.06,9340
  📊 Iteration 4/9 for Belcastro klevB k=10...
      Passes: 4,  Height: 12595, Time/Memory: 13.09,9384
  📊 Iteration 4/9 for Belcastro klevB k=8...
      Passes: 4,  Height: 12595, Time/Memory: 13.33,7296
  📊 Iteration 4/9 for Belcastro klevB k=7...
      Passes: 3,  Height: 12683, Time/Memory: 10.60,8288
  📊 Iteration 5/9 for Belcastro klevC k=9...
      Passes: 3,  Height: 12683, Time/Memory: 10.57,8280
  📊 Iteration 5/9 for Belcastro klevC k=8...
      Passes: 3,  Height: 12683, Time/Memory: 10.63,9380
  📊 Iteration 5/9 for Belcastro klevC k=10...
      Passes: 4,  Height: 12595, Time/Memory: 12.97,8344
  📊 Iteration 5/9 for Belcastro klevB k=9...
      Passes: 4,  Height: 12595, Time/Memory: 13.03,7288
  📊 Iteration 5/9 for Belcastro klevB k=10...
      Passes: 4,  Height: 12595, Time/Memory: 13.13,8272
  📊 Iteration 5/9 for Belcastro klevB k=8...
      Passes: 4,  Height: 12595, Time/Memory: 13.18,7256
  📊 Iteration 5/9 for Belcastro klevB k=7...
      Passes: 3,  Height: 12683, Time/Memory: 10.56,8300
  📊 Iteration 6/9 for Belcastro klevC k=8...
      Passes: 3,  Height: 12683, Time/Memory: 10.63,8364
  📊 Iteration 6/9 for Belcastro klevC k=9...
      Passes: 3,  Height: 12683, Time/Memory: 11.44,8272
  📊 Iteration 6/9 for Belcastro klevC k=10...
      Passes: 3,  Height: 12683, Time/Memory: 10.54,8344
  📊 Iteration 7/9 for Belcastro klevC k=8...
      Passes: 3,  Height: 12683, Time/Memory: 10.56,9336
  📊 Iteration 7/9 for Belcastro klevC k=9...
      Passes: 3,  Height: 12683, Time/Memory: 10.64,8312
  📊 Iteration 7/9 for Belcastro klevC k=10...
      Passes: 4,  Height: 12595, Time/Memory: 13.21,7292
  📊 Iteration 6/9 for Belcastro klevB k=9...
      Passes: 4,  Height: 12595, Time/Memory: 13.08,8324
  📊 Iteration 6/9 for Belcastro klevB k=10...
      Passes: 4,  Height: 12595, Time/Memory: 13.16,8292
  📊 Iteration 6/9 for Belcastro klevB k=8...
      Passes: 4,  Height: 12595, Time/Memory: 13.19,7284
  📊 Iteration 6/9 for Belcastro klevB k=7...
      Passes: 3,  Height: 12683, Time/Memory: 10.55,8356
  📊 Iteration 8/9 for Belcastro klevC k=8...
      Passes: 3,  Height: 12683, Time/Memory: 10.55,8324
  📊 Iteration 8/9 for Belcastro klevC k=9...
      Passes: 3,  Height: 12683, Time/Memory: 10.54,9340
  📊 Iteration 8/9 for Belcastro klevC k=10...
      Passes: 4,  Height: 12595, Time/Memory: 13.00,9372
  📊 Iteration 7/9 for Belcastro klevB k=10...
      Passes: 4,  Height: 12595, Time/Memory: 13.14,8296
  📊 Iteration 7/9 for Belcastro klevB k=9...
      Passes: 4,  Height: 12595, Time/Memory: 13.18,9340
  📊 Iteration 7/9 for Belcastro klevB k=8...
      Passes: 4,  Height: 12595, Time/Memory: 13.16,7300
  📊 Iteration 7/9 for Belcastro klevB k=7...
      Passes: 3,  Height: 12683, Time/Memory: 10.63,8300
  📊 Iteration 9/9 for Belcastro klevC k=8...
      Passes: 3,  Height: 12683, Time/Memory: 10.77,8340
  📊 Iteration 9/9 for Belcastro klevC k=9...
      Passes: 3,  Height: 12683, Time/Memory: 10.55,9360
  📊 Iteration 9/9 for Belcastro klevC k=10...
      Passes: 4,  Height: 12595, Time/Memory: 13.02,9324
  📊 Iteration 8/9 for Belcastro klevB k=10...
      Passes: 4,  Height: 12595, Time/Memory: 13.45,8296
  📊 Iteration 8/9 for Belcastro klevB k=9...
      Passes: 4,  Height: 12595, Time/Memory: 13.22,8356
  📊 Iteration 8/9 for Belcastro klevB k=8...
      Passes: 4,  Height: 12595, Time/Memory: 13.05,8312
  📊 Iteration 8/9 for Belcastro klevB k=7...
      Passes: 3,  Height: 12683, Time/Memory: 10.69,8280
✅ Completed Belcastro klevC k=8: 10.61s, 8311.11KB
✅ [3/9] Completed Belcastro klevC k=8
      Passes: 3,  Height: 12683, Time/Memory: 10.87,9340
✅ Completed Belcastro klevC k=9: 10.65s, 8542.22KB
✅ [4/9] Completed Belcastro klevC k=9
      Passes: 3,  Height: 12683, Time/Memory: 10.53,8312
✅ Completed Belcastro klevC k=10: 10.69s, 8648.44KB
✅ [5/9] Completed Belcastro klevC k=10
      Passes: 4,  Height: 12595, Time/Memory: 12.99,9276
  📊 Iteration 9/9 for Belcastro klevB k=10...
      Passes: 4,  Height: 12595, Time/Memory: 13.02,8316
  📊 Iteration 9/9 for Belcastro klevB k=9...
      Passes: 4,  Height: 12595, Time/Memory: 13.04,8276
  📊 Iteration 9/9 for Belcastro klevB k=8...
      Passes: 4,  Height: 12595, Time/Memory: 13.14,7316
  📊 Iteration 9/9 for Belcastro klevB k=7...
      Passes: 4,  Height: 12595, Time/Memory: 13.39,8268
✅ Completed Belcastro klevB k=10: 13.06s, 8763.11KB
✅ [6/9] Completed Belcastro klevB k=10
      Passes: 4,  Height: 12595, Time/Memory: 12.98,8308
✅ Completed Belcastro klevB k=9: 13.08s, 8199.56KB
✅ [7/9] Completed Belcastro klevB k=9
      Passes: 4,  Height: 12595, Time/Memory: 13.08,8296
✅ Completed Belcastro klevB k=8: 13.12s, 8305.78KB
✅ [8/9] Completed Belcastro klevB k=8
      Passes: 4,  Height: 12595, Time/Memory: 13.15,8324
✅ Completed Belcastro klevB k=7: 13.15s, 7753.33KB
✅ [9/9] Completed Belcastro klevB k=7

🏁 All experiments completed!
✅ Successful: 9
❌ Failed: 0
📁 Results saved in ./results/real/average_concurrent_runs
