🎯 Total configurations to run: 9
🔄 Running with 36 parallel workers
🚀 Running Belcastro with klev1, k=5, iterations=15, file=1
  📊 Iteration 1/15 for Belcastro klev1 k=5...
🚀 Running Belcastro with klev1, k=10, iterations=15, file=3
  📊 Iteration 1/15 for Belcastro klev1 k=10...
🚀 Running Belcastro with klev1, k=8, iterations=15, file=2
  📊 Iteration 1/15 for Belcastro klev1 k=8...
🚀 Running Twitch with klev1, k=3, iterations=5, file=1
  📊 Iteration 1/5 for Twitch klev1 k=3...
🚀 Running Twitch with klev0, k=5, iterations=10, file=2
  📊 Iteration 1/10 for Twitch klev0 k=5...
🚀 Running Twitch with klev1, k=4, iterations=5, file=3
  📊 Iteration 1/5 for Twitch klev1 k=4...
🚀 Running Amazon with klev0, k=2, iterations=6, file=1
  📊 Iteration 1/6 for Amazon klev0 k=2...
🚀 Running Amazon with klev0, k=3, iterations=5, file=2
  📊 Iteration 1/5 for Amazon klev0 k=3...
🚀 Running Amazon with klev0, k=4, iterations=4, file=3
  📊 Iteration 1/4 for Amazon klev0 k=4...
    Passes: 3, Time/Memory: 10.61,9252, Output: ['3']
  📊 Iteration 2/15 for Belcastro klev1 k=5...
    Passes: 3, Time/Memory: 11.05,9296, Output: ['3']
  📊 Iteration 2/15 for Belcastro klev1 k=8...
    Passes: 3, Time/Memory: 11.30,8256, Output: ['3']
  📊 Iteration 2/15 for Belcastro klev1 k=10...
    Passes: 3, Time/Memory: 10.87,9308, Output: ['3']
  📊 Iteration 3/15 for Belcastro klev1 k=5...
    Passes: 3, Time/Memory: 10.99,8228, Output: ['3']
  📊 Iteration 3/15 for Belcastro klev1 k=8...
    Passes: 3, Time/Memory: 11.60,9272, Output: ['3']
  📊 Iteration 3/15 for Belcastro klev1 k=10...
    Passes: 3, Time/Memory: 10.70,9252, Output: ['3']
  📊 Iteration 4/15 for Belcastro klev1 k=5...
    Passes: 3, Time/Memory: 10.33,9260, Output: ['3']
  📊 Iteration 4/15 for Belcastro klev1 k=8...
    Passes: 5, Time/Memory: 35.21,74848, Output: ['5']
  📊 Iteration 2/10 for Twitch klev0 k=5...
    Passes: 3, Time/Memory: 14.02,9252, Output: ['3']
  📊 Iteration 4/15 for Belcastro klev1 k=10...
    Passes: 4, Time/Memory: 38.27,73828, Output: ['4']
  📊 Iteration 2/5 for Twitch klev1 k=3...
    Passes: 3, Time/Memory: 10.54,9268, Output: ['3']
  📊 Iteration 5/15 for Belcastro klev1 k=5...
    Passes: 3, Time/Memory: 10.43,9336, Output: ['3']
  📊 Iteration 5/15 for Belcastro klev1 k=8...
    Passes: 3, Time/Memory: 10.53,9252, Output: ['3']
  📊 Iteration 5/15 for Belcastro klev1 k=10...
    Passes: 4, Time/Memory: 48.07,72736, Output: ['4']
  📊 Iteration 2/5 for Twitch klev1 k=4...
    Passes: 3, Time/Memory: 10.62,9288, Output: ['3']
  📊 Iteration 6/15 for Belcastro klev1 k=5...
    Passes: 3, Time/Memory: 10.79,8228, Output: ['3']
  📊 Iteration 6/15 for Belcastro klev1 k=8...
    Passes: 3, Time/Memory: 10.83,9248, Output: ['3']
  📊 Iteration 6/15 for Belcastro klev1 k=10...
    Passes: 3, Time/Memory: 10.53,8276, Output: ['3']
  📊 Iteration 7/15 for Belcastro klev1 k=5...
    Passes: 3, Time/Memory: 10.87,9252, Output: ['3']
  📊 Iteration 7/15 for Belcastro klev1 k=8...
    Passes: 3, Time/Memory: 10.55,9288, Output: ['3']
  📊 Iteration 7/15 for Belcastro klev1 k=10...
    Passes: 4, Time/Memory: 31.46,74788, Output: ['4']
  📊 Iteration 3/5 for Twitch klev1 k=3...
    Passes: 5, Time/Memory: 38.06,74816, Output: ['5']
  📊 Iteration 3/10 for Twitch klev0 k=5...
    Passes: 3, Time/Memory: 10.33,8220, Output: ['3']
  📊 Iteration 8/15 for Belcastro klev1 k=5...
    Passes: 3, Time/Memory: 10.97,9252, Output: ['3']
  📊 Iteration 8/15 for Belcastro klev1 k=8...
    Passes: 3, Time/Memory: 10.91,9336, Output: ['3']
  📊 Iteration 8/15 for Belcastro klev1 k=10...
    Passes: 3, Time/Memory: 10.49,9252, Output: ['3']
  📊 Iteration 9/15 for Belcastro klev1 k=5...
    Passes: 3, Time/Memory: 11.18,8244, Output: ['3']
  📊 Iteration 9/15 for Belcastro klev1 k=8...
    Passes: 4, Time/Memory: 42.06,73804, Output: ['4']
  📊 Iteration 3/5 for Twitch klev1 k=4...
    Passes: 3, Time/Memory: 10.78,9252, Output: ['3']
  📊 Iteration 9/15 for Belcastro klev1 k=10...
    Passes: 3, Time/Memory: 10.52,9296, Output: ['3']
  📊 Iteration 10/15 for Belcastro klev1 k=5...
    Passes: 3, Time/Memory: 10.64,8228, Output: ['3']
  📊 Iteration 10/15 for Belcastro klev1 k=8...
    Passes: 4, Time/Memory: 30.38,73760, Output: ['4']
  📊 Iteration 4/5 for Twitch klev1 k=3...
    Passes: 3, Time/Memory: 10.73,8308, Output: ['3']
  📊 Iteration 10/15 for Belcastro klev1 k=10...
    Passes: 3, Time/Memory: 10.35,9248, Output: ['3']
  📊 Iteration 11/15 for Belcastro klev1 k=5...
    Passes: 3, Time/Memory: 11.24,8260, Output: ['3']
  📊 Iteration 11/15 for Belcastro klev1 k=8...
    Passes: 3, Time/Memory: 11.17,8224, Output: ['3']
  📊 Iteration 11/15 for Belcastro klev1 k=10...
    Passes: 5, Time/Memory: 39.63,73792, Output: ['5']
  📊 Iteration 4/10 for Twitch klev0 k=5...
    Passes: 3, Time/Memory: 10.59,9288, Output: ['3']
  📊 Iteration 12/15 for Belcastro klev1 k=5...
    Passes: 3, Time/Memory: 11.05,8228, Output: ['3']
  📊 Iteration 12/15 for Belcastro klev1 k=8...
    Passes: 3, Time/Memory: 10.96,9252, Output: ['3']
  📊 Iteration 12/15 for Belcastro klev1 k=10...
    Passes: 3, Time/Memory: 11.13,8308, Output: ['3']
  📊 Iteration 13/15 for Belcastro klev1 k=5...
    Passes: 3, Time/Memory: 10.97,8220, Output: ['3']
  📊 Iteration 13/15 for Belcastro klev1 k=8...
    Passes: 4, Time/Memory: 41.79,73764, Output: ['4']
  📊 Iteration 4/5 for Twitch klev1 k=4...
    Passes: 3, Time/Memory: 10.48,9252, Output: ['3']
  📊 Iteration 13/15 for Belcastro klev1 k=10...
    Passes: 3, Time/Memory: 10.97,8316, Output: ['3']
  📊 Iteration 14/15 for Belcastro klev1 k=5...
    Passes: 4, Time/Memory: 41.05,73764, Output: ['4']
  📊 Iteration 5/5 for Twitch klev1 k=3...
    Passes: 3, Time/Memory: 10.58,9260, Output: ['3']
  📊 Iteration 14/15 for Belcastro klev1 k=8...
    Passes: 3, Time/Memory: 10.54,8316, Output: ['3']
  📊 Iteration 14/15 for Belcastro klev1 k=10...
    Passes: 5, Time/Memory: 35.70,72792, Output: ['5']
  📊 Iteration 5/10 for Twitch klev0 k=5...
    Passes: 3, Time/Memory: 11.67,8276, Output: ['3']
  📊 Iteration 15/15 for Belcastro klev1 k=5...
    Passes: 3, Time/Memory: 11.44,9300, Output: ['3']
  📊 Iteration 15/15 for Belcastro klev1 k=8...
    Passes: 3, Time/Memory: 10.63,9252, Output: ['3']
  📊 Iteration 15/15 for Belcastro klev1 k=10...
    Passes: 3, Time/Memory: 12.88,8260, Output: ['3']
✅ Completed Belcastro klev1 k=5: 10.85s, 8873.87KB
✅ [1/9] Completed Belcastro klev1 k=5
    Passes: 3, Time/Memory: 11.02,8228, Output: ['3']
✅ Completed Belcastro klev1 k=8: 10.9s, 8721.33KB
✅ [2/9] Completed Belcastro klev1 k=8
    Passes: 3, Time/Memory: 10.63,8220, Output: ['3']
✅ Completed Belcastro klev1 k=10: 11.04s, 8932.0KB
✅ [3/9] Completed Belcastro klev1 k=10
    Passes: 4, Time/Memory: 30.75,74788, Output: ['4']
✅ Completed Twitch klev1 k=3: 34.38s, 74185.6KB
✅ [4/9] Completed Twitch klev1 k=3
    Passes: 4, Time/Memory: 42.66,72732, Output: ['4']
  📊 Iteration 5/5 for Twitch klev1 k=4...
    Passes: 5, Time/Memory: 33.94,74816, Output: ['5']
  📊 Iteration 6/10 for Twitch klev0 k=5...
    Passes: 5, Time/Memory: 34.06,74784, Output: ['5']
  📊 Iteration 7/10 for Twitch klev0 k=5...
    Passes: 4, Time/Memory: 43.72,74852, Output: ['4']
✅ Completed Twitch klev1 k=4: 43.66s, 73577.6KB
✅ [5/9] Completed Twitch klev1 k=4
    Passes: 5, Time/Memory: 40.10,73776, Output: ['5']
  📊 Iteration 8/10 for Twitch klev0 k=5...
    Passes: 5, Time/Memory: 54.08,71716, Output: ['5']
  📊 Iteration 9/10 for Twitch klev0 k=5...
    Passes: 5, Time/Memory: 49.28,74820, Output: ['5']
  📊 Iteration 10/10 for Twitch klev0 k=5...
    Passes: 5, Time/Memory: 45.44,72764, Output: ['5']
✅ Completed Twitch klev0 k=5: 40.55s, 73892.4KB
✅ [6/9] Completed Twitch klev0 k=5
    Passes: 6, Time/Memory: 516.22,136228, Output: ['6']
  📊 Iteration 2/5 for Amazon klev0 k=3...
    Passes: 6, Time/Memory: 526.71,135200, Output: ['6']
  📊 Iteration 2/4 for Amazon klev0 k=4...
    Passes: 6, Time/Memory: 530.44,136228, Output: ['6']
  📊 Iteration 2/6 for Amazon klev0 k=2...
    Passes: 6, Time/Memory: 489.46,136224, Output: ['6']
  📊 Iteration 3/6 for Amazon klev0 k=2...
    Passes: 6, Time/Memory: 529.02,135236, Output: ['6']
  📊 Iteration 3/4 for Amazon klev0 k=4...
    Passes: 6, Time/Memory: 541.84,136256, Output: ['6']
  📊 Iteration 3/5 for Amazon klev0 k=3...
    Passes: 6, Time/Memory: 487.20,134180, Output: ['6']
  📊 Iteration 4/6 for Amazon klev0 k=2...
    Passes: 6, Time/Memory: 511.25,136260, Output: ['6']
  📊 Iteration 4/5 for Amazon klev0 k=3...
    Passes: 6, Time/Memory: 522.46,135204, Output: ['6']
  📊 Iteration 4/4 for Amazon klev0 k=4...
    Passes: 6, Time/Memory: 517.06,133156, Output: ['6']
  📊 Iteration 5/6 for Amazon klev0 k=2...
    Passes: 6, Time/Memory: 504.47,134224, Output: ['6']
  📊 Iteration 5/5 for Amazon klev0 k=3...
    Passes: 6, Time/Memory: 531.38,135204, Output: ['6']
✅ Completed Amazon klev0 k=4: 527.39s, 135211.0KB
✅ [7/9] Completed Amazon klev0 k=4
    Passes: 6, Time/Memory: 516.97,136252, Output: ['6']
  📊 Iteration 6/6 for Amazon klev0 k=2...
    Passes: 6, Time/Memory: 521.87,135232, Output: ['6']
✅ Completed Amazon klev0 k=3: 519.13s, 135640.0KB
✅ [8/9] Completed Amazon klev0 k=3
    Passes: 6, Time/Memory: 486.40,135204, Output: ['6']
✅ Completed Amazon klev0 k=2: 504.59s, 135207.33KB
✅ [9/9] Completed Amazon klev0 k=2

🏁 All experiments completed!
✅ Successful: 9
❌ Failed: 0
📁 Results saved in ./results/real/average_concurrent_runs
