🎯 Total configurations to run: 5
🔄 Running with 36 parallel workers
🚀 Running Amazon with klev0, k=10, iterations=20, file=1
  📊 Iteration 1/20 for Amazon klev0 k=10...
🚀 Running Amazon with klev0, k=4, iterations=20, file=2
  📊 Iteration 1/20 for Amazon klev0 k=4...
🚀 Running Amazon with klev0, k=3, iterations=20, file=3
  📊 Iteration 1/20 for Amazon klev0 k=3...
🚀 Running Amazon with klev0, k=2, iterations=20, file=4
  📊 Iteration 1/20 for Amazon klev0 k=2...
🚀 Running Amazon with klevN, k=2, iterations=20, file=5
  📊 Iteration 1/20 for Amazon klevN k=2...
    Passes: 2, Time/Memory: 416.66,178252, Output: ['2']
  📊 Iteration 2/20 for Amazon klevN k=2...
    Passes: 6, Time/Memory: 500.80,136228, Output: ['6']
  📊 Iteration 2/20 for Amazon klev0 k=10...
    Passes: 6, Time/Memory: 509.32,135204, Output: ['6']
  📊 Iteration 2/20 for Amazon klev0 k=4...
    Passes: 6, Time/Memory: 547.82,135236, Output: ['6']
  📊 Iteration 2/20 for Amazon klev0 k=2...
    Passes: 6, Time/Memory: 553.30,135204, Output: ['6']
  📊 Iteration 2/20 for Amazon klev0 k=3...
    Passes: 2, Time/Memory: 448.18,177188, Output: ['2']
  📊 Iteration 3/20 for Amazon klevN k=2...
    Passes: 6, Time/Memory: 533.95,135252, Output: ['6']
  📊 Iteration 3/20 for Amazon klev0 k=10...
    Passes: 6, Time/Memory: 527.51,136228, Output: ['6']
  📊 Iteration 3/20 for Amazon klev0 k=4...
    Passes: 6, Time/Memory: 522.88,136228, Output: ['6']
  📊 Iteration 3/20 for Amazon klev0 k=3...
    Passes: 6, Time/Memory: 530.16,136256, Output: ['6']
  📊 Iteration 3/20 for Amazon klev0 k=2...
    Passes: 2, Time/Memory: 472.23,178252, Output: ['2']
  📊 Iteration 4/20 for Amazon klevN k=2...
    Passes: 6, Time/Memory: 545.50,133156, Output: ['6']
  📊 Iteration 4/20 for Amazon klev0 k=4...
    Passes: 6, Time/Memory: 552.15,136228, Output: ['6']
  📊 Iteration 4/20 for Amazon klev0 k=10...
    Passes: 6, Time/Memory: 545.39,135204, Output: ['6']
  📊 Iteration 4/20 for Amazon klev0 k=3...
    Passes: 6, Time/Memory: 558.60,136244, Output: ['6']
  📊 Iteration 4/20 for Amazon klev0 k=2...
    Passes: 2, Time/Memory: 389.28,178296, Output: ['2']
  📊 Iteration 5/20 for Amazon klevN k=2...
    Passes: 6, Time/Memory: 499.95,136228, Output: ['6']
  📊 Iteration 5/20 for Amazon klev0 k=4...
    Passes: 2, Time/Memory: 389.08,178212, Output: ['2']
  📊 Iteration 6/20 for Amazon klevN k=2...
    Passes: 6, Time/Memory: 556.96,136244, Output: ['6']
  📊 Iteration 5/20 for Amazon klev0 k=10...
    Passes: 6, Time/Memory: 555.89,135204, Output: ['6']
  📊 Iteration 5/20 for Amazon klev0 k=3...
    Passes: 6, Time/Memory: 567.24,136224, Output: ['6']
  📊 Iteration 5/20 for Amazon klev0 k=2...
    Passes: 2, Time/Memory: 448.74,177188, Output: ['2']
  📊 Iteration 7/20 for Amazon klevN k=2...
    Passes: 6, Time/Memory: 505.94,136276, Output: ['6']
  📊 Iteration 6/20 for Amazon klev0 k=4...
    Passes: 6, Time/Memory: 497.33,136260, Output: ['6']
  📊 Iteration 6/20 for Amazon klev0 k=3...
    Passes: 6, Time/Memory: 554.10,136228, Output: ['6']
  📊 Iteration 6/20 for Amazon klev0 k=10...
    Passes: 6, Time/Memory: 576.58,135204, Output: ['6']
  📊 Iteration 6/20 for Amazon klev0 k=2...
    Passes: 2, Time/Memory: 382.84,177256, Output: ['2']
  📊 Iteration 8/20 for Amazon klevN k=2...
    Passes: 6, Time/Memory: 483.62,136228, Output: ['6']
  📊 Iteration 7/20 for Amazon klev0 k=4...
    Passes: 6, Time/Memory: 481.87,136264, Output: ['6']
  📊 Iteration 7/20 for Amazon klev0 k=3...
    Passes: 6, Time/Memory: 577.14,135204, Output: ['6']
  📊 Iteration 7/20 for Amazon klev0 k=10...
    Passes: 2, Time/Memory: 380.50,178268, Output: ['2']
  📊 Iteration 9/20 for Amazon klevN k=2...
    Passes: 6, Time/Memory: 705.61,137324, Output: ['6']
  📊 Iteration 7/20 for Amazon klev0 k=2...
    Passes: 6, Time/Memory: 485.37,137252, Output: ['6']
  📊 Iteration 8/20 for Amazon klev0 k=4...
    Passes: 6, Time/Memory: 482.69,136256, Output: ['6']
  📊 Iteration 8/20 for Amazon klev0 k=3...
    Passes: 2, Time/Memory: 379.30,178212, Output: ['2']
  📊 Iteration 10/20 for Amazon klevN k=2...
    Passes: 6, Time/Memory: 571.81,137252, Output: ['6']
  📊 Iteration 8/20 for Amazon klev0 k=10...
    Passes: 6, Time/Memory: 482.62,136256, Output: ['6']
  📊 Iteration 9/20 for Amazon klev0 k=4...
    Passes: 2, Time/Memory: 378.93,179320, Output: ['2']
  📊 Iteration 11/20 for Amazon klevN k=2...
    Passes: 6, Time/Memory: 481.10,136276, Output: ['6']
  📊 Iteration 9/20 for Amazon klev0 k=3...
    Passes: 6, Time/Memory: 657.42,136252, Output: ['6']
  📊 Iteration 8/20 for Amazon klev0 k=2...
    Passes: 6, Time/Memory: 575.75,136228, Output: ['6']
  📊 Iteration 9/20 for Amazon klev0 k=10...
    Passes: 2, Time/Memory: 376.81,179236, Output: ['2']
  📊 Iteration 12/20 for Amazon klevN k=2...
    Passes: 6, Time/Memory: 528.47,133172, Output: ['6']
  📊 Iteration 10/20 for Amazon klev0 k=4...
    Passes: 6, Time/Memory: 481.42,136224, Output: ['6']
  📊 Iteration 10/20 for Amazon klev0 k=3...
    Passes: 6, Time/Memory: 586.82,135204, Output: ['6']
  📊 Iteration 9/20 for Amazon klev0 k=2...
    Passes: 2, Time/Memory: 377.32,178232, Output: ['2']
  📊 Iteration 13/20 for Amazon klevN k=2...
    Passes: 6, Time/Memory: 598.20,136316, Output: ['6']
  📊 Iteration 10/20 for Amazon klev0 k=10...
    Passes: 6, Time/Memory: 488.23,136252, Output: ['6']
  📊 Iteration 11/20 for Amazon klev0 k=4...
    Passes: 6, Time/Memory: 516.12,136296, Output: ['6']
  📊 Iteration 11/20 for Amazon klev0 k=3...
    Passes: 2, Time/Memory: 377.38,177228, Output: ['2']
  📊 Iteration 14/20 for Amazon klevN k=2...
    Passes: 6, Time/Memory: 525.71,135264, Output: ['6']
  📊 Iteration 10/20 for Amazon klev0 k=2...
    Passes: 6, Time/Memory: 488.07,136228, Output: ['6']
  📊 Iteration 12/20 for Amazon klev0 k=4...
    Passes: 6, Time/Memory: 570.99,136264, Output: ['6']
  📊 Iteration 11/20 for Amazon klev0 k=10...
    Passes: 2, Time/Memory: 453.56,177188, Output: ['2']
  📊 Iteration 15/20 for Amazon klevN k=2...
    Passes: 6, Time/Memory: 608.71,135228, Output: ['6']
  📊 Iteration 12/20 for Amazon klev0 k=3...
    Passes: 6, Time/Memory: 543.00,134180, Output: ['6']
  📊 Iteration 11/20 for Amazon klev0 k=2...
    Passes: 6, Time/Memory: 501.92,135212, Output: ['6']
  📊 Iteration 13/20 for Amazon klev0 k=4...
    Passes: 2, Time/Memory: 431.55,178212, Output: ['2']
  📊 Iteration 16/20 for Amazon klevN k=2...
    Passes: 6, Time/Memory: 560.28,136268, Output: ['6']
  📊 Iteration 12/20 for Amazon klev0 k=10...
    Passes: 6, Time/Memory: 619.15,135204, Output: ['6']
  📊 Iteration 13/20 for Amazon klev0 k=3...
    Passes: 6, Time/Memory: 567.86,136228, Output: ['6']
  📊 Iteration 12/20 for Amazon klev0 k=2...
    Passes: 2, Time/Memory: 429.55,179252, Output: ['2']
  📊 Iteration 17/20 for Amazon klevN k=2...
    Passes: 6, Time/Memory: 559.13,137252, Output: ['6']
  📊 Iteration 13/20 for Amazon klev0 k=10...
    Passes: 6, Time/Memory: 665.79,136228, Output: ['6']
  📊 Iteration 14/20 for Amazon klev0 k=4...
    Passes: 6, Time/Memory: 570.87,136312, Output: ['6']
  📊 Iteration 14/20 for Amazon klev0 k=3...
    Passes: 6, Time/Memory: 588.72,136228, Output: ['6']
  📊 Iteration 13/20 for Amazon klev0 k=2...
    Passes: 2, Time/Memory: 439.05,179232, Output: ['2']
  📊 Iteration 18/20 for Amazon klevN k=2...
    Passes: 6, Time/Memory: 511.88,135204, Output: ['6']
  📊 Iteration 15/20 for Amazon klev0 k=4...
    Passes: 6, Time/Memory: 554.34,136228, Output: ['6']
  📊 Iteration 14/20 for Amazon klev0 k=10...
    Passes: 2, Time/Memory: 432.67,176164, Output: ['2']
  📊 Iteration 19/20 for Amazon klevN k=2...
    Passes: 6, Time/Memory: 576.78,136228, Output: ['6']
  📊 Iteration 15/20 for Amazon klev0 k=3...
    Passes: 6, Time/Memory: 599.87,134204, Output: ['6']
  📊 Iteration 14/20 for Amazon klev0 k=2...
    Passes: 6, Time/Memory: 574.96,136228, Output: ['6']
  📊 Iteration 16/20 for Amazon klev0 k=4...
    Passes: 2, Time/Memory: 395.98,178240, Output: ['2']
  📊 Iteration 20/20 for Amazon klevN k=2...
    Passes: 6, Time/Memory: 585.98,132164, Output: ['6']
  📊 Iteration 15/20 for Amazon klev0 k=10...
    Passes: 6, Time/Memory: 528.09,135204, Output: ['6']
  📊 Iteration 15/20 for Amazon klev0 k=2...
    Passes: 6, Time/Memory: 594.14,136228, Output: ['6']
  📊 Iteration 16/20 for Amazon klev0 k=3...
    Passes: 2, Time/Memory: 425.42,178264, Output: ['2']
✅ Completed Amazon klevN k=2: 411.25s, 178084.6KB
✅ [1/5] Completed Amazon klevN k=2
    Passes: 6, Time/Memory: 556.99,136220, Output: ['6']
  📊 Iteration 17/20 for Amazon klev0 k=4...
    Passes: 6, Time/Memory: 561.87,134180, Output: ['6']
  📊 Iteration 16/20 for Amazon klev0 k=10...
    Passes: 6, Time/Memory: 516.58,135204, Output: ['6']
  📊 Iteration 16/20 for Amazon klev0 k=2...
    Passes: 6, Time/Memory: 575.73,134200, Output: ['6']
  📊 Iteration 17/20 for Amazon klev0 k=3...
    Passes: 6, Time/Memory: 552.67,136220, Output: ['6']
  📊 Iteration 18/20 for Amazon klev0 k=4...
    Passes: 6, Time/Memory: 544.38,136256, Output: ['6']
  📊 Iteration 17/20 for Amazon klev0 k=10...
    Passes: 6, Time/Memory: 553.61,135204, Output: ['6']
  📊 Iteration 17/20 for Amazon klev0 k=2...
    Passes: 6, Time/Memory: 535.53,136296, Output: ['6']
  📊 Iteration 18/20 for Amazon klev0 k=3...
    Passes: 6, Time/Memory: 532.25,136228, Output: ['6']
  📊 Iteration 19/20 for Amazon klev0 k=4...
    Passes: 6, Time/Memory: 520.22,136228, Output: ['6']
  📊 Iteration 18/20 for Amazon klev0 k=10...
    Passes: 6, Time/Memory: 530.95,136248, Output: ['6']
  📊 Iteration 18/20 for Amazon klev0 k=2...
    Passes: 6, Time/Memory: 533.92,136256, Output: ['6']
  📊 Iteration 19/20 for Amazon klev0 k=3...
    Passes: 6, Time/Memory: 540.14,135232, Output: ['6']
  📊 Iteration 20/20 for Amazon klev0 k=4...
    Passes: 6, Time/Memory: 529.68,136228, Output: ['6']
  📊 Iteration 19/20 for Amazon klev0 k=10...
    Passes: 6, Time/Memory: 519.97,136256, Output: ['6']
  📊 Iteration 19/20 for Amazon klev0 k=2...
    Passes: 6, Time/Memory: 526.23,136228, Output: ['6']
  📊 Iteration 20/20 for Amazon klev0 k=3...
    Passes: 6, Time/Memory: 530.33,136276, Output: ['6']
✅ Completed Amazon klev0 k=4: 525.58s, 135776.4KB
✅ [2/5] Completed Amazon klev0 k=4
    Passes: 6, Time/Memory: 522.21,137296, Output: ['6']
  📊 Iteration 20/20 for Amazon klev0 k=10...
    Passes: 6, Time/Memory: 519.51,136228, Output: ['6']
  📊 Iteration 20/20 for Amazon klev0 k=2...
    Passes: 6, Time/Memory: 524.07,136252, Output: ['6']
✅ Completed Amazon klev0 k=3: 539.16s, 135892.4KB
✅ [3/5] Completed Amazon klev0 k=3
    Passes: 6, Time/Memory: 521.49,134212, Output: ['6']
✅ Completed Amazon klev0 k=10: 552.57s, 135887.8KB
✅ [4/5] Completed Amazon klev0 k=10
    Passes: 6, Time/Memory: 522.62,135232, Output: ['6']
✅ Completed Amazon klev0 k=2: 562.34s, 135681.2KB
✅ [5/5] Completed Amazon klev0 k=2

🏁 All experiments completed!
✅ Successful: 5
❌ Failed: 0
📁 Results saved in ./results/real/average_concurrent_runs
