🎯 Total configurations to run: 1
🔄 Running with 24 parallel workers
🚀 Running Orkut with klev0, k=7, iterations=10, file=5
  📊 Iteration 1/10 for Orkut klev0 k=7...
    Passes: 6, Time/Memory: 12154.45,1448960, Output: ['6']
  📊 Iteration 2/10 for Orkut klev0 k=7...
    Passes: 6, Time/Memory: 12198.41,1449984, Output: ['6']
  📊 Iteration 3/10 for Orkut klev0 k=7...
    Passes: 6, Time/Memory: 12337.27,1448960, Output: ['6']
  📊 Iteration 4/10 for Orkut klev0 k=7...
    Passes: 6, Time/Memory: 12372.98,1448960, Output: ['6']
  📊 Iteration 5/10 for Orkut klev0 k=7...
    Passes: 6, Time/Memory: 12387.36,1448960, Output: ['6']
  📊 Iteration 6/10 for Orkut klev0 k=7...
    Passes: 6, Time/Memory: 12282.87,1449984, Output: ['6']
  📊 Iteration 7/10 for Orkut klev0 k=7...
    Passes: 6, Time/Memory: 12283.13,1449984, Output: ['6']
  📊 Iteration 8/10 for Orkut klev0 k=7...
    Passes: 6, Time/Memory: 12292.26,1449984, Output: ['6']
  📊 Iteration 9/10 for Orkut klev0 k=7...
    Passes: 6, Time/Memory: 12347.51,1448960, Output: ['6']
  📊 Iteration 10/10 for Orkut klev0 k=7...
    Passes: 6, Time/Memory: 12406.95,1449984, Output: ['6']
✅ Completed Orkut klev0 k=7: 12306.32s, 1449472.0KB
✅ [1/1] Completed Orkut klev0 k=7

🏁 All experiments completed!
✅ Successful: 1
❌ Failed: 0
📁 Results saved in ./results/real/average_concurrent_runs
