🎯 Total configurations to run: 2
🔄 Running with 36 parallel workers
🚀 Running Twitch with kpath2, k=4, iterations=12, file=1
  📊 Iteration 1/12 for Twitch kpath2 k=4...
🚀 Running Twitch with kpathN, k=2, iterations=5, file=3
  📊 Iteration 1/5 for Twitch kpathN k=2...
    Passes: 9, Time/Memory: 29.74,124220, Output: ['9']
  📊 Iteration 2/12 for Twitch kpath2 k=4...
    Passes: 19, Time/Memory: 54.11,94808, Output: ['19']
  📊 Iteration 2/5 for Twitch kpathN k=2...
    Passes: 9, Time/Memory: 29.90,124500, Output: ['9']
  📊 Iteration 3/12 for Twitch kpath2 k=4...
    Passes: 9, Time/Memory: 29.74,124496, Output: ['9']
  📊 Iteration 4/12 for Twitch kpath2 k=4...
    Passes: 19, Time/Memory: 54.30,95032, Output: ['19']
  📊 Iteration 3/5 for Twitch kpathN k=2...
    Passes: 9, Time/Memory: 29.95,124472, Output: ['9']
  📊 Iteration 5/12 for Twitch kpath2 k=4...
    Passes: 9, Time/Memory: 29.49,124224, Output: ['9']
  📊 Iteration 6/12 for Twitch kpath2 k=4...
    Passes: 19, Time/Memory: 56.02,94000, Output: ['19']
  📊 Iteration 4/5 for Twitch kpathN k=2...
    Passes: 9, Time/Memory: 29.76,124492, Output: ['9']
  📊 Iteration 7/12 for Twitch kpath2 k=4...
    Passes: 9, Time/Memory: 30.06,124260, Output: ['9']
  📊 Iteration 8/12 for Twitch kpath2 k=4...
    Passes: 19, Time/Memory: 52.72,94716, Output: ['19']
  📊 Iteration 5/5 for Twitch kpathN k=2...
    Passes: 9, Time/Memory: 30.14,124508, Output: ['9']
  📊 Iteration 9/12 for Twitch kpath2 k=4...
    Passes: 19, Time/Memory: 52.09,94020, Output: ['19']
✅ Completed Twitch kpathN k=2: 53.85s, 94515.2KB
✅ [1/2] Completed Twitch kpathN k=2
    Passes: 9, Time/Memory: 29.96,124228, Output: ['9']
  📊 Iteration 10/12 for Twitch kpath2 k=4...
    Passes: 9, Time/Memory: 29.88,124224, Output: ['9']
  📊 Iteration 11/12 for Twitch kpath2 k=4...
    Passes: 9, Time/Memory: 30.03,124224, Output: ['9']
  📊 Iteration 12/12 for Twitch kpath2 k=4...
    Passes: 9, Time/Memory: 29.70,124224, Output: ['9']
✅ Completed Twitch kpath2 k=4: 29.86s, 124339.33KB
✅ [2/2] Completed Twitch kpath2 k=4

🏁 All experiments completed!
✅ Successful: 2
❌ Failed: 0
📁 Results saved in ./results/real/average_concurrent_runs
