🎯 Total configurations to run: 18
🔄 Running with 36 parallel workers
🚀 Running Belcastro with klevA, k=1, iterations=9, file=1
  📊 Iteration 1/9 for Belcastro klevA k=1...
🚀 Running Belcastro with klevC, k=2, iterations=9, file=2
  📊 Iteration 1/9 for Belcastro klevC k=2...
🚀 Running Belcastro with kpathC, k=3, iterations=9, file=3
  📊 Iteration 1/9 for Belcastro kpathC k=3...
🚀 Running Belcastro with kpathC, k=4, iterations=9, file=4
  📊 Iteration 1/9 for Belcastro kpathC k=4...
🚀 Running Belcastro with kpathC, k=5, iterations=9, file=5
  📊 Iteration 1/9 for Belcastro kpathC k=5...
🚀 Running Belcastro with klevB, k=5, iterations=9, file=6
  📊 Iteration 1/9 for Belcastro klevB k=5...
🚀 Running Belcastro with klevB, k=4, iterations=9, file=7
  📊 Iteration 1/9 for Belcastro klevB k=4...
🚀 Running Belcastro with klevB, k=3, iterations=9, file=8
  📊 Iteration 1/9 for Belcastro klevB k=3...
🚀 Running Belcastro with klevD, k=644, iterations=9, file=9
  📊 Iteration 1/9 for Belcastro klevD k=644...
🚀 Running Twitch with klevD, k=41, iterations=9, file=1
  📊 Iteration 1/9 for Twitch klevD k=41...
🚀 Running Twitch with klevD, k=10, iterations=9, file=2
  📊 Iteration 1/9 for Twitch klevD k=10...
🚀 Running Twitch with klevD, k=9, iterations=9, file=3
  📊 Iteration 1/9 for Twitch klevD k=9...
🚀 Running Twitch with klevD, k=8, iterations=9, file=4
  📊 Iteration 1/9 for Twitch klevD k=8...
🚀 Running Twitch with klevD, k=7, iterations=9, file=5
  📊 Iteration 1/9 for Twitch klevD k=7...
🚀 Running Twitch with klevC, k=6, iterations=9, file=6
  📊 Iteration 1/9 for Twitch klevC k=6...
🚀 Running Twitch with klevC, k=5, iterations=9, file=7
  📊 Iteration 1/9 for Twitch klevC k=5...
🚀 Running Twitch with klevD, k=6, iterations=9, file=8
  📊 Iteration 1/9 for Twitch klevD k=6...
🚀 Running Twitch with klevD, k=5, iterations=9, file=9
  📊 Iteration 1/9 for Twitch klevD k=5...
      Passes: 1,  Height: 0, Time/Memory: 2.29,170048
  📊 Iteration 2/9 for Twitch klevD k=41...
      Passes: 1,  Height: 0, Time/Memory: 2.30,194680
  📊 Iteration 2/9 for Belcastro klevD k=644...
      Passes: 1,  Height: 0, Time/Memory: 2.25,169956
  📊 Iteration 3/9 for Twitch klevD k=41...
      Passes: 1,  Height: 0, Time/Memory: 2.37,194700
  📊 Iteration 3/9 for Belcastro klevD k=644...
      Passes: 1,  Height: 0, Time/Memory: 2.27,169980
  📊 Iteration 4/9 for Twitch klevD k=41...
      Passes: 1,  Height: 0, Time/Memory: 2.32,194708
  📊 Iteration 4/9 for Belcastro klevD k=644...
      Passes: 1,  Height: 0, Time/Memory: 2.27,169928
  📊 Iteration 5/9 for Twitch klevD k=41...
      Passes: 1,  Height: 0, Time/Memory: 2.38,194640
  📊 Iteration 5/9 for Belcastro klevD k=644...
      Passes: 3,  Height: 12683, Time/Memory: 10.55,8308
  📊 Iteration 2/9 for Belcastro klevC k=2...
      Passes: 1,  Height: 0, Time/Memory: 2.28,169972
  📊 Iteration 6/9 for Twitch klevD k=41...
      Passes: 1,  Height: 0, Time/Memory: 2.39,194708
  📊 Iteration 6/9 for Belcastro klevD k=644...
      Passes: 4,  Height: 12595, Time/Memory: 12.84,9368
  📊 Iteration 2/9 for Belcastro klevB k=4...
      Passes: 4,  Height: 12595, Time/Memory: 12.89,9352
  📊 Iteration 2/9 for Belcastro klevA k=1...
      Passes: 4,  Height: 12595, Time/Memory: 12.99,8332
  📊 Iteration 2/9 for Belcastro klevB k=5...
      Passes: 4,  Height: 12595, Time/Memory: 13.21,8304
  📊 Iteration 2/9 for Belcastro klevB k=3...
      Passes: 1,  Height: 0, Time/Memory: 2.35,170032
  📊 Iteration 7/9 for Twitch klevD k=41...
      Passes: 1,  Height: 0, Time/Memory: 2.33,194692
  📊 Iteration 7/9 for Belcastro klevD k=644...
      Passes: 1,  Height: 0, Time/Memory: 2.28,169988
  📊 Iteration 8/9 for Twitch klevD k=41...
      Passes: 1,  Height: 0, Time/Memory: 2.34,194676
  📊 Iteration 8/9 for Belcastro klevD k=644...
      Passes: 1,  Height: 0, Time/Memory: 2.27,169944
  📊 Iteration 9/9 for Twitch klevD k=41...
      Passes: 1,  Height: 0, Time/Memory: 2.30,194684
  📊 Iteration 9/9 for Belcastro klevD k=644...
      Passes: 3,  Height: 12683, Time/Memory: 10.85,8320
  📊 Iteration 3/9 for Belcastro klevC k=2...
      Passes: 1,  Height: 0, Time/Memory: 2.29,169932
✅ Completed Twitch klevD k=41: 2.28s, 169975.56KB
✅ [1/18] Completed Twitch klevD k=C
      Passes: 1,  Height: 0, Time/Memory: 2.38,194716
✅ Completed Belcastro klevD k=644: 2.35s, 194689.33KB
✅ [2/18] Completed Belcastro klevD k=C
      Passes: 4,  Height: 12595, Time/Memory: 13.04,9300
  📊 Iteration 3/9 for Belcastro klevB k=4...
      Passes: 4,  Height: 12595, Time/Memory: 12.91,8316
  📊 Iteration 3/9 for Belcastro klevB k=5...
      Passes: 4,  Height: 12595, Time/Memory: 13.24,9352
  📊 Iteration 3/9 for Belcastro klevA k=1...
      Passes: 4,  Height: 12595, Time/Memory: 12.91,8312
  📊 Iteration 3/9 for Belcastro klevB k=3...
      Passes: 4,  Height: 89376, Time/Memory: 30.25,71808
  📊 Iteration 2/9 for Twitch klevC k=5...
      Passes: 3,  Height: 12683, Time/Memory: 10.41,8316
  📊 Iteration 4/9 for Belcastro klevC k=2...
      Passes: 4,  Height: 89187, Time/Memory: 35.03,152724
  📊 Iteration 2/9 for Twitch klevD k=5...
      Passes: 4,  Height: 89376, Time/Memory: 35.14,69740
  📊 Iteration 2/9 for Twitch klevC k=6...
      Passes: 4,  Height: 89277, Time/Memory: 35.29,216188
  📊 Iteration 2/9 for Twitch klevD k=9...
      Passes: 4,  Height: 89026, Time/Memory: 35.64,200840
  📊 Iteration 2/9 for Twitch klevD k=8...
      Passes: 4,  Height: 89026, Time/Memory: 35.72,183460
  📊 Iteration 2/9 for Twitch klevD k=7...
      Passes: 4,  Height: 89032, Time/Memory: 35.96,168060
  📊 Iteration 2/9 for Twitch klevD k=6...
      Passes: 4,  Height: 89183, Time/Memory: 37.18,233632
  📊 Iteration 2/9 for Twitch klevD k=10...
      Passes: 4,  Height: 12595, Time/Memory: 12.98,8296
  📊 Iteration 4/9 for Belcastro klevB k=4...
      Passes: 4,  Height: 12595, Time/Memory: 12.80,9368
  📊 Iteration 4/9 for Belcastro klevB k=3...
      Passes: 4,  Height: 12595, Time/Memory: 13.10,9336
  📊 Iteration 4/9 for Belcastro klevB k=5...
      Passes: 4,  Height: 12595, Time/Memory: 13.03,10348
  📊 Iteration 4/9 for Belcastro klevA k=1...
      Passes: 3,  Height: 12683, Time/Memory: 10.38,8316
  📊 Iteration 5/9 for Belcastro klevC k=2...
      Passes: 4,  Height: 12595, Time/Memory: 13.05,8356
      Passes: 4,  Height: 12595, Time/Memory: 12.95,7324
  📊 Iteration 5/9 for Belcastro klevB k=4...
  📊 Iteration 5/9 for Belcastro klevB k=3...
      Passes: 4,  Height: 12595, Time/Memory: 12.95,9332
  📊 Iteration 5/9 for Belcastro klevB k=5...
      Passes: 4,  Height: 12595, Time/Memory: 13.06,9344
  📊 Iteration 5/9 for Belcastro klevA k=1...
      Passes: 3,  Height: 12683, Time/Memory: 10.68,8284
  📊 Iteration 6/9 for Belcastro klevC k=2...
      Passes: 4,  Height: 89376, Time/Memory: 30.94,71764
  📊 Iteration 3/9 for Twitch klevC k=5...
      Passes: 3,  Height: 12683, Time/Memory: 10.73,8280
  📊 Iteration 7/9 for Belcastro klevC k=2...
      Passes: 4,  Height: 12595, Time/Memory: 12.96,8324
  📊 Iteration 6/9 for Belcastro klevB k=4...
      Passes: 4,  Height: 12595, Time/Memory: 13.03,9380
  📊 Iteration 6/9 for Belcastro klevB k=3...
      Passes: 4,  Height: 12595, Time/Memory: 12.94,9296
  📊 Iteration 6/9 for Belcastro klevA k=1...
      Passes: 4,  Height: 12595, Time/Memory: 13.09,9288
  📊 Iteration 6/9 for Belcastro klevB k=5...
      Passes: 4,  Height: 89376, Time/Memory: 30.82,70780
  📊 Iteration 3/9 for Twitch klevC k=6...
      Passes: 4,  Height: 89187, Time/Memory: 35.35,152668
  📊 Iteration 3/9 for Twitch klevD k=5...
      Passes: 4,  Height: 89277, Time/Memory: 35.32,216196
  📊 Iteration 3/9 for Twitch klevD k=9...
      Passes: 4,  Height: 89026, Time/Memory: 35.85,199800
  📊 Iteration 3/9 for Twitch klevD k=8...
      Passes: 4,  Height: 89026, Time/Memory: 36.26,185468
  📊 Iteration 3/9 for Twitch klevD k=7...
      Passes: 4,  Height: 89032, Time/Memory: 37.04,168024
  📊 Iteration 3/9 for Twitch klevD k=6...
      Passes: 4,  Height: 89183, Time/Memory: 36.51,233556
  📊 Iteration 3/9 for Twitch klevD k=10...
      Passes: 3,  Height: 12683, Time/Memory: 10.47,8308
  📊 Iteration 8/9 for Belcastro klevC k=2...
      Passes: 4,  Height: 12595, Time/Memory: 13.09,9340
  📊 Iteration 7/9 for Belcastro klevB k=4...
      Passes: 4,  Height: 12595, Time/Memory: 13.08,9300
  📊 Iteration 7/9 for Belcastro klevB k=3...
      Passes: 4,  Height: 12595, Time/Memory: 13.02,9392
  📊 Iteration 7/9 for Belcastro klevA k=1...
      Passes: 4,  Height: 12595, Time/Memory: 13.13,8300
  📊 Iteration 7/9 for Belcastro klevB k=5...
      Passes: 3,  Height: 12683, Time/Memory: 10.61,8316
  📊 Iteration 9/9 for Belcastro klevC k=2...
      Passes: 4,  Height: 12595, Time/Memory: 12.84,9320
  📊 Iteration 8/9 for Belcastro klevB k=3...
      Passes: 4,  Height: 12595, Time/Memory: 13.06,8328
  📊 Iteration 8/9 for Belcastro klevB k=4...
      Passes: 4,  Height: 12595, Time/Memory: 13.09,10360
  📊 Iteration 8/9 for Belcastro klevA k=1...
      Passes: 4,  Height: 12595, Time/Memory: 12.98,9332
  📊 Iteration 8/9 for Belcastro klevB k=5...
      Passes: 4,  Height: 89376, Time/Memory: 32.79,70744
  📊 Iteration 4/9 for Twitch klevC k=5...
      Passes: 3,  Height: 12683, Time/Memory: 10.45,8312
✅ Completed Belcastro klevC k=2: 10.57s, 8306.67KB
✅ [3/18] Completed Belcastro klevC k=2
      Passes: 4,  Height: 89376, Time/Memory: 31.16,71772
  📊 Iteration 4/9 for Twitch klevC k=6...
      Passes: 4,  Height: 12595, Time/Memory: 13.16,9324
  📊 Iteration 9/9 for Belcastro klevB k=3...
      Passes: 4,  Height: 12595, Time/Memory: 13.03,8304
  📊 Iteration 9/9 for Belcastro klevB k=4...
      Passes: 4,  Height: 12595, Time/Memory: 13.06,10364
  📊 Iteration 9/9 for Belcastro klevA k=1...
      Passes: 4,  Height: 12595, Time/Memory: 13.14,9312
  📊 Iteration 9/9 for Belcastro klevB k=5...
      Passes: 4,  Height: 89187, Time/Memory: 35.39,153672
  📊 Iteration 4/9 for Twitch klevD k=5...
      Passes: 4,  Height: 89277, Time/Memory: 36.21,216196
  📊 Iteration 4/9 for Twitch klevD k=9...
      Passes: 4,  Height: 89026, Time/Memory: 36.09,200820
  📊 Iteration 4/9 for Twitch klevD k=8...
      Passes: 4,  Height: 89026, Time/Memory: 36.16,183412
  📊 Iteration 4/9 for Twitch klevD k=7...
      Passes: 4,  Height: 89032, Time/Memory: 36.93,169088
  📊 Iteration 4/9 for Twitch klevD k=6...
      Passes: 4,  Height: 89183, Time/Memory: 37.36,233628
  📊 Iteration 4/9 for Twitch klevD k=10...
      Passes: 4,  Height: 12595, Time/Memory: 12.81,9336
✅ Completed Belcastro klevB k=4: 12.98s, 8772.44KB
✅ [4/18] Completed Belcastro klevB k=4
      Passes: 4,  Height: 12595, Time/Memory: 12.85,9304
✅ Completed Belcastro klevB k=3: 12.98s, 8881.78KB
✅ [5/18] Completed Belcastro klevB k=3
      Passes: 4,  Height: 12595, Time/Memory: 12.97,9364
✅ Completed Belcastro klevA k=1: 13.03s, 9685.78KB
✅ [6/18] Completed Belcastro klevA k=1
      Passes: 4,  Height: 12595, Time/Memory: 13.07,9304
✅ Completed Belcastro klevB k=5: 13.04s, 8983.56KB
✅ [7/18] Completed Belcastro klevB k=5
      Passes: 4,  Height: 89376, Time/Memory: 30.84,71776
  📊 Iteration 5/9 for Twitch klevC k=5...
      Passes: 4,  Height: 89376, Time/Memory: 30.96,71812
  📊 Iteration 5/9 for Twitch klevC k=6...
      Passes: 4,  Height: 89187, Time/Memory: 35.08,153708
  📊 Iteration 5/9 for Twitch klevD k=5...
      Passes: 4,  Height: 89277, Time/Memory: 34.67,217208
  📊 Iteration 5/9 for Twitch klevD k=9...
      Passes: 4,  Height: 89026, Time/Memory: 35.70,184452
  📊 Iteration 5/9 for Twitch klevD k=7...
      Passes: 4,  Height: 89026, Time/Memory: 36.38,200836
  📊 Iteration 5/9 for Twitch klevD k=8...
      Passes: 4,  Height: 89032, Time/Memory: 36.99,169044
  📊 Iteration 5/9 for Twitch klevD k=6...
      Passes: 4,  Height: 89183, Time/Memory: 37.45,232564
  📊 Iteration 5/9 for Twitch klevD k=10...
      Passes: 4,  Height: 89376, Time/Memory: 30.94,70728
  📊 Iteration 6/9 for Twitch klevC k=5...
      Passes: 4,  Height: 89376, Time/Memory: 30.75,71840
  📊 Iteration 6/9 for Twitch klevC k=6...
      Passes: 4,  Height: 89187, Time/Memory: 35.46,152660
  📊 Iteration 6/9 for Twitch klevD k=5...
      Passes: 4,  Height: 89277, Time/Memory: 35.42,217176
  📊 Iteration 6/9 for Twitch klevD k=9...
      Passes: 4,  Height: 89026, Time/Memory: 35.93,185468
  📊 Iteration 6/9 for Twitch klevD k=7...
      Passes: 4,  Height: 89026, Time/Memory: 36.39,200852
  📊 Iteration 6/9 for Twitch klevD k=8...
      Passes: 4,  Height: 89032, Time/Memory: 36.97,169112
  📊 Iteration 6/9 for Twitch klevD k=6...
      Passes: 4,  Height: 89376, Time/Memory: 30.53,70768
  📊 Iteration 7/9 for Twitch klevC k=5...
      Passes: 4,  Height: 89183, Time/Memory: 37.47,233604
  📊 Iteration 6/9 for Twitch klevD k=10...
      Passes: 4,  Height: 89376, Time/Memory: 30.82,71796
  📊 Iteration 7/9 for Twitch klevC k=6...
      Passes: 87,  Height: 13304, Time/Memory: 199.38,13440
  📊 Iteration 2/9 for Belcastro kpathC k=5...
      Passes: 4,  Height: 89277, Time/Memory: 35.84,215152
  📊 Iteration 7/9 for Twitch klevD k=9...
      Passes: 4,  Height: 89026, Time/Memory: 35.73,184444
  📊 Iteration 7/9 for Twitch klevD k=7...
      Passes: 4,  Height: 89187, Time/Memory: 40.09,152728
  📊 Iteration 7/9 for Twitch klevD k=5...
      Passes: 4,  Height: 89376, Time/Memory: 30.99,71768
  📊 Iteration 8/9 for Twitch klevC k=5...
      Passes: 4,  Height: 89026, Time/Memory: 36.45,200812
  📊 Iteration 7/9 for Twitch klevD k=8...
      Passes: 4,  Height: 89376, Time/Memory: 31.19,71792
  📊 Iteration 8/9 for Twitch klevC k=6...
      Passes: 4,  Height: 89032, Time/Memory: 37.46,168028
  📊 Iteration 7/9 for Twitch klevD k=6...
      Passes: 4,  Height: 89183, Time/Memory: 37.67,233544
  📊 Iteration 7/9 for Twitch klevD k=10...
      Passes: 109,  Height: 13244, Time/Memory: 246.12,12448
  📊 Iteration 2/9 for Belcastro kpathC k=4...
      Passes: 4,  Height: 89376, Time/Memory: 30.83,71832
  📊 Iteration 9/9 for Twitch klevC k=5...
      Passes: 4,  Height: 89277, Time/Memory: 35.63,217212
  📊 Iteration 8/9 for Twitch klevD k=9...
      Passes: 4,  Height: 89026, Time/Memory: 35.59,185500
  📊 Iteration 8/9 for Twitch klevD k=7...
      Passes: 4,  Height: 89187, Time/Memory: 34.92,152700
  📊 Iteration 8/9 for Twitch klevD k=5...
      Passes: 4,  Height: 89376, Time/Memory: 30.76,71764
  📊 Iteration 9/9 for Twitch klevC k=6...
      Passes: 4,  Height: 89026, Time/Memory: 36.54,200844
  📊 Iteration 8/9 for Twitch klevD k=8...
      Passes: 4,  Height: 89032, Time/Memory: 37.35,169048
  📊 Iteration 8/9 for Twitch klevD k=6...
      Passes: 4,  Height: 89183, Time/Memory: 37.49,233592
  📊 Iteration 8/9 for Twitch klevD k=10...
      Passes: 4,  Height: 89376, Time/Memory: 31.30,71768
✅ Completed Twitch klevC k=5: 31.05s, 71439.56KB
✅ [8/18] Completed Twitch klevC k=5
      Passes: 4,  Height: 89376, Time/Memory: 30.91,71824
✅ Completed Twitch klevC k=6: 31.39s, 71457.78KB
✅ [9/18] Completed Twitch klevC k=6
      Passes: 4,  Height: 89277, Time/Memory: 35.30,217256
  📊 Iteration 9/9 for Twitch klevD k=9...
      Passes: 4,  Height: 89187, Time/Memory: 35.37,152700
  📊 Iteration 9/9 for Twitch klevD k=5...
      Passes: 4,  Height: 89026, Time/Memory: 36.14,184444
  📊 Iteration 9/9 for Twitch klevD k=7...
      Passes: 4,  Height: 89026, Time/Memory: 36.71,198776
  📊 Iteration 9/9 for Twitch klevD k=8...
      Passes: 4,  Height: 89032, Time/Memory: 37.25,168060
  📊 Iteration 9/9 for Twitch klevD k=6...
      Passes: 4,  Height: 89183, Time/Memory: 37.23,233596
  📊 Iteration 9/9 for Twitch klevD k=10...
      Passes: 4,  Height: 89277, Time/Memory: 35.26,216216
✅ Completed Twitch klevD k=9: 35.44s, 216533.33KB
✅ [10/18] Completed Twitch klevD k=9
      Passes: 4,  Height: 89187, Time/Memory: 35.56,153720
✅ Completed Twitch klevD k=5: 35.81s, 153031.11KB
✅ [11/18] Completed Twitch klevD k=5
      Passes: 4,  Height: 89026, Time/Memory: 36.66,199828
✅ Completed Twitch klevD k=8: 36.3s, 200378.67KB
✅ [12/18] Completed Twitch klevD k=8
      Passes: 4,  Height: 89026, Time/Memory: 41.50,183444
✅ Completed Twitch klevD k=7: 36.53s, 184454.67KB
✅ [13/18] Completed Twitch klevD k=7
      Passes: 4,  Height: 89032, Time/Memory: 37.12,167076
✅ Completed Twitch klevD k=6: 37.01s, 168393.33KB
✅ [14/18] Completed Twitch klevD k=6
      Passes: 4,  Height: 89183, Time/Memory: 37.35,233644
✅ Completed Twitch klevD k=10: 37.3s, 233484.44KB
✅ [15/18] Completed Twitch klevD k=10
      Passes: 150,  Height: 13254, Time/Memory: 337.20,10364
  📊 Iteration 2/9 for Belcastro kpathC k=3...
      Passes: 87,  Height: 13304, Time/Memory: 192.70,13444
  📊 Iteration 3/9 for Belcastro kpathC k=5...
      Passes: 109,  Height: 13244, Time/Memory: 246.41,12396
  📊 Iteration 3/9 for Belcastro kpathC k=4...
      Passes: 87,  Height: 13304, Time/Memory: 191.90,13416
  📊 Iteration 4/9 for Belcastro kpathC k=5...
      Passes: 150,  Height: 13254, Time/Memory: 329.65,10336
  📊 Iteration 3/9 for Belcastro kpathC k=3...
      Passes: 109,  Height: 13244, Time/Memory: 251.13,12456
  📊 Iteration 4/9 for Belcastro kpathC k=4...
      Passes: 87,  Height: 13304, Time/Memory: 195.70,13436
  📊 Iteration 5/9 for Belcastro kpathC k=5...
      Passes: 87,  Height: 13304, Time/Memory: 194.08,13380
  📊 Iteration 6/9 for Belcastro kpathC k=5...
      Passes: 109,  Height: 13244, Time/Memory: 244.16,12376
  📊 Iteration 5/9 for Belcastro kpathC k=4...
      Passes: 150,  Height: 13254, Time/Memory: 335.00,10348
  📊 Iteration 4/9 for Belcastro kpathC k=3...
      Passes: 87,  Height: 13304, Time/Memory: 192.50,13428
  📊 Iteration 7/9 for Belcastro kpathC k=5...
      Passes: 109,  Height: 13244, Time/Memory: 239.69,12356
  📊 Iteration 6/9 for Belcastro kpathC k=4...
      Passes: 150,  Height: 13254, Time/Memory: 336.91,10324
  📊 Iteration 5/9 for Belcastro kpathC k=3...
      Passes: 87,  Height: 13304, Time/Memory: 195.09,13396
  📊 Iteration 8/9 for Belcastro kpathC k=5...
      Passes: 109,  Height: 13244, Time/Memory: 239.46,12392
  📊 Iteration 7/9 for Belcastro kpathC k=4...
      Passes: 87,  Height: 13304, Time/Memory: 200.72,13436
  📊 Iteration 9/9 for Belcastro kpathC k=5...
      Passes: 150,  Height: 13254, Time/Memory: 334.91,10304
  📊 Iteration 6/9 for Belcastro kpathC k=3...
      Passes: 109,  Height: 13244, Time/Memory: 238.49,12420
  📊 Iteration 8/9 for Belcastro kpathC k=4...
      Passes: 87,  Height: 13304, Time/Memory: 203.09,13432
✅ Completed Belcastro kpathC k=5: 196.13s, 13423.11KB
✅ [16/18] Completed Belcastro kpathC k=5
      Passes: 109,  Height: 13244, Time/Memory: 249.87,12412
  📊 Iteration 9/9 for Belcastro kpathC k=4...
      Passes: 150,  Height: 13254, Time/Memory: 337.26,10348
  📊 Iteration 7/9 for Belcastro kpathC k=3...
      Passes: 109,  Height: 13244, Time/Memory: 240.54,12420
✅ Completed Belcastro kpathC k=4: 243.99s, 12408.44KB
✅ [17/18] Completed Belcastro kpathC k=4
      Passes: 150,  Height: 13254, Time/Memory: 336.26,10392
  📊 Iteration 8/9 for Belcastro kpathC k=3...
      Passes: 150,  Height: 13254, Time/Memory: 331.30,10344
  📊 Iteration 9/9 for Belcastro kpathC k=3...
      Passes: 150,  Height: 13254, Time/Memory: 339.26,10364
✅ Completed Belcastro kpathC k=3: 335.31s, 10347.11KB
✅ [18/18] Completed Belcastro kpathC k=3

🏁 All experiments completed!
✅ Successful: 18
❌ Failed: 0
📁 Results saved in ./results/real/average_concurrent_runs
