🎯 Total configurations to run: 1
🔄 Running with 36 parallel workers
🚀 Running Gowalla with klev2, k=1, iterations=10, file=2
  📊 Iteration 1/10 for Gowalla klev2 k=1...
    Passes: 4, Time/Memory: 50.51,86140, Output: ['4']
  📊 Iteration 2/10 for Gowalla klev2 k=1...
    Passes: 4, Time/Memory: 50.93,88100, Output: ['4']
  📊 Iteration 3/10 for Gowalla klev2 k=1...
    Passes: 4, Time/Memory: 53.76,88100, Output: ['4']
  📊 Iteration 4/10 for Gowalla klev2 k=1...
    Passes: 4, Time/Memory: 50.54,86080, Output: ['4']
  📊 Iteration 5/10 for Gowalla klev2 k=1...
    Passes: 4, Time/Memory: 45.29,88136, Output: ['4']
  📊 Iteration 6/10 for Gowalla klev2 k=1...
    Passes: 4, Time/Memory: 40.25,88140, Output: ['4']
  📊 Iteration 7/10 for Gowalla klev2 k=1...
    Passes: 4, Time/Memory: 40.45,88100, Output: ['4']
  📊 Iteration 8/10 for Gowalla klev2 k=1...
    Passes: 4, Time/Memory: 39.89,88120, Output: ['4']
  📊 Iteration 9/10 for Gowalla klev2 k=1...
    Passes: 4, Time/Memory: 44.49,88100, Output: ['4']
  📊 Iteration 10/10 for Gowalla klev2 k=1...
    Passes: 4, Time/Memory: 59.29,88100, Output: ['4']
✅ Completed Gowalla klev2 k=1: 47.54s, 87711.6KB
✅ [1/1] Completed Gowalla klev2 k=1

🏁 All experiments completed!
✅ Successful: 1
❌ Failed: 0
📁 Results saved in ./results/real/average_concurrent_runs
