🎯 Total configurations to run: 1
🔄 Running with 36 parallel workers
🚀 Running Amazon with klev0, k=10, iterations=12, file=1
  📊 Iteration 1/12 for Amazon klev0 k=10...
    Passes: 6, Time/Memory: 474.51,136276, Output: ['6']
  📊 Iteration 2/12 for Amazon klev0 k=10...
    Passes: 6, Time/Memory: 529.87,137252, Output: ['6']
  📊 Iteration 3/12 for Amazon klev0 k=10...
    Passes: 6, Time/Memory: 530.95,136260, Output: ['6']
  📊 Iteration 4/12 for Amazon klev0 k=10...
    Passes: 6, Time/Memory: 520.14,136312, Output: ['6']
  📊 Iteration 5/12 for Amazon klev0 k=10...
    Passes: 6, Time/Memory: 532.20,136228, Output: ['6']
  📊 Iteration 6/12 for Amazon klev0 k=10...
    Passes: 6, Time/Memory: 520.11,137260, Output: ['6']
  📊 Iteration 7/12 for Amazon klev0 k=10...
    Passes: 6, Time/Memory: 519.89,136292, Output: ['6']
  📊 Iteration 8/12 for Amazon klev0 k=10...
    Passes: 6, Time/Memory: 524.52,137284, Output: ['6']
  📊 Iteration 9/12 for Amazon klev0 k=10...
    Passes: 6, Time/Memory: 530.21,136228, Output: ['6']
  📊 Iteration 10/12 for Amazon klev0 k=10...
    Passes: 6, Time/Memory: 532.80,137284, Output: ['6']
  📊 Iteration 11/12 for Amazon klev0 k=10...
    Passes: 6, Time/Memory: 529.57,134180, Output: ['6']
  📊 Iteration 12/12 for Amazon klev0 k=10...
    Passes: 6, Time/Memory: 532.42,132140, Output: ['6']
✅ Completed Amazon klev0 k=10: 523.1s, 136083.0KB
✅ [1/1] Completed Amazon klev0 k=10

🏁 All experiments completed!
✅ Successful: 1
❌ Failed: 0
📁 Results saved in ./results/real/average_concurrent_runs
