🎯 Total configurations to run: 3
🔄 Running with 36 parallel workers
🚀 Running Belcastro with klev0, k=3, iterations=12, file=2
  📊 Iteration 1/12 for Belcastro klev0 k=3...
🚀 Running Belcastro with klev0, k=5, iterations=12, file=1
  📊 Iteration 1/12 for Belcastro klev0 k=5...
🚀 Running Belcastro with klev0, k=1, iterations=12, file=3
  📊 Iteration 1/12 for Belcastro klev0 k=1...
    Passes: 4, Time/Memory: 12.82,9252, Output: ['4']
  📊 Iteration 2/12 for Belcastro klev0 k=1...
    Passes: 4, Time/Memory: 12.89,8228, Output: ['4']
  📊 Iteration 2/12 for Belcastro klev0 k=3...
    Passes: 4, Time/Memory: 13.08,7204, Output: ['4']
  📊 Iteration 2/12 for Belcastro klev0 k=5...
    Passes: 4, Time/Memory: 12.89,9252, Output: ['4']
  📊 Iteration 3/12 for Belcastro klev0 k=3...
    Passes: 4, Time/Memory: 12.90,8308, Output: ['4']
  📊 Iteration 3/12 for Belcastro klev0 k=1...
    Passes: 4, Time/Memory: 13.40,9252, Output: ['4']
  📊 Iteration 3/12 for Belcastro klev0 k=5...
    Passes: 4, Time/Memory: 12.74,9280, Output: ['4']
  📊 Iteration 4/12 for Belcastro klev0 k=3...
    Passes: 4, Time/Memory: 12.83,9252, Output: ['4']
  📊 Iteration 4/12 for Belcastro klev0 k=1...
    Passes: 4, Time/Memory: 13.07,8228, Output: ['4']
  📊 Iteration 4/12 for Belcastro klev0 k=5...
    Passes: 4, Time/Memory: 12.89,9264, Output: ['4']
  📊 Iteration 5/12 for Belcastro klev0 k=3...
    Passes: 4, Time/Memory: 12.67,9276, Output: ['4']
  📊 Iteration 5/12 for Belcastro klev0 k=1...
    Passes: 4, Time/Memory: 13.57,9252, Output: ['4']
  📊 Iteration 5/12 for Belcastro klev0 k=5...
    Passes: 4, Time/Memory: 12.80,9292, Output: ['4']
  📊 Iteration 6/12 for Belcastro klev0 k=1...
    Passes: 4, Time/Memory: 12.91,9252, Output: ['4']
  📊 Iteration 6/12 for Belcastro klev0 k=3...
    Passes: 4, Time/Memory: 13.14,9284, Output: ['4']
  📊 Iteration 6/12 for Belcastro klev0 k=5...
    Passes: 4, Time/Memory: 12.80,9244, Output: ['4']
  📊 Iteration 7/12 for Belcastro klev0 k=3...
    Passes: 4, Time/Memory: 13.55,9284, Output: ['4']
  📊 Iteration 7/12 for Belcastro klev0 k=1...
    Passes: 4, Time/Memory: 13.39,9340, Output: ['4']
  📊 Iteration 7/12 for Belcastro klev0 k=5...
    Passes: 4, Time/Memory: 12.86,9252, Output: ['4']
  📊 Iteration 8/12 for Belcastro klev0 k=3...
    Passes: 4, Time/Memory: 13.61,9280, Output: ['4']
  📊 Iteration 8/12 for Belcastro klev0 k=1...
    Passes: 4, Time/Memory: 13.24,9288, Output: ['4']
  📊 Iteration 8/12 for Belcastro klev0 k=5...
    Passes: 4, Time/Memory: 12.70,9252, Output: ['4']
  📊 Iteration 9/12 for Belcastro klev0 k=3...
    Passes: 4, Time/Memory: 13.44,8228, Output: ['4']
  📊 Iteration 9/12 for Belcastro klev0 k=1...
    Passes: 4, Time/Memory: 13.49,8228, Output: ['4']
  📊 Iteration 9/12 for Belcastro klev0 k=5...
    Passes: 4, Time/Memory: 12.79,9252, Output: ['4']
  📊 Iteration 10/12 for Belcastro klev0 k=3...
    Passes: 4, Time/Memory: 12.90,9252, Output: ['4']
  📊 Iteration 10/12 for Belcastro klev0 k=1...
    Passes: 4, Time/Memory: 13.39,9252, Output: ['4']
  📊 Iteration 10/12 for Belcastro klev0 k=5...
    Passes: 4, Time/Memory: 13.07,9252, Output: ['4']
  📊 Iteration 11/12 for Belcastro klev0 k=3...
    Passes: 4, Time/Memory: 12.94,9296, Output: ['4']
  📊 Iteration 11/12 for Belcastro klev0 k=1...
    Passes: 4, Time/Memory: 13.56,9276, Output: ['4']
  📊 Iteration 11/12 for Belcastro klev0 k=5...
    Passes: 4, Time/Memory: 12.88,9252, Output: ['4']
  📊 Iteration 12/12 for Belcastro klev0 k=1...
    Passes: 4, Time/Memory: 13.02,9328, Output: ['4']
  📊 Iteration 12/12 for Belcastro klev0 k=3...
    Passes: 4, Time/Memory: 13.22,9248, Output: ['4']
  📊 Iteration 12/12 for Belcastro klev0 k=5...
    Passes: 4, Time/Memory: 12.82,9252, Output: ['4']
✅ Completed Belcastro klev0 k=1: 13.01s, 9102.0KB
✅ [1/3] Completed Belcastro klev0 k=1
    Passes: 4, Time/Memory: 13.03,9248, Output: ['4']
✅ Completed Belcastro klev0 k=3: 12.88s, 9175.33KB
✅ [2/3] Completed Belcastro klev0 k=3
    Passes: 4, Time/Memory: 13.00,9252, Output: ['4']
✅ Completed Belcastro klev0 k=5: 13.3s, 8925.33KB
✅ [3/3] Completed Belcastro klev0 k=5

🏁 All experiments completed!
✅ Successful: 3
❌ Failed: 0
📁 Results saved in ./results/real/average_concurrent_runs
