🎯 Total configurations to run: 4
🔄 Running with 24 parallel workers
🚀 Running Orkut with kpathN, k=10, iterations=4, file=2
  📊 Iteration 1/4 for Orkut kpathN k=10...
🚀 Running Orkut with kpath2, k=4, iterations=10, file=3
  📊 Iteration 1/10 for Orkut kpath2 k=4...
🚀 Running Orkut with kpath2, k=3, iterations=10, file=6
  📊 Iteration 1/10 for Orkut kpath2 k=3...
🚀 Running Orkut with kpath2, k=2, iterations=10, file=8
  📊 Iteration 1/10 for Orkut kpath2 k=2...
    Passes: 4, Time/Memory: 5174.71,3895452, Output: ['4']
  📊 Iteration 2/4 for Orkut kpathN k=10...
    Passes: 4, Time/Memory: 4856.49,3895452, Output: ['4']
  📊 Iteration 3/4 for Orkut kpathN k=10...
    Passes: 19, Time/Memory: 10485.95,1935356, Output: ['19']
  📊 Iteration 2/10 for Orkut kpath2 k=3...
    Passes: 15, Time/Memory: 11053.29,2236452, Output: ['15']
  📊 Iteration 2/10 for Orkut kpath2 k=4...
    Passes: 36, Time/Memory: 12122.75,1517524, Output: ['36']
  📊 Iteration 2/10 for Orkut kpath2 k=2...
    Passes: 4, Time/Memory: 4781.29,3895176, Output: ['4']
  📊 Iteration 4/4 for Orkut kpathN k=10...
    Passes: 4, Time/Memory: 4941.31,3895452, Output: ['4']
✅ Completed Orkut kpathN k=10: 4938.45s, 3895383.0KB
✅ [1/4] Completed Orkut kpathN k=10
    Passes: 19, Time/Memory: 10285.56,1936648, Output: ['19']
  📊 Iteration 3/10 for Orkut kpath2 k=3...
    Passes: 15, Time/Memory: 10645.31,2236664, Output: ['15']
  📊 Iteration 3/10 for Orkut kpath2 k=4...
    Passes: 36, Time/Memory: 11781.52,1516140, Output: ['36']
  📊 Iteration 3/10 for Orkut kpath2 k=2...
    Passes: 19, Time/Memory: 10538.89,1936468, Output: ['19']
  📊 Iteration 4/10 for Orkut kpath2 k=3...
    Passes: 15, Time/Memory: 10691.66,2236664, Output: ['15']
  📊 Iteration 4/10 for Orkut kpath2 k=4...
    Passes: 36, Time/Memory: 11852.29,1517088, Output: ['36']
  📊 Iteration 4/10 for Orkut kpath2 k=2...
    Passes: 19, Time/Memory: 10388.43,1936496, Output: ['19']
  📊 Iteration 5/10 for Orkut kpath2 k=3...
    Passes: 15, Time/Memory: 10275.68,2237040, Output: ['15']
  📊 Iteration 5/10 for Orkut kpath2 k=4...
    Passes: 36, Time/Memory: 11860.50,1518416, Output: ['36']
  📊 Iteration 5/10 for Orkut kpath2 k=2...
    Passes: 19, Time/Memory: 10346.09,1935788, Output: ['19']
  📊 Iteration 6/10 for Orkut kpath2 k=3...
    Passes: 15, Time/Memory: 10759.65,2237472, Output: ['15']
  📊 Iteration 6/10 for Orkut kpath2 k=4...
    Passes: 36, Time/Memory: 11420.33,1516940, Output: ['36']
  📊 Iteration 6/10 for Orkut kpath2 k=2...
    Passes: 19, Time/Memory: 10257.70,1934672, Output: ['19']
  📊 Iteration 7/10 for Orkut kpath2 k=3...
    Passes: 15, Time/Memory: 10272.47,2237476, Output: ['15']
  📊 Iteration 7/10 for Orkut kpath2 k=4...
    Passes: 36, Time/Memory: 11715.56,1518524, Output: ['36']
  📊 Iteration 7/10 for Orkut kpath2 k=2...
    Passes: 19, Time/Memory: 10197.34,1934376, Output: ['19']
  📊 Iteration 8/10 for Orkut kpath2 k=3...
    Passes: 15, Time/Memory: 10216.50,2237744, Output: ['15']
  📊 Iteration 8/10 for Orkut kpath2 k=4...
    Passes: 36, Time/Memory: 11579.62,1517524, Output: ['36']
  📊 Iteration 8/10 for Orkut kpath2 k=2...
    Passes: 19, Time/Memory: 10140.45,1935576, Output: ['19']
  📊 Iteration 9/10 for Orkut kpath2 k=3...
    Passes: 15, Time/Memory: 10124.79,2236444, Output: ['15']
  📊 Iteration 9/10 for Orkut kpath2 k=4...
    Passes: 19, Time/Memory: 9767.14,1935456, Output: ['19']
  📊 Iteration 10/10 for Orkut kpath2 k=3...
    Passes: 36, Time/Memory: 11119.48,1516796, Output: ['36']
  📊 Iteration 9/10 for Orkut kpath2 k=2...
    Passes: 15, Time/Memory: 10043.70,2237468, Output: ['15']
  📊 Iteration 10/10 for Orkut kpath2 k=4...
    Passes: 19, Time/Memory: 9702.19,1934808, Output: ['19']
✅ Completed Orkut kpath2 k=3: 10210.97s, 1935564.4KB
✅ [2/4] Completed Orkut kpath2 k=3
    Passes: 15, Time/Memory: 9969.03,2237476, Output: ['15']
✅ Completed Orkut kpath2 k=4: 10405.21s, 2237090.0KB
✅ [3/4] Completed Orkut kpath2 k=4
    Passes: 36, Time/Memory: 11070.06,1516688, Output: ['36']
  📊 Iteration 10/10 for Orkut kpath2 k=2...
    Passes: 36, Time/Memory: 10831.73,1518172, Output: ['36']
✅ Completed Orkut kpath2 k=2: 11535.38s, 1517381.2KB
✅ [4/4] Completed Orkut kpath2 k=2

🏁 All experiments completed!
✅ Successful: 4
❌ Failed: 0
📁 Results saved in ./results/real/average_concurrent_runs
