🎯 Total configurations to run: 3
🔄 Running with 36 parallel workers
🚀 Running Belcastro with klev0, k=8, iterations=12, file=1
  📊 Iteration 1/12 for Belcastro klev0 k=8...
🚀 Running Belcastro with klev0, k=7, iterations=12, file=2
  📊 Iteration 1/12 for Belcastro klev0 k=7...
🚀 Running Belcastro with klev0, k=6, iterations=12, file=3
  📊 Iteration 1/12 for Belcastro klev0 k=6...
    Passes: 4, Time/Memory: 12.98,9252, Output: ['4']
  📊 Iteration 2/12 for Belcastro klev0 k=8...
    Passes: 4, Time/Memory: 13.67,8268, Output: ['4']
  📊 Iteration 2/12 for Belcastro klev0 k=7...
    Passes: 4, Time/Memory: 13.77,9252, Output: ['4']
  📊 Iteration 2/12 for Belcastro klev0 k=6...
    Passes: 4, Time/Memory: 12.92,9280, Output: ['4']
  📊 Iteration 3/12 for Belcastro klev0 k=8...
    Passes: 4, Time/Memory: 13.08,9252, Output: ['4']
  📊 Iteration 3/12 for Belcastro klev0 k=7...
    Passes: 4, Time/Memory: 12.94,9280, Output: ['4']
  📊 Iteration 3/12 for Belcastro klev0 k=6...
    Passes: 4, Time/Memory: 12.53,9248, Output: ['4']
  📊 Iteration 4/12 for Belcastro klev0 k=8...
    Passes: 4, Time/Memory: 12.93,9252, Output: ['4']
  📊 Iteration 4/12 for Belcastro klev0 k=6...
    Passes: 4, Time/Memory: 13.09,8236, Output: ['4']
  📊 Iteration 4/12 for Belcastro klev0 k=7...
    Passes: 4, Time/Memory: 12.71,9248, Output: ['4']
  📊 Iteration 5/12 for Belcastro klev0 k=8...
    Passes: 4, Time/Memory: 13.14,9328, Output: ['4']
  📊 Iteration 5/12 for Belcastro klev0 k=6...
    Passes: 4, Time/Memory: 16.09,8300, Output: ['4']
  📊 Iteration 5/12 for Belcastro klev0 k=7...
    Passes: 4, Time/Memory: 12.94,9288, Output: ['4']
  📊 Iteration 6/12 for Belcastro klev0 k=8...
    Passes: 4, Time/Memory: 12.82,8228, Output: ['4']
  📊 Iteration 6/12 for Belcastro klev0 k=6...
    Passes: 4, Time/Memory: 12.81,8264, Output: ['4']
  📊 Iteration 6/12 for Belcastro klev0 k=7...
    Passes: 4, Time/Memory: 13.03,9296, Output: ['4']
  📊 Iteration 7/12 for Belcastro klev0 k=8...
    Passes: 4, Time/Memory: 12.85,8252, Output: ['4']
  📊 Iteration 7/12 for Belcastro klev0 k=6...
    Passes: 4, Time/Memory: 13.69,9252, Output: ['4']
  📊 Iteration 7/12 for Belcastro klev0 k=7...
    Passes: 4, Time/Memory: 13.03,9276, Output: ['4']
  📊 Iteration 8/12 for Belcastro klev0 k=8...
    Passes: 4, Time/Memory: 13.02,9252, Output: ['4']
  📊 Iteration 8/12 for Belcastro klev0 k=6...
    Passes: 4, Time/Memory: 12.78,8228, Output: ['4']
  📊 Iteration 8/12 for Belcastro klev0 k=7...
    Passes: 4, Time/Memory: 12.85,9340, Output: ['4']
  📊 Iteration 9/12 for Belcastro klev0 k=6...
    Passes: 4, Time/Memory: 12.81,9256, Output: ['4']
  📊 Iteration 9/12 for Belcastro klev0 k=8...
    Passes: 4, Time/Memory: 13.37,9280, Output: ['4']
  📊 Iteration 9/12 for Belcastro klev0 k=7...
    Passes: 4, Time/Memory: 12.87,9252, Output: ['4']
  📊 Iteration 10/12 for Belcastro klev0 k=6...
    Passes: 4, Time/Memory: 13.01,9272, Output: ['4']
  📊 Iteration 10/12 for Belcastro klev0 k=8...
    Passes: 4, Time/Memory: 13.23,9336, Output: ['4']
  📊 Iteration 10/12 for Belcastro klev0 k=7...
    Passes: 4, Time/Memory: 13.03,9252, Output: ['4']
  📊 Iteration 11/12 for Belcastro klev0 k=6...
    Passes: 4, Time/Memory: 13.08,9256, Output: ['4']
  📊 Iteration 11/12 for Belcastro klev0 k=8...
    Passes: 4, Time/Memory: 13.36,8228, Output: ['4']
  📊 Iteration 11/12 for Belcastro klev0 k=7...
    Passes: 4, Time/Memory: 12.83,9284, Output: ['4']
  📊 Iteration 12/12 for Belcastro klev0 k=6...
    Passes: 4, Time/Memory: 12.99,9260, Output: ['4']
  📊 Iteration 12/12 for Belcastro klev0 k=8...
    Passes: 4, Time/Memory: 13.02,9284, Output: ['4']
  📊 Iteration 12/12 for Belcastro klev0 k=7...
    Passes: 4, Time/Memory: 12.98,9252, Output: ['4']
✅ Completed Belcastro klev0 k=6: 13.0s, 9102.0KB
✅ [1/3] Completed Belcastro klev0 k=6
    Passes: 4, Time/Memory: 12.98,9248, Output: ['4']
✅ Completed Belcastro klev0 k=8: 12.92s, 9265.0KB
✅ [2/3] Completed Belcastro klev0 k=8
    Passes: 4, Time/Memory: 12.80,9340, Output: ['4']
✅ Completed Belcastro klev0 k=7: 13.42s, 8772.33KB
✅ [3/3] Completed Belcastro klev0 k=7

🏁 All experiments completed!
✅ Successful: 3
❌ Failed: 0
📁 Results saved in ./results/real/average_concurrent_runs
