🎯 Total configurations to run: 12
🔄 Running with 12 parallel workers
🚀 Running Belcastro with kpathB, k=10, iterations=5, file=2
  📊 Iteration 1/5 for Belcastro kpathB k=10...
🚀 Running Belcastro with kpathA, k=10, iterations=5, file=1
  📊 Iteration 1/5 for Belcastro kpathA k=10...
🚀 Running Belcastro with kpathC, k=10, iterations=5, file=3
  📊 Iteration 1/5 for Belcastro kpathC k=10...
❌ File not found: ./input/Belcastro/belcastro_n_14022_m_9027024_4.edg
🚀 Running Twitch with kpathA, k=10, iterations=5, file=1
  📊 Iteration 1/5 for Twitch kpathA k=10...
🚀 Running Twitch with kpathC, k=10, iterations=5, file=3
  📊 Iteration 1/5 for Twitch kpathC k=10...
🚀 Running Twitch with kpathB, k=10, iterations=5, file=2
  📊 Iteration 1/5 for Twitch kpathB k=10...
🚀 Running Twitch with kpathD, k=10, iterations=5, file=4
  📊 Iteration 1/5 for Twitch kpathD k=10...
🚀 Running Orkut with kpathA, k=10, iterations=5, file=1
  📊 Iteration 1/5 for Orkut kpathA k=10...
🚀 Running Orkut with kpathB, k=10, iterations=5, file=2
  📊 Iteration 1/5 for Orkut kpathB k=10...
🚀 Running Orkut with kpathC, k=10, iterations=5, file=3
  📊 Iteration 1/5 for Orkut kpathC k=10...
❌ [1/12] Failed Belcastro kpathD k=10
🚀 Running Orkut with kpathD, k=10, iterations=5, file=4
  📊 Iteration 1/5 for Orkut kpathD k=10...
    Passes: 4 107942, Time/Memory: 16.45,216140, Output: ['4 107942']
  📊 Iteration 2/5 for Twitch kpathC k=10...
    Passes: 5 107936, Time/Memory: 19.01,219464, Output: ['5 107936']
  📊 Iteration 2/5 for Twitch kpathB k=10...
    Passes: 5 97221, Time/Memory: 20.32,217744, Output: ['5 97221']
  📊 Iteration 2/5 for Twitch kpathD k=10...
    Passes: 5 97221, Time/Memory: 20.41,215512, Output: ['5 97221']
  📊 Iteration 2/5 for Twitch kpathA k=10...
    Passes: 4 107942, Time/Memory: 16.73,216200, Output: ['4 107942']
  📊 Iteration 3/5 for Twitch kpathC k=10...
    Passes: 5 107936, Time/Memory: 18.17,219292, Output: ['5 107936']
  📊 Iteration 3/5 for Twitch kpathB k=10...
    Passes: 5 97221, Time/Memory: 20.08,216700, Output: ['5 97221']
  📊 Iteration 3/5 for Twitch kpathD k=10...
    Passes: 5 97221, Time/Memory: 20.63,216716, Output: ['5 97221']
  📊 Iteration 3/5 for Twitch kpathA k=10...
    Passes: 4 107942, Time/Memory: 16.33,216212, Output: ['4 107942']
  📊 Iteration 4/5 for Twitch kpathC k=10...
    Passes: 5 107936, Time/Memory: 19.49,218076, Output: ['5 107936']
  📊 Iteration 4/5 for Twitch kpathB k=10...
    Passes: 5 97221, Time/Memory: 20.12,216704, Output: ['5 97221']
  📊 Iteration 4/5 for Twitch kpathD k=10...
    Passes: 5 97221, Time/Memory: 22.32,216460, Output: ['5 97221']
  📊 Iteration 4/5 for Twitch kpathA k=10...
    Passes: 4 107942, Time/Memory: 17.06,216192, Output: ['4 107942']
  📊 Iteration 5/5 for Twitch kpathC k=10...
    Passes: 5 107936, Time/Memory: 18.63,219248, Output: ['5 107936']
  📊 Iteration 5/5 for Twitch kpathB k=10...
    Passes: 5 97221, Time/Memory: 20.09,216668, Output: ['5 97221']
  📊 Iteration 5/5 for Twitch kpathD k=10...
    Passes: 4 107942, Time/Memory: 16.41,216272, Output: ['4 107942']
✅ Completed Twitch kpathC k=10: 16.6s, 216203.2KB
✅ [2/12] Completed Twitch kpathC k=10
    Passes: 5 97221, Time/Memory: 20.62,216492, Output: ['5 97221']
  📊 Iteration 5/5 for Twitch kpathA k=10...
    Passes: 5 107936, Time/Memory: 19.09,218612, Output: ['5 107936']
✅ Completed Twitch kpathB k=10: 18.88s, 218938.4KB
✅ [3/12] Completed Twitch kpathB k=10
    Passes: 5 97221, Time/Memory: 22.30,215684, Output: ['5 97221']
✅ Completed Twitch kpathD k=10: 20.58s, 216700.0KB
✅ [4/12] Completed Twitch kpathD k=10
    Passes: 5 97221, Time/Memory: 21.60,217608, Output: ['5 97221']
✅ Completed Twitch kpathA k=10: 21.12s, 216557.6KB
✅ [5/12] Completed Twitch kpathA k=10
    Passes: 47 13383, Time/Memory: 107.57,20624, Output: ['47 13383']
  📊 Iteration 2/5 for Belcastro kpathC k=10...
    Passes: 48 13392, Time/Memory: 111.13,19536, Output: ['48 13392']
  📊 Iteration 2/5 for Belcastro kpathB k=10...
    Passes: 78 13146, Time/Memory: 183.22,19568, Output: ['78 13146']
  📊 Iteration 2/5 for Belcastro kpathA k=10...
    Passes: 47 13383, Time/Memory: 108.73,19600, Output: ['47 13383']
  📊 Iteration 3/5 for Belcastro kpathC k=10...
    Passes: 48 13392, Time/Memory: 111.73,19560, Output: ['48 13392']
  📊 Iteration 3/5 for Belcastro kpathB k=10...
    Passes: 47 13383, Time/Memory: 109.44,19564, Output: ['47 13383']
  📊 Iteration 4/5 for Belcastro kpathC k=10...
    Passes: 48 13392, Time/Memory: 112.95,19600, Output: ['48 13392']
  📊 Iteration 4/5 for Belcastro kpathB k=10...
    Passes: 78 13146, Time/Memory: 183.88,19572, Output: ['78 13146']
  📊 Iteration 3/5 for Belcastro kpathA k=10...
    Passes: 47 13383, Time/Memory: 106.25,19600, Output: ['47 13383']
  📊 Iteration 5/5 for Belcastro kpathC k=10...
    Passes: 48 13392, Time/Memory: 107.82,19604, Output: ['48 13392']
  📊 Iteration 5/5 for Belcastro kpathB k=10...
    Passes: 47 13383, Time/Memory: 105.52,19600, Output: ['47 13383']
✅ Completed Belcastro kpathC k=10: 107.5s, 19797.6KB
✅ [6/12] Completed Belcastro kpathC k=10
    Passes: 78 13146, Time/Memory: 188.11,19524, Output: ['78 13146']
  📊 Iteration 4/5 for Belcastro kpathA k=10...
    Passes: 48 13392, Time/Memory: 111.63,19560, Output: ['48 13392']
✅ Completed Belcastro kpathB k=10: 111.05s, 19572.0KB
✅ [7/12] Completed Belcastro kpathB k=10
    Passes: 78 13146, Time/Memory: 181.00,19556, Output: ['78 13146']
  📊 Iteration 5/5 for Belcastro kpathA k=10...
    Passes: 78 13146, Time/Memory: 186.54,19524, Output: ['78 13146']
✅ Completed Belcastro kpathA k=10: 184.55s, 19548.8KB
✅ [8/12] Completed Belcastro kpathA k=10
    Passes: 4 2585823, Time/Memory: 4590.81,3951708, Output: ['4 2585823']
  📊 Iteration 2/5 for Orkut kpathC k=10...
    Passes: 5 2519499, Time/Memory: 4993.67,3877404, Output: ['5 2519499']
  📊 Iteration 2/5 for Orkut kpathD k=10...
    Passes: 6 2515779, Time/Memory: 5095.90,3861432, Output: ['6 2515779']
  📊 Iteration 2/5 for Orkut kpathA k=10...
    Passes: 5 2591227, Time/Memory: 4924.12,3916940, Output: ['5 2591227']
  📊 Iteration 2/5 for Orkut kpathB k=10...
    Passes: 4 2585823, Time/Memory: 4703.13,3953048, Output: ['4 2585823']
  📊 Iteration 3/5 for Orkut kpathC k=10...
    Passes: 5 2519499, Time/Memory: 5031.99,3881596, Output: ['5 2519499']
  📊 Iteration 3/5 for Orkut kpathD k=10...
    Passes: 6 2515779, Time/Memory: 5062.25,3863540, Output: ['6 2515779']
  📊 Iteration 3/5 for Orkut kpathA k=10...
    Passes: 5 2591227, Time/Memory: 4779.25,3916768, Output: ['5 2591227']
  📊 Iteration 3/5 for Orkut kpathB k=10...
    Passes: 4 2585823, Time/Memory: 4549.09,3952476, Output: ['4 2585823']
  📊 Iteration 4/5 for Orkut kpathC k=10...
    Passes: 5 2519499, Time/Memory: 4916.85,3880968, Output: ['5 2519499']
  📊 Iteration 4/5 for Orkut kpathD k=10...
    Passes: 6 2515779, Time/Memory: 5120.07,3861492, Output: ['6 2515779']
  📊 Iteration 4/5 for Orkut kpathA k=10...
    Passes: 4 2585823, Time/Memory: 4412.84,3952804, Output: ['4 2585823']
  📊 Iteration 5/5 for Orkut kpathC k=10...
    Passes: 5 2591227, Time/Memory: 4832.43,3903440, Output: ['5 2591227']
  📊 Iteration 4/5 for Orkut kpathB k=10...
    Passes: 5 2519499, Time/Memory: 5009.96,3881748, Output: ['5 2519499']
  📊 Iteration 5/5 for Orkut kpathD k=10...
    Passes: 6 2515779, Time/Memory: 5376.30,3861160, Output: ['6 2515779']
  📊 Iteration 5/5 for Orkut kpathA k=10...
    Passes: 4 2585823, Time/Memory: 4646.13,3948152, Output: ['4 2585823']
✅ Completed Orkut kpathC k=10: 4580.4s, 3951637.6KB
✅ [9/12] Completed Orkut kpathC k=10
    Passes: 5 2591227, Time/Memory: 4588.44,3914812, Output: ['5 2591227']
  📊 Iteration 5/5 for Orkut kpathB k=10...
    Passes: 5 2519499, Time/Memory: 5020.46,3880216, Output: ['5 2519499']
✅ Completed Orkut kpathD k=10: 4994.59s, 3880386.4KB
✅ [10/12] Completed Orkut kpathD k=10
    Passes: 6 2515779, Time/Memory: 5365.76,3862876, Output: ['6 2515779']
✅ Completed Orkut kpathA k=10: 5204.06s, 3862100.0KB
✅ [11/12] Completed Orkut kpathA k=10
    Passes: 5 2591227, Time/Memory: 4574.45,3916500, Output: ['5 2591227']
✅ Completed Orkut kpathB k=10: 4739.74s, 3913692.0KB
✅ [12/12] Completed Orkut kpathB k=10

🏁 All experiments completed!
✅ Successful: 11
❌ Failed: 1
📁 Results saved in ./results/real/average_concurrent_runs
