🎯 Total configurations to run: 15
🔄 Running with 18 parallel workers
🚀 Running Belcastro with kpathA, k=2, iterations=10, file=1
  📊 Iteration 1/10 for Belcastro kpathA k=2...
🚀 Running Belcastro with kpathA, k=1, iterations=10, file=2
  📊 Iteration 1/10 for Belcastro kpathA k=1...
🚀 Running Belcastro with kpathB, k=644, iterations=10, file=3
  📊 Iteration 1/10 for Belcastro kpathB k=644...
🚀 Running Belcastro with kpathB, k=9, iterations=10, file=4
  📊 Iteration 1/10 for Belcastro kpathB k=9...
🚀 Running Belcastro with kpathB, k=8, iterations=10, file=5
  📊 Iteration 1/10 for Belcastro kpathB k=8...
🚀 Running Belcastro with kpathB, k=7, iterations=10, file=6
  📊 Iteration 1/10 for Belcastro kpathB k=7...
🚀 Running Twitch with kpathD, k=1, iterations=10, file=2
  📊 Iteration 1/10 for Twitch kpathD k=1...
🚀 Running Twitch with kpathC, k=41, iterations=10, file=3
  📊 Iteration 1/10 for Twitch kpathC k=41...
🚀 Running Twitch with kpathC, k=9, iterations=10, file=4
  📊 Iteration 1/10 for Twitch kpathC k=9...
🚀 Running Twitch with kpathC, k=8, iterations=10, file=5
  📊 Iteration 1/10 for Twitch kpathC k=8...
🚀 Running Twitch with kpathC, k=7, iterations=10, file=6
  📊 Iteration 1/10 for Twitch kpathC k=7...
🚀 Running Twitch with kpathC, k=6, iterations=10, file=7
  📊 Iteration 1/10 for Twitch kpathC k=6...
🚀 Running Orkut with kpathA, k=2, iterations=10, file=1
  📊 Iteration 1/10 for Orkut kpathA k=2...
🚀 Running Orkut with kpathA, k=1, iterations=10, file=3
  📊 Iteration 1/10 for Orkut kpathA k=1...
🚀 Running Orkut with kpathB, k=39, iterations=10, file=4
  📊 Iteration 1/10 for Orkut kpathB k=39...
    Passes: 1, Time/Memory: 2.66,169896, Output: ['1']
  📊 Iteration 2/10 for Twitch kpathC k=41...
    Passes: 1, Time/Memory: 2.67,194636, Output: ['1']
  📊 Iteration 2/10 for Belcastro kpathB k=644...
    Passes: 1, Time/Memory: 2.44,169940, Output: ['1']
  📊 Iteration 3/10 for Twitch kpathC k=41...
    Passes: 1, Time/Memory: 2.64,194740, Output: ['1']
  📊 Iteration 3/10 for Belcastro kpathB k=644...
    Passes: 1, Time/Memory: 2.59,194720, Output: ['1']
  📊 Iteration 4/10 for Belcastro kpathB k=644...
    Passes: 1, Time/Memory: 2.64,169024, Output: ['1']
  📊 Iteration 4/10 for Twitch kpathC k=41...
    Passes: 1, Time/Memory: 2.67,169972, Output: ['1']
  📊 Iteration 5/10 for Twitch kpathC k=41...
    Passes: 1, Time/Memory: 2.85,194632, Output: ['1']
  📊 Iteration 5/10 for Belcastro kpathB k=644...
    Passes: 1, Time/Memory: 2.68,194676, Output: ['1']
  📊 Iteration 6/10 for Belcastro kpathB k=644...
    Passes: 1, Time/Memory: 3.96,169992, Output: ['1']
  📊 Iteration 6/10 for Twitch kpathC k=41...
    Passes: 1, Time/Memory: 2.76,194664, Output: ['1']
  📊 Iteration 7/10 for Belcastro kpathB k=644...
    Passes: 1, Time/Memory: 2.66,170092, Output: ['1']
  📊 Iteration 7/10 for Twitch kpathC k=41...
    Passes: 1, Time/Memory: 2.70,193652, Output: ['1']
  📊 Iteration 8/10 for Belcastro kpathB k=644...
    Passes: 1, Time/Memory: 2.79,169040, Output: ['1']
  📊 Iteration 8/10 for Twitch kpathC k=41...
    Passes: 5, Time/Memory: 22.54,191848, Output: ['5']
  📊 Iteration 2/10 for Twitch kpathC k=8...
    Passes: 1, Time/Memory: 2.66,194656, Output: ['1']
  📊 Iteration 9/10 for Belcastro kpathB k=644...
    Passes: 1, Time/Memory: 3.91,169936, Output: ['1']
  📊 Iteration 9/10 for Twitch kpathC k=41...
    Passes: 1, Time/Memory: 2.89,193652, Output: ['1']
  📊 Iteration 10/10 for Belcastro kpathB k=644...
    Passes: 6, Time/Memory: 26.86,165788, Output: ['6']
  📊 Iteration 2/10 for Twitch kpathC k=7...
    Passes: 1, Time/Memory: 2.55,169960, Output: ['1']
  📊 Iteration 10/10 for Twitch kpathC k=41...
    Passes: 5, Time/Memory: 29.24,198156, Output: ['5']
  📊 Iteration 2/10 for Twitch kpathC k=9...
    Passes: 1, Time/Memory: 3.18,193652, Output: ['1']
✅ Completed Belcastro kpathB k=644: 2.76s, 194368.0KB
✅ [1/15] Completed Belcastro kpathB k=C
    Passes: 7, Time/Memory: 30.51,153676, Output: ['7']
  📊 Iteration 2/10 for Twitch kpathC k=6...
    Passes: 1, Time/Memory: 2.74,169076, Output: ['1']
✅ Completed Twitch kpathC k=41: 2.9s, 169692.8KB
✅ [2/15] Completed Twitch kpathC k=C
    Passes: 5, Time/Memory: 23.32,191748, Output: ['5']
  📊 Iteration 3/10 for Twitch kpathC k=8...
    Passes: 6, Time/Memory: 26.15,164736, Output: ['6']
  📊 Iteration 3/10 for Twitch kpathC k=7...
    Passes: 5, Time/Memory: 29.26,198316, Output: ['5']
  📊 Iteration 3/10 for Twitch kpathC k=9...
    Passes: 7, Time/Memory: 30.19,153188, Output: ['7']
  📊 Iteration 3/10 for Twitch kpathC k=6...
    Passes: 5, Time/Memory: 21.35,190792, Output: ['5']
  📊 Iteration 4/10 for Twitch kpathC k=8...
    Passes: 1, Time/Memory: 65.65,3048264, Output: ['1']
  📊 Iteration 2/10 for Orkut kpathB k=39...
    Passes: 6, Time/Memory: 25.80,164732, Output: ['6']
  📊 Iteration 4/10 for Twitch kpathC k=7...
    Passes: 5, Time/Memory: 25.30,198324, Output: ['5']
  📊 Iteration 4/10 for Twitch kpathC k=9...
    Passes: 5, Time/Memory: 21.41,191740, Output: ['5']
  📊 Iteration 5/10 for Twitch kpathC k=8...
    Passes: 7, Time/Memory: 32.76,154160, Output: ['7']
  📊 Iteration 4/10 for Twitch kpathC k=6...
    Passes: 6, Time/Memory: 25.83,165736, Output: ['6']
  📊 Iteration 5/10 for Twitch kpathC k=7...
    Passes: 5, Time/Memory: 20.06,191804, Output: ['5']
  📊 Iteration 6/10 for Twitch kpathC k=8...
    Passes: 5, Time/Memory: 25.54,198328, Output: ['5']
  📊 Iteration 5/10 for Twitch kpathC k=9...
    Passes: 7, Time/Memory: 34.43,154084, Output: ['7']
  📊 Iteration 5/10 for Twitch kpathC k=6...
    Passes: 5, Time/Memory: 19.98,191844, Output: ['5']
  📊 Iteration 7/10 for Twitch kpathC k=8...
    Passes: 6, Time/Memory: 25.50,165868, Output: ['6']
  📊 Iteration 6/10 for Twitch kpathC k=7...
    Passes: 52, Time/Memory: 131.22,18544, Output: ['52']
  📊 Iteration 2/10 for Belcastro kpathB k=9...
    Passes: 5, Time/Memory: 25.55,198328, Output: ['5']
  📊 Iteration 6/10 for Twitch kpathC k=9...
    Passes: 57, Time/Memory: 141.19,17524, Output: ['57']
  📊 Iteration 2/10 for Belcastro kpathB k=8...
    Passes: 1, Time/Memory: 65.21,3052440, Output: ['1']
  📊 Iteration 3/10 for Orkut kpathB k=39...
    Passes: 5, Time/Memory: 20.29,192472, Output: ['5']
  📊 Iteration 8/10 for Twitch kpathC k=8...
    Passes: 6, Time/Memory: 25.63,165732, Output: ['6']
  📊 Iteration 7/10 for Twitch kpathC k=7...
    Passes: 7, Time/Memory: 28.31,154056, Output: ['7']
  📊 Iteration 6/10 for Twitch kpathC k=6...
    Passes: 5, Time/Memory: 25.64,198428, Output: ['5']
  📊 Iteration 7/10 for Twitch kpathC k=9...
    Passes: 64, Time/Memory: 162.44,15488, Output: ['64']
  📊 Iteration 2/10 for Belcastro kpathB k=7...
    Passes: 5, Time/Memory: 27.37,191804, Output: ['5']
  📊 Iteration 9/10 for Twitch kpathC k=8...
    Passes: 6, Time/Memory: 25.74,165548, Output: ['6']
  📊 Iteration 8/10 for Twitch kpathC k=7...
    Passes: 7, Time/Memory: 28.19,154056, Output: ['7']
  📊 Iteration 7/10 for Twitch kpathC k=6...
    Passes: 5, Time/Memory: 26.29,198316, Output: ['5']
  📊 Iteration 8/10 for Twitch kpathC k=9...
    Passes: 5, Time/Memory: 25.97,190832, Output: ['5']
  📊 Iteration 10/10 for Twitch kpathC k=8...
    Passes: 1, Time/Memory: 57.53,3053516, Output: ['1']
  📊 Iteration 4/10 for Orkut kpathB k=39...
    Passes: 6, Time/Memory: 25.68,165884, Output: ['6']
  📊 Iteration 9/10 for Twitch kpathC k=7...
    Passes: 5, Time/Memory: 25.61,198380, Output: ['5']
  📊 Iteration 9/10 for Twitch kpathC k=9...
    Passes: 7, Time/Memory: 27.92,153144, Output: ['7']
  📊 Iteration 8/10 for Twitch kpathC k=6...
    Passes: 5, Time/Memory: 20.34,191752, Output: ['5']
✅ Completed Twitch kpathC k=8: 22.26s, 191663.6KB
✅ [3/15] Completed Twitch kpathC k=8
    Passes: 6, Time/Memory: 25.34,164736, Output: ['6']
  📊 Iteration 10/10 for Twitch kpathC k=7...
    Passes: 5, Time/Memory: 25.76,198360, Output: ['5']
