🎯 Total configurations to run: 2
🔄 Running with 36 parallel workers
🚀 Running Twitch with kpath2, k=2, iterations=12, file=1
  📊 Iteration 1/12 for Twitch kpath2 k=2...
🚀 Running Twitch with kpath2, k=3, iterations=12, file=3
  📊 Iteration 1/12 for Twitch kpath2 k=3...
    Passes: 13, Time/Memory: 47.60,101548, Output: ['13']
  📊 Iteration 2/12 for Twitch kpath2 k=3...
    Passes: 20, Time/Memory: 58.46,93696, Output: ['20']
  📊 Iteration 2/12 for Twitch kpath2 k=2...
    Passes: 13, Time/Memory: 47.62,101260, Output: ['13']
  📊 Iteration 3/12 for Twitch kpath2 k=3...
    Passes: 20, Time/Memory: 57.97,93936, Output: ['20']
  📊 Iteration 3/12 for Twitch kpath2 k=2...
    Passes: 13, Time/Memory: 47.84,102284, Output: ['13']
  📊 Iteration 4/12 for Twitch kpath2 k=3...
    Passes: 20, Time/Memory: 57.88,93692, Output: ['20']
  📊 Iteration 4/12 for Twitch kpath2 k=2...
    Passes: 13, Time/Memory: 47.89,101584, Output: ['13']
  📊 Iteration 5/12 for Twitch kpath2 k=3...
    Passes: 20, Time/Memory: 57.85,93936, Output: ['20']
  📊 Iteration 5/12 for Twitch kpath2 k=2...
    Passes: 13, Time/Memory: 47.75,101556, Output: ['13']
  📊 Iteration 6/12 for Twitch kpath2 k=3...
    Passes: 13, Time/Memory: 48.06,102288, Output: ['13']
  📊 Iteration 7/12 for Twitch kpath2 k=3...
    Passes: 20, Time/Memory: 59.03,93972, Output: ['20']
  📊 Iteration 6/12 for Twitch kpath2 k=2...
    Passes: 13, Time/Memory: 48.03,102284, Output: ['13']
  📊 Iteration 8/12 for Twitch kpath2 k=3...
    Passes: 20, Time/Memory: 59.29,93688, Output: ['20']
  📊 Iteration 7/12 for Twitch kpath2 k=2...
    Passes: 13, Time/Memory: 47.32,101264, Output: ['13']
  📊 Iteration 9/12 for Twitch kpath2 k=3...
    Passes: 20, Time/Memory: 58.14,93692, Output: ['20']
  📊 Iteration 8/12 for Twitch kpath2 k=2...
    Passes: 13, Time/Memory: 48.41,101512, Output: ['13']
  📊 Iteration 10/12 for Twitch kpath2 k=3...
    Passes: 20, Time/Memory: 56.94,92668, Output: ['20']
  📊 Iteration 9/12 for Twitch kpath2 k=2...
    Passes: 13, Time/Memory: 47.39,102288, Output: ['13']
  📊 Iteration 11/12 for Twitch kpath2 k=3...
    Passes: 20, Time/Memory: 58.28,93692, Output: ['20']
  📊 Iteration 10/12 for Twitch kpath2 k=2...
    Passes: 13, Time/Memory: 48.04,101564, Output: ['13']
  📊 Iteration 12/12 for Twitch kpath2 k=3...
    Passes: 13, Time/Memory: 47.58,101540, Output: ['13']
✅ Completed Twitch kpath2 k=3: 47.79s, 101747.67KB
✅ [1/2] Completed Twitch kpath2 k=3
    Passes: 20, Time/Memory: 59.51,93696, Output: ['20']
  📊 Iteration 11/12 for Twitch kpath2 k=2...
    Passes: 20, Time/Memory: 55.93,93492, Output: ['20']
  📊 Iteration 12/12 for Twitch kpath2 k=2...
    Passes: 20, Time/Memory: 55.86,93712, Output: ['20']
✅ Completed Twitch kpath2 k=2: 57.93s, 93656.0KB
✅ [2/2] Completed Twitch kpath2 k=2

🏁 All experiments completed!
✅ Successful: 2
❌ Failed: 0
📁 Results saved in ./results/real/average_concurrent_runs
