🎯 Total configurations to run: 24
🔄 Running with 24 parallel workers
🚀 Running Orkut with klev2, k=6, iterations=3, file=1
  📊 Iteration 1/3 for Orkut klev2 k=6...
🚀 Running Orkut with klev2, k=5, iterations=1, file=2
  📊 Iteration 1/1 for Orkut klev2 k=5...
🚀 Running Orkut with klev2, k=4, iterations=4, file=3
  📊 Iteration 1/4 for Orkut klev2 k=4...
🚀 Running Orkut with klev2, k=3, iterations=4, file=4
  📊 Iteration 1/4 for Orkut klev2 k=3...
🚀 Running Orkut with klev2, k=2, iterations=4, file=5
  📊 Iteration 1/4 for Orkut klev2 k=2...
🚀 Running Orkut with klev2, k=1, iterations=3, file=6
  📊 Iteration 1/3 for Orkut klev2 k=1...
🚀 Running Orkut with klev1, k=6, iterations=3, file=8
  📊 Iteration 1/3 for Orkut klev1 k=6...
🚀 Running Orkut with klev1, k=7, iterations=2, file=7
  📊 Iteration 1/2 for Orkut klev1 k=7...
🚀 Running LiveJournal with klev0, k=9, iterations=2, file=1
  📊 Iteration 1/2 for LiveJournal klev0 k=9...
🚀 Running LiveJournal with klev0, k=10, iterations=4, file=2
  📊 Iteration 1/4 for LiveJournal klev0 k=10...
🚀 Running LiveJournal with klev0, k=9, iterations=6, file=3
  📊 Iteration 1/6 for LiveJournal klev0 k=9...
🚀 Running LiveJournal with klev0, k=8, iterations=6, file=4
  📊 Iteration 1/6 for LiveJournal klev0 k=8...
🚀 Running LiveJournal with klev1, k=8, iterations=5, file=5
  📊 Iteration 1/5 for LiveJournal klev1 k=8...
🚀 Running LiveJournal with klev2, k=8, iterations=2, file=6
  📊 Iteration 1/2 for LiveJournal klev2 k=8...
🚀 Running LiveJournal with klevN, k=6, iterations=10, file=7
  📊 Iteration 1/10 for LiveJournal klevN k=6...
🚀 Running LiveJournal with klevN, k=7, iterations=6, file=8
  📊 Iteration 1/6 for LiveJournal klevN k=7...
🚀 Running KonectDblp with kpath0, k=1, iterations=10, file=2
  📊 Iteration 1/10 for KonectDblp kpath0 k=1...
🚀 Running KonectDblp with kpathN, k=1, iterations=10, file=1
  📊 Iteration 1/10 for KonectDblp kpathN k=1...
🚀 Running KonectDblp with kpath2, k=1, iterations=10, file=3
  📊 Iteration 1/10 for KonectDblp kpath2 k=1...
🚀 Running KonectDblp with kpath1, k=1, iterations=10, file=4
  📊 Iteration 1/10 for KonectDblp kpath1 k=1...
🚀 Running KonectDblp with klev0, k=2, iterations=3, file=5
  📊 Iteration 1/3 for KonectDblp klev0 k=2...
🚀 Running KonectDblp with klev0, k=10, iterations=10, file=6
  📊 Iteration 1/10 for KonectDblp klev0 k=10...
🚀 Running KonectDblp with klev0, k=9, iterations=10, file=7
  📊 Iteration 1/10 for KonectDblp klev0 k=9...
🚀 Running KonectDblp with klev0, k=1, iterations=7, file=8
  📊 Iteration 1/7 for KonectDblp klev0 k=1...
    Passes: 5, Time/Memory: 12248.89,1463296, Output: ['5']
  📊 Iteration 2/2 for Orkut klev1 k=7...
    Passes: 5, Time/Memory: 12352.44,1465344, Output: ['5']
  📊 Iteration 2/3 for Orkut klev1 k=6...
    Passes: 4, Time/Memory: 12795.07,2290688, Output: ['4']
  📊 Iteration 2/4 for Orkut klev2 k=3...
    Passes: 4, Time/Memory: 12841.72,3131392, Output: ['4']
  📊 Iteration 2/3 for Orkut klev2 k=6...
    Passes: 4, Time/Memory: 12925.78,2844672, Output: ['4']
✅ Completed Orkut klev2 k=5: 12925.78s, 2844672.0KB
✅ [1/24] Completed Orkut klev2 k=5
    Passes: 4, Time/Memory: 13136.53,2002944, Output: ['4']
  📊 Iteration 2/4 for Orkut klev2 k=2...
    Passes: 4, Time/Memory: 13358.96,1729536, Output: ['4']
  📊 Iteration 2/3 for Orkut klev2 k=1...
    Passes: 4, Time/Memory: 13471.45,2575360, Output: ['4']
  📊 Iteration 2/4 for Orkut klev2 k=4...
    Passes: 5, Time/Memory: 11780.98,1466368, Output: ['5']
✅ Completed Orkut klev1 k=7: 12014.93s, 1464832.0KB
✅ [2/24] Completed Orkut klev1 k=7
    Passes: 5, Time/Memory: 11909.75,1467392, Output: ['5']
  📊 Iteration 3/3 for Orkut klev1 k=6...
    Passes: 4, Time/Memory: 12371.62,2293760, Output: ['4']
  📊 Iteration 3/4 for Orkut klev2 k=3...
    Passes: 4, Time/Memory: 12429.63,3137536, Output: ['4']
  📊 Iteration 3/3 for Orkut klev2 k=6...
    Passes: 2, Time/Memory: 25256.88,4480000, Output: ['2']
  📊 Iteration 2/2 for LiveJournal klev2 k=8...
    Passes: 2, Time/Memory: 25734.80,4119552, Output: ['2']
  📊 Iteration 2/6 for LiveJournal klevN k=7...
    Passes: 4, Time/Memory: 12610.20,2002944, Output: ['4']
  📊 Iteration 3/4 for Orkut klev2 k=2...
    Passes: 4, Time/Memory: 12625.65,1728512, Output: ['4']
  📊 Iteration 3/3 for Orkut klev2 k=1...
    Passes: 5, Time/Memory: 26068.35,1652736, Output: ['5']
  📊 Iteration 2/5 for LiveJournal klev1 k=8...
    Passes: 4, Time/Memory: 12780.26,2576384, Output: ['4']
  📊 Iteration 3/4 for Orkut klev2 k=4...
    Passes: 2, Time/Memory: 27111.92,3773440, Output: ['2']
  📊 Iteration 2/10 for LiveJournal klevN k=6...
    Passes: 6, Time/Memory: 29859.40,1673216, Output: ['6']
  📊 Iteration 2/6 for LiveJournal klev0 k=8...
    Passes: 6, Time/Memory: 29946.51,1671168, Output: ['6']
  📊 Iteration 2/6 for LiveJournal klev0 k=9...
    Passes: 6, Time/Memory: 29928.94,1673216, Output: ['6']
  📊 Iteration 2/4 for LiveJournal klev0 k=10...
    Passes: 6, Time/Memory: 30051.73,1670144, Output: ['6']
  📊 Iteration 2/2 for LiveJournal klev0 k=9...
    Passes: 5, Time/Memory: 11899.83,1465344, Output: ['5']
✅ Completed Orkut klev1 k=6: 12054.01s, 1466026.67KB
✅ [3/24] Completed Orkut klev1 k=6
    Passes: 4, Time/Memory: 12309.14,2294784, Output: ['4']
  📊 Iteration 4/4 for Orkut klev2 k=3...
    Passes: 4, Time/Memory: 12469.93,3137536, Output: ['4']
✅ Completed Orkut klev2 k=6: 12580.43s, 3135488.0KB
✅ [4/24] Completed Orkut klev2 k=6
    Passes: 4, Time/Memory: 12661.29,2002944, Output: ['4']
  📊 Iteration 4/4 for Orkut klev2 k=2...
    Passes: 4, Time/Memory: 12815.37,1729536, Output: ['4']
✅ Completed Orkut klev2 k=1: 12933.33s, 1729194.67KB
✅ [5/24] Completed Orkut klev2 k=1
    Passes: 4, Time/Memory: 12877.30,2575360, Output: ['4']
  📊 Iteration 4/4 for Orkut klev2 k=4...
    Passes: 4, Time/Memory: 12482.47,2295808, Output: ['4']
✅ Completed Orkut klev2 k=3: 12489.58s, 2293760.0KB
✅ [6/24] Completed Orkut klev2 k=3
    Passes: 2, Time/Memory: 24723.50,4481024, Output: ['2']
✅ Completed LiveJournal klev2 k=8: 24990.19s, 4480512.0KB
✅ [7/24] Completed LiveJournal klev2 k=8
    Passes: 4, Time/Memory: 12627.94,2002944, Output: ['4']
✅ Completed Orkut klev2 k=2: 12758.99s, 2002944.0KB
✅ [8/24] Completed Orkut klev2 k=2
    Passes: 2, Time/Memory: 25373.74,4119552, Output: ['2']
  📊 Iteration 3/6 for LiveJournal klevN k=7...
    Passes: 5, Time/Memory: 25585.99,1655808, Output: ['5']
  📊 Iteration 3/5 for LiveJournal klev1 k=8...
    Passes: 4, Time/Memory: 12903.08,2576384, Output: ['4']
✅ Completed Orkut klev2 k=4: 13008.02s, 2575872.0KB
✅ [9/24] Completed Orkut klev2 k=4
    Passes: 2, Time/Memory: 26451.01,3773440, Output: ['2']
  📊 Iteration 3/10 for LiveJournal klevN k=6...
    Passes: 6, Time/Memory: 29518.04,1673216, Output: ['6']
  📊 Iteration 3/6 for LiveJournal klev0 k=8...
    Passes: 6, Time/Memory: 29745.43,1670144, Output: ['6']
  📊 Iteration 3/6 for LiveJournal klev0 k=9...
    Passes: 6, Time/Memory: 29655.57,1669120, Output: ['6']
✅ Completed LiveJournal klev0 k=9: 29853.65s, 1669632.0KB
✅ [10/24] Completed LiveJournal klev0 k=C
    Passes: 6, Time/Memory: 29775.64,1672192, Output: ['6']
  📊 Iteration 3/4 for LiveJournal klev0 k=10...
    Passes: 6, Time/Memory: 71487.08,2835456, Output: ['6']
  📊 Iteration 2/10 for KonectDblp klev0 k=10...
    Passes: 6, Time/Memory: 71643.45,2831360, Output: ['6']
  📊 Iteration 2/10 for KonectDblp klev0 k=9...
    Passes: 6, Time/Memory: 71795.30,2830336, Output: ['6']
  📊 Iteration 2/7 for KonectDblp klev0 k=1...
    Passes: 6, Time/Memory: 71840.66,2827264, Output: ['6']
  📊 Iteration 2/3 for KonectDblp klev0 k=2...
    Passes: 2, Time/Memory: 25505.17,4119552, Output: ['2']
  📊 Iteration 4/6 for LiveJournal klevN k=7...
    Passes: 5, Time/Memory: 25661.52,1655808, Output: ['5']
  📊 Iteration 4/5 for LiveJournal klev1 k=8...
    Passes: 2, Time/Memory: 26716.45,3772416, Output: ['2']
