🎯 Total configurations to run: 2
🔄 Running with 36 parallel workers
🚀 Running LiveJournal with kpath0, k=6, iterations=10, file=2
  📊 Iteration 1/10 for LiveJournal kpath0 k=6...
🚀 Running LiveJournal with kpath2, k=6, iterations=3, file=3
  📊 Iteration 1/3 for LiveJournal kpath2 k=6...
    Passes: 10, Time/Memory: 14886.65,3573424, Output: ['10']
  📊 Iteration 2/10 for LiveJournal kpath0 k=6...
    Passes: 8, Time/Memory: 15594.13,3543392, Output: ['8']
  📊 Iteration 2/3 for LiveJournal kpath2 k=6...
    Passes: 10, Time/Memory: 14343.84,3574404, Output: ['10']
  📊 Iteration 3/10 for LiveJournal kpath0 k=6...
    Passes: 8, Time/Memory: 16282.75,3542748, Output: ['8']
  📊 Iteration 3/3 for LiveJournal kpath2 k=6...
    Passes: 10, Time/Memory: 15744.87,3574392, Output: ['10']
  📊 Iteration 4/10 for LiveJournal kpath0 k=6...
    Passes: 8, Time/Memory: 15615.59,3543276, Output: ['8']
✅ Completed LiveJournal kpath2 k=6: 15830.82s, 3543138.67KB
✅ [1/2] Completed LiveJournal kpath2 k=6
    Passes: 10, Time/Memory: 14971.12,3574424, Output: ['10']
  📊 Iteration 5/10 for LiveJournal kpath0 k=6...
    Passes: 10, Time/Memory: 17908.40,3574408, Output: ['10']
  📊 Iteration 6/10 for LiveJournal kpath0 k=6...
    Passes: 10, Time/Memory: 18587.39,3573356, Output: ['10']
  📊 Iteration 7/10 for LiveJournal kpath0 k=6...
    Passes: 10, Time/Memory: 18911.36,3573164, Output: ['10']
  📊 Iteration 8/10 for LiveJournal kpath0 k=6...
    Passes: 10, Time/Memory: 18961.58,3574436, Output: ['10']
  📊 Iteration 9/10 for LiveJournal kpath0 k=6...
    Passes: 10, Time/Memory: 16899.19,3575104, Output: ['10']
  📊 Iteration 10/10 for LiveJournal kpath0 k=6...
    Passes: 10, Time/Memory: 17995.33,3574380, Output: ['10']
✅ Completed LiveJournal kpath0 k=6: 16920.97s, 3574149.2KB
✅ [2/2] Completed LiveJournal kpath0 k=6

🏁 All experiments completed!
✅ Successful: 2
❌ Failed: 0
📁 Results saved in ./results/real/average_concurrent_runs
