🎯 Total configurations to run: 3
🔄 Running with 36 parallel workers
🚀 Running Twitch with kpath2, k=1, iterations=12, file=1
  📊 Iteration 1/12 for Twitch kpath2 k=1...
🚀 Running Twitch with kpathN, k=1, iterations=10, file=2
  📊 Iteration 1/10 for Twitch kpathN k=1...
🚀 Running Twitch with kpath1, k=7, iterations=12, file=3
  📊 Iteration 1/12 for Twitch kpath1 k=7...
    Passes: 6, Time/Memory: 23.14,165652, Output: ['6']
  📊 Iteration 2/12 for Twitch kpath1 k=7...
    Passes: 6, Time/Memory: 22.98,165748, Output: ['6']
  📊 Iteration 3/12 for Twitch kpath1 k=7...
    Passes: 6, Time/Memory: 22.96,165764, Output: ['6']
  📊 Iteration 4/12 for Twitch kpath1 k=7...
    Passes: 6, Time/Memory: 22.97,165648, Output: ['6']
  📊 Iteration 5/12 for Twitch kpath1 k=7...
    Passes: 6, Time/Memory: 22.88,165652, Output: ['6']
  📊 Iteration 6/12 for Twitch kpath1 k=7...
    Passes: 6, Time/Memory: 22.97,165768, Output: ['6']
  📊 Iteration 7/12 for Twitch kpath1 k=7...
    Passes: 6, Time/Memory: 23.34,164716, Output: ['6']
  📊 Iteration 8/12 for Twitch kpath1 k=7...
    Passes: 6, Time/Memory: 23.26,165696, Output: ['6']
  📊 Iteration 9/12 for Twitch kpath1 k=7...
    Passes: 6, Time/Memory: 22.79,165740, Output: ['6']
  📊 Iteration 10/12 for Twitch kpath1 k=7...
    Passes: 6, Time/Memory: 23.03,165772, Output: ['6']
  📊 Iteration 11/12 for Twitch kpath1 k=7...
    Passes: 6, Time/Memory: 23.12,165648, Output: ['6']
  📊 Iteration 12/12 for Twitch kpath1 k=7...
    Passes: 6, Time/Memory: 23.02,165824, Output: ['6']
✅ Completed Twitch kpath1 k=7: 23.04s, 165635.67KB
✅ [1/3] Completed Twitch kpath1 k=7
    Passes: 1173, Time/Memory: 2456.67,80296, Output: ['1173']
  📊 Iteration 2/10 for Twitch kpathN k=1...
    Passes: 1418, Time/Memory: 2940.73,80748, Output: ['1418']
  📊 Iteration 2/12 for Twitch kpath2 k=1...
    Passes: 1173, Time/Memory: 2395.08,80576, Output: ['1173']
  📊 Iteration 3/10 for Twitch kpathN k=1...
    Passes: 1418, Time/Memory: 2903.75,79940, Output: ['1418']
  📊 Iteration 3/12 for Twitch kpath2 k=1...
    Passes: 1173, Time/Memory: 2407.31,80576, Output: ['1173']
  📊 Iteration 4/10 for Twitch kpathN k=1...
    Passes: 1418, Time/Memory: 2883.83,80204, Output: ['1418']
  📊 Iteration 4/12 for Twitch kpath2 k=1...
    Passes: 1173, Time/Memory: 2654.86,80244, Output: ['1173']
  📊 Iteration 5/10 for Twitch kpathN k=1...
    Passes: 1418, Time/Memory: 3136.06,79980, Output: ['1418']
  📊 Iteration 5/12 for Twitch kpath2 k=1...
    Passes: 1173, Time/Memory: 2387.35,81420, Output: ['1173']
  📊 Iteration 6/10 for Twitch kpathN k=1...
    Passes: 1418, Time/Memory: 2821.42,80268, Output: ['1418']
  📊 Iteration 6/12 for Twitch kpath2 k=1...
    Passes: 1173, Time/Memory: 2374.51,80424, Output: ['1173']
  📊 Iteration 7/10 for Twitch kpathN k=1...
    Passes: 1173, Time/Memory: 2402.88,80576, Output: ['1173']
  📊 Iteration 8/10 for Twitch kpathN k=1...
    Passes: 1418, Time/Memory: 2845.51,81064, Output: ['1418']
  📊 Iteration 7/12 for Twitch kpath2 k=1...
    Passes: 1173, Time/Memory: 2374.16,81256, Output: ['1173']
  📊 Iteration 9/10 for Twitch kpathN k=1...
    Passes: 1418, Time/Memory: 2841.20,80336, Output: ['1418']
  📊 Iteration 8/12 for Twitch kpath2 k=1...
    Passes: 1173, Time/Memory: 2413.49,80872, Output: ['1173']
  📊 Iteration 10/10 for Twitch kpathN k=1...
    Passes: 1418, Time/Memory: 2862.87,81156, Output: ['1418']
  📊 Iteration 9/12 for Twitch kpath2 k=1...
    Passes: 1173, Time/Memory: 2406.34,80072, Output: ['1173']
✅ Completed Twitch kpathN k=1: 2427.27s, 80631.2KB
✅ [2/3] Completed Twitch kpathN k=1
    Passes: 1418, Time/Memory: 2815.51,81072, Output: ['1418']
  📊 Iteration 10/12 for Twitch kpath2 k=1...
    Passes: 1418, Time/Memory: 2840.20,80452, Output: ['1418']
  📊 Iteration 11/12 for Twitch kpath2 k=1...
    Passes: 1418, Time/Memory: 2868.40,80904, Output: ['1418']
  📊 Iteration 12/12 for Twitch kpath2 k=1...
    Passes: 1418, Time/Memory: 2890.94,80364, Output: ['1418']
✅ Completed Twitch kpath2 k=1: 2887.53s, 80540.67KB
✅ [3/3] Completed Twitch kpath2 k=1

🏁 All experiments completed!
✅ Successful: 3
❌ Failed: 0
📁 Results saved in ./results/real/average_concurrent_runs
