🎯 Total configurations to run: 2
🔄 Running with 36 parallel workers
🚀 Running LiveJournal with klev0, k=1, iterations=7, file=2
  📊 Iteration 1/7 for LiveJournal klev0 k=1...
🚀 Running LiveJournal with kpathN, k=8, iterations=8, file=5
  📊 Iteration 1/8 for LiveJournal kpathN k=8...
    Passes: 3, Time/Memory: 25930.23,4287308, Output: ['3']
  📊 Iteration 2/8 for LiveJournal kpathN k=8...
    Passes: 6, Time/Memory: 31063.60,1670172, Output: ['6']
  📊 Iteration 2/7 for LiveJournal klev0 k=1...
    Passes: 3, Time/Memory: 26267.42,4287340, Output: ['3']
  📊 Iteration 3/8 for LiveJournal kpathN k=8...
    Passes: 6, Time/Memory: 32363.68,1672228, Output: ['6']
  📊 Iteration 3/7 for LiveJournal klev0 k=1...
    Passes: 3, Time/Memory: 25765.41,4287324, Output: ['3']
  📊 Iteration 4/8 for LiveJournal kpathN k=8...
    Passes: 6, Time/Memory: 32429.11,1671200, Output: ['6']
  📊 Iteration 4/7 for LiveJournal klev0 k=1...
    Passes: 3, Time/Memory: 27053.23,4287340, Output: ['3']
  📊 Iteration 5/8 for LiveJournal kpathN k=8...
    Passes: 6, Time/Memory: 31867.94,1661980, Output: ['6']
  📊 Iteration 5/7 for LiveJournal klev0 k=1...
    Passes: 3, Time/Memory: 26683.53,4287280, Output: ['3']
  📊 Iteration 6/8 for LiveJournal kpathN k=8...
    Passes: 3, Time/Memory: 25587.39,4287352, Output: ['3']
  📊 Iteration 7/8 for LiveJournal kpathN k=8...
    Passes: 6, Time/Memory: 33133.47,1667112, Output: ['6']
  📊 Iteration 6/7 for LiveJournal klev0 k=1...
    Passes: 3, Time/Memory: 26767.54,4287312, Output: ['3']
  📊 Iteration 8/8 for LiveJournal kpathN k=8...
    Passes: 6, Time/Memory: 31631.96,1668132, Output: ['6']
  📊 Iteration 7/7 for LiveJournal klev0 k=1...
    Passes: 3, Time/Memory: 27481.97,4287292, Output: ['3']
✅ Completed LiveJournal kpathN k=8: 26442.09s, 4287318.5KB
✅ [1/2] Completed LiveJournal kpathN k=8
    Passes: 6, Time/Memory: 32692.07,1665060, Output: ['6']
✅ Completed LiveJournal klev0 k=1: 32168.83s, 1667983.43KB
✅ [2/2] Completed LiveJournal klev0 k=1

🏁 All experiments completed!
✅ Successful: 2
❌ Failed: 0
📁 Results saved in ./results/real/average_concurrent_runs
