🎯 Total configurations to run: 3
🔄 Running with 36 parallel workers
🚀 Running Gowalla with kpathN, k=3, iterations=10, file=1
  📊 Iteration 1/10 for Gowalla kpathN k=3...
🚀 Running Gowalla with kpath2, k=1, iterations=10, file=2
  📊 Iteration 1/10 for Gowalla kpath2 k=1...
🚀 Running Gowalla with kpath1, k=2, iterations=10, file=3
  📊 Iteration 1/10 for Gowalla kpath1 k=2...
    Passes: 4, Time/Memory: 39.40,113788, Output: ['4']
  📊 Iteration 2/10 for Gowalla kpathN k=3...
    Passes: 28, Time/Memory: 58.93,100112, Output: ['28']
  📊 Iteration 2/10 for Gowalla kpath1 k=2...
    Passes: 4, Time/Memory: 43.29,113724, Output: ['4']
  📊 Iteration 3/10 for Gowalla kpathN k=3...
    Passes: 28, Time/Memory: 57.94,99612, Output: ['28']
  📊 Iteration 3/10 for Gowalla kpath1 k=2...
    Passes: 4, Time/Memory: 38.63,113700, Output: ['4']
  📊 Iteration 4/10 for Gowalla kpathN k=3...
    Passes: 4, Time/Memory: 37.52,113724, Output: ['4']
  📊 Iteration 5/10 for Gowalla kpathN k=3...
    Passes: 28, Time/Memory: 59.75,100160, Output: ['28']
  📊 Iteration 4/10 for Gowalla kpath1 k=2...
    Passes: 4, Time/Memory: 39.31,113700, Output: ['4']
  📊 Iteration 6/10 for Gowalla kpathN k=3...
    Passes: 28, Time/Memory: 59.42,99644, Output: ['28']
  📊 Iteration 5/10 for Gowalla kpath1 k=2...
    Passes: 4, Time/Memory: 39.03,113700, Output: ['4']
  📊 Iteration 7/10 for Gowalla kpathN k=3...
    Passes: 475, Time/Memory: 255.61,89872, Output: ['475']
  📊 Iteration 2/10 for Gowalla kpath2 k=1...
    Passes: 4, Time/Memory: 37.39,113700, Output: ['4']
  📊 Iteration 8/10 for Gowalla kpathN k=3...
    Passes: 28, Time/Memory: 60.27,99616, Output: ['28']
  📊 Iteration 6/10 for Gowalla kpath1 k=2...
    Passes: 4, Time/Memory: 38.28,113740, Output: ['4']
  📊 Iteration 9/10 for Gowalla kpathN k=3...
    Passes: 4, Time/Memory: 38.26,113700, Output: ['4']
  📊 Iteration 10/10 for Gowalla kpathN k=3...
    Passes: 28, Time/Memory: 60.83,99552, Output: ['28']
  📊 Iteration 7/10 for Gowalla kpath1 k=2...
    Passes: 4, Time/Memory: 38.79,113748, Output: ['4']
✅ Completed Gowalla kpathN k=3: 38.99s, 113722.4KB
✅ [1/3] Completed Gowalla kpathN k=3
    Passes: 28, Time/Memory: 56.90,100148, Output: ['28']
  📊 Iteration 8/10 for Gowalla kpath1 k=2...
    Passes: 28, Time/Memory: 56.73,99616, Output: ['28']
  📊 Iteration 9/10 for Gowalla kpath1 k=2...
    Passes: 475, Time/Memory: 254.18,89832, Output: ['475']
  📊 Iteration 3/10 for Gowalla kpath2 k=1...
    Passes: 28, Time/Memory: 56.63,99616, Output: ['28']
  📊 Iteration 10/10 for Gowalla kpath1 k=2...
    Passes: 28, Time/Memory: 56.28,100128, Output: ['28']
✅ Completed Gowalla kpath1 k=2: 58.37s, 99820.4KB
✅ [2/3] Completed Gowalla kpath1 k=2
    Passes: 475, Time/Memory: 254.53,89588, Output: ['475']
  📊 Iteration 4/10 for Gowalla kpath2 k=1...
    Passes: 475, Time/Memory: 259.49,88824, Output: ['475']
  📊 Iteration 5/10 for Gowalla kpath2 k=1...
    Passes: 475, Time/Memory: 253.40,88564, Output: ['475']
  📊 Iteration 6/10 for Gowalla kpath2 k=1...
    Passes: 475, Time/Memory: 256.28,88560, Output: ['475']
  📊 Iteration 7/10 for Gowalla kpath2 k=1...
    Passes: 475, Time/Memory: 256.82,88560, Output: ['475']
  📊 Iteration 8/10 for Gowalla kpath2 k=1...
    Passes: 475, Time/Memory: 275.09,88564, Output: ['475']
  📊 Iteration 9/10 for Gowalla kpath2 k=1...
    Passes: 475, Time/Memory: 330.55,88564, Output: ['475']
  📊 Iteration 10/10 for Gowalla kpath2 k=1...
    Passes: 475, Time/Memory: 278.66,88640, Output: ['475']
✅ Completed Gowalla kpath2 k=1: 267.46s, 88956.8KB
✅ [3/3] Completed Gowalla kpath2 k=1

🏁 All experiments completed!
✅ Successful: 3
❌ Failed: 0
📁 Results saved in ./results/real/average_concurrent_runs
