🎯 Total configurations to run: 3
🔄 Running with 24 parallel workers
🚀 Running Orkut with klev0, k=8, iterations=10, file=4
  📊 Iteration 1/10 for Orkut klev0 k=8...
🚀 Running Orkut with klev1, k=1, iterations=10, file=6
  📊 Iteration 1/10 for Orkut klev1 k=1...
🚀 Running LiveJournal with klevN, k=5, iterations=10, file=6
  📊 Iteration 1/10 for LiveJournal klevN k=5...
    Passes: 5, Time/Memory: 12283.23,1379328, Output: ['5']
  📊 Iteration 2/10 for Orkut klev1 k=1...
    Passes: 6, Time/Memory: 12287.70,1448960, Output: ['6']
  📊 Iteration 2/10 for Orkut klev0 k=8...
    Passes: 5, Time/Memory: 12214.15,1378304, Output: ['5']
  📊 Iteration 3/10 for Orkut klev1 k=1...
    Passes: 6, Time/Memory: 12310.60,1447936, Output: ['6']
  📊 Iteration 3/10 for Orkut klev0 k=8...
    Passes: 2, Time/Memory: 26976.32,3417088, Output: ['2']
  📊 Iteration 2/10 for LiveJournal klevN k=5...
    Passes: 5, Time/Memory: 12207.62,1379328, Output: ['5']
  📊 Iteration 4/10 for Orkut klev1 k=1...
    Passes: 6, Time/Memory: 12272.71,1448960, Output: ['6']
  📊 Iteration 4/10 for Orkut klev0 k=8...
    Passes: 5, Time/Memory: 12211.55,1379328, Output: ['5']
  📊 Iteration 5/10 for Orkut klev1 k=1...
    Passes: 6, Time/Memory: 12273.10,1446912, Output: ['6']
  📊 Iteration 5/10 for Orkut klev0 k=8...
    Passes: 2, Time/Memory: 27197.04,3416064, Output: ['2']
  📊 Iteration 3/10 for LiveJournal klevN k=5...
    Passes: 5, Time/Memory: 12231.25,1379328, Output: ['5']
  📊 Iteration 6/10 for Orkut klev1 k=1...
    Passes: 6, Time/Memory: 12289.56,1446912, Output: ['6']
  📊 Iteration 6/10 for Orkut klev0 k=8...
    Passes: 5, Time/Memory: 12303.02,1378304, Output: ['5']
  📊 Iteration 7/10 for Orkut klev1 k=1...
    Passes: 6, Time/Memory: 12287.16,1448960, Output: ['6']
  📊 Iteration 7/10 for Orkut klev0 k=8...
    Passes: 2, Time/Memory: 27076.26,3417088, Output: ['2']
  📊 Iteration 4/10 for LiveJournal klevN k=5...
    Passes: 5, Time/Memory: 12322.60,1379328, Output: ['5']
  📊 Iteration 8/10 for Orkut klev1 k=1...
    Passes: 6, Time/Memory: 12258.04,1446912, Output: ['6']
  📊 Iteration 8/10 for Orkut klev0 k=8...
    Passes: 5, Time/Memory: 12234.94,1379328, Output: ['5']
  📊 Iteration 9/10 for Orkut klev1 k=1...
    Passes: 6, Time/Memory: 12235.49,1443840, Output: ['6']
  📊 Iteration 9/10 for Orkut klev0 k=8...
    Passes: 2, Time/Memory: 26988.27,3416064, Output: ['2']
  📊 Iteration 5/10 for LiveJournal klevN k=5...
    Passes: 5, Time/Memory: 12231.57,1379328, Output: ['5']
  📊 Iteration 10/10 for Orkut klev1 k=1...
    Passes: 6, Time/Memory: 12231.85,1448960, Output: ['6']
  📊 Iteration 10/10 for Orkut klev0 k=8...
    Passes: 5, Time/Memory: 12368.65,1379328, Output: ['5']
✅ Completed Orkut klev1 k=1: 12260.86s, 1379123.2KB
✅ [1/3] Completed Orkut klev1 k=1
    Passes: 6, Time/Memory: 12239.56,1448960, Output: ['6']
✅ Completed Orkut klev0 k=8: 12268.58s, 1447731.2KB
✅ [2/3] Completed Orkut klev0 k=8
    Passes: 2, Time/Memory: 27208.62,3417088, Output: ['2']
  📊 Iteration 6/10 for LiveJournal klevN k=5...
    Passes: 2, Time/Memory: 27063.58,3417088, Output: ['2']
  📊 Iteration 7/10 for LiveJournal klevN k=5...
    Passes: 2, Time/Memory: 27157.96,3417088, Output: ['2']
  📊 Iteration 8/10 for LiveJournal klevN k=5...
    Passes: 2, Time/Memory: 27315.46,3417088, Output: ['2']
  📊 Iteration 9/10 for LiveJournal klevN k=5...
    Passes: 2, Time/Memory: 27442.59,3417088, Output: ['2']
  📊 Iteration 10/10 for LiveJournal klevN k=5...
    Passes: 2, Time/Memory: 27475.32,3416064, Output: ['2']
✅ Completed LiveJournal klevN k=5: 27190.14s, 3416780.8KB
✅ [3/3] Completed LiveJournal klevN k=5

🏁 All experiments completed!
✅ Successful: 3
❌ Failed: 0
📁 Results saved in ./results/real/average_concurrent_runs
