🎯 Total configurations to run: 2
🔄 Running with 36 parallel workers
🚀 Running Gowalla with klevN, k=1, iterations=10, file=1
  📊 Iteration 1/10 for Gowalla klevN k=1...
🚀 Running Gowalla with klev0, k=2, iterations=10, file=3
  📊 Iteration 1/10 for Gowalla klev0 k=2...
    Passes: 6, Time/Memory: 46.84,76836, Output: ['6']
  📊 Iteration 2/10 for Gowalla klev0 k=2...
    Passes: 4, Time/Memory: 52.25,89152, Output: ['4']
  📊 Iteration 2/10 for Gowalla klevN k=1...
    Passes: 6, Time/Memory: 46.87,75812, Output: ['6']
  📊 Iteration 3/10 for Gowalla klev0 k=2...
    Passes: 4, Time/Memory: 62.87,89124, Output: ['4']
  📊 Iteration 3/10 for Gowalla klevN k=1...
    Passes: 6, Time/Memory: 46.35,76836, Output: ['6']
  📊 Iteration 4/10 for Gowalla klev0 k=2...
    Passes: 4, Time/Memory: 37.54,89124, Output: ['4']
  📊 Iteration 4/10 for Gowalla klevN k=1...
    Passes: 6, Time/Memory: 46.88,76832, Output: ['6']
  📊 Iteration 5/10 for Gowalla klev0 k=2...
    Passes: 4, Time/Memory: 43.14,89124, Output: ['4']
  📊 Iteration 5/10 for Gowalla klevN k=1...
    Passes: 6, Time/Memory: 46.51,76864, Output: ['6']
  📊 Iteration 6/10 for Gowalla klev0 k=2...
    Passes: 4, Time/Memory: 37.63,89124, Output: ['4']
  📊 Iteration 6/10 for Gowalla klevN k=1...
    Passes: 4, Time/Memory: 37.98,89196, Output: ['4']
  📊 Iteration 7/10 for Gowalla klevN k=1...
    Passes: 6, Time/Memory: 64.81,75812, Output: ['6']
  📊 Iteration 7/10 for Gowalla klev0 k=2...
    Passes: 4, Time/Memory: 37.63,90152, Output: ['4']
  📊 Iteration 8/10 for Gowalla klevN k=1...
    Passes: 6, Time/Memory: 47.86,75812, Output: ['6']
  📊 Iteration 8/10 for Gowalla klev0 k=2...
    Passes: 4, Time/Memory: 40.31,89120, Output: ['4']
  📊 Iteration 9/10 for Gowalla klevN k=1...
    Passes: 6, Time/Memory: 47.29,75896, Output: ['6']
  📊 Iteration 9/10 for Gowalla klev0 k=2...
    Passes: 4, Time/Memory: 48.12,90144, Output: ['4']
  📊 Iteration 10/10 for Gowalla klevN k=1...
    Passes: 6, Time/Memory: 48.19,76848, Output: ['6']
  📊 Iteration 10/10 for Gowalla klev0 k=2...
    Passes: 4, Time/Memory: 49.72,89124, Output: ['4']
✅ Completed Gowalla klevN k=1: 44.72s, 89338.4KB
✅ [1/2] Completed Gowalla klevN k=1
    Passes: 6, Time/Memory: 49.00,76836, Output: ['6']
✅ Completed Gowalla klev0 k=2: 49.06s, 76438.4KB
✅ [2/2] Completed Gowalla klev0 k=2

🏁 All experiments completed!
✅ Successful: 2
❌ Failed: 0
📁 Results saved in ./results/real/average_concurrent_runs
