🎯 Total configurations to run: 1
🔄 Running with 36 parallel workers
🚀 Running LiveJournal with kpathN, k=7, iterations=9, file=8
  📊 Iteration 1/9 for LiveJournal kpathN k=7...
    Passes: 3, Time/Memory: 18659.21,3904388, Output: ['3']
  📊 Iteration 2/9 for LiveJournal kpathN k=7...
    Passes: 3, Time/Memory: 18496.18,3904448, Output: ['3']
  📊 Iteration 3/9 for LiveJournal kpathN k=7...
    Passes: 3, Time/Memory: 19234.01,3904448, Output: ['3']
  📊 Iteration 4/9 for LiveJournal kpathN k=7...
    Passes: 3, Time/Memory: 19179.11,3904412, Output: ['3']
  📊 Iteration 5/9 for LiveJournal kpathN k=7...
    Passes: 3, Time/Memory: 19248.29,3904472, Output: ['3']
  📊 Iteration 6/9 for LiveJournal kpathN k=7...
    Passes: 3, Time/Memory: 19524.47,3904464, Output: ['3']
  📊 Iteration 7/9 for LiveJournal kpathN k=7...
    Passes: 3, Time/Memory: 18323.18,3904388, Output: ['3']
  📊 Iteration 8/9 for LiveJournal kpathN k=7...
    Passes: 3, Time/Memory: 17965.68,3904384, Output: ['3']
  📊 Iteration 9/9 for LiveJournal kpathN k=7...
    Passes: 3, Time/Memory: 19293.08,3904364, Output: ['3']
✅ Completed LiveJournal kpathN k=7: 18880.36s, 3904418.67KB
✅ [1/1] Completed LiveJournal kpathN k=7

🏁 All experiments completed!
✅ Successful: 1
❌ Failed: 0
📁 Results saved in ./results/real/average_concurrent_runs
