🎯 Total configurations to run: 20
🔄 Running with 36 parallel workers
🚀 Running Belcastro with kpathC, k=2, iterations=9, file=1
  📊 Iteration 1/9 for Belcastro kpathC k=2...
🚀 Running Belcastro with kpathD, k=644, iterations=9, file=2
  📊 Iteration 1/9 for Belcastro kpathD k=644...
🚀 Running Belcastro with kpathD, k=9, iterations=9, file=3
  📊 Iteration 1/9 for Belcastro kpathD k=9...
🚀 Running Belcastro with kpathD, k=8, iterations=9, file=4
  📊 Iteration 1/9 for Belcastro kpathD k=8...
🚀 Running Belcastro with kpathD, k=7, iterations=9, file=5
  📊 Iteration 1/9 for Belcastro kpathD k=7...
🚀 Running Belcastro with kpathD, k=6, iterations=9, file=6
  📊 Iteration 1/9 for Belcastro kpathD k=6...
🚀 Running Belcastro with kpathD, k=5, iterations=9, file=7
  📊 Iteration 1/9 for Belcastro kpathD k=5...
🚀 Running Belcastro with kpathD, k=4, iterations=9, file=8
  📊 Iteration 1/9 for Belcastro kpathD k=4...
🚀 Running Belcastro with kpathD, k=3, iterations=9, file=9
  📊 Iteration 1/9 for Belcastro kpathD k=3...
🚀 Running Twitch with klevB, k=41, iterations=9, file=1
  📊 Iteration 1/9 for Twitch klevB k=41...
🚀 Running Twitch with klevB, k=6, iterations=9, file=3
  📊 Iteration 1/9 for Twitch klevB k=6...
🚀 Running Twitch with klevB, k=10, iterations=9, file=2
  📊 Iteration 1/9 for Twitch klevB k=10...
🚀 Running Twitch with klevB, k=9, iterations=9, file=4
  📊 Iteration 1/9 for Twitch klevB k=9...
🚀 Running Twitch with klevB, k=8, iterations=9, file=5
  📊 Iteration 1/9 for Twitch klevB k=8...
🚀 Running Twitch with klevB, k=7, iterations=9, file=6
  📊 Iteration 1/9 for Twitch klevB k=7...
🚀 Running Twitch with klevB, k=5, iterations=9, file=7
  📊 Iteration 1/9 for Twitch klevB k=5...
🚀 Running Twitch with klevC, k=10, iterations=9, file=8
  📊 Iteration 1/9 for Twitch klevC k=10...
🚀 Running Twitch with klevC, k=41, iterations=9, file=9
  📊 Iteration 1/9 for Twitch klevC k=41...
🚀 Running Orkut with kpathA, k=8, iterations=4, file=1
  📊 Iteration 1/4 for Orkut kpathA k=8...
🚀 Running Orkut with kpathA, k=7, iterations=1, file=4
  📊 Iteration 1/1 for Orkut kpathA k=7...
      Passes: 1,  Height: 0, Time/Memory: 2.49,194656
  📊 Iteration 2/9 for Belcastro kpathD k=644...
      Passes: 1,  Height: 0, Time/Memory: 2.53,168016
  📊 Iteration 2/9 for Twitch klevB k=41...
      Passes: 1,  Height: 0, Time/Memory: 2.55,170108
  📊 Iteration 2/9 for Twitch klevC k=41...
      Passes: 1,  Height: 0, Time/Memory: 2.47,194648
  📊 Iteration 3/9 for Belcastro kpathD k=644...
      Passes: 1,  Height: 0, Time/Memory: 2.57,170160
  📊 Iteration 3/9 for Twitch klevC k=41...
      Passes: 1,  Height: 0, Time/Memory: 2.83,168024
  📊 Iteration 3/9 for Twitch klevB k=41...
      Passes: 1,  Height: 0, Time/Memory: 2.38,194692
  📊 Iteration 4/9 for Belcastro kpathD k=644...
      Passes: 1,  Height: 0, Time/Memory: 2.55,169088
  📊 Iteration 4/9 for Twitch klevC k=41...
      Passes: 1,  Height: 0, Time/Memory: 2.46,169072
  📊 Iteration 4/9 for Twitch klevB k=41...
      Passes: 1,  Height: 0, Time/Memory: 2.56,194640
  📊 Iteration 5/9 for Belcastro kpathD k=644...
      Passes: 1,  Height: 0, Time/Memory: 2.60,169952
  📊 Iteration 5/9 for Twitch klevC k=41...
      Passes: 1,  Height: 0, Time/Memory: 2.62,169092
  📊 Iteration 5/9 for Twitch klevB k=41...
      Passes: 1,  Height: 0, Time/Memory: 2.56,193684
  📊 Iteration 6/9 for Belcastro kpathD k=644...
      Passes: 1,  Height: 0, Time/Memory: 2.97,166908
  📊 Iteration 6/9 for Twitch klevC k=41...
      Passes: 1,  Height: 0, Time/Memory: 2.72,168056
  📊 Iteration 6/9 for Twitch klevB k=41...
      Passes: 1,  Height: 0, Time/Memory: 2.60,192644
  📊 Iteration 7/9 for Belcastro kpathD k=644...
      Passes: 1,  Height: 0, Time/Memory: 2.79,169992
  📊 Iteration 7/9 for Twitch klevC k=41...
      Passes: 1,  Height: 0, Time/Memory: 2.84,170032
  📊 Iteration 7/9 for Twitch klevB k=41...
      Passes: 1,  Height: 0, Time/Memory: 2.54,193700
  📊 Iteration 8/9 for Belcastro kpathD k=644...
      Passes: 1,  Height: 0, Time/Memory: 2.72,169932
  📊 Iteration 8/9 for Twitch klevB k=41...
      Passes: 1,  Height: 0, Time/Memory: 2.75,170000
  📊 Iteration 8/9 for Twitch klevC k=41...
      Passes: 1,  Height: 0, Time/Memory: 2.53,194648
  📊 Iteration 9/9 for Belcastro kpathD k=644...
      Passes: 1,  Height: 0, Time/Memory: 2.47,169032
  📊 Iteration 9/9 for Twitch klevB k=41...
      Passes: 1,  Height: 0, Time/Memory: 3.11,167028
  📊 Iteration 9/9 for Twitch klevC k=41...
      Passes: 1,  Height: 0, Time/Memory: 2.47,194692
✅ Completed Belcastro kpathD k=644: 2.51s, 194222.67KB
✅ [1/20] Completed Belcastro kpathD k=C
      Passes: 1,  Height: 0, Time/Memory: 2.36,169944
✅ Completed Twitch klevB k=41: 2.62s, 169022.22KB
✅ [2/20] Completed Twitch klevB k=C
      Passes: 1,  Height: 0, Time/Memory: 2.80,169956
✅ Completed Twitch klevC k=41: 2.74s, 169243.56KB
✅ [3/20] Completed Twitch klevC k=C
      Passes: 4,  Height: 89376, Time/Memory: 37.67,66692
  📊 Iteration 2/9 for Twitch klevC k=10...
      Passes: 5,  Height: 89376, Time/Memory: 38.62,72796
  📊 Iteration 2/9 for Twitch klevB k=7...
      Passes: 5,  Height: 89376, Time/Memory: 39.28,73868
  📊 Iteration 2/9 for Twitch klevB k=9...
      Passes: 5,  Height: 89376, Time/Memory: 39.30,72824
  📊 Iteration 2/9 for Twitch klevB k=6...
      Passes: 5,  Height: 89376, Time/Memory: 40.06,72836
  📊 Iteration 2/9 for Twitch klevB k=5...
      Passes: 5,  Height: 89376, Time/Memory: 40.40,72808
  📊 Iteration 2/9 for Twitch klevB k=10...
      Passes: 5,  Height: 89376, Time/Memory: 40.76,73876
  📊 Iteration 2/9 for Twitch klevB k=8...
      Passes: 4,  Height: 89376, Time/Memory: 32.18,69780
  📊 Iteration 3/9 for Twitch klevC k=10...
      Passes: 5,  Height: 89376, Time/Memory: 34.31,74868
  📊 Iteration 3/9 for Twitch klevB k=5...
      Passes: 5,  Height: 89376, Time/Memory: 36.88,73852
  📊 Iteration 3/9 for Twitch klevB k=7...
      Passes: 5,  Height: 89376, Time/Memory: 41.77,74840
  📊 Iteration 3/9 for Twitch klevB k=9...
      Passes: 5,  Height: 89376, Time/Memory: 42.73,73852
  📊 Iteration 3/9 for Twitch klevB k=10...
      Passes: 5,  Height: 89376, Time/Memory: 43.95,72848
  📊 Iteration 3/9 for Twitch klevB k=6...
      Passes: 5,  Height: 89376, Time/Memory: 42.92,71800
  📊 Iteration 3/9 for Twitch klevB k=8...
      Passes: 4,  Height: 89376, Time/Memory: 37.51,67668
  📊 Iteration 4/9 for Twitch klevC k=10...
      Passes: 49,  Height: 13258, Time/Memory: 112.13,17524
  📊 Iteration 2/9 for Belcastro kpathD k=9...
      Passes: 5,  Height: 89376, Time/Memory: 41.41,72868
  📊 Iteration 4/9 for Twitch klevB k=5...
      Passes: 5,  Height: 89376, Time/Memory: 37.23,74876
  📊 Iteration 4/9 for Twitch klevB k=9...
      Passes: 5,  Height: 89376, Time/Memory: 43.42,71800
  📊 Iteration 4/9 for Twitch klevB k=7...
      Passes: 5,  Height: 89376, Time/Memory: 36.51,72800
  📊 Iteration 4/9 for Twitch klevB k=6...
      Passes: 5,  Height: 89376, Time/Memory: 38.36,72796
  📊 Iteration 4/9 for Twitch klevB k=10...
      Passes: 54,  Height: 13203, Time/Memory: 123.17,16532
  📊 Iteration 2/9 for Belcastro kpathD k=8...
      Passes: 5,  Height: 89376, Time/Memory: 40.14,69700
  📊 Iteration 4/9 for Twitch klevB k=8...
      Passes: 60,  Height: 13232, Time/Memory: 136.31,15484
  📊 Iteration 2/9 for Belcastro kpathD k=7...
      Passes: 4,  Height: 89376, Time/Memory: 38.60,68772
  📊 Iteration 5/9 for Twitch klevC k=10...
      Passes: 5,  Height: 89376, Time/Memory: 38.69,69704
  📊 Iteration 5/9 for Twitch klevB k=5...
      Passes: 5,  Height: 89376, Time/Memory: 35.39,74876
  📊 Iteration 5/9 for Twitch klevB k=6...
      Passes: 67,  Height: 13219, Time/Memory: 155.47,14396
  📊 Iteration 2/9 for Belcastro kpathD k=6...
      Passes: 5,  Height: 89376, Time/Memory: 38.11,73852
  📊 Iteration 5/9 for Twitch klevB k=7...
      Passes: 5,  Height: 89376, Time/Memory: 40.04,73856
  📊 Iteration 5/9 for Twitch klevB k=9...
      Passes: 5,  Height: 89376, Time/Memory: 39.90,73856
  📊 Iteration 5/9 for Twitch klevB k=10...
      Passes: 5,  Height: 89376, Time/Memory: 38.27,72768
  📊 Iteration 5/9 for Twitch klevB k=8...
      Passes: 79,  Height: 13167, Time/Memory: 182.16,12396
  📊 Iteration 2/9 for Belcastro kpathD k=5...
      Passes: 4,  Height: 89376, Time/Memory: 39.67,68696
  📊 Iteration 6/9 for Twitch klevC k=10...
      Passes: 5,  Height: 89376, Time/Memory: 37.59,72812
  📊 Iteration 6/9 for Twitch klevB k=6...
      Passes: 5,  Height: 89376, Time/Memory: 39.97,72824
  📊 Iteration 6/9 for Twitch klevB k=5...
      Passes: 5,  Height: 89376, Time/Memory: 43.25,72828
  📊 Iteration 6/9 for Twitch klevB k=7...
      Passes: 5,  Height: 89376, Time/Memory: 40.05,72852
  📊 Iteration 6/9 for Twitch klevB k=10...
      Passes: 5,  Height: 89376, Time/Memory: 39.42,74860
  📊 Iteration 6/9 for Twitch klevB k=8...
      Passes: 5,  Height: 89376, Time/Memory: 43.83,70776
  📊 Iteration 6/9 for Twitch klevB k=9...
      Passes: 94,  Height: 13176, Time/Memory: 218.47,11336
  📊 Iteration 2/9 for Belcastro kpathD k=4...
      Passes: 49,  Height: 13258, Time/Memory: 112.74,17528
  📊 Iteration 3/9 for Belcastro kpathD k=9...
      Passes: 4,  Height: 89376, Time/Memory: 44.33,70736
  📊 Iteration 7/9 for Twitch klevC k=10...
      Passes: 5,  Height: 89376, Time/Memory: 37.97,72836
  📊 Iteration 7/9 for Twitch klevB k=6...
      Passes: 5,  Height: 89376, Time/Memory: 38.17,73864
  📊 Iteration 7/9 for Twitch klevB k=5...
      Passes: 5,  Height: 89376, Time/Memory: 34.93,75896
  📊 Iteration 7/9 for Twitch klevB k=9...
      Passes: 5,  Height: 89376, Time/Memory: 36.66,73852
  📊 Iteration 7/9 for Twitch klevB k=8...
      Passes: 5,  Height: 89376, Time/Memory: 41.16,74836
  📊 Iteration 7/9 for Twitch klevB k=10...
      Passes: 54,  Height: 13203, Time/Memory: 123.65,16464
  📊 Iteration 3/9 for Belcastro kpathD k=8...
      Passes: 5,  Height: 89376, Time/Memory: 55.47,72828
  📊 Iteration 7/9 for Twitch klevB k=7...
      Passes: 4,  Height: 89376, Time/Memory: 35.64,71836
  📊 Iteration 8/9 for Twitch klevC k=10...
      Passes: 5,  Height: 89376, Time/Memory: 37.97,73832
  📊 Iteration 8/9 for Twitch klevB k=6...
      Passes: 5,  Height: 89376, Time/Memory: 36.43,74876
  📊 Iteration 8/9 for Twitch klevB k=5...
      Passes: 60,  Height: 13232, Time/Memory: 135.15,15476
  📊 Iteration 3/9 for Belcastro kpathD k=7...
      Passes: 5,  Height: 89376, Time/Memory: 41.57,72816
  📊 Iteration 8/9 for Twitch klevB k=9...
      Passes: 5,  Height: 89376, Time/Memory: 40.56,73864
  📊 Iteration 8/9 for Twitch klevB k=8...
      Passes: 5,  Height: 89376, Time/Memory: 38.45,74836
  📊 Iteration 8/9 for Twitch klevB k=10...
      Passes: 124,  Height: 13141, Time/Memory: 286.88,10312
  📊 Iteration 2/9 for Belcastro kpathD k=3...
      Passes: 5,  Height: 89376, Time/Memory: 36.64,74868
  📊 Iteration 8/9 for Twitch klevB k=7...
      Passes: 4,  Height: 89376, Time/Memory: 37.70,66736
  📊 Iteration 9/9 for Twitch klevC k=10...
      Passes: 67,  Height: 13219, Time/Memory: 152.47,14428
  📊 Iteration 3/9 for Belcastro kpathD k=6...
      Passes: 5,  Height: 89376, Time/Memory: 40.69,73844
  📊 Iteration 9/9 for Twitch klevB k=5...
      Passes: 5,  Height: 89376, Time/Memory: 42.13,71812
  📊 Iteration 9/9 for Twitch klevB k=6...
      Passes: 5,  Height: 89376, Time/Memory: 38.15,72800
  📊 Iteration 9/9 for Twitch klevB k=8...
      Passes: 5,  Height: 89376, Time/Memory: 40.54,73860
  📊 Iteration 9/9 for Twitch klevB k=9...
      Passes: 5,  Height: 89376, Time/Memory: 40.81,74876
  📊 Iteration 9/9 for Twitch klevB k=10...
      Passes: 5,  Height: 89376, Time/Memory: 42.80,73804
  📊 Iteration 9/9 for Twitch klevB k=7...
      Passes: 49,  Height: 13258, Time/Memory: 111.80,18548
  📊 Iteration 4/9 for Belcastro kpathD k=9...
      Passes: 4,  Height: 89376, Time/Memory: 38.57,70788
✅ Completed Twitch klevC k=10: 37.99s, 69078.22KB
✅ [4/20] Completed Twitch klevC k=10
      Passes: 5,  Height: 89376, Time/Memory: 36.15,73836
✅ Completed Twitch klevB k=5: 38.43s, 73280.0KB
✅ [5/20] Completed Twitch klevB k=5
      Passes: 5,  Height: 89376, Time/Memory: 35.75,75868
✅ Completed Twitch klevB k=8: 39.18s, 73265.33KB
✅ [6/20] Completed Twitch klevB k=8
      Passes: 5,  Height: 89376, Time/Memory: 43.62,73888
✅ Completed Twitch klevB k=6: 39.38s, 73169.78KB
✅ [7/20] Completed Twitch klevB k=6
      Passes: 5,  Height: 89376, Time/Memory: 40.66,72824
✅ Completed Twitch klevB k=9: 39.98s, 73734.67KB
✅ [8/20] Completed Twitch klevB k=9
      Passes: 5,  Height: 89376, Time/Memory: 41.92,72836
✅ Completed Twitch klevB k=10: 40.42s, 73727.56KB
✅ [9/20] Completed Twitch klevB k=10
      Passes: 79,  Height: 13167, Time/Memory: 183.04,12452
  📊 Iteration 3/9 for Belcastro kpathD k=5...
      Passes: 54,  Height: 13203, Time/Memory: 122.50,16544
  📊 Iteration 4/9 for Belcastro kpathD k=8...
      Passes: 5,  Height: 89376, Time/Memory: 38.97,73832
✅ Completed Twitch klevB k=7: 41.57s, 73384.44KB
✅ [10/20] Completed Twitch klevB k=7
      Passes: 60,  Height: 13232, Time/Memory: 136.62,15532
  📊 Iteration 4/9 for Belcastro kpathD k=7...
      Passes: 94,  Height: 13176, Time/Memory: 216.21,11392
  📊 Iteration 3/9 for Belcastro kpathD k=4...
      Passes: 49,  Height: 13258, Time/Memory: 109.76,18544
  📊 Iteration 5/9 for Belcastro kpathD k=9...
      Passes: 67,  Height: 13219, Time/Memory: 150.56,15508
  📊 Iteration 4/9 for Belcastro kpathD k=6...
      Passes: 54,  Height: 13203, Time/Memory: 126.59,17532
  📊 Iteration 5/9 for Belcastro kpathD k=8...
      Passes: 79,  Height: 13167, Time/Memory: 175.99,13436
  📊 Iteration 4/9 for Belcastro kpathD k=5...
      Passes: 60,  Height: 13232, Time/Memory: 138.77,16508
  📊 Iteration 5/9 for Belcastro kpathD k=7...
      Passes: 239,  Height: 13248, Time/Memory: 551.87,9380
  📊 Iteration 2/9 for Belcastro kpathC k=2...
      Passes: 49,  Height: 13258, Time/Memory: 111.82,18560
  📊 Iteration 6/9 for Belcastro kpathD k=9...
      Passes: 124,  Height: 13141, Time/Memory: 281.04,10348
  📊 Iteration 3/9 for Belcastro kpathD k=3...
      Passes: 67,  Height: 13219, Time/Memory: 150.09,15512
  📊 Iteration 5/9 for Belcastro kpathD k=6...
      Passes: 54,  Height: 13203, Time/Memory: 121.29,17524
  📊 Iteration 6/9 for Belcastro kpathD k=8...
      Passes: 94,  Height: 13176, Time/Memory: 213.61,12392
  📊 Iteration 4/9 for Belcastro kpathD k=4...
      Passes: 49,  Height: 13258, Time/Memory: 113.02,17572
  📊 Iteration 7/9 for Belcastro kpathD k=9...
      Passes: 60,  Height: 13232, Time/Memory: 137.47,16456
  📊 Iteration 6/9 for Belcastro kpathD k=7...
      Passes: 79,  Height: 13167, Time/Memory: 177.34,13436
  📊 Iteration 5/9 for Belcastro kpathD k=5...
      Passes: 54,  Height: 13203, Time/Memory: 121.89,16460
  📊 Iteration 7/9 for Belcastro kpathD k=8...
      Passes: 67,  Height: 13219, Time/Memory: 151.66,15516
  📊 Iteration 6/9 for Belcastro kpathD k=6...
      Passes: 49,  Height: 13258, Time/Memory: 110.10,18556
  📊 Iteration 8/9 for Belcastro kpathD k=9...
      Passes: 60,  Height: 13232, Time/Memory: 139.80,16476
  📊 Iteration 7/9 for Belcastro kpathD k=7...
      Passes: 124,  Height: 13141, Time/Memory: 277.12,11384
  📊 Iteration 4/9 for Belcastro kpathD k=3...
      Passes: 54,  Height: 13203, Time/Memory: 124.97,17496
  📊 Iteration 8/9 for Belcastro kpathD k=8...
      Passes: 94,  Height: 13176, Time/Memory: 217.76,12448
  📊 Iteration 5/9 for Belcastro kpathD k=4...
      Passes: 49,  Height: 13258, Time/Memory: 112.28,19584
  📊 Iteration 9/9 for Belcastro kpathD k=9...
      Passes: 79,  Height: 13167, Time/Memory: 179.58,12356
  📊 Iteration 6/9 for Belcastro kpathD k=5...
      Passes: 67,  Height: 13219, Time/Memory: 149.60,14424
  📊 Iteration 7/9 for Belcastro kpathD k=6...
      Passes: 60,  Height: 13232, Time/Memory: 140.08,16512
  📊 Iteration 8/9 for Belcastro kpathD k=7...
      Passes: 54,  Height: 13203, Time/Memory: 125.01,16556
  📊 Iteration 9/9 for Belcastro kpathD k=8...
      Passes: 49,  Height: 13258, Time/Memory: 110.49,18536
✅ Completed Belcastro kpathD k=9: 111.57s, 18328.0KB
✅ [11/20] Completed Belcastro kpathD k=9
      Passes: 67,  Height: 13219, Time/Memory: 153.07,15428
  📊 Iteration 8/9 for Belcastro kpathD k=6...
      Passes: 79,  Height: 13167, Time/Memory: 178.42,13408
  📊 Iteration 7/9 for Belcastro kpathD k=5...
      Passes: 94,  Height: 13176, Time/Memory: 211.62,11384
  📊 Iteration 6/9 for Belcastro kpathD k=4...
      Passes: 60,  Height: 13232, Time/Memory: 134.86,16548
  📊 Iteration 9/9 for Belcastro kpathD k=7...
      Passes: 239,  Height: 13248, Time/Memory: 545.96,9340
  📊 Iteration 3/9 for Belcastro kpathC k=2...
      Passes: 54,  Height: 13203, Time/Memory: 122.55,16516
✅ Completed Belcastro kpathD k=8: 123.51s, 16847.11KB
✅ [12/20] Completed Belcastro kpathD k=8
      Passes: 124,  Height: 13141, Time/Memory: 279.91,11428
  📊 Iteration 5/9 for Belcastro kpathD k=3...
      Passes: 67,  Height: 13219, Time/Memory: 154.46,14428
  📊 Iteration 9/9 for Belcastro kpathD k=6...
      Passes: 60,  Height: 13232, Time/Memory: 135.17,16492
✅ Completed Belcastro kpathD k=7: 137.14s, 16164.89KB
✅ [13/20] Completed Belcastro kpathD k=7
      Passes: 79,  Height: 13167, Time/Memory: 182.35,12444
  📊 Iteration 8/9 for Belcastro kpathD k=5...
      Passes: 94,  Height: 13176, Time/Memory: 209.19,11388
  📊 Iteration 7/9 for Belcastro kpathD k=4...
      Passes: 67,  Height: 13219, Time/Memory: 154.98,14444
✅ Completed Belcastro kpathD k=6: 152.48s, 14898.22KB
✅ [14/20] Completed Belcastro kpathD k=6
      Passes: 124,  Height: 13141, Time/Memory: 288.26,10368
  📊 Iteration 6/9 for Belcastro kpathD k=3...
      Passes: 79,  Height: 13167, Time/Memory: 177.63,13388
  📊 Iteration 9/9 for Belcastro kpathD k=5...
      Passes: 94,  Height: 13176, Time/Memory: 211.97,11408
  📊 Iteration 8/9 for Belcastro kpathD k=4...
      Passes: 79,  Height: 13167, Time/Memory: 177.38,13476
✅ Completed Belcastro kpathD k=5: 179.32s, 12976.89KB
✅ [15/20] Completed Belcastro kpathD k=5
      Passes: 239,  Height: 13248, Time/Memory: 530.44,9372
  📊 Iteration 4/9 for Belcastro kpathC k=2...
      Passes: 124,  Height: 13141, Time/Memory: 282.70,11428
  📊 Iteration 7/9 for Belcastro kpathD k=3...
      Passes: 94,  Height: 13176, Time/Memory: 211.73,11380
  📊 Iteration 9/9 for Belcastro kpathD k=4...
      Passes: 94,  Height: 13176, Time/Memory: 209.15,12444
✅ Completed Belcastro kpathD k=4: 213.3s, 11730.22KB
✅ [16/20] Completed Belcastro kpathD k=4
      Passes: 124,  Height: 13141, Time/Memory: 274.40,11384
  📊 Iteration 8/9 for Belcastro kpathD k=3...
      Passes: 239,  Height: 13248, Time/Memory: 540.96,10392
  📊 Iteration 5/9 for Belcastro kpathC k=2...
      Passes: 124,  Height: 13141, Time/Memory: 284.91,11428
  📊 Iteration 9/9 for Belcastro kpathD k=3...
      Passes: 124,  Height: 13141, Time/Memory: 272.64,11356
✅ Completed Belcastro kpathD k=3: 280.87s, 11048.44KB
✅ [17/20] Completed Belcastro kpathD k=3
      Passes: 239,  Height: 13248, Time/Memory: 547.72,9340
  📊 Iteration 6/9 for Belcastro kpathC k=2...
      Passes: 239,  Height: 13248, Time/Memory: 541.30,9356
  📊 Iteration 7/9 for Belcastro kpathC k=2...
      Passes: 239,  Height: 13248, Time/Memory: 541.02,9328
  📊 Iteration 8/9 for Belcastro kpathC k=2...
      Passes: 239,  Height: 13248, Time/Memory: 539.14,9292
  📊 Iteration 9/9 for Belcastro kpathC k=2...
      Passes: 239,  Height: 13248, Time/Memory: 544.38,9328
✅ Completed Belcastro kpathC k=2: 542.53s, 9458.67KB
✅ [18/20] Completed Belcastro kpathC k=2
      Passes: 9,  Height: 2508454, Time/Memory: 6172.72,2978632
✅ Completed Orkut kpathA k=7: 6172.72s, 2978632.0KB
✅ [19/20] Completed Orkut kpathA k=7
      Passes: 9,  Height: 2550583, Time/Memory: 8772.60,3255828
  📊 Iteration 2/4 for Orkut kpathA k=8...
      Passes: 9,  Height: 2550583, Time/Memory: 8853.74,3254760
  📊 Iteration 3/4 for Orkut kpathA k=8...
      Passes: 9,  Height: 2550583, Time/Memory: 8752.57,3258868
  📊 Iteration 4/4 for Orkut kpathA k=8...
      Passes: 9,  Height: 2550583, Time/Memory: 9342.02,3254708
✅ Completed Orkut kpathA k=8: 8930.23s, 3256041.0KB
✅ [20/20] Completed Orkut kpathA k=8

🏁 All experiments completed!
✅ Successful: 20
❌ Failed: 0
📁 Results saved in ./results/real/average_concurrent_runs
