🎯 Total configurations to run: 9
🔄 Running with 36 parallel workers
🚀 Running Twitch with klevA, k=7, iterations=19, file=1
  📊 Iteration 1/19 for Twitch klevA k=7...
🚀 Running Twitch with klevA, k=6, iterations=19, file=2
  📊 Iteration 1/19 for Twitch klevA k=6...
🚀 Running Twitch with klevB, k=9, iterations=19, file=3
  📊 Iteration 1/19 for Twitch klevB k=9...
🚀 Running Twitch with klevB, k=8, iterations=19, file=4
  📊 Iteration 1/19 for Twitch klevB k=8...
🚀 Running Twitch with klevB, k=2, iterations=19, file=5
  📊 Iteration 1/19 for Twitch klevB k=2...
🚀 Running Twitch with klevB, k=5, iterations=19, file=6
  📊 Iteration 1/19 for Twitch klevB k=5...
🚀 Running Twitch with klevC, k=8, iterations=19, file=7
  📊 Iteration 1/19 for Twitch klevC k=8...
🚀 Running Twitch with klevC, k=10, iterations=19, file=8
  📊 Iteration 1/19 for Twitch klevC k=10...
🚀 Running Twitch with klevC, k=9, iterations=19, file=9
  📊 Iteration 1/19 for Twitch klevC k=9...
      Passes: 4,  Height: 89376, Time/Memory: 31.23,71832
  📊 Iteration 2/19 for Twitch klevC k=8...
      Passes: 4,  Height: 89376, Time/Memory: 32.00,69756
  📊 Iteration 2/19 for Twitch klevC k=9...
      Passes: 5,  Height: 89376, Time/Memory: 34.71,74876
  📊 Iteration 2/19 for Twitch klevB k=5...
      Passes: 5,  Height: 89376, Time/Memory: 34.70,74800
  📊 Iteration 2/19 for Twitch klevB k=8...
      Passes: 5,  Height: 89376, Time/Memory: 35.13,73832
  📊 Iteration 2/19 for Twitch klevB k=9...
      Passes: 4,  Height: 89376, Time/Memory: 35.64,71832
  📊 Iteration 2/19 for Twitch klevC k=10...
      Passes: 5,  Height: 89376, Time/Memory: 36.97,72828
  📊 Iteration 2/19 for Twitch klevB k=2...
      Passes: 4,  Height: 89026, Time/Memory: 38.50,181372
  📊 Iteration 2/19 for Twitch klevA k=7...
      Passes: 4,  Height: 89032, Time/Memory: 39.17,169116
  📊 Iteration 2/19 for Twitch klevA k=6...
      Passes: 4,  Height: 89376, Time/Memory: 33.47,71852
  📊 Iteration 3/19 for Twitch klevC k=8...
      Passes: 4,  Height: 89376, Time/Memory: 32.93,71796
  📊 Iteration 3/19 for Twitch klevC k=9...
      Passes: 5,  Height: 89376, Time/Memory: 34.54,75900
  📊 Iteration 3/19 for Twitch klevB k=5...
      Passes: 4,  Height: 89376, Time/Memory: 33.86,70812
  📊 Iteration 3/19 for Twitch klevC k=10...
      Passes: 5,  Height: 89376, Time/Memory: 35.88,74880
  📊 Iteration 3/19 for Twitch klevB k=8...
      Passes: 5,  Height: 89376, Time/Memory: 35.86,71844
  📊 Iteration 3/19 for Twitch klevB k=9...
      Passes: 5,  Height: 89376, Time/Memory: 35.97,73892
  📊 Iteration 3/19 for Twitch klevB k=2...
      Passes: 4,  Height: 89026, Time/Memory: 38.36,181360
  📊 Iteration 3/19 for Twitch klevA k=7...
      Passes: 4,  Height: 89032, Time/Memory: 40.48,169128
  📊 Iteration 3/19 for Twitch klevA k=6...
      Passes: 4,  Height: 89376, Time/Memory: 31.30,71748
  📊 Iteration 4/19 for Twitch klevC k=9...
      Passes: 4,  Height: 89376, Time/Memory: 32.73,69720
  📊 Iteration 4/19 for Twitch klevC k=8...
      Passes: 4,  Height: 89376, Time/Memory: 31.30,71772
  📊 Iteration 4/19 for Twitch klevC k=10...
      Passes: 5,  Height: 89376, Time/Memory: 35.72,73808
  📊 Iteration 4/19 for Twitch klevB k=5...
      Passes: 5,  Height: 89376, Time/Memory: 35.30,74832
  📊 Iteration 4/19 for Twitch klevB k=8...
      Passes: 5,  Height: 89376, Time/Memory: 34.43,74876
  📊 Iteration 4/19 for Twitch klevB k=2...
      Passes: 5,  Height: 89376, Time/Memory: 39.35,73884
  📊 Iteration 4/19 for Twitch klevB k=9...
      Passes: 4,  Height: 89026, Time/Memory: 37.21,183416
  📊 Iteration 4/19 for Twitch klevA k=7...
      Passes: 4,  Height: 89032, Time/Memory: 42.68,169120
  📊 Iteration 4/19 for Twitch klevA k=6...
      Passes: 4,  Height: 89376, Time/Memory: 31.61,68732
  📊 Iteration 5/19 for Twitch klevC k=9...
      Passes: 4,  Height: 89376, Time/Memory: 33.30,70796
  📊 Iteration 5/19 for Twitch klevC k=8...
      Passes: 4,  Height: 89376, Time/Memory: 31.60,71792
  📊 Iteration 5/19 for Twitch klevC k=10...
      Passes: 5,  Height: 89376, Time/Memory: 34.34,74892
  📊 Iteration 5/19 for Twitch klevB k=8...
      Passes: 5,  Height: 89376, Time/Memory: 36.55,74828
  📊 Iteration 5/19 for Twitch klevB k=5...
      Passes: 5,  Height: 89376, Time/Memory: 35.60,74876
  📊 Iteration 5/19 for Twitch klevB k=2...
      Passes: 5,  Height: 89376, Time/Memory: 35.76,73888
  📊 Iteration 5/19 for Twitch klevB k=9...
      Passes: 4,  Height: 89026, Time/Memory: 37.07,182344
  📊 Iteration 5/19 for Twitch klevA k=7...
      Passes: 4,  Height: 89032, Time/Memory: 38.59,168084
  📊 Iteration 5/19 for Twitch klevA k=6...
      Passes: 4,  Height: 89376, Time/Memory: 31.53,71812
  📊 Iteration 6/19 for Twitch klevC k=8...
      Passes: 4,  Height: 89376, Time/Memory: 35.83,67704
  📊 Iteration 6/19 for Twitch klevC k=9...
      Passes: 4,  Height: 89376, Time/Memory: 33.53,68720
  📊 Iteration 6/19 for Twitch klevC k=10...
      Passes: 5,  Height: 89376, Time/Memory: 34.87,74864
  📊 Iteration 6/19 for Twitch klevB k=8...
      Passes: 5,  Height: 89376, Time/Memory: 36.45,71800
  📊 Iteration 6/19 for Twitch klevB k=5...
      Passes: 5,  Height: 89376, Time/Memory: 36.24,68724
  📊 Iteration 6/19 for Twitch klevB k=2...
      Passes: 5,  Height: 89376, Time/Memory: 38.21,73808
  📊 Iteration 6/19 for Twitch klevB k=9...
      Passes: 4,  Height: 89026, Time/Memory: 38.37,180344
  📊 Iteration 6/19 for Twitch klevA k=7...
      Passes: 4,  Height: 89376, Time/Memory: 32.26,69748
  📊 Iteration 7/19 for Twitch klevC k=9...
      Passes: 4,  Height: 89376, Time/Memory: 35.54,68684
  📊 Iteration 7/19 for Twitch klevC k=8...
      Passes: 4,  Height: 89376, Time/Memory: 37.09,68696
  📊 Iteration 7/19 for Twitch klevC k=10...
      Passes: 4,  Height: 89032, Time/Memory: 42.36,168060
  📊 Iteration 6/19 for Twitch klevA k=6...
      Passes: 5,  Height: 89376, Time/Memory: 36.48,73796
  📊 Iteration 7/19 for Twitch klevB k=8...
      Passes: 5,  Height: 89376, Time/Memory: 35.02,74884
  📊 Iteration 7/19 for Twitch klevB k=2...
      Passes: 5,  Height: 89376, Time/Memory: 38.66,72852
  📊 Iteration 7/19 for Twitch klevB k=5...
      Passes: 5,  Height: 89376, Time/Memory: 38.87,72804
  📊 Iteration 7/19 for Twitch klevB k=9...
      Passes: 4,  Height: 89026, Time/Memory: 38.62,182396
  📊 Iteration 7/19 for Twitch klevA k=7...
      Passes: 4,  Height: 89376, Time/Memory: 36.62,68732
  📊 Iteration 8/19 for Twitch klevC k=9...
      Passes: 4,  Height: 89376, Time/Memory: 34.70,70784
  📊 Iteration 8/19 for Twitch klevC k=8...
      Passes: 4,  Height: 89376, Time/Memory: 35.52,67672
  📊 Iteration 8/19 for Twitch klevC k=10...
      Passes: 4,  Height: 89032, Time/Memory: 40.20,169104
  📊 Iteration 7/19 for Twitch klevA k=6...
      Passes: 5,  Height: 89376, Time/Memory: 37.68,73832
  📊 Iteration 8/19 for Twitch klevB k=8...
      Passes: 5,  Height: 89376, Time/Memory: 37.46,73848
  📊 Iteration 8/19 for Twitch klevB k=2...
      Passes: 5,  Height: 89376, Time/Memory: 40.57,71804
  📊 Iteration 8/19 for Twitch klevB k=5...
      Passes: 5,  Height: 89376, Time/Memory: 38.29,70764
  📊 Iteration 8/19 for Twitch klevB k=9...
      Passes: 4,  Height: 89026, Time/Memory: 37.37,184448
  📊 Iteration 8/19 for Twitch klevA k=7...
      Passes: 4,  Height: 89376, Time/Memory: 35.46,70784
  📊 Iteration 9/19 for Twitch klevC k=8...
      Passes: 4,  Height: 89376, Time/Memory: 32.11,69744
  📊 Iteration 9/19 for Twitch klevC k=10...
      Passes: 4,  Height: 89376, Time/Memory: 39.55,70824
  📊 Iteration 9/19 for Twitch klevC k=9...
      Passes: 4,  Height: 89032, Time/Memory: 40.80,168048
  📊 Iteration 8/19 for Twitch klevA k=6...
      Passes: 5,  Height: 89376, Time/Memory: 34.24,74880
  📊 Iteration 9/19 for Twitch klevB k=2...
      Passes: 5,  Height: 89376, Time/Memory: 40.00,73880
  📊 Iteration 9/19 for Twitch klevB k=8...
      Passes: 5,  Height: 89376, Time/Memory: 38.71,74904
  📊 Iteration 9/19 for Twitch klevB k=5...
      Passes: 5,  Height: 89376, Time/Memory: 37.86,72816
  📊 Iteration 9/19 for Twitch klevB k=9...
      Passes: 4,  Height: 89376, Time/Memory: 32.89,69736
  📊 Iteration 10/19 for Twitch klevC k=8...
      Passes: 4,  Height: 89376, Time/Memory: 31.47,71828
  📊 Iteration 10/19 for Twitch klevC k=10...
      Passes: 4,  Height: 89026, Time/Memory: 40.23,180380
  📊 Iteration 9/19 for Twitch klevA k=7...
      Passes: 4,  Height: 89376, Time/Memory: 35.26,68728
  📊 Iteration 10/19 for Twitch klevC k=9...
      Passes: 5,  Height: 89376, Time/Memory: 37.44,73852
  📊 Iteration 10/19 for Twitch klevB k=2...
      Passes: 5,  Height: 89376, Time/Memory: 36.62,73812
  📊 Iteration 10/19 for Twitch klevB k=8...
      Passes: 4,  Height: 89032, Time/Memory: 41.84,169072
  📊 Iteration 9/19 for Twitch klevA k=6...
      Passes: 5,  Height: 89376, Time/Memory: 39.31,73856
  📊 Iteration 10/19 for Twitch klevB k=5...
      Passes: 4,  Height: 89376, Time/Memory: 34.20,68708
  📊 Iteration 11/19 for Twitch klevC k=10...
      Passes: 5,  Height: 89376, Time/Memory: 38.70,71804
  📊 Iteration 10/19 for Twitch klevB k=9...
      Passes: 4,  Height: 89376, Time/Memory: 37.92,65660
  📊 Iteration 11/19 for Twitch klevC k=8...
      Passes: 4,  Height: 89376, Time/Memory: 33.41,66672
  📊 Iteration 11/19 for Twitch klevC k=9...
      Passes: 4,  Height: 89026, Time/Memory: 39.94,180376
  📊 Iteration 10/19 for Twitch klevA k=7...
      Passes: 5,  Height: 89376, Time/Memory: 34.42,74900
  📊 Iteration 11/19 for Twitch klevB k=2...
      Passes: 5,  Height: 89376, Time/Memory: 36.64,70768
  📊 Iteration 11/19 for Twitch klevB k=8...
      Passes: 4,  Height: 89032, Time/Memory: 41.59,168108
  📊 Iteration 10/19 for Twitch klevA k=6...
      Passes: 4,  Height: 89376, Time/Memory: 33.21,69700
  📊 Iteration 12/19 for Twitch klevC k=10...
      Passes: 4,  Height: 89376, Time/Memory: 31.68,70744
  📊 Iteration 12/19 for Twitch klevC k=8...
      Passes: 4,  Height: 89376, Time/Memory: 31.74,71804
  📊 Iteration 12/19 for Twitch klevC k=9...
      Passes: 5,  Height: 89376, Time/Memory: 34.53,75904
  📊 Iteration 11/19 for Twitch klevB k=9...
      Passes: 5,  Height: 89376, Time/Memory: 38.63,72812
  📊 Iteration 11/19 for Twitch klevB k=5...
      Passes: 4,  Height: 89026, Time/Memory: 37.81,183424
  📊 Iteration 11/19 for Twitch klevA k=7...
      Passes: 5,  Height: 89376, Time/Memory: 39.60,72808
  📊 Iteration 12/19 for Twitch klevB k=2...
      Passes: 5,  Height: 89376, Time/Memory: 38.12,72856
  📊 Iteration 12/19 for Twitch klevB k=8...
      Passes: 4,  Height: 89376, Time/Memory: 36.48,68776
  📊 Iteration 13/19 for Twitch klevC k=10...
      Passes: 4,  Height: 89376, Time/Memory: 33.92,66720
  📊 Iteration 13/19 for Twitch klevC k=9...
      Passes: 4,  Height: 89376, Time/Memory: 36.13,70832
  📊 Iteration 13/19 for Twitch klevC k=8...
      Passes: 5,  Height: 89376, Time/Memory: 36.75,73856
  📊 Iteration 12/19 for Twitch klevB k=9...
      Passes: 4,  Height: 89032, Time/Memory: 42.29,167000
  📊 Iteration 11/19 for Twitch klevA k=6...
      Passes: 5,  Height: 89376, Time/Memory: 42.50,71808
  📊 Iteration 12/19 for Twitch klevB k=5...
      Passes: 4,  Height: 89026, Time/Memory: 39.89,181376
  📊 Iteration 12/19 for Twitch klevA k=7...
      Passes: 5,  Height: 89376, Time/Memory: 37.30,70772
  📊 Iteration 13/19 for Twitch klevB k=2...
      Passes: 4,  Height: 89376, Time/Memory: 34.54,67664
  📊 Iteration 14/19 for Twitch klevC k=8...
      Passes: 4,  Height: 89376, Time/Memory: 36.11,68684
  📊 Iteration 14/19 for Twitch klevC k=9...
      Passes: 4,  Height: 89376, Time/Memory: 38.51,66720
  📊 Iteration 14/19 for Twitch klevC k=10...
      Passes: 5,  Height: 89376, Time/Memory: 43.51,71804
  📊 Iteration 13/19 for Twitch klevB k=8...
      Passes: 5,  Height: 89376, Time/Memory: 37.97,70764
  📊 Iteration 13/19 for Twitch klevB k=9...
      Passes: 4,  Height: 89032, Time/Memory: 39.91,165964
  📊 Iteration 12/19 for Twitch klevA k=6...
      Passes: 5,  Height: 89376, Time/Memory: 40.28,73864
  📊 Iteration 13/19 for Twitch klevB k=5...
      Passes: 4,  Height: 89026, Time/Memory: 40.73,180348
  📊 Iteration 13/19 for Twitch klevA k=7...
      Passes: 4,  Height: 89376, Time/Memory: 33.75,69764
  📊 Iteration 15/19 for Twitch klevC k=9...
      Passes: 5,  Height: 89376, Time/Memory: 42.00,69752
  📊 Iteration 14/19 for Twitch klevB k=2...
      Passes: 4,  Height: 89376, Time/Memory: 33.75,69748
  📊 Iteration 15/19 for Twitch klevC k=10...
      Passes: 4,  Height: 89376, Time/Memory: 38.04,68696
  📊 Iteration 15/19 for Twitch klevC k=8...
      Passes: 5,  Height: 89376, Time/Memory: 38.80,72820
  📊 Iteration 14/19 for Twitch klevB k=9...
      Passes: 5,  Height: 89376, Time/Memory: 43.74,71808
  📊 Iteration 14/19 for Twitch klevB k=8...
      Passes: 4,  Height: 89032, Time/Memory: 43.94,165972
  📊 Iteration 13/19 for Twitch klevA k=6...
      Passes: 5,  Height: 89376, Time/Memory: 40.35,71832
  📊 Iteration 14/19 for Twitch klevB k=5...
      Passes: 4,  Height: 89026, Time/Memory: 42.48,178264
  📊 Iteration 14/19 for Twitch klevA k=7...
      Passes: 4,  Height: 89376, Time/Memory: 37.41,69756
  📊 Iteration 16/19 for Twitch klevC k=9...
      Passes: 4,  Height: 89376, Time/Memory: 38.51,69720
  📊 Iteration 16/19 for Twitch klevC k=10...
      Passes: 5,  Height: 89376, Time/Memory: 47.06,70744
  📊 Iteration 15/19 for Twitch klevB k=2...
      Passes: 4,  Height: 89376, Time/Memory: 46.00,68696
  📊 Iteration 16/19 for Twitch klevC k=8...
      Passes: 5,  Height: 89376, Time/Memory: 39.67,71796
  📊 Iteration 15/19 for Twitch klevB k=8...
      Passes: 5,  Height: 89376, Time/Memory: 45.54,71844
  📊 Iteration 15/19 for Twitch klevB k=9...
      Passes: 4,  Height: 89032, Time/Memory: 45.49,162976
  📊 Iteration 14/19 for Twitch klevA k=6...
      Passes: 5,  Height: 89376, Time/Memory: 48.85,71804
  📊 Iteration 15/19 for Twitch klevB k=5...
      Passes: 4,  Height: 89376, Time/Memory: 37.32,65652
  📊 Iteration 17/19 for Twitch klevC k=9...
      Passes: 4,  Height: 89026, Time/Memory: 48.32,176252
  📊 Iteration 15/19 for Twitch klevA k=7...
      Passes: 4,  Height: 89376, Time/Memory: 42.56,64592
  📊 Iteration 17/19 for Twitch klevC k=10...
      Passes: 4,  Height: 89376, Time/Memory: 35.88,65660
  📊 Iteration 17/19 for Twitch klevC k=8...
      Passes: 5,  Height: 89376, Time/Memory: 43.14,65688
  📊 Iteration 16/19 for Twitch klevB k=2...
      Passes: 5,  Height: 89376, Time/Memory: 40.14,69788
  📊 Iteration 16/19 for Twitch klevB k=8...
      Passes: 5,  Height: 89376, Time/Memory: 45.25,70736
  📊 Iteration 16/19 for Twitch klevB k=9...
      Passes: 5,  Height: 89376, Time/Memory: 40.76,64600
  📊 Iteration 16/19 for Twitch klevB k=5...
      Passes: 4,  Height: 89032, Time/Memory: 47.23,158852
  📊 Iteration 15/19 for Twitch klevA k=6...
      Passes: 4,  Height: 89376, Time/Memory: 43.83,64644
  📊 Iteration 18/19 for Twitch klevC k=9...
      Passes: 4,  Height: 89376, Time/Memory: 36.82,63612
  📊 Iteration 18/19 for Twitch klevC k=10...
      Passes: 4,  Height: 89026, Time/Memory: 43.15,174208
  📊 Iteration 16/19 for Twitch klevA k=7...
      Passes: 4,  Height: 89376, Time/Memory: 39.10,68732
  📊 Iteration 18/19 for Twitch klevC k=8...
      Passes: 5,  Height: 89376, Time/Memory: 41.38,69704
  📊 Iteration 17/19 for Twitch klevB k=2...
      Passes: 5,  Height: 89376, Time/Memory: 42.55,69744
  📊 Iteration 17/19 for Twitch klevB k=8...
      Passes: 5,  Height: 89376, Time/Memory: 40.10,70816
  📊 Iteration 17/19 for Twitch klevB k=9...
      Passes: 5,  Height: 89376, Time/Memory: 41.10,72776
  📊 Iteration 17/19 for Twitch klevB k=5...
      Passes: 4,  Height: 89376, Time/Memory: 34.80,68720
  📊 Iteration 19/19 for Twitch klevC k=9...
      Passes: 4,  Height: 89376, Time/Memory: 36.04,71784
  📊 Iteration 19/19 for Twitch klevC k=10...
      Passes: 4,  Height: 89032, Time/Memory: 45.30,167060
  📊 Iteration 16/19 for Twitch klevA k=6...
      Passes: 4,  Height: 89376, Time/Memory: 36.11,70768
  📊 Iteration 19/19 for Twitch klevC k=8...
      Passes: 4,  Height: 89026, Time/Memory: 39.38,184408
  📊 Iteration 17/19 for Twitch klevA k=7...
      Passes: 5,  Height: 89376, Time/Memory: 36.65,73860
  📊 Iteration 18/19 for Twitch klevB k=8...
      Passes: 5,  Height: 89376, Time/Memory: 48.28,72860
  📊 Iteration 18/19 for Twitch klevB k=2...
      Passes: 5,  Height: 89376, Time/Memory: 42.55,71804
  📊 Iteration 18/19 for Twitch klevB k=9...
      Passes: 4,  Height: 89376, Time/Memory: 34.21,67692
✅ Completed Twitch klevC k=9: 34.94s, 68835.58KB
✅ [1/9] Completed Twitch klevC k=9
      Passes: 5,  Height: 89376, Time/Memory: 37.76,72836
  📊 Iteration 18/19 for Twitch klevB k=5...
      Passes: 4,  Height: 89376, Time/Memory: 36.66,65648
✅ Completed Twitch klevC k=10: 35.2s, 69046.11KB
✅ [2/9] Completed Twitch klevC k=10
      Passes: 4,  Height: 89376, Time/Memory: 33.12,69736
✅ Completed Twitch klevC k=8: 35.23s, 69641.47KB
✅ [3/9] Completed Twitch klevC k=8
      Passes: 4,  Height: 89032, Time/Memory: 41.94,169108
  📊 Iteration 17/19 for Twitch klevA k=6...
      Passes: 4,  Height: 89026, Time/Memory: 39.91,177264
  📊 Iteration 18/19 for Twitch klevA k=7...
      Passes: 5,  Height: 89376, Time/Memory: 40.23,73884
  📊 Iteration 19/19 for Twitch klevB k=8...
      Passes: 5,  Height: 89376, Time/Memory: 37.99,72864
  📊 Iteration 19/19 for Twitch klevB k=2...
      Passes: 5,  Height: 89376, Time/Memory: 38.12,74852
  📊 Iteration 19/19 for Twitch klevB k=9...
      Passes: 5,  Height: 89376, Time/Memory: 36.60,74860
  📊 Iteration 19/19 for Twitch klevB k=5...
      Passes: 4,  Height: 89032, Time/Memory: 38.69,167048
  📊 Iteration 18/19 for Twitch klevA k=6...
      Passes: 4,  Height: 89026, Time/Memory: 42.73,183412
  📊 Iteration 19/19 for Twitch klevA k=7...
      Passes: 5,  Height: 89376, Time/Memory: 36.19,73892
✅ Completed Twitch klevB k=8: 38.07s, 73146.74KB
✅ [4/9] Completed Twitch klevB k=8
      Passes: 5,  Height: 89376, Time/Memory: 33.59,75940
✅ Completed Twitch klevB k=2: 38.32s, 72562.74KB
✅ [5/9] Completed Twitch klevB k=2
      Passes: 5,  Height: 89376, Time/Memory: 35.34,73888
✅ Completed Twitch klevB k=9: 38.58s, 72775.16KB
✅ [6/9] Completed Twitch klevB k=9
      Passes: 5,  Height: 89376, Time/Memory: 37.98,69760
✅ Completed Twitch klevB k=5: 38.95s, 72714.74KB
✅ [7/9] Completed Twitch klevB k=5
      Passes: 4,  Height: 89026, Time/Memory: 36.60,182388
✅ Completed Twitch klevA k=7: 39.82s, 180935.79KB
✅ [8/9] Completed Twitch klevA k=7
      Passes: 4,  Height: 89032, Time/Memory: 44.88,169084
  📊 Iteration 19/19 for Twitch klevA k=6...
      Passes: 4,  Height: 89032, Time/Memory: 37.57,169048
✅ Completed Twitch klevA k=6: 41.84s, 167365.89KB
✅ [9/9] Completed Twitch klevA k=6

🏁 All experiments completed!
✅ Successful: 9
❌ Failed: 0
📁 Results saved in ./results/real/average_concurrent_runs
