🎯 Total configurations to run: 1
🔄 Running with 36 parallel workers
🚀 Running Amazon with klevN, k=2, iterations=20, file=5
  📊 Iteration 1/20 for Amazon klevN k=2...
    Passes: 2, Time/Memory: 422.35,176164, Output: ['2']
  📊 Iteration 2/20 for Amazon klevN k=2...
    Passes: 2, Time/Memory: 418.95,176164, Output: ['2']
  📊 Iteration 3/20 for Amazon klevN k=2...
    Passes: 2, Time/Memory: 422.95,175132, Output: ['2']
  📊 Iteration 4/20 for Amazon klevN k=2...
    Passes: 2, Time/Memory: 419.35,178212, Output: ['2']
  📊 Iteration 5/20 for Amazon klevN k=2...
    Passes: 2, Time/Memory: 420.97,178212, Output: ['2']
  📊 Iteration 6/20 for Amazon klevN k=2...
    Passes: 2, Time/Memory: 412.83,176164, Output: ['2']
  📊 Iteration 7/20 for Amazon klevN k=2...
    Passes: 2, Time/Memory: 411.07,176164, Output: ['2']
  📊 Iteration 8/20 for Amazon klevN k=2...
    Passes: 2, Time/Memory: 422.65,178212, Output: ['2']
  📊 Iteration 9/20 for Amazon klevN k=2...
    Passes: 2, Time/Memory: 428.79,178224, Output: ['2']
  📊 Iteration 10/20 for Amazon klevN k=2...
    Passes: 2, Time/Memory: 425.42,174132, Output: ['2']
  📊 Iteration 11/20 for Amazon klevN k=2...
    Passes: 2, Time/Memory: 422.34,176192, Output: ['2']
  📊 Iteration 12/20 for Amazon klevN k=2...
    Passes: 2, Time/Memory: 416.93,175140, Output: ['2']
  📊 Iteration 13/20 for Amazon klevN k=2...
    Passes: 2, Time/Memory: 417.43,178220, Output: ['2']
  📊 Iteration 14/20 for Amazon klevN k=2...
    Passes: 2, Time/Memory: 424.76,178208, Output: ['2']
  📊 Iteration 15/20 for Amazon klevN k=2...
    Passes: 2, Time/Memory: 421.50,177188, Output: ['2']
  📊 Iteration 16/20 for Amazon klevN k=2...
    Passes: 2, Time/Memory: 418.88,177204, Output: ['2']
  📊 Iteration 17/20 for Amazon klevN k=2...
    Passes: 2, Time/Memory: 423.43,179276, Output: ['2']
  📊 Iteration 18/20 for Amazon klevN k=2...
    Passes: 2, Time/Memory: 424.45,177188, Output: ['2']
  📊 Iteration 19/20 for Amazon klevN k=2...
    Passes: 2, Time/Memory: 425.35,174116, Output: ['2']
  📊 Iteration 20/20 for Amazon klevN k=2...
    Passes: 2, Time/Memory: 419.34,175176, Output: ['2']
✅ Completed Amazon klevN k=2: 420.99s, 176734.4KB
✅ [1/1] Completed Amazon klevN k=2

🏁 All experiments completed!
✅ Successful: 1
❌ Failed: 0
📁 Results saved in ./results/real/average_concurrent_runs
