🎯 Total configurations to run: 3
🔄 Running with 18 parallel workers
🚀 Running Belcastro with kpathB, k=4, iterations=10, file=4
  📊 Iteration 1/10 for Belcastro kpathB k=4...
🚀 Running Belcastro with kpathB, k=3, iterations=10, file=5
  📊 Iteration 1/10 for Belcastro kpathB k=3...
🚀 Running Belcastro with kpathD, k=2, iterations=10, file=6
  📊 Iteration 1/10 for Belcastro kpathD k=2...
      Passes: 110,  Height: 13264, Time/Memory: 271.99,12444
  📊 Iteration 2/10 for Belcastro kpathB k=4...
      Passes: 149,  Height: 13254, Time/Memory: 376.68,10400
  📊 Iteration 2/10 for Belcastro kpathB k=3...
      Passes: 182,  Height: 13123, Time/Memory: 453.00,10364
  📊 Iteration 2/10 for Belcastro kpathD k=2...
      Passes: 110,  Height: 13264, Time/Memory: 276.23,12404
  📊 Iteration 3/10 for Belcastro kpathB k=4...
      Passes: 149,  Height: 13254, Time/Memory: 375.43,10356
  📊 Iteration 3/10 for Belcastro kpathB k=3...
      Passes: 110,  Height: 13264, Time/Memory: 272.94,12416
  📊 Iteration 4/10 for Belcastro kpathB k=4...
      Passes: 182,  Height: 13123, Time/Memory: 443.21,10340
  📊 Iteration 3/10 for Belcastro kpathD k=2...
      Passes: 110,  Height: 13264, Time/Memory: 264.96,12392
  📊 Iteration 5/10 for Belcastro kpathB k=4...
      Passes: 149,  Height: 13254, Time/Memory: 365.63,10364
  📊 Iteration 4/10 for Belcastro kpathB k=3...
      Passes: 182,  Height: 13123, Time/Memory: 434.43,9344
  📊 Iteration 4/10 for Belcastro kpathD k=2...
      Passes: 110,  Height: 13264, Time/Memory: 269.44,11404
  📊 Iteration 6/10 for Belcastro kpathB k=4...
      Passes: 149,  Height: 13254, Time/Memory: 367.02,10388
  📊 Iteration 5/10 for Belcastro kpathB k=3...
      Passes: 110,  Height: 13264, Time/Memory: 270.62,12408
  📊 Iteration 7/10 for Belcastro kpathB k=4...
      Passes: 182,  Height: 13123, Time/Memory: 432.63,9332
  📊 Iteration 5/10 for Belcastro kpathD k=2...
      Passes: 149,  Height: 13254, Time/Memory: 367.03,10364
  📊 Iteration 6/10 for Belcastro kpathB k=3...
      Passes: 110,  Height: 13264, Time/Memory: 276.75,11388
  📊 Iteration 8/10 for Belcastro kpathB k=4...
      Passes: 110,  Height: 13264, Time/Memory: 266.96,12352
  📊 Iteration 9/10 for Belcastro kpathB k=4...
      Passes: 182,  Height: 13123, Time/Memory: 433.84,9356
  📊 Iteration 6/10 for Belcastro kpathD k=2...
      Passes: 149,  Height: 13254, Time/Memory: 361.15,10348
  📊 Iteration 7/10 for Belcastro kpathB k=3...
      Passes: 110,  Height: 13264, Time/Memory: 266.06,12408
  📊 Iteration 10/10 for Belcastro kpathB k=4...
      Passes: 149,  Height: 13254, Time/Memory: 359.25,10380
  📊 Iteration 8/10 for Belcastro kpathB k=3...
      Passes: 182,  Height: 13123, Time/Memory: 461.48,9368
  📊 Iteration 7/10 for Belcastro kpathD k=2...
      Passes: 110,  Height: 13264, Time/Memory: 277.21,11348
✅ Completed Belcastro kpathB k=4: 271.32s, 12096.4KB
✅ [1/3] Completed Belcastro kpathB k=4
      Passes: 149,  Height: 13254, Time/Memory: 376.43,10388
  📊 Iteration 9/10 for Belcastro kpathB k=3...
      Passes: 182,  Height: 13123, Time/Memory: 440.68,10344
  📊 Iteration 8/10 for Belcastro kpathD k=2...
      Passes: 149,  Height: 13254, Time/Memory: 373.54,10360
  📊 Iteration 10/10 for Belcastro kpathB k=3...
      Passes: 182,  Height: 13123, Time/Memory: 432.20,10368
  📊 Iteration 9/10 for Belcastro kpathD k=2...
      Passes: 149,  Height: 13254, Time/Memory: 369.53,10364
✅ Completed Belcastro kpathB k=3: 369.17s, 10371.2KB
✅ [2/3] Completed Belcastro kpathB k=3
      Passes: 182,  Height: 13123, Time/Memory: 442.12,9344
  📊 Iteration 10/10 for Belcastro kpathD k=2...
      Passes: 182,  Height: 13123, Time/Memory: 445.24,10356
✅ Completed Belcastro kpathD k=2: 441.88s, 9851.6KB
✅ [3/3] Completed Belcastro kpathD k=2

🏁 All experiments completed!
✅ Successful: 3
❌ Failed: 0
📁 Results saved in ./results/real/average_concurrent_runs
