🎯 Total configurations to run: 1
🔄 Running with 18 parallel workers
🚀 Running Twitch with kpathC, k=1, iterations=10, file=1
  📊 Iteration 1/10 for Twitch kpathC k=1...
    Passes: 1421 94327, Time/Memory: 3024.96,75304, Output: ['1421 94327']
  📊 Iteration 2/10 for Twitch kpathC k=1...
    Passes: 1421 94327, Time/Memory: 2935.57,75716, Output: ['1421 94327']
  📊 Iteration 3/10 for Twitch kpathC k=1...
    Passes: 1421 94327, Time/Memory: 3036.80,75176, Output: ['1421 94327']
  📊 Iteration 4/10 for Twitch kpathC k=1...
    Passes: 1421 94327, Time/Memory: 2947.93,75192, Output: ['1421 94327']
  📊 Iteration 5/10 for Twitch kpathC k=1...
    Passes: 1421 94327, Time/Memory: 3025.78,75288, Output: ['1421 94327']
  📊 Iteration 6/10 for Twitch kpathC k=1...
    Passes: 1421 94327, Time/Memory: 2841.75,75196, Output: ['1421 94327']
  📊 Iteration 7/10 for Twitch kpathC k=1...
    Passes: 1421 94327, Time/Memory: 3053.37,75176, Output: ['1421 94327']
  📊 Iteration 8/10 for Twitch kpathC k=1...
    Passes: 1421 94327, Time/Memory: 2958.15,75192, Output: ['1421 94327']
  📊 Iteration 9/10 for Twitch kpathC k=1...
    Passes: 1421 94327, Time/Memory: 2813.24,75248, Output: ['1421 94327']
  📊 Iteration 10/10 for Twitch kpathC k=1...
    Passes: 1421, Time/Memory: 2893.16,75276, Output: ['1421']
✅ Completed Twitch kpathC k=1: 2953.07s, 75276.4KB
✅ [1/1] Completed Twitch kpathC k=1

🏁 All experiments completed!
✅ Successful: 1
❌ Failed: 0
📁 Results saved in ./results/real/average_concurrent_runs
