🎯 Total configurations to run: 3
🔄 Running with 36 parallel workers
🚀 Running Amazon with klevN, k=2, iterations=10, file=1
  📊 Iteration 1/10 for Amazon klevN k=2...
🚀 Running Amazon with klev0, k=10, iterations=10, file=2
  📊 Iteration 1/10 for Amazon klev0 k=10...
🚀 Running Amazon with klev1, k=1, iterations=10, file=3
  📊 Iteration 1/10 for Amazon klev1 k=1...
    Passes: 2, Time/Memory: 386.80,178224, Output: ['2']
  📊 Iteration 2/10 for Amazon klevN k=2...
    Passes: 5, Time/Memory: 519.08,127012, Output: ['5']
  📊 Iteration 2/10 for Amazon klev1 k=1...
    Passes: 6, Time/Memory: 519.66,136228, Output: ['6']
  📊 Iteration 2/10 for Amazon klev0 k=10...
    Passes: 2, Time/Memory: 391.55,177216, Output: ['2']
  📊 Iteration 3/10 for Amazon klevN k=2...
    Passes: 6, Time/Memory: 515.83,135228, Output: ['6']
  📊 Iteration 3/10 for Amazon klev0 k=10...
    Passes: 5, Time/Memory: 548.62,127032, Output: ['5']
  📊 Iteration 3/10 for Amazon klev1 k=1...
    Passes: 2, Time/Memory: 395.85,176192, Output: ['2']
  📊 Iteration 4/10 for Amazon klevN k=2...
    Passes: 6, Time/Memory: 528.53,134188, Output: ['6']
  📊 Iteration 4/10 for Amazon klev0 k=10...
    Passes: 2, Time/Memory: 389.85,177208, Output: ['2']
  📊 Iteration 5/10 for Amazon klevN k=2...
    Passes: 5, Time/Memory: 572.49,127052, Output: ['5']
  📊 Iteration 4/10 for Amazon klev1 k=1...
    Passes: 2, Time/Memory: 385.18,179236, Output: ['2']
  📊 Iteration 6/10 for Amazon klevN k=2...
    Passes: 6, Time/Memory: 585.69,136228, Output: ['6']
  📊 Iteration 5/10 for Amazon klev0 k=10...
    Passes: 5, Time/Memory: 537.28,127012, Output: ['5']
  📊 Iteration 5/10 for Amazon klev1 k=1...
    Passes: 2, Time/Memory: 411.81,175160, Output: ['2']
  📊 Iteration 7/10 for Amazon klevN k=2...
    Passes: 6, Time/Memory: 488.12,134180, Output: ['6']
  📊 Iteration 6/10 for Amazon klev0 k=10...
    Passes: 5, Time/Memory: 539.15,124024, Output: ['5']
  📊 Iteration 6/10 for Amazon klev1 k=1...
    Passes: 2, Time/Memory: 413.65,178236, Output: ['2']
  📊 Iteration 8/10 for Amazon klevN k=2...
    Passes: 2, Time/Memory: 399.43,177204, Output: ['2']
  📊 Iteration 9/10 for Amazon klevN k=2...
    Passes: 6, Time/Memory: 580.05,137248, Output: ['6']
  📊 Iteration 7/10 for Amazon klev0 k=10...
    Passes: 5, Time/Memory: 512.71,125988, Output: ['5']
  📊 Iteration 7/10 for Amazon klev1 k=1...
    Passes: 2, Time/Memory: 377.23,179236, Output: ['2']
  📊 Iteration 10/10 for Amazon klevN k=2...
    Passes: 6, Time/Memory: 488.15,137252, Output: ['6']
  📊 Iteration 8/10 for Amazon klev0 k=10...
    Passes: 5, Time/Memory: 498.98,128048, Output: ['5']
  📊 Iteration 8/10 for Amazon klev1 k=1...
    Passes: 2, Time/Memory: 391.73,177188, Output: ['2']
✅ Completed Amazon klevN k=2: 394.31s, 177510.0KB
✅ [1/3] Completed Amazon klevN k=2
    Passes: 6, Time/Memory: 537.10,135204, Output: ['6']
  📊 Iteration 9/10 for Amazon klev0 k=10...
    Passes: 5, Time/Memory: 536.19,128036, Output: ['5']
  📊 Iteration 9/10 for Amazon klev1 k=1...
    Passes: 6, Time/Memory: 488.36,135236, Output: ['6']
  📊 Iteration 10/10 for Amazon klev0 k=10...
    Passes: 5, Time/Memory: 503.21,127012, Output: ['5']
  📊 Iteration 10/10 for Amazon klev1 k=1...
    Passes: 6, Time/Memory: 475.07,136228, Output: ['6']
✅ Completed Amazon klev0 k=10: 520.66s, 135722.0KB
✅ [2/3] Completed Amazon klev0 k=10
    Passes: 5, Time/Memory: 534.59,125988, Output: ['5']
✅ Completed Amazon klev1 k=1: 530.23s, 126720.4KB
✅ [3/3] Completed Amazon klev1 k=1

🏁 All experiments completed!
✅ Successful: 3
❌ Failed: 0
📁 Results saved in ./results/real/average_concurrent_runs
