🎯 Total configurations to run: 1
🔄 Running with 24 parallel workers
🚀 Running Orkut with klev1, k=2, iterations=10, file=1
  📊 Iteration 1/10 for Orkut klev1 k=2...
    Passes: 5, Time/Memory: 11824.93,1467392, Output: ['5']
  📊 Iteration 2/10 for Orkut klev1 k=2...
    Passes: 5, Time/Memory: 11851.41,1467392, Output: ['5']
  📊 Iteration 3/10 for Orkut klev1 k=2...
    Passes: 5, Time/Memory: 11928.62,1467392, Output: ['5']
  📊 Iteration 4/10 for Orkut klev1 k=2...
    Passes: 5, Time/Memory: 11929.62,1466368, Output: ['5']
  📊 Iteration 5/10 for Orkut klev1 k=2...
    Passes: 5, Time/Memory: 11830.96,1467392, Output: ['5']
  📊 Iteration 6/10 for Orkut klev1 k=2...
    Passes: 5, Time/Memory: 11834.19,1467392, Output: ['5']
  📊 Iteration 7/10 for Orkut klev1 k=2...
    Passes: 5, Time/Memory: 11833.81,1466368, Output: ['5']
  📊 Iteration 8/10 for Orkut klev1 k=2...
    Passes: 5, Time/Memory: 11876.67,1467392, Output: ['5']
  📊 Iteration 9/10 for Orkut klev1 k=2...
    Passes: 5, Time/Memory: 11856.71,1467392, Output: ['5']
  📊 Iteration 10/10 for Orkut klev1 k=2...
    Passes: 5, Time/Memory: 11900.51,1467392, Output: ['5']
✅ Completed Orkut klev1 k=2: 11866.74s, 1467187.2KB
✅ [1/1] Completed Orkut klev1 k=2

🏁 All experiments completed!
✅ Successful: 1
❌ Failed: 0
📁 Results saved in ./results/real/average_concurrent_runs
