🎯 Total configurations to run: 7
🔄 Running with 36 parallel workers
🚀 Running Gowalla with klevN, k=1, iterations=10, file=1
  📊 Iteration 1/10 for Gowalla klevN k=1...
🚀 Running Gowalla with klev0, k=2, iterations=10, file=3
  📊 Iteration 1/10 for Gowalla klev0 k=2...
🚀 Running Amazon with klevN, k=2, iterations=5, file=1
  📊 Iteration 1/5 for Amazon klevN k=2...
🚀 Running Amazon with klev0, k=10, iterations=5, file=2
  📊 Iteration 1/5 for Amazon klev0 k=10...
🚀 Running Amazon with klev1, k=1, iterations=3, file=3
  📊 Iteration 1/3 for Amazon klev1 k=1...
🚀 Running Orkut with klev2, k=7, iterations=3, file=7
  📊 Iteration 1/3 for Orkut klev2 k=7...
🚀 Running LiveJournal with klev0, k=2, iterations=8, file=4
  📊 Iteration 1/8 for LiveJournal klev0 k=2...
    Passes: 4, Time/Memory: 39.28,89144, Output: ['4']
  📊 Iteration 2/10 for Gowalla klevN k=1...
    Passes: 6, Time/Memory: 45.99,75832, Output: ['6']
  📊 Iteration 2/10 for Gowalla klev0 k=2...
    Passes: 4, Time/Memory: 40.72,89116, Output: ['4']
  📊 Iteration 3/10 for Gowalla klevN k=1...
    Passes: 6, Time/Memory: 47.22,76900, Output: ['6']
  📊 Iteration 3/10 for Gowalla klev0 k=2...
    Passes: 4, Time/Memory: 50.43,89124, Output: ['4']
  📊 Iteration 4/10 for Gowalla klevN k=1...
    Passes: 6, Time/Memory: 47.54,75840, Output: ['6']
  📊 Iteration 4/10 for Gowalla klev0 k=2...
    Passes: 4, Time/Memory: 53.34,89192, Output: ['4']
  📊 Iteration 5/10 for Gowalla klevN k=1...
    Passes: 6, Time/Memory: 64.66,76864, Output: ['6']
  📊 Iteration 5/10 for Gowalla klev0 k=2...
    Passes: 4, Time/Memory: 56.24,89124, Output: ['4']
  📊 Iteration 6/10 for Gowalla klevN k=1...
    Passes: 6, Time/Memory: 58.34,76880, Output: ['6']
  📊 Iteration 6/10 for Gowalla klev0 k=2...
    Passes: 4, Time/Memory: 42.34,90140, Output: ['4']
  📊 Iteration 7/10 for Gowalla klevN k=1...
    Passes: 4, Time/Memory: 44.04,89164, Output: ['4']
  📊 Iteration 8/10 for Gowalla klevN k=1...
    Passes: 6, Time/Memory: 64.39,76836, Output: ['6']
  📊 Iteration 7/10 for Gowalla klev0 k=2...
    Passes: 4, Time/Memory: 38.46,89136, Output: ['4']
  📊 Iteration 9/10 for Gowalla klevN k=1...
    Passes: 6, Time/Memory: 73.58,75840, Output: ['6']
  📊 Iteration 8/10 for Gowalla klev0 k=2...
    Passes: 4, Time/Memory: 38.10,89128, Output: ['4']
  📊 Iteration 10/10 for Gowalla klevN k=1...
    Passes: 2, Time/Memory: 408.51,178204, Output: ['2']
  📊 Iteration 2/5 for Amazon klevN k=2...
    Passes: 4, Time/Memory: 38.48,89160, Output: ['4']
✅ Completed Gowalla klevN k=1: 44.14s, 89242.8KB
✅ [1/7] Completed Gowalla klevN k=1
    Passes: 6, Time/Memory: 64.94,76836, Output: ['6']
  📊 Iteration 9/10 for Gowalla klev0 k=2...
    Passes: 5, Time/Memory: 510.12,128120, Output: ['5']
  📊 Iteration 2/3 for Amazon klev1 k=1...
    Passes: 6, Time/Memory: 514.42,135204, Output: ['6']
  📊 Iteration 2/5 for Amazon klev0 k=10...
    Passes: 6, Time/Memory: 58.60,76836, Output: ['6']
  📊 Iteration 10/10 for Gowalla klev0 k=2...
    Passes: 6, Time/Memory: 51.77,75812, Output: ['6']
✅ Completed Gowalla klev0 k=2: 57.7s, 76447.6KB
✅ [2/7] Completed Gowalla klev0 k=2
    Passes: 2, Time/Memory: 414.65,177232, Output: ['2']
  📊 Iteration 3/5 for Amazon klevN k=2...
    Passes: 5, Time/Memory: 507.14,128036, Output: ['5']
  📊 Iteration 3/3 for Amazon klev1 k=1...
    Passes: 6, Time/Memory: 533.51,136228, Output: ['6']
  📊 Iteration 3/5 for Amazon klev0 k=10...
    Passes: 2, Time/Memory: 392.76,178212, Output: ['2']
  📊 Iteration 4/5 for Amazon klevN k=2...
    Passes: 6, Time/Memory: 479.72,136228, Output: ['6']
  📊 Iteration 4/5 for Amazon klev0 k=10...
    Passes: 5, Time/Memory: 523.91,129068, Output: ['5']
✅ Completed Amazon klev1 k=1: 513.72s, 128408.0KB
✅ [3/7] Completed Amazon klev1 k=1
    Passes: 2, Time/Memory: 392.60,178212, Output: ['2']
  📊 Iteration 5/5 for Amazon klevN k=2...
    Passes: 2, Time/Memory: 392.86,177188, Output: ['2']
✅ Completed Amazon klevN k=2: 400.28s, 177809.6KB
✅ [4/7] Completed Amazon klevN k=2
    Passes: 6, Time/Memory: 480.46,136228, Output: ['6']
  📊 Iteration 5/5 for Amazon klev0 k=10...
    Passes: 6, Time/Memory: 508.37,135268, Output: ['6']
✅ Completed Amazon klev0 k=10: 503.3s, 135831.2KB
✅ [5/7] Completed Amazon klev0 k=10
    Passes: 4, Time/Memory: 13777.98,3420228, Output: ['4']
  📊 Iteration 2/3 for Orkut klev2 k=7...
    Passes: 4, Time/Memory: 13570.87,3419256, Output: ['4']
  📊 Iteration 3/3 for Orkut klev2 k=7...
    Passes: 6, Time/Memory: 31708.89,1670212, Output: ['6']
  📊 Iteration 2/8 for LiveJournal klev0 k=2...
    Passes: 4, Time/Memory: 13329.05,3419172, Output: ['4']
✅ Completed Orkut klev2 k=7: 13559.3s, 3419552.0KB
✅ [6/7] Completed Orkut klev2 k=7
    Passes: 6, Time/Memory: 31847.99,1666120, Output: ['6']
  📊 Iteration 3/8 for LiveJournal klev0 k=2...
    Passes: 6, Time/Memory: 32156.52,1672228, Output: ['6']
  📊 Iteration 4/8 for LiveJournal klev0 k=2...
    Passes: 6, Time/Memory: 32863.72,1668156, Output: ['6']
  📊 Iteration 5/8 for LiveJournal klev0 k=2...
    Passes: 6, Time/Memory: 32116.39,1668184, Output: ['6']
  📊 Iteration 6/8 for LiveJournal klev0 k=2...
    Passes: 6, Time/Memory: 32889.61,1668160, Output: ['6']
  📊 Iteration 7/8 for LiveJournal klev0 k=2...
    Passes: 6, Time/Memory: 32710.83,1666084, Output: ['6']
  📊 Iteration 8/8 for LiveJournal klev0 k=2...
    Passes: 6, Time/Memory: 32424.14,1669196, Output: ['6']
✅ Completed LiveJournal klev0 k=2: 32339.76s, 1668542.5KB
✅ [7/7] Completed LiveJournal klev0 k=2

🏁 All experiments completed!
✅ Successful: 7
❌ Failed: 0
📁 Results saved in ./results/real/average_concurrent_runs
