🎯 Total configurations to run: 2
🔄 Running with 32 parallel workers
🚀 Running Orkut with kpath0, k=3, iterations=9, file=9
  📊 Iteration 1/9 for Orkut kpath0 k=3...
🚀 Running Orkut with kpath0, k=2, iterations=9, file=10
  📊 Iteration 1/9 for Orkut kpath0 k=2...
    Passes: 29, Time/Memory: 10074.02,1813576, Output: ['29']
  📊 Iteration 2/9 for Orkut kpath0 k=3...
    Passes: 128, Time/Memory: 14054.60,1518048, Output: ['128']
  📊 Iteration 2/9 for Orkut kpath0 k=2...
    Passes: 29, Time/Memory: 9856.82,1809556, Output: ['29']
  📊 Iteration 3/9 for Orkut kpath0 k=3...
    Passes: 128, Time/Memory: 13901.02,1518384, Output: ['128']
  📊 Iteration 3/9 for Orkut kpath0 k=2...
    Passes: 29, Time/Memory: 9674.04,1815040, Output: ['29']
  📊 Iteration 4/9 for Orkut kpath0 k=3...
    Passes: 128, Time/Memory: 14133.27,1518092, Output: ['128']
  📊 Iteration 4/9 for Orkut kpath0 k=2...
    Passes: 29, Time/Memory: 9822.34,1813768, Output: ['29']
  📊 Iteration 5/9 for Orkut kpath0 k=3...
    Passes: 128, Time/Memory: 14181.09,1519548, Output: ['128']
  📊 Iteration 5/9 for Orkut kpath0 k=2...
    Passes: 29, Time/Memory: 9825.84,1807740, Output: ['29']
  📊 Iteration 6/9 for Orkut kpath0 k=3...
    Passes: 128, Time/Memory: 14320.94,1518872, Output: ['128']
  📊 Iteration 6/9 for Orkut kpath0 k=2...
    Passes: 29, Time/Memory: 10027.70,1811204, Output: ['29']
  📊 Iteration 7/9 for Orkut kpath0 k=3...
    Passes: 29, Time/Memory: 9835.81,1814896, Output: ['29']
  📊 Iteration 8/9 for Orkut kpath0 k=3...
    Passes: 128, Time/Memory: 14157.70,1518644, Output: ['128']
  📊 Iteration 7/9 for Orkut kpath0 k=2...
    Passes: 29, Time/Memory: 9988.67,1814520, Output: ['29']
  📊 Iteration 9/9 for Orkut kpath0 k=3...
    Passes: 128, Time/Memory: 14313.30,1518564, Output: ['128']
  📊 Iteration 8/9 for Orkut kpath0 k=2...
    Passes: 29, Time/Memory: 9966.02,1813936, Output: ['29']
✅ Completed Orkut kpath0 k=3: 9896.81s, 1812692.89KB
✅ [1/2] Completed Orkut kpath0 k=3
    Passes: 128, Time/Memory: 14352.78,1518460, Output: ['128']
  📊 Iteration 9/9 for Orkut kpath0 k=2...
    Passes: 128, Time/Memory: 14447.17,1519172, Output: ['128']
✅ Completed Orkut kpath0 k=2: 14206.87s, 1518642.67KB
✅ [2/2] Completed Orkut kpath0 k=2

🏁 All experiments completed!
✅ Successful: 2
❌ Failed: 0
📁 Results saved in ./results/real/average_concurrent_runs
