🎯 Total configurations to run: 4
🔄 Running with 36 parallel workers
🚀 Running LiveJournal with kpathN, k=6, iterations=1, file=1
  📊 Iteration 1/1 for LiveJournal kpathN k=6...
🚀 Running LiveJournal with klev0, k=1, iterations=1, file=2
  📊 Iteration 1/1 for LiveJournal klev0 k=1...
🚀 Running LiveJournal with kpath1, k=7, iterations=4, file=3
  📊 Iteration 1/4 for LiveJournal kpath1 k=7...
🚀 Running LiveJournal with kpath1, k=8, iterations=5, file=4
  📊 Iteration 1/5 for LiveJournal kpath1 k=8...
    Passes: 8, Time/Memory: 14031.93,3950360, Output: ['8']
  📊 Iteration 2/4 for LiveJournal kpath1 k=7...
    Passes: 3, Time/Memory: 14587.38,3542556, Output: ['3']
✅ Completed LiveJournal kpathN k=6: 14587.38s, 3542556.0KB
✅ [1/4] Completed LiveJournal kpathN k=6
    Passes: 13, Time/Memory: 20285.99,4302284, Output: ['13']
  📊 Iteration 2/5 for LiveJournal kpath1 k=8...
    Passes: 8, Time/Memory: 13786.02,3950360, Output: ['8']
  📊 Iteration 3/4 for LiveJournal kpath1 k=7...
    Passes: 6, Time/Memory: 32635.83,1672280, Output: ['6']
✅ Completed LiveJournal klev0 k=1: 32635.83s, 1672280.0KB
✅ [2/4] Completed LiveJournal klev0 k=1
    Passes: 13, Time/Memory: 20037.11,4302888, Output: ['13']
  📊 Iteration 3/5 for LiveJournal kpath1 k=8...
    Passes: 8, Time/Memory: 15192.31,3950392, Output: ['8']
  📊 Iteration 4/4 for LiveJournal kpath1 k=7...
    Passes: 8, Time/Memory: 13817.92,3950356, Output: ['8']
✅ Completed LiveJournal kpath1 k=7: 14207.05s, 3950367.0KB
✅ [3/4] Completed LiveJournal kpath1 k=7
    Passes: 13, Time/Memory: 19247.33,4302944, Output: ['13']
  📊 Iteration 4/5 for LiveJournal kpath1 k=8...
    Passes: 13, Time/Memory: 19449.07,4302924, Output: ['13']
  📊 Iteration 5/5 for LiveJournal kpath1 k=8...
    Passes: 13, Time/Memory: 19988.71,4303640, Output: ['13']
✅ Completed LiveJournal kpath1 k=8: 19801.64s, 4302936.0KB
✅ [4/4] Completed LiveJournal kpath1 k=8

🏁 All experiments completed!
✅ Successful: 4
❌ Failed: 0
📁 Results saved in ./results/real/average_concurrent_runs
