🎯 Total configurations to run: 3
🔄 Running with 36 parallel workers
🚀 Running LiveJournal with kpath2, k=8, iterations=5, file=4
  📊 Iteration 1/5 for LiveJournal kpath2 k=8...
🚀 Running LiveJournal with kpath0, k=8, iterations=1, file=5
  📊 Iteration 1/1 for LiveJournal kpath0 k=8...
🚀 Running LiveJournal with kpath0, k=7, iterations=10, file=6
  📊 Iteration 1/10 for LiveJournal kpath0 k=7...
    Passes: 15, Time/Memory: 21763.62,3924560, Output: ['15']
  📊 Iteration 2/10 for LiveJournal kpath0 k=7...
    Passes: 13, Time/Memory: 29389.58,4307884, Output: ['13']
✅ Completed LiveJournal kpath0 k=8: 29389.58s, 4307884.0KB
✅ [1/3] Completed LiveJournal kpath0 k=8
    Passes: 11, Time/Memory: 30019.46,4287340, Output: ['11']
  📊 Iteration 2/5 for LiveJournal kpath2 k=8...
    Passes: 15, Time/Memory: 20659.53,3924576, Output: ['15']
  📊 Iteration 3/10 for LiveJournal kpath0 k=7...
    Passes: 11, Time/Memory: 31684.89,4287332, Output: ['11']
  📊 Iteration 3/5 for LiveJournal kpath2 k=8...
    Passes: 15, Time/Memory: 20981.82,3924536, Output: ['15']
  📊 Iteration 4/10 for LiveJournal kpath0 k=7...
    Passes: 15, Time/Memory: 20892.02,3923964, Output: ['15']
  📊 Iteration 5/10 for LiveJournal kpath0 k=7...
    Passes: 11, Time/Memory: 31079.95,4287372, Output: ['11']
  📊 Iteration 4/5 for LiveJournal kpath2 k=8...
    Passes: 15, Time/Memory: 26353.26,3924184, Output: ['15']
  📊 Iteration 6/10 for LiveJournal kpath0 k=7...
    Passes: 11, Time/Memory: 34071.09,4285952, Output: ['11']
  📊 Iteration 5/5 for LiveJournal kpath2 k=8...
    Passes: 15, Time/Memory: 24386.77,3921852, Output: ['15']
  📊 Iteration 7/10 for LiveJournal kpath0 k=7...
    Passes: 11, Time/Memory: 34142.15,4287340, Output: ['11']
✅ Completed LiveJournal kpath2 k=8: 32199.51s, 4287067.2KB
✅ [2/3] Completed LiveJournal kpath2 k=8
    Passes: 15, Time/Memory: 25939.82,3924536, Output: ['15']
  📊 Iteration 8/10 for LiveJournal kpath0 k=7...
    Passes: 15, Time/Memory: 23305.06,3924556, Output: ['15']
  📊 Iteration 9/10 for LiveJournal kpath0 k=7...
    Passes: 15, Time/Memory: 22895.13,3924572, Output: ['15']
  📊 Iteration 10/10 for LiveJournal kpath0 k=7...
    Passes: 15, Time/Memory: 21935.69,3923688, Output: ['15']
✅ Completed LiveJournal kpath0 k=7: 22911.27s, 3924102.4KB
✅ [3/3] Completed LiveJournal kpath0 k=7

🏁 All experiments completed!
✅ Successful: 3
❌ Failed: 0
📁 Results saved in ./results/real/average_concurrent_runs
