🎯 Total configurations to run: 1
🔄 Running with 32 parallel workers
🚀 Running BrightK with kpath0, k=1, iterations=10, file=1
  📊 Iteration 1/10 for BrightK kpath0 k=1...
    Passes: 242, Time/Memory: 21.47,25464, Output: ['242']
  📊 Iteration 2/10 for BrightK kpath0 k=1...
    Passes: 242, Time/Memory: 21.19,25440, Output: ['242']
  📊 Iteration 3/10 for BrightK kpath0 k=1...
    Passes: 242, Time/Memory: 21.52,25428, Output: ['242']
  📊 Iteration 4/10 for BrightK kpath0 k=1...
    Passes: 242, Time/Memory: 21.45,25456, Output: ['242']
  📊 Iteration 5/10 for BrightK kpath0 k=1...
    Passes: 242, Time/Memory: 21.69,25512, Output: ['242']
  📊 Iteration 6/10 for BrightK kpath0 k=1...
    Passes: 242, Time/Memory: 21.56,25460, Output: ['242']
  📊 Iteration 7/10 for BrightK kpath0 k=1...
    Passes: 242, Time/Memory: 21.32,25452, Output: ['242']
  📊 Iteration 8/10 for BrightK kpath0 k=1...
    Passes: 242, Time/Memory: 21.51,25428, Output: ['242']
  📊 Iteration 9/10 for BrightK kpath0 k=1...
    Passes: 242, Time/Memory: 21.36,24640, Output: ['242']
  📊 Iteration 10/10 for BrightK kpath0 k=1...
    Passes: 242, Time/Memory: 21.24,25424, Output: ['242']
✅ Completed BrightK kpath0 k=1: 21.43s, 25370.4KB
✅ [1/1] Completed BrightK kpath0 k=1

🏁 All experiments completed!
✅ Successful: 1
❌ Failed: 0
📁 Results saved in ./results/real/average_concurrent_runs
