🎯 Total configurations to run: 26
🔄 Running with 18 parallel workers
🚀 Running Belcastro with kpathC, k=2, iterations=1, file=1
  📊 Iteration 1/1 for Belcastro kpathC k=2...
🚀 Running Belcastro with klevA, k=1, iterations=1, file=2
  📊 Iteration 1/1 for Belcastro klevA k=1...
🚀 Running Belcastro with klevA, k=2, iterations=1, file=3
  📊 Iteration 1/1 for Belcastro klevA k=2...
🚀 Running Belcastro with klevB, k=1, iterations=1, file=4
  📊 Iteration 1/1 for Belcastro klevB k=1...
🚀 Running Belcastro with klevB, k=2, iterations=1, file=5
  📊 Iteration 1/1 for Belcastro klevB k=2...
🚀 Running Belcastro with klevC, k=1, iterations=1, file=6
  📊 Iteration 1/1 for Belcastro klevC k=1...
🚀 Running Belcastro with klevC, k=2, iterations=1, file=7
  📊 Iteration 1/1 for Belcastro klevC k=2...
🚀 Running Belcastro with klevD, k=1, iterations=1, file=8
  📊 Iteration 1/1 for Belcastro klevD k=1...
🚀 Running Belcastro with klevD, k=2, iterations=1, file=9
  📊 Iteration 1/1 for Belcastro klevD k=2...
🚀 Running Twitch with klevA, k=3, iterations=1, file=1
  📊 Iteration 1/1 for Twitch klevA k=3...
🚀 Running Twitch with klevA, k=2, iterations=1, file=2
  📊 Iteration 1/1 for Twitch klevA k=2...
🚀 Running Twitch with klevB, k=4, iterations=1, file=3
  📊 Iteration 1/1 for Twitch klevB k=4...
🚀 Running Twitch with klevB, k=3, iterations=1, file=4
  📊 Iteration 1/1 for Twitch klevB k=3...
🚀 Running Twitch with klevB, k=2, iterations=1, file=5
  📊 Iteration 1/1 for Twitch klevB k=2...
🚀 Running Twitch with klevC, k=3, iterations=1, file=6
  📊 Iteration 1/1 for Twitch klevC k=3...
🚀 Running Twitch with klevC, k=2, iterations=1, file=7
  📊 Iteration 1/1 for Twitch klevC k=2...
🚀 Running Twitch with klevD, k=3, iterations=1, file=8
  📊 Iteration 1/1 for Twitch klevD k=3...
🚀 Running Twitch with klevD, k=2, iterations=1, file=9
  📊 Iteration 1/1 for Twitch klevD k=2...
      Passes: 3,  Height: 12683, Time/Memory: 11.59,7324
✅ Completed Belcastro klevC k=2: 11.59s, 7324.0KB
🚀 Running Orkut with kpathB, k=3, iterations=1, file=1
  📊 Iteration 1/1 for Orkut kpathB k=3...
✅ [1/26] Completed Belcastro klevC k=2
      Passes: 3,  Height: 12683, Time/Memory: 11.67,8312
✅ Completed Belcastro klevC k=1: 11.67s, 8312.0KB
🚀 Running Orkut with kpathB, k=4, iterations=1, file=5
  📊 Iteration 1/1 for Orkut kpathB k=4...
✅ [2/26] Completed Belcastro klevC k=1
      Passes: 4,  Height: 12595, Time/Memory: 13.60,9332
✅ Completed Belcastro klevB k=2: 13.6s, 9332.0KB
🚀 Running Orkut with kpathC, k=3, iterations=1, file=6
  📊 Iteration 1/1 for Orkut kpathC k=3...
✅ [3/26] Completed Belcastro klevB k=2
      Passes: 4,  Height: 12595, Time/Memory: 13.76,11412
✅ Completed Belcastro klevA k=2: 13.76s, 11412.0KB
🚀 Running Orkut with kpathD, k=3, iterations=1, file=7
  📊 Iteration 1/1 for Orkut kpathD k=3...
✅ [4/26] Completed Belcastro klevA k=2
      Passes: 4,  Height: 12595, Time/Memory: 14.08,8304
✅ Completed Belcastro klevB k=1: 14.08s, 8304.0KB
🚀 Running Orkut with kpathD, k=1, iterations=1, file=8
  📊 Iteration 1/1 for Orkut kpathD k=1...
✅ [5/26] Completed Belcastro klevB k=1
      Passes: 4,  Height: 12595, Time/Memory: 14.11,9344
✅ Completed Belcastro klevD k=1: 14.11s, 9344.0KB
🚀 Running Orkut with kpathA, k=2, iterations=1, file=9
  📊 Iteration 1/1 for Orkut kpathA k=2...
✅ [6/26] Completed Belcastro klevD k=1
      Passes: 4,  Height: 12595, Time/Memory: 14.32,10332
✅ Completed Belcastro klevA k=1: 14.32s, 10332.0KB
🚀 Running Orkut with kpathB, k=2, iterations=1, file=10
  📊 Iteration 1/1 for Orkut kpathB k=2...
✅ [7/26] Completed Belcastro klevA k=1
      Passes: 4,  Height: 12595, Time/Memory: 14.40,11412
✅ Completed Belcastro klevD k=2: 14.4s, 11412.0KB
🚀 Running Orkut with kpathC, k=2, iterations=1, file=11
  📊 Iteration 1/1 for Orkut kpathC k=2...
✅ [8/26] Completed Belcastro klevD k=2
      Passes: 4,  Height: 89376, Time/Memory: 32.37,71844
✅ Completed Twitch klevC k=3: 32.37s, 71844.0KB
✅ [9/26] Completed Twitch klevC k=3
      Passes: 4,  Height: 89376, Time/Memory: 35.82,67668
✅ Completed Twitch klevC k=2: 35.82s, 67668.0KB
✅ [10/26] Completed Twitch klevC k=2
      Passes: 5,  Height: 89376, Time/Memory: 36.54,74860
✅ Completed Twitch klevB k=3: 36.54s, 74860.0KB
✅ [11/26] Completed Twitch klevB k=3
      Passes: 4,  Height: 89262, Time/Memory: 37.68,118912
✅ Completed Twitch klevA k=3: 37.68s, 118912.0KB
✅ [12/26] Completed Twitch klevA k=3
      Passes: 5,  Height: 89376, Time/Memory: 39.09,73800
✅ Completed Twitch klevB k=4: 39.09s, 73800.0KB
✅ [13/26] Completed Twitch klevB k=4
      Passes: 4,  Height: 89262, Time/Memory: 40.04,120976
✅ Completed Twitch klevD k=3: 40.04s, 120976.0KB
✅ [14/26] Completed Twitch klevD k=3
      Passes: 5,  Height: 89105, Time/Memory: 40.51,103544
✅ Completed Twitch klevA k=2: 40.51s, 103544.0KB
✅ [15/26] Completed Twitch klevA k=2
      Passes: 5,  Height: 89376, Time/Memory: 41.78,72816
✅ Completed Twitch klevB k=2: 41.78s, 72816.0KB
✅ [16/26] Completed Twitch klevB k=2
      Passes: 5,  Height: 89105, Time/Memory: 45.26,105596
✅ Completed Twitch klevD k=2: 45.26s, 105596.0KB
✅ [17/26] Completed Twitch klevD k=2
      Passes: 239,  Height: 13248, Time/Memory: 563.15,9340
✅ Completed Belcastro kpathC k=2: 563.15s, 9340.0KB
✅ [18/26] Completed Belcastro kpathC k=2
      Passes: 13,  Height: 2510424, Time/Memory: 8992.73,1947688
✅ Completed Orkut kpathD k=3: 8992.73s, 1947688.0KB
✅ [19/26] Completed Orkut kpathD k=3
      Passes: 36,  Height: 2466481, Time/Memory: 12012.81,1648320
✅ Completed Orkut kpathA k=2: 12012.81s, 1648320.0KB
✅ [20/26] Completed Orkut kpathA k=2
      Passes: 15,  Height: 2575112, Time/Memory: 6050.63,1903736
✅ Completed Orkut kpathC k=3: 6050.63s, 1903736.0KB
✅ [21/26] Completed Orkut kpathC k=3
      Passes: 27,  Height: 2539727, Time/Memory: 9834.01,1601080
✅ Completed Orkut kpathC k=2: 9834.01s, 1601080.0KB
✅ [22/26] Completed Orkut kpathC k=2
      Passes: 15,  Height: 2564524, Time/Memory: 6703.34,1807912
✅ Completed Orkut kpathB k=3: 6703.34s, 1807912.0KB
✅ [23/26] Completed Orkut kpathB k=3
      Passes: 11,  Height: 2567577, Time/Memory: 6911.44,2110144
✅ Completed Orkut kpathB k=4: 6911.44s, 2110144.0KB
✅ [24/26] Completed Orkut kpathB k=4
      Passes: 392,  Height: 2461959, Time/Memory: 24866.49,1498552
✅ Completed Orkut kpathD k=1: 24866.49s, 1498552.0KB
✅ [25/26] Completed Orkut kpathD k=1
      Passes: 27,  Height: 2541887, Time/Memory: 9610.26,1518980
✅ Completed Orkut kpathB k=2: 9610.26s, 1518980.0KB
✅ [26/26] Completed Orkut kpathB k=2

🏁 All experiments completed!
✅ Successful: 26
❌ Failed: 0
📁 Results saved in ./results/real/average_concurrent_runs
