🎯 Total configurations to run: 1
🔄 Running with 24 parallel workers
🚀 Running Orkut with klev0, k=6, iterations=10, file=3
  📊 Iteration 1/10 for Orkut klev0 k=6...
    Passes: 6, Time/Memory: 12137.53,1449984, Output: ['6']
  📊 Iteration 2/10 for Orkut klev0 k=6...
    Passes: 6, Time/Memory: 12208.69,1448960, Output: ['6']
  📊 Iteration 3/10 for Orkut klev0 k=6...
    Passes: 6, Time/Memory: 12205.34,1448960, Output: ['6']
  📊 Iteration 4/10 for Orkut klev0 k=6...
    Passes: 6, Time/Memory: 12229.86,1448960, Output: ['6']
  📊 Iteration 5/10 for Orkut klev0 k=6...
    Passes: 6, Time/Memory: 12319.22,1448960, Output: ['6']
  📊 Iteration 6/10 for Orkut klev0 k=6...
    Passes: 6, Time/Memory: 12302.06,1448960, Output: ['6']
  📊 Iteration 7/10 for Orkut klev0 k=6...
    Passes: 6, Time/Memory: 12320.46,1448960, Output: ['6']
  📊 Iteration 8/10 for Orkut klev0 k=6...
    Passes: 6, Time/Memory: 12197.59,1448960, Output: ['6']
  📊 Iteration 9/10 for Orkut klev0 k=6...
    Passes: 6, Time/Memory: 12293.14,1449984, Output: ['6']
  📊 Iteration 10/10 for Orkut klev0 k=6...
    Passes: 6, Time/Memory: 12334.68,1448960, Output: ['6']
✅ Completed Orkut klev0 k=6: 12254.86s, 1449164.8KB
✅ [1/1] Completed Orkut klev0 k=6

🏁 All experiments completed!
✅ Successful: 1
❌ Failed: 0
📁 Results saved in ./results/real/average_concurrent_runs
