🎯 Total configurations to run: 3
🔄 Running with 36 parallel workers
🚀 Running Belcastro with kpath0, k=7, iterations=9, file=1
  📊 Iteration 1/9 for Belcastro kpath0 k=7...
🚀 Running Belcastro with kpath1, k=6, iterations=9, file=2
  📊 Iteration 1/9 for Belcastro kpath1 k=6...
🚀 Running Belcastro with kpath1, k=10, iterations=8, file=3
  📊 Iteration 1/8 for Belcastro kpath1 k=10...
    Passes: 91, Time/Memory: 203.20,19500, Output: ['91']
  📊 Iteration 2/8 for Belcastro kpath1 k=10...
    Passes: 128, Time/Memory: 290.83,16420, Output: ['128']
  📊 Iteration 2/9 for Belcastro kpath0 k=7...
    Passes: 148, Time/Memory: 331.84,14372, Output: ['148']
  📊 Iteration 2/9 for Belcastro kpath1 k=6...
    Passes: 91, Time/Memory: 204.82,19536, Output: ['91']
  📊 Iteration 3/8 for Belcastro kpath1 k=10...
    Passes: 128, Time/Memory: 289.12,15420, Output: ['128']
  📊 Iteration 3/9 for Belcastro kpath0 k=7...
    Passes: 91, Time/Memory: 203.91,19492, Output: ['91']
  📊 Iteration 4/8 for Belcastro kpath1 k=10...
    Passes: 148, Time/Memory: 323.28,14380, Output: ['148']
  📊 Iteration 3/9 for Belcastro kpath1 k=6...
    Passes: 91, Time/Memory: 202.41,19512, Output: ['91']
  📊 Iteration 5/8 for Belcastro kpath1 k=10...
    Passes: 128, Time/Memory: 290.87,16484, Output: ['128']
  📊 Iteration 4/9 for Belcastro kpath0 k=7...
    Passes: 148, Time/Memory: 335.65,14372, Output: ['148']
  📊 Iteration 4/9 for Belcastro kpath1 k=6...
    Passes: 91, Time/Memory: 205.53,19568, Output: ['91']
  📊 Iteration 6/8 for Belcastro kpath1 k=10...
    Passes: 128, Time/Memory: 292.86,16420, Output: ['128']
  📊 Iteration 5/9 for Belcastro kpath0 k=7...
    Passes: 91, Time/Memory: 200.48,19524, Output: ['91']
  📊 Iteration 7/8 for Belcastro kpath1 k=10...
    Passes: 148, Time/Memory: 328.51,14372, Output: ['148']
  📊 Iteration 5/9 for Belcastro kpath1 k=6...
    Passes: 91, Time/Memory: 205.43,19576, Output: ['91']
  📊 Iteration 8/8 for Belcastro kpath1 k=10...
    Passes: 128, Time/Memory: 291.17,16460, Output: ['128']
  📊 Iteration 6/9 for Belcastro kpath0 k=7...
    Passes: 91, Time/Memory: 203.58,19540, Output: ['91']
✅ Completed Belcastro kpath1 k=10: 203.67s, 19531.0KB
✅ [1/3] Completed Belcastro kpath1 k=10
    Passes: 148, Time/Memory: 329.81,14400, Output: ['148']
  📊 Iteration 6/9 for Belcastro kpath1 k=6...
    Passes: 128, Time/Memory: 291.25,16444, Output: ['128']
  📊 Iteration 7/9 for Belcastro kpath0 k=7...
    Passes: 148, Time/Memory: 334.37,14372, Output: ['148']
  📊 Iteration 7/9 for Belcastro kpath1 k=6...
    Passes: 128, Time/Memory: 289.17,16448, Output: ['128']
  📊 Iteration 8/9 for Belcastro kpath0 k=7...
    Passes: 128, Time/Memory: 289.54,16420, Output: ['128']
  📊 Iteration 9/9 for Belcastro kpath0 k=7...
    Passes: 148, Time/Memory: 330.88,14416, Output: ['148']
  📊 Iteration 8/9 for Belcastro kpath1 k=6...
    Passes: 128, Time/Memory: 286.11,16420, Output: ['128']
✅ Completed Belcastro kpath0 k=7: 290.1s, 16326.22KB
✅ [2/3] Completed Belcastro kpath0 k=7
    Passes: 148, Time/Memory: 331.65,14388, Output: ['148']
  📊 Iteration 9/9 for Belcastro kpath1 k=6...
    Passes: 148, Time/Memory: 329.38,14372, Output: ['148']
✅ Completed Belcastro kpath1 k=6: 330.6s, 14382.67KB
✅ [3/3] Completed Belcastro kpath1 k=6

🏁 All experiments completed!
✅ Successful: 3
❌ Failed: 0
📁 Results saved in ./results/real/average_concurrent_runs
