🎯 Total configurations to run: 4
🔄 Running with 32 parallel workers
🚀 Running Orkut with klev2, k=7, iterations=2, file=7
  📊 Iteration 1/2 for Orkut klev2 k=7...
🚀 Running LiveJournal with klev0, k=4, iterations=9, file=1
  📊 Iteration 1/9 for LiveJournal klev0 k=4...
🚀 Running LiveJournal with klev0, k=3, iterations=9, file=3
  📊 Iteration 1/9 for LiveJournal klev0 k=3...
🚀 Running LiveJournal with klev0, k=5, iterations=3, file=8
  📊 Iteration 1/3 for LiveJournal klev0 k=5...
    Passes: 4, Time/Memory: 13532.34,3418212, Output: ['4']
  📊 Iteration 2/2 for Orkut klev2 k=7...
    Passes: 4, Time/Memory: 13729.41,3419184, Output: ['4']
✅ Completed Orkut klev2 k=7: 13630.88s, 3418698.0KB
✅ [1/4] Completed Orkut klev2 k=7
    Passes: 6, Time/Memory: 30835.86,1669156, Output: ['6']
  📊 Iteration 2/9 for LiveJournal klev0 k=3...
    Passes: 6, Time/Memory: 31470.34,1669160, Output: ['6']
  📊 Iteration 2/3 for LiveJournal klev0 k=5...
    Passes: 6, Time/Memory: 31478.04,1666104, Output: ['6']
  📊 Iteration 2/9 for LiveJournal klev0 k=4...
    Passes: 6, Time/Memory: 31385.49,1668132, Output: ['6']
  📊 Iteration 3/9 for LiveJournal klev0 k=3...
    Passes: 6, Time/Memory: 30964.27,1672228, Output: ['6']
  📊 Iteration 3/3 for LiveJournal klev0 k=5...
    Passes: 6, Time/Memory: 31202.70,1671204, Output: ['6']
  📊 Iteration 3/9 for LiveJournal klev0 k=4...
    Passes: 6, Time/Memory: 31409.90,1666116, Output: ['6']
  📊 Iteration 4/9 for LiveJournal klev0 k=3...
    Passes: 6, Time/Memory: 31544.16,1668124, Output: ['6']
✅ Completed LiveJournal klev0 k=5: 31326.26s, 1669837.33KB
✅ [2/4] Completed LiveJournal klev0 k=5
    Passes: 6, Time/Memory: 31336.17,1668132, Output: ['6']
  📊 Iteration 4/9 for LiveJournal klev0 k=4...
    Passes: 6, Time/Memory: 31921.58,1669156, Output: ['6']
  📊 Iteration 5/9 for LiveJournal klev0 k=3...
    Passes: 6, Time/Memory: 32268.35,1673288, Output: ['6']
  📊 Iteration 5/9 for LiveJournal klev0 k=4...
    Passes: 6, Time/Memory: 31815.29,1665060, Output: ['6']
  📊 Iteration 6/9 for LiveJournal klev0 k=3...
    Passes: 6, Time/Memory: 32380.57,1667152, Output: ['6']
  📊 Iteration 6/9 for LiveJournal klev0 k=4...
    Passes: 6, Time/Memory: 32980.25,1668132, Output: ['6']
  📊 Iteration 7/9 for LiveJournal klev0 k=3...
    Passes: 6, Time/Memory: 32183.24,1667108, Output: ['6']
  📊 Iteration 7/9 for LiveJournal klev0 k=4...
    Passes: 6, Time/Memory: 33167.86,1669236, Output: ['6']
  📊 Iteration 8/9 for LiveJournal klev0 k=3...
    Passes: 6, Time/Memory: 32876.99,1669184, Output: ['6']
  📊 Iteration 8/9 for LiveJournal klev0 k=4...
    Passes: 6, Time/Memory: 31892.72,1668184, Output: ['6']
  📊 Iteration 9/9 for LiveJournal klev0 k=3...
    Passes: 6, Time/Memory: 32474.57,1664036, Output: ['6']
  📊 Iteration 9/9 for LiveJournal klev0 k=4...
    Passes: 6, Time/Memory: 32587.88,1670180, Output: ['6']
✅ Completed LiveJournal klev0 k=3: 31999.65s, 1668150.22KB
✅ [3/4] Completed LiveJournal klev0 k=3
    Passes: 6, Time/Memory: 32155.99,1666112, Output: ['6']
✅ Completed LiveJournal klev0 k=4: 32039.62s, 1668035.56KB
✅ [4/4] Completed LiveJournal klev0 k=4

🏁 All experiments completed!
✅ Successful: 4
❌ Failed: 0
📁 Results saved in ./results/real/average_concurrent_runs
