🎯 Total configurations to run: 2
🔄 Running with 36 parallel workers
🚀 Running Amazon with kpath0, k=3, iterations=10, file=1
  📊 Iteration 1/10 for Amazon kpath0 k=3...
🚀 Running Amazon with kpath2, k=1, iterations=10, file=2
  📊 Iteration 1/10 for Amazon kpath2 k=1...
    Passes: 8, Time/Memory: 66.77,204364, Output: ['8']
  📊 Iteration 2/10 for Amazon kpath0 k=3...
    Passes: 8, Time/Memory: 72.76,203996, Output: ['8']
  📊 Iteration 3/10 for Amazon kpath0 k=3...
    Passes: 8, Time/Memory: 69.44,204016, Output: ['8']
  📊 Iteration 4/10 for Amazon kpath0 k=3...
    Passes: 8, Time/Memory: 64.36,204292, Output: ['8']
  📊 Iteration 5/10 for Amazon kpath0 k=3...
    Passes: 246, Time/Memory: 332.17,152044, Output: ['246']
  📊 Iteration 2/10 for Amazon kpath2 k=1...
    Passes: 8, Time/Memory: 67.16,204476, Output: ['8']
  📊 Iteration 6/10 for Amazon kpath0 k=3...
    Passes: 8, Time/Memory: 67.41,204004, Output: ['8']
  📊 Iteration 7/10 for Amazon kpath0 k=3...
    Passes: 8, Time/Memory: 73.99,204104, Output: ['8']
  📊 Iteration 8/10 for Amazon kpath0 k=3...
    Passes: 8, Time/Memory: 70.81,203204, Output: ['8']
  📊 Iteration 9/10 for Amazon kpath0 k=3...
    Passes: 8, Time/Memory: 67.61,204020, Output: ['8']
  📊 Iteration 10/10 for Amazon kpath0 k=3...
    Passes: 246, Time/Memory: 344.14,151988, Output: ['246']
  📊 Iteration 3/10 for Amazon kpath2 k=1...
    Passes: 8, Time/Memory: 68.18,203872, Output: ['8']
✅ Completed Amazon kpath0 k=3: 68.85s, 204034.8KB
✅ [1/2] Completed Amazon kpath0 k=3
    Passes: 246, Time/Memory: 358.56,151988, Output: ['246']
  📊 Iteration 4/10 for Amazon kpath2 k=1...
    Passes: 246, Time/Memory: 339.32,152180, Output: ['246']
  📊 Iteration 5/10 for Amazon kpath2 k=1...
    Passes: 246, Time/Memory: 331.53,151100, Output: ['246']
  📊 Iteration 6/10 for Amazon kpath2 k=1...
    Passes: 246, Time/Memory: 345.29,151968, Output: ['246']
  📊 Iteration 7/10 for Amazon kpath2 k=1...
    Passes: 246, Time/Memory: 347.00,152012, Output: ['246']
  📊 Iteration 8/10 for Amazon kpath2 k=1...
    Passes: 246, Time/Memory: 400.22,151096, Output: ['246']
  📊 Iteration 9/10 for Amazon kpath2 k=1...
    Passes: 246, Time/Memory: 339.09,151972, Output: ['246']
  📊 Iteration 10/10 for Amazon kpath2 k=1...
    Passes: 246, Time/Memory: 330.43,151096, Output: ['246']
✅ Completed Amazon kpath2 k=1: 346.77s, 151744.4KB
✅ [2/2] Completed Amazon kpath2 k=1

🏁 All experiments completed!
✅ Successful: 2
❌ Failed: 0
📁 Results saved in ./results/real/average_concurrent_runs
