🎯 Total configurations to run: 14
🔄 Running with 18 parallel workers
🚀 Running Belcastro with kpathB, k=1, iterations=10, file=1
  📊 Iteration 1/10 for Belcastro kpathB k=1...
🚀 Running Belcastro with kpathC, k=1, iterations=10, file=2
  📊 Iteration 1/10 for Belcastro kpathC k=1...
🚀 Running Belcastro with kpathB, k=6, iterations=10, file=4
  📊 Iteration 1/10 for Belcastro kpathB k=6...
🚀 Running Belcastro with kpathD, k=1, iterations=10, file=3
  📊 Iteration 1/10 for Belcastro kpathD k=1...
🚀 Running Belcastro with kpathB, k=5, iterations=10, file=5
  📊 Iteration 1/10 for Belcastro kpathB k=5...
🚀 Running Belcastro with kpathD, k=10, iterations=5, file=6
  📊 Iteration 1/5 for Belcastro kpathD k=10...
🚀 Running Twitch with kpathC, k=5, iterations=10, file=1
  📊 Iteration 1/10 for Twitch kpathC k=5...
🚀 Running Twitch with kpathC, k=4, iterations=10, file=2
  📊 Iteration 1/10 for Twitch kpathC k=4...
🚀 Running Twitch with kpathC, k=3, iterations=10, file=3
  📊 Iteration 1/10 for Twitch kpathC k=3...
🚀 Running Twitch with kpathC, k=2, iterations=10, file=4
  📊 Iteration 1/10 for Twitch kpathC k=2...
🚀 Running Twitch with kpathD, k=41, iterations=10, file=5
  📊 Iteration 1/10 for Twitch kpathD k=41...
🚀 Running Twitch with kpathD, k=9, iterations=10, file=6
  📊 Iteration 1/10 for Twitch kpathD k=9...
🚀 Running Twitch with kpathD, k=8, iterations=10, file=7
  📊 Iteration 1/10 for Twitch kpathD k=8...
🚀 Running Twitch with kpathD, k=2, iterations=10, file=8
  📊 Iteration 1/10 for Twitch kpathD k=2...
      Passes: 1,  Height: 0, Time/Memory: 2.90,169088
  📊 Iteration 2/10 for Twitch kpathD k=41...
      Passes: 1,  Height: 0, Time/Memory: 2.56,170104
  📊 Iteration 3/10 for Twitch kpathD k=41...
      Passes: 1,  Height: 0, Time/Memory: 2.50,169904
  📊 Iteration 4/10 for Twitch kpathD k=41...
      Passes: 1,  Height: 0, Time/Memory: 2.54,169940
  📊 Iteration 5/10 for Twitch kpathD k=41...
      Passes: 1,  Height: 0, Time/Memory: 2.51,170104
  📊 Iteration 6/10 for Twitch kpathD k=41...
      Passes: 1,  Height: 0, Time/Memory: 2.53,169924
  📊 Iteration 7/10 for Twitch kpathD k=41...
      Passes: 1,  Height: 0, Time/Memory: 2.61,169112
  📊 Iteration 8/10 for Twitch kpathD k=41...
      Passes: 5,  Height: 98189, Time/Memory: 19.43,200900
  📊 Iteration 2/10 for Twitch kpathD k=9...
      Passes: 1,  Height: 0, Time/Memory: 2.63,170032
  📊 Iteration 9/10 for Twitch kpathD k=41...
      Passes: 1,  Height: 0, Time/Memory: 2.66,169952
  📊 Iteration 10/10 for Twitch kpathD k=41...
      Passes: 1,  Height: 0, Time/Memory: 2.53,169916
✅ Completed Twitch kpathD k=41: 2.6s, 169807.6KB
✅ [1/14] Completed Twitch kpathD k=C
      Passes: 8,  Height: 106289, Time/Memory: 28.58,135208
  📊 Iteration 2/10 for Twitch kpathC k=5...
      Passes: 6,  Height: 98126, Time/Memory: 29.49,182060
  📊 Iteration 2/10 for Twitch kpathD k=8...
      Passes: 5,  Height: 98189, Time/Memory: 19.42,200624
  📊 Iteration 3/10 for Twitch kpathD k=9...
      Passes: 11,  Height: 103289, Time/Memory: 41.09,116400
  📊 Iteration 2/10 for Twitch kpathC k=4...
      Passes: 15,  Height: 103687, Time/Memory: 47.86,104776
  📊 Iteration 2/10 for Twitch kpathC k=3...
      Passes: 19,  Height: 94683, Time/Memory: 56.28,88928
  📊 Iteration 2/10 for Twitch kpathD k=2...
      Passes: 6,  Height: 98126, Time/Memory: 27.70,182888
  📊 Iteration 3/10 for Twitch kpathD k=8...
      Passes: 5,  Height: 98189, Time/Memory: 19.23,200844
  📊 Iteration 4/10 for Twitch kpathD k=9...
      Passes: 8,  Height: 106289, Time/Memory: 30.43,134568
  📊 Iteration 3/10 for Twitch kpathC k=5...
      Passes: 5,  Height: 98189, Time/Memory: 19.45,200940
  📊 Iteration 5/10 for Twitch kpathD k=9...
      Passes: 11,  Height: 103289, Time/Memory: 40.83,116368
  📊 Iteration 3/10 for Twitch kpathC k=4...
      Passes: 6,  Height: 98126, Time/Memory: 28.51,182916
  📊 Iteration 4/10 for Twitch kpathD k=8...
      Passes: 8,  Height: 106289, Time/Memory: 29.08,135296
  📊 Iteration 4/10 for Twitch kpathC k=5...
      Passes: 28,  Height: 101829, Time/Memory: 92.01,91220
  📊 Iteration 2/10 for Twitch kpathC k=2...
      Passes: 15,  Height: 103687, Time/Memory: 45.97,105820
  📊 Iteration 3/10 for Twitch kpathC k=3...
      Passes: 5,  Height: 98189, Time/Memory: 19.13,200688
  📊 Iteration 6/10 for Twitch kpathD k=9...
      Passes: 19,  Height: 94683, Time/Memory: 55.33,91224
  📊 Iteration 3/10 for Twitch kpathD k=2...
      Passes: 45,  Height: 13250, Time/Memory: 112.97,19596
  📊 Iteration 2/5 for Belcastro kpathD k=10...
      Passes: 6,  Height: 98126, Time/Memory: 27.72,181888
  📊 Iteration 5/10 for Twitch kpathD k=8...
      Passes: 5,  Height: 98189, Time/Memory: 18.45,200892
  📊 Iteration 7/10 for Twitch kpathD k=9...
      Passes: 8,  Height: 106289, Time/Memory: 29.60,134280
  📊 Iteration 5/10 for Twitch kpathC k=5...
      Passes: 11,  Height: 103289, Time/Memory: 39.12,116448
  📊 Iteration 4/10 for Twitch kpathC k=4...
      Passes: 5,  Height: 98189, Time/Memory: 18.60,200900
  📊 Iteration 8/10 for Twitch kpathD k=9...
      Passes: 15,  Height: 103687, Time/Memory: 48.56,104768
  📊 Iteration 4/10 for Twitch kpathC k=3...
      Passes: 6,  Height: 98126, Time/Memory: 29.32,182896
  📊 Iteration 6/10 for Twitch kpathD k=8...
      Passes: 8,  Height: 106289, Time/Memory: 31.83,134208
  📊 Iteration 6/10 for Twitch kpathC k=5...
      Passes: 5,  Height: 98189, Time/Memory: 19.79,200652
  📊 Iteration 9/10 for Twitch kpathD k=9...
      Passes: 11,  Height: 103289, Time/Memory: 40.62,116204
  📊 Iteration 5/10 for Twitch kpathC k=4...
      Passes: 19,  Height: 94683, Time/Memory: 57.07,90216
  📊 Iteration 4/10 for Twitch kpathD k=2...
      Passes: 6,  Height: 98126, Time/Memory: 30.28,181888
  📊 Iteration 7/10 for Twitch kpathD k=8...
      Passes: 5,  Height: 98189, Time/Memory: 19.40,200644
  📊 Iteration 10/10 for Twitch kpathD k=9...
      Passes: 8,  Height: 106289, Time/Memory: 30.93,135268
  📊 Iteration 7/10 for Twitch kpathC k=5...
      Passes: 28,  Height: 101829, Time/Memory: 95.73,91240
  📊 Iteration 3/10 for Twitch kpathC k=2...
      Passes: 15,  Height: 103687, Time/Memory: 47.95,105760
  📊 Iteration 5/10 for Twitch kpathC k=3...
      Passes: 75,  Height: 13369, Time/Memory: 194.41,14444
  📊 Iteration 2/10 for Belcastro kpathB k=6...
      Passes: 5,  Height: 98189, Time/Memory: 24.11,201948
✅ Completed Twitch kpathD k=9: 19.7s, 200903.2KB
✅ [2/14] Completed Twitch kpathD k=9
      Passes: 11,  Height: 103289, Time/Memory: 41.08,116364
  📊 Iteration 6/10 for Twitch kpathC k=4...
      Passes: 6,  Height: 98126, Time/Memory: 31.46,182916
  📊 Iteration 8/10 for Twitch kpathD k=8...
      Passes: 8,  Height: 106289, Time/Memory: 31.13,134276
  📊 Iteration 8/10 for Twitch kpathC k=5...
      Passes: 19,  Height: 94683, Time/Memory: 56.36,90184
  📊 Iteration 5/10 for Twitch kpathD k=2...
      Passes: 45,  Height: 13250, Time/Memory: 114.36,19600
  📊 Iteration 3/5 for Belcastro kpathD k=10...
      Passes: 89,  Height: 13312, Time/Memory: 228.76,13464
  📊 Iteration 2/10 for Belcastro kpathB k=5...
      Passes: 6,  Height: 98126, Time/Memory: 29.25,183112
  📊 Iteration 9/10 for Twitch kpathD k=8...
      Passes: 15,  Height: 103687, Time/Memory: 48.92,105456
  📊 Iteration 6/10 for Twitch kpathC k=3...
      Passes: 8,  Height: 106289, Time/Memory: 30.11,134260
  📊 Iteration 9/10 for Twitch kpathC k=5...
      Passes: 11,  Height: 103289, Time/Memory: 40.60,116468
  📊 Iteration 7/10 for Twitch kpathC k=4...
      Passes: 28,  Height: 101829, Time/Memory: 74.96,91244
  📊 Iteration 4/10 for Twitch kpathC k=2...
      Passes: 6,  Height: 98126, Time/Memory: 29.96,180828
  📊 Iteration 10/10 for Twitch kpathD k=8...
      Passes: 8,  Height: 106289, Time/Memory: 30.30,135228
  📊 Iteration 10/10 for Twitch kpathC k=5...
      Passes: 19,  Height: 94683, Time/Memory: 55.70,88080
  📊 Iteration 6/10 for Twitch kpathD k=2...
      Passes: 11,  Height: 103289, Time/Memory: 40.65,115480
  📊 Iteration 8/10 for Twitch kpathC k=4...
      Passes: 15,  Height: 103687, Time/Memory: 47.44,105824
  📊 Iteration 7/10 for Twitch kpathC k=3...
      Passes: 6,  Height: 98126, Time/Memory: 30.19,180808
✅ Completed Twitch kpathD k=8: 29.39s, 182220.0KB
✅ [3/14] Completed Twitch kpathD k=8
      Passes: 8,  Height: 106289, Time/Memory: 28.83,135200
✅ Completed Twitch kpathC k=5: 30.08s, 134779.2KB
✅ [4/14] Completed Twitch kpathC k=5
      Passes: 11,  Height: 103289, Time/Memory: 42.81,116484
  📊 Iteration 9/10 for Twitch kpathC k=4...
      Passes: 15,  Height: 103687, Time/Memory: 45.60,105720
  📊 Iteration 8/10 for Twitch kpathC k=3...
      Passes: 19,  Height: 94683, Time/Memory: 56.90,88004
  📊 Iteration 7/10 for Twitch kpathD k=2...
      Passes: 28,  Height: 101829, Time/Memory: 77.40,91224
  📊 Iteration 5/10 for Twitch kpathC k=2...
      Passes: 45,  Height: 13250, Time/Memory: 116.85,19624
  📊 Iteration 4/5 for Belcastro kpathD k=10...
      Passes: 11,  Height: 103289, Time/Memory: 40.51,116356
  📊 Iteration 10/10 for Twitch kpathC k=4...
      Passes: 15,  Height: 103687, Time/Memory: 50.02,105736
  📊 Iteration 9/10 for Twitch kpathC k=3...
      Passes: 75,  Height: 13369, Time/Memory: 188.04,14476
  📊 Iteration 3/10 for Belcastro kpathB k=6...
      Passes: 19,  Height: 94683, Time/Memory: 66.10,90976
  📊 Iteration 8/10 for Twitch kpathD k=2...
      Passes: 11,  Height: 103289, Time/Memory: 41.41,116456
✅ Completed Twitch kpathC k=4: 40.87s, 116302.8KB
✅ [5/14] Completed Twitch kpathC k=4
      Passes: 28,  Height: 101829, Time/Memory: 76.95,90956
  📊 Iteration 6/10 for Twitch kpathC k=2...
      Passes: 15,  Height: 103687, Time/Memory: 46.21,105800
  📊 Iteration 10/10 for Twitch kpathC k=3...
      Passes: 89,  Height: 13312, Time/Memory: 225.90,13456
  📊 Iteration 3/10 for Belcastro kpathB k=5...
      Passes: 45,  Height: 13250, Time/Memory: 114.40,19576
  📊 Iteration 5/5 for Belcastro kpathD k=10...
      Passes: 19,  Height: 94683, Time/Memory: 57.22,89988
  📊 Iteration 9/10 for Twitch kpathD k=2...
      Passes: 15,  Height: 103687, Time/Memory: 45.52,105696
✅ Completed Twitch kpathC k=3: 47.41s, 105535.6KB
✅ [6/14] Completed Twitch kpathC k=3
      Passes: 28,  Height: 101829, Time/Memory: 75.00,91236
  📊 Iteration 7/10 for Twitch kpathC k=2...
      Passes: 19,  Height: 94683, Time/Memory: 56.90,88452
  📊 Iteration 10/10 for Twitch kpathD k=2...
      Passes: 28,  Height: 101829, Time/Memory: 73.88,91060
  📊 Iteration 8/10 for Twitch kpathC k=2...
      Passes: 75,  Height: 13369, Time/Memory: 186.74,14504
  📊 Iteration 4/10 for Belcastro kpathB k=6...
      Passes: 45,  Height: 13250, Time/Memory: 109.56,19564
✅ Completed Belcastro kpathD k=10: 113.63s, 19592.0KB
✅ [7/14] Completed Belcastro kpathD k=10
      Passes: 19,  Height: 94683, Time/Memory: 55.20,89040
✅ Completed Twitch kpathD k=2: 57.31s, 89509.2KB
✅ [8/14] Completed Twitch kpathD k=2
      Passes: 28,  Height: 101829, Time/Memory: 74.17,91168
  📊 Iteration 9/10 for Twitch kpathC k=2...
      Passes: 89,  Height: 13312, Time/Memory: 221.97,13396
  📊 Iteration 4/10 for Belcastro kpathB k=5...
      Passes: 28,  Height: 101829, Time/Memory: 73.74,90948
  📊 Iteration 10/10 for Twitch kpathC k=2...
      Passes: 75,  Height: 13369, Time/Memory: 181.59,14456
  📊 Iteration 5/10 for Belcastro kpathB k=6...
      Passes: 28,  Height: 101829, Time/Memory: 75.62,91224
✅ Completed Twitch kpathC k=2: 78.95s, 91152.0KB
✅ [9/14] Completed Twitch kpathC k=2
      Passes: 89,  Height: 13312, Time/Memory: 223.55,13464
  📊 Iteration 5/10 for Belcastro kpathB k=5...
      Passes: 75,  Height: 13369, Time/Memory: 184.52,14452
  📊 Iteration 6/10 for Belcastro kpathB k=6...
      Passes: 89,  Height: 13312, Time/Memory: 222.50,13412
  📊 Iteration 6/10 for Belcastro kpathB k=5...
      Passes: 75,  Height: 13369, Time/Memory: 188.34,14420
  📊 Iteration 7/10 for Belcastro kpathB k=6...
      Passes: 503,  Height: 13181, Time/Memory: 1260.00,8332
  📊 Iteration 2/10 for Belcastro kpathD k=1...
      Passes: 75,  Height: 13369, Time/Memory: 190.17,14448
  📊 Iteration 8/10 for Belcastro kpathB k=6...
      Passes: 89,  Height: 13312, Time/Memory: 221.67,13464
  📊 Iteration 7/10 for Belcastro kpathB k=5...
      Passes: 588,  Height: 13294, Time/Memory: 1417.27,8336
  📊 Iteration 2/10 for Belcastro kpathC k=1...
      Passes: 597,  Height: 13277, Time/Memory: 1496.25,8276
  📊 Iteration 2/10 for Belcastro kpathB k=1...
      Passes: 75,  Height: 13369, Time/Memory: 189.23,14460
  📊 Iteration 9/10 for Belcastro kpathB k=6...
      Passes: 89,  Height: 13312, Time/Memory: 218.71,13432
  📊 Iteration 8/10 for Belcastro kpathB k=5...
      Passes: 75,  Height: 13369, Time/Memory: 186.71,14440
  📊 Iteration 10/10 for Belcastro kpathB k=6...
      Passes: 89,  Height: 13312, Time/Memory: 223.65,13432
  📊 Iteration 9/10 for Belcastro kpathB k=5...
      Passes: 75,  Height: 13369, Time/Memory: 188.18,14444
✅ Completed Belcastro kpathB k=6: 187.79s, 14454.4KB
✅ [10/14] Completed Belcastro kpathB k=6
      Passes: 89,  Height: 13312, Time/Memory: 223.65,13428
  📊 Iteration 10/10 for Belcastro kpathB k=5...
      Passes: 89,  Height: 13312, Time/Memory: 222.54,13404
✅ Completed Belcastro kpathB k=5: 223.29s, 13435.2KB
✅ [11/14] Completed Belcastro kpathB k=5
      Passes: 503,  Height: 13181, Time/Memory: 1224.86,9300
  📊 Iteration 3/10 for Belcastro kpathD k=1...
      Passes: 588,  Height: 13294, Time/Memory: 1435.40,8332
  📊 Iteration 3/10 for Belcastro kpathC k=1...
      Passes: 597,  Height: 13277, Time/Memory: 1489.56,8308
  📊 Iteration 3/10 for Belcastro kpathB k=1...
      Passes: 503,  Height: 13181, Time/Memory: 1171.91,8316
  📊 Iteration 4/10 for Belcastro kpathD k=1...
      Passes: 588,  Height: 13294, Time/Memory: 1433.32,8308
  📊 Iteration 4/10 for Belcastro kpathC k=1...
      Passes: 597,  Height: 13277, Time/Memory: 1456.87,8328
  📊 Iteration 4/10 for Belcastro kpathB k=1...
      Passes: 503,  Height: 13181, Time/Memory: 1165.67,8300
  📊 Iteration 5/10 for Belcastro kpathD k=1...
      Passes: 588,  Height: 13294, Time/Memory: 1444.87,8320
  📊 Iteration 5/10 for Belcastro kpathC k=1...
      Passes: 597,  Height: 13277, Time/Memory: 1472.39,8312
  📊 Iteration 5/10 for Belcastro kpathB k=1...
      Passes: 503,  Height: 13181, Time/Memory: 1258.78,8344
  📊 Iteration 6/10 for Belcastro kpathD k=1...
      Passes: 588,  Height: 13294, Time/Memory: 1470.89,8336
  📊 Iteration 6/10 for Belcastro kpathC k=1...
      Passes: 503,  Height: 13181, Time/Memory: 1249.87,8296
  📊 Iteration 7/10 for Belcastro kpathD k=1...
      Passes: 597,  Height: 13277, Time/Memory: 1480.61,8304
  📊 Iteration 6/10 for Belcastro kpathB k=1...
      Passes: 503,  Height: 13181, Time/Memory: 1228.30,8308
  📊 Iteration 8/10 for Belcastro kpathD k=1...
      Passes: 588,  Height: 13294, Time/Memory: 1486.48,8344
  📊 Iteration 7/10 for Belcastro kpathC k=1...
      Passes: 597,  Height: 13277, Time/Memory: 1457.82,8340
  📊 Iteration 7/10 for Belcastro kpathB k=1...
      Passes: 503,  Height: 13181, Time/Memory: 1252.61,8312
  📊 Iteration 9/10 for Belcastro kpathD k=1...
      Passes: 588,  Height: 13294, Time/Memory: 1385.20,8320
  📊 Iteration 8/10 for Belcastro kpathC k=1...
      Passes: 597,  Height: 13277, Time/Memory: 1440.64,8348
  📊 Iteration 8/10 for Belcastro kpathB k=1...
      Passes: 503,  Height: 13181, Time/Memory: 1195.69,8300
  📊 Iteration 10/10 for Belcastro kpathD k=1...
      Passes: 588,  Height: 13294, Time/Memory: 1420.76,8312
  📊 Iteration 9/10 for Belcastro kpathC k=1...
      Passes: 597,  Height: 13277, Time/Memory: 1439.18,8308
  📊 Iteration 9/10 for Belcastro kpathB k=1...
      Passes: 503,  Height: 13181, Time/Memory: 1226.49,8276
✅ Completed Belcastro kpathD k=1: 1223.42s, 8408.4KB
✅ [12/14] Completed Belcastro kpathD k=1
      Passes: 588,  Height: 13294, Time/Memory: 1438.00,8308
  📊 Iteration 10/10 for Belcastro kpathC k=1...
      Passes: 597,  Height: 13277, Time/Memory: 1472.72,8300
  📊 Iteration 10/10 for Belcastro kpathB k=1...
      Passes: 588,  Height: 13294, Time/Memory: 1448.08,8280
✅ Completed Belcastro kpathC k=1: 1438.03s, 8319.6KB
✅ [13/14] Completed Belcastro kpathC k=1
      Passes: 597,  Height: 13277, Time/Memory: 1436.61,8312
✅ Completed Belcastro kpathB k=1: 1464.26s, 8313.6KB
✅ [14/14] Completed Belcastro kpathB k=1

🏁 All experiments completed!
✅ Successful: 14
❌ Failed: 0
📁 Results saved in ./results/real/average_concurrent_runs
