🎯 Total configurations to run: 2
🔄 Running with 36 parallel workers
🚀 Running Amazon with klev0, k=4, iterations=20, file=2
  📊 Iteration 1/20 for Amazon klev0 k=4...
🚀 Running KonectDblp with klev0, k=6, iterations=3, file=7
  📊 Iteration 1/3 for KonectDblp klev0 k=6...
    Passes: 6, Time/Memory: 573.87,136228, Output: ['6']
  📊 Iteration 2/20 for Amazon klev0 k=4...
    Passes: 6, Time/Memory: 567.81,137252, Output: ['6']
  📊 Iteration 3/20 for Amazon klev0 k=4...
    Passes: 6, Time/Memory: 549.15,137288, Output: ['6']
  📊 Iteration 4/20 for Amazon klev0 k=4...
    Passes: 6, Time/Memory: 552.44,135236, Output: ['6']
  📊 Iteration 5/20 for Amazon klev0 k=4...
    Passes: 6, Time/Memory: 558.59,134180, Output: ['6']
  📊 Iteration 6/20 for Amazon klev0 k=4...
    Passes: 6, Time/Memory: 558.05,133192, Output: ['6']
  📊 Iteration 7/20 for Amazon klev0 k=4...
    Passes: 6, Time/Memory: 555.61,133156, Output: ['6']
  📊 Iteration 8/20 for Amazon klev0 k=4...
    Passes: 6, Time/Memory: 549.65,136296, Output: ['6']
  📊 Iteration 9/20 for Amazon klev0 k=4...
    Passes: 6, Time/Memory: 526.30,137280, Output: ['6']
  📊 Iteration 10/20 for Amazon klev0 k=4...
    Passes: 6, Time/Memory: 515.32,136280, Output: ['6']
  📊 Iteration 11/20 for Amazon klev0 k=4...
    Passes: 6, Time/Memory: 550.71,132164, Output: ['6']
  📊 Iteration 12/20 for Amazon klev0 k=4...
    Passes: 6, Time/Memory: 543.53,134232, Output: ['6']
  📊 Iteration 13/20 for Amazon klev0 k=4...
    Passes: 6, Time/Memory: 531.47,133156, Output: ['6']
  📊 Iteration 14/20 for Amazon klev0 k=4...
    Passes: 6, Time/Memory: 529.62,134180, Output: ['6']
  📊 Iteration 15/20 for Amazon klev0 k=4...
    Passes: 6, Time/Memory: 540.60,131108, Output: ['6']
  📊 Iteration 16/20 for Amazon klev0 k=4...
    Passes: 6, Time/Memory: 536.15,135204, Output: ['6']
  📊 Iteration 17/20 for Amazon klev0 k=4...
    Passes: 6, Time/Memory: 535.42,134180, Output: ['6']
  📊 Iteration 18/20 for Amazon klev0 k=4...
    Passes: 6, Time/Memory: 525.68,134204, Output: ['6']
  📊 Iteration 19/20 for Amazon klev0 k=4...
    Passes: 6, Time/Memory: 528.30,135280, Output: ['6']
  📊 Iteration 20/20 for Amazon klev0 k=4...
    Passes: 6, Time/Memory: 541.75,136228, Output: ['6']
✅ Completed Amazon klev0 k=4: 543.5s, 134816.2KB
✅ [1/2] Completed Amazon klev0 k=4
    Passes: 6, Time/Memory: 83146.81,2831396, Output: ['6']
  📊 Iteration 2/3 for KonectDblp klev0 k=6...
    Passes: 6, Time/Memory: 82134.42,2818168, Output: ['6']
  📊 Iteration 3/3 for KonectDblp klev0 k=6...
    Passes: 6, Time/Memory: 91462.94,2811940, Output: ['6']
✅ Completed KonectDblp klev0 k=6: 85581.39s, 2820501.33KB
✅ [2/2] Completed KonectDblp klev0 k=6

🏁 All experiments completed!
✅ Successful: 2
❌ Failed: 0
📁 Results saved in ./results/real/average_concurrent_runs
