🎯 Total configurations to run: 1
🔄 Running with 36 parallel workers
🚀 Running Belcastro with klevN, k=9, iterations=10, file=3
  📊 Iteration 1/10 for Belcastro klevN k=9...
    Passes: 3, Time/Memory: 11.39,20568, Output: ['3']
  📊 Iteration 2/10 for Belcastro klevN k=9...
    Passes: 3, Time/Memory: 11.61,20516, Output: ['3']
  📊 Iteration 3/10 for Belcastro klevN k=9...
    Passes: 3, Time/Memory: 12.12,20516, Output: ['3']
  📊 Iteration 4/10 for Belcastro klevN k=9...
    Passes: 3, Time/Memory: 11.40,20600, Output: ['3']
  📊 Iteration 5/10 for Belcastro klevN k=9...
    Passes: 3, Time/Memory: 11.99,20552, Output: ['3']
  📊 Iteration 6/10 for Belcastro klevN k=9...
    Passes: 3, Time/Memory: 11.86,20516, Output: ['3']
  📊 Iteration 7/10 for Belcastro klevN k=9...
    Passes: 3, Time/Memory: 11.11,19492, Output: ['3']
  📊 Iteration 8/10 for Belcastro klevN k=9...
    Passes: 3, Time/Memory: 12.70,20564, Output: ['3']
  📊 Iteration 9/10 for Belcastro klevN k=9...
    Passes: 3, Time/Memory: 12.39,20516, Output: ['3']
  📊 Iteration 10/10 for Belcastro klevN k=9...
    Passes: 3, Time/Memory: 11.98,19492, Output: ['3']
✅ Completed Belcastro klevN k=9: 11.86s, 20333.2KB
✅ [1/1] Completed Belcastro klevN k=9

🏁 All experiments completed!
✅ Successful: 1
❌ Failed: 0
📁 Results saved in ./results/real/average_concurrent_runs
