🎯 Total configurations to run: 9
🔄 Running with 18 parallel workers
🚀 Running Twitch with kpathD, k=7, iterations=10, file=1
  📊 Iteration 1/10 for Twitch kpathD k=7...
🚀 Running Twitch with kpathD, k=6, iterations=10, file=2
  📊 Iteration 1/10 for Twitch kpathD k=6...
🚀 Running Twitch with kpathD, k=5, iterations=10, file=3
  📊 Iteration 1/10 for Twitch kpathD k=5...
🚀 Running Twitch with kpathD, k=4, iterations=10, file=4
  📊 Iteration 1/10 for Twitch kpathD k=4...
🚀 Running Twitch with kpathD, k=3, iterations=10, file=5
  📊 Iteration 1/10 for Twitch kpathD k=3...
🚀 Running Twitch with klevA, k=1, iterations=10, file=6
  📊 Iteration 1/10 for Twitch klevA k=1...
🚀 Running Twitch with klevB, k=1, iterations=10, file=7
  📊 Iteration 1/10 for Twitch klevB k=1...
🚀 Running Twitch with klevC, k=1, iterations=10, file=8
  📊 Iteration 1/10 for Twitch klevC k=1...
❌ File not found: ./input/Twitch/twitch_gamer_n_168114_m_6797557_9.edg
❌ [1/9] Failed Twitch klevD k=1
      Passes: 6,  Height: 97054, Time/Memory: 22.39,175528
  📊 Iteration 2/10 for Twitch kpathD k=7...
      Passes: 7,  Height: 96412, Time/Memory: 27.43,157152
  📊 Iteration 2/10 for Twitch kpathD k=6...
      Passes: 8,  Height: 95978, Time/Memory: 31.71,141152
  📊 Iteration 2/10 for Twitch kpathD k=5...
      Passes: 5,  Height: 89376, Time/Memory: 37.42,75880
  📊 Iteration 2/10 for Twitch klevB k=1...
      Passes: 4,  Height: 89376, Time/Memory: 37.65,69752
  📊 Iteration 2/10 for Twitch klevC k=1...
      Passes: 5,  Height: 89480, Time/Memory: 40.30,89208
  📊 Iteration 2/10 for Twitch klevA k=1...
      Passes: 10,  Height: 97163, Time/Memory: 42.14,121704
  📊 Iteration 2/10 for Twitch kpathD k=4...
      Passes: 6,  Height: 97054, Time/Memory: 22.09,174576
  📊 Iteration 3/10 for Twitch kpathD k=7...
      Passes: 13,  Height: 96407, Time/Memory: 45.29,109420
  📊 Iteration 2/10 for Twitch kpathD k=3...
      Passes: 7,  Height: 96412, Time/Memory: 28.32,154356
  📊 Iteration 3/10 for Twitch kpathD k=6...
      Passes: 8,  Height: 95978, Time/Memory: 29.53,142228
  📊 Iteration 3/10 for Twitch kpathD k=5...
      Passes: 6,  Height: 97054, Time/Memory: 22.63,175096
  📊 Iteration 4/10 for Twitch kpathD k=7...
      Passes: 4,  Height: 89376, Time/Memory: 33.56,69736
  📊 Iteration 3/10 for Twitch klevC k=1...
      Passes: 7,  Height: 96412, Time/Memory: 27.60,154864
  📊 Iteration 4/10 for Twitch kpathD k=6...
      Passes: 5,  Height: 89376, Time/Memory: 46.58,73848
  📊 Iteration 3/10 for Twitch klevB k=1...
      Passes: 5,  Height: 89480, Time/Memory: 46.24,88172
  📊 Iteration 3/10 for Twitch klevA k=1...
      Passes: 6,  Height: 97054, Time/Memory: 22.69,174748
  📊 Iteration 5/10 for Twitch kpathD k=7...
      Passes: 10,  Height: 97163, Time/Memory: 48.53,121396
  📊 Iteration 3/10 for Twitch kpathD k=4...
      Passes: 8,  Height: 95978, Time/Memory: 31.36,140120
  📊 Iteration 4/10 for Twitch kpathD k=5...
      Passes: 13,  Height: 96407, Time/Memory: 52.54,108092
  📊 Iteration 3/10 for Twitch kpathD k=3...
      Passes: 7,  Height: 96412, Time/Memory: 29.90,156916
  📊 Iteration 5/10 for Twitch kpathD k=6...
      Passes: 4,  Height: 89376, Time/Memory: 43.16,68716
  📊 Iteration 4/10 for Twitch klevC k=1...
      Passes: 6,  Height: 97054, Time/Memory: 28.67,175560
  📊 Iteration 6/10 for Twitch kpathD k=7...
      Passes: 8,  Height: 95978, Time/Memory: 29.41,141400
  📊 Iteration 5/10 for Twitch kpathD k=5...
      Passes: 5,  Height: 89376, Time/Memory: 42.05,74872
  📊 Iteration 4/10 for Twitch klevB k=1...
      Passes: 10,  Height: 97163, Time/Memory: 41.45,120656
  📊 Iteration 4/10 for Twitch kpathD k=4...
      Passes: 5,  Height: 89480, Time/Memory: 47.78,87124
  📊 Iteration 4/10 for Twitch klevA k=1...
      Passes: 7,  Height: 96412, Time/Memory: 27.36,156952
  📊 Iteration 6/10 for Twitch kpathD k=6...
      Passes: 6,  Height: 97054, Time/Memory: 24.91,174072
  📊 Iteration 7/10 for Twitch kpathD k=7...
      Passes: 13,  Height: 96407, Time/Memory: 48.57,107320
  📊 Iteration 4/10 for Twitch kpathD k=3...
      Passes: 8,  Height: 95978, Time/Memory: 29.61,142184
  📊 Iteration 6/10 for Twitch kpathD k=5...
      Passes: 4,  Height: 89376, Time/Memory: 40.90,69776
  📊 Iteration 5/10 for Twitch klevC k=1...
      Passes: 5,  Height: 89376, Time/Memory: 36.62,75868
  📊 Iteration 5/10 for Twitch klevB k=1...
      Passes: 6,  Height: 97054, Time/Memory: 23.09,173456
  📊 Iteration 8/10 for Twitch kpathD k=7...
      Passes: 7,  Height: 96412, Time/Memory: 27.89,156908
  📊 Iteration 7/10 for Twitch kpathD k=6...
      Passes: 10,  Height: 97163, Time/Memory: 41.30,120624
  📊 Iteration 5/10 for Twitch kpathD k=4...
      Passes: 5,  Height: 89480, Time/Memory: 48.09,87124
  📊 Iteration 5/10 for Twitch klevA k=1...
      Passes: 8,  Height: 95978, Time/Memory: 30.59,140648
  📊 Iteration 7/10 for Twitch kpathD k=5...
      Passes: 4,  Height: 89376, Time/Memory: 33.24,71800
  📊 Iteration 6/10 for Twitch klevC k=1...
      Passes: 13,  Height: 96407, Time/Memory: 45.15,110180
  📊 Iteration 5/10 for Twitch kpathD k=3...
      Passes: 6,  Height: 97054, Time/Memory: 24.20,174732
  📊 Iteration 9/10 for Twitch kpathD k=7...
      Passes: 7,  Height: 96412, Time/Memory: 27.92,156920
  📊 Iteration 8/10 for Twitch kpathD k=6...
      Passes: 5,  Height: 89376, Time/Memory: 38.80,72816
  📊 Iteration 6/10 for Twitch klevB k=1...
      Passes: 10,  Height: 97163, Time/Memory: 39.04,121432
  📊 Iteration 6/10 for Twitch kpathD k=4...
      Passes: 8,  Height: 95978, Time/Memory: 29.74,140176
  📊 Iteration 8/10 for Twitch kpathD k=5...
      Passes: 6,  Height: 97054, Time/Memory: 22.55,173564
  📊 Iteration 10/10 for Twitch kpathD k=7...
      Passes: 4,  Height: 89376, Time/Memory: 35.70,70780
  📊 Iteration 7/10 for Twitch klevC k=1...
      Passes: 7,  Height: 96412, Time/Memory: 27.67,156928
  📊 Iteration 9/10 for Twitch kpathD k=6...
      Passes: 13,  Height: 96407, Time/Memory: 44.39,108972
  📊 Iteration 6/10 for Twitch kpathD k=3...
      Passes: 6,  Height: 97054, Time/Memory: 22.04,174492
✅ Completed Twitch kpathD k=7: 23.53s, 174582.4KB
✅ [2/9] Completed Twitch kpathD k=7
      Passes: 5,  Height: 89376, Time/Memory: 38.25,73876
  📊 Iteration 7/10 for Twitch klevB k=1...
      Passes: 8,  Height: 95978, Time/Memory: 30.26,141528
  📊 Iteration 9/10 for Twitch kpathD k=5...
      Passes: 5,  Height: 89480, Time/Memory: 68.70,89208
  📊 Iteration 6/10 for Twitch klevA k=1...
      Passes: 10,  Height: 97163, Time/Memory: 38.88,121428
  📊 Iteration 7/10 for Twitch kpathD k=4...
      Passes: 7,  Height: 96412, Time/Memory: 32.02,156920
  📊 Iteration 10/10 for Twitch kpathD k=6...
      Passes: 4,  Height: 89376, Time/Memory: 35.15,70756
  📊 Iteration 8/10 for Twitch klevC k=1...
      Passes: 8,  Height: 95978, Time/Memory: 30.70,142172
  📊 Iteration 10/10 for Twitch kpathD k=5...
      Passes: 5,  Height: 89376, Time/Memory: 43.42,72824
  📊 Iteration 8/10 for Twitch klevB k=1...
      Passes: 13,  Height: 96407, Time/Memory: 46.39,109352
  📊 Iteration 7/10 for Twitch kpathD k=3...
      Passes: 5,  Height: 89480, Time/Memory: 37.97,89240
  📊 Iteration 7/10 for Twitch klevA k=1...
      Passes: 7,  Height: 96412, Time/Memory: 32.39,155932
✅ Completed Twitch kpathD k=6: 28.85s, 156384.8KB
✅ [3/9] Completed Twitch kpathD k=6
      Passes: 4,  Height: 89376, Time/Memory: 34.33,68720
  📊 Iteration 9/10 for Twitch klevC k=1...
      Passes: 10,  Height: 97163, Time/Memory: 50.54,121680
  📊 Iteration 8/10 for Twitch kpathD k=4...
      Passes: 8,  Height: 95978, Time/Memory: 31.51,141164
✅ Completed Twitch kpathD k=5: 30.44s, 141277.2KB
✅ [4/9] Completed Twitch kpathD k=5
      Passes: 5,  Height: 89376, Time/Memory: 36.06,74896
  📊 Iteration 9/10 for Twitch klevB k=1...
      Passes: 5,  Height: 89480, Time/Memory: 38.06,88128
  📊 Iteration 8/10 for Twitch klevA k=1...
      Passes: 13,  Height: 96407, Time/Memory: 47.04,108116
  📊 Iteration 8/10 for Twitch kpathD k=3...
      Passes: 10,  Height: 97163, Time/Memory: 40.14,120612
  📊 Iteration 9/10 for Twitch kpathD k=4...
      Passes: 4,  Height: 89376, Time/Memory: 60.45,70776
  📊 Iteration 10/10 for Twitch klevC k=1...
      Passes: 5,  Height: 89376, Time/Memory: 44.99,73868
  📊 Iteration 10/10 for Twitch klevB k=1...
      Passes: 5,  Height: 89480, Time/Memory: 38.51,89212
  📊 Iteration 9/10 for Twitch klevA k=1...
      Passes: 10,  Height: 97163, Time/Memory: 40.55,119976
  📊 Iteration 10/10 for Twitch kpathD k=4...
      Passes: 13,  Height: 96407, Time/Memory: 54.52,109160
  📊 Iteration 9/10 for Twitch kpathD k=3...
      Passes: 4,  Height: 89376, Time/Memory: 36.89,67712
✅ Completed Twitch klevC k=1: 39.1s, 69852.4KB
✅ [5/9] Completed Twitch klevC k=1
      Passes: 5,  Height: 89480, Time/Memory: 39.50,88152
  📊 Iteration 10/10 for Twitch klevA k=1...
      Passes: 10,  Height: 97163, Time/Memory: 46.08,122380
✅ Completed Twitch kpathD k=4: 42.86s, 121188.8KB
✅ [6/9] Completed Twitch kpathD k=4
      Passes: 5,  Height: 89376, Time/Memory: 67.79,74868
✅ Completed Twitch klevB k=1: 43.2s, 74361.6KB
✅ [7/9] Completed Twitch klevB k=1
      Passes: 13,  Height: 96407, Time/Memory: 54.62,107612
  📊 Iteration 10/10 for Twitch kpathD k=3...
      Passes: 5,  Height: 89480, Time/Memory: 39.87,88228
✅ Completed Twitch klevA k=1: 44.5s, 88379.6KB
✅ [8/9] Completed Twitch klevA k=1
      Passes: 13,  Height: 96407, Time/Memory: 44.38,107904
✅ Completed Twitch kpathD k=3: 48.29s, 108612.8KB
✅ [9/9] Completed Twitch kpathD k=3

🏁 All experiments completed!
✅ Successful: 8
❌ Failed: 1
📁 Results saved in ./results/real/average_concurrent_runs
