🎯 Total configurations to run: 3
🔄 Running with 24 parallel workers
🚀 Running Orkut with klev1, k=5, iterations=10, file=2
  📊 Iteration 1/10 for Orkut klev1 k=5...
🚀 Running Orkut with klev1, k=4, iterations=10, file=7
  📊 Iteration 1/10 for Orkut klev1 k=4...
🚀 Running Orkut with klev1, k=3, iterations=10, file=8
  📊 Iteration 1/10 for Orkut klev1 k=3...
    Passes: 5, Time/Memory: 11800.89,1466368, Output: ['5']
  📊 Iteration 2/10 for Orkut klev1 k=5...
    Passes: 5, Time/Memory: 11903.02,1465344, Output: ['5']
  📊 Iteration 2/10 for Orkut klev1 k=3...
    Passes: 5, Time/Memory: 11937.43,1464320, Output: ['5']
  📊 Iteration 2/10 for Orkut klev1 k=4...
    Passes: 5, Time/Memory: 11824.51,1464320, Output: ['5']
  📊 Iteration 3/10 for Orkut klev1 k=5...
    Passes: 5, Time/Memory: 11769.02,1465344, Output: ['5']
  📊 Iteration 3/10 for Orkut klev1 k=3...
    Passes: 5, Time/Memory: 11845.82,1463296, Output: ['5']
  📊 Iteration 3/10 for Orkut klev1 k=4...
    Passes: 5, Time/Memory: 11830.34,1466368, Output: ['5']
  📊 Iteration 4/10 for Orkut klev1 k=5...
    Passes: 5, Time/Memory: 11908.47,1464320, Output: ['5']
  📊 Iteration 4/10 for Orkut klev1 k=3...
    Passes: 5, Time/Memory: 11903.11,1467392, Output: ['5']
  📊 Iteration 4/10 for Orkut klev1 k=4...
    Passes: 5, Time/Memory: 11825.43,1467392, Output: ['5']
  📊 Iteration 5/10 for Orkut klev1 k=5...
    Passes: 5, Time/Memory: 11864.14,1466368, Output: ['5']
  📊 Iteration 5/10 for Orkut klev1 k=3...
    Passes: 5, Time/Memory: 11928.82,1465344, Output: ['5']
  📊 Iteration 5/10 for Orkut klev1 k=4...
    Passes: 5, Time/Memory: 11896.53,1466368, Output: ['5']
  📊 Iteration 6/10 for Orkut klev1 k=5...
    Passes: 5, Time/Memory: 11884.61,1465344, Output: ['5']
  📊 Iteration 6/10 for Orkut klev1 k=3...
    Passes: 5, Time/Memory: 11917.02,1465344, Output: ['5']
  📊 Iteration 6/10 for Orkut klev1 k=4...
    Passes: 5, Time/Memory: 11969.58,1466368, Output: ['5']
  📊 Iteration 7/10 for Orkut klev1 k=5...
    Passes: 5, Time/Memory: 11887.24,1465344, Output: ['5']
  📊 Iteration 7/10 for Orkut klev1 k=3...
    Passes: 5, Time/Memory: 11889.78,1464320, Output: ['5']
  📊 Iteration 7/10 for Orkut klev1 k=4...
    Passes: 5, Time/Memory: 11858.40,1464320, Output: ['5']
  📊 Iteration 8/10 for Orkut klev1 k=5...
    Passes: 5, Time/Memory: 11886.15,1465344, Output: ['5']
  📊 Iteration 8/10 for Orkut klev1 k=3...
    Passes: 5, Time/Memory: 11951.02,1464320, Output: ['5']
  📊 Iteration 8/10 for Orkut klev1 k=4...
    Passes: 5, Time/Memory: 11880.78,1466368, Output: ['5']
  📊 Iteration 9/10 for Orkut klev1 k=5...
    Passes: 5, Time/Memory: 11925.75,1464320, Output: ['5']
  📊 Iteration 9/10 for Orkut klev1 k=3...
    Passes: 5, Time/Memory: 11879.91,1465344, Output: ['5']
  📊 Iteration 9/10 for Orkut klev1 k=4...
    Passes: 5, Time/Memory: 11869.35,1465344, Output: ['5']
  📊 Iteration 10/10 for Orkut klev1 k=5...
    Passes: 5, Time/Memory: 11844.90,1464320, Output: ['5']
  📊 Iteration 10/10 for Orkut klev1 k=3...
    Passes: 5, Time/Memory: 11848.80,1466368, Output: ['5']
  📊 Iteration 10/10 for Orkut klev1 k=4...
    Passes: 5, Time/Memory: 11920.54,1464320, Output: ['5']
✅ Completed Orkut klev1 k=5: 11867.64s, 1465753.6KB
✅ [1/3] Completed Orkut klev1 k=5
    Passes: 5, Time/Memory: 11881.17,1466368, Output: ['5']
✅ Completed Orkut klev1 k=3: 11875.45s, 1465241.6KB
✅ [2/3] Completed Orkut klev1 k=3
    Passes: 5, Time/Memory: 11884.65,1466368, Output: ['5']
✅ Completed Orkut klev1 k=4: 11898.64s, 1465241.6KB
✅ [3/3] Completed Orkut klev1 k=4

🏁 All experiments completed!
✅ Successful: 3
❌ Failed: 0
📁 Results saved in ./results/real/average_concurrent_runs
