🎯 Total configurations to run: 24
🔄 Running with 24 parallel workers
🚀 Running Orkut with kpathN, k=1, iterations=10, file=1
  📊 Iteration 1/10 for Orkut kpathN k=1...
🚀 Running Orkut with kpath2, k=1, iterations=10, file=2
  📊 Iteration 1/10 for Orkut kpath2 k=1...
🚀 Running Orkut with kpath1, k=1, iterations=10, file=3
  📊 Iteration 1/10 for Orkut kpath1 k=1...
🚀 Running Orkut with kpath0, k=1, iterations=10, file=4
  📊 Iteration 1/10 for Orkut kpath0 k=1...
🚀 Running Orkut with kpath0, k=7, iterations=3, file=5
  📊 Iteration 1/3 for Orkut kpath0 k=7...
🚀 Running Orkut with kpath0, k=6, iterations=10, file=6
  📊 Iteration 1/10 for Orkut kpath0 k=6...
🚀 Running Orkut with kpath0, k=5, iterations=4, file=7
  📊 Iteration 1/4 for Orkut kpath0 k=5...
🚀 Running Orkut with kpath0, k=4, iterations=10, file=8
  📊 Iteration 1/10 for Orkut kpath0 k=4...
🚀 Running LiveJournal with klev1, k=2, iterations=1, file=1
  📊 Iteration 1/1 for LiveJournal klev1 k=2...
🚀 Running LiveJournal with kpathN, k=3, iterations=1, file=2
  📊 Iteration 1/1 for LiveJournal kpathN k=3...
🚀 Running LiveJournal with kpathN, k=1, iterations=1, file=3
  📊 Iteration 1/1 for LiveJournal kpathN k=1...
🚀 Running LiveJournal with kpath2, k=1, iterations=1, file=4
  📊 Iteration 1/1 for LiveJournal kpath2 k=1...
🚀 Running LiveJournal with kpath1, k=4, iterations=1, file=5
  📊 Iteration 1/1 for LiveJournal kpath1 k=4...
🚀 Running LiveJournal with kpath1, k=3, iterations=1, file=6
  📊 Iteration 1/1 for LiveJournal kpath1 k=3...
🚀 Running LiveJournal with kpath1, k=1, iterations=1, file=7
  📊 Iteration 1/1 for LiveJournal kpath1 k=1...
🚀 Running LiveJournal with kpath0, k=8, iterations=1, file=8
  📊 Iteration 1/1 for LiveJournal kpath0 k=8...
🚀 Running KonectDblp with klev0, k=4, iterations=1, file=1
  📊 Iteration 1/1 for KonectDblp klev0 k=4...
🚀 Running KonectDblp with klev0, k=3, iterations=1, file=2
  📊 Iteration 1/1 for KonectDblp klev0 k=3...
🚀 Running KonectDblp with klev0, k=2, iterations=1, file=3
  📊 Iteration 1/1 for KonectDblp klev0 k=2...
🚀 Running KonectDblp with kpath0, k=8, iterations=1, file=4
  📊 Iteration 1/1 for KonectDblp kpath0 k=8...
🚀 Running KonectDblp with kpath0, k=7, iterations=1, file=5
  📊 Iteration 1/1 for KonectDblp kpath0 k=7...
🚀 Running KonectDblp with kpath0, k=6, iterations=1, file=6
  📊 Iteration 1/1 for KonectDblp kpath0 k=6...
🚀 Running KonectDblp with kpath0, k=4, iterations=1, file=7
  📊 Iteration 1/1 for KonectDblp kpath0 k=4...
🚀 Running KonectDblp with kpath0, k=3, iterations=1, file=8
  📊 Iteration 1/1 for KonectDblp kpath0 k=3...
    Passes: 11, Time/Memory: 12206.88,2995144, Output: ['11']
  📊 Iteration 2/3 for Orkut kpath0 k=7...
    Passes: 11, Time/Memory: 10745.64,2994764, Output: ['11']
  📊 Iteration 3/3 for Orkut kpath0 k=7...
    Passes: 11, Time/Memory: 8688.52,2690324, Output: ['11']
  📊 Iteration 2/10 for Orkut kpath0 k=6...
    Passes: 15, Time/Memory: 10624.66,2401656, Output: ['15']
  📊 Iteration 2/4 for Orkut kpath0 k=5...
    Passes: 5, Time/Memory: 29475.23,1651748, Output: ['5']
✅ Completed LiveJournal klev1 k=2: 29475.23s, 1651748.0KB
✅ [1/24] Completed LiveJournal klev1 k=2
    Passes: 13, Time/Memory: 29861.32,4308780, Output: ['13']
✅ Completed LiveJournal kpath0 k=8: 29861.32s, 4308780.0KB
✅ [2/24] Completed LiveJournal kpath0 k=8
    Passes: 5, Time/Memory: 30819.73,2508432, Output: ['5']
✅ Completed LiveJournal kpathN k=3: 30819.73s, 2508432.0KB
✅ [3/24] Completed LiveJournal kpathN k=3
    Passes: 11, Time/Memory: 10200.04,2995148, Output: ['11']
✅ Completed Orkut kpath0 k=7: 11050.85s, 2995018.67KB
✅ [4/24] Completed Orkut kpath0 k=7
    Passes: 22, Time/Memory: 36561.01,2816084, Output: ['22']
✅ Completed LiveJournal kpath1 k=4: 36561.01s, 2816084.0KB
✅ [5/24] Completed LiveJournal kpath1 k=4
    Passes: 19, Time/Memory: 9214.71,2108416, Output: ['19']
  📊 Iteration 2/10 for Orkut kpath0 k=4...
    Passes: 47, Time/Memory: 45818.45,2453736, Output: ['47']
✅ Completed LiveJournal kpath1 k=3: 45818.45s, 2453736.0KB
✅ [6/24] Completed LiveJournal kpath1 k=3
    Passes: 11, Time/Memory: 8376.65,2692128, Output: ['11']
  📊 Iteration 3/10 for Orkut kpath0 k=6...
    Passes: 2, Time/Memory: 11040.66,3877924, Output: ['2']
✅ Completed KonectDblp kpath0 k=4: 11040.66s, 3877924.0KB
✅ [7/24] Completed KonectDblp kpath0 k=4
    Passes: 2, Time/Memory: 11032.64,3877924, Output: ['2']
✅ Completed KonectDblp kpath0 k=8: 11032.64s, 3877924.0KB
✅ [8/24] Completed KonectDblp kpath0 k=8
    Passes: 2, Time/Memory: 11087.43,3877972, Output: ['2']
✅ Completed KonectDblp kpath0 k=7: 11087.43s, 3877972.0KB
✅ [9/24] Completed KonectDblp kpath0 k=7
    Passes: 3, Time/Memory: 11132.84,3877908, Output: ['3']
✅ Completed KonectDblp kpath0 k=3: 11132.84s, 3877908.0KB
✅ [10/24] Completed KonectDblp kpath0 k=3
    Passes: 2, Time/Memory: 11180.84,3877964, Output: ['2']
✅ Completed KonectDblp kpath0 k=6: 11180.84s, 3877964.0KB
✅ [11/24] Completed KonectDblp kpath0 k=6
    Passes: 15, Time/Memory: 10074.42,2399216, Output: ['15']
  📊 Iteration 3/4 for Orkut kpath0 k=5...
    Passes: 11, Time/Memory: 8407.07,2691188, Output: ['11']
  📊 Iteration 4/10 for Orkut kpath0 k=6...
    Passes: 6, Time/Memory: 79894.61,2814000, Output: ['6']
✅ Completed KonectDblp klev0 k=3: 79894.61s, 2814000.0KB
✅ [12/24] Completed KonectDblp klev0 k=3
    Passes: 6, Time/Memory: 80041.57,2811940, Output: ['6']
✅ Completed KonectDblp klev0 k=2: 80041.57s, 2811940.0KB
✅ [13/24] Completed KonectDblp klev0 k=2
    Passes: 6, Time/Memory: 81411.74,2837540, Output: ['6']
✅ Completed KonectDblp klev0 k=4: 81411.74s, 2837540.0KB
✅ [14/24] Completed KonectDblp klev0 k=4
    Passes: 19, Time/Memory: 8756.67,2103564, Output: ['19']
  📊 Iteration 3/10 for Orkut kpath0 k=4...
    Passes: 15, Time/Memory: 9914.92,2398104, Output: ['15']
  📊 Iteration 4/4 for Orkut kpath0 k=5...
    Passes: 11, Time/Memory: 8117.66,2692040, Output: ['11']
  📊 Iteration 5/10 for Orkut kpath0 k=6...
    Passes: 15, Time/Memory: 9627.93,2397824, Output: ['15']
✅ Completed Orkut kpath0 k=5: 10060.48s, 2399200.0KB
✅ [15/24] Completed Orkut kpath0 k=5
    Passes: 11, Time/Memory: 7862.11,2695700, Output: ['11']
  📊 Iteration 6/10 for Orkut kpath0 k=6...
    Passes: 19, Time/Memory: 8570.10,2103824, Output: ['19']
  📊 Iteration 4/10 for Orkut kpath0 k=4...
    Passes: 11, Time/Memory: 8169.39,2690376, Output: ['11']
  📊 Iteration 7/10 for Orkut kpath0 k=6...
    Passes: 11, Time/Memory: 8049.63,2689856, Output: ['11']
  📊 Iteration 8/10 for Orkut kpath0 k=6...
    Passes: 19, Time/Memory: 8529.96,2102664, Output: ['19']
  📊 Iteration 5/10 for Orkut kpath0 k=4...
    Passes: 11, Time/Memory: 8081.55,2695800, Output: ['11']
  📊 Iteration 9/10 for Orkut kpath0 k=6...
    Passes: 19, Time/Memory: 8609.63,2103556, Output: ['19']
  📊 Iteration 6/10 for Orkut kpath0 k=4...
    Passes: 11, Time/Memory: 8053.52,2691072, Output: ['11']
  📊 Iteration 10/10 for Orkut kpath0 k=6...
    Passes: 11, Time/Memory: 8356.96,2691172, Output: ['11']
✅ Completed Orkut kpath0 k=6: 8216.31s, 2691965.6KB
✅ [16/24] Completed Orkut kpath0 k=6
    Passes: 19, Time/Memory: 8683.12,2102608, Output: ['19']
  📊 Iteration 7/10 for Orkut kpath0 k=4...
    Passes: 6569, Time/Memory: 168238.14,1883456, Output: ['6569']
✅ Completed LiveJournal kpathN k=1: 168238.14s, 1883456.0KB
✅ [17/24] Completed LiveJournal kpathN k=1
    Passes: 19, Time/Memory: 8520.76,2107980, Output: ['19']
  📊 Iteration 8/10 for Orkut kpath0 k=4...
    Passes: 7560, Time/Memory: 191236.20,1874828, Output: ['7560']
✅ Completed LiveJournal kpath2 k=1: 191236.2s, 1874828.0KB
✅ [18/24] Completed LiveJournal kpath2 k=1
    Passes: 19, Time/Memory: 8543.63,2103496, Output: ['19']
  📊 Iteration 9/10 for Orkut kpath0 k=4...
    Passes: 19, Time/Memory: 8576.24,2104324, Output: ['19']
  📊 Iteration 10/10 for Orkut kpath0 k=4...
