🎯 Total configurations to run: 6
🔄 Running with 36 parallel workers
🚀 Running Amazon with klev0, k=10, iterations=12, file=1
  📊 Iteration 1/12 for Amazon klev0 k=10...
🚀 Running Amazon with klev0, k=4, iterations=12, file=2
  📊 Iteration 1/12 for Amazon klev0 k=4...
🚀 Running Amazon with klev0, k=3, iterations=12, file=3
  📊 Iteration 1/12 for Amazon klev0 k=3...
🚀 Running Amazon with klev0, k=2, iterations=12, file=4
  📊 Iteration 1/12 for Amazon klev0 k=2...
🚀 Running Amazon with klev1, k=1, iterations=12, file=5
  📊 Iteration 1/12 for Amazon klev1 k=1...
🚀 Running Amazon with klevN, k=2, iterations=12, file=6
  📊 Iteration 1/12 for Amazon klevN k=2...
    Passes: 2, Time/Memory: 421.29,178212, Output: ['2']
  📊 Iteration 2/12 for Amazon klevN k=2...
    Passes: 6, Time/Memory: 532.96,134180, Output: ['6']
  📊 Iteration 2/12 for Amazon klev0 k=3...
    Passes: 6, Time/Memory: 540.38,136228, Output: ['6']
  📊 Iteration 2/12 for Amazon klev0 k=10...
    Passes: 6, Time/Memory: 551.91,136228, Output: ['6']
  📊 Iteration 2/12 for Amazon klev0 k=4...
    Passes: 6, Time/Memory: 555.87,136316, Output: ['6']
  📊 Iteration 2/12 for Amazon klev0 k=2...
    Passes: 5, Time/Memory: 633.29,123952, Output: ['5']
  📊 Iteration 2/12 for Amazon klev1 k=1...
    Passes: 2, Time/Memory: 408.70,178204, Output: ['2']
  📊 Iteration 3/12 for Amazon klevN k=2...
    Passes: 6, Time/Memory: 519.74,135248, Output: ['6']
  📊 Iteration 3/12 for Amazon klev0 k=10...
    Passes: 6, Time/Memory: 532.30,135208, Output: ['6']
  📊 Iteration 3/12 for Amazon klev0 k=3...
    Passes: 6, Time/Memory: 562.14,133148, Output: ['6']
  📊 Iteration 3/12 for Amazon klev0 k=2...
    Passes: 6, Time/Memory: 573.56,135204, Output: ['6']
  📊 Iteration 3/12 for Amazon klev0 k=4...
    Passes: 5, Time/Memory: 561.31,125048, Output: ['5']
  📊 Iteration 3/12 for Amazon klev1 k=1...
    Passes: 2, Time/Memory: 444.31,175148, Output: ['2']
  📊 Iteration 4/12 for Amazon klevN k=2...
    Passes: 6, Time/Memory: 537.42,136228, Output: ['6']
  📊 Iteration 4/12 for Amazon klev0 k=3...
    Passes: 6, Time/Memory: 554.81,134268, Output: ['6']
  📊 Iteration 4/12 for Amazon klev0 k=10...
    Passes: 6, Time/Memory: 522.03,134180, Output: ['6']
  📊 Iteration 4/12 for Amazon klev0 k=2...
    Passes: 2, Time/Memory: 425.08,177188, Output: ['2']
  📊 Iteration 5/12 for Amazon klevN k=2...
    Passes: 6, Time/Memory: 584.30,133152, Output: ['6']
  📊 Iteration 4/12 for Amazon klev0 k=4...
    Passes: 5, Time/Memory: 556.41,127056, Output: ['5']
  📊 Iteration 4/12 for Amazon klev1 k=1...
    Passes: 2, Time/Memory: 426.18,177220, Output: ['2']
  📊 Iteration 6/12 for Amazon klevN k=2...
    Passes: 6, Time/Memory: 542.52,134212, Output: ['6']
  📊 Iteration 5/12 for Amazon klev0 k=3...
    Passes: 6, Time/Memory: 535.10,134184, Output: ['6']
  📊 Iteration 5/12 for Amazon klev0 k=10...
    Passes: 6, Time/Memory: 538.62,133156, Output: ['6']
  📊 Iteration 5/12 for Amazon klev0 k=2...
    Passes: 6, Time/Memory: 553.63,133152, Output: ['6']
  📊 Iteration 5/12 for Amazon klev0 k=4...
    Passes: 5, Time/Memory: 545.19,126004, Output: ['5']
  📊 Iteration 5/12 for Amazon klev1 k=1...
    Passes: 2, Time/Memory: 418.65,177184, Output: ['2']
  📊 Iteration 7/12 for Amazon klevN k=2...
    Passes: 6, Time/Memory: 529.24,134264, Output: ['6']
  📊 Iteration 6/12 for Amazon klev0 k=10...
    Passes: 6, Time/Memory: 569.18,133172, Output: ['6']
  📊 Iteration 6/12 for Amazon klev0 k=2...
    Passes: 6, Time/Memory: 620.05,134180, Output: ['6']
  📊 Iteration 6/12 for Amazon klev0 k=3...
    Passes: 6, Time/Memory: 557.08,132164, Output: ['6']
  📊 Iteration 6/12 for Amazon klev0 k=4...
    Passes: 5, Time/Memory: 550.52,128064, Output: ['5']
  📊 Iteration 6/12 for Amazon klev1 k=1...
    Passes: 2, Time/Memory: 451.31,175136, Output: ['2']
  📊 Iteration 8/12 for Amazon klevN k=2...
    Passes: 6, Time/Memory: 539.12,135204, Output: ['6']
  📊 Iteration 7/12 for Amazon klev0 k=10...
    Passes: 6, Time/Memory: 534.65,134176, Output: ['6']
  📊 Iteration 7/12 for Amazon klev0 k=2...
    Passes: 6, Time/Memory: 559.34,135204, Output: ['6']
  📊 Iteration 7/12 for Amazon klev0 k=3...
    Passes: 5, Time/Memory: 547.56,128116, Output: ['5']
  📊 Iteration 7/12 for Amazon klev1 k=1...
    Passes: 6, Time/Memory: 579.73,136228, Output: ['6']
  📊 Iteration 7/12 for Amazon klev0 k=4...
    Passes: 2, Time/Memory: 446.91,177180, Output: ['2']
  📊 Iteration 9/12 for Amazon klevN k=2...
    Passes: 6, Time/Memory: 502.25,135232, Output: ['6']
  📊 Iteration 8/12 for Amazon klev0 k=10...
    Passes: 2, Time/Memory: 385.83,178212, Output: ['2']
  📊 Iteration 10/12 for Amazon klevN k=2...
    Passes: 6, Time/Memory: 608.82,136228, Output: ['6']
  📊 Iteration 8/12 for Amazon klev0 k=2...
    Passes: 5, Time/Memory: 510.89,128036, Output: ['5']
  📊 Iteration 8/12 for Amazon klev1 k=1...
    Passes: 6, Time/Memory: 510.45,135212, Output: ['6']
  📊 Iteration 8/12 for Amazon klev0 k=4...
    Passes: 6, Time/Memory: 602.50,134212, Output: ['6']
  📊 Iteration 8/12 for Amazon klev0 k=3...
    Passes: 6, Time/Memory: 480.52,136256, Output: ['6']
  📊 Iteration 9/12 for Amazon klev0 k=10...
    Passes: 2, Time/Memory: 429.13,177276, Output: ['2']
  📊 Iteration 11/12 for Amazon klevN k=2...
    Passes: 6, Time/Memory: 503.42,136228, Output: ['6']
  📊 Iteration 9/12 for Amazon klev0 k=4...
    Passes: 5, Time/Memory: 529.04,128036, Output: ['5']
  📊 Iteration 9/12 for Amazon klev1 k=1...
    Passes: 6, Time/Memory: 548.83,136228, Output: ['6']
  📊 Iteration 9/12 for Amazon klev0 k=2...
    Passes: 6, Time/Memory: 519.08,136228, Output: ['6']
  📊 Iteration 9/12 for Amazon klev0 k=3...
    Passes: 2, Time/Memory: 395.83,178212, Output: ['2']
  📊 Iteration 12/12 for Amazon klevN k=2...
    Passes: 6, Time/Memory: 488.71,136228, Output: ['6']
  📊 Iteration 10/12 for Amazon klev0 k=10...
    Passes: 6, Time/Memory: 496.71,136312, Output: ['6']
  📊 Iteration 10/12 for Amazon klev0 k=3...
    Passes: 5, Time/Memory: 528.23,128088, Output: ['5']
  📊 Iteration 10/12 for Amazon klev1 k=1...
    Passes: 6, Time/Memory: 558.88,137248, Output: ['6']
  📊 Iteration 10/12 for Amazon klev0 k=2...
    Passes: 6, Time/Memory: 604.10,134244, Output: ['6']
  📊 Iteration 10/12 for Amazon klev0 k=4...
    Passes: 2, Time/Memory: 387.57,177200, Output: ['2']
✅ Completed Amazon klevN k=2: 420.07s, 177197.67KB
✅ [1/6] Completed Amazon klevN k=2
    Passes: 6, Time/Memory: 520.55,137296, Output: ['6']
  📊 Iteration 11/12 for Amazon klev0 k=10...
    Passes: 6, Time/Memory: 509.90,134180, Output: ['6']
  📊 Iteration 11/12 for Amazon klev0 k=2...
    Passes: 6, Time/Memory: 578.61,136228, Output: ['6']
  📊 Iteration 11/12 for Amazon klev0 k=3...
    Passes: 5, Time/Memory: 583.94,125016, Output: ['5']
  📊 Iteration 11/12 for Amazon klev1 k=1...
    Passes: 6, Time/Memory: 566.58,134204, Output: ['6']
  📊 Iteration 11/12 for Amazon klev0 k=4...
    Passes: 6, Time/Memory: 581.44,135256, Output: ['6']
  📊 Iteration 12/12 for Amazon klev0 k=10...
    Passes: 6, Time/Memory: 557.88,134204, Output: ['6']
  📊 Iteration 12/12 for Amazon klev0 k=2...
    Passes: 6, Time/Memory: 555.85,135244, Output: ['6']
  📊 Iteration 12/12 for Amazon klev0 k=3...
    Passes: 5, Time/Memory: 561.32,129136, Output: ['5']
  📊 Iteration 12/12 for Amazon klev1 k=1...
    Passes: 6, Time/Memory: 568.05,133188, Output: ['6']
  📊 Iteration 12/12 for Amazon klev0 k=4...
    Passes: 6, Time/Memory: 552.06,133152, Output: ['6']
✅ Completed Amazon klev0 k=10: 528.66s, 135234.67KB
✅ [2/6] Completed Amazon klev0 k=10
    Passes: 6, Time/Memory: 546.92,136280, Output: ['6']
✅ Completed Amazon klev0 k=2: 551.14s, 134876.33KB
✅ [3/6] Completed Amazon klev0 k=2
    Passes: 6, Time/Memory: 583.95,135216, Output: ['6']
✅ Completed Amazon klev0 k=3: 555.11s, 135221.0KB
✅ [4/6] Completed Amazon klev0 k=3
    Passes: 5, Time/Memory: 560.58,129116, Output: ['5']
✅ Completed Amazon klev1 k=1: 555.69s, 127139.0KB
✅ [5/6] Completed Amazon klev1 k=1
    Passes: 6, Time/Memory: 540.35,135204, Output: ['6']
✅ Completed Amazon klev0 k=4: 557.76s, 134534.0KB
✅ [6/6] Completed Amazon klev0 k=4

🏁 All experiments completed!
✅ Successful: 6
❌ Failed: 0
📁 Results saved in ./results/real/average_concurrent_runs
