🎯 Total configurations to run: 1
🔄 Running with 36 parallel workers
🚀 Running Twitch with kpath0, k=2, iterations=12, file=4
  📊 Iteration 1/12 for Twitch kpath0 k=2...
    Passes: 41, Time/Memory: 102.47,85936, Output: ['41']
  📊 Iteration 2/12 for Twitch kpath0 k=2...
    Passes: 41, Time/Memory: 107.67,86336, Output: ['41']
  📊 Iteration 3/12 for Twitch kpath0 k=2...
    Passes: 41, Time/Memory: 104.89,86788, Output: ['41']
  📊 Iteration 4/12 for Twitch kpath0 k=2...
    Passes: 41, Time/Memory: 104.32,86788, Output: ['41']
  📊 Iteration 5/12 for Twitch kpath0 k=2...
    Passes: 41, Time/Memory: 102.73,86788, Output: ['41']
  📊 Iteration 6/12 for Twitch kpath0 k=2...
    Passes: 41, Time/Memory: 104.77,85764, Output: ['41']
  📊 Iteration 7/12 for Twitch kpath0 k=2...
    Passes: 41, Time/Memory: 104.18,85344, Output: ['41']
  📊 Iteration 8/12 for Twitch kpath0 k=2...
    Passes: 41, Time/Memory: 102.42,85764, Output: ['41']
  📊 Iteration 9/12 for Twitch kpath0 k=2...
    Passes: 41, Time/Memory: 102.06,86884, Output: ['41']
  📊 Iteration 10/12 for Twitch kpath0 k=2...
    Passes: 41, Time/Memory: 101.42,86960, Output: ['41']
  📊 Iteration 11/12 for Twitch kpath0 k=2...
    Passes: 41, Time/Memory: 101.90,86788, Output: ['41']
  📊 Iteration 12/12 for Twitch kpath0 k=2...
    Passes: 41, Time/Memory: 102.55,86788, Output: ['41']
✅ Completed Twitch kpath0 k=2: 103.45s, 86410.67KB
✅ [1/1] Completed Twitch kpath0 k=2

🏁 All experiments completed!
✅ Successful: 1
❌ Failed: 0
📁 Results saved in ./results/real/average_concurrent_runs
