🎯 Total configurations to run: 1
🔄 Running with 36 parallel workers
🚀 Running Amazon with klev0, k=9, iterations=10, file=1
  📊 Iteration 1/10 for Amazon klev0 k=9...
    Passes: 6, Time/Memory: 490.42,134208, Output: ['6']
  📊 Iteration 2/10 for Amazon klev0 k=9...
    Passes: 6, Time/Memory: 465.26,137276, Output: ['6']
  📊 Iteration 3/10 for Amazon klev0 k=9...
    Passes: 6, Time/Memory: 488.48,136228, Output: ['6']
  📊 Iteration 4/10 for Amazon klev0 k=9...
    Passes: 6, Time/Memory: 482.86,137252, Output: ['6']
  📊 Iteration 5/10 for Amazon klev0 k=9...
    Passes: 6, Time/Memory: 509.40,135200, Output: ['6']
  📊 Iteration 6/10 for Amazon klev0 k=9...
    Passes: 6, Time/Memory: 497.30,135224, Output: ['6']
  📊 Iteration 7/10 for Amazon klev0 k=9...
    Passes: 6, Time/Memory: 474.12,137252, Output: ['6']
  📊 Iteration 8/10 for Amazon klev0 k=9...
    Passes: 6, Time/Memory: 483.82,136300, Output: ['6']
  📊 Iteration 9/10 for Amazon klev0 k=9...
    Passes: 6, Time/Memory: 510.79,136228, Output: ['6']
  📊 Iteration 10/10 for Amazon klev0 k=9...
    Passes: 6, Time/Memory: 523.10,135196, Output: ['6']
✅ Completed Amazon klev0 k=9: 492.56s, 136036.4KB
✅ [1/1] Completed Amazon klev0 k=9

🏁 All experiments completed!
✅ Successful: 1
❌ Failed: 0
📁 Results saved in ./results/real/average_concurrent_runs
