🎯 Total configurations to run: 5
🔄 Running with 24 parallel workers
🚀 Running Orkut with klev0, k=5, iterations=10, file=1
  📊 Iteration 1/10 for Orkut klev0 k=5...
🚀 Running Orkut with klev0, k=4, iterations=10, file=2
  📊 Iteration 1/10 for Orkut klev0 k=4...
🚀 Running Orkut with klev0, k=3, iterations=10, file=7
  📊 Iteration 1/10 for Orkut klev0 k=3...
🚀 Running Orkut with klev0, k=2, iterations=10, file=8
  📊 Iteration 1/10 for Orkut klev0 k=2...
🚀 Running LiveJournal with klevN, k=1, iterations=10, file=8
  📊 Iteration 1/10 for LiveJournal klevN k=1...
    Passes: 6, Time/Memory: 12030.59,1446912, Output: ['6']
  📊 Iteration 2/10 for Orkut klev0 k=5...
    Passes: 6, Time/Memory: 12173.86,1449984, Output: ['6']
  📊 Iteration 2/10 for Orkut klev0 k=3...
    Passes: 6, Time/Memory: 12196.59,1449984, Output: ['6']
  📊 Iteration 2/10 for Orkut klev0 k=2...
    Passes: 6, Time/Memory: 12423.82,1447936, Output: ['6']
  📊 Iteration 2/10 for Orkut klev0 k=4...
    Passes: 6, Time/Memory: 11988.74,1448960, Output: ['6']
  📊 Iteration 3/10 for Orkut klev0 k=5...
    Passes: 6, Time/Memory: 12072.59,1449984, Output: ['6']
  📊 Iteration 3/10 for Orkut klev0 k=3...
    Passes: 6, Time/Memory: 12052.04,1449984, Output: ['6']
  📊 Iteration 3/10 for Orkut klev0 k=2...
    Passes: 6, Time/Memory: 12411.39,1445888, Output: ['6']
  📊 Iteration 3/10 for Orkut klev0 k=4...
    Passes: 4, Time/Memory: 27856.59,1964032, Output: ['4']
  📊 Iteration 2/10 for LiveJournal klevN k=1...
    Passes: 6, Time/Memory: 11972.35,1447936, Output: ['6']
  📊 Iteration 4/10 for Orkut klev0 k=5...
    Passes: 6, Time/Memory: 12060.22,1449984, Output: ['6']
  📊 Iteration 4/10 for Orkut klev0 k=3...
    Passes: 6, Time/Memory: 12131.94,1449984, Output: ['6']
  📊 Iteration 4/10 for Orkut klev0 k=2...
    Passes: 6, Time/Memory: 12359.45,1444864, Output: ['6']
  📊 Iteration 4/10 for Orkut klev0 k=4...
    Passes: 6, Time/Memory: 11963.85,1447936, Output: ['6']
  📊 Iteration 5/10 for Orkut klev0 k=5...
    Passes: 6, Time/Memory: 12077.11,1449984, Output: ['6']
  📊 Iteration 5/10 for Orkut klev0 k=3...
    Passes: 6, Time/Memory: 12155.97,1449984, Output: ['6']
  📊 Iteration 5/10 for Orkut klev0 k=2...
    Passes: 6, Time/Memory: 12318.24,1448960, Output: ['6']
  📊 Iteration 5/10 for Orkut klev0 k=4...
    Passes: 4, Time/Memory: 27838.34,1964032, Output: ['4']
  📊 Iteration 3/10 for LiveJournal klevN k=1...
    Passes: 6, Time/Memory: 11965.91,1446912, Output: ['6']
  📊 Iteration 6/10 for Orkut klev0 k=5...
    Passes: 6, Time/Memory: 12055.52,1449984, Output: ['6']
  📊 Iteration 6/10 for Orkut klev0 k=3...
    Passes: 6, Time/Memory: 12056.51,1449984, Output: ['6']
  📊 Iteration 6/10 for Orkut klev0 k=2...
    Passes: 6, Time/Memory: 12298.35,1445888, Output: ['6']
  📊 Iteration 6/10 for Orkut klev0 k=4...
    Passes: 6, Time/Memory: 11940.68,1446912, Output: ['6']
  📊 Iteration 7/10 for Orkut klev0 k=5...
    Passes: 6, Time/Memory: 12161.41,1449984, Output: ['6']
  📊 Iteration 7/10 for Orkut klev0 k=3...
    Passes: 6, Time/Memory: 12064.70,1449984, Output: ['6']
  📊 Iteration 7/10 for Orkut klev0 k=2...
    Passes: 6, Time/Memory: 12303.15,1447936, Output: ['6']
  📊 Iteration 7/10 for Orkut klev0 k=4...
    Passes: 4, Time/Memory: 27857.96,1964032, Output: ['4']
  📊 Iteration 4/10 for LiveJournal klevN k=1...
    Passes: 6, Time/Memory: 11948.99,1447936, Output: ['6']
  📊 Iteration 8/10 for Orkut klev0 k=5...
    Passes: 6, Time/Memory: 12098.68,1448960, Output: ['6']
  📊 Iteration 8/10 for Orkut klev0 k=3...
    Passes: 6, Time/Memory: 12155.38,1449984, Output: ['6']
  📊 Iteration 8/10 for Orkut klev0 k=2...
    Passes: 6, Time/Memory: 12321.98,1449984, Output: ['6']
  📊 Iteration 8/10 for Orkut klev0 k=4...
    Passes: 6, Time/Memory: 11959.81,1446912, Output: ['6']
  📊 Iteration 9/10 for Orkut klev0 k=5...
    Passes: 6, Time/Memory: 12096.38,1449984, Output: ['6']
  📊 Iteration 9/10 for Orkut klev0 k=3...
    Passes: 6, Time/Memory: 12124.57,1449984, Output: ['6']
  📊 Iteration 9/10 for Orkut klev0 k=2...
    Passes: 6, Time/Memory: 12308.17,1447936, Output: ['6']
  📊 Iteration 9/10 for Orkut klev0 k=4...
    Passes: 6, Time/Memory: 12553.99,1447936, Output: ['6']
  📊 Iteration 10/10 for Orkut klev0 k=5...
    Passes: 6, Time/Memory: 12256.59,1448960, Output: ['6']
  📊 Iteration 10/10 for Orkut klev0 k=3...
    Passes: 6, Time/Memory: 12241.62,1449984, Output: ['6']
  📊 Iteration 10/10 for Orkut klev0 k=2...
    Passes: 4, Time/Memory: 28146.33,1965056, Output: ['4']
  📊 Iteration 5/10 for LiveJournal klevN k=1...
    Passes: 6, Time/Memory: 13199.26,1449984, Output: ['6']
  📊 Iteration 10/10 for Orkut klev0 k=4...
    Passes: 6, Time/Memory: 12893.32,1447936, Output: ['6']
✅ Completed Orkut klev0 k=5: 12121.82s, 1447628.8KB
✅ [1/5] Completed Orkut klev0 k=5
    Passes: 6, Time/Memory: 12483.44,1449984, Output: ['6']
✅ Completed Orkut klev0 k=3: 12153.58s, 1449779.2KB
✅ [2/5] Completed Orkut klev0 k=3
    Passes: 6, Time/Memory: 12456.77,1449984, Output: ['6']
✅ Completed Orkut klev0 k=2: 12163.61s, 1449984.0KB
✅ [3/5] Completed Orkut klev0 k=2
    Passes: 6, Time/Memory: 13117.23,1448960, Output: ['6']
✅ Completed Orkut klev0 k=4: 12506.1s, 1447833.6KB
✅ [4/5] Completed Orkut klev0 k=4
    Passes: 4, Time/Memory: 28376.57,1963008, Output: ['4']
  📊 Iteration 6/10 for LiveJournal klevN k=1...
    Passes: 4, Time/Memory: 28755.95,1964032, Output: ['4']
  📊 Iteration 7/10 for LiveJournal klevN k=1...
    Passes: 4, Time/Memory: 29373.88,1964032, Output: ['4']
  📊 Iteration 8/10 for LiveJournal klevN k=1...
    Passes: 4, Time/Memory: 29324.73,1965056, Output: ['4']
  📊 Iteration 9/10 for LiveJournal klevN k=1...
    Passes: 4, Time/Memory: 29564.97,1964032, Output: ['4']
  📊 Iteration 10/10 for LiveJournal klevN k=1...
    Passes: 4, Time/Memory: 29223.01,1964032, Output: ['4']
✅ Completed LiveJournal klevN k=1: 28631.83s, 1964134.4KB
✅ [5/5] Completed LiveJournal klevN k=1

🏁 All experiments completed!
✅ Successful: 5
❌ Failed: 0
📁 Results saved in ./results/real/average_concurrent_runs
