🎯 Total configurations to run: 4
🔄 Running with 36 parallel workers
🚀 Running Orkut with klevA, k=39, iterations=9, file=1
  📊 Iteration 1/9 for Orkut klevA k=39...
🚀 Running Orkut with klevB, k=39, iterations=9, file=6
  📊 Iteration 1/9 for Orkut klevB k=39...
🚀 Running Orkut with klevC, k=39, iterations=9, file=11
  📊 Iteration 1/9 for Orkut klevC k=39...
🚀 Running Orkut with klevD, k=39, iterations=9, file=16
  📊 Iteration 1/9 for Orkut klevD k=39...
      Passes: 1,  Height: 0, Time/Memory: 58.39,3050524
  📊 Iteration 2/9 for Orkut klevD k=39...
      Passes: 1,  Height: 0, Time/Memory: 59.61,3051508
  📊 Iteration 2/9 for Orkut klevA k=39...
      Passes: 1,  Height: 0, Time/Memory: 59.82,3049424
  📊 Iteration 2/9 for Orkut klevC k=39...
      Passes: 1,  Height: 0, Time/Memory: 65.11,3051476
  📊 Iteration 2/9 for Orkut klevB k=39...
      Passes: 1,  Height: 0, Time/Memory: 56.89,3049292
  📊 Iteration 3/9 for Orkut klevD k=39...
      Passes: 1,  Height: 0, Time/Memory: 62.46,3051396
  📊 Iteration 3/9 for Orkut klevA k=39...
      Passes: 1,  Height: 0, Time/Memory: 57.90,3052432
  📊 Iteration 3/9 for Orkut klevB k=39...
      Passes: 1,  Height: 0, Time/Memory: 67.19,3051392
  📊 Iteration 3/9 for Orkut klevC k=39...
      Passes: 1,  Height: 0, Time/Memory: 54.41,3051540
  📊 Iteration 4/9 for Orkut klevA k=39...
      Passes: 1,  Height: 0, Time/Memory: 57.67,3049524
  📊 Iteration 4/9 for Orkut klevD k=39...
      Passes: 1,  Height: 0, Time/Memory: 55.52,3049328
  📊 Iteration 4/9 for Orkut klevB k=39...
      Passes: 1,  Height: 0, Time/Memory: 57.20,3053484
  📊 Iteration 4/9 for Orkut klevC k=39...
      Passes: 1,  Height: 0, Time/Memory: 56.42,3051560
  📊 Iteration 5/9 for Orkut klevA k=39...
      Passes: 1,  Height: 0, Time/Memory: 60.86,3050348
  📊 Iteration 5/9 for Orkut klevD k=39...
      Passes: 1,  Height: 0, Time/Memory: 60.43,3048476
  📊 Iteration 5/9 for Orkut klevB k=39...
      Passes: 1,  Height: 0, Time/Memory: 60.31,3051360
  📊 Iteration 5/9 for Orkut klevC k=39...
      Passes: 1,  Height: 0, Time/Memory: 59.83,3053476
  📊 Iteration 6/9 for Orkut klevA k=39...
      Passes: 1,  Height: 0, Time/Memory: 59.54,3050448
  📊 Iteration 6/9 for Orkut klevD k=39...
      Passes: 1,  Height: 0, Time/Memory: 58.74,3051456
  📊 Iteration 6/9 for Orkut klevC k=39...
      Passes: 1,  Height: 0, Time/Memory: 61.71,3049420
  📊 Iteration 6/9 for Orkut klevB k=39...
      Passes: 1,  Height: 0, Time/Memory: 60.72,3053436
  📊 Iteration 7/9 for Orkut klevA k=39...
      Passes: 1,  Height: 0, Time/Memory: 56.77,3051256
  📊 Iteration 7/9 for Orkut klevC k=39...
      Passes: 1,  Height: 0, Time/Memory: 62.59,3050460
  📊 Iteration 7/9 for Orkut klevD k=39...
      Passes: 1,  Height: 0, Time/Memory: 57.55,3050316
  📊 Iteration 7/9 for Orkut klevB k=39...
      Passes: 1,  Height: 0, Time/Memory: 58.58,3047276
  📊 Iteration 8/9 for Orkut klevA k=39...
      Passes: 1,  Height: 0, Time/Memory: 55.66,3051484
  📊 Iteration 8/9 for Orkut klevB k=39...
      Passes: 1,  Height: 0, Time/Memory: 58.44,3051436
  📊 Iteration 8/9 for Orkut klevD k=39...
      Passes: 1,  Height: 0, Time/Memory: 57.99,3051356
  📊 Iteration 8/9 for Orkut klevC k=39...
      Passes: 1,  Height: 0, Time/Memory: 56.88,3053432
  📊 Iteration 9/9 for Orkut klevA k=39...
      Passes: 1,  Height: 0, Time/Memory: 55.07,3051476
  📊 Iteration 9/9 for Orkut klevB k=39...
      Passes: 1,  Height: 0, Time/Memory: 55.91,3053396
  📊 Iteration 9/9 for Orkut klevD k=39...
      Passes: 1,  Height: 0, Time/Memory: 58.20,3052480
  📊 Iteration 9/9 for Orkut klevC k=39...
      Passes: 1,  Height: 0, Time/Memory: 58.04,3053440
✅ Completed Orkut klevA k=39: 58.55s, 3051896.0KB
✅ [1/4] Completed Orkut klevA k=C
      Passes: 1,  Height: 0, Time/Memory: 56.54,3050412
✅ Completed Orkut klevD k=39: 58.54s, 3050648.89KB
✅ [2/4] Completed Orkut klevD k=C
      Passes: 1,  Height: 0, Time/Memory: 59.93,3051304
✅ Completed Orkut klevB k=39: 58.76s, 3050634.67KB
✅ [3/4] Completed Orkut klevB k=C
      Passes: 1,  Height: 0, Time/Memory: 60.25,3053584
✅ Completed Orkut klevC k=39: 59.61s, 3051754.67KB
✅ [4/4] Completed Orkut klevC k=C

🏁 All experiments completed!
✅ Successful: 4
❌ Failed: 0
📁 Results saved in ./results/real/average_concurrent_runs
