🎯 Total configurations to run: 4
🔄 Running with 30 parallel workers
🚀 Running KonectDblp with klev0, k=7, iterations=8, file=4
  📊 Iteration 1/8 for KonectDblp klev0 k=7...
🚀 Running KonectDblp with klev0, k=6, iterations=1, file=5
  📊 Iteration 1/1 for KonectDblp klev0 k=6...
🚀 Running KonectDblp with klev0, k=5, iterations=1, file=6
  📊 Iteration 1/1 for KonectDblp klev0 k=5...
🚀 Running KonectDblp with kpath0, k=10, iterations=9, file=8
  📊 Iteration 1/9 for KonectDblp kpath0 k=10...
    Passes: 2, Time/Memory: 10411.97,3877924, Output: ['2']
  📊 Iteration 2/9 for KonectDblp kpath0 k=10...
    Passes: 6, Time/Memory: 77170.54,2816036, Output: ['6']
  📊 Iteration 2/8 for KonectDblp klev0 k=7...
    Passes: 6, Time/Memory: 78775.27,2827316, Output: ['6']
✅ Completed KonectDblp klev0 k=6: 78775.27s, 2827316.0KB
✅ [1/4] Completed KonectDblp klev0 k=6
    Passes: 6, Time/Memory: 80139.44,2809892, Output: ['6']
✅ Completed KonectDblp klev0 k=5: 80139.44s, 2809892.0KB
✅ [2/4] Completed KonectDblp klev0 k=5
    Passes: 2, Time/Memory: 10704.91,3877924, Output: ['2']
  📊 Iteration 3/9 for KonectDblp kpath0 k=10...
    Passes: 6, Time/Memory: 77742.66,2809892, Output: ['6']
  📊 Iteration 3/8 for KonectDblp klev0 k=7...
    Passes: 2, Time/Memory: 10916.74,3877924, Output: ['2']
  📊 Iteration 4/9 for KonectDblp kpath0 k=10...
    Passes: 2, Time/Memory: 10565.33,3876932, Output: ['2']
  📊 Iteration 5/9 for KonectDblp kpath0 k=10...
    Passes: 6, Time/Memory: 79160.50,2835532, Output: ['6']
  📊 Iteration 4/8 for KonectDblp klev0 k=7...
    Passes: 2, Time/Memory: 10505.78,3876900, Output: ['2']
  📊 Iteration 6/9 for KonectDblp kpath0 k=10...
    Passes: 6, Time/Memory: 75843.03,2832420, Output: ['6']
  📊 Iteration 5/8 for KonectDblp klev0 k=7...
    Passes: 2, Time/Memory: 10509.32,3874880, Output: ['2']
  📊 Iteration 7/9 for KonectDblp kpath0 k=10...
    Passes: 2, Time/Memory: 10648.12,3877924, Output: ['2']
  📊 Iteration 8/9 for KonectDblp kpath0 k=10...
    Passes: 6, Time/Memory: 78614.61,2821152, Output: ['6']
  📊 Iteration 6/8 for KonectDblp klev0 k=7...
    Passes: 2, Time/Memory: 10594.13,3874852, Output: ['2']
  📊 Iteration 9/9 for KonectDblp kpath0 k=10...
    Passes: 6, Time/Memory: 77203.08,2831392, Output: ['6']
  📊 Iteration 7/8 for KonectDblp klev0 k=7...
    Passes: 2, Time/Memory: 10840.68,3877984, Output: ['2']
✅ Completed KonectDblp kpath0 k=10: 10633.0s, 3877027.11KB
✅ [3/4] Completed KonectDblp kpath0 k=10
    Passes: 6, Time/Memory: 77345.99,2831424, Output: ['6']
  📊 Iteration 8/8 for KonectDblp klev0 k=7...
    Passes: 6, Time/Memory: 81839.53,2832420, Output: ['6']
✅ Completed KonectDblp klev0 k=7: 78114.99s, 2826283.5KB
✅ [4/4] Completed KonectDblp klev0 k=7

🏁 All experiments completed!
✅ Successful: 4
❌ Failed: 0
📁 Results saved in ./results/real/average_concurrent_runs
