🎯 Total configurations to run: 9
🔄 Running with 36 parallel workers
🚀 Running Belcastro with klevD, k=9, iterations=19, file=1
  📊 Iteration 1/19 for Belcastro klevD k=9...
🚀 Running Belcastro with klevD, k=8, iterations=19, file=2
  📊 Iteration 1/19 for Belcastro klevD k=8...
🚀 Running Belcastro with klevD, k=7, iterations=19, file=3
  📊 Iteration 1/19 for Belcastro klevD k=7...
🚀 Running Belcastro with klevD, k=6, iterations=19, file=4
  📊 Iteration 1/19 for Belcastro klevD k=6...
🚀 Running Belcastro with klevC, k=7, iterations=19, file=5
  📊 Iteration 1/19 for Belcastro klevC k=7...
🚀 Running Belcastro with klevC, k=6, iterations=19, file=6
  📊 Iteration 1/19 for Belcastro klevC k=6...
🚀 Running Belcastro with klevC, k=5, iterations=19, file=7
  📊 Iteration 1/19 for Belcastro klevC k=5...
🚀 Running Belcastro with klevC, k=4, iterations=19, file=8
  📊 Iteration 1/19 for Belcastro klevC k=4...
🚀 Running Belcastro with klevC, k=3, iterations=19, file=9
  📊 Iteration 1/19 for Belcastro klevC k=3...
      Passes: 3,  Height: 12683, Time/Memory: 10.68,8300
  📊 Iteration 2/19 for Belcastro klevC k=7...
      Passes: 3,  Height: 12683, Time/Memory: 10.83,8300
  📊 Iteration 2/19 for Belcastro klevC k=5...
      Passes: 3,  Height: 12683, Time/Memory: 10.97,8328
  📊 Iteration 2/19 for Belcastro klevC k=3...
      Passes: 3,  Height: 12683, Time/Memory: 11.00,8308
  📊 Iteration 2/19 for Belcastro klevC k=4...
      Passes: 3,  Height: 12683, Time/Memory: 11.13,8268
  📊 Iteration 2/19 for Belcastro klevC k=6...
      Passes: 4,  Height: 12595, Time/Memory: 13.57,15508
  📊 Iteration 2/19 for Belcastro klevD k=6...
      Passes: 4,  Height: 12595, Time/Memory: 13.80,19564
  📊 Iteration 2/19 for Belcastro klevD k=8...
      Passes: 4,  Height: 12595, Time/Memory: 13.62,16508
  📊 Iteration 2/19 for Belcastro klevD k=7...
      Passes: 4,  Height: 12595, Time/Memory: 13.98,18580
  📊 Iteration 2/19 for Belcastro klevD k=9...
      Passes: 3,  Height: 12683, Time/Memory: 10.88,8280
  📊 Iteration 3/19 for Belcastro klevC k=7...
      Passes: 3,  Height: 12683, Time/Memory: 10.79,7316
  📊 Iteration 3/19 for Belcastro klevC k=5...
      Passes: 3,  Height: 12683, Time/Memory: 10.72,8304
  📊 Iteration 3/19 for Belcastro klevC k=4...
      Passes: 3,  Height: 12683, Time/Memory: 11.12,7288
  📊 Iteration 3/19 for Belcastro klevC k=3...
      Passes: 3,  Height: 12683, Time/Memory: 10.99,8320
  📊 Iteration 3/19 for Belcastro klevC k=6...
      Passes: 4,  Height: 12595, Time/Memory: 13.58,15496
  📊 Iteration 3/19 for Belcastro klevD k=6...
      Passes: 4,  Height: 12595, Time/Memory: 13.91,18592
  📊 Iteration 3/19 for Belcastro klevD k=8...
      Passes: 4,  Height: 12595, Time/Memory: 14.07,16456
  📊 Iteration 3/19 for Belcastro klevD k=7...
      Passes: 4,  Height: 12595, Time/Memory: 14.10,17556
  📊 Iteration 3/19 for Belcastro klevD k=9...
      Passes: 3,  Height: 12683, Time/Memory: 11.08,7264
  📊 Iteration 4/19 for Belcastro klevC k=7...
      Passes: 3,  Height: 12683, Time/Memory: 11.31,7284
  📊 Iteration 4/19 for Belcastro klevC k=5...
      Passes: 3,  Height: 12683, Time/Memory: 11.21,7236
  📊 Iteration 4/19 for Belcastro klevC k=4...
      Passes: 3,  Height: 12683, Time/Memory: 10.96,7272
  📊 Iteration 4/19 for Belcastro klevC k=6...
      Passes: 3,  Height: 12683, Time/Memory: 10.98,7312
  📊 Iteration 4/19 for Belcastro klevC k=3...
      Passes: 4,  Height: 12595, Time/Memory: 13.83,14448
  📊 Iteration 4/19 for Belcastro klevD k=6...
      Passes: 4,  Height: 12595, Time/Memory: 13.83,18584
  📊 Iteration 4/19 for Belcastro klevD k=8...
      Passes: 4,  Height: 12595, Time/Memory: 14.08,16448
  📊 Iteration 4/19 for Belcastro klevD k=7...
      Passes: 4,  Height: 12595, Time/Memory: 14.12,19560
  📊 Iteration 4/19 for Belcastro klevD k=9...
      Passes: 3,  Height: 12683, Time/Memory: 10.89,7256
  📊 Iteration 5/19 for Belcastro klevC k=7...
      Passes: 3,  Height: 12683, Time/Memory: 10.70,7272
  📊 Iteration 5/19 for Belcastro klevC k=4...
      Passes: 3,  Height: 12683, Time/Memory: 10.90,8284
  📊 Iteration 5/19 for Belcastro klevC k=5...
      Passes: 3,  Height: 12683, Time/Memory: 10.89,8260
  📊 Iteration 5/19 for Belcastro klevC k=6...
      Passes: 3,  Height: 12683, Time/Memory: 11.04,8316
  📊 Iteration 5/19 for Belcastro klevC k=3...
      Passes: 3,  Height: 12683, Time/Memory: 10.79,8316
  📊 Iteration 6/19 for Belcastro klevC k=7...
      Passes: 4,  Height: 12595, Time/Memory: 13.67,16464
  📊 Iteration 5/19 for Belcastro klevD k=6...
      Passes: 3,  Height: 12683, Time/Memory: 10.95,8312
  📊 Iteration 6/19 for Belcastro klevC k=6...
      Passes: 3,  Height: 12683, Time/Memory: 11.13,7332
  📊 Iteration 6/19 for Belcastro klevC k=4...
      Passes: 3,  Height: 12683, Time/Memory: 11.03,7240
  📊 Iteration 6/19 for Belcastro klevC k=3...
      Passes: 4,  Height: 12595, Time/Memory: 13.76,19576
  📊 Iteration 5/19 for Belcastro klevD k=8...
      Passes: 4,  Height: 12595, Time/Memory: 13.74,16512
  📊 Iteration 5/19 for Belcastro klevD k=7...
      Passes: 3,  Height: 12683, Time/Memory: 12.17,8356
  📊 Iteration 6/19 for Belcastro klevC k=5...
      Passes: 4,  Height: 12595, Time/Memory: 13.73,20640
  📊 Iteration 5/19 for Belcastro klevD k=9...
      Passes: 3,  Height: 12683, Time/Memory: 11.08,8316
  📊 Iteration 7/19 for Belcastro klevC k=7...
      Passes: 3,  Height: 12683, Time/Memory: 10.87,8268
  📊 Iteration 7/19 for Belcastro klevC k=6...
      Passes: 3,  Height: 12683, Time/Memory: 11.17,7256
  📊 Iteration 7/19 for Belcastro klevC k=4...
      Passes: 3,  Height: 12683, Time/Memory: 11.24,8316
  📊 Iteration 7/19 for Belcastro klevC k=3...
      Passes: 3,  Height: 12683, Time/Memory: 10.89,8320
  📊 Iteration 7/19 for Belcastro klevC k=5...
      Passes: 4,  Height: 12595, Time/Memory: 13.96,14472
  📊 Iteration 6/19 for Belcastro klevD k=6...
      Passes: 4,  Height: 12595, Time/Memory: 13.63,18548
  📊 Iteration 6/19 for Belcastro klevD k=8...
      Passes: 4,  Height: 12595, Time/Memory: 13.59,16496
  📊 Iteration 6/19 for Belcastro klevD k=7...
      Passes: 4,  Height: 12595, Time/Memory: 13.85,18580
  📊 Iteration 6/19 for Belcastro klevD k=9...
      Passes: 3,  Height: 12683, Time/Memory: 11.02,7344
  📊 Iteration 8/19 for Belcastro klevC k=7...
      Passes: 3,  Height: 12683, Time/Memory: 11.04,7288
  📊 Iteration 8/19 for Belcastro klevC k=6...
      Passes: 3,  Height: 12683, Time/Memory: 10.85,7288
  📊 Iteration 8/19 for Belcastro klevC k=4...
      Passes: 3,  Height: 12683, Time/Memory: 10.96,7308
  📊 Iteration 8/19 for Belcastro klevC k=3...
      Passes: 3,  Height: 12683, Time/Memory: 10.89,7312
  📊 Iteration 8/19 for Belcastro klevC k=5...
      Passes: 4,  Height: 12595, Time/Memory: 13.89,14452
  📊 Iteration 7/19 for Belcastro klevD k=6...
      Passes: 4,  Height: 12595, Time/Memory: 14.21,17556
  📊 Iteration 7/19 for Belcastro klevD k=8...
      Passes: 4,  Height: 12595, Time/Memory: 13.79,16512
  📊 Iteration 7/19 for Belcastro klevD k=7...
      Passes: 4,  Height: 12595, Time/Memory: 13.67,18552
  📊 Iteration 7/19 for Belcastro klevD k=9...
      Passes: 3,  Height: 12683, Time/Memory: 10.68,7328
  📊 Iteration 9/19 for Belcastro klevC k=7...
      Passes: 3,  Height: 12683, Time/Memory: 10.93,8296
  📊 Iteration 9/19 for Belcastro klevC k=6...
      Passes: 3,  Height: 12683, Time/Memory: 11.02,8320
  📊 Iteration 9/19 for Belcastro klevC k=4...
      Passes: 3,  Height: 12683, Time/Memory: 10.78,8308
  📊 Iteration 9/19 for Belcastro klevC k=3...
      Passes: 3,  Height: 12683, Time/Memory: 10.91,8324
  📊 Iteration 9/19 for Belcastro klevC k=5...
      Passes: 4,  Height: 12595, Time/Memory: 13.88,14492
  📊 Iteration 8/19 for Belcastro klevD k=6...
      Passes: 4,  Height: 12595, Time/Memory: 13.83,17568
  📊 Iteration 8/19 for Belcastro klevD k=8...
      Passes: 4,  Height: 12595, Time/Memory: 13.74,19620
  📊 Iteration 8/19 for Belcastro klevD k=9...
      Passes: 4,  Height: 12595, Time/Memory: 14.17,16492
  📊 Iteration 8/19 for Belcastro klevD k=7...
      Passes: 3,  Height: 12683, Time/Memory: 11.25,7292
  📊 Iteration 10/19 for Belcastro klevC k=7...
      Passes: 3,  Height: 12683, Time/Memory: 10.79,8352
  📊 Iteration 10/19 for Belcastro klevC k=6...
      Passes: 3,  Height: 12683, Time/Memory: 10.87,7264
  📊 Iteration 10/19 for Belcastro klevC k=4...
      Passes: 3,  Height: 12683, Time/Memory: 10.97,7256
  📊 Iteration 10/19 for Belcastro klevC k=3...
      Passes: 3,  Height: 12683, Time/Memory: 11.16,7308
  📊 Iteration 10/19 for Belcastro klevC k=5...
      Passes: 3,  Height: 12683, Time/Memory: 10.80,9340
  📊 Iteration 11/19 for Belcastro klevC k=7...
      Passes: 3,  Height: 12683, Time/Memory: 10.58,8320
  📊 Iteration 11/19 for Belcastro klevC k=6...
      Passes: 3,  Height: 12683, Time/Memory: 10.69,7316
  📊 Iteration 11/19 for Belcastro klevC k=4...
      Passes: 4,  Height: 12595, Time/Memory: 13.41,14424
  📊 Iteration 9/19 for Belcastro klevD k=6...
      Passes: 3,  Height: 12683, Time/Memory: 11.02,8316
  📊 Iteration 11/19 for Belcastro klevC k=3...
      Passes: 4,  Height: 12595, Time/Memory: 13.68,18556
  📊 Iteration 9/19 for Belcastro klevD k=8...
      Passes: 3,  Height: 12683, Time/Memory: 10.77,8324
  📊 Iteration 11/19 for Belcastro klevC k=5...
      Passes: 4,  Height: 12595, Time/Memory: 13.34,17540
  📊 Iteration 9/19 for Belcastro klevD k=7...
      Passes: 4,  Height: 12595, Time/Memory: 13.59,20628
  📊 Iteration 9/19 for Belcastro klevD k=9...
      Passes: 3,  Height: 12683, Time/Memory: 10.77,8304
  📊 Iteration 12/19 for Belcastro klevC k=7...
      Passes: 3,  Height: 12683, Time/Memory: 10.92,8316
  📊 Iteration 12/19 for Belcastro klevC k=6...
      Passes: 3,  Height: 12683, Time/Memory: 10.72,8316
  📊 Iteration 12/19 for Belcastro klevC k=4...
      Passes: 3,  Height: 12683, Time/Memory: 10.88,7248
  📊 Iteration 12/19 for Belcastro klevC k=3...
      Passes: 3,  Height: 12683, Time/Memory: 11.28,8324
  📊 Iteration 12/19 for Belcastro klevC k=5...
      Passes: 4,  Height: 12595, Time/Memory: 13.97,15500
  📊 Iteration 10/19 for Belcastro klevD k=6...
      Passes: 4,  Height: 12595, Time/Memory: 14.17,17568
  📊 Iteration 10/19 for Belcastro klevD k=7...
      Passes: 4,  Height: 12595, Time/Memory: 14.31,19584
  📊 Iteration 10/19 for Belcastro klevD k=9...
      Passes: 4,  Height: 12595, Time/Memory: 14.83,17532
  📊 Iteration 10/19 for Belcastro klevD k=8...
      Passes: 3,  Height: 12683, Time/Memory: 11.97,7292
  📊 Iteration 13/19 for Belcastro klevC k=7...
      Passes: 3,  Height: 12683, Time/Memory: 12.33,8264
  📊 Iteration 13/19 for Belcastro klevC k=6...
      Passes: 3,  Height: 12683, Time/Memory: 12.43,7264
  📊 Iteration 13/19 for Belcastro klevC k=4...
      Passes: 3,  Height: 12683, Time/Memory: 12.37,7288
  📊 Iteration 13/19 for Belcastro klevC k=3...
      Passes: 3,  Height: 12683, Time/Memory: 12.16,7288
  📊 Iteration 13/19 for Belcastro klevC k=5...
      Passes: 4,  Height: 12595, Time/Memory: 14.96,15488
  📊 Iteration 11/19 for Belcastro klevD k=7...
      Passes: 4,  Height: 12595, Time/Memory: 15.77,14500
  📊 Iteration 11/19 for Belcastro klevD k=6...
      Passes: 4,  Height: 12595, Time/Memory: 15.74,18552
  📊 Iteration 11/19 for Belcastro klevD k=9...
      Passes: 4,  Height: 12595, Time/Memory: 15.71,17488
  📊 Iteration 11/19 for Belcastro klevD k=8...
      Passes: 3,  Height: 12683, Time/Memory: 12.08,7292
  📊 Iteration 14/19 for Belcastro klevC k=7...
      Passes: 3,  Height: 12683, Time/Memory: 12.69,7248
  📊 Iteration 14/19 for Belcastro klevC k=6...
      Passes: 3,  Height: 12683, Time/Memory: 13.08,7304
  📊 Iteration 14/19 for Belcastro klevC k=4...
      Passes: 3,  Height: 12683, Time/Memory: 12.16,6252
  📊 Iteration 14/19 for Belcastro klevC k=3...
      Passes: 3,  Height: 12683, Time/Memory: 12.03,7276
  📊 Iteration 14/19 for Belcastro klevC k=5...
      Passes: 4,  Height: 12595, Time/Memory: 14.88,14492
  📊 Iteration 12/19 for Belcastro klevD k=7...
      Passes: 4,  Height: 12595, Time/Memory: 15.20,13428
  📊 Iteration 12/19 for Belcastro klevD k=6...
      Passes: 4,  Height: 12595, Time/Memory: 15.04,19604
  📊 Iteration 12/19 for Belcastro klevD k=9...
      Passes: 3,  Height: 12683, Time/Memory: 12.21,8272
  📊 Iteration 15/19 for Belcastro klevC k=7...
      Passes: 4,  Height: 12595, Time/Memory: 15.61,17564
  📊 Iteration 12/19 for Belcastro klevD k=8...
      Passes: 3,  Height: 12683, Time/Memory: 12.24,7288
  📊 Iteration 15/19 for Belcastro klevC k=6...
      Passes: 3,  Height: 12683, Time/Memory: 12.04,7344
  📊 Iteration 15/19 for Belcastro klevC k=3...
      Passes: 3,  Height: 12683, Time/Memory: 12.51,7256
  📊 Iteration 15/19 for Belcastro klevC k=4...
      Passes: 3,  Height: 12683, Time/Memory: 12.33,7308
  📊 Iteration 15/19 for Belcastro klevC k=5...
      Passes: 3,  Height: 12683, Time/Memory: 12.28,8272
  📊 Iteration 16/19 for Belcastro klevC k=7...
      Passes: 3,  Height: 12683, Time/Memory: 12.08,7292
  📊 Iteration 16/19 for Belcastro klevC k=6...
      Passes: 4,  Height: 12595, Time/Memory: 15.58,15480
  📊 Iteration 13/19 for Belcastro klevD k=7...
      Passes: 3,  Height: 12683, Time/Memory: 12.27,7320
  📊 Iteration 16/19 for Belcastro klevC k=3...
      Passes: 4,  Height: 12595, Time/Memory: 15.08,13464
  📊 Iteration 13/19 for Belcastro klevD k=6...
      Passes: 3,  Height: 12683, Time/Memory: 12.41,7292
  📊 Iteration 16/19 for Belcastro klevC k=4...
      Passes: 3,  Height: 12683, Time/Memory: 12.41,7292
  📊 Iteration 16/19 for Belcastro klevC k=5...
      Passes: 4,  Height: 12595, Time/Memory: 14.96,18548
  📊 Iteration 13/19 for Belcastro klevD k=8...
      Passes: 4,  Height: 12595, Time/Memory: 15.74,17532
  📊 Iteration 13/19 for Belcastro klevD k=9...
      Passes: 3,  Height: 12683, Time/Memory: 13.21,7256
  📊 Iteration 17/19 for Belcastro klevC k=7...
      Passes: 3,  Height: 12683, Time/Memory: 12.20,8364
  📊 Iteration 17/19 for Belcastro klevC k=6...
      Passes: 3,  Height: 12683, Time/Memory: 12.14,7276
  📊 Iteration 17/19 for Belcastro klevC k=4...
      Passes: 3,  Height: 12683, Time/Memory: 12.70,7248
  📊 Iteration 17/19 for Belcastro klevC k=3...
      Passes: 3,  Height: 12683, Time/Memory: 12.57,7288
  📊 Iteration 17/19 for Belcastro klevC k=5...
      Passes: 4,  Height: 12595, Time/Memory: 15.10,15480
  📊 Iteration 14/19 for Belcastro klevD k=7...
      Passes: 4,  Height: 12595, Time/Memory: 16.05,15464
  📊 Iteration 14/19 for Belcastro klevD k=6...
      Passes: 4,  Height: 12595, Time/Memory: 15.38,17504
  📊 Iteration 14/19 for Belcastro klevD k=8...
      Passes: 4,  Height: 12595, Time/Memory: 15.53,18560
  📊 Iteration 14/19 for Belcastro klevD k=9...
      Passes: 3,  Height: 12683, Time/Memory: 12.63,7324
  📊 Iteration 18/19 for Belcastro klevC k=7...
      Passes: 3,  Height: 12683, Time/Memory: 12.80,7296
  📊 Iteration 18/19 for Belcastro klevC k=6...
      Passes: 3,  Height: 12683, Time/Memory: 12.60,7332
  📊 Iteration 18/19 for Belcastro klevC k=4...
      Passes: 3,  Height: 12683, Time/Memory: 12.91,7292
  📊 Iteration 18/19 for Belcastro klevC k=3...
      Passes: 3,  Height: 12683, Time/Memory: 12.64,7292
  📊 Iteration 18/19 for Belcastro klevC k=5...
      Passes: 4,  Height: 12595, Time/Memory: 15.30,14488
  📊 Iteration 15/19 for Belcastro klevD k=7...
      Passes: 4,  Height: 12595, Time/Memory: 14.98,15508
  📊 Iteration 15/19 for Belcastro klevD k=6...
      Passes: 4,  Height: 12595, Time/Memory: 15.33,18596
  📊 Iteration 15/19 for Belcastro klevD k=8...
      Passes: 4,  Height: 12595, Time/Memory: 15.21,18528
  📊 Iteration 15/19 for Belcastro klevD k=9...
      Passes: 3,  Height: 12683, Time/Memory: 11.27,7240
  📊 Iteration 19/19 for Belcastro klevC k=7...
      Passes: 3,  Height: 12683, Time/Memory: 11.20,7280
  📊 Iteration 19/19 for Belcastro klevC k=6...
      Passes: 3,  Height: 12683, Time/Memory: 11.13,7292
  📊 Iteration 19/19 for Belcastro klevC k=4...
      Passes: 3,  Height: 12683, Time/Memory: 10.94,6264
  📊 Iteration 19/19 for Belcastro klevC k=3...
      Passes: 3,  Height: 12683, Time/Memory: 10.93,7280
  📊 Iteration 19/19 for Belcastro klevC k=5...
      Passes: 4,  Height: 12595, Time/Memory: 13.42,17488
  📊 Iteration 16/19 for Belcastro klevD k=7...
      Passes: 4,  Height: 12595, Time/Memory: 13.89,15472
  📊 Iteration 16/19 for Belcastro klevD k=6...
      Passes: 4,  Height: 12595, Time/Memory: 13.60,18548
  📊 Iteration 16/19 for Belcastro klevD k=8...
      Passes: 3,  Height: 12683, Time/Memory: 10.77,7292
✅ Completed Belcastro klevC k=6: 11.39s, 7873.47KB
✅ [1/9] Completed Belcastro klevC k=6
      Passes: 4,  Height: 12595, Time/Memory: 13.89,18560
  📊 Iteration 16/19 for Belcastro klevD k=9...
      Passes: 3,  Height: 12683, Time/Memory: 11.18,7284
✅ Completed Belcastro klevC k=7: 11.41s, 7766.95KB
✅ [2/9] Completed Belcastro klevC k=7
      Passes: 3,  Height: 12683, Time/Memory: 10.79,8312
✅ Completed Belcastro klevC k=4: 11.43s, 7554.74KB
✅ [3/9] Completed Belcastro klevC k=4
      Passes: 3,  Height: 12683, Time/Memory: 10.81,8348
✅ Completed Belcastro klevC k=5: 11.46s, 7727.58KB
✅ [4/9] Completed Belcastro klevC k=5
      Passes: 3,  Height: 12683, Time/Memory: 10.95,8260
✅ Completed Belcastro klevC k=3: 11.44s, 7500.21KB
✅ [5/9] Completed Belcastro klevC k=3
      Passes: 4,  Height: 12595, Time/Memory: 13.35,16544
  📊 Iteration 17/19 for Belcastro klevD k=7...
      Passes: 4,  Height: 12595, Time/Memory: 13.59,14456
  📊 Iteration 17/19 for Belcastro klevD k=6...
      Passes: 4,  Height: 12595, Time/Memory: 13.76,17476
  📊 Iteration 17/19 for Belcastro klevD k=8...
      Passes: 4,  Height: 12595, Time/Memory: 13.61,19588
  📊 Iteration 17/19 for Belcastro klevD k=9...
      Passes: 4,  Height: 12595, Time/Memory: 13.33,17540
  📊 Iteration 18/19 for Belcastro klevD k=7...
      Passes: 4,  Height: 12595, Time/Memory: 13.58,15484
  📊 Iteration 18/19 for Belcastro klevD k=6...
      Passes: 4,  Height: 12595, Time/Memory: 13.33,18600
  📊 Iteration 18/19 for Belcastro klevD k=8...
      Passes: 4,  Height: 12595, Time/Memory: 13.40,19584
  📊 Iteration 18/19 for Belcastro klevD k=9...
      Passes: 4,  Height: 12595, Time/Memory: 14.07,16512
  📊 Iteration 19/19 for Belcastro klevD k=7...
      Passes: 4,  Height: 12595, Time/Memory: 13.54,16508
  📊 Iteration 19/19 for Belcastro klevD k=6...
      Passes: 4,  Height: 12595, Time/Memory: 13.96,18564
  📊 Iteration 19/19 for Belcastro klevD k=8...
      Passes: 4,  Height: 12595, Time/Memory: 13.75,19572
  📊 Iteration 19/19 for Belcastro klevD k=9...
      Passes: 4,  Height: 12595, Time/Memory: 13.91,15480
✅ Completed Belcastro klevD k=7: 14.13s, 16290.74KB
✅ [6/9] Completed Belcastro klevD k=7
      Passes: 4,  Height: 12595, Time/Memory: 13.63,15464
✅ Completed Belcastro klevD k=6: 14.16s, 15000.21KB
✅ [7/9] Completed Belcastro klevD k=6
      Passes: 4,  Height: 12595, Time/Memory: 13.37,18552
✅ Completed Belcastro klevD k=8: 14.24s, 18290.32KB
✅ [8/9] Completed Belcastro klevD k=8
      Passes: 4,  Height: 12595, Time/Memory: 13.88,19572
✅ Completed Belcastro klevD k=9: 14.26s, 19102.74KB
✅ [9/9] Completed Belcastro klevD k=9

🏁 All experiments completed!
✅ Successful: 9
❌ Failed: 0
📁 Results saved in ./results/real/average_concurrent_runs
