🎯 Total configurations to run: 5
🔄 Running with 30 parallel workers
🚀 Running Orkut with kpath0, k=7, iterations=3, file=5
  📊 Iteration 1/3 for Orkut kpath0 k=7...
🚀 Running LiveJournal with klev1, k=2, iterations=1, file=1
  📊 Iteration 1/1 for LiveJournal klev1 k=2...
🚀 Running LiveJournal with kpath0, k=4, iterations=1, file=2
  📊 Iteration 1/1 for LiveJournal kpath0 k=4...
🚀 Running LiveJournal with kpath0, k=3, iterations=1, file=5
  📊 Iteration 1/1 for LiveJournal kpath0 k=3...
🚀 Running LiveJournal with kpath0, k=2, iterations=1, file=8
  📊 Iteration 1/1 for LiveJournal kpath0 k=2...
    Passes: 11, Time/Memory: 10445.42,2995208, Output: ['11']
  📊 Iteration 2/3 for Orkut kpath0 k=7...
    Passes: 11, Time/Memory: 10492.91,2995188, Output: ['11']
  📊 Iteration 3/3 for Orkut kpath0 k=7...
    Passes: 5, Time/Memory: 28276.80,1650764, Output: ['5']
✅ Completed LiveJournal klev1 k=2: 28276.8s, 1650764.0KB
✅ [1/5] Completed LiveJournal klev1 k=2
    Passes: 11, Time/Memory: 10109.63,2995220, Output: ['11']
✅ Completed Orkut kpath0 k=7: 10349.32s, 2995205.33KB
✅ [2/5] Completed Orkut kpath0 k=7
    Passes: 24, Time/Memory: 40520.02,2777068, Output: ['24']
✅ Completed LiveJournal kpath0 k=4: 40520.02s, 2777068.0KB
✅ [3/5] Completed LiveJournal kpath0 k=4
    Passes: 48, Time/Memory: 44201.26,2388512, Output: ['48']
✅ Completed LiveJournal kpath0 k=3: 44201.26s, 2388512.0KB
✅ [4/5] Completed LiveJournal kpath0 k=3
    Passes: 165, Time/Memory: 53514.94,2004116, Output: ['165']
✅ Completed LiveJournal kpath0 k=2: 53514.94s, 2004116.0KB
✅ [5/5] Completed LiveJournal kpath0 k=2

🏁 All experiments completed!
✅ Successful: 5
❌ Failed: 0
📁 Results saved in ./results/real/average_concurrent_runs
