🎯 Total configurations to run: 1
🔄 Running with 36 parallel workers
🚀 Running Twitch with klev1, k=3, iterations=10, file=1
  📊 Iteration 1/10 for Twitch klev1 k=3...
    Passes: 4, Time/Memory: 40.32,73764, Output: ['4']
  📊 Iteration 2/10 for Twitch klev1 k=3...
    Passes: 4, Time/Memory: 44.78,73852, Output: ['4']
  📊 Iteration 3/10 for Twitch klev1 k=3...
    Passes: 4, Time/Memory: 35.42,72768, Output: ['4']
  📊 Iteration 4/10 for Twitch klev1 k=3...
    Passes: 4, Time/Memory: 42.00,73764, Output: ['4']
  📊 Iteration 5/10 for Twitch klev1 k=3...
    Passes: 4, Time/Memory: 45.94,73760, Output: ['4']
  📊 Iteration 6/10 for Twitch klev1 k=3...
    Passes: 4, Time/Memory: 44.50,74788, Output: ['4']
  📊 Iteration 7/10 for Twitch klev1 k=3...
    Passes: 4, Time/Memory: 40.13,74788, Output: ['4']
  📊 Iteration 8/10 for Twitch klev1 k=3...
    Passes: 4, Time/Memory: 44.27,74820, Output: ['4']
  📊 Iteration 9/10 for Twitch klev1 k=3...
    Passes: 4, Time/Memory: 46.76,74816, Output: ['4']
  📊 Iteration 10/10 for Twitch klev1 k=3...
    Passes: 4, Time/Memory: 33.64,74856, Output: ['4']
✅ Completed Twitch klev1 k=3: 41.78s, 74197.6KB
✅ [1/1] Completed Twitch klev1 k=3

🏁 All experiments completed!
✅ Successful: 1
❌ Failed: 0
📁 Results saved in ./results/real/average_concurrent_runs
