🎯 Total configurations to run: 18
🔄 Running with 12 parallel workers
🚀 Running Belcastro with kpathA, k=10, iterations=5, file=1
  📊 Iteration 1/5 for Belcastro kpathA k=10...
🚀 Running Belcastro with kpathA, k=644, iterations=10, file=5
  📊 Iteration 1/10 for Belcastro kpathA k=644...
🚀 Running Belcastro with kpathB, k=10, iterations=5, file=2
  📊 Iteration 1/5 for Belcastro kpathB k=10...
🚀 Running Belcastro with kpathC, k=10, iterations=5, file=3
  📊 Iteration 1/5 for Belcastro kpathC k=10...
🚀 Running Belcastro with kpathD, k=10, iterations=5, file=4
  📊 Iteration 1/5 for Belcastro kpathD k=10...
🚀 Running Belcastro with kpathA, k=9, iterations=10, file=6
  📊 Iteration 1/10 for Belcastro kpathA k=9...
🚀 Running Twitch with kpathA, k=10, iterations=5, file=1
  📊 Iteration 1/5 for Twitch kpathA k=10...
🚀 Running Twitch with kpathB, k=10, iterations=5, file=2
  📊 Iteration 1/5 for Twitch kpathB k=10...
🚀 Running Twitch with kpathC, k=10, iterations=5, file=3
  📊 Iteration 1/5 for Twitch kpathC k=10...
🚀 Running Twitch with kpathD, k=10, iterations=5, file=4
  📊 Iteration 1/5 for Twitch kpathD k=10...
🚀 Running Twitch with kpathA, k=41, iterations=10, file=5
  📊 Iteration 1/10 for Twitch kpathA k=41...
🚀 Running Twitch with kpathA, k=9, iterations=10, file=6
  📊 Iteration 1/10 for Twitch kpathA k=9...
    Passes: 1 0, Time/Memory: 2.33,169884, Output: ['1 0']
  📊 Iteration 2/10 for Twitch kpathA k=41...
    Passes: 1 0, Time/Memory: 2.39,194660, Output: ['1 0']
  📊 Iteration 2/10 for Belcastro kpathA k=644...
    Passes: 1 0, Time/Memory: 2.30,169936, Output: ['1 0']
  📊 Iteration 3/10 for Twitch kpathA k=41...
    Passes: 1 0, Time/Memory: 2.33,194664, Output: ['1 0']
  📊 Iteration 3/10 for Belcastro kpathA k=644...
    Passes: 1 0, Time/Memory: 2.30,169940, Output: ['1 0']
  📊 Iteration 4/10 for Twitch kpathA k=41...
    Passes: 1 0, Time/Memory: 2.34,194624, Output: ['1 0']
  📊 Iteration 4/10 for Belcastro kpathA k=644...
    Passes: 1 0, Time/Memory: 2.32,169904, Output: ['1 0']
  📊 Iteration 5/10 for Twitch kpathA k=41...
    Passes: 1 0, Time/Memory: 2.41,193684, Output: ['1 0']
  📊 Iteration 5/10 for Belcastro kpathA k=644...
    Passes: 1 0, Time/Memory: 2.30,169940, Output: ['1 0']
  📊 Iteration 6/10 for Twitch kpathA k=41...
    Passes: 1 0, Time/Memory: 2.38,193612, Output: ['1 0']
  📊 Iteration 6/10 for Belcastro kpathA k=644...
    Passes: 1 0, Time/Memory: 2.28,169988, Output: ['1 0']
  📊 Iteration 7/10 for Twitch kpathA k=41...
    Passes: 1 0, Time/Memory: 2.41,193600, Output: ['1 0']
  📊 Iteration 7/10 for Belcastro kpathA k=644...
    Passes: 4 107942, Time/Memory: 15.99,216180, Output: ['4 107942']
  📊 Iteration 2/5 for Twitch kpathC k=10...
    Passes: 1 0, Time/Memory: 2.40,170100, Output: ['1 0']
  📊 Iteration 8/10 for Twitch kpathA k=41...
    Passes: 1 0, Time/Memory: 2.28,194700, Output: ['1 0']
  📊 Iteration 8/10 for Belcastro kpathA k=644...
    Passes: 5 107936, Time/Memory: 18.55,219168, Output: ['5 107936']
  📊 Iteration 2/5 for Twitch kpathB k=10...
    Passes: 1 0, Time/Memory: 2.27,170016, Output: ['1 0']
  📊 Iteration 9/10 for Twitch kpathA k=41...
    Passes: 5 97221, Time/Memory: 19.58,216704, Output: ['5 97221']
  📊 Iteration 2/5 for Twitch kpathD k=10...
    Passes: 1 0, Time/Memory: 2.38,194668, Output: ['1 0']
  📊 Iteration 9/10 for Belcastro kpathA k=644...
    Passes: 5 97221, Time/Memory: 20.91,216164, Output: ['5 97221']
  📊 Iteration 2/5 for Twitch kpathA k=10...
    Passes: 1 0, Time/Memory: 2.25,169928, Output: ['1 0']
  📊 Iteration 10/10 for Twitch kpathA k=41...
    Passes: 1 0, Time/Memory: 2.33,194724, Output: ['1 0']
  📊 Iteration 10/10 for Belcastro kpathA k=644...
    Passes: 1 0, Time/Memory: 2.27,169940, Output: ['1 0']
✅ Completed Twitch kpathA k=41: 2.3s, 169957.6KB
🚀 Running Orkut with kpathA, k=10, iterations=5, file=1
  📊 Iteration 1/5 for Orkut kpathA k=10...
✅ [1/18] Completed Twitch kpathA k=C
    Passes: 1 0, Time/Memory: 2.35,194736, Output: ['1 0']
✅ Completed Belcastro kpathA k=644: 2.36s, 194367.2KB
🚀 Running Orkut with kpathB, k=10, iterations=5, file=2
  📊 Iteration 1/5 for Orkut kpathB k=10...
✅ [2/18] Completed Belcastro kpathA k=C
    Passes: 6 101062, Time/Memory: 31.81,202008, Output: ['6 101062']
  📊 Iteration 2/10 for Twitch kpathA k=9...
    Passes: 4 107942, Time/Memory: 16.14,216200, Output: ['4 107942']
  📊 Iteration 3/5 for Twitch kpathC k=10...
    Passes: 5 107936, Time/Memory: 18.36,219376, Output: ['5 107936']
  📊 Iteration 3/5 for Twitch kpathB k=10...
    Passes: 5 97221, Time/Memory: 19.84,216708, Output: ['5 97221']
  📊 Iteration 3/5 for Twitch kpathD k=10...
    Passes: 5 97221, Time/Memory: 20.20,215912, Output: ['5 97221']
  📊 Iteration 3/5 for Twitch kpathA k=10...
    Passes: 4 107942, Time/Memory: 15.90,215920, Output: ['4 107942']
  📊 Iteration 4/5 for Twitch kpathC k=10...
    Passes: 5 107936, Time/Memory: 18.22,219356, Output: ['5 107936']
  📊 Iteration 4/5 for Twitch kpathB k=10...
    Passes: 5 97221, Time/Memory: 19.86,216148, Output: ['5 97221']
  📊 Iteration 4/5 for Twitch kpathD k=10...
    Passes: 5 97221, Time/Memory: 20.03,216492, Output: ['5 97221']
  📊 Iteration 4/5 for Twitch kpathA k=10...
    Passes: 6 101062, Time/Memory: 32.12,201920, Output: ['6 101062']
  📊 Iteration 3/10 for Twitch kpathA k=9...
    Passes: 4 107942, Time/Memory: 15.91,216192, Output: ['4 107942']
  📊 Iteration 5/5 for Twitch kpathC k=10...
    Passes: 5 107936, Time/Memory: 18.33,219364, Output: ['5 107936']
  📊 Iteration 5/5 for Twitch kpathB k=10...
    Passes: 5 97221, Time/Memory: 19.91,216656, Output: ['5 97221']
  📊 Iteration 5/5 for Twitch kpathD k=10...
    Passes: 4 107942, Time/Memory: 15.81,216240, Output: ['4 107942']
✅ Completed Twitch kpathC k=10: 15.95s, 216146.4KB
🚀 Running Orkut with kpathC, k=10, iterations=5, file=3
  📊 Iteration 1/5 for Orkut kpathC k=10...
✅ [3/18] Completed Twitch kpathC k=10
    Passes: 5 97221, Time/Memory: 19.93,216444, Output: ['5 97221']
  📊 Iteration 5/5 for Twitch kpathA k=10...
    Passes: 5 107936, Time/Memory: 18.51,216956, Output: ['5 107936']
✅ Completed Twitch kpathB k=10: 18.39s, 218844.0KB
✅ [4/18] Completed Twitch kpathB k=10
🚀 Running Orkut with kpathD, k=10, iterations=5, file=4
  📊 Iteration 1/5 for Orkut kpathD k=10...
    Passes: 6 101062, Time/Memory: 31.72,201888, Output: ['6 101062']
  📊 Iteration 4/10 for Twitch kpathA k=9...
    Passes: 5 97221, Time/Memory: 20.57,215632, Output: ['5 97221']
✅ Completed Twitch kpathD k=10: 19.95s, 216369.6KB
🚀 Running Orkut with kpathA, k=39, iterations=10, file=5
  📊 Iteration 1/10 for Orkut kpathA k=39...
✅ [5/18] Completed Twitch kpathD k=10
    Passes: 5 97221, Time/Memory: 21.05,216436, Output: ['5 97221']
✅ Completed Twitch kpathA k=10: 20.42s, 216289.6KB
🚀 Running Orkut with kpathA, k=9, iterations=10, file=6
  📊 Iteration 1/10 for Orkut kpathA k=9...
✅ [6/18] Completed Twitch kpathA k=10
    Passes: 45 13250, Time/Memory: 103.14,19556, Output: ['45 13250']
  📊 Iteration 2/5 for Belcastro kpathD k=10...
    Passes: 47 13383, Time/Memory: 108.22,19568, Output: ['47 13383']
  📊 Iteration 2/5 for Belcastro kpathC k=10...
    Passes: 48 13392, Time/Memory: 108.71,20548, Output: ['48 13392']
  📊 Iteration 2/5 for Belcastro kpathB k=10...
    Passes: 6 101062, Time/Memory: 32.46,201872, Output: ['6 101062']
  📊 Iteration 5/10 for Twitch kpathA k=9...
    Passes: 1 0, Time/Memory: 55.88,3049360, Output: ['1 0']
  📊 Iteration 2/10 for Orkut kpathA k=39...
    Passes: 6 101062, Time/Memory: 32.94,200916, Output: ['6 101062']
  📊 Iteration 6/10 for Twitch kpathA k=9...
    Passes: 78 13146, Time/Memory: 186.08,19588, Output: ['78 13146']
  📊 Iteration 2/5 for Belcastro kpathA k=10...
    Passes: 83 13153, Time/Memory: 192.01,18568, Output: ['83 13153']
  📊 Iteration 2/10 for Belcastro kpathA k=9...
    Passes: 6 101062, Time/Memory: 31.79,202696, Output: ['6 101062']
  📊 Iteration 7/10 for Twitch kpathA k=9...
    Passes: 45 13250, Time/Memory: 104.51,19616, Output: ['45 13250']
  📊 Iteration 3/5 for Belcastro kpathD k=10...
    Passes: 1 0, Time/Memory: 52.33,3053424, Output: ['1 0']
  📊 Iteration 3/10 for Orkut kpathA k=39...
    Passes: 47 13383, Time/Memory: 109.90,19556, Output: ['47 13383']
  📊 Iteration 3/5 for Belcastro kpathC k=10...
    Passes: 48 13392, Time/Memory: 110.04,19556, Output: ['48 13392']
  📊 Iteration 3/5 for Belcastro kpathB k=10...
    Passes: 6 101062, Time/Memory: 34.57,202940, Output: ['6 101062']
  📊 Iteration 8/10 for Twitch kpathA k=9...
    Passes: 6 101062, Time/Memory: 32.81,202932, Output: ['6 101062']
  📊 Iteration 9/10 for Twitch kpathA k=9...
    Passes: 1 0, Time/Memory: 54.80,3053396, Output: ['1 0']
  📊 Iteration 4/10 for Orkut kpathA k=39...
    Passes: 6 101062, Time/Memory: 36.95,202992, Output: ['6 101062']
  📊 Iteration 10/10 for Twitch kpathA k=9...
    Passes: 45 13250, Time/Memory: 107.71,20596, Output: ['45 13250']
  📊 Iteration 4/5 for Belcastro kpathD k=10...
    Passes: 47 13383, Time/Memory: 110.67,19536, Output: ['47 13383']
  📊 Iteration 4/5 for Belcastro kpathC k=10...
    Passes: 1 0, Time/Memory: 55.18,3053576, Output: ['1 0']
  📊 Iteration 5/10 for Orkut kpathA k=39...
    Passes: 6 101062, Time/Memory: 33.05,201912, Output: ['6 101062']
✅ Completed Twitch kpathA k=9: 33.02s, 202207.6KB
✅ [7/18] Completed Twitch kpathA k=9
    Passes: 48 13392, Time/Memory: 111.79,20544, Output: ['48 13392']
  📊 Iteration 4/5 for Belcastro kpathB k=10...
    Passes: 78 13146, Time/Memory: 185.35,19624, Output: ['78 13146']
  📊 Iteration 3/5 for Belcastro kpathA k=10...
    Passes: 1 0, Time/Memory: 56.14,3052444, Output: ['1 0']
  📊 Iteration 6/10 for Orkut kpathA k=39...
    Passes: 83 13153, Time/Memory: 196.91,18548, Output: ['83 13153']
  📊 Iteration 3/10 for Belcastro kpathA k=9...
    Passes: 45 13250, Time/Memory: 107.46,19604, Output: ['45 13250']
  📊 Iteration 5/5 for Belcastro kpathD k=10...
    Passes: 47 13383, Time/Memory: 111.23,19576, Output: ['47 13383']
  📊 Iteration 5/5 for Belcastro kpathC k=10...
    Passes: 48 13392, Time/Memory: 111.25,20544, Output: ['48 13392']
  📊 Iteration 5/5 for Belcastro kpathB k=10...
    Passes: 1 0, Time/Memory: 54.12,3053604, Output: ['1 0']
  📊 Iteration 7/10 for Orkut kpathA k=39...
    Passes: 1 0, Time/Memory: 54.25,3053520, Output: ['1 0']
  📊 Iteration 8/10 for Orkut kpathA k=39...
    Passes: 45 13250, Time/Memory: 105.20,19568, Output: ['45 13250']
✅ Completed Belcastro kpathD k=10: 105.6s, 19788.0KB
✅ [8/18] Completed Belcastro kpathD k=10
    Passes: 47 13383, Time/Memory: 109.47,20544, Output: ['47 13383']
✅ Completed Belcastro kpathC k=10: 109.9s, 19756.0KB
✅ [9/18] Completed Belcastro kpathC k=10
    Passes: 48 13392, Time/Memory: 113.44,19568, Output: ['48 13392']
✅ Completed Belcastro kpathB k=10: 111.05s, 20152.0KB
✅ [10/18] Completed Belcastro kpathB k=10
    Passes: 1 0, Time/Memory: 54.28,3053516, Output: ['1 0']
  📊 Iteration 9/10 for Orkut kpathA k=39...
    Passes: 78 13146, Time/Memory: 185.48,19556, Output: ['78 13146']
  📊 Iteration 4/5 for Belcastro kpathA k=10...
    Passes: 83 13153, Time/Memory: 203.70,18552, Output: ['83 13153']
  📊 Iteration 4/10 for Belcastro kpathA k=9...
    Passes: 1 0, Time/Memory: 53.48,3053380, Output: ['1 0']
  📊 Iteration 10/10 for Orkut kpathA k=39...
    Passes: 1 0, Time/Memory: 54.18,3053460, Output: ['1 0']
✅ Completed Orkut kpathA k=39: 54.46s, 3052968.0KB
✅ [11/18] Completed Orkut kpathA k=C
    Passes: 78 13146, Time/Memory: 188.64,19524, Output: ['78 13146']
  📊 Iteration 5/5 for Belcastro kpathA k=10...
    Passes: 83 13153, Time/Memory: 193.65,18572, Output: ['83 13153']
  📊 Iteration 5/10 for Belcastro kpathA k=9...
    Passes: 78 13146, Time/Memory: 181.54,19600, Output: ['78 13146']
✅ Completed Belcastro kpathA k=10: 185.42s, 19578.4KB
✅ [12/18] Completed Belcastro kpathA k=10
    Passes: 83 13153, Time/Memory: 191.76,18544, Output: ['83 13153']
  📊 Iteration 6/10 for Belcastro kpathA k=9...
    Passes: 83 13153, Time/Memory: 188.55,18604, Output: ['83 13153']
  📊 Iteration 7/10 for Belcastro kpathA k=9...
    Passes: 83 13153, Time/Memory: 189.68,18556, Output: ['83 13153']
  📊 Iteration 8/10 for Belcastro kpathA k=9...
    Passes: 83 13153, Time/Memory: 198.44,18548, Output: ['83 13153']
  📊 Iteration 9/10 for Belcastro kpathA k=9...
    Passes: 83 13153, Time/Memory: 189.96,18512, Output: ['83 13153']
  📊 Iteration 10/10 for Belcastro kpathA k=9...
    Passes: 83 13153, Time/Memory: 191.90,18588, Output: ['83 13153']
✅ Completed Belcastro kpathA k=9: 193.66s, 18559.2KB
✅ [13/18] Completed Belcastro kpathA k=9
    Passes: 4 2585823, Time/Memory: 4837.47,3952580, Output: ['4 2585823']
  📊 Iteration 2/5 for Orkut kpathC k=10...
    Passes: 5 2519499, Time/Memory: 5301.50,3881884, Output: ['5 2519499']
  📊 Iteration 2/5 for Orkut kpathD k=10...
    Passes: 6 2515779, Time/Memory: 6033.08,3862212, Output: ['6 2515779']
  📊 Iteration 2/5 for Orkut kpathA k=10...
    Passes: 5 2591227, Time/Memory: 5008.59,3912516, Output: ['5 2591227']
  📊 Iteration 2/5 for Orkut kpathB k=10...
    Passes: 7 2522634, Time/Memory: 7085.55,3551328, Output: ['7 2522634']
  📊 Iteration 2/10 for Orkut kpathA k=9...
    Passes: 4 2585823, Time/Memory: 5337.88,3952144, Output: ['4 2585823']
  📊 Iteration 3/5 for Orkut kpathC k=10...
    Passes: 5 2519499, Time/Memory: 5648.34,3880276, Output: ['5 2519499']
  📊 Iteration 3/5 for Orkut kpathD k=10...
    Passes: 6 2515779, Time/Memory: 6229.80,3862236, Output: ['6 2515779']
  📊 Iteration 3/5 for Orkut kpathA k=10...
    Passes: 5 2591227, Time/Memory: 5461.52,3913836, Output: ['5 2591227']
  📊 Iteration 3/5 for Orkut kpathB k=10...
    Passes: 7 2522634, Time/Memory: 8233.75,3551520, Output: ['7 2522634']
  📊 Iteration 3/10 for Orkut kpathA k=9...
    Passes: 5 2519499, Time/Memory: 5138.53,3880800, Output: ['5 2519499']
  📊 Iteration 4/5 for Orkut kpathD k=10...
    Passes: 4 2585823, Time/Memory: 6400.93,3954212, Output: ['4 2585823']
  📊 Iteration 4/5 for Orkut kpathC k=10...
    Passes: 6 2515779, Time/Memory: 6813.04,3860452, Output: ['6 2515779']
  📊 Iteration 4/5 for Orkut kpathA k=10...
    Passes: 5 2591227, Time/Memory: 6714.59,3912856, Output: ['5 2591227']
  📊 Iteration 4/5 for Orkut kpathB k=10...
    Passes: 4 2585823, Time/Memory: 6117.61,3955224, Output: ['4 2585823']
  📊 Iteration 5/5 for Orkut kpathC k=10...
    Passes: 5 2519499, Time/Memory: 6947.74,3881256, Output: ['5 2519499']
  📊 Iteration 5/5 for Orkut kpathD k=10...
    Passes: 7 2522634, Time/Memory: 8872.73,3551192, Output: ['7 2522634']
  📊 Iteration 4/10 for Orkut kpathA k=9...
    Passes: 6 2515779, Time/Memory: 7368.57,3863004, Output: ['6 2515779']
  📊 Iteration 5/5 for Orkut kpathA k=10...
    Passes: 5 2591227, Time/Memory: 5144.48,3912828, Output: ['5 2591227']
  📊 Iteration 5/5 for Orkut kpathB k=10...
    Passes: 5 2519499, Time/Memory: 5187.56,3879408, Output: ['5 2519499']
✅ Completed Orkut kpathD k=10: 5644.73s, 3880724.8KB
✅ [14/18] Completed Orkut kpathD k=10
    Passes: 4 2585823, Time/Memory: 5718.88,3952240, Output: ['4 2585823']
✅ Completed Orkut kpathC k=10: 5682.55s, 3953280.0KB
✅ [15/18] Completed Orkut kpathC k=10
    Passes: 7 2522634, Time/Memory: 6983.70,3550440, Output: ['7 2522634']
  📊 Iteration 5/10 for Orkut kpathA k=9...
    Passes: 6 2515779, Time/Memory: 5715.70,3861024, Output: ['6 2515779']
✅ Completed Orkut kpathA k=10: 6432.04s, 3861785.6KB
✅ [16/18] Completed Orkut kpathA k=10
    Passes: 5 2591227, Time/Memory: 5324.16,3915620, Output: ['5 2591227']
✅ Completed Orkut kpathB k=10: 5530.67s, 3913531.2KB
✅ [17/18] Completed Orkut kpathB k=10
    Passes: 7 2522634, Time/Memory: 7290.01,3548092, Output: ['7 2522634']
  📊 Iteration 6/10 for Orkut kpathA k=9...
    Passes: 7, Time/Memory: 6447.81,3551916, Output: ['7']
  📊 Iteration 7/10 for Orkut kpathA k=9...
    Passes: 7 2522634, Time/Memory: 8018.76,3548384, Output: ['7 2522634']
  📊 Iteration 8/10 for Orkut kpathA k=9...
    Passes: 7 2522634, Time/Memory: 6774.66,3549816, Output: ['7 2522634']
  📊 Iteration 9/10 for Orkut kpathA k=9...
    Passes: 7 2522634, Time/Memory: 7425.41,3551832, Output: ['7 2522634']
  📊 Iteration 10/10 for Orkut kpathA k=9...
    Passes: , Time/Memory: Command terminated by signal 15
5168.21,3486820, Output: ['']
Error parsing time/memory for Orkut, variant A, k=9: could not convert string to float: 'Command terminated by signal 15\n5168.21'
    ❌ Error in iteration 10
✅ Completed Orkut kpathA k=9: 7459.15s, 3550502.22KB
✅ [18/18] Completed Orkut kpathA k=9

🏁 All experiments completed!
✅ Successful: 18
❌ Failed: 0
📁 Results saved in ./results/real/average_concurrent_runs
