🎯 Total configurations to run: 3
🔄 Running with 36 parallel workers
🚀 Running Twitch with kpath0, k=3, iterations=12, file=3
  📊 Iteration 1/12 for Twitch kpath0 k=3...
🚀 Running Twitch with kpath0, k=4, iterations=12, file=4
  📊 Iteration 1/12 for Twitch kpath0 k=4...
🚀 Running Twitch with kpath0, k=5, iterations=12, file=5
  📊 Iteration 1/12 for Twitch kpath0 k=5...
    Passes: 10, Time/Memory: 37.48,131140, Output: ['10']
  📊 Iteration 2/12 for Twitch kpath0 k=5...
    Passes: 12, Time/Memory: 38.27,116356, Output: ['12']
  📊 Iteration 2/12 for Twitch kpath0 k=4...
    Passes: 17, Time/Memory: 52.58,102840, Output: ['17']
  📊 Iteration 2/12 for Twitch kpath0 k=3...
    Passes: 10, Time/Memory: 37.04,130496, Output: ['10']
  📊 Iteration 3/12 for Twitch kpath0 k=5...
    Passes: 12, Time/Memory: 38.09,116412, Output: ['12']
  📊 Iteration 3/12 for Twitch kpath0 k=4...
    Passes: 17, Time/Memory: 50.44,103728, Output: ['17']
  📊 Iteration 3/12 for Twitch kpath0 k=3...
    Passes: 10, Time/Memory: 38.41,131156, Output: ['10']
  📊 Iteration 4/12 for Twitch kpath0 k=5...
    Passes: 12, Time/Memory: 40.39,116404, Output: ['12']
  📊 Iteration 4/12 for Twitch kpath0 k=4...
    Passes: 10, Time/Memory: 38.08,131048, Output: ['10']
  📊 Iteration 5/12 for Twitch kpath0 k=5...
    Passes: 17, Time/Memory: 50.48,103672, Output: ['17']
  📊 Iteration 4/12 for Twitch kpath0 k=3...
    Passes: 12, Time/Memory: 38.69,116380, Output: ['12']
  📊 Iteration 5/12 for Twitch kpath0 k=4...
    Passes: 10, Time/Memory: 40.56,131076, Output: ['10']
  📊 Iteration 6/12 for Twitch kpath0 k=5...
    Passes: 12, Time/Memory: 38.93,116292, Output: ['12']
  📊 Iteration 6/12 for Twitch kpath0 k=4...
    Passes: 17, Time/Memory: 49.84,103588, Output: ['17']
  📊 Iteration 5/12 for Twitch kpath0 k=3...
    Passes: 10, Time/Memory: 36.58,131076, Output: ['10']
  📊 Iteration 7/12 for Twitch kpath0 k=5...
    Passes: 12, Time/Memory: 39.25,116408, Output: ['12']
  📊 Iteration 7/12 for Twitch kpath0 k=4...
    Passes: 17, Time/Memory: 50.15,103588, Output: ['17']
  📊 Iteration 6/12 for Twitch kpath0 k=3...
    Passes: 10, Time/Memory: 37.50,130816, Output: ['10']
  📊 Iteration 8/12 for Twitch kpath0 k=5...
    Passes: 12, Time/Memory: 40.17,116328, Output: ['12']
  📊 Iteration 8/12 for Twitch kpath0 k=4...
    Passes: 10, Time/Memory: 37.59,129320, Output: ['10']
  📊 Iteration 9/12 for Twitch kpath0 k=5...
    Passes: 17, Time/Memory: 52.18,102940, Output: ['17']
  📊 Iteration 7/12 for Twitch kpath0 k=3...
    Passes: 12, Time/Memory: 38.56,115136, Output: ['12']
  📊 Iteration 9/12 for Twitch kpath0 k=4...
    Passes: 10, Time/Memory: 37.75,130708, Output: ['10']
  📊 Iteration 10/12 for Twitch kpath0 k=5...
    Passes: 12, Time/Memory: 37.91,116404, Output: ['12']
  📊 Iteration 10/12 for Twitch kpath0 k=4...
    Passes: 17, Time/Memory: 50.23,103696, Output: ['17']
  📊 Iteration 8/12 for Twitch kpath0 k=3...
    Passes: 10, Time/Memory: 39.89,131168, Output: ['10']
  📊 Iteration 11/12 for Twitch kpath0 k=5...
    Passes: 12, Time/Memory: 44.58,115216, Output: ['12']
  📊 Iteration 11/12 for Twitch kpath0 k=4...
    Passes: 17, Time/Memory: 51.78,102616, Output: ['17']
  📊 Iteration 9/12 for Twitch kpath0 k=3...
    Passes: 10, Time/Memory: 39.12,130180, Output: ['10']
  📊 Iteration 12/12 for Twitch kpath0 k=5...
    Passes: 12, Time/Memory: 37.58,115776, Output: ['12']
  📊 Iteration 12/12 for Twitch kpath0 k=4...
    Passes: 17, Time/Memory: 50.99,103384, Output: ['17']
  📊 Iteration 10/12 for Twitch kpath0 k=3...
    Passes: 10, Time/Memory: 38.09,131140, Output: ['10']
✅ Completed Twitch kpath0 k=5: 38.17s, 130777.0KB
✅ [1/3] Completed Twitch kpath0 k=5
    Passes: 12, Time/Memory: 37.74,116300, Output: ['12']
✅ Completed Twitch kpath0 k=4: 39.18s, 116117.67KB
✅ [2/3] Completed Twitch kpath0 k=4
    Passes: 17, Time/Memory: 51.28,103188, Output: ['17']
  📊 Iteration 11/12 for Twitch kpath0 k=3...
    Passes: 17, Time/Memory: 50.71,103480, Output: ['17']
  📊 Iteration 12/12 for Twitch kpath0 k=3...
    Passes: 17, Time/Memory: 52.10,102900, Output: ['17']
✅ Completed Twitch kpath0 k=3: 51.06s, 103301.67KB
✅ [3/3] Completed Twitch kpath0 k=3

🏁 All experiments completed!
✅ Successful: 3
❌ Failed: 0
📁 Results saved in ./results/real/average_concurrent_runs
