🎯 Total configurations to run: 2
🔄 Running with 36 parallel workers
🚀 Running Gowalla with klevN, k=2, iterations=10, file=1
  📊 Iteration 1/10 for Gowalla klevN k=2...
🚀 Running Gowalla with klev0, k=10, iterations=10, file=3
  📊 Iteration 1/10 for Gowalla klev0 k=10...
    Passes: 2, Time/Memory: 46.16,106568, Output: ['2']
  📊 Iteration 2/10 for Gowalla klevN k=2...
    Passes: 6, Time/Memory: 56.92,75812, Output: ['6']
  📊 Iteration 2/10 for Gowalla klev0 k=10...
    Passes: 2, Time/Memory: 46.56,106620, Output: ['2']
  📊 Iteration 3/10 for Gowalla klevN k=2...
    Passes: 6, Time/Memory: 62.52,74848, Output: ['6']
  📊 Iteration 3/10 for Gowalla klev0 k=10...
    Passes: 2, Time/Memory: 59.19,106572, Output: ['2']
  📊 Iteration 4/10 for Gowalla klevN k=2...
    Passes: 6, Time/Memory: 47.35,75844, Output: ['6']
  📊 Iteration 4/10 for Gowalla klev0 k=10...
    Passes: 2, Time/Memory: 55.66,104484, Output: ['2']
  📊 Iteration 5/10 for Gowalla klevN k=2...
    Passes: 6, Time/Memory: 46.93,75900, Output: ['6']
  📊 Iteration 5/10 for Gowalla klev0 k=10...
    Passes: 2, Time/Memory: 56.72,105536, Output: ['2']
  📊 Iteration 6/10 for Gowalla klevN k=2...
    Passes: 6, Time/Memory: 55.40,75812, Output: ['6']
  📊 Iteration 6/10 for Gowalla klev0 k=10...
    Passes: 2, Time/Memory: 56.45,105504, Output: ['2']
  📊 Iteration 7/10 for Gowalla klevN k=2...
    Passes: 6, Time/Memory: 56.93,75880, Output: ['6']
  📊 Iteration 7/10 for Gowalla klev0 k=10...
    Passes: 2, Time/Memory: 50.68,105592, Output: ['2']
  📊 Iteration 8/10 for Gowalla klevN k=2...
    Passes: 6, Time/Memory: 58.93,76924, Output: ['6']
  📊 Iteration 8/10 for Gowalla klev0 k=10...
    Passes: 2, Time/Memory: 45.48,105508, Output: ['2']
  📊 Iteration 9/10 for Gowalla klevN k=2...
    Passes: 6, Time/Memory: 69.58,75812, Output: ['6']
  📊 Iteration 9/10 for Gowalla klev0 k=10...
    Passes: 2, Time/Memory: 40.50,104564, Output: ['2']
  📊 Iteration 10/10 for Gowalla klevN k=2...
    Passes: 2, Time/Memory: 40.52,106560, Output: ['2']
✅ Completed Gowalla klevN k=2: 49.79s, 105750.8KB
✅ [1/2] Completed Gowalla klevN k=2
    Passes: 6, Time/Memory: 65.91,74788, Output: ['6']
  📊 Iteration 10/10 for Gowalla klev0 k=10...
    Passes: 6, Time/Memory: 59.22,76836, Output: ['6']
✅ Completed Gowalla klev0 k=10: 57.97s, 75845.6KB
✅ [2/2] Completed Gowalla klev0 k=10

🏁 All experiments completed!
✅ Successful: 2
❌ Failed: 0
📁 Results saved in ./results/real/average_concurrent_runs
