🎯 Total configurations to run: 8
🔄 Running with 36 parallel workers
🚀 Running Belcastro with klevN, k=3, iterations=10, file=1
  📊 Iteration 1/10 for Belcastro klevN k=3...
🚀 Running Belcastro with klev2, k=9, iterations=10, file=2
  📊 Iteration 1/10 for Belcastro klev2 k=9...
🚀 Running Belcastro with klevN, k=4, iterations=10, file=3
  📊 Iteration 1/10 for Belcastro klevN k=4...
🚀 Running Twitch with klev2, k=10, iterations=10, file=1
  📊 Iteration 1/10 for Twitch klev2 k=10...
🚀 Running Twitch with klev2, k=8, iterations=10, file=2
  📊 Iteration 1/10 for Twitch klev2 k=8...
🚀 Running Twitch with klev2, k=9, iterations=10, file=3
  📊 Iteration 1/10 for Twitch klev2 k=9...
🚀 Running Amazon with klev0, k=7, iterations=3, file=2
  📊 Iteration 1/3 for Amazon klev0 k=7...
🚀 Running Amazon with klev0, k=5, iterations=3, file=3
  📊 Iteration 1/3 for Amazon klev0 k=5...
    Passes: 3, Time/Memory: 10.59,13348, Output: ['3']
  📊 Iteration 2/10 for Belcastro klevN k=4...
    Passes: 3, Time/Memory: 10.90,20516, Output: ['3']
  📊 Iteration 2/10 for Belcastro klev2 k=9...
    Passes: 3, Time/Memory: 11.35,12324, Output: ['3']
  📊 Iteration 2/10 for Belcastro klevN k=3...
    Passes: 3, Time/Memory: 10.78,13380, Output: ['3']
  📊 Iteration 3/10 for Belcastro klevN k=4...
    Passes: 3, Time/Memory: 10.88,12324, Output: ['3']
  📊 Iteration 3/10 for Belcastro klevN k=3...
    Passes: 3, Time/Memory: 11.74,20508, Output: ['3']
  📊 Iteration 3/10 for Belcastro klev2 k=9...
    Passes: 3, Time/Memory: 10.72,13348, Output: ['3']
  📊 Iteration 4/10 for Belcastro klevN k=4...
    Passes: 3, Time/Memory: 11.10,19492, Output: ['3']
  📊 Iteration 4/10 for Belcastro klev2 k=9...
    Passes: 3, Time/Memory: 11.54,12324, Output: ['3']
  📊 Iteration 4/10 for Belcastro klevN k=3...
    Passes: 3, Time/Memory: 42.62,199768, Output: ['3']
  📊 Iteration 2/10 for Twitch klev2 k=8...
    Passes: 3, Time/Memory: 10.70,13376, Output: ['3']
  📊 Iteration 5/10 for Belcastro klevN k=4...
    Passes: 3, Time/Memory: 11.06,12356, Output: ['3']
  📊 Iteration 5/10 for Belcastro klevN k=3...
    Passes: 3, Time/Memory: 11.43,20516, Output: ['3']
  📊 Iteration 5/10 for Belcastro klev2 k=9...
    Passes: 3, Time/Memory: 49.38,216100, Output: ['3']
  📊 Iteration 2/10 for Twitch klev2 k=9...
    Passes: 3, Time/Memory: 50.96,232548, Output: ['3']
  📊 Iteration 2/10 for Twitch klev2 k=10...
    Passes: 3, Time/Memory: 10.85,13348, Output: ['3']
  📊 Iteration 6/10 for Belcastro klevN k=4...
    Passes: 3, Time/Memory: 10.86,12324, Output: ['3']
  📊 Iteration 6/10 for Belcastro klevN k=3...
    Passes: 3, Time/Memory: 11.84,20516, Output: ['3']
  📊 Iteration 6/10 for Belcastro klev2 k=9...
    Passes: 3, Time/Memory: 10.70,13348, Output: ['3']
  📊 Iteration 7/10 for Belcastro klevN k=4...
    Passes: 3, Time/Memory: 11.07,12316, Output: ['3']
  📊 Iteration 7/10 for Belcastro klevN k=3...
    Passes: 3, Time/Memory: 11.82,20544, Output: ['3']
  📊 Iteration 7/10 for Belcastro klev2 k=9...
    Passes: 3, Time/Memory: 10.80,13428, Output: ['3']
  📊 Iteration 8/10 for Belcastro klevN k=4...
    Passes: 3, Time/Memory: 34.98,199744, Output: ['3']
  📊 Iteration 3/10 for Twitch klev2 k=8...
    Passes: 3, Time/Memory: 10.98,12344, Output: ['3']
  📊 Iteration 8/10 for Belcastro klevN k=3...
    Passes: 3, Time/Memory: 11.45,19492, Output: ['3']
  📊 Iteration 8/10 for Belcastro klev2 k=9...
    Passes: 3, Time/Memory: 10.46,13392, Output: ['3']
  📊 Iteration 9/10 for Belcastro klevN k=4...
    Passes: 3, Time/Memory: 11.38,12324, Output: ['3']
  📊 Iteration 9/10 for Belcastro klevN k=3...
    Passes: 3, Time/Memory: 11.04,20516, Output: ['3']
  📊 Iteration 9/10 for Belcastro klev2 k=9...
    Passes: 3, Time/Memory: 10.62,13348, Output: ['3']
  📊 Iteration 10/10 for Belcastro klevN k=4...
    Passes: 3, Time/Memory: 11.30,12324, Output: ['3']
  📊 Iteration 10/10 for Belcastro klevN k=3...
    Passes: 3, Time/Memory: 50.90,232504, Output: ['3']
  📊 Iteration 3/10 for Twitch klev2 k=10...
    Passes: 3, Time/Memory: 53.81,216100, Output: ['3']
  📊 Iteration 3/10 for Twitch klev2 k=9...
    Passes: 3, Time/Memory: 12.51,20516, Output: ['3']
  📊 Iteration 10/10 for Belcastro klev2 k=9...
    Passes: 3, Time/Memory: 10.78,13352, Output: ['3']
✅ Completed Belcastro klevN k=4: 10.7s, 13366.8KB
✅ [1/8] Completed Belcastro klevN k=4
    Passes: 3, Time/Memory: 10.82,12320, Output: ['3']
✅ Completed Belcastro klevN k=3: 11.12s, 12328.0KB
✅ [2/8] Completed Belcastro klevN k=3
    Passes: 3, Time/Memory: 35.03,199764, Output: ['3']
  📊 Iteration 4/10 for Twitch klev2 k=8...
    Passes: 3, Time/Memory: 15.56,20516, Output: ['3']
✅ Completed Belcastro klev2 k=9: 11.94s, 20313.2KB
✅ [3/8] Completed Belcastro klev2 k=9
    Passes: 3, Time/Memory: 43.52,232480, Output: ['3']
  📊 Iteration 4/10 for Twitch klev2 k=10...
    Passes: 3, Time/Memory: 48.66,216108, Output: ['3']
  📊 Iteration 4/10 for Twitch klev2 k=9...
    Passes: 3, Time/Memory: 44.05,200740, Output: ['3']
  📊 Iteration 5/10 for Twitch klev2 k=8...
    Passes: 3, Time/Memory: 36.30,232484, Output: ['3']
  📊 Iteration 5/10 for Twitch klev2 k=10...
    Passes: 3, Time/Memory: 34.69,199716, Output: ['3']
  📊 Iteration 6/10 for Twitch klev2 k=8...
    Passes: 3, Time/Memory: 53.66,216100, Output: ['3']
  📊 Iteration 5/10 for Twitch klev2 k=9...
    Passes: 3, Time/Memory: 36.35,232480, Output: ['3']
  📊 Iteration 6/10 for Twitch klev2 k=10...
    Passes: 3, Time/Memory: 34.72,199744, Output: ['3']
  📊 Iteration 7/10 for Twitch klev2 k=8...
    Passes: 3, Time/Memory: 36.37,232484, Output: ['3']
  📊 Iteration 7/10 for Twitch klev2 k=10...
    Passes: 3, Time/Memory: 34.70,199716, Output: ['3']
  📊 Iteration 8/10 for Twitch klev2 k=8...
    Passes: 3, Time/Memory: 63.63,215120, Output: ['3']
  📊 Iteration 6/10 for Twitch klev2 k=9...
    Passes: 3, Time/Memory: 36.29,231460, Output: ['3']
  📊 Iteration 8/10 for Twitch klev2 k=10...
    Passes: 3, Time/Memory: 47.25,200804, Output: ['3']
  📊 Iteration 9/10 for Twitch klev2 k=8...
    Passes: 3, Time/Memory: 48.57,216148, Output: ['3']
  📊 Iteration 7/10 for Twitch klev2 k=9...
    Passes: 3, Time/Memory: 35.39,199708, Output: ['3']
  📊 Iteration 10/10 for Twitch klev2 k=8...
    Passes: 3, Time/Memory: 53.48,231460, Output: ['3']
  📊 Iteration 9/10 for Twitch klev2 k=10...
    Passes: 3, Time/Memory: 49.90,215076, Output: ['3']
  📊 Iteration 8/10 for Twitch klev2 k=9...
    Passes: 3, Time/Memory: 49.78,231468, Output: ['3']
  📊 Iteration 10/10 for Twitch klev2 k=10...
    Passes: 3, Time/Memory: 51.63,199732, Output: ['3']
✅ Completed Twitch klev2 k=8: 39.51s, 199943.6KB
✅ [4/8] Completed Twitch klev2 k=8
    Passes: 3, Time/Memory: 38.91,216124, Output: ['3']
  📊 Iteration 9/10 for Twitch klev2 k=9...
    Passes: 3, Time/Memory: 45.64,231472, Output: ['3']
✅ Completed Twitch klev2 k=10: 43.96s, 232084.0KB
✅ [5/8] Completed Twitch klev2 k=10
    Passes: 3, Time/Memory: 38.99,216100, Output: ['3']
  📊 Iteration 10/10 for Twitch klev2 k=9...
    Passes: 3, Time/Memory: 39.05,216100, Output: ['3']
✅ Completed Twitch klev2 k=9: 48.46s, 215907.6KB
✅ [6/8] Completed Twitch klev2 k=9
    Passes: 6, Time/Memory: 491.92,136252, Output: ['6']
  📊 Iteration 2/3 for Amazon klev0 k=5...
    Passes: 6, Time/Memory: 570.94,135284, Output: ['6']
  📊 Iteration 2/3 for Amazon klev0 k=7...
    Passes: 6, Time/Memory: 478.43,137312, Output: ['6']
  📊 Iteration 3/3 for Amazon klev0 k=5...
    Passes: 6, Time/Memory: 570.72,135284, Output: ['6']
  📊 Iteration 3/3 for Amazon klev0 k=7...
    Passes: 6, Time/Memory: 478.73,137328, Output: ['6']
✅ Completed Amazon klev0 k=5: 483.03s, 136964.0KB
✅ [7/8] Completed Amazon klev0 k=5
    Passes: 6, Time/Memory: 500.20,134212, Output: ['6']
✅ Completed Amazon klev0 k=7: 547.29s, 134926.67KB
✅ [8/8] Completed Amazon klev0 k=7

🏁 All experiments completed!
✅ Successful: 8
❌ Failed: 0
📁 Results saved in ./results/real/average_concurrent_runs
