🎯 Total configurations to run: 4
🔄 Running with 36 parallel workers
🚀 Running Twitch with kpath1, k=6, iterations=12, file=3
  📊 Iteration 1/12 for Twitch kpath1 k=6...
🚀 Running Amazon with klev0, k=2, iterations=12, file=1
  📊 Iteration 1/12 for Amazon klev0 k=2...
🚀 Running Amazon with klev0, k=3, iterations=12, file=2
  📊 Iteration 1/12 for Amazon klev0 k=3...
🚀 Running Amazon with klev0, k=4, iterations=12, file=3
  📊 Iteration 1/12 for Amazon klev0 k=4...
    Passes: 8, Time/Memory: 38.34,147948, Output: ['8']
  📊 Iteration 2/12 for Twitch kpath1 k=6...
    Passes: 8, Time/Memory: 38.27,147824, Output: ['8']
  📊 Iteration 3/12 for Twitch kpath1 k=6...
    Passes: 8, Time/Memory: 39.85,147828, Output: ['8']
  📊 Iteration 4/12 for Twitch kpath1 k=6...
    Passes: 8, Time/Memory: 39.38,148004, Output: ['8']
  📊 Iteration 5/12 for Twitch kpath1 k=6...
    Passes: 8, Time/Memory: 39.11,147968, Output: ['8']
  📊 Iteration 6/12 for Twitch kpath1 k=6...
    Passes: 8, Time/Memory: 38.53,147828, Output: ['8']
  📊 Iteration 7/12 for Twitch kpath1 k=6...
    Passes: 8, Time/Memory: 48.56,147860, Output: ['8']
  📊 Iteration 8/12 for Twitch kpath1 k=6...
    Passes: 8, Time/Memory: 39.37,148008, Output: ['8']
  📊 Iteration 9/12 for Twitch kpath1 k=6...
    Passes: 8, Time/Memory: 40.62,147824, Output: ['8']
  📊 Iteration 10/12 for Twitch kpath1 k=6...
    Passes: 8, Time/Memory: 38.92,147832, Output: ['8']
  📊 Iteration 11/12 for Twitch kpath1 k=6...
    Passes: 8, Time/Memory: 39.25,147828, Output: ['8']
  📊 Iteration 12/12 for Twitch kpath1 k=6...
    Passes: 8, Time/Memory: 41.67,146940, Output: ['8']
✅ Completed Twitch kpath1 k=6: 40.16s, 147807.67KB
✅ [1/4] Completed Twitch kpath1 k=6
    Passes: 6, Time/Memory: 540.50,136228, Output: ['6']
  📊 Iteration 2/12 for Amazon klev0 k=4...
    Passes: 6, Time/Memory: 544.60,136228, Output: ['6']
  📊 Iteration 2/12 for Amazon klev0 k=3...
    Passes: 6, Time/Memory: 552.47,134176, Output: ['6']
  📊 Iteration 2/12 for Amazon klev0 k=2...
    Passes: 6, Time/Memory: 506.69,133152, Output: ['6']
  📊 Iteration 3/12 for Amazon klev0 k=2...
    Passes: 6, Time/Memory: 515.28,136228, Output: ['6']
  📊 Iteration 3/12 for Amazon klev0 k=3...
    Passes: 6, Time/Memory: 541.07,134212, Output: ['6']
  📊 Iteration 3/12 for Amazon klev0 k=4...
    Passes: 6, Time/Memory: 489.44,136228, Output: ['6']
  📊 Iteration 4/12 for Amazon klev0 k=2...
    Passes: 6, Time/Memory: 536.24,134248, Output: ['6']
  📊 Iteration 4/12 for Amazon klev0 k=3...
    Passes: 6, Time/Memory: 564.40,135204, Output: ['6']
  📊 Iteration 4/12 for Amazon klev0 k=4...
    Passes: 6, Time/Memory: 548.87,134180, Output: ['6']
  📊 Iteration 5/12 for Amazon klev0 k=2...
    Passes: 6, Time/Memory: 527.24,135204, Output: ['6']
  📊 Iteration 5/12 for Amazon klev0 k=3...
    Passes: 6, Time/Memory: 542.29,133156, Output: ['6']
  📊 Iteration 5/12 for Amazon klev0 k=4...
    Passes: 6, Time/Memory: 525.29,135204, Output: ['6']
  📊 Iteration 6/12 for Amazon klev0 k=2...
    Passes: 6, Time/Memory: 532.47,135204, Output: ['6']
  📊 Iteration 6/12 for Amazon klev0 k=3...
    Passes: 6, Time/Memory: 530.26,134260, Output: ['6']
  📊 Iteration 6/12 for Amazon klev0 k=4...
    Passes: 6, Time/Memory: 505.53,134180, Output: ['6']
  📊 Iteration 7/12 for Amazon klev0 k=3...
    Passes: 6, Time/Memory: 572.81,132132, Output: ['6']
  📊 Iteration 7/12 for Amazon klev0 k=2...
    Passes: 6, Time/Memory: 521.78,132164, Output: ['6']
  📊 Iteration 7/12 for Amazon klev0 k=4...
    Passes: 6, Time/Memory: 484.35,134264, Output: ['6']
  📊 Iteration 8/12 for Amazon klev0 k=2...
    Passes: 6, Time/Memory: 538.97,133156, Output: ['6']
  📊 Iteration 8/12 for Amazon klev0 k=3...
    Passes: 6, Time/Memory: 466.86,133172, Output: ['6']
  📊 Iteration 8/12 for Amazon klev0 k=4...
    Passes: 6, Time/Memory: 480.09,135204, Output: ['6']
  📊 Iteration 9/12 for Amazon klev0 k=3...
    Passes: 6, Time/Memory: 535.43,135204, Output: ['6']
  📊 Iteration 9/12 for Amazon klev0 k=2...
    Passes: 6, Time/Memory: 651.67,134180, Output: ['6']
  📊 Iteration 9/12 for Amazon klev0 k=4...
    Passes: 6, Time/Memory: 535.48,134180, Output: ['6']
  📊 Iteration 10/12 for Amazon klev0 k=2...
    Passes: 6, Time/Memory: 578.50,135232, Output: ['6']
  📊 Iteration 10/12 for Amazon klev0 k=3...
    Passes: 6, Time/Memory: 486.32,130164, Output: ['6']
  📊 Iteration 10/12 for Amazon klev0 k=4...
    Passes: 6, Time/Memory: 474.99,134180, Output: ['6']
  📊 Iteration 11/12 for Amazon klev0 k=3...
    Passes: 6, Time/Memory: 566.30,134180, Output: ['6']
  📊 Iteration 11/12 for Amazon klev0 k=2...
    Passes: 6, Time/Memory: 486.21,135288, Output: ['6']
  📊 Iteration 11/12 for Amazon klev0 k=4...
    Passes: 6, Time/Memory: 477.59,134216, Output: ['6']
  📊 Iteration 12/12 for Amazon klev0 k=3...
    Passes: 6, Time/Memory: 541.43,135204, Output: ['6']
  📊 Iteration 12/12 for Amazon klev0 k=4...
    Passes: 6, Time/Memory: 557.61,135204, Output: ['6']
  📊 Iteration 12/12 for Amazon klev0 k=2...
    Passes: 6, Time/Memory: 591.75,136252, Output: ['6']
✅ Completed Amazon klev0 k=3: 525.27s, 134961.0KB
✅ [2/4] Completed Amazon klev0 k=3
    Passes: 6, Time/Memory: 549.34,136224, Output: ['6']
✅ Completed Amazon klev0 k=4: 535.18s, 134121.33KB
✅ [3/4] Completed Amazon klev0 k=4
    Passes: 6, Time/Memory: 585.10,136260, Output: ['6']
✅ Completed Amazon klev0 k=2: 538.32s, 134530.33KB
✅ [4/4] Completed Amazon klev0 k=2

🏁 All experiments completed!
✅ Successful: 4
❌ Failed: 0
📁 Results saved in ./results/real/average_concurrent_runs
