🎯 Total configurations to run: 15
🔄 Running with 36 parallel workers
🚀 Running Belcastro with klevA, k=4, iterations=9, file=2
  📊 Iteration 1/9 for Belcastro klevA k=4...
🚀 Running Belcastro with klevA, k=3, iterations=9, file=1
  📊 Iteration 1/9 for Belcastro klevA k=3...
🚀 Running Belcastro with klevA, k=5, iterations=9, file=3
  📊 Iteration 1/9 for Belcastro klevA k=5...
🚀 Running Belcastro with klevA, k=6, iterations=9, file=4
  📊 Iteration 1/9 for Belcastro klevA k=6...
🚀 Running Belcastro with klevA, k=7, iterations=9, file=5
  📊 Iteration 1/9 for Belcastro klevA k=7...
🚀 Running Belcastro with klevA, k=8, iterations=9, file=6
  📊 Iteration 1/9 for Belcastro klevA k=8...
🚀 Running Belcastro with klevA, k=9, iterations=9, file=7
  📊 Iteration 1/9 for Belcastro klevA k=9...
🚀 Running Belcastro with klevA, k=10, iterations=9, file=8
  📊 Iteration 1/9 for Belcastro klevA k=10...
🚀 Running Belcastro with klevA, k=644, iterations=9, file=9
  📊 Iteration 1/9 for Belcastro klevA k=644...
🚀 Running Twitch with klevA, k=3, iterations=9, file=1
  📊 Iteration 1/9 for Twitch klevA k=3...
🚀 Running Twitch with klevA, k=2, iterations=9, file=2
  📊 Iteration 1/9 for Twitch klevA k=2...
🚀 Running Twitch with klevB, k=4, iterations=9, file=3
  📊 Iteration 1/9 for Twitch klevB k=4...
🚀 Running Twitch with klevB, k=3, iterations=9, file=4
  📊 Iteration 1/9 for Twitch klevB k=3...
🚀 Running Twitch with klevB, k=2, iterations=9, file=5
  📊 Iteration 1/9 for Twitch klevB k=2...
🚀 Running Orkut with kpathA, k=6, iterations=4, file=4
  📊 Iteration 1/4 for Orkut kpathA k=6...
      Passes: 1,  Height: 0, Time/Memory: 2.42,192672
  📊 Iteration 2/9 for Belcastro klevA k=644...
      Passes: 1,  Height: 0, Time/Memory: 2.40,194664
  📊 Iteration 3/9 for Belcastro klevA k=644...
      Passes: 1,  Height: 0, Time/Memory: 2.36,194684
  📊 Iteration 4/9 for Belcastro klevA k=644...
      Passes: 1,  Height: 0, Time/Memory: 2.41,194684
  📊 Iteration 5/9 for Belcastro klevA k=644...
      Passes: 1,  Height: 0, Time/Memory: 2.41,194676
  📊 Iteration 6/9 for Belcastro klevA k=644...
      Passes: 4,  Height: 12595, Time/Memory: 13.26,15488
  📊 Iteration 2/9 for Belcastro klevA k=5...
      Passes: 4,  Height: 12595, Time/Memory: 13.39,19524
  📊 Iteration 2/9 for Belcastro klevA k=8...
      Passes: 4,  Height: 12595, Time/Memory: 13.46,12412
  📊 Iteration 2/9 for Belcastro klevA k=3...
      Passes: 4,  Height: 12595, Time/Memory: 13.51,16516
  📊 Iteration 2/9 for Belcastro klevA k=6...
      Passes: 4,  Height: 12595, Time/Memory: 13.51,17504
  📊 Iteration 2/9 for Belcastro klevA k=7...
      Passes: 4,  Height: 12595, Time/Memory: 13.50,20592
  📊 Iteration 2/9 for Belcastro klevA k=9...
      Passes: 4,  Height: 12595, Time/Memory: 13.62,21592
  📊 Iteration 2/9 for Belcastro klevA k=10...
      Passes: 4,  Height: 12595, Time/Memory: 13.87,13464
  📊 Iteration 2/9 for Belcastro klevA k=4...
      Passes: 1,  Height: 0, Time/Memory: 2.42,194716
  📊 Iteration 7/9 for Belcastro klevA k=644...
      Passes: 1,  Height: 0, Time/Memory: 2.42,194680
  📊 Iteration 8/9 for Belcastro klevA k=644...
      Passes: 1,  Height: 0, Time/Memory: 2.39,194720
  📊 Iteration 9/9 for Belcastro klevA k=644...
      Passes: 1,  Height: 0, Time/Memory: 2.51,194712
✅ Completed Belcastro klevA k=644: 2.42s, 194467.56KB
✅ [1/15] Completed Belcastro klevA k=C
      Passes: 4,  Height: 12595, Time/Memory: 13.14,14456
  📊 Iteration 3/9 for Belcastro klevA k=5...
      Passes: 4,  Height: 12595, Time/Memory: 13.21,19568
  📊 Iteration 3/9 for Belcastro klevA k=8...
      Passes: 4,  Height: 12595, Time/Memory: 13.26,12412
  📊 Iteration 3/9 for Belcastro klevA k=3...
      Passes: 4,  Height: 12595, Time/Memory: 13.26,17488
  📊 Iteration 3/9 for Belcastro klevA k=7...
      Passes: 4,  Height: 12595, Time/Memory: 13.30,19608
  📊 Iteration 3/9 for Belcastro klevA k=9...
      Passes: 4,  Height: 12595, Time/Memory: 13.55,15428
  📊 Iteration 3/9 for Belcastro klevA k=6...
      Passes: 4,  Height: 12595, Time/Memory: 13.21,13384
  📊 Iteration 3/9 for Belcastro klevA k=4...
      Passes: 4,  Height: 12595, Time/Memory: 13.49,21628
  📊 Iteration 3/9 for Belcastro klevA k=10...
      Passes: 5,  Height: 89376, Time/Memory: 34.93,73852
  📊 Iteration 2/9 for Twitch klevB k=2...
      Passes: 5,  Height: 89376, Time/Memory: 35.31,73824
  📊 Iteration 2/9 for Twitch klevB k=3...
      Passes: 4,  Height: 89262, Time/Memory: 36.39,120980
  📊 Iteration 2/9 for Twitch klevA k=3...
      Passes: 5,  Height: 89105, Time/Memory: 37.92,104572
  📊 Iteration 2/9 for Twitch klevA k=2...
      Passes: 5,  Height: 89376, Time/Memory: 38.70,73836
  📊 Iteration 2/9 for Twitch klevB k=4...
      Passes: 4,  Height: 12595, Time/Memory: 13.25,15484
  📊 Iteration 4/9 for Belcastro klevA k=5...
      Passes: 4,  Height: 12595, Time/Memory: 13.20,12416
  📊 Iteration 4/9 for Belcastro klevA k=3...
      Passes: 4,  Height: 12595, Time/Memory: 13.35,19628
  📊 Iteration 4/9 for Belcastro klevA k=8...
      Passes: 4,  Height: 12595, Time/Memory: 13.10,13436
  📊 Iteration 4/9 for Belcastro klevA k=4...
      Passes: 4,  Height: 12595, Time/Memory: 13.39,17476
  📊 Iteration 4/9 for Belcastro klevA k=7...
      Passes: 4,  Height: 12595, Time/Memory: 13.31,16500
  📊 Iteration 4/9 for Belcastro klevA k=6...
      Passes: 4,  Height: 12595, Time/Memory: 13.57,20652
  📊 Iteration 4/9 for Belcastro klevA k=9...
      Passes: 4,  Height: 12595, Time/Memory: 13.31,21608
  📊 Iteration 4/9 for Belcastro klevA k=10...
      Passes: 4,  Height: 12595, Time/Memory: 13.19,15448
  📊 Iteration 5/9 for Belcastro klevA k=5...
      Passes: 4,  Height: 12595, Time/Memory: 13.04,12448
  📊 Iteration 5/9 for Belcastro klevA k=3...
      Passes: 4,  Height: 12595, Time/Memory: 13.30,18596
  📊 Iteration 5/9 for Belcastro klevA k=8...
      Passes: 4,  Height: 12595, Time/Memory: 13.26,17488
  📊 Iteration 5/9 for Belcastro klevA k=7...
      Passes: 4,  Height: 12595, Time/Memory: 13.26,20584
  📊 Iteration 5/9 for Belcastro klevA k=9...
      Passes: 4,  Height: 12595, Time/Memory: 13.34,16500
  📊 Iteration 5/9 for Belcastro klevA k=6...
      Passes: 4,  Height: 12595, Time/Memory: 13.70,12412
  📊 Iteration 5/9 for Belcastro klevA k=4...
      Passes: 4,  Height: 12595, Time/Memory: 13.53,20560
  📊 Iteration 5/9 for Belcastro klevA k=10...
      Passes: 4,  Height: 12595, Time/Memory: 13.18,15484
  📊 Iteration 6/9 for Belcastro klevA k=5...
      Passes: 4,  Height: 12595, Time/Memory: 13.26,12372
  📊 Iteration 6/9 for Belcastro klevA k=3...
      Passes: 4,  Height: 12595, Time/Memory: 13.34,19588
  📊 Iteration 6/9 for Belcastro klevA k=8...
      Passes: 4,  Height: 12595, Time/Memory: 13.31,20632
  📊 Iteration 6/9 for Belcastro klevA k=9...
      Passes: 4,  Height: 12595, Time/Memory: 13.19,13400
  📊 Iteration 6/9 for Belcastro klevA k=4...
      Passes: 4,  Height: 12595, Time/Memory: 13.54,16460
  📊 Iteration 6/9 for Belcastro klevA k=7...
      Passes: 4,  Height: 12595, Time/Memory: 13.31,16472
  📊 Iteration 6/9 for Belcastro klevA k=6...
      Passes: 4,  Height: 12595, Time/Memory: 13.43,20632
  📊 Iteration 6/9 for Belcastro klevA k=10...
      Passes: 5,  Height: 89376, Time/Memory: 37.89,74856
  📊 Iteration 3/9 for Twitch klevB k=3...
      Passes: 5,  Height: 89376, Time/Memory: 39.07,72784
  📊 Iteration 3/9 for Twitch klevB k=2...
      Passes: 5,  Height: 89376, Time/Memory: 35.84,72852
  📊 Iteration 3/9 for Twitch klevB k=4...
      Passes: 4,  Height: 89262, Time/Memory: 40.71,119972
  📊 Iteration 3/9 for Twitch klevA k=3...
      Passes: 5,  Height: 89105, Time/Memory: 41.15,102464
  📊 Iteration 3/9 for Twitch klevA k=2...
      Passes: 4,  Height: 12595, Time/Memory: 13.12,11396
  📊 Iteration 7/9 for Belcastro klevA k=3...
      Passes: 4,  Height: 12595, Time/Memory: 13.45,14448
  📊 Iteration 7/9 for Belcastro klevA k=5...
      Passes: 4,  Height: 12595, Time/Memory: 13.41,16448
  📊 Iteration 7/9 for Belcastro klevA k=8...
      Passes: 4,  Height: 12595, Time/Memory: 13.37,15484
  📊 Iteration 7/9 for Belcastro klevA k=7...
      Passes: 4,  Height: 12595, Time/Memory: 13.52,19524
  📊 Iteration 7/9 for Belcastro klevA k=9...
      Passes: 4,  Height: 12595, Time/Memory: 13.58,14460
  📊 Iteration 7/9 for Belcastro klevA k=6...
      Passes: 4,  Height: 12595, Time/Memory: 13.72,13444
  📊 Iteration 7/9 for Belcastro klevA k=4...
      Passes: 4,  Height: 12595, Time/Memory: 13.76,20592
  📊 Iteration 7/9 for Belcastro klevA k=10...
      Passes: 4,  Height: 12595, Time/Memory: 13.33,12412
  📊 Iteration 8/9 for Belcastro klevA k=3...
      Passes: 4,  Height: 12595, Time/Memory: 13.32,14460
  📊 Iteration 8/9 for Belcastro klevA k=5...
      Passes: 4,  Height: 12595, Time/Memory: 13.41,18556
  📊 Iteration 8/9 for Belcastro klevA k=8...
      Passes: 4,  Height: 12595, Time/Memory: 13.31,17516
  📊 Iteration 8/9 for Belcastro klevA k=7...
      Passes: 4,  Height: 12595, Time/Memory: 13.31,16560
  📊 Iteration 8/9 for Belcastro klevA k=6...
      Passes: 4,  Height: 12595, Time/Memory: 13.60,20596
  📊 Iteration 8/9 for Belcastro klevA k=9...
      Passes: 4,  Height: 12595, Time/Memory: 13.47,13416
  📊 Iteration 8/9 for Belcastro klevA k=4...
      Passes: 4,  Height: 12595, Time/Memory: 13.30,21664
  📊 Iteration 8/9 for Belcastro klevA k=10...
      Passes: 4,  Height: 12595, Time/Memory: 13.02,12420
  📊 Iteration 9/9 for Belcastro klevA k=3...
      Passes: 4,  Height: 12595, Time/Memory: 13.36,14492
  📊 Iteration 9/9 for Belcastro klevA k=5...
      Passes: 4,  Height: 12595, Time/Memory: 13.23,16492
  📊 Iteration 9/9 for Belcastro klevA k=7...
      Passes: 4,  Height: 12595, Time/Memory: 13.73,17520
  📊 Iteration 9/9 for Belcastro klevA k=8...
      Passes: 4,  Height: 12595, Time/Memory: 13.57,14464
  📊 Iteration 9/9 for Belcastro klevA k=6...
      Passes: 4,  Height: 12595, Time/Memory: 13.38,13400
  📊 Iteration 9/9 for Belcastro klevA k=4...
      Passes: 4,  Height: 12595, Time/Memory: 13.57,18552
  📊 Iteration 9/9 for Belcastro klevA k=9...
      Passes: 4,  Height: 12595, Time/Memory: 13.59,20588
  📊 Iteration 9/9 for Belcastro klevA k=10...
      Passes: 5,  Height: 89376, Time/Memory: 34.76,74844
  📊 Iteration 4/9 for Twitch klevB k=4...
      Passes: 5,  Height: 89376, Time/Memory: 39.55,72788
  📊 Iteration 4/9 for Twitch klevB k=3...
      Passes: 5,  Height: 89376, Time/Memory: 40.81,71760
  📊 Iteration 4/9 for Twitch klevB k=2...
      Passes: 4,  Height: 89262, Time/Memory: 38.73,119912
  📊 Iteration 4/9 for Twitch klevA k=3...
      Passes: 4,  Height: 12595, Time/Memory: 13.09,11388
✅ Completed Belcastro klevA k=3: 13.2s, 12186.22KB
✅ [2/15] Completed Belcastro klevA k=3
      Passes: 4,  Height: 12595, Time/Memory: 13.13,14448
✅ Completed Belcastro klevA k=5: 13.25s, 14912.0KB
✅ [3/15] Completed Belcastro klevA k=5
      Passes: 5,  Height: 89105, Time/Memory: 41.23,100484
  📊 Iteration 4/9 for Twitch klevA k=2...
      Passes: 4,  Height: 12595, Time/Memory: 13.13,18588
✅ Completed Belcastro klevA k=8: 13.36s, 18668.44KB
✅ [4/15] Completed Belcastro klevA k=8
      Passes: 4,  Height: 12595, Time/Memory: 13.46,17572
✅ Completed Belcastro klevA k=7: 13.37s, 17053.33KB
✅ [5/15] Completed Belcastro klevA k=7
      Passes: 4,  Height: 12595, Time/Memory: 13.27,16452
✅ Completed Belcastro klevA k=6: 13.42s, 15928.0KB
✅ [6/15] Completed Belcastro klevA k=6
      Passes: 4,  Height: 12595, Time/Memory: 13.22,12412
✅ Completed Belcastro klevA k=4: 13.43s, 13196.44KB
✅ [7/15] Completed Belcastro klevA k=4
      Passes: 4,  Height: 12595, Time/Memory: 13.42,19580
✅ Completed Belcastro klevA k=9: 13.45s, 20035.56KB
✅ [8/15] Completed Belcastro klevA k=9
      Passes: 4,  Height: 12595, Time/Memory: 13.80,21628
✅ Completed Belcastro klevA k=10: 13.54s, 21165.78KB
✅ [9/15] Completed Belcastro klevA k=10
      Passes: 5,  Height: 89376, Time/Memory: 34.73,74828
  📊 Iteration 5/9 for Twitch klevB k=4...
      Passes: 5,  Height: 89376, Time/Memory: 34.72,73808
  📊 Iteration 5/9 for Twitch klevB k=3...
      Passes: 5,  Height: 89376, Time/Memory: 34.23,74836
  📊 Iteration 5/9 for Twitch klevB k=2...
      Passes: 4,  Height: 89262, Time/Memory: 36.75,118908
  📊 Iteration 5/9 for Twitch klevA k=3...
      Passes: 5,  Height: 89105, Time/Memory: 41.72,102556
  📊 Iteration 5/9 for Twitch klevA k=2...
      Passes: 5,  Height: 89376, Time/Memory: 35.09,74840
  📊 Iteration 6/9 for Twitch klevB k=4...
      Passes: 5,  Height: 89376, Time/Memory: 34.38,74868
  📊 Iteration 6/9 for Twitch klevB k=2...
      Passes: 5,  Height: 89376, Time/Memory: 37.13,71828
  📊 Iteration 6/9 for Twitch klevB k=3...
      Passes: 4,  Height: 89262, Time/Memory: 38.52,116824
  📊 Iteration 6/9 for Twitch klevA k=3...
      Passes: 5,  Height: 89105, Time/Memory: 37.98,103548
  📊 Iteration 6/9 for Twitch klevA k=2...
      Passes: 5,  Height: 89376, Time/Memory: 38.06,73816
  📊 Iteration 7/9 for Twitch klevB k=4...
      Passes: 5,  Height: 89376, Time/Memory: 36.17,72780
  📊 Iteration 7/9 for Twitch klevB k=2...
      Passes: 5,  Height: 89376, Time/Memory: 35.50,72864
  📊 Iteration 7/9 for Twitch klevB k=3...
      Passes: 4,  Height: 89262, Time/Memory: 40.48,113788
  📊 Iteration 7/9 for Twitch klevA k=3...
      Passes: 5,  Height: 89105, Time/Memory: 42.20,102492
  📊 Iteration 7/9 for Twitch klevA k=2...
      Passes: 5,  Height: 89376, Time/Memory: 35.15,74884
  📊 Iteration 8/9 for Twitch klevB k=3...
      Passes: 5,  Height: 89376, Time/Memory: 38.32,74872
  📊 Iteration 8/9 for Twitch klevB k=4...
      Passes: 5,  Height: 89376, Time/Memory: 38.41,73832
  📊 Iteration 8/9 for Twitch klevB k=2...
      Passes: 4,  Height: 89262, Time/Memory: 42.72,116856
  📊 Iteration 8/9 for Twitch klevA k=3...
      Passes: 5,  Height: 89105, Time/Memory: 43.12,99444
  📊 Iteration 8/9 for Twitch klevA k=2...
      Passes: 5,  Height: 89376, Time/Memory: 39.19,70804
  📊 Iteration 9/9 for Twitch klevB k=4...
      Passes: 5,  Height: 89376, Time/Memory: 42.08,70744
  📊 Iteration 9/9 for Twitch klevB k=3...
      Passes: 5,  Height: 89376, Time/Memory: 39.52,70776
  📊 Iteration 9/9 for Twitch klevB k=2...
      Passes: 4,  Height: 89262, Time/Memory: 41.85,116848
  📊 Iteration 9/9 for Twitch klevA k=3...
      Passes: 5,  Height: 89105, Time/Memory: 41.20,102488
  📊 Iteration 9/9 for Twitch klevA k=2...
      Passes: 5,  Height: 89376, Time/Memory: 36.55,73796
✅ Completed Twitch klevB k=4: 36.8s, 73832.0KB
✅ [10/15] Completed Twitch klevB k=4
      Passes: 5,  Height: 89376, Time/Memory: 40.30,72836
✅ Completed Twitch klevB k=3: 37.51s, 73159.11KB
✅ [11/15] Completed Twitch klevB k=3
      Passes: 5,  Height: 89376, Time/Memory: 40.09,70744
✅ Completed Twitch klevB k=2: 37.51s, 72914.67KB
✅ [12/15] Completed Twitch klevB k=2
      Passes: 4,  Height: 89262, Time/Memory: 37.81,118892
✅ Completed Twitch klevA k=3: 39.33s, 118108.89KB
✅ [13/15] Completed Twitch klevA k=3
      Passes: 5,  Height: 89105, Time/Memory: 39.85,101544
✅ Completed Twitch klevA k=2: 40.71s, 102176.89KB
✅ [14/15] Completed Twitch klevA k=2
      Passes: 11,  Height: 2531235, Time/Memory: 8534.25,2672892
  📊 Iteration 2/4 for Orkut kpathA k=6...
      Passes: 11,  Height: 2531235, Time/Memory: 8677.27,2677232
  📊 Iteration 3/4 for Orkut kpathA k=6...
      Passes: 11,  Height: 2531235, Time/Memory: 9003.60,2673692
  📊 Iteration 4/4 for Orkut kpathA k=6...
      Passes: 11,  Height: 2531235, Time/Memory: 8564.59,2675560
✅ Completed Orkut kpathA k=6: 8694.93s, 2674844.0KB
✅ [15/15] Completed Orkut kpathA k=6

🏁 All experiments completed!
✅ Successful: 15
❌ Failed: 0
📁 Results saved in ./results/real/average_concurrent_runs
