🎯 Total configurations to run: 2
🔄 Running with 24 parallel workers
🚀 Running LiveJournal with klev1, k=4, iterations=10, file=6
  📊 Iteration 1/10 for LiveJournal klev1 k=4...
🚀 Running LiveJournal with klev1, k=3, iterations=10, file=7
  📊 Iteration 1/10 for LiveJournal klev1 k=3...
    Passes: 5, Time/Memory: 26349.04,1656832, Output: ['5']
  📊 Iteration 2/10 for LiveJournal klev1 k=3...
    Passes: 5, Time/Memory: 26442.55,1658880, Output: ['5']
  📊 Iteration 2/10 for LiveJournal klev1 k=4...
    Passes: 5, Time/Memory: 26380.46,1657856, Output: ['5']
  📊 Iteration 3/10 for LiveJournal klev1 k=3...
    Passes: 5, Time/Memory: 26409.25,1656832, Output: ['5']
  📊 Iteration 3/10 for LiveJournal klev1 k=4...
    Passes: 5, Time/Memory: 26357.64,1657856, Output: ['5']
  📊 Iteration 4/10 for LiveJournal klev1 k=3...
    Passes: 5, Time/Memory: 26240.94,1657856, Output: ['5']
  📊 Iteration 4/10 for LiveJournal klev1 k=4...
    Passes: 5, Time/Memory: 26291.60,1653760, Output: ['5']
  📊 Iteration 5/10 for LiveJournal klev1 k=4...
    Passes: 5, Time/Memory: 26327.05,1656832, Output: ['5']
  📊 Iteration 5/10 for LiveJournal klev1 k=3...
    Passes: 5, Time/Memory: 26173.08,1655808, Output: ['5']
  📊 Iteration 6/10 for LiveJournal klev1 k=4...
    Passes: 5, Time/Memory: 26170.49,1656832, Output: ['5']
  📊 Iteration 6/10 for LiveJournal klev1 k=3...
    Passes: 5, Time/Memory: 26518.92,1654784, Output: ['5']
  📊 Iteration 7/10 for LiveJournal klev1 k=4...
    Passes: 5, Time/Memory: 26609.98,1653760, Output: ['5']
  📊 Iteration 7/10 for LiveJournal klev1 k=3...
    Passes: 5, Time/Memory: 26753.39,1657856, Output: ['5']
  📊 Iteration 8/10 for LiveJournal klev1 k=4...
    Passes: 5, Time/Memory: 26870.04,1656832, Output: ['5']
  📊 Iteration 8/10 for LiveJournal klev1 k=3...
    Passes: 5, Time/Memory: 27162.36,1653760, Output: ['5']
  📊 Iteration 9/10 for LiveJournal klev1 k=4...
    Passes: 5, Time/Memory: 27177.47,1656832, Output: ['5']
  📊 Iteration 9/10 for LiveJournal klev1 k=3...
    Passes: 5, Time/Memory: 26363.22,1656832, Output: ['5']
  📊 Iteration 10/10 for LiveJournal klev1 k=4...
    Passes: 5, Time/Memory: 26662.56,1654784, Output: ['5']
  📊 Iteration 10/10 for LiveJournal klev1 k=3...
    Passes: 5, Time/Memory: 26235.10,1657856, Output: ['5']
✅ Completed LiveJournal klev1 k=4: 26459.04s, 1656422.4KB
✅ [1/2] Completed LiveJournal klev1 k=4
    Passes: 5, Time/Memory: 26123.45,1656832, Output: ['5']
✅ Completed LiveJournal klev1 k=3: 26502.82s, 1656524.8KB
✅ [2/2] Completed LiveJournal klev1 k=3

🏁 All experiments completed!
✅ Successful: 2
❌ Failed: 0
📁 Results saved in ./results/real/average_concurrent_runs
