🎯 Total configurations to run: 1
🔄 Running with 36 parallel workers
🚀 Running Twitch with klev1, k=4, iterations=10, file=3
  📊 Iteration 1/10 for Twitch klev1 k=4...
    Passes: 4, Time/Memory: 44.77,73764, Output: ['4']
  📊 Iteration 2/10 for Twitch klev1 k=4...
    Passes: 4, Time/Memory: 41.20,74816, Output: ['4']
  📊 Iteration 3/10 for Twitch klev1 k=4...
    Passes: 4, Time/Memory: 34.50,73816, Output: ['4']
  📊 Iteration 4/10 for Twitch klev1 k=4...
    Passes: 4, Time/Memory: 46.39,74840, Output: ['4']
  📊 Iteration 5/10 for Twitch klev1 k=4...
    Passes: 4, Time/Memory: 60.79,73776, Output: ['4']
  📊 Iteration 6/10 for Twitch klev1 k=4...
    Passes: 4, Time/Memory: 44.34,73764, Output: ['4']
  📊 Iteration 7/10 for Twitch klev1 k=4...
    Passes: 4, Time/Memory: 33.43,74788, Output: ['4']
  📊 Iteration 8/10 for Twitch klev1 k=4...
    Passes: 4, Time/Memory: 44.43,74788, Output: ['4']
  📊 Iteration 9/10 for Twitch klev1 k=4...
    Passes: 4, Time/Memory: 45.87,74820, Output: ['4']
  📊 Iteration 10/10 for Twitch klev1 k=4...
    Passes: 4, Time/Memory: 41.01,74780, Output: ['4']
✅ Completed Twitch klev1 k=4: 43.67s, 74395.2KB
✅ [1/1] Completed Twitch klev1 k=4

🏁 All experiments completed!
✅ Successful: 1
❌ Failed: 0
📁 Results saved in ./results/real/average_concurrent_runs
