🎯 Total configurations to run: 3
🔄 Running with 36 parallel workers
🚀 Running Belcastro with klev2, k=6, iterations=10, file=1
  📊 Iteration 1/10 for Belcastro klev2 k=6...
🚀 Running Belcastro with klev2, k=9, iterations=5, file=2
  📊 Iteration 1/5 for Belcastro klev2 k=9...
🚀 Running Belcastro with klev2, k=7, iterations=10, file=3
  📊 Iteration 1/10 for Belcastro klev2 k=7...
    Passes: 3, Time/Memory: 11.05,17444, Output: ['3']
  📊 Iteration 2/10 for Belcastro klev2 k=7...
    Passes: 3, Time/Memory: 11.16,15408, Output: ['3']
  📊 Iteration 2/10 for Belcastro klev2 k=6...
    Passes: 3, Time/Memory: 11.35,20516, Output: ['3']
  📊 Iteration 2/5 for Belcastro klev2 k=9...
    Passes: 3, Time/Memory: 10.65,17464, Output: ['3']
  📊 Iteration 3/10 for Belcastro klev2 k=7...
    Passes: 3, Time/Memory: 11.42,16420, Output: ['3']
  📊 Iteration 3/10 for Belcastro klev2 k=6...
    Passes: 3, Time/Memory: 11.32,20512, Output: ['3']
  📊 Iteration 3/5 for Belcastro klev2 k=9...
    Passes: 3, Time/Memory: 10.88,17436, Output: ['3']
  📊 Iteration 4/10 for Belcastro klev2 k=7...
    Passes: 3, Time/Memory: 10.95,16420, Output: ['3']
  📊 Iteration 4/10 for Belcastro klev2 k=6...
    Passes: 3, Time/Memory: 11.20,19492, Output: ['3']
  📊 Iteration 4/5 for Belcastro klev2 k=9...
    Passes: 3, Time/Memory: 10.92,17444, Output: ['3']
  📊 Iteration 5/10 for Belcastro klev2 k=7...
    Passes: 3, Time/Memory: 11.32,20564, Output: ['3']
  📊 Iteration 5/5 for Belcastro klev2 k=9...
    Passes: 3, Time/Memory: 12.04,16448, Output: ['3']
  📊 Iteration 5/10 for Belcastro klev2 k=6...
    Passes: 3, Time/Memory: 11.73,17480, Output: ['3']
  📊 Iteration 6/10 for Belcastro klev2 k=7...
    Passes: 3, Time/Memory: 11.17,20516, Output: ['3']
✅ Completed Belcastro klev2 k=9: 11.27s, 20320.0KB
✅ [1/3] Completed Belcastro klev2 k=9
    Passes: 3, Time/Memory: 11.96,16420, Output: ['3']
  📊 Iteration 6/10 for Belcastro klev2 k=6...
    Passes: 3, Time/Memory: 11.82,16420, Output: ['3']
  📊 Iteration 7/10 for Belcastro klev2 k=6...
    Passes: 3, Time/Memory: 13.94,16444, Output: ['3']
  📊 Iteration 7/10 for Belcastro klev2 k=7...
    Passes: 3, Time/Memory: 10.80,17444, Output: ['3']
  📊 Iteration 8/10 for Belcastro klev2 k=7...
    Passes: 3, Time/Memory: 10.90,15396, Output: ['3']
  📊 Iteration 8/10 for Belcastro klev2 k=6...
    Passes: 3, Time/Memory: 10.67,17472, Output: ['3']
  📊 Iteration 9/10 for Belcastro klev2 k=7...
    Passes: 3, Time/Memory: 11.55,16492, Output: ['3']
  📊 Iteration 9/10 for Belcastro klev2 k=6...
    Passes: 3, Time/Memory: 10.85,17472, Output: ['3']
  📊 Iteration 10/10 for Belcastro klev2 k=7...
    Passes: 3, Time/Memory: 11.00,15484, Output: ['3']
  📊 Iteration 10/10 for Belcastro klev2 k=6...
    Passes: 3, Time/Memory: 10.93,17492, Output: ['3']
✅ Completed Belcastro klev2 k=7: 11.24s, 17359.2KB
✅ [2/3] Completed Belcastro klev2 k=7
    Passes: 3, Time/Memory: 10.95,16416, Output: ['3']
✅ Completed Belcastro klev2 k=6: 11.38s, 16132.4KB
✅ [3/3] Completed Belcastro klev2 k=6

🏁 All experiments completed!
✅ Successful: 3
❌ Failed: 0
📁 Results saved in ./results/real/average_concurrent_runs
