🎯 Total configurations to run: 7
🔄 Running with 36 parallel workers
🚀 Running LiveJournal with kpath1, k=7, iterations=10, file=1
  📊 Iteration 1/10 for LiveJournal kpath1 k=7...
🚀 Running LiveJournal with klev0, k=1, iterations=1, file=2
  📊 Iteration 1/1 for LiveJournal klev0 k=1...
🚀 Running LiveJournal with kpath0, k=7, iterations=10, file=3
  📊 Iteration 1/10 for LiveJournal kpath0 k=7...
🚀 Running LiveJournal with kpath0, k=8, iterations=10, file=5
  📊 Iteration 1/10 for LiveJournal kpath0 k=8...
🚀 Running LiveJournal with kpathN, k=6, iterations=2, file=7
  📊 Iteration 1/2 for LiveJournal kpathN k=6...
🚀 Running LiveJournal with kpathN, k=2, iterations=9, file=12
  📊 Iteration 1/9 for LiveJournal kpathN k=2...
🚀 Running LiveJournal with kpathN, k=3, iterations=9, file=13
  📊 Iteration 1/9 for LiveJournal kpathN k=3...
    Passes: 3, Time/Memory: 15297.66,3542736, Output: ['3']
  📊 Iteration 2/2 for LiveJournal kpathN k=6...
    Passes: 8, Time/Memory: 18379.51,3950492, Output: ['8']
  📊 Iteration 2/10 for LiveJournal kpath1 k=7...
    Passes: 15, Time/Memory: 25321.30,3923832, Output: ['15']
  📊 Iteration 2/10 for LiveJournal kpath0 k=7...
    Passes: 3, Time/Memory: 16370.43,3541800, Output: ['3']
✅ Completed LiveJournal kpathN k=6: 15834.05s, 3542268.0KB
✅ [1/7] Completed LiveJournal kpathN k=6
    Passes: 13, Time/Memory: 32853.50,4307608, Output: ['13']
  📊 Iteration 2/10 for LiveJournal kpath0 k=8...
    Passes: 5, Time/Memory: 34629.76,2508044, Output: ['5']
  📊 Iteration 2/9 for LiveJournal kpathN k=3...
    Passes: 8, Time/Memory: 16176.59,3950388, Output: ['8']
  📊 Iteration 3/10 for LiveJournal kpath1 k=7...
    Passes: 6, Time/Memory: 36619.94,1667108, Output: ['6']
✅ Completed LiveJournal klev0 k=1: 36619.94s, 1667108.0KB
✅ [2/7] Completed LiveJournal klev0 k=1
    Passes: 15, Time/Memory: 22809.26,3923680, Output: ['15']
  📊 Iteration 3/10 for LiveJournal kpath0 k=7...
    Passes: 8, Time/Memory: 15523.46,3949560, Output: ['8']
  📊 Iteration 4/10 for LiveJournal kpath1 k=7...
    Passes: 8, Time/Memory: 51040.72,2296640, Output: ['8']
  📊 Iteration 2/9 for LiveJournal kpathN k=2...
    Passes: 13, Time/Memory: 31929.85,4307796, Output: ['13']
  📊 Iteration 3/10 for LiveJournal kpath0 k=8...
    Passes: 5, Time/Memory: 30584.61,2508088, Output: ['5']
  📊 Iteration 3/9 for LiveJournal kpathN k=3...
    Passes: 8, Time/Memory: 15230.14,3951116, Output: ['8']
  📊 Iteration 5/10 for LiveJournal kpath1 k=7...
    Passes: 15, Time/Memory: 21716.80,3925272, Output: ['15']
  📊 Iteration 4/10 for LiveJournal kpath0 k=7...
    Passes: 8, Time/Memory: 16565.86,3951860, Output: ['8']
  📊 Iteration 6/10 for LiveJournal kpath1 k=7...
    Passes: 15, Time/Memory: 20672.27,3924184, Output: ['15']
  📊 Iteration 5/10 for LiveJournal kpath0 k=7...
    Passes: 8, Time/Memory: 14443.55,3950420, Output: ['8']
  📊 Iteration 7/10 for LiveJournal kpath1 k=7...
    Passes: 13, Time/Memory: 33016.60,4307692, Output: ['13']
  📊 Iteration 4/10 for LiveJournal kpath0 k=8...
    Passes: 5, Time/Memory: 33418.07,2508164, Output: ['5']
  📊 Iteration 4/9 for LiveJournal kpathN k=3...
    Passes: 8, Time/Memory: 49941.88,2295728, Output: ['8']
  📊 Iteration 3/9 for LiveJournal kpathN k=2...
    Passes: 8, Time/Memory: 16110.69,3951088, Output: ['8']
  📊 Iteration 8/10 for LiveJournal kpath1 k=7...
    Passes: 15, Time/Memory: 22906.65,3924580, Output: ['15']
  📊 Iteration 6/10 for LiveJournal kpath0 k=7...
    Passes: 13, Time/Memory: 28193.45,4307968, Output: ['13']
  📊 Iteration 5/10 for LiveJournal kpath0 k=8...
    Passes: 8, Time/Memory: 15506.10,3951068, Output: ['8']
  📊 Iteration 9/10 for LiveJournal kpath1 k=7...
    Passes: 5, Time/Memory: 31021.89,2508136, Output: ['5']
  📊 Iteration 5/9 for LiveJournal kpathN k=3...
    Passes: 15, Time/Memory: 22490.48,3924212, Output: ['15']
  📊 Iteration 7/10 for LiveJournal kpath0 k=7...
    Passes: 8, Time/Memory: 14428.18,3948576, Output: ['8']
  📊 Iteration 10/10 for LiveJournal kpath1 k=7...
    Passes: 8, Time/Memory: 44703.22,2295768, Output: ['8']
  📊 Iteration 4/9 for LiveJournal kpathN k=2...
    Passes: 13, Time/Memory: 28398.79,4306260, Output: ['13']
  📊 Iteration 6/10 for LiveJournal kpath0 k=8...
    Passes: 8, Time/Memory: 15375.27,3950000, Output: ['8']
✅ Completed LiveJournal kpath1 k=7: 15773.94s, 3950456.8KB
✅ [3/7] Completed LiveJournal kpath1 k=7
    Passes: 15, Time/Memory: 22167.67,3924572, Output: ['15']
  📊 Iteration 8/10 for LiveJournal kpath0 k=7...
    Passes: 5, Time/Memory: 30471.66,2508856, Output: ['5']
  📊 Iteration 6/9 for LiveJournal kpathN k=3...
    Passes: 15, Time/Memory: 21719.59,3924560, Output: ['15']
  📊 Iteration 9/10 for LiveJournal kpath0 k=7...
    Passes: 13, Time/Memory: 26605.51,4306572, Output: ['13']
  📊 Iteration 7/10 for LiveJournal kpath0 k=8...
    Passes: 5, Time/Memory: 30185.50,2508572, Output: ['5']
  📊 Iteration 7/9 for LiveJournal kpathN k=3...
    Passes: 8, Time/Memory: 49997.34,2296248, Output: ['8']
  📊 Iteration 5/9 for LiveJournal kpathN k=2...
    Passes: 15, Time/Memory: 21275.76,3924532, Output: ['15']
  📊 Iteration 10/10 for LiveJournal kpath0 k=7...
    Passes: 13, Time/Memory: 26204.67,4306628, Output: ['13']
  📊 Iteration 8/10 for LiveJournal kpath0 k=8...
    Passes: 5, Time/Memory: 28339.20,2508156, Output: ['5']
  📊 Iteration 8/9 for LiveJournal kpathN k=3...
    Passes: 15, Time/Memory: 21870.71,3923692, Output: ['15']
✅ Completed LiveJournal kpath0 k=7: 22295.05s, 3924311.6KB
✅ [4/7] Completed LiveJournal kpath0 k=7
    Passes: 13, Time/Memory: 27616.43,4307892, Output: ['13']
  📊 Iteration 9/10 for LiveJournal kpath0 k=8...
    Passes: 8, Time/Memory: 43429.46,2294776, Output: ['8']
  📊 Iteration 6/9 for LiveJournal kpathN k=2...
    Passes: 5, Time/Memory: 26395.86,2506476, Output: ['5']
  📊 Iteration 9/9 for LiveJournal kpathN k=3...
    Passes: 13, Time/Memory: 27857.32,4307180, Output: ['13']
  📊 Iteration 10/10 for LiveJournal kpath0 k=8...
    Passes: 5, Time/Memory: 30048.76,2507152, Output: ['5']
✅ Completed LiveJournal kpathN k=3: 30566.15s, 2507960.44KB
✅ [5/7] Completed LiveJournal kpathN k=3
    Passes: 8, Time/Memory: 45003.24,2294972, Output: ['8']
  📊 Iteration 7/9 for LiveJournal kpathN k=2...
    Passes: 13, Time/Memory: 28861.63,4307260, Output: ['13']
✅ Completed LiveJournal kpath0 k=8: 29153.78s, 4307285.6KB
✅ [6/7] Completed LiveJournal kpath0 k=8
    Passes: 8, Time/Memory: 42836.11,2295784, Output: ['8']
  📊 Iteration 8/9 for LiveJournal kpathN k=2...
    Passes: 8, Time/Memory: 46815.88,2295868, Output: ['8']
  📊 Iteration 9/9 for LiveJournal kpathN k=2...
    Passes: 8, Time/Memory: 46531.81,2294796, Output: ['8']
✅ Completed LiveJournal kpathN k=2: 46699.96s, 2295620.0KB
✅ [7/7] Completed LiveJournal kpathN k=2

🏁 All experiments completed!
✅ Successful: 7
❌ Failed: 0
📁 Results saved in ./results/real/average_concurrent_runs
