🎯 Total configurations to run: 2
🔄 Running with 36 parallel workers
🚀 Running Belcastro with klevN, k=8, iterations=10, file=1
  📊 Iteration 1/10 for Belcastro klevN k=8...
🚀 Running Belcastro with klevN, k=9, iterations=10, file=3
  📊 Iteration 1/10 for Belcastro klevN k=9...
    Passes: 3, Time/Memory: 10.88,18484, Output: ['3']
  📊 Iteration 2/10 for Belcastro klevN k=8...
    Passes: 3, Time/Memory: 11.45,19492, Output: ['3']
  📊 Iteration 2/10 for Belcastro klevN k=9...
    Passes: 3, Time/Memory: 11.09,18512, Output: ['3']
  📊 Iteration 3/10 for Belcastro klevN k=8...
    Passes: 3, Time/Memory: 10.93,20516, Output: ['3']
  📊 Iteration 3/10 for Belcastro klevN k=9...
    Passes: 3, Time/Memory: 10.78,18496, Output: ['3']
  📊 Iteration 4/10 for Belcastro klevN k=8...
    Passes: 3, Time/Memory: 11.16,20516, Output: ['3']
  📊 Iteration 4/10 for Belcastro klevN k=9...
    Passes: 3, Time/Memory: 10.88,18468, Output: ['3']
  📊 Iteration 5/10 for Belcastro klevN k=8...
    Passes: 3, Time/Memory: 11.35,19500, Output: ['3']
  📊 Iteration 5/10 for Belcastro klevN k=9...
    Passes: 3, Time/Memory: 11.91,18468, Output: ['3']
  📊 Iteration 6/10 for Belcastro klevN k=8...
    Passes: 3, Time/Memory: 10.81,20544, Output: ['3']
  📊 Iteration 6/10 for Belcastro klevN k=9...
    Passes: 3, Time/Memory: 10.83,18488, Output: ['3']
  📊 Iteration 7/10 for Belcastro klevN k=8...
    Passes: 3, Time/Memory: 10.78,20516, Output: ['3']
  📊 Iteration 7/10 for Belcastro klevN k=9...
    Passes: 3, Time/Memory: 11.03,20556, Output: ['3']
  📊 Iteration 8/10 for Belcastro klevN k=9...
    Passes: 3, Time/Memory: 11.74,18468, Output: ['3']
  📊 Iteration 8/10 for Belcastro klevN k=8...
    Passes: 3, Time/Memory: 10.77,20552, Output: ['3']
  📊 Iteration 9/10 for Belcastro klevN k=9...
    Passes: 3, Time/Memory: 10.87,18492, Output: ['3']
  📊 Iteration 9/10 for Belcastro klevN k=8...
    Passes: 3, Time/Memory: 10.81,20516, Output: ['3']
  📊 Iteration 10/10 for Belcastro klevN k=9...
    Passes: 3, Time/Memory: 11.85,18492, Output: ['3']
  📊 Iteration 10/10 for Belcastro klevN k=8...
    Passes: 3, Time/Memory: 12.07,20516, Output: ['3']
✅ Completed Belcastro klevN k=9: 11.12s, 20322.4KB
✅ [1/2] Completed Belcastro klevN k=9
    Passes: 3, Time/Memory: 10.71,18496, Output: ['3']
✅ Completed Belcastro klevN k=8: 11.15s, 18486.4KB
✅ [2/2] Completed Belcastro klevN k=8

🏁 All experiments completed!
✅ Successful: 2
❌ Failed: 0
📁 Results saved in ./results/real/average_concurrent_runs
