🎯 Total configurations to run: 2
🔄 Running with 36 parallel workers
🚀 Running Belcastro with klevN, k=7, iterations=10, file=3
  📊 Iteration 1/10 for Belcastro klevN k=7...
🚀 Running Belcastro with klevN, k=6, iterations=10, file=1
  📊 Iteration 1/10 for Belcastro klevN k=6...
    Passes: 3, Time/Memory: 11.08,16420, Output: ['3']
  📊 Iteration 2/10 for Belcastro klevN k=6...
    Passes: 3, Time/Memory: 11.10,17444, Output: ['3']
  📊 Iteration 2/10 for Belcastro klevN k=7...
    Passes: 3, Time/Memory: 11.36,17444, Output: ['3']
  📊 Iteration 3/10 for Belcastro klevN k=7...
    Passes: 3, Time/Memory: 15.20,15424, Output: ['3']
  📊 Iteration 3/10 for Belcastro klevN k=6...
    Passes: 3, Time/Memory: 11.39,17504, Output: ['3']
  📊 Iteration 4/10 for Belcastro klevN k=7...
    Passes: 3, Time/Memory: 11.11,16420, Output: ['3']
  📊 Iteration 4/10 for Belcastro klevN k=6...
    Passes: 3, Time/Memory: 11.44,17444, Output: ['3']
  📊 Iteration 5/10 for Belcastro klevN k=7...
    Passes: 3, Time/Memory: 11.22,15396, Output: ['3']
  📊 Iteration 5/10 for Belcastro klevN k=6...
    Passes: 3, Time/Memory: 11.04,17484, Output: ['3']
  📊 Iteration 6/10 for Belcastro klevN k=7...
    Passes: 3, Time/Memory: 10.77,15420, Output: ['3']
  📊 Iteration 6/10 for Belcastro klevN k=6...
    Passes: 3, Time/Memory: 11.50,17444, Output: ['3']
  📊 Iteration 7/10 for Belcastro klevN k=7...
    Passes: 3, Time/Memory: 10.93,15436, Output: ['3']
  📊 Iteration 7/10 for Belcastro klevN k=6...
    Passes: 3, Time/Memory: 11.23,17444, Output: ['3']
  📊 Iteration 8/10 for Belcastro klevN k=7...
    Passes: 3, Time/Memory: 10.99,16420, Output: ['3']
  📊 Iteration 8/10 for Belcastro klevN k=6...
    Passes: 3, Time/Memory: 11.02,17520, Output: ['3']
  📊 Iteration 9/10 for Belcastro klevN k=7...
    Passes: 3, Time/Memory: 11.12,16448, Output: ['3']
  📊 Iteration 9/10 for Belcastro klevN k=6...
    Passes: 3, Time/Memory: 10.85,17488, Output: ['3']
  📊 Iteration 10/10 for Belcastro klevN k=7...
    Passes: 3, Time/Memory: 10.94,15396, Output: ['3']
  📊 Iteration 10/10 for Belcastro klevN k=6...
    Passes: 3, Time/Memory: 11.71,17444, Output: ['3']
✅ Completed Belcastro klevN k=7: 11.26s, 17466.0KB
✅ [1/2] Completed Belcastro klevN k=7
    Passes: 3, Time/Memory: 10.98,16420, Output: ['3']
✅ Completed Belcastro klevN k=6: 11.43s, 15920.0KB
✅ [2/2] Completed Belcastro klevN k=6

🏁 All experiments completed!
✅ Successful: 2
❌ Failed: 0
📁 Results saved in ./results/real/average_concurrent_runs
