🎯 Total configurations to run: 1
🔄 Running with 36 parallel workers
🚀 Running LiveJournal with kpathN, k=6, iterations=10, file=7
  📊 Iteration 1/10 for LiveJournal kpathN k=6...
    Passes: 3, Time/Memory: 13934.26,3543336, Output: ['3']
  📊 Iteration 2/10 for LiveJournal kpathN k=6...
    Passes: 3, Time/Memory: 14147.83,3542916, Output: ['3']
  📊 Iteration 3/10 for LiveJournal kpathN k=6...
    Passes: 3, Time/Memory: 13860.18,3543312, Output: ['3']
  📊 Iteration 4/10 for LiveJournal kpathN k=6...
    Passes: 3, Time/Memory: 13700.44,3543328, Output: ['3']
  📊 Iteration 5/10 for LiveJournal kpathN k=6...
    Passes: 3, Time/Memory: 14068.40,3543332, Output: ['3']
  📊 Iteration 6/10 for LiveJournal kpathN k=6...
    Passes: 3, Time/Memory: 14641.27,3543332, Output: ['3']
  📊 Iteration 7/10 for LiveJournal kpathN k=6...
    Passes: 3, Time/Memory: 13510.04,3543328, Output: ['3']
  📊 Iteration 8/10 for LiveJournal kpathN k=6...
    Passes: 3, Time/Memory: 13137.87,3542952, Output: ['3']
  📊 Iteration 9/10 for LiveJournal kpathN k=6...
    Passes: 3, Time/Memory: 13571.95,3543356, Output: ['3']
  📊 Iteration 10/10 for LiveJournal kpathN k=6...
    Passes: 3, Time/Memory: 13663.23,3543416, Output: ['3']
✅ Completed LiveJournal kpathN k=6: 13823.55s, 3543260.8KB
✅ [1/1] Completed LiveJournal kpathN k=6

🏁 All experiments completed!
✅ Successful: 1
❌ Failed: 0
📁 Results saved in ./results/real/average_concurrent_runs
