🎯 Total configurations to run: 6
🔄 Running with 18 parallel workers
🚀 Running Twitch with kpathB, k=6, iterations=10, file=3
  📊 Iteration 1/10 for Twitch kpathB k=6...
🚀 Running Twitch with kpathB, k=5, iterations=10, file=4
  📊 Iteration 1/10 for Twitch kpathB k=5...
🚀 Running Twitch with kpathB, k=4, iterations=10, file=5
  📊 Iteration 1/10 for Twitch kpathB k=4...
🚀 Running Twitch with kpathB, k=3, iterations=10, file=6
  📊 Iteration 1/10 for Twitch kpathB k=3...
🚀 Running Twitch with kpathB, k=2, iterations=10, file=7
  📊 Iteration 1/10 for Twitch kpathB k=2...
🚀 Running Twitch with kpathB, k=1, iterations=10, file=8
  📊 Iteration 1/10 for Twitch kpathB k=1...
    Passes: 9 105930, Time/Memory: 40.43,133300, Output: ['9 105930']
  📊 Iteration 2/10 for Twitch kpathB k=5...
    Passes: 8 104834, Time/Memory: 44.44,147980, Output: ['8 104834']
  📊 Iteration 2/10 for Twitch kpathB k=6...
    Passes: 12 104936, Time/Memory: 56.93,120468, Output: ['12 104936']
  📊 Iteration 2/10 for Twitch kpathB k=4...
    Passes: 16 102738, Time/Memory: 58.07,104800, Output: ['16 102738']
  📊 Iteration 2/10 for Twitch kpathB k=3...
    Passes: 9 105930, Time/Memory: 37.63,132200, Output: ['9 105930']
  📊 Iteration 3/10 for Twitch kpathB k=5...
    Passes: 8 104834, Time/Memory: 36.97,147636, Output: ['8 104834']
  📊 Iteration 3/10 for Twitch kpathB k=6...
    Passes: 28 101821, Time/Memory: 101.32,87896, Output: ['28 101821']
  📊 Iteration 2/10 for Twitch kpathB k=2...
    Passes: 16 102738, Time/Memory: 55.03,104792, Output: ['16 102738']
  📊 Iteration 3/10 for Twitch kpathB k=3...
    Passes: 8 104834, Time/Memory: 35.24,147000, Output: ['8 104834']
  📊 Iteration 4/10 for Twitch kpathB k=6...
    Passes: 9 105930, Time/Memory: 39.94,133164, Output: ['9 105930']
  📊 Iteration 4/10 for Twitch kpathB k=5...
    Passes: 12 104936, Time/Memory: 62.11,120456, Output: ['12 104936']
  📊 Iteration 3/10 for Twitch kpathB k=4...
    Passes: 8 104834, Time/Memory: 41.73,147988, Output: ['8 104834']
  📊 Iteration 5/10 for Twitch kpathB k=6...
    Passes: 9 105930, Time/Memory: 42.22,133236, Output: ['9 105930']
  📊 Iteration 5/10 for Twitch kpathB k=5...
    Passes: 16 102738, Time/Memory: 52.97,102776, Output: ['16 102738']
  📊 Iteration 4/10 for Twitch kpathB k=3...
    Passes: 12 104936, Time/Memory: 54.42,120468, Output: ['12 104936']
  📊 Iteration 4/10 for Twitch kpathB k=4...
    Passes: 28 101821, Time/Memory: 79.14,87176, Output: ['28 101821']
  📊 Iteration 3/10 for Twitch kpathB k=2...
    Passes: 9 105930, Time/Memory: 32.69,132236, Output: ['9 105930']
  📊 Iteration 6/10 for Twitch kpathB k=5...
    Passes: 8 104834, Time/Memory: 46.19,147676, Output: ['8 104834']
  📊 Iteration 6/10 for Twitch kpathB k=6...
    Passes: 12 104936, Time/Memory: 53.94,119776, Output: ['12 104936']
  📊 Iteration 5/10 for Twitch kpathB k=4...
    Passes: 9 105930, Time/Memory: 34.13,134200, Output: ['9 105930']
  📊 Iteration 7/10 for Twitch kpathB k=5...
    Passes: 16 102738, Time/Memory: 62.20,103732, Output: ['16 102738']
  📊 Iteration 5/10 for Twitch kpathB k=3...
    Passes: 8 104834, Time/Memory: 33.99,147900, Output: ['8 104834']
  📊 Iteration 7/10 for Twitch kpathB k=6...
    Passes: 28 101821, Time/Memory: 84.05,89000, Output: ['28 101821']
  📊 Iteration 4/10 for Twitch kpathB k=2...
    Passes: 9 105930, Time/Memory: 39.22,132884, Output: ['9 105930']
  📊 Iteration 8/10 for Twitch kpathB k=5...
    Passes: 8 104834, Time/Memory: 33.60,147964, Output: ['8 104834']
  📊 Iteration 8/10 for Twitch kpathB k=6...
    Passes: 16 102738, Time/Memory: 52.47,104724, Output: ['16 102738']
  📊 Iteration 6/10 for Twitch kpathB k=3...
    Passes: 12 104936, Time/Memory: 67.94,119948, Output: ['12 104936']
  📊 Iteration 6/10 for Twitch kpathB k=4...
    Passes: 9 105930, Time/Memory: 33.38,133180, Output: ['9 105930']
  📊 Iteration 9/10 for Twitch kpathB k=5...
    Passes: 8 104834, Time/Memory: 37.06,146588, Output: ['8 104834']
  📊 Iteration 9/10 for Twitch kpathB k=6...
    Passes: 16 102738, Time/Memory: 53.34,104784, Output: ['16 102738']
  📊 Iteration 7/10 for Twitch kpathB k=3...
    Passes: 9 105930, Time/Memory: 43.17,132584, Output: ['9 105930']
  📊 Iteration 10/10 for Twitch kpathB k=5...
    Passes: 28 101821, Time/Memory: 80.56,88916, Output: ['28 101821']
  📊 Iteration 5/10 for Twitch kpathB k=2...
    Passes: 8 104834, Time/Memory: 39.27,148064, Output: ['8 104834']
  📊 Iteration 10/10 for Twitch kpathB k=6...
    Passes: 12 104936, Time/Memory: 63.49,120472, Output: ['12 104936']
  📊 Iteration 7/10 for Twitch kpathB k=4...
    Passes: 8 104834, Time/Memory: 33.48,147660, Output: ['8 104834']
✅ Completed Twitch kpathB k=6: 38.2s, 147645.6KB
✅ [1/6] Completed Twitch kpathB k=6
    Passes: 9 105930, Time/Memory: 42.40,133880, Output: ['9 105930']
✅ Completed Twitch kpathB k=5: 38.52s, 133086.4KB
✅ [2/6] Completed Twitch kpathB k=5
    Passes: 16 102738, Time/Memory: 53.08,104696, Output: ['16 102738']
  📊 Iteration 8/10 for Twitch kpathB k=3...
    Passes: 12 104936, Time/Memory: 56.34,120456, Output: ['12 104936']
  📊 Iteration 8/10 for Twitch kpathB k=4...
    Passes: 28 101821, Time/Memory: 78.04,87896, Output: ['28 101821']
  📊 Iteration 6/10 for Twitch kpathB k=2...
    Passes: 16 102738, Time/Memory: 56.83,104748, Output: ['16 102738']
  📊 Iteration 9/10 for Twitch kpathB k=3...
    Passes: 12 104936, Time/Memory: 54.68,120456, Output: ['12 104936']
  📊 Iteration 9/10 for Twitch kpathB k=4...
    Passes: 28 101821, Time/Memory: 77.08,87860, Output: ['28 101821']
  📊 Iteration 7/10 for Twitch kpathB k=2...
    Passes: 16 102738, Time/Memory: 60.57,104780, Output: ['16 102738']
  📊 Iteration 10/10 for Twitch kpathB k=3...
    Passes: 12 104936, Time/Memory: 53.12,120504, Output: ['12 104936']
  📊 Iteration 10/10 for Twitch kpathB k=4...
    Passes: 16 102738, Time/Memory: 52.51,103772, Output: ['16 102738']
✅ Completed Twitch kpathB k=3: 55.71s, 104360.4KB
✅ [3/6] Completed Twitch kpathB k=3
    Passes: 12 104936, Time/Memory: 53.62,120528, Output: ['12 104936']
✅ Completed Twitch kpathB k=4: 57.66s, 120353.2KB
✅ [4/6] Completed Twitch kpathB k=4
    Passes: 28 101821, Time/Memory: 78.07,88884, Output: ['28 101821']
  📊 Iteration 8/10 for Twitch kpathB k=2...
    Passes: 28 101821, Time/Memory: 89.69,87636, Output: ['28 101821']
  📊 Iteration 9/10 for Twitch kpathB k=2...
    Passes: 28 101821, Time/Memory: 88.61,88920, Output: ['28 101821']
  📊 Iteration 10/10 for Twitch kpathB k=2...
    Passes: 28 101821, Time/Memory: 76.05,87896, Output: ['28 101821']
✅ Completed Twitch kpathB k=2: 83.26s, 88208.0KB
✅ [5/6] Completed Twitch kpathB k=2
    Passes: 1388 94092, Time/Memory: 2954.50,74200, Output: ['1388 94092']
  📊 Iteration 2/10 for Twitch kpathB k=1...
    Passes: 1388 94092, Time/Memory: 2877.82,74464, Output: ['1388 94092']
  📊 Iteration 3/10 for Twitch kpathB k=1...
    Passes: 1388 94092, Time/Memory: 2897.51,74924, Output: ['1388 94092']
  📊 Iteration 4/10 for Twitch kpathB k=1...
    Passes: 1388 94092, Time/Memory: 2870.97,74496, Output: ['1388 94092']
  📊 Iteration 5/10 for Twitch kpathB k=1...
    Passes: 1388 94092, Time/Memory: 2975.52,74656, Output: ['1388 94092']
  📊 Iteration 6/10 for Twitch kpathB k=1...
    Passes: 1388 94092, Time/Memory: 2758.66,75192, Output: ['1388 94092']
  📊 Iteration 7/10 for Twitch kpathB k=1...
    Passes: 1388 94092, Time/Memory: 3035.63,75224, Output: ['1388 94092']
  📊 Iteration 8/10 for Twitch kpathB k=1...
    Passes: 1388 94092, Time/Memory: 2900.32,75576, Output: ['1388 94092']
  📊 Iteration 9/10 for Twitch kpathB k=1...
    Passes: 1388 94092, Time/Memory: 2811.03,75180, Output: ['1388 94092']
  📊 Iteration 10/10 for Twitch kpathB k=1...
    Passes: 1388 94092, Time/Memory: 2844.45,74480, Output: ['1388 94092']
✅ Completed Twitch kpathB k=1: 2892.64s, 74839.2KB
✅ [6/6] Completed Twitch kpathB k=1

🏁 All experiments completed!
✅ Successful: 6
❌ Failed: 0
📁 Results saved in ./results/real/average_concurrent_runs
