🎯 Total configurations to run: 5
🔄 Running with 36 parallel workers
🚀 Running LiveJournal with kpathN, k=3, iterations=10, file=1
  📊 Iteration 1/10 for LiveJournal kpathN k=3...
🚀 Running LiveJournal with klev0, k=1, iterations=2, file=2
  📊 Iteration 1/2 for LiveJournal klev0 k=1...
🚀 Running LiveJournal with kpath1, k=7, iterations=6, file=3
  📊 Iteration 1/6 for LiveJournal kpath1 k=7...
🚀 Running LiveJournal with kpath0, k=8, iterations=5, file=5
  📊 Iteration 1/5 for LiveJournal kpath0 k=8...
🚀 Running LiveJournal with kpath2, k=7, iterations=6, file=6
  📊 Iteration 1/6 for LiveJournal kpath2 k=7...
    Passes: 8, Time/Memory: 14041.21,3951068, Output: ['8']
  📊 Iteration 2/6 for LiveJournal kpath1 k=7...
    Passes: 13, Time/Memory: 20535.92,3904396, Output: ['13']
  📊 Iteration 2/6 for LiveJournal kpath2 k=7...
    Passes: 13, Time/Memory: 28229.22,4308036, Output: ['13']
  📊 Iteration 2/5 for LiveJournal kpath0 k=8...
    Passes: 8, Time/Memory: 14301.82,3950384, Output: ['8']
  📊 Iteration 3/6 for LiveJournal kpath1 k=7...
    Passes: 5, Time/Memory: 30937.33,2508568, Output: ['5']
  📊 Iteration 2/10 for LiveJournal kpathN k=3...
    Passes: 6, Time/Memory: 32954.02,1659940, Output: ['6']
  📊 Iteration 2/2 for LiveJournal klev0 k=1...
    Passes: 13, Time/Memory: 20351.65,3904400, Output: ['13']
  📊 Iteration 3/6 for LiveJournal kpath2 k=7...
    Passes: 8, Time/Memory: 14350.27,3950588, Output: ['8']
  📊 Iteration 4/6 for LiveJournal kpath1 k=7...
    Passes: 8, Time/Memory: 14850.73,3950360, Output: ['8']
  📊 Iteration 5/6 for LiveJournal kpath1 k=7...
    Passes: 13, Time/Memory: 29529.09,4307164, Output: ['13']
  📊 Iteration 3/5 for LiveJournal kpath0 k=8...
    Passes: 5, Time/Memory: 29937.78,2508124, Output: ['5']
  📊 Iteration 3/10 for LiveJournal kpathN k=3...
    Passes: 13, Time/Memory: 20238.41,3904464, Output: ['13']
  📊 Iteration 4/6 for LiveJournal kpath2 k=7...
    Passes: 6, Time/Memory: 33442.83,1660964, Output: ['6']
✅ Completed LiveJournal klev0 k=1: 33198.43s, 1660452.0KB
✅ [1/5] Completed LiveJournal klev0 k=1
    Passes: 8, Time/Memory: 14828.08,3950436, Output: ['8']
  📊 Iteration 6/6 for LiveJournal kpath1 k=7...
    Passes: 13, Time/Memory: 21269.89,3904444, Output: ['13']
  📊 Iteration 5/6 for LiveJournal kpath2 k=7...
    Passes: 8, Time/Memory: 14735.17,3951068, Output: ['8']
✅ Completed LiveJournal kpath1 k=7: 14517.88s, 3950650.67KB
✅ [2/5] Completed LiveJournal kpath1 k=7
    Passes: 13, Time/Memory: 30546.91,4308080, Output: ['13']
  📊 Iteration 4/5 for LiveJournal kpath0 k=8...
    Passes: 5, Time/Memory: 30152.50,2508152, Output: ['5']
  📊 Iteration 4/10 for LiveJournal kpathN k=3...
    Passes: 13, Time/Memory: 19848.77,3902636, Output: ['13']
  📊 Iteration 6/6 for LiveJournal kpath2 k=7...
    Passes: 13, Time/Memory: 28771.06,4307756, Output: ['13']
  📊 Iteration 5/5 for LiveJournal kpath0 k=8...
    Passes: 5, Time/Memory: 30148.59,2508140, Output: ['5']
  📊 Iteration 5/10 for LiveJournal kpathN k=3...
    Passes: 13, Time/Memory: 20583.46,3904380, Output: ['13']
✅ Completed LiveJournal kpath2 k=7: 20471.35s, 3904120.0KB
✅ [3/5] Completed LiveJournal kpath2 k=7
    Passes: 13, Time/Memory: 28539.28,4307180, Output: ['13']
✅ Completed LiveJournal kpath0 k=8: 29123.11s, 4307643.2KB
✅ [4/5] Completed LiveJournal kpath0 k=8
    Passes: 5, Time/Memory: 30802.36,2508180, Output: ['5']
  📊 Iteration 6/10 for LiveJournal kpathN k=3...
    Passes: 5, Time/Memory: 29229.40,2508128, Output: ['5']
  📊 Iteration 7/10 for LiveJournal kpathN k=3...
    Passes: 5, Time/Memory: 32039.09,2508128, Output: ['5']
  📊 Iteration 8/10 for LiveJournal kpathN k=3...
    Passes: 5, Time/Memory: 33252.43,2508132, Output: ['5']
  📊 Iteration 9/10 for LiveJournal kpathN k=3...
    Passes: 5, Time/Memory: 34574.85,2507408, Output: ['5']
  📊 Iteration 10/10 for LiveJournal kpathN k=3...
    Passes: 5, Time/Memory: 33914.69,2508148, Output: ['5']
✅ Completed LiveJournal kpathN k=3: 31498.9s, 2508110.8KB
✅ [5/5] Completed LiveJournal kpathN k=3

🏁 All experiments completed!
✅ Successful: 5
❌ Failed: 0
📁 Results saved in ./results/real/average_concurrent_runs
