🎯 Total configurations to run: 1
🔄 Running with 24 parallel workers
🚀 Running LiveJournal with klevN, k=2, iterations=10, file=5
  📊 Iteration 1/10 for LiveJournal klevN k=2...
    Passes: 4, Time/Memory: 28205.10,2325504, Output: ['4']
  📊 Iteration 2/10 for LiveJournal klevN k=2...
    Passes: 4, Time/Memory: 28142.25,2322432, Output: ['4']
  📊 Iteration 3/10 for LiveJournal klevN k=2...
    Passes: 4, Time/Memory: 28059.49,2328576, Output: ['4']
  📊 Iteration 4/10 for LiveJournal klevN k=2...
    Passes: 4, Time/Memory: 28083.08,2327552, Output: ['4']
  📊 Iteration 5/10 for LiveJournal klevN k=2...
    Passes: 4, Time/Memory: 29256.39,2328576, Output: ['4']
  📊 Iteration 6/10 for LiveJournal klevN k=2...
    Passes: 4, Time/Memory: 28676.99,2328576, Output: ['4']
  📊 Iteration 7/10 for LiveJournal klevN k=2...
    Passes: 4, Time/Memory: 30269.73,2329600, Output: ['4']
  📊 Iteration 8/10 for LiveJournal klevN k=2...
    Passes: 4, Time/Memory: 30026.38,2326528, Output: ['4']
  📊 Iteration 9/10 for LiveJournal klevN k=2...
    Passes: 4, Time/Memory: 30634.16,2329600, Output: ['4']
  📊 Iteration 10/10 for LiveJournal klevN k=2...
    Passes: 4, Time/Memory: 30428.03,2331648, Output: ['4']
✅ Completed LiveJournal klevN k=2: 29178.16s, 2327859.2KB
✅ [1/1] Completed LiveJournal klevN k=2

🏁 All experiments completed!
✅ Successful: 1
❌ Failed: 0
📁 Results saved in ./results/real/average_concurrent_runs
