🎯 Total configurations to run: 2
🔄 Running with 36 parallel workers
🚀 Running Gowalla with klev1, k=2, iterations=10, file=3
  📊 Iteration 1/10 for Gowalla klev1 k=2...
🚀 Running Gowalla with klevN, k=3, iterations=10, file=1
  📊 Iteration 1/10 for Gowalla klevN k=3...
    Passes: 2, Time/Memory: 52.36,120868, Output: ['2']
  📊 Iteration 2/10 for Gowalla klevN k=3...
    Passes: 5, Time/Memory: 56.88,72740, Output: ['5']
  📊 Iteration 2/10 for Gowalla klev1 k=2...
    Passes: 5, Time/Memory: 50.89,71716, Output: ['5']
  📊 Iteration 3/10 for Gowalla klev1 k=2...
    Passes: 2, Time/Memory: 58.53,122932, Output: ['2']
  📊 Iteration 3/10 for Gowalla klevN k=3...
    Passes: 5, Time/Memory: 45.70,73764, Output: ['5']
  📊 Iteration 4/10 for Gowalla klev1 k=2...
    Passes: 2, Time/Memory: 59.16,122952, Output: ['2']
  📊 Iteration 4/10 for Gowalla klevN k=3...
    Passes: 5, Time/Memory: 36.75,73796, Output: ['5']
  📊 Iteration 5/10 for Gowalla klev1 k=2...
    Passes: 2, Time/Memory: 51.35,123940, Output: ['2']
  📊 Iteration 5/10 for Gowalla klevN k=3...
    Passes: 5, Time/Memory: 36.06,73764, Output: ['5']
  📊 Iteration 6/10 for Gowalla klev1 k=2...
    Passes: 5, Time/Memory: 35.55,73816, Output: ['5']
  📊 Iteration 7/10 for Gowalla klev1 k=2...
    Passes: 2, Time/Memory: 48.53,122908, Output: ['2']
  📊 Iteration 6/10 for Gowalla klevN k=3...
    Passes: 5, Time/Memory: 35.81,73812, Output: ['5']
  📊 Iteration 8/10 for Gowalla klev1 k=2...
    Passes: 2, Time/Memory: 51.21,123940, Output: ['2']
  📊 Iteration 7/10 for Gowalla klevN k=3...
    Passes: 5, Time/Memory: 35.57,73764, Output: ['5']
  📊 Iteration 9/10 for Gowalla klev1 k=2...
    Passes: 2, Time/Memory: 38.69,122916, Output: ['2']
  📊 Iteration 8/10 for Gowalla klevN k=3...
    Passes: 5, Time/Memory: 44.98,72740, Output: ['5']
  📊 Iteration 10/10 for Gowalla klev1 k=2...
    Passes: 2, Time/Memory: 57.11,121892, Output: ['2']
  📊 Iteration 9/10 for Gowalla klevN k=3...
    Passes: 5, Time/Memory: 42.89,73852, Output: ['5']
✅ Completed Gowalla klev1 k=2: 42.11s, 73376.4KB
✅ [1/2] Completed Gowalla klev1 k=2
    Passes: 2, Time/Memory: 49.21,122916, Output: ['2']
  📊 Iteration 10/10 for Gowalla klevN k=3...
    Passes: 2, Time/Memory: 39.00,122916, Output: ['2']
✅ Completed Gowalla klevN k=3: 50.52s, 122818.0KB
✅ [2/2] Completed Gowalla klevN k=3

🏁 All experiments completed!
✅ Successful: 2
❌ Failed: 0
📁 Results saved in ./results/real/average_concurrent_runs
