🎯 Total configurations to run: 2
🔄 Running with 30 parallel workers
🚀 Running Orkut with kpath0, k=5, iterations=1, file=7
  📊 Iteration 1/1 for Orkut kpath0 k=5...
🚀 Running LiveJournal with kpath0, k=10, iterations=11, file=8
  📊 Iteration 1/11 for LiveJournal kpath0 k=10...
    Passes: 2, Time/Memory: 50.76,4883572, Output: ['2']
  📊 Iteration 2/11 for LiveJournal kpath0 k=10...
    Passes: 2, Time/Memory: 51.00,4883492, Output: ['2']
  📊 Iteration 3/11 for LiveJournal kpath0 k=10...
    Passes: 2, Time/Memory: 50.87,4883544, Output: ['2']
  📊 Iteration 4/11 for LiveJournal kpath0 k=10...
    Passes: 2, Time/Memory: 50.74,4883492, Output: ['2']
  📊 Iteration 5/11 for LiveJournal kpath0 k=10...
    Passes: 2, Time/Memory: 50.81,4883492, Output: ['2']
  📊 Iteration 6/11 for LiveJournal kpath0 k=10...
    Passes: 2, Time/Memory: 51.01,4883528, Output: ['2']
  📊 Iteration 7/11 for LiveJournal kpath0 k=10...
    Passes: 2, Time/Memory: 51.31,4883492, Output: ['2']
  📊 Iteration 8/11 for LiveJournal kpath0 k=10...
    Passes: 2, Time/Memory: 52.34,4882468, Output: ['2']
  📊 Iteration 9/11 for LiveJournal kpath0 k=10...
    Passes: 2, Time/Memory: 52.68,4883492, Output: ['2']
  📊 Iteration 10/11 for LiveJournal kpath0 k=10...
    Passes: 2, Time/Memory: 52.47,4882460, Output: ['2']
  📊 Iteration 11/11 for LiveJournal kpath0 k=10...
    Passes: 2, Time/Memory: 52.51,4882468, Output: ['2']
✅ Completed LiveJournal kpath0 k=10: 51.5s, 4883227.27KB
✅ [1/2] Completed LiveJournal kpath0 k=10
    Passes: 15, Time/Memory: 9624.65,2403552, Output: ['15']
✅ Completed Orkut kpath0 k=5: 9624.65s, 2403552.0KB
✅ [2/2] Completed Orkut kpath0 k=5

🏁 All experiments completed!
✅ Successful: 2
❌ Failed: 0
📁 Results saved in ./results/real/average_concurrent_runs
