🎯 Total configurations to run: 2
🔄 Running with 24 parallel workers
🚀 Running LiveJournal with klev2, k=2, iterations=10, file=2
  📊 Iteration 1/10 for LiveJournal klev2 k=2...
🚀 Running Orkut with kpath1, k=7, iterations=3, file=2
  📊 Iteration 1/3 for Orkut kpath1 k=7...
    Passes: 10, Time/Memory: 9300.51,2992720, Output: ['10']
  📊 Iteration 2/3 for Orkut kpath1 k=7...
    Passes: 4, Time/Memory: 29846.55,2330624, Output: ['4']
  📊 Iteration 2/10 for LiveJournal klev2 k=2...
    Passes: 10, Time/Memory: 8879.57,2994592, Output: ['10']
  📊 Iteration 3/3 for Orkut kpath1 k=7...
    Passes: 4, Time/Memory: 29242.04,2329600, Output: ['4']
  📊 Iteration 3/10 for LiveJournal klev2 k=2...
    Passes: 10, Time/Memory: 8617.15,2995356, Output: ['10']
✅ Completed Orkut kpath1 k=7: 8932.41s, 2994222.67KB
✅ [1/2] Completed Orkut kpath1 k=7
    Passes: 4, Time/Memory: 28492.59,2323456, Output: ['4']
  📊 Iteration 4/10 for LiveJournal klev2 k=2...
    Passes: 4, Time/Memory: 28907.44,2329600, Output: ['4']
  📊 Iteration 5/10 for LiveJournal klev2 k=2...
    Passes: 4, Time/Memory: 28412.67,2326528, Output: ['4']
  📊 Iteration 6/10 for LiveJournal klev2 k=2...
    Passes: 4, Time/Memory: 28392.02,2320384, Output: ['4']
  📊 Iteration 7/10 for LiveJournal klev2 k=2...
    Passes: 4, Time/Memory: 28625.23,2324480, Output: ['4']
  📊 Iteration 8/10 for LiveJournal klev2 k=2...
    Passes: 4, Time/Memory: 28415.72,2327552, Output: ['4']
  📊 Iteration 9/10 for LiveJournal klev2 k=2...
    Passes: 4, Time/Memory: 28445.09,2326528, Output: ['4']
  📊 Iteration 10/10 for LiveJournal klev2 k=2...
    Passes: 4, Time/Memory: 27876.27,2329600, Output: ['4']
✅ Completed LiveJournal klev2 k=2: 28665.56s, 2326835.2KB
✅ [2/2] Completed LiveJournal klev2 k=2

🏁 All experiments completed!
✅ Successful: 2
❌ Failed: 0
📁 Results saved in ./results/real/average_concurrent_runs
