🎯 Total configurations to run: 33
🔄 Running with 36 parallel workers
🚀 Running Belcastro with klevA, k=2, iterations=9, file=1
  📊 Iteration 1/9 for Belcastro klevA k=2...
🚀 Running Belcastro with klevC, k=1, iterations=9, file=2
  📊 Iteration 1/9 for Belcastro klevC k=1...
🚀 Running Belcastro with klevB, k=6, iterations=9, file=6
  📊 Iteration 1/9 for Belcastro klevB k=6...
🚀 Running Belcastro with klevB, k=2, iterations=9, file=7
  📊 Iteration 1/9 for Belcastro klevB k=2...
🚀 Running Belcastro with klevB, k=1, iterations=9, file=8
  📊 Iteration 1/9 for Belcastro klevB k=1...
🚀 Running Belcastro with klevD, k=10, iterations=9, file=9
  📊 Iteration 1/9 for Belcastro klevD k=10...
🚀 Running Twitch with klevD, k=3, iterations=9, file=2
  📊 Iteration 1/9 for Twitch klevD k=3...
🚀 Running Twitch with klevD, k=4, iterations=9, file=1
  📊 Iteration 1/9 for Twitch klevD k=4...
🚀 Running Twitch with klevD, k=2, iterations=9, file=3
  📊 Iteration 1/9 for Twitch klevD k=2...
🚀 Running Twitch with klevC, k=9, iterations=9, file=4
  📊 Iteration 1/9 for Twitch klevC k=9...
🚀 Running Twitch with klevC, k=8, iterations=9, file=5
  📊 Iteration 1/9 for Twitch klevC k=8...
🚀 Running Twitch with klevC, k=7, iterations=9, file=6
  📊 Iteration 1/9 for Twitch klevC k=7...
🚀 Running Twitch with klevC, k=4, iterations=9, file=7
  📊 Iteration 1/9 for Twitch klevC k=4...
🚀 Running Twitch with klevC, k=3, iterations=9, file=8
  📊 Iteration 1/9 for Twitch klevC k=3...
🚀 Running Twitch with klevC, k=2, iterations=9, file=9
  📊 Iteration 1/9 for Twitch klevC k=2...
🚀 Running Orkut with kpathB, k=1, iterations=10, file=3
  📊 Iteration 1/10 for Orkut kpathB k=1...
🚀 Running Orkut with kpathA, k=9, iterations=1, file=4
  📊 Iteration 1/1 for Orkut kpathA k=9...
🚀 Running Orkut with klevA, k=9, iterations=9, file=5
  📊 Iteration 1/9 for Orkut klevA k=9...
🚀 Running Orkut with klevB, k=10, iterations=9, file=7
  📊 Iteration 1/9 for Orkut klevB k=10...
🚀 Running Orkut with klevB, k=6, iterations=9, file=6
  📊 Iteration 1/9 for Orkut klevB k=6...
🚀 Running Orkut with klevB, k=9, iterations=9, file=8
  📊 Iteration 1/9 for Orkut klevB k=9...
🚀 Running Orkut with klevB, k=8, iterations=9, file=9
  📊 Iteration 1/9 for Orkut klevB k=8...
🚀 Running Orkut with klevB, k=7, iterations=9, file=10
  📊 Iteration 1/9 for Orkut klevB k=7...
🚀 Running Orkut with klevC, k=6, iterations=9, file=11
  📊 Iteration 1/9 for Orkut klevC k=6...
🚀 Running Orkut with klevC, k=10, iterations=9, file=12
  📊 Iteration 1/9 for Orkut klevC k=10...
🚀 Running Orkut with klevC, k=9, iterations=9, file=13
  📊 Iteration 1/9 for Orkut klevC k=9...
🚀 Running Orkut with klevC, k=8, iterations=9, file=14
  📊 Iteration 1/9 for Orkut klevC k=8...
🚀 Running Orkut with klevC, k=7, iterations=9, file=15
  📊 Iteration 1/9 for Orkut klevC k=7...
🚀 Running Orkut with klevD, k=6, iterations=9, file=16
  📊 Iteration 1/9 for Orkut klevD k=6...
🚀 Running Orkut with klevD, k=10, iterations=9, file=17
  📊 Iteration 1/9 for Orkut klevD k=10...
🚀 Running Orkut with klevD, k=9, iterations=9, file=18
  📊 Iteration 1/9 for Orkut klevD k=9...
🚀 Running Orkut with klevD, k=8, iterations=9, file=19
  📊 Iteration 1/9 for Orkut klevD k=8...
🚀 Running Orkut with klevD, k=7, iterations=9, file=20
  📊 Iteration 1/9 for Orkut klevD k=7...
      Passes: 3,  Height: 12683, Time/Memory: 10.62,8324
  📊 Iteration 2/9 for Belcastro klevC k=1...
      Passes: 4,  Height: 12595, Time/Memory: 12.99,9364
  📊 Iteration 2/9 for Belcastro klevB k=2...
      Passes: 4,  Height: 12595, Time/Memory: 13.04,9340
  📊 Iteration 2/9 for Belcastro klevB k=1...
      Passes: 4,  Height: 12595, Time/Memory: 13.09,11380
  📊 Iteration 2/9 for Belcastro klevA k=2...
      Passes: 4,  Height: 12595, Time/Memory: 13.16,8348
  📊 Iteration 2/9 for Belcastro klevB k=6...
      Passes: 4,  Height: 12595, Time/Memory: 13.48,21624
  📊 Iteration 2/9 for Belcastro klevD k=10...
      Passes: 3,  Height: 12683, Time/Memory: 10.68,8276
  📊 Iteration 3/9 for Belcastro klevC k=1...
      Passes: 4,  Height: 12595, Time/Memory: 13.04,8352
  📊 Iteration 3/9 for Belcastro klevB k=2...
      Passes: 4,  Height: 12595, Time/Memory: 13.04,9384
  📊 Iteration 3/9 for Belcastro klevB k=1...
      Passes: 4,  Height: 12595, Time/Memory: 13.26,11376
  📊 Iteration 3/9 for Belcastro klevA k=2...
      Passes: 4,  Height: 12595, Time/Memory: 13.23,9304
  📊 Iteration 3/9 for Belcastro klevB k=6...
      Passes: 4,  Height: 12595, Time/Memory: 13.50,21656
  📊 Iteration 3/9 for Belcastro klevD k=10...
      Passes: 4,  Height: 89376, Time/Memory: 29.71,71804
  📊 Iteration 2/9 for Twitch klevC k=2...
      Passes: 4,  Height: 89376, Time/Memory: 30.27,71820
  📊 Iteration 2/9 for Twitch klevC k=4...
      Passes: 4,  Height: 89376, Time/Memory: 30.36,71792
  📊 Iteration 2/9 for Twitch klevC k=9...
      Passes: 3,  Height: 12683, Time/Memory: 10.48,8324
  📊 Iteration 4/9 for Belcastro klevC k=1...
      Passes: 4,  Height: 89088, Time/Memory: 34.41,138380
  📊 Iteration 2/9 for Twitch klevD k=4...
      Passes: 4,  Height: 89376, Time/Memory: 34.75,71784
  📊 Iteration 2/9 for Twitch klevC k=7...
      Passes: 4,  Height: 89376, Time/Memory: 34.79,70804
  📊 Iteration 2/9 for Twitch klevC k=3...
      Passes: 4,  Height: 89262, Time/Memory: 35.79,121980
  📊 Iteration 2/9 for Twitch klevD k=3...
      Passes: 5,  Height: 89105, Time/Memory: 38.32,104612
  📊 Iteration 2/9 for Twitch klevD k=2...
      Passes: 4,  Height: 12595, Time/Memory: 13.15,9340
  📊 Iteration 4/9 for Belcastro klevB k=2...
      Passes: 4,  Height: 12595, Time/Memory: 13.30,9340
  📊 Iteration 4/9 for Belcastro klevB k=1...
      Passes: 4,  Height: 12595, Time/Memory: 12.97,10368
  📊 Iteration 4/9 for Belcastro klevA k=2...
      Passes: 4,  Height: 12595, Time/Memory: 13.02,9368
  📊 Iteration 4/9 for Belcastro klevB k=6...
      Passes: 4,  Height: 12595, Time/Memory: 13.56,21612
  📊 Iteration 4/9 for Belcastro klevD k=10...
      Passes: 4,  Height: 89376, Time/Memory: 41.10,71832
  📊 Iteration 2/9 for Twitch klevC k=8...
      Passes: 3,  Height: 12683, Time/Memory: 10.66,7292
  📊 Iteration 5/9 for Belcastro klevC k=1...
      Passes: 4,  Height: 12595, Time/Memory: 12.99,9344
  📊 Iteration 5/9 for Belcastro klevB k=1...
      Passes: 4,  Height: 12595, Time/Memory: 13.25,9348
  📊 Iteration 5/9 for Belcastro klevB k=2...
      Passes: 4,  Height: 12595, Time/Memory: 13.04,9328
  📊 Iteration 5/9 for Belcastro klevB k=6...
      Passes: 4,  Height: 12595, Time/Memory: 13.47,10316
  📊 Iteration 5/9 for Belcastro klevA k=2...
      Passes: 3,  Height: 12683, Time/Memory: 10.58,8304
  📊 Iteration 6/9 for Belcastro klevC k=1...
      Passes: 4,  Height: 12595, Time/Memory: 14.29,21572
  📊 Iteration 5/9 for Belcastro klevD k=10...
      Passes: 4,  Height: 89376, Time/Memory: 31.24,70728
  📊 Iteration 3/9 for Twitch klevC k=2...
      Passes: 3,  Height: 12683, Time/Memory: 10.54,8324
  📊 Iteration 7/9 for Belcastro klevC k=1...
      Passes: 4,  Height: 12595, Time/Memory: 12.95,7300
  📊 Iteration 6/9 for Belcastro klevB k=1...
      Passes: 4,  Height: 89376, Time/Memory: 30.94,71776
  📊 Iteration 3/9 for Twitch klevC k=7...
      Passes: 4,  Height: 12595, Time/Memory: 13.20,8308
  📊 Iteration 6/9 for Belcastro klevB k=2...
      Passes: 4,  Height: 12595, Time/Memory: 13.25,9328
  📊 Iteration 6/9 for Belcastro klevB k=6...
      Passes: 4,  Height: 12595, Time/Memory: 13.37,11424
  📊 Iteration 6/9 for Belcastro klevA k=2...
      Passes: 4,  Height: 89376, Time/Memory: 32.63,70780
  📊 Iteration 3/9 for Twitch klevC k=3...
      Passes: 4,  Height: 89376, Time/Memory: 37.74,71832
  📊 Iteration 3/9 for Twitch klevC k=9...
      Passes: 4,  Height: 12595, Time/Memory: 13.33,21588
  📊 Iteration 6/9 for Belcastro klevD k=10...
      Passes: 4,  Height: 89376, Time/Memory: 38.87,71792
  📊 Iteration 3/9 for Twitch klevC k=4...
      Passes: 4,  Height: 89088, Time/Memory: 34.67,138364
  📊 Iteration 3/9 for Twitch klevD k=4...
      Passes: 3,  Height: 12683, Time/Memory: 10.46,8320
  📊 Iteration 8/9 for Belcastro klevC k=1...
      Passes: 4,  Height: 89262, Time/Memory: 38.78,121980
  📊 Iteration 3/9 for Twitch klevD k=3...
      Passes: 5,  Height: 89105, Time/Memory: 37.59,105596
  📊 Iteration 3/9 for Twitch klevD k=2...
      Passes: 4,  Height: 12595, Time/Memory: 12.74,8316
  📊 Iteration 7/9 for Belcastro klevB k=1...
      Passes: 4,  Height: 12595, Time/Memory: 13.22,8312
  📊 Iteration 7/9 for Belcastro klevB k=2...
      Passes: 4,  Height: 12595, Time/Memory: 13.18,9352
  📊 Iteration 7/9 for Belcastro klevB k=6...
      Passes: 4,  Height: 12595, Time/Memory: 12.81,10344
  📊 Iteration 7/9 for Belcastro klevA k=2...
      Passes: 4,  Height: 12595, Time/Memory: 13.38,21592
  📊 Iteration 7/9 for Belcastro klevD k=10...
      Passes: 4,  Height: 89376, Time/Memory: 42.06,70788
  📊 Iteration 3/9 for Twitch klevC k=8...
      Passes: 3,  Height: 12683, Time/Memory: 10.73,8280
  📊 Iteration 9/9 for Belcastro klevC k=1...
      Passes: 4,  Height: 12595, Time/Memory: 13.22,8316
  📊 Iteration 8/9 for Belcastro klevB k=1...
      Passes: 4,  Height: 12595, Time/Memory: 12.90,9344
  📊 Iteration 8/9 for Belcastro klevB k=2...
      Passes: 4,  Height: 12595, Time/Memory: 13.07,9312
  📊 Iteration 8/9 for Belcastro klevB k=6...
      Passes: 4,  Height: 12595, Time/Memory: 13.63,10364
  📊 Iteration 8/9 for Belcastro klevA k=2...
      Passes: 4,  Height: 89376, Time/Memory: 32.27,71812
  📊 Iteration 4/9 for Twitch klevC k=2...
      Passes: 4,  Height: 12595, Time/Memory: 13.26,21600
  📊 Iteration 8/9 for Belcastro klevD k=10...
      Passes: 3,  Height: 12683, Time/Memory: 10.65,8340
✅ Completed Belcastro klevC k=1: 10.6s, 8198.22KB
✅ [1/33] Completed Belcastro klevC k=1
      Passes: 4,  Height: 89376, Time/Memory: 31.79,71768
  📊 Iteration 4/9 for Twitch klevC k=7...
      Passes: 4,  Height: 89088, Time/Memory: 34.44,138356
  📊 Iteration 4/9 for Twitch klevD k=4...
      Passes: 4,  Height: 12595, Time/Memory: 13.29,7280
  📊 Iteration 9/9 for Belcastro klevB k=1...
      Passes: 4,  Height: 12595, Time/Memory: 13.15,9328
  📊 Iteration 9/9 for Belcastro klevB k=2...
      Passes: 4,  Height: 12595, Time/Memory: 13.19,9292
  📊 Iteration 9/9 for Belcastro klevB k=6...
      Passes: 4,  Height: 12595, Time/Memory: 13.28,11388
  📊 Iteration 9/9 for Belcastro klevA k=2...
      Passes: 4,  Height: 89376, Time/Memory: 38.77,71804
  📊 Iteration 4/9 for Twitch klevC k=9...
      Passes: 4,  Height: 89376, Time/Memory: 38.83,71760
  📊 Iteration 4/9 for Twitch klevC k=4...
      Passes: 4,  Height: 12595, Time/Memory: 13.28,21660
  📊 Iteration 9/9 for Belcastro klevD k=10...
      Passes: 4,  Height: 89376, Time/Memory: 42.43,71800
  📊 Iteration 4/9 for Twitch klevC k=3...
      Passes: 4,  Height: 89376, Time/Memory: 30.70,71800
  📊 Iteration 4/9 for Twitch klevC k=8...
      Passes: 4,  Height: 12595, Time/Memory: 12.90,9372
✅ Completed Belcastro klevB k=2: 13.09s, 9007.56KB
✅ [2/33] Completed Belcastro klevB k=2
      Passes: 4,  Height: 12595, Time/Memory: 13.19,9340
✅ Completed Belcastro klevB k=1: 13.08s, 8662.22KB
✅ [3/33] Completed Belcastro klevB k=1
      Passes: 4,  Height: 89262, Time/Memory: 43.91,121920
  📊 Iteration 4/9 for Twitch klevD k=3...
      Passes: 4,  Height: 12595, Time/Memory: 13.23,9348
✅ Completed Belcastro klevB k=6: 13.15s, 9220.0KB
✅ [4/33] Completed Belcastro klevB k=6
      Passes: 4,  Height: 12595, Time/Memory: 13.07,11368
✅ Completed Belcastro klevA k=2: 13.22s, 10925.33KB
✅ [5/33] Completed Belcastro klevA k=2
      Passes: 5,  Height: 89105, Time/Memory: 45.49,105552
  📊 Iteration 4/9 for Twitch klevD k=2...
      Passes: 4,  Height: 12595, Time/Memory: 13.28,20628
✅ Completed Belcastro klevD k=10: 13.48s, 21503.56KB
✅ [6/33] Completed Belcastro klevD k=10
      Passes: 4,  Height: 89376, Time/Memory: 31.38,71808
  📊 Iteration 5/9 for Twitch klevC k=7...
      Passes: 4,  Height: 89376, Time/Memory: 36.60,69720
  📊 Iteration 5/9 for Twitch klevC k=2...
      Passes: 4,  Height: 89376, Time/Memory: 31.00,71788
  📊 Iteration 5/9 for Twitch klevC k=4...
      Passes: 4,  Height: 89088, Time/Memory: 36.64,136316
  📊 Iteration 5/9 for Twitch klevD k=4...
      Passes: 4,  Height: 89376, Time/Memory: 33.85,68732
  📊 Iteration 5/9 for Twitch klevC k=3...
      Passes: 4,  Height: 89376, Time/Memory: 38.66,70788
  📊 Iteration 5/9 for Twitch klevC k=9...
      Passes: 4,  Height: 89262, Time/Memory: 35.94,121996
  📊 Iteration 5/9 for Twitch klevD k=3...
      Passes: 4,  Height: 89376, Time/Memory: 41.19,71812
  📊 Iteration 5/9 for Twitch klevC k=8...
      Passes: 5,  Height: 89105, Time/Memory: 37.36,105596
  📊 Iteration 5/9 for Twitch klevD k=2...
      Passes: 4,  Height: 89376, Time/Memory: 30.93,71768
  📊 Iteration 6/9 for Twitch klevC k=7...
      Passes: 4,  Height: 89376, Time/Memory: 30.53,71804
  📊 Iteration 6/9 for Twitch klevC k=2...
      Passes: 4,  Height: 89376, Time/Memory: 31.39,71840
  📊 Iteration 6/9 for Twitch klevC k=4...
      Passes: 4,  Height: 89376, Time/Memory: 30.99,70776
  📊 Iteration 6/9 for Twitch klevC k=3...
      Passes: 4,  Height: 89088, Time/Memory: 40.12,138400
  📊 Iteration 6/9 for Twitch klevD k=4...
      Passes: 4,  Height: 89376, Time/Memory: 44.50,71824
  📊 Iteration 6/9 for Twitch klevC k=9...
      Passes: 4,  Height: 89262, Time/Memory: 35.93,122020
  📊 Iteration 6/9 for Twitch klevD k=3...
      Passes: 4,  Height: 89376, Time/Memory: 31.15,71804
  📊 Iteration 7/9 for Twitch klevC k=7...
      Passes: 4,  Height: 89376, Time/Memory: 31.30,70784
  📊 Iteration 7/9 for Twitch klevC k=2...
      Passes: 4,  Height: 89376, Time/Memory: 40.32,71820
  📊 Iteration 6/9 for Twitch klevC k=8...
      Passes: 5,  Height: 89105, Time/Memory: 36.78,105620
  📊 Iteration 6/9 for Twitch klevD k=2...
      Passes: 4,  Height: 89376, Time/Memory: 30.92,71832
  📊 Iteration 7/9 for Twitch klevC k=4...
      Passes: 4,  Height: 89376, Time/Memory: 37.63,71800
  📊 Iteration 7/9 for Twitch klevC k=3...
      Passes: 4,  Height: 89088, Time/Memory: 35.08,138372
  📊 Iteration 7/9 for Twitch klevD k=4...
      Passes: 4,  Height: 89376, Time/Memory: 31.22,71804
  📊 Iteration 7/9 for Twitch klevC k=9...
      Passes: 4,  Height: 89376, Time/Memory: 30.74,71800
  📊 Iteration 8/9 for Twitch klevC k=7...
      Passes: 4,  Height: 89262, Time/Memory: 35.81,122004
  📊 Iteration 7/9 for Twitch klevD k=3...
      Passes: 4,  Height: 89376, Time/Memory: 32.99,71796
  📊 Iteration 7/9 for Twitch klevC k=8...
      Passes: 4,  Height: 89376, Time/Memory: 31.24,71848
  📊 Iteration 8/9 for Twitch klevC k=4...
      Passes: 5,  Height: 89105, Time/Memory: 37.21,104580
  📊 Iteration 7/9 for Twitch klevD k=2...
      Passes: 4,  Height: 89376, Time/Memory: 41.63,71804
  📊 Iteration 8/9 for Twitch klevC k=2...
      Passes: 4,  Height: 89376, Time/Memory: 30.72,71772
  📊 Iteration 8/9 for Twitch klevC k=3...
      Passes: 4,  Height: 89088, Time/Memory: 35.13,138360
  📊 Iteration 8/9 for Twitch klevD k=4...
      Passes: 4,  Height: 89376, Time/Memory: 36.84,70744
  📊 Iteration 8/9 for Twitch klevC k=9...
      Passes: 4,  Height: 89376, Time/Memory: 31.08,71788
  📊 Iteration 8/9 for Twitch klevC k=8...
      Passes: 4,  Height: 89262, Time/Memory: 35.58,120952
  📊 Iteration 8/9 for Twitch klevD k=3...
      Passes: 4,  Height: 89376, Time/Memory: 30.90,70780
  📊 Iteration 9/9 for Twitch klevC k=4...
      Passes: 4,  Height: 89376, Time/Memory: 41.78,70756
  📊 Iteration 9/9 for Twitch klevC k=7...
      Passes: 5,  Height: 89105, Time/Memory: 36.88,104588
  📊 Iteration 8/9 for Twitch klevD k=2...
      Passes: 4,  Height: 89376, Time/Memory: 30.81,71800
  📊 Iteration 9/9 for Twitch klevC k=3...
      Passes: 4,  Height: 89088, Time/Memory: 34.92,137320
