🎯 Total configurations to run: 3
🔄 Running with 36 parallel workers
🚀 Running Twitch with klev1, k=7, iterations=10, file=1
  📊 Iteration 1/10 for Twitch klev1 k=7...
🚀 Running Twitch with klev1, k=10, iterations=10, file=2
  📊 Iteration 1/10 for Twitch klev1 k=10...
🚀 Running Twitch with klev1, k=41, iterations=10, file=3
  📊 Iteration 1/10 for Twitch klev1 k=41...
    Passes: 1, Time/Memory: 3.00,169856, Output: ['1']
  📊 Iteration 2/10 for Twitch klev1 k=41...
    Passes: 1, Time/Memory: 2.81,169940, Output: ['1']
  📊 Iteration 3/10 for Twitch klev1 k=41...
    Passes: 1, Time/Memory: 2.77,169856, Output: ['1']
  📊 Iteration 4/10 for Twitch klev1 k=41...
    Passes: 1, Time/Memory: 2.77,169856, Output: ['1']
  📊 Iteration 5/10 for Twitch klev1 k=41...
    Passes: 1, Time/Memory: 2.78,169936, Output: ['1']
  📊 Iteration 6/10 for Twitch klev1 k=41...
    Passes: 1, Time/Memory: 2.79,169940, Output: ['1']
  📊 Iteration 7/10 for Twitch klev1 k=41...
    Passes: 1, Time/Memory: 2.78,169884, Output: ['1']
  📊 Iteration 8/10 for Twitch klev1 k=41...
    Passes: 1, Time/Memory: 3.06,168864, Output: ['1']
  📊 Iteration 9/10 for Twitch klev1 k=41...
    Passes: 1, Time/Memory: 2.79,169856, Output: ['1']
  📊 Iteration 10/10 for Twitch klev1 k=41...
    Passes: 1, Time/Memory: 2.99,170016, Output: ['1']
✅ Completed Twitch klev1 k=41: 2.85s, 169800.4KB
✅ [1/3] Completed Twitch klev1 k=C
    Passes: 4, Time/Memory: 33.93,74816, Output: ['4']
  📊 Iteration 2/10 for Twitch klev1 k=7...
    Passes: 4, Time/Memory: 45.01,73764, Output: ['4']
  📊 Iteration 2/10 for Twitch klev1 k=10...
    Passes: 4, Time/Memory: 31.01,73764, Output: ['4']
  📊 Iteration 3/10 for Twitch klev1 k=7...
    Passes: 4, Time/Memory: 45.15,74816, Output: ['4']
  📊 Iteration 3/10 for Twitch klev1 k=10...
    Passes: 4, Time/Memory: 31.02,74816, Output: ['4']
  📊 Iteration 4/10 for Twitch klev1 k=7...
    Passes: 4, Time/Memory: 31.80,73808, Output: ['4']
  📊 Iteration 5/10 for Twitch klev1 k=7...
    Passes: 4, Time/Memory: 45.79,74828, Output: ['4']
  📊 Iteration 4/10 for Twitch klev1 k=10...
    Passes: 4, Time/Memory: 31.83,74780, Output: ['4']
  📊 Iteration 6/10 for Twitch klev1 k=7...
    Passes: 4, Time/Memory: 35.29,74784, Output: ['4']
  📊 Iteration 5/10 for Twitch klev1 k=10...
    Passes: 4, Time/Memory: 31.05,74788, Output: ['4']
  📊 Iteration 7/10 for Twitch klev1 k=7...
    Passes: 4, Time/Memory: 45.48,74784, Output: ['4']
  📊 Iteration 6/10 for Twitch klev1 k=10...
    Passes: 4, Time/Memory: 30.95,74788, Output: ['4']
  📊 Iteration 8/10 for Twitch klev1 k=7...
    Passes: 4, Time/Memory: 31.05,74784, Output: ['4']
  📊 Iteration 7/10 for Twitch klev1 k=10...
    Passes: 4, Time/Memory: 31.12,73844, Output: ['4']
  📊 Iteration 9/10 for Twitch klev1 k=7...
    Passes: 4, Time/Memory: 30.77,73796, Output: ['4']
  📊 Iteration 10/10 for Twitch klev1 k=7...
    Passes: 4, Time/Memory: 45.70,73844, Output: ['4']
  📊 Iteration 8/10 for Twitch klev1 k=10...
    Passes: 4, Time/Memory: 31.03,74788, Output: ['4']
✅ Completed Twitch klev1 k=7: 31.45s, 74398.8KB
✅ [2/3] Completed Twitch klev1 k=7
    Passes: 4, Time/Memory: 38.47,73764, Output: ['4']
  📊 Iteration 9/10 for Twitch klev1 k=10...
    Passes: 4, Time/Memory: 30.71,74788, Output: ['4']
  📊 Iteration 10/10 for Twitch klev1 k=10...
    Passes: 4, Time/Memory: 30.77,73764, Output: ['4']
✅ Completed Twitch klev1 k=10: 39.34s, 74392.0KB
✅ [3/3] Completed Twitch klev1 k=10

🏁 All experiments completed!
✅ Successful: 3
❌ Failed: 0
📁 Results saved in ./results/real/average_concurrent_runs
