🎯 Total configurations to run: 1
🔄 Running with 36 parallel workers
🚀 Running Belcastro with klevN, k=8, iterations=10, file=1
  📊 Iteration 1/10 for Belcastro klevN k=8...
    Passes: 3, Time/Memory: 11.27,18468, Output: ['3']
  📊 Iteration 2/10 for Belcastro klevN k=8...
    Passes: 3, Time/Memory: 11.86,18468, Output: ['3']
  📊 Iteration 3/10 for Belcastro klevN k=8...
    Passes: 3, Time/Memory: 10.85,18464, Output: ['3']
  📊 Iteration 4/10 for Belcastro klevN k=8...
    Passes: 3, Time/Memory: 11.17,18468, Output: ['3']
  📊 Iteration 5/10 for Belcastro klevN k=8...
    Passes: 3, Time/Memory: 11.56,18468, Output: ['3']
  📊 Iteration 6/10 for Belcastro klevN k=8...
    Passes: 3, Time/Memory: 11.10,18476, Output: ['3']
  📊 Iteration 7/10 for Belcastro klevN k=8...
    Passes: 3, Time/Memory: 11.71,18464, Output: ['3']
  📊 Iteration 8/10 for Belcastro klevN k=8...
    Passes: 3, Time/Memory: 11.45,18548, Output: ['3']
  📊 Iteration 9/10 for Belcastro klevN k=8...
    Passes: 3, Time/Memory: 11.60,18500, Output: ['3']
  📊 Iteration 10/10 for Belcastro klevN k=8...
    Passes: 3, Time/Memory: 11.95,18516, Output: ['3']
✅ Completed Belcastro klevN k=8: 11.45s, 18484.0KB
✅ [1/1] Completed Belcastro klevN k=8

🏁 All experiments completed!
✅ Successful: 1
❌ Failed: 0
📁 Results saved in ./results/real/average_concurrent_runs
