🎯 Total configurations to run: 3
🔄 Running with 36 parallel workers
🚀 Running Twitch with klevN, k=8, iterations=10, file=2
  📊 Iteration 1/10 for Twitch klevN k=8...
🚀 Running Twitch with klevN, k=5, iterations=10, file=1
  📊 Iteration 1/10 for Twitch klevN k=5...
🚀 Running Twitch with klevN, k=9, iterations=10, file=3
  📊 Iteration 1/10 for Twitch klevN k=9...
    Passes: 3, Time/Memory: 43.43,199712, Output: ['3']
  📊 Iteration 2/10 for Twitch klevN k=8...
    Passes: 3, Time/Memory: 43.43,215076, Output: ['3']
  📊 Iteration 2/10 for Twitch klevN k=9...
    Passes: 3, Time/Memory: 44.30,151612, Output: ['3']
  📊 Iteration 2/10 for Twitch klevN k=5...
    Passes: 3, Time/Memory: 34.87,152640, Output: ['3']
  📊 Iteration 3/10 for Twitch klevN k=5...
    Passes: 3, Time/Memory: 37.79,200768, Output: ['3']
  📊 Iteration 3/10 for Twitch klevN k=8...
    Passes: 3, Time/Memory: 41.96,216184, Output: ['3']
  📊 Iteration 3/10 for Twitch klevN k=9...
    Passes: 3, Time/Memory: 35.62,200740, Output: ['3']
  📊 Iteration 4/10 for Twitch klevN k=8...
    Passes: 3, Time/Memory: 43.11,151648, Output: ['3']
  📊 Iteration 4/10 for Twitch klevN k=5...
    Passes: 3, Time/Memory: 45.50,216100, Output: ['3']
  📊 Iteration 4/10 for Twitch klevN k=9...
    Passes: 3, Time/Memory: 34.69,200788, Output: ['3']
  📊 Iteration 5/10 for Twitch klevN k=8...
    Passes: 3, Time/Memory: 33.82,151584, Output: ['3']
  📊 Iteration 5/10 for Twitch klevN k=5...
    Passes: 3, Time/Memory: 45.71,216108, Output: ['3']
  📊 Iteration 5/10 for Twitch klevN k=9...
    Passes: 3, Time/Memory: 34.63,199792, Output: ['3']
  📊 Iteration 6/10 for Twitch klevN k=8...
    Passes: 3, Time/Memory: 33.97,152648, Output: ['3']
  📊 Iteration 6/10 for Twitch klevN k=5...
    Passes: 3, Time/Memory: 37.87,216092, Output: ['3']
  📊 Iteration 6/10 for Twitch klevN k=9...
    Passes: 3, Time/Memory: 34.54,199716, Output: ['3']
  📊 Iteration 7/10 for Twitch klevN k=8...
    Passes: 3, Time/Memory: 47.82,152656, Output: ['3']
  📊 Iteration 7/10 for Twitch klevN k=5...
    Passes: 3, Time/Memory: 34.66,199708, Output: ['3']
  📊 Iteration 8/10 for Twitch klevN k=8...
    Passes: 3, Time/Memory: 46.49,216100, Output: ['3']
  📊 Iteration 7/10 for Twitch klevN k=9...
    Passes: 3, Time/Memory: 37.76,151580, Output: ['3']
  📊 Iteration 8/10 for Twitch klevN k=5...
    Passes: 3, Time/Memory: 34.66,200772, Output: ['3']
  📊 Iteration 9/10 for Twitch klevN k=8...
    Passes: 3, Time/Memory: 38.27,216100, Output: ['3']
  📊 Iteration 8/10 for Twitch klevN k=9...
    Passes: 3, Time/Memory: 33.78,151660, Output: ['3']
  📊 Iteration 9/10 for Twitch klevN k=5...
    Passes: 3, Time/Memory: 41.45,199716, Output: ['3']
  📊 Iteration 10/10 for Twitch klevN k=8...
    Passes: 3, Time/Memory: 40.08,216132, Output: ['3']
  📊 Iteration 9/10 for Twitch klevN k=9...
    Passes: 3, Time/Memory: 33.62,152692, Output: ['3']
  📊 Iteration 10/10 for Twitch klevN k=5...
    Passes: 3, Time/Memory: 33.67,216100, Output: ['3']
  📊 Iteration 10/10 for Twitch klevN k=9...
    Passes: 3, Time/Memory: 33.71,152612, Output: ['3']
✅ Completed Twitch klevN k=5: 37.68s, 152133.2KB
✅ [1/3] Completed Twitch klevN k=5
    Passes: 3, Time/Memory: 47.21,200776, Output: ['3']
✅ Completed Twitch klevN k=8: 37.87s, 200248.8KB
✅ [2/3] Completed Twitch klevN k=8
    Passes: 3, Time/Memory: 33.73,216140, Output: ['3']
✅ Completed Twitch klevN k=9: 40.67s, 216013.2KB
✅ [3/3] Completed Twitch klevN k=9

🏁 All experiments completed!
✅ Successful: 3
❌ Failed: 0
📁 Results saved in ./results/real/average_concurrent_runs
