🎯 Total configurations to run: 3
🔄 Running with 30 parallel workers
🚀 Running Orkut with kpath0, k=7, iterations=3, file=5
  📊 Iteration 1/3 for Orkut kpath0 k=7...
🚀 Running KonectDblp with kpath0, k=5, iterations=9, file=5
  📊 Iteration 1/9 for KonectDblp kpath0 k=5...
🚀 Running KonectDblp with kpath0, k=6, iterations=9, file=6
  📊 Iteration 1/9 for KonectDblp kpath0 k=6...
    Passes: 11, Time/Memory: 10383.29,2995148, Output: ['11']
  📊 Iteration 2/3 for Orkut kpath0 k=7...
    Passes: 11, Time/Memory: 9762.49,2995176, Output: ['11']
  📊 Iteration 3/3 for Orkut kpath0 k=7...
    Passes: 11, Time/Memory: 10144.84,2995148, Output: ['11']
✅ Completed Orkut kpath0 k=7: 10096.87s, 2995157.33KB
✅ [1/3] Completed Orkut kpath0 k=7
    Passes: 2, Time/Memory: 10729.84,3877924, Output: ['2']
  📊 Iteration 2/9 for KonectDblp kpath0 k=5...
    Passes: 2, Time/Memory: 10705.03,3877924, Output: ['2']
  📊 Iteration 2/9 for KonectDblp kpath0 k=6...
    Passes: 2, Time/Memory: 10523.54,3877924, Output: ['2']
  📊 Iteration 3/9 for KonectDblp kpath0 k=5...
    Passes: 2, Time/Memory: 10533.76,3877924, Output: ['2']
  📊 Iteration 3/9 for KonectDblp kpath0 k=6...
    Passes: 2, Time/Memory: 10403.90,3876932, Output: ['2']
  📊 Iteration 4/9 for KonectDblp kpath0 k=5...
    Passes: 2, Time/Memory: 10420.07,3876900, Output: ['2']
  📊 Iteration 4/9 for KonectDblp kpath0 k=6...
    Passes: 2, Time/Memory: 10424.03,3876908, Output: ['2']
  📊 Iteration 5/9 for KonectDblp kpath0 k=6...
    Passes: 2, Time/Memory: 10687.03,3877928, Output: ['2']
  📊 Iteration 5/9 for KonectDblp kpath0 k=5...
    Passes: 2, Time/Memory: 10531.13,3877920, Output: ['2']
  📊 Iteration 6/9 for KonectDblp kpath0 k=5...
    Passes: 2, Time/Memory: 10768.75,3877924, Output: ['2']
  📊 Iteration 6/9 for KonectDblp kpath0 k=6...
    Passes: 2, Time/Memory: 10679.22,3877920, Output: ['2']
  📊 Iteration 7/9 for KonectDblp kpath0 k=5...
    Passes: 2, Time/Memory: 10778.32,3877936, Output: ['2']
  📊 Iteration 7/9 for KonectDblp kpath0 k=6...
    Passes: 2, Time/Memory: 10625.70,3877916, Output: ['2']
  📊 Iteration 8/9 for KonectDblp kpath0 k=5...
    Passes: 2, Time/Memory: 10973.37,3876952, Output: ['2']
  📊 Iteration 8/9 for KonectDblp kpath0 k=6...
    Passes: 2, Time/Memory: 10696.23,3877948, Output: ['2']
  📊 Iteration 9/9 for KonectDblp kpath0 k=5...
    Passes: 2, Time/Memory: 10723.19,3876956, Output: ['2']
  📊 Iteration 9/9 for KonectDblp kpath0 k=6...
    Passes: 2, Time/Memory: 11312.68,3877996, Output: ['2']
✅ Completed KonectDblp kpath0 k=5: 10687.7s, 3877823.11KB
✅ [2/3] Completed KonectDblp kpath0 k=5
    Passes: 2, Time/Memory: 11346.62,3877924, Output: ['2']
✅ Completed KonectDblp kpath0 k=6: 10741.46s, 3877483.11KB
✅ [3/3] Completed KonectDblp kpath0 k=6

🏁 All experiments completed!
✅ Successful: 3
❌ Failed: 0
📁 Results saved in ./results/real/average_concurrent_runs
