🎯 Total configurations to run: 1
🔄 Running with 24 parallel workers
🚀 Running LiveJournal with klevN, k=4, iterations=10, file=1
  📊 Iteration 1/10 for LiveJournal klevN k=4...
    Passes: 2, Time/Memory: 27928.56,3049472, Output: ['2']
  📊 Iteration 2/10 for LiveJournal klevN k=4...
    Passes: 2, Time/Memory: 27903.76,3052544, Output: ['2']
  📊 Iteration 3/10 for LiveJournal klevN k=4...
    Passes: 2, Time/Memory: 27899.39,3050496, Output: ['2']
  📊 Iteration 4/10 for LiveJournal klevN k=4...
    Passes: 2, Time/Memory: 27782.28,3047424, Output: ['2']
  📊 Iteration 5/10 for LiveJournal klevN k=4...
    Passes: 2, Time/Memory: 27740.92,3046400, Output: ['2']
  📊 Iteration 6/10 for LiveJournal klevN k=4...
    Passes: 2, Time/Memory: 27712.83,3051520, Output: ['2']
  📊 Iteration 7/10 for LiveJournal klevN k=4...
    Passes: 2, Time/Memory: 29326.28,3053568, Output: ['2']
  📊 Iteration 8/10 for LiveJournal klevN k=4...
    Passes: 2, Time/Memory: 27884.79,3054592, Output: ['2']
  📊 Iteration 9/10 for LiveJournal klevN k=4...
    Passes: 2, Time/Memory: 30417.64,3054592, Output: ['2']
  📊 Iteration 10/10 for LiveJournal klevN k=4...
    Passes: 2, Time/Memory: 29933.05,3051520, Output: ['2']
✅ Completed LiveJournal klevN k=4: 28452.95s, 3051212.8KB
✅ [1/1] Completed LiveJournal klevN k=4

🏁 All experiments completed!
✅ Successful: 1
❌ Failed: 0
📁 Results saved in ./results/real/average_concurrent_runs
