🎯 Total configurations to run: 1
🔄 Running with 36 parallel workers
🚀 Running Belcastro with klevN, k=6, iterations=12, file=1
  📊 Iteration 1/12 for Belcastro klevN k=6...
    Passes: 3, Time/Memory: 10.75,16496, Output: ['3']
  📊 Iteration 2/12 for Belcastro klevN k=6...
    Passes: 3, Time/Memory: 10.68,16464, Output: ['3']
  📊 Iteration 3/12 for Belcastro klevN k=6...
    Passes: 3, Time/Memory: 10.75,16420, Output: ['3']
  📊 Iteration 4/12 for Belcastro klevN k=6...
    Passes: 3, Time/Memory: 10.87,16420, Output: ['3']
  📊 Iteration 5/12 for Belcastro klevN k=6...
    Passes: 3, Time/Memory: 10.60,15396, Output: ['3']
  📊 Iteration 6/12 for Belcastro klevN k=6...
    Passes: 3, Time/Memory: 10.83,16444, Output: ['3']
  📊 Iteration 7/12 for Belcastro klevN k=6...
    Passes: 3, Time/Memory: 10.82,16460, Output: ['3']
  📊 Iteration 8/12 for Belcastro klevN k=6...
    Passes: 3, Time/Memory: 10.79,16420, Output: ['3']
  📊 Iteration 9/12 for Belcastro klevN k=6...
    Passes: 3, Time/Memory: 10.67,16412, Output: ['3']
  📊 Iteration 10/12 for Belcastro klevN k=6...
    Passes: 3, Time/Memory: 10.92,16420, Output: ['3']
  📊 Iteration 11/12 for Belcastro klevN k=6...
    Passes: 3, Time/Memory: 10.87,16448, Output: ['3']
  📊 Iteration 12/12 for Belcastro klevN k=6...
    Passes: 3, Time/Memory: 10.74,16416, Output: ['3']
✅ Completed Belcastro klevN k=6: 10.77s, 16351.33KB
✅ [1/1] Completed Belcastro klevN k=6

🏁 All experiments completed!
✅ Successful: 1
❌ Failed: 0
📁 Results saved in ./results/real/average_concurrent_runs
