🎯 Total configurations to run: 2
🔄 Running with 36 parallel workers
🚀 Running Amazon with klev0, k=10, iterations=20, file=1
  📊 Iteration 1/20 for Amazon klev0 k=10...
🚀 Running LiveJournal with kpath1, k=8, iterations=4, file=4
  📊 Iteration 1/4 for LiveJournal kpath1 k=8...
    Passes: 6, Time/Memory: 539.07,136228, Output: ['6']
  📊 Iteration 2/20 for Amazon klev0 k=10...
    Passes: 6, Time/Memory: 542.60,136248, Output: ['6']
  📊 Iteration 3/20 for Amazon klev0 k=10...
    Passes: 6, Time/Memory: 534.84,136276, Output: ['6']
  📊 Iteration 4/20 for Amazon klev0 k=10...
    Passes: 6, Time/Memory: 567.03,136256, Output: ['6']
  📊 Iteration 5/20 for Amazon klev0 k=10...
    Passes: 6, Time/Memory: 550.46,133192, Output: ['6']
  📊 Iteration 6/20 for Amazon klev0 k=10...
    Passes: 6, Time/Memory: 538.74,136260, Output: ['6']
  📊 Iteration 7/20 for Amazon klev0 k=10...
    Passes: 6, Time/Memory: 547.97,134208, Output: ['6']
  📊 Iteration 8/20 for Amazon klev0 k=10...
    Passes: 6, Time/Memory: 542.73,137252, Output: ['6']
  📊 Iteration 9/20 for Amazon klev0 k=10...
    Passes: 6, Time/Memory: 557.32,135204, Output: ['6']
  📊 Iteration 10/20 for Amazon klev0 k=10...
    Passes: 6, Time/Memory: 555.11,135240, Output: ['6']
  📊 Iteration 11/20 for Amazon klev0 k=10...
    Passes: 6, Time/Memory: 559.62,131108, Output: ['6']
  📊 Iteration 12/20 for Amazon klev0 k=10...
    Passes: 6, Time/Memory: 549.43,133172, Output: ['6']
  📊 Iteration 13/20 for Amazon klev0 k=10...
    Passes: 6, Time/Memory: 547.65,136308, Output: ['6']
  📊 Iteration 14/20 for Amazon klev0 k=10...
    Passes: 6, Time/Memory: 542.93,137280, Output: ['6']
  📊 Iteration 15/20 for Amazon klev0 k=10...
    Passes: 6, Time/Memory: 538.77,136228, Output: ['6']
  📊 Iteration 16/20 for Amazon klev0 k=10...
    Passes: 6, Time/Memory: 541.80,135204, Output: ['6']
  📊 Iteration 17/20 for Amazon klev0 k=10...
    Passes: 6, Time/Memory: 544.53,137252, Output: ['6']
  📊 Iteration 18/20 for Amazon klev0 k=10...
    Passes: 6, Time/Memory: 545.28,137260, Output: ['6']
  📊 Iteration 19/20 for Amazon klev0 k=10...
    Passes: 6, Time/Memory: 545.61,136252, Output: ['6']
  📊 Iteration 20/20 for Amazon klev0 k=10...
    Passes: 6, Time/Memory: 538.97,136228, Output: ['6']
✅ Completed Amazon klev0 k=10: 546.52s, 135632.8KB
✅ [1/2] Completed Amazon klev0 k=10
    Passes: 13, Time/Memory: 19857.65,4302976, Output: ['13']
  📊 Iteration 2/4 for LiveJournal kpath1 k=8...
    Passes: 13, Time/Memory: 19744.03,4302980, Output: ['13']
  📊 Iteration 3/4 for LiveJournal kpath1 k=8...
    Passes: 13, Time/Memory: 20370.14,4303212, Output: ['13']
  📊 Iteration 4/4 for LiveJournal kpath1 k=8...
    Passes: 13, Time/Memory: 20270.17,4300636, Output: ['13']
✅ Completed LiveJournal kpath1 k=8: 20060.5s, 4302451.0KB
✅ [2/2] Completed LiveJournal kpath1 k=8

🏁 All experiments completed!
✅ Successful: 2
❌ Failed: 0
📁 Results saved in ./results/real/average_concurrent_runs
