🎯 Total configurations to run: 6
🔄 Running with 30 parallel workers
🚀 Running Orkut with kpath0, k=3, iterations=1, file=5
  📊 Iteration 1/1 for Orkut kpath0 k=3...
🚀 Running LiveJournal with klev0, k=7, iterations=7, file=2
  📊 Iteration 1/7 for LiveJournal klev0 k=7...
🚀 Running LiveJournal with klev0, k=6, iterations=7, file=5
  📊 Iteration 1/7 for LiveJournal klev0 k=6...
🚀 Running KonectDblp with kpath0, k=9, iterations=9, file=1
  📊 Iteration 1/9 for KonectDblp kpath0 k=9...
🚀 Running KonectDblp with kpath0, k=8, iterations=9, file=2
  📊 Iteration 1/9 for KonectDblp kpath0 k=8...
🚀 Running KonectDblp with kpath0, k=7, iterations=9, file=3
  📊 Iteration 1/9 for KonectDblp kpath0 k=7...
    Passes: 6, Time/Memory: 31695.53,1665076, Output: ['6']
  📊 Iteration 2/7 for LiveJournal klev0 k=7...
    Passes: 6, Time/Memory: 31716.36,1668180, Output: ['6']
  📊 Iteration 2/7 for LiveJournal klev0 k=6...
    Passes: 29, Time/Memory: 9593.94,1819108, Output: ['29']
✅ Completed Orkut kpath0 k=3: 9593.94s, 1819108.0KB
✅ [1/6] Completed Orkut kpath0 k=3
    Passes: 2, Time/Memory: 10565.99,3877924, Output: ['2']
  📊 Iteration 2/9 for KonectDblp kpath0 k=7...
    Passes: 2, Time/Memory: 10267.58,3877924, Output: ['2']
  📊 Iteration 2/9 for KonectDblp kpath0 k=9...
    Passes: 2, Time/Memory: 10340.68,3877924, Output: ['2']
  📊 Iteration 2/9 for KonectDblp kpath0 k=8...
    Passes: 6, Time/Memory: 31802.74,1665060, Output: ['6']
  📊 Iteration 3/7 for LiveJournal klev0 k=6...
    Passes: 6, Time/Memory: 32312.17,1664036, Output: ['6']
  📊 Iteration 3/7 for LiveJournal klev0 k=7...
    Passes: 6, Time/Memory: 32342.13,1667188, Output: ['6']
  📊 Iteration 4/7 for LiveJournal klev0 k=6...
    Passes: 6, Time/Memory: 31918.40,1667116, Output: ['6']
  📊 Iteration 4/7 for LiveJournal klev0 k=7...
    Passes: 2, Time/Memory: 10636.35,3877940, Output: ['2']
  📊 Iteration 3/9 for KonectDblp kpath0 k=7...
    Passes: 2, Time/Memory: 10734.06,3877924, Output: ['2']
  📊 Iteration 3/9 for KonectDblp kpath0 k=9...
    Passes: 2, Time/Memory: 10744.14,3877916, Output: ['2']
  📊 Iteration 3/9 for KonectDblp kpath0 k=8...
    Passes: 6, Time/Memory: 31381.29,1669164, Output: ['6']
  📊 Iteration 5/7 for LiveJournal klev0 k=7...
    Passes: 6, Time/Memory: 32064.55,1668132, Output: ['6']
  📊 Iteration 5/7 for LiveJournal klev0 k=6...
    Passes: 2, Time/Memory: 10473.85,3877944, Output: ['2']
  📊 Iteration 4/9 for KonectDblp kpath0 k=7...
    Passes: 6, Time/Memory: 31847.92,1667136, Output: ['6']
  📊 Iteration 6/7 for LiveJournal klev0 k=7...
    Passes: 6, Time/Memory: 31709.25,1667128, Output: ['6']
  📊 Iteration 6/7 for LiveJournal klev0 k=6...
    Passes: 2, Time/Memory: 10754.96,3876928, Output: ['2']
  📊 Iteration 4/9 for KonectDblp kpath0 k=9...
    Passes: 2, Time/Memory: 10753.89,3877924, Output: ['2']
  📊 Iteration 4/9 for KonectDblp kpath0 k=8...
    Passes: 6, Time/Memory: 31142.86,1668168, Output: ['6']
  📊 Iteration 7/7 for LiveJournal klev0 k=7...
    Passes: 6, Time/Memory: 31464.03,1667108, Output: ['6']
  📊 Iteration 7/7 for LiveJournal klev0 k=6...
    Passes: 2, Time/Memory: 10386.56,3878004, Output: ['2']
  📊 Iteration 5/9 for KonectDblp kpath0 k=7...
    Passes: 2, Time/Memory: 10412.07,3877924, Output: ['2']
  📊 Iteration 5/9 for KonectDblp kpath0 k=9...
    Passes: 2, Time/Memory: 10385.35,3876912, Output: ['2']
  📊 Iteration 5/9 for KonectDblp kpath0 k=8...
    Passes: 6, Time/Memory: 31120.26,1669216, Output: ['6']
✅ Completed LiveJournal klev0 k=7: 31631.2s, 1667130.29KB
✅ [2/6] Completed LiveJournal klev0 k=7
    Passes: 6, Time/Memory: 31275.61,1669244, Output: ['6']
✅ Completed LiveJournal klev0 k=6: 31767.81s, 1667434.29KB
✅ [3/6] Completed LiveJournal klev0 k=6
    Passes: 2, Time/Memory: 10543.30,3877916, Output: ['2']
  📊 Iteration 6/9 for KonectDblp kpath0 k=7...
    Passes: 2, Time/Memory: 10363.49,3878008, Output: ['2']
  📊 Iteration 6/9 for KonectDblp kpath0 k=9...
    Passes: 2, Time/Memory: 10335.60,3877924, Output: ['2']
  📊 Iteration 6/9 for KonectDblp kpath0 k=8...
    Passes: 2, Time/Memory: 10648.22,3877924, Output: ['2']
  📊 Iteration 7/9 for KonectDblp kpath0 k=7...
    Passes: 2, Time/Memory: 10600.21,3877948, Output: ['2']
  📊 Iteration 7/9 for KonectDblp kpath0 k=9...
    Passes: 2, Time/Memory: 10749.09,3876900, Output: ['2']
  📊 Iteration 7/9 for KonectDblp kpath0 k=8...
    Passes: 2, Time/Memory: 10576.83,3877924, Output: ['2']
  📊 Iteration 8/9 for KonectDblp kpath0 k=7...
    Passes: 2, Time/Memory: 10775.47,3877956, Output: ['2']
  📊 Iteration 8/9 for KonectDblp kpath0 k=9...
    Passes: 2, Time/Memory: 10771.39,3877924, Output: ['2']
  📊 Iteration 8/9 for KonectDblp kpath0 k=8...
    Passes: 2, Time/Memory: 10966.93,3877956, Output: ['2']
  📊 Iteration 9/9 for KonectDblp kpath0 k=7...
    Passes: 2, Time/Memory: 10591.23,3877920, Output: ['2']
  📊 Iteration 9/9 for KonectDblp kpath0 k=9...
    Passes: 2, Time/Memory: 10965.14,3877928, Output: ['2']
  📊 Iteration 9/9 for KonectDblp kpath0 k=8...
    Passes: 2, Time/Memory: 10721.53,3878008, Output: ['2']
✅ Completed KonectDblp kpath0 k=7: 10613.28s, 3877948.89KB
✅ [4/6] Completed KonectDblp kpath0 k=7
    Passes: 2, Time/Memory: 10594.49,3877924, Output: ['2']
✅ Completed KonectDblp kpath0 k=9: 10565.95s, 3877828.44KB
✅ [5/6] Completed KonectDblp kpath0 k=9
    Passes: 2, Time/Memory: 10710.44,3877924, Output: ['2']
✅ Completed KonectDblp kpath0 k=8: 10639.52s, 3877697.33KB
✅ [6/6] Completed KonectDblp kpath0 k=8

🏁 All experiments completed!
✅ Successful: 6
❌ Failed: 0
📁 Results saved in ./results/real/average_concurrent_runs
