🎯 Total configurations to run: 3
🔄 Running with 36 parallel workers
🚀 Running Twitch with klev2, k=10, iterations=10, file=1
  📊 Iteration 1/10 for Twitch klev2 k=10...
🚀 Running Twitch with klev2, k=8, iterations=10, file=2
  📊 Iteration 1/10 for Twitch klev2 k=8...
🚀 Running Twitch with klev2, k=9, iterations=10, file=3
  📊 Iteration 1/10 for Twitch klev2 k=9...
    Passes: 3, Time/Memory: 39.48,200780, Output: ['3']
  📊 Iteration 2/10 for Twitch klev2 k=8...
    Passes: 3, Time/Memory: 40.19,232484, Output: ['3']
  📊 Iteration 2/10 for Twitch klev2 k=10...
    Passes: 3, Time/Memory: 55.90,216100, Output: ['3']
  📊 Iteration 2/10 for Twitch klev2 k=9...
    Passes: 3, Time/Memory: 45.02,232484, Output: ['3']
  📊 Iteration 3/10 for Twitch klev2 k=10...
    Passes: 3, Time/Memory: 50.01,199716, Output: ['3']
  📊 Iteration 3/10 for Twitch klev2 k=8...
    Passes: 3, Time/Memory: 44.44,216144, Output: ['3']
  📊 Iteration 3/10 for Twitch klev2 k=9...
    Passes: 3, Time/Memory: 48.69,232512, Output: ['3']
  📊 Iteration 4/10 for Twitch klev2 k=10...
    Passes: 3, Time/Memory: 49.63,200740, Output: ['3']
  📊 Iteration 4/10 for Twitch klev2 k=8...
    Passes: 3, Time/Memory: 57.60,216092, Output: ['3']
  📊 Iteration 4/10 for Twitch klev2 k=9...
    Passes: 3, Time/Memory: 51.24,232504, Output: ['3']
  📊 Iteration 5/10 for Twitch klev2 k=10...
    Passes: 3, Time/Memory: 49.98,200740, Output: ['3']
  📊 Iteration 5/10 for Twitch klev2 k=8...
    Passes: 3, Time/Memory: 55.57,216100, Output: ['3']
  📊 Iteration 5/10 for Twitch klev2 k=9...
    Passes: 3, Time/Memory: 39.71,198684, Output: ['3']
  📊 Iteration 6/10 for Twitch klev2 k=8...
    Passes: 3, Time/Memory: 52.43,230436, Output: ['3']
  📊 Iteration 6/10 for Twitch klev2 k=10...
    Passes: 3, Time/Memory: 50.46,216100, Output: ['3']
  📊 Iteration 6/10 for Twitch klev2 k=9...
    Passes: 3, Time/Memory: 43.23,199800, Output: ['3']
  📊 Iteration 7/10 for Twitch klev2 k=8...
    Passes: 3, Time/Memory: 51.62,232572, Output: ['3']
  📊 Iteration 7/10 for Twitch klev2 k=10...
    Passes: 3, Time/Memory: 50.81,216100, Output: ['3']
  📊 Iteration 7/10 for Twitch klev2 k=9...
    Passes: 3, Time/Memory: 43.34,199764, Output: ['3']
  📊 Iteration 8/10 for Twitch klev2 k=8...
    Passes: 3, Time/Memory: 38.68,231460, Output: ['3']
  📊 Iteration 8/10 for Twitch klev2 k=10...
    Passes: 3, Time/Memory: 46.98,200740, Output: ['3']
  📊 Iteration 9/10 for Twitch klev2 k=8...
    Passes: 3, Time/Memory: 54.05,216132, Output: ['3']
  📊 Iteration 8/10 for Twitch klev2 k=9...
    Passes: 3, Time/Memory: 42.62,232484, Output: ['3']
  📊 Iteration 9/10 for Twitch klev2 k=10...
    Passes: 3, Time/Memory: 42.73,216124, Output: ['3']
  📊 Iteration 9/10 for Twitch klev2 k=9...
    Passes: 3, Time/Memory: 49.77,200740, Output: ['3']
  📊 Iteration 10/10 for Twitch klev2 k=8...
    Passes: 3, Time/Memory: 65.62,232512, Output: ['3']
  📊 Iteration 10/10 for Twitch klev2 k=10...
    Passes: 3, Time/Memory: 48.69,215076, Output: ['3']
  📊 Iteration 10/10 for Twitch klev2 k=9...
    Passes: 3, Time/Memory: 50.26,200772, Output: ['3']
✅ Completed Twitch klev2 k=8: 46.24s, 200247.6KB
✅ [1/3] Completed Twitch klev2 k=8
    Passes: 3, Time/Memory: 47.47,232484, Output: ['3']
✅ Completed Twitch klev2 k=10: 48.36s, 232193.2KB
✅ [2/3] Completed Twitch klev2 k=10
    Passes: 3, Time/Memory: 52.57,216120, Output: ['3']
✅ Completed Twitch klev2 k=9: 51.28s, 216008.8KB
✅ [3/3] Completed Twitch klev2 k=9

🏁 All experiments completed!
✅ Successful: 3
❌ Failed: 0
📁 Results saved in ./results/real/average_concurrent_runs
