🎯 Total configurations to run: 3
🔄 Running with 36 parallel workers
🚀 Running Amazon with klevN, k=2, iterations=6, file=1
  📊 Iteration 1/6 for Amazon klevN k=2...
🚀 Running Amazon with klev0, k=10, iterations=6, file=2
  📊 Iteration 1/6 for Amazon klev0 k=10...
🚀 Running Amazon with klev1, k=1, iterations=6, file=3
  📊 Iteration 1/6 for Amazon klev1 k=1...
    Passes: 2, Time/Memory: 387.48,179244, Output: ['2']
  📊 Iteration 2/6 for Amazon klevN k=2...
    Passes: 6, Time/Memory: 485.94,136248, Output: ['6']
  📊 Iteration 2/6 for Amazon klev0 k=10...
    Passes: 5, Time/Memory: 572.00,128036, Output: ['5']
  📊 Iteration 2/6 for Amazon klev1 k=1...
    Passes: 2, Time/Memory: 378.69,178272, Output: ['2']
  📊 Iteration 3/6 for Amazon klevN k=2...
    Passes: 6, Time/Memory: 474.63,136248, Output: ['6']
  📊 Iteration 3/6 for Amazon klev0 k=10...
    Passes: 5, Time/Memory: 547.50,127012, Output: ['5']
  📊 Iteration 3/6 for Amazon klev1 k=1...
    Passes: 2, Time/Memory: 379.59,179272, Output: ['2']
  📊 Iteration 4/6 for Amazon klevN k=2...
    Passes: 6, Time/Memory: 476.64,135236, Output: ['6']
  📊 Iteration 4/6 for Amazon klev0 k=10...
    Passes: 2, Time/Memory: 376.48,179236, Output: ['2']
  📊 Iteration 5/6 for Amazon klevN k=2...
    Passes: 5, Time/Memory: 527.23,128116, Output: ['5']
  📊 Iteration 4/6 for Amazon klev1 k=1...
    Passes: 2, Time/Memory: 378.33,179264, Output: ['2']
  📊 Iteration 6/6 for Amazon klevN k=2...
    Passes: 6, Time/Memory: 474.89,136228, Output: ['6']
  📊 Iteration 5/6 for Amazon klev0 k=10...
    Passes: 5, Time/Memory: 534.99,128060, Output: ['5']
  📊 Iteration 5/6 for Amazon klev1 k=1...
    Passes: 2, Time/Memory: 378.10,178288, Output: ['2']
✅ Completed Amazon klevN k=2: 379.78s, 178929.33KB
✅ [1/3] Completed Amazon klevN k=2
    Passes: 6, Time/Memory: 474.22,136256, Output: ['6']
  📊 Iteration 6/6 for Amazon klev0 k=10...
    Passes: 5, Time/Memory: 572.50,127048, Output: ['5']
  📊 Iteration 6/6 for Amazon klev1 k=1...
    Passes: 6, Time/Memory: 496.46,137268, Output: ['6']
✅ Completed Amazon klev0 k=10: 480.46s, 136247.33KB
✅ [2/3] Completed Amazon klev0 k=10
    Passes: 5, Time/Memory: 497.11,129060, Output: ['5']
✅ Completed Amazon klev1 k=1: 541.89s, 127888.67KB
✅ [3/3] Completed Amazon klev1 k=1

🏁 All experiments completed!
✅ Successful: 3
❌ Failed: 0
📁 Results saved in ./results/real/average_concurrent_runs
