🎯 Total configurations to run: 3
🔄 Running with 36 parallel workers
🚀 Running Belcastro with klev2, k=3, iterations=10, file=1
  📊 Iteration 1/10 for Belcastro klev2 k=3...
🚀 Running Belcastro with klev2, k=4, iterations=10, file=2
  📊 Iteration 1/10 for Belcastro klev2 k=4...
🚀 Running Belcastro with klev2, k=7, iterations=10, file=3
  📊 Iteration 1/10 for Belcastro klev2 k=7...
    Passes: 3, Time/Memory: 10.73,13348, Output: ['3']
  📊 Iteration 2/10 for Belcastro klev2 k=4...
    Passes: 3, Time/Memory: 11.30,12324, Output: ['3']
  📊 Iteration 2/10 for Belcastro klev2 k=3...
    Passes: 3, Time/Memory: 11.97,17444, Output: ['3']
  📊 Iteration 2/10 for Belcastro klev2 k=7...
    Passes: 3, Time/Memory: 11.19,13356, Output: ['3']
  📊 Iteration 3/10 for Belcastro klev2 k=4...
    Passes: 3, Time/Memory: 10.70,11304, Output: ['3']
  📊 Iteration 3/10 for Belcastro klev2 k=3...
    Passes: 3, Time/Memory: 11.29,17444, Output: ['3']
  📊 Iteration 3/10 for Belcastro klev2 k=7...
    Passes: 3, Time/Memory: 11.21,13340, Output: ['3']
  📊 Iteration 4/10 for Belcastro klev2 k=4...
    Passes: 3, Time/Memory: 11.44,11360, Output: ['3']
  📊 Iteration 4/10 for Belcastro klev2 k=3...
    Passes: 3, Time/Memory: 12.06,17480, Output: ['3']
  📊 Iteration 4/10 for Belcastro klev2 k=7...
    Passes: 3, Time/Memory: 10.92,12364, Output: ['3']
  📊 Iteration 5/10 for Belcastro klev2 k=3...
    Passes: 3, Time/Memory: 11.25,13348, Output: ['3']
  📊 Iteration 5/10 for Belcastro klev2 k=4...
    Passes: 3, Time/Memory: 10.76,17468, Output: ['3']
  📊 Iteration 5/10 for Belcastro klev2 k=7...
    Passes: 3, Time/Memory: 11.30,12348, Output: ['3']
  📊 Iteration 6/10 for Belcastro klev2 k=3...
    Passes: 3, Time/Memory: 11.48,13348, Output: ['3']
  📊 Iteration 6/10 for Belcastro klev2 k=4...
    Passes: 3, Time/Memory: 11.73,17440, Output: ['3']
  📊 Iteration 6/10 for Belcastro klev2 k=7...
    Passes: 3, Time/Memory: 10.87,12324, Output: ['3']
  📊 Iteration 7/10 for Belcastro klev2 k=3...
    Passes: 3, Time/Memory: 11.46,13348, Output: ['3']
  📊 Iteration 7/10 for Belcastro klev2 k=4...
    Passes: 3, Time/Memory: 10.81,17444, Output: ['3']
  📊 Iteration 7/10 for Belcastro klev2 k=7...
    Passes: 3, Time/Memory: 10.92,12332, Output: ['3']
  📊 Iteration 8/10 for Belcastro klev2 k=3...
    Passes: 3, Time/Memory: 10.96,13396, Output: ['3']
  📊 Iteration 8/10 for Belcastro klev2 k=4...
    Passes: 3, Time/Memory: 11.08,17444, Output: ['3']
  📊 Iteration 8/10 for Belcastro klev2 k=7...
    Passes: 3, Time/Memory: 11.28,12320, Output: ['3']
  📊 Iteration 9/10 for Belcastro klev2 k=3...
    Passes: 3, Time/Memory: 11.41,13348, Output: ['3']
  📊 Iteration 9/10 for Belcastro klev2 k=4...
    Passes: 3, Time/Memory: 11.28,16420, Output: ['3']
  📊 Iteration 9/10 for Belcastro klev2 k=7...
    Passes: 3, Time/Memory: 11.26,12320, Output: ['3']
  📊 Iteration 10/10 for Belcastro klev2 k=3...
    Passes: 3, Time/Memory: 11.41,13348, Output: ['3']
  📊 Iteration 10/10 for Belcastro klev2 k=4...
    Passes: 3, Time/Memory: 11.41,17444, Output: ['3']
  📊 Iteration 10/10 for Belcastro klev2 k=7...
    Passes: 3, Time/Memory: 10.87,12324, Output: ['3']
✅ Completed Belcastro klev2 k=3: 11.09s, 12132.0KB
✅ [1/3] Completed Belcastro klev2 k=3
    Passes: 3, Time/Memory: 11.79,13348, Output: ['3']
✅ Completed Belcastro klev2 k=4: 11.29s, 13352.8KB
✅ [2/3] Completed Belcastro klev2 k=4
    Passes: 3, Time/Memory: 11.06,17444, Output: ['3']
✅ Completed Belcastro klev2 k=7: 11.35s, 17347.2KB
✅ [3/3] Completed Belcastro klev2 k=7

🏁 All experiments completed!
✅ Successful: 3
❌ Failed: 0
📁 Results saved in ./results/real/average_concurrent_runs
