🎯 Total configurations to run: 1
🔄 Running with 36 parallel workers
🚀 Running Twitch with klev1, k=41, iterations=30, file=5
  📊 Iteration 1/30 for Twitch klev1 k=41...
    Passes: 1, Time/Memory: 2.29,169924, Output: ['1']
  📊 Iteration 2/30 for Twitch klev1 k=41...
    Passes: 1, Time/Memory: 2.28,169884, Output: ['1']
  📊 Iteration 3/30 for Twitch klev1 k=41...
    Passes: 1, Time/Memory: 2.28,169856, Output: ['1']
  📊 Iteration 4/30 for Twitch klev1 k=41...
    Passes: 1, Time/Memory: 2.28,169856, Output: ['1']
  📊 Iteration 5/30 for Twitch klev1 k=41...
    Passes: 1, Time/Memory: 2.29,169856, Output: ['1']
  📊 Iteration 6/30 for Twitch klev1 k=41...
    Passes: 1, Time/Memory: 2.30,169884, Output: ['1']
  📊 Iteration 7/30 for Twitch klev1 k=41...
    Passes: 1, Time/Memory: 2.30,169868, Output: ['1']
  📊 Iteration 8/30 for Twitch klev1 k=41...
    Passes: 1, Time/Memory: 2.28,169856, Output: ['1']
  📊 Iteration 9/30 for Twitch klev1 k=41...
    Passes: 1, Time/Memory: 2.29,169900, Output: ['1']
  📊 Iteration 10/30 for Twitch klev1 k=41...
    Passes: 1, Time/Memory: 2.30,169880, Output: ['1']
  📊 Iteration 11/30 for Twitch klev1 k=41...
    Passes: 1, Time/Memory: 2.30,169856, Output: ['1']
  📊 Iteration 12/30 for Twitch klev1 k=41...
    Passes: 1, Time/Memory: 2.28,169856, Output: ['1']
  📊 Iteration 13/30 for Twitch klev1 k=41...
    Passes: 1, Time/Memory: 2.26,169856, Output: ['1']
  📊 Iteration 14/30 for Twitch klev1 k=41...
    Passes: 1, Time/Memory: 2.27,169856, Output: ['1']
  📊 Iteration 15/30 for Twitch klev1 k=41...
    Passes: 1, Time/Memory: 2.29,169936, Output: ['1']
  📊 Iteration 16/30 for Twitch klev1 k=41...
    Passes: 1, Time/Memory: 2.29,169892, Output: ['1']
  📊 Iteration 17/30 for Twitch klev1 k=41...
    Passes: 1, Time/Memory: 2.28,169892, Output: ['1']
  📊 Iteration 18/30 for Twitch klev1 k=41...
    Passes: 1, Time/Memory: 2.26,169940, Output: ['1']
  📊 Iteration 19/30 for Twitch klev1 k=41...
    Passes: 1, Time/Memory: 2.25,169884, Output: ['1']
  📊 Iteration 20/30 for Twitch klev1 k=41...
    Passes: 1, Time/Memory: 2.23,169864, Output: ['1']
  📊 Iteration 21/30 for Twitch klev1 k=41...
    Passes: 1, Time/Memory: 2.26,169852, Output: ['1']
  📊 Iteration 22/30 for Twitch klev1 k=41...
    Passes: 1, Time/Memory: 2.29,169856, Output: ['1']
  📊 Iteration 23/30 for Twitch klev1 k=41...
    Passes: 1, Time/Memory: 2.29,169864, Output: ['1']
  📊 Iteration 24/30 for Twitch klev1 k=41...
    Passes: 1, Time/Memory: 2.29,169856, Output: ['1']
  📊 Iteration 25/30 for Twitch klev1 k=41...
    Passes: 1, Time/Memory: 2.29,169908, Output: ['1']
  📊 Iteration 26/30 for Twitch klev1 k=41...
    Passes: 1, Time/Memory: 2.26,169888, Output: ['1']
  📊 Iteration 27/30 for Twitch klev1 k=41...
    Passes: 1, Time/Memory: 2.26,170020, Output: ['1']
  📊 Iteration 28/30 for Twitch klev1 k=41...
    Passes: 1, Time/Memory: 2.24,168916, Output: ['1']
  📊 Iteration 29/30 for Twitch klev1 k=41...
    Passes: 1, Time/Memory: 2.28,169856, Output: ['1']
  📊 Iteration 30/30 for Twitch klev1 k=41...
    Passes: 1, Time/Memory: 2.27,169856, Output: ['1']
✅ Completed Twitch klev1 k=41: 2.28s, 169848.93KB
✅ [1/1] Completed Twitch klev1 k=C

🏁 All experiments completed!
✅ Successful: 1
❌ Failed: 0
📁 Results saved in ./results/real/average_concurrent_runs
