🎯 Total configurations to run: 1
🔄 Running with 24 parallel workers
🚀 Running Orkut with kpath1, k=2, iterations=10, file=3
  📊 Iteration 1/10 for Orkut kpath1 k=2...
    Passes: 132, Time/Memory: 14155.34,1601132, Output: ['132']
  📊 Iteration 2/10 for Orkut kpath1 k=2...
    Passes: 132, Time/Memory: 14307.16,1601132, Output: ['132']
  📊 Iteration 3/10 for Orkut kpath1 k=2...
    Passes: 132, Time/Memory: 14265.00,1601132, Output: ['132']
  📊 Iteration 4/10 for Orkut kpath1 k=2...
    Passes: 132, Time/Memory: 14275.92,1600172, Output: ['132']
  📊 Iteration 5/10 for Orkut kpath1 k=2...
    Passes: 132, Time/Memory: 14268.36,1601136, Output: ['132']
  📊 Iteration 6/10 for Orkut kpath1 k=2...
    Passes: 132, Time/Memory: 14243.07,1601132, Output: ['132']
  📊 Iteration 7/10 for Orkut kpath1 k=2...
    Passes: 132, Time/Memory: 14213.16,1600548, Output: ['132']
  📊 Iteration 8/10 for Orkut kpath1 k=2...
    Passes: 132, Time/Memory: 14254.14,1601132, Output: ['132']
  📊 Iteration 9/10 for Orkut kpath1 k=2...
    Passes: 132, Time/Memory: 14341.16,1601132, Output: ['132']
  📊 Iteration 10/10 for Orkut kpath1 k=2...
    Passes: 132, Time/Memory: 14356.26,1601132, Output: ['132']
✅ Completed Orkut kpath1 k=2: 14267.96s, 1600978.0KB
✅ [1/1] Completed Orkut kpath1 k=2

🏁 All experiments completed!
✅ Successful: 1
❌ Failed: 0
📁 Results saved in ./results/real/average_concurrent_runs
