🎯 Total configurations to run: 3
🔄 Running with 36 parallel workers
🚀 Running Twitch with kpath1, k=4, iterations=12, file=3
  📊 Iteration 1/12 for Twitch kpath1 k=4...
🚀 Running Twitch with kpath1, k=3, iterations=12, file=4
  📊 Iteration 1/12 for Twitch kpath1 k=3...
🚀 Running Twitch with kpath1, k=2, iterations=12, file=5
  📊 Iteration 1/12 for Twitch kpath1 k=2...
    Passes: 12, Time/Memory: 46.48,115244, Output: ['12']
  📊 Iteration 2/12 for Twitch kpath1 k=4...
    Passes: 17, Time/Memory: 60.80,99480, Output: ['17']
  📊 Iteration 2/12 for Twitch kpath1 k=3...
    Passes: 12, Time/Memory: 47.74,113316, Output: ['12']
  📊 Iteration 3/12 for Twitch kpath1 k=4...
    Passes: 40, Time/Memory: 109.84,90964, Output: ['40']
  📊 Iteration 2/12 for Twitch kpath1 k=2...
    Passes: 17, Time/Memory: 63.04,99476, Output: ['17']
  📊 Iteration 3/12 for Twitch kpath1 k=3...
    Passes: 12, Time/Memory: 48.88,114404, Output: ['12']
  📊 Iteration 4/12 for Twitch kpath1 k=4...
    Passes: 17, Time/Memory: 59.86,99476, Output: ['17']
  📊 Iteration 4/12 for Twitch kpath1 k=3...
    Passes: 12, Time/Memory: 50.29,116276, Output: ['12']
  📊 Iteration 5/12 for Twitch kpath1 k=4...
    Passes: 40, Time/Memory: 101.28,91320, Output: ['40']
  📊 Iteration 3/12 for Twitch kpath1 k=2...
    Passes: 17, Time/Memory: 56.31,99600, Output: ['17']
  📊 Iteration 5/12 for Twitch kpath1 k=3...
    Passes: 12, Time/Memory: 49.17,115248, Output: ['12']
  📊 Iteration 6/12 for Twitch kpath1 k=4...
    Passes: 12, Time/Memory: 50.01,114316, Output: ['12']
  📊 Iteration 7/12 for Twitch kpath1 k=4...
    Passes: 17, Time/Memory: 56.96,99496, Output: ['17']
  📊 Iteration 6/12 for Twitch kpath1 k=3...
    Passes: 40, Time/Memory: 108.41,91264, Output: ['40']
  📊 Iteration 4/12 for Twitch kpath1 k=2...
    Passes: 12, Time/Memory: 48.38,115252, Output: ['12']
  📊 Iteration 8/12 for Twitch kpath1 k=4...
    Passes: 17, Time/Memory: 60.65,99484, Output: ['17']
  📊 Iteration 7/12 for Twitch kpath1 k=3...
    Passes: 12, Time/Memory: 46.58,115248, Output: ['12']
  📊 Iteration 9/12 for Twitch kpath1 k=4...
    Passes: 17, Time/Memory: 59.39,99476, Output: ['17']
  📊 Iteration 8/12 for Twitch kpath1 k=3...
    Passes: 40, Time/Memory: 102.12,91144, Output: ['40']
  📊 Iteration 5/12 for Twitch kpath1 k=2...
    Passes: 12, Time/Memory: 47.23,114376, Output: ['12']
  📊 Iteration 10/12 for Twitch kpath1 k=4...
    Passes: 17, Time/Memory: 59.35,99608, Output: ['17']
  📊 Iteration 9/12 for Twitch kpath1 k=3...
    Passes: 12, Time/Memory: 47.31,114360, Output: ['12']
  📊 Iteration 11/12 for Twitch kpath1 k=4...
    Passes: 40, Time/Memory: 110.10,91208, Output: ['40']
  📊 Iteration 6/12 for Twitch kpath1 k=2...
    Passes: 12, Time/Memory: 49.17,115248, Output: ['12']
  📊 Iteration 12/12 for Twitch kpath1 k=4...
    Passes: 17, Time/Memory: 56.46,99656, Output: ['17']
  📊 Iteration 10/12 for Twitch kpath1 k=3...
    Passes: 12, Time/Memory: 45.89,115412, Output: ['12']
✅ Completed Twitch kpath1 k=4: 48.09s, 114891.67KB
✅ [1/3] Completed Twitch kpath1 k=4
    Passes: 17, Time/Memory: 56.83,98576, Output: ['17']
  📊 Iteration 11/12 for Twitch kpath1 k=3...
    Passes: 17, Time/Memory: 56.90,99480, Output: ['17']
  📊 Iteration 12/12 for Twitch kpath1 k=3...
    Passes: 40, Time/Memory: 123.02,91048, Output: ['40']
  📊 Iteration 7/12 for Twitch kpath1 k=2...
    Passes: 17, Time/Memory: 55.32,98564, Output: ['17']
✅ Completed Twitch kpath1 k=3: 58.49s, 99364.33KB
✅ [2/3] Completed Twitch kpath1 k=3
    Passes: 40, Time/Memory: 110.35,91164, Output: ['40']
  📊 Iteration 8/12 for Twitch kpath1 k=2...
    Passes: 40, Time/Memory: 107.10,91032, Output: ['40']
  📊 Iteration 9/12 for Twitch kpath1 k=2...
    Passes: 40, Time/Memory: 107.25,91000, Output: ['40']
  📊 Iteration 10/12 for Twitch kpath1 k=2...
    Passes: 40, Time/Memory: 101.99,91220, Output: ['40']
  📊 Iteration 11/12 for Twitch kpath1 k=2...
    Passes: 40, Time/Memory: 100.92,91144, Output: ['40']
  📊 Iteration 12/12 for Twitch kpath1 k=2...
    Passes: 40, Time/Memory: 101.82,91148, Output: ['40']
✅ Completed Twitch kpath1 k=2: 107.02s, 91138.0KB
✅ [3/3] Completed Twitch kpath1 k=2

🏁 All experiments completed!
✅ Successful: 3
❌ Failed: 0
📁 Results saved in ./results/real/average_concurrent_runs
