🎯 Total configurations to run: 8
🔄 Running with 24 parallel workers
🚀 Running Orkut with kpath1, k=6, iterations=10, file=2
  📊 Iteration 1/10 for Orkut kpath1 k=6...
🚀 Running Orkut with kpath2, k=4, iterations=3, file=3
  📊 Iteration 1/3 for Orkut kpath2 k=4...
🚀 Running Orkut with kpath1, k=9, iterations=4, file=5
  📊 Iteration 1/4 for Orkut kpath1 k=9...
🚀 Running Orkut with kpath1, k=5, iterations=10, file=6
  📊 Iteration 1/10 for Orkut kpath1 k=5...
🚀 Running Orkut with kpath1, k=4, iterations=10, file=7
  📊 Iteration 1/10 for Orkut kpath1 k=4...
🚀 Running Orkut with kpath1, k=3, iterations=10, file=8
  📊 Iteration 1/10 for Orkut kpath1 k=3...
🚀 Running LiveJournal with klevN, k=2, iterations=3, file=5
  📊 Iteration 1/3 for LiveJournal klevN k=2...
🚀 Running LiveJournal with klev2, k=1, iterations=10, file=8
  📊 Iteration 1/10 for LiveJournal klev2 k=1...
    Passes: 8, Time/Memory: 8514.44,3578316, Output: ['8']
  📊 Iteration 2/4 for Orkut kpath1 k=9...
    Passes: 15, Time/Memory: 9884.79,2237532, Output: ['15']
  📊 Iteration 2/3 for Orkut kpath2 k=4...
    Passes: 8, Time/Memory: 8292.48,3578316, Output: ['8']
  📊 Iteration 3/4 for Orkut kpath1 k=9...
    Passes: 15, Time/Memory: 10305.01,2237468, Output: ['15']
  📊 Iteration 3/3 for Orkut kpath2 k=4...
    Passes: 8, Time/Memory: 8350.75,3579220, Output: ['8']
  📊 Iteration 4/4 for Orkut kpath1 k=9...
    Passes: 28, Time/Memory: 10238.72,1871648, Output: ['28']
  📊 Iteration 2/10 for Orkut kpath1 k=3...
    Passes: 4, Time/Memory: 28925.53,1953792, Output: ['4']
  📊 Iteration 2/10 for LiveJournal klev2 k=1...
    Passes: 4, Time/Memory: 29131.28,2333696, Output: ['4']
  📊 Iteration 2/3 for LiveJournal klevN k=2...
    Passes: 15, Time/Memory: 10008.50,2236672, Output: ['15']
✅ Completed Orkut kpath2 k=4: 10066.1s, 2237224.0KB
✅ [1/8] Completed Orkut kpath2 k=4
    Passes: 11, Time/Memory: 6984.23,2699292, Output: ['11']
  📊 Iteration 2/10 for Orkut kpath1 k=6...
    Passes: 8, Time/Memory: 8456.73,3577536, Output: ['8']
✅ Completed Orkut kpath1 k=9: 8403.6s, 3578347.0KB
✅ [2/8] Completed Orkut kpath1 k=9
    Passes: 14, Time/Memory: 8848.51,2403908, Output: ['14']
  📊 Iteration 2/10 for Orkut kpath1 k=5...
    Passes: 19, Time/Memory: 9102.58,2116796, Output: ['19']
  📊 Iteration 2/10 for Orkut kpath1 k=4...
    Passes: 28, Time/Memory: 9841.39,1876616, Output: ['28']
  📊 Iteration 3/10 for Orkut kpath1 k=3...
    Passes: 4, Time/Memory: 28812.52,1954816, Output: ['4']
  📊 Iteration 3/10 for LiveJournal klev2 k=1...
    Passes: 4, Time/Memory: 28783.53,2333696, Output: ['4']
  📊 Iteration 3/3 for LiveJournal klevN k=2...
    Passes: 11, Time/Memory: 6907.48,2699644, Output: ['11']
  📊 Iteration 3/10 for Orkut kpath1 k=6...
    Passes: 28, Time/Memory: 10028.59,1876616, Output: ['28']
  📊 Iteration 4/10 for Orkut kpath1 k=3...
    Passes: 14, Time/Memory: 8683.83,2399120, Output: ['14']
  📊 Iteration 3/10 for Orkut kpath1 k=5...
    Passes: 19, Time/Memory: 8981.35,2109188, Output: ['19']
  📊 Iteration 3/10 for Orkut kpath1 k=4...
    Passes: 4, Time/Memory: 28860.05,1953792, Output: ['4']
  📊 Iteration 4/10 for LiveJournal klev2 k=1...
    Passes: 4, Time/Memory: 29095.44,2333696, Output: ['4']
✅ Completed LiveJournal klevN k=2: 29003.42s, 2333696.0KB
✅ [3/8] Completed LiveJournal klevN k=2
    Passes: 11, Time/Memory: 6933.04,2699620, Output: ['11']
  📊 Iteration 4/10 for Orkut kpath1 k=6...
    Passes: 28, Time/Memory: 10049.16,1871224, Output: ['28']
  📊 Iteration 5/10 for Orkut kpath1 k=3...
    Passes: 4, Time/Memory: 28229.73,1953792, Output: ['4']
  📊 Iteration 5/10 for LiveJournal klev2 k=1...
    Passes: 14, Time/Memory: 8661.58,2400904, Output: ['14']
  📊 Iteration 4/10 for Orkut kpath1 k=5...
    Passes: 19, Time/Memory: 9082.56,2109176, Output: ['19']
  📊 Iteration 4/10 for Orkut kpath1 k=4...
    Passes: 11, Time/Memory: 6758.70,2699168, Output: ['11']
  📊 Iteration 5/10 for Orkut kpath1 k=6...
    Passes: 28, Time/Memory: 9897.91,1871844, Output: ['28']
  📊 Iteration 6/10 for Orkut kpath1 k=3...
    Passes: 4, Time/Memory: 28401.06,1954816, Output: ['4']
  📊 Iteration 6/10 for LiveJournal klev2 k=1...
    Passes: 11, Time/Memory: 6842.01,2699680, Output: ['11']
  📊 Iteration 6/10 for Orkut kpath1 k=6...
    Passes: 28, Time/Memory: 9873.14,1873276, Output: ['28']
  📊 Iteration 7/10 for Orkut kpath1 k=3...
    Passes: 14, Time/Memory: 8658.84,2405364, Output: ['14']
  📊 Iteration 5/10 for Orkut kpath1 k=5...
    Passes: 19, Time/Memory: 8982.72,2115840, Output: ['19']
  📊 Iteration 5/10 for Orkut kpath1 k=4...
    Passes: 4, Time/Memory: 28415.88,1954816, Output: ['4']
  📊 Iteration 7/10 for LiveJournal klev2 k=1...
    Passes: 28, Time/Memory: 9938.55,1870492, Output: ['28']
  📊 Iteration 8/10 for Orkut kpath1 k=3...
    Passes: 11, Time/Memory: 6860.04,2698064, Output: ['11']
  📊 Iteration 7/10 for Orkut kpath1 k=6...
    Passes: 4, Time/Memory: 28028.71,1952768, Output: ['4']
  📊 Iteration 8/10 for LiveJournal klev2 k=1...
    Passes: 14, Time/Memory: 8750.23,2405164, Output: ['14']
  📊 Iteration 6/10 for Orkut kpath1 k=5...
    Passes: 19, Time/Memory: 9078.54,2109720, Output: ['19']
  📊 Iteration 6/10 for Orkut kpath1 k=4...
    Passes: 28, Time/Memory: 9903.15,1876400, Output: ['28']
  📊 Iteration 9/10 for Orkut kpath1 k=3...
    Passes: 4, Time/Memory: 28089.03,1953792, Output: ['4']
  📊 Iteration 9/10 for LiveJournal klev2 k=1...
    Passes: 11, Time/Memory: 6803.56,2698916, Output: ['11']
  📊 Iteration 8/10 for Orkut kpath1 k=6...
    Passes: 28, Time/Memory: 9834.04,1876200, Output: ['28']
  📊 Iteration 10/10 for Orkut kpath1 k=3...
    Passes: 14, Time/Memory: 8760.51,2404592, Output: ['14']
  📊 Iteration 7/10 for Orkut kpath1 k=5...
    Passes: 4, Time/Memory: 28281.11,1953792, Output: ['4']
  📊 Iteration 10/10 for LiveJournal klev2 k=1...
    Passes: 19, Time/Memory: 8955.67,2115648, Output: ['19']
  📊 Iteration 7/10 for Orkut kpath1 k=4...
    Passes: 11, Time/Memory: 6816.09,2698424, Output: ['11']
  📊 Iteration 9/10 for Orkut kpath1 k=6...
    Passes: 28, Time/Memory: 9882.97,1870816, Output: ['28']
✅ Completed Orkut kpath1 k=3: 9948.76s, 1873513.2KB
✅ [4/8] Completed Orkut kpath1 k=3
    Passes: 4, Time/Memory: 28125.77,1952768, Output: ['4']
✅ Completed LiveJournal klev2 k=1: 28416.94s, 1953894.4KB
✅ [5/8] Completed LiveJournal klev2 k=1
    Passes: 14, Time/Memory: 8742.34,2401780, Output: ['14']
  📊 Iteration 8/10 for Orkut kpath1 k=5...
    Passes: 11, Time/Memory: 6901.63,2699412, Output: ['11']
  📊 Iteration 10/10 for Orkut kpath1 k=6...
    Passes: 19, Time/Memory: 9057.77,2114352, Output: ['19']
  📊 Iteration 8/10 for Orkut kpath1 k=4...
    Passes: 11, Time/Memory: 6786.35,2698580, Output: ['11']
✅ Completed Orkut kpath1 k=6: 6859.31s, 2699080.0KB
✅ [6/8] Completed Orkut kpath1 k=6
    Passes: 14, Time/Memory: 8958.82,2402488, Output: ['14']
  📊 Iteration 9/10 for Orkut kpath1 k=5...
    Passes: 19, Time/Memory: 8846.89,2114428, Output: ['19']
  📊 Iteration 9/10 for Orkut kpath1 k=4...
    Passes: 14, Time/Memory: 8914.01,2400552, Output: ['14']
  📊 Iteration 10/10 for Orkut kpath1 k=5...
    Passes: 19, Time/Memory: 9199.43,2107176, Output: ['19']
  📊 Iteration 10/10 for Orkut kpath1 k=4...
    Passes: 14, Time/Memory: 8701.14,2403832, Output: ['14']
✅ Completed Orkut kpath1 k=5: 8767.98s, 2402770.4KB
✅ [7/8] Completed Orkut kpath1 k=5
    Passes: 19, Time/Memory: 8973.99,2114360, Output: ['19']
✅ Completed Orkut kpath1 k=4: 9026.15s, 2112668.4KB
✅ [8/8] Completed Orkut kpath1 k=4

🏁 All experiments completed!
✅ Successful: 8
❌ Failed: 0
📁 Results saved in ./results/real/average_concurrent_runs
