🎯 Total configurations to run: 7
🔄 Running with 36 parallel workers
🚀 Running LiveJournal with klev0, k=4, iterations=2, file=1
  📊 Iteration 1/2 for LiveJournal klev0 k=4...
🚀 Running LiveJournal with klev0, k=1, iterations=3, file=2
  📊 Iteration 1/3 for LiveJournal klev0 k=1...
🚀 Running LiveJournal with klev0, k=3, iterations=2, file=3
  📊 Iteration 1/2 for LiveJournal klev0 k=3...
🚀 Running LiveJournal with klev0, k=2, iterations=10, file=4
  📊 Iteration 1/10 for LiveJournal klev0 k=2...
🚀 Running LiveJournal with kpathN, k=8, iterations=3, file=5
  📊 Iteration 1/3 for LiveJournal kpathN k=8...
🚀 Running LiveJournal with kpathN, k=7, iterations=2, file=8
  📊 Iteration 1/2 for LiveJournal kpathN k=7...
🚀 Running KonectDblp with kpath0, k=10, iterations=2, file=8
  📊 Iteration 1/2 for KonectDblp kpath0 k=10...
    Passes: 3, Time/Memory: 18764.41,3904340, Output: ['3']
  📊 Iteration 2/2 for LiveJournal kpathN k=7...
    Passes: 3, Time/Memory: 26352.18,4287332, Output: ['3']
  📊 Iteration 2/3 for LiveJournal kpathN k=8...
    Passes: 6, Time/Memory: 32242.26,1671200, Output: ['6']
  📊 Iteration 2/3 for LiveJournal klev0 k=1...
    Passes: 6, Time/Memory: 32487.00,1669156, Output: ['6']
  📊 Iteration 2/10 for LiveJournal klev0 k=2...
    Passes: 6, Time/Memory: 32653.04,1670252, Output: ['6']
  📊 Iteration 2/2 for LiveJournal klev0 k=3...
    Passes: 6, Time/Memory: 32754.57,1668156, Output: ['6']
  📊 Iteration 2/2 for LiveJournal klev0 k=4...
    Passes: 3, Time/Memory: 17847.05,3904384, Output: ['3']
✅ Completed LiveJournal kpathN k=7: 18305.73s, 3904362.0KB
✅ [1/7] Completed LiveJournal kpathN k=7
    Passes: 2, Time/Memory: 10841.37,3877956, Output: ['2']
  📊 Iteration 2/2 for KonectDblp kpath0 k=10...
    Passes: 3, Time/Memory: 29311.21,4287296, Output: ['3']
  📊 Iteration 3/3 for LiveJournal kpathN k=8...
    Passes: 6, Time/Memory: 33885.39,1669156, Output: ['6']
  📊 Iteration 3/3 for LiveJournal klev0 k=1...
    Passes: 6, Time/Memory: 33778.72,1668132, Output: ['6']
✅ Completed LiveJournal klev0 k=3: 33215.88s, 1669192.0KB
✅ [2/7] Completed LiveJournal klev0 k=3
    Passes: 6, Time/Memory: 35024.44,1665136, Output: ['6']
  📊 Iteration 3/10 for LiveJournal klev0 k=2...
    Passes: 6, Time/Memory: 35088.24,1666084, Output: ['6']
✅ Completed LiveJournal klev0 k=4: 33921.4s, 1667120.0KB
✅ [3/7] Completed LiveJournal klev0 k=4
    Passes: 3, Time/Memory: 31659.72,4285448, Output: ['3']
✅ Completed LiveJournal kpathN k=8: 29107.7s, 4286692.0KB
✅ [4/7] Completed LiveJournal kpathN k=8
    Passes: 6, Time/Memory: 32793.95,1668132, Output: ['6']
✅ Completed LiveJournal klev0 k=1: 32973.87s, 1669496.0KB
✅ [5/7] Completed LiveJournal klev0 k=1
    Passes: 6, Time/Memory: 32877.24,1666084, Output: ['6']
  📊 Iteration 4/10 for LiveJournal klev0 k=2...
    Passes: 2, Time/Memory: 10915.80,3877928, Output: ['2']
✅ Completed KonectDblp kpath0 k=10: 10878.58s, 3877942.0KB
✅ [6/7] Completed KonectDblp kpath0 k=10
    Passes: 6, Time/Memory: 32958.88,1665060, Output: ['6']
  📊 Iteration 5/10 for LiveJournal klev0 k=2...
    Passes: 6, Time/Memory: 35953.91,1666084, Output: ['6']
  📊 Iteration 6/10 for LiveJournal klev0 k=2...
    Passes: 6, Time/Memory: 34209.49,1665084, Output: ['6']
  📊 Iteration 7/10 for LiveJournal klev0 k=2...
    Passes: 6, Time/Memory: 34159.33,1667108, Output: ['6']
  📊 Iteration 8/10 for LiveJournal klev0 k=2...
    Passes: 6, Time/Memory: 32929.54,1667108, Output: ['6']
  📊 Iteration 9/10 for LiveJournal klev0 k=2...
    Passes: 6, Time/Memory: 31474.50,1665060, Output: ['6']
  📊 Iteration 10/10 for LiveJournal klev0 k=2...
    Passes: 6, Time/Memory: 31159.73,1664036, Output: ['6']
✅ Completed LiveJournal klev0 k=2: 33323.41s, 1665991.6KB
✅ [7/7] Completed LiveJournal klev0 k=2

🏁 All experiments completed!
✅ Successful: 7
❌ Failed: 0
📁 Results saved in ./results/real/average_concurrent_runs
