🎯 Total configurations to run: 2
🔄 Running with 36 parallel workers
🚀 Running Twitch with kpath0, k=8, iterations=12, file=3
  📊 Iteration 1/12 for Twitch kpath0 k=8...
🚀 Running Twitch with kpath0, k=6, iterations=12, file=4
  📊 Iteration 1/12 for Twitch kpath0 k=6...
    Passes: 8, Time/Memory: 30.53,149000, Output: ['8']
  📊 Iteration 2/12 for Twitch kpath0 k=6...
    Passes: 7, Time/Memory: 39.12,181508, Output: ['7']
  📊 Iteration 2/12 for Twitch kpath0 k=8...
    Passes: 8, Time/Memory: 30.31,149312, Output: ['8']
  📊 Iteration 3/12 for Twitch kpath0 k=6...
    Passes: 7, Time/Memory: 40.74,181480, Output: ['7']
  📊 Iteration 3/12 for Twitch kpath0 k=8...
    Passes: 8, Time/Memory: 30.33,148872, Output: ['8']
  📊 Iteration 4/12 for Twitch kpath0 k=6...
    Passes: 7, Time/Memory: 39.22,180456, Output: ['7']
  📊 Iteration 4/12 for Twitch kpath0 k=8...
    Passes: 8, Time/Memory: 29.44,149052, Output: ['8']
  📊 Iteration 5/12 for Twitch kpath0 k=6...
    Passes: 8, Time/Memory: 35.92,148188, Output: ['8']
  📊 Iteration 6/12 for Twitch kpath0 k=6...
    Passes: 7, Time/Memory: 38.54,181572, Output: ['7']
  📊 Iteration 5/12 for Twitch kpath0 k=8...
    Passes: 8, Time/Memory: 29.46,148984, Output: ['8']
  📊 Iteration 7/12 for Twitch kpath0 k=6...
    Passes: 7, Time/Memory: 39.69,180580, Output: ['7']
  📊 Iteration 6/12 for Twitch kpath0 k=8...
    Passes: 8, Time/Memory: 29.12,149028, Output: ['8']
  📊 Iteration 8/12 for Twitch kpath0 k=6...
    Passes: 7, Time/Memory: 39.77,181480, Output: ['7']
  📊 Iteration 7/12 for Twitch kpath0 k=8...
    Passes: 8, Time/Memory: 28.15,149032, Output: ['8']
  📊 Iteration 9/12 for Twitch kpath0 k=6...
    Passes: 8, Time/Memory: 28.28,147852, Output: ['8']
  📊 Iteration 10/12 for Twitch kpath0 k=6...
    Passes: 7, Time/Memory: 39.97,182588, Output: ['7']
  📊 Iteration 8/12 for Twitch kpath0 k=8...
    Passes: 8, Time/Memory: 27.93,148876, Output: ['8']
  📊 Iteration 11/12 for Twitch kpath0 k=6...
    Passes: 7, Time/Memory: 40.06,181600, Output: ['7']
  📊 Iteration 9/12 for Twitch kpath0 k=8...
    Passes: 8, Time/Memory: 28.06,148484, Output: ['8']
  📊 Iteration 12/12 for Twitch kpath0 k=6...
    Passes: 7, Time/Memory: 38.14,181572, Output: ['7']
  📊 Iteration 10/12 for Twitch kpath0 k=8...
    Passes: 8, Time/Memory: 28.01,148904, Output: ['8']
✅ Completed Twitch kpath0 k=6: 29.63s, 148798.67KB
✅ [1/2] Completed Twitch kpath0 k=6
    Passes: 7, Time/Memory: 39.09,180472, Output: ['7']
  📊 Iteration 11/12 for Twitch kpath0 k=8...
    Passes: 7, Time/Memory: 37.96,180948, Output: ['7']
  📊 Iteration 12/12 for Twitch kpath0 k=8...
    Passes: 7, Time/Memory: 38.44,181480, Output: ['7']
✅ Completed Twitch kpath0 k=8: 39.23s, 181311.33KB
✅ [2/2] Completed Twitch kpath0 k=8

🏁 All experiments completed!
✅ Successful: 2
❌ Failed: 0
📁 Results saved in ./results/real/average_concurrent_runs
