🎯 Total configurations to run: 5
🔄 Running with 36 parallel workers
🚀 Running Belcastro with klevD, k=5, iterations=19, file=1
  📊 Iteration 1/19 for Belcastro klevD k=5...
🚀 Running Belcastro with klevD, k=3, iterations=19, file=3
  📊 Iteration 1/19 for Belcastro klevD k=3...
🚀 Running Belcastro with klevD, k=4, iterations=19, file=2
  📊 Iteration 1/19 for Belcastro klevD k=4...
🚀 Running Belcastro with klevD, k=2, iterations=19, file=4
  📊 Iteration 1/19 for Belcastro klevD k=2...
🚀 Running Belcastro with klevD, k=1, iterations=19, file=5
  📊 Iteration 1/19 for Belcastro klevD k=1...
      Passes: 4,  Height: 12595, Time/Memory: 13.03,10324
  📊 Iteration 2/19 for Belcastro klevD k=2...
      Passes: 4,  Height: 12595, Time/Memory: 13.12,14460
  📊 Iteration 2/19 for Belcastro klevD k=4...
      Passes: 4,  Height: 12595, Time/Memory: 13.17,12448
  📊 Iteration 2/19 for Belcastro klevD k=3...
      Passes: 4,  Height: 12595, Time/Memory: 13.16,9368
  📊 Iteration 2/19 for Belcastro klevD k=1...
      Passes: 4,  Height: 12595, Time/Memory: 13.22,15524
  📊 Iteration 2/19 for Belcastro klevD k=5...
      Passes: 4,  Height: 12595, Time/Memory: 13.14,11388
  📊 Iteration 3/19 for Belcastro klevD k=2...
      Passes: 4,  Height: 12595, Time/Memory: 13.15,12396
  📊 Iteration 3/19 for Belcastro klevD k=3...
      Passes: 4,  Height: 12595, Time/Memory: 13.17,13476
  📊 Iteration 3/19 for Belcastro klevD k=4...
      Passes: 4,  Height: 12595, Time/Memory: 13.17,8284
  📊 Iteration 3/19 for Belcastro klevD k=1...
      Passes: 4,  Height: 12595, Time/Memory: 13.78,13480
  📊 Iteration 3/19 for Belcastro klevD k=5...
      Passes: 4,  Height: 12595, Time/Memory: 12.99,11380
  📊 Iteration 4/19 for Belcastro klevD k=2...
      Passes: 4,  Height: 12595, Time/Memory: 13.19,12452
  📊 Iteration 4/19 for Belcastro klevD k=3...
      Passes: 4,  Height: 12595, Time/Memory: 13.31,13432
  📊 Iteration 4/19 for Belcastro klevD k=4...
      Passes: 4,  Height: 12595, Time/Memory: 13.22,8288
  📊 Iteration 4/19 for Belcastro klevD k=1...
      Passes: 4,  Height: 12595, Time/Memory: 13.39,15472
  📊 Iteration 4/19 for Belcastro klevD k=5...
      Passes: 4,  Height: 12595, Time/Memory: 13.22,10372
  📊 Iteration 5/19 for Belcastro klevD k=2...
      Passes: 4,  Height: 12595, Time/Memory: 13.06,12448
  📊 Iteration 5/19 for Belcastro klevD k=3...
      Passes: 4,  Height: 12595, Time/Memory: 13.18,13464
  📊 Iteration 5/19 for Belcastro klevD k=4...
      Passes: 4,  Height: 12595, Time/Memory: 13.52,9344
  📊 Iteration 5/19 for Belcastro klevD k=1...
      Passes: 4,  Height: 12595, Time/Memory: 13.34,15488
  📊 Iteration 5/19 for Belcastro klevD k=5...
      Passes: 4,  Height: 12595, Time/Memory: 13.11,12360
  📊 Iteration 6/19 for Belcastro klevD k=3...
      Passes: 4,  Height: 12595, Time/Memory: 13.26,10364
  📊 Iteration 6/19 for Belcastro klevD k=2...
      Passes: 4,  Height: 12595, Time/Memory: 13.24,14416
  📊 Iteration 6/19 for Belcastro klevD k=4...
      Passes: 4,  Height: 12595, Time/Memory: 13.18,10388
  📊 Iteration 6/19 for Belcastro klevD k=1...
      Passes: 4,  Height: 12595, Time/Memory: 13.15,15492
  📊 Iteration 6/19 for Belcastro klevD k=5...
      Passes: 4,  Height: 12595, Time/Memory: 13.10,12452
  📊 Iteration 7/19 for Belcastro klevD k=3...
      Passes: 4,  Height: 12595, Time/Memory: 13.29,10368
  📊 Iteration 7/19 for Belcastro klevD k=2...
      Passes: 4,  Height: 12595, Time/Memory: 13.27,13444
  📊 Iteration 7/19 for Belcastro klevD k=4...
      Passes: 4,  Height: 12595, Time/Memory: 13.14,9344
  📊 Iteration 7/19 for Belcastro klevD k=1...
      Passes: 4,  Height: 12595, Time/Memory: 13.11,15488
  📊 Iteration 7/19 for Belcastro klevD k=5...
      Passes: 4,  Height: 12595, Time/Memory: 13.10,12436
  📊 Iteration 8/19 for Belcastro klevD k=3...
      Passes: 4,  Height: 12595, Time/Memory: 13.17,11392
  📊 Iteration 8/19 for Belcastro klevD k=2...
      Passes: 4,  Height: 12595, Time/Memory: 13.13,14416
  📊 Iteration 8/19 for Belcastro klevD k=4...
      Passes: 4,  Height: 12595, Time/Memory: 13.19,9344
  📊 Iteration 8/19 for Belcastro klevD k=1...
      Passes: 4,  Height: 12595, Time/Memory: 13.23,15432
  📊 Iteration 8/19 for Belcastro klevD k=5...
      Passes: 4,  Height: 12595, Time/Memory: 13.08,12360
  📊 Iteration 9/19 for Belcastro klevD k=3...
      Passes: 4,  Height: 12595, Time/Memory: 13.25,10352
  📊 Iteration 9/19 for Belcastro klevD k=2...
      Passes: 4,  Height: 12595, Time/Memory: 13.15,13384
  📊 Iteration 9/19 for Belcastro klevD k=4...
      Passes: 4,  Height: 12595, Time/Memory: 13.18,9360
  📊 Iteration 9/19 for Belcastro klevD k=1...
      Passes: 4,  Height: 12595, Time/Memory: 13.35,14500
  📊 Iteration 9/19 for Belcastro klevD k=5...
      Passes: 4,  Height: 12595, Time/Memory: 13.33,12412
  📊 Iteration 10/19 for Belcastro klevD k=3...
      Passes: 4,  Height: 12595, Time/Memory: 13.07,11392
  📊 Iteration 10/19 for Belcastro klevD k=2...
      Passes: 4,  Height: 12595, Time/Memory: 13.15,13428
  📊 Iteration 10/19 for Belcastro klevD k=4...
      Passes: 4,  Height: 12595, Time/Memory: 12.99,10392
  📊 Iteration 10/19 for Belcastro klevD k=1...
      Passes: 4,  Height: 12595, Time/Memory: 13.25,15448
  📊 Iteration 10/19 for Belcastro klevD k=5...
      Passes: 4,  Height: 12595, Time/Memory: 13.14,12404
  📊 Iteration 11/19 for Belcastro klevD k=3...
      Passes: 4,  Height: 12595, Time/Memory: 13.34,10376
  📊 Iteration 11/19 for Belcastro klevD k=2...
      Passes: 4,  Height: 12595, Time/Memory: 13.26,14500
  📊 Iteration 11/19 for Belcastro klevD k=4...
      Passes: 4,  Height: 12595, Time/Memory: 13.20,10372
  📊 Iteration 11/19 for Belcastro klevD k=1...
      Passes: 4,  Height: 12595, Time/Memory: 13.11,14408
  📊 Iteration 11/19 for Belcastro klevD k=5...
      Passes: 4,  Height: 12595, Time/Memory: 13.27,12392
  📊 Iteration 12/19 for Belcastro klevD k=3...
      Passes: 4,  Height: 12595, Time/Memory: 13.02,9364
  📊 Iteration 12/19 for Belcastro klevD k=2...
      Passes: 4,  Height: 12595, Time/Memory: 13.13,9376
  📊 Iteration 12/19 for Belcastro klevD k=1...
      Passes: 4,  Height: 12595, Time/Memory: 13.24,14464
  📊 Iteration 12/19 for Belcastro klevD k=4...
      Passes: 4,  Height: 12595, Time/Memory: 13.28,15528
  📊 Iteration 12/19 for Belcastro klevD k=5...
      Passes: 4,  Height: 12595, Time/Memory: 13.15,12400
  📊 Iteration 13/19 for Belcastro klevD k=3...
      Passes: 4,  Height: 12595, Time/Memory: 13.29,10392
  📊 Iteration 13/19 for Belcastro klevD k=2...
      Passes: 4,  Height: 12595, Time/Memory: 13.25,14452
  📊 Iteration 13/19 for Belcastro klevD k=4...
      Passes: 4,  Height: 12595, Time/Memory: 13.33,10388
  📊 Iteration 13/19 for Belcastro klevD k=1...
      Passes: 4,  Height: 12595, Time/Memory: 13.43,13464
  📊 Iteration 13/19 for Belcastro klevD k=5...
      Passes: 4,  Height: 12595, Time/Memory: 13.23,12396
  📊 Iteration 14/19 for Belcastro klevD k=3...
      Passes: 4,  Height: 12595, Time/Memory: 13.20,11396
  📊 Iteration 14/19 for Belcastro klevD k=2...
      Passes: 4,  Height: 12595, Time/Memory: 13.26,9328
  📊 Iteration 14/19 for Belcastro klevD k=1...
      Passes: 4,  Height: 12595, Time/Memory: 13.33,12356
  📊 Iteration 14/19 for Belcastro klevD k=4...
      Passes: 4,  Height: 12595, Time/Memory: 13.55,14424
  📊 Iteration 14/19 for Belcastro klevD k=5...
      Passes: 4,  Height: 12595, Time/Memory: 13.33,12384
  📊 Iteration 15/19 for Belcastro klevD k=3...
      Passes: 4,  Height: 12595, Time/Memory: 13.32,11420
  📊 Iteration 15/19 for Belcastro klevD k=2...
      Passes: 4,  Height: 12595, Time/Memory: 13.13,9340
  📊 Iteration 15/19 for Belcastro klevD k=1...
      Passes: 4,  Height: 12595, Time/Memory: 13.59,14460
  📊 Iteration 15/19 for Belcastro klevD k=4...
      Passes: 4,  Height: 12595, Time/Memory: 13.48,15496
  📊 Iteration 15/19 for Belcastro klevD k=5...
      Passes: 4,  Height: 12595, Time/Memory: 13.44,11332
  📊 Iteration 16/19 for Belcastro klevD k=3...
      Passes: 4,  Height: 12595, Time/Memory: 13.39,9340
  📊 Iteration 16/19 for Belcastro klevD k=2...
      Passes: 4,  Height: 12595, Time/Memory: 13.40,10404
  📊 Iteration 16/19 for Belcastro klevD k=1...
      Passes: 4,  Height: 12595, Time/Memory: 13.50,12376
  📊 Iteration 16/19 for Belcastro klevD k=4...
      Passes: 4,  Height: 12595, Time/Memory: 13.42,15432
  📊 Iteration 16/19 for Belcastro klevD k=5...
      Passes: 4,  Height: 12595, Time/Memory: 13.27,11388
  📊 Iteration 17/19 for Belcastro klevD k=3...
      Passes: 4,  Height: 12595, Time/Memory: 13.14,9336
  📊 Iteration 17/19 for Belcastro klevD k=1...
      Passes: 4,  Height: 12595, Time/Memory: 13.54,11388
  📊 Iteration 17/19 for Belcastro klevD k=2...
      Passes: 4,  Height: 12595, Time/Memory: 13.49,12448
  📊 Iteration 17/19 for Belcastro klevD k=4...
      Passes: 4,  Height: 12595, Time/Memory: 13.51,15516
  📊 Iteration 17/19 for Belcastro klevD k=5...
      Passes: 4,  Height: 12595, Time/Memory: 13.39,12400
  📊 Iteration 18/19 for Belcastro klevD k=3...
      Passes: 4,  Height: 12595, Time/Memory: 13.20,9348
  📊 Iteration 18/19 for Belcastro klevD k=1...
      Passes: 4,  Height: 12595, Time/Memory: 13.26,11388
  📊 Iteration 18/19 for Belcastro klevD k=2...
      Passes: 4,  Height: 12595, Time/Memory: 13.23,13472
  📊 Iteration 18/19 for Belcastro klevD k=4...
      Passes: 4,  Height: 12595, Time/Memory: 13.31,15444
  📊 Iteration 18/19 for Belcastro klevD k=5...
      Passes: 4,  Height: 12595, Time/Memory: 13.42,11428
  📊 Iteration 19/19 for Belcastro klevD k=3...
      Passes: 4,  Height: 12595, Time/Memory: 13.18,9300
  📊 Iteration 19/19 for Belcastro klevD k=1...
      Passes: 4,  Height: 12595, Time/Memory: 13.11,11400
  📊 Iteration 19/19 for Belcastro klevD k=2...
      Passes: 4,  Height: 12595, Time/Memory: 13.45,14460
  📊 Iteration 19/19 for Belcastro klevD k=4...
      Passes: 4,  Height: 12595, Time/Memory: 13.52,15472
  📊 Iteration 19/19 for Belcastro klevD k=5...
      Passes: 4,  Height: 12595, Time/Memory: 12.97,11392
✅ Completed Belcastro klevD k=2: 13.2s, 10799.37KB
✅ [1/5] Completed Belcastro klevD k=2
      Passes: 4,  Height: 12595, Time/Memory: 13.11,9380
✅ Completed Belcastro klevD k=1: 13.2s, 9509.68KB
✅ [2/5] Completed Belcastro klevD k=1
      Passes: 4,  Height: 12595, Time/Memory: 13.45,12412
✅ Completed Belcastro klevD k=3: 13.23s, 12247.37KB
✅ [3/5] Completed Belcastro klevD k=3
      Passes: 4,  Height: 12595, Time/Memory: 13.43,14456
✅ Completed Belcastro klevD k=4: 13.29s, 13756.0KB
✅ [4/5] Completed Belcastro klevD k=4
      Passes: 4,  Height: 12595, Time/Memory: 13.45,15508
✅ Completed Belcastro klevD k=5: 13.36s, 15106.11KB
✅ [5/5] Completed Belcastro klevD k=5

🏁 All experiments completed!
✅ Successful: 5
❌ Failed: 0
📁 Results saved in ./results/real/average_concurrent_runs
