🎯 Total configurations to run: 1
🔄 Running with 36 parallel workers
🚀 Running Gowalla with klev0, k=10, iterations=10, file=2
  📊 Iteration 1/10 for Gowalla klev0 k=10...
    Passes: 6, Time/Memory: 67.29,74820, Output: ['6']
  📊 Iteration 2/10 for Gowalla klev0 k=10...
    Passes: 6, Time/Memory: 47.58,75852, Output: ['6']
  📊 Iteration 3/10 for Gowalla klev0 k=10...
    Passes: 6, Time/Memory: 47.70,75812, Output: ['6']
  📊 Iteration 4/10 for Gowalla klev0 k=10...
    Passes: 6, Time/Memory: 57.65,76836, Output: ['6']
  📊 Iteration 5/10 for Gowalla klev0 k=10...
    Passes: 6, Time/Memory: 59.63,75812, Output: ['6']
  📊 Iteration 6/10 for Gowalla klev0 k=10...
    Passes: 6, Time/Memory: 65.71,76836, Output: ['6']
  📊 Iteration 7/10 for Gowalla klev0 k=10...
    Passes: 6, Time/Memory: 52.51,75856, Output: ['6']
  📊 Iteration 8/10 for Gowalla klev0 k=10...
    Passes: 6, Time/Memory: 47.53,76852, Output: ['6']
  📊 Iteration 9/10 for Gowalla klev0 k=10...
    Passes: 6, Time/Memory: 47.27,76872, Output: ['6']
  📊 Iteration 10/10 for Gowalla klev0 k=10...
    Passes: 6, Time/Memory: 47.54,76868, Output: ['6']
✅ Completed Gowalla klev0 k=10: 54.04s, 76241.6KB
✅ [1/1] Completed Gowalla klev0 k=10

🏁 All experiments completed!
✅ Successful: 1
❌ Failed: 0
📁 Results saved in ./results/real/average_concurrent_runs
