🎯 Total configurations to run: 15
🔄 Running with 18 parallel workers
🚀 Running Belcastro with kpathC, k=8, iterations=10, file=7
  📊 Iteration 1/10 for Belcastro kpathC k=8...
🚀 Running Belcastro with kpathC, k=7, iterations=10, file=8
  📊 Iteration 1/10 for Belcastro kpathC k=7...
🚀 Running Belcastro with kpathC, k=6, iterations=10, file=9
  📊 Iteration 1/10 for Belcastro kpathC k=6...
🚀 Running Belcastro with kpathB, k=2, iterations=10, file=4
  📊 Iteration 1/10 for Belcastro kpathB k=2...
🚀 Running Belcastro with kpathC, k=644, iterations=10, file=5
  📊 Iteration 1/10 for Belcastro kpathC k=644...
🚀 Running Belcastro with kpathC, k=9, iterations=10, file=6
  📊 Iteration 1/10 for Belcastro kpathC k=9...
🚀 Running Twitch with klevA, k=4, iterations=10, file=1
  📊 Iteration 1/10 for Twitch klevA k=4...
🚀 Running Twitch with klevA, k=5, iterations=10, file=2
  📊 Iteration 1/10 for Twitch klevA k=5...
🚀 Running Twitch with klevA, k=6, iterations=10, file=3
  📊 Iteration 1/10 for Twitch klevA k=6...
🚀 Running Twitch with klevA, k=7, iterations=10, file=4
  📊 Iteration 1/10 for Twitch klevA k=7...
🚀 Running Twitch with klevA, k=8, iterations=10, file=5
  📊 Iteration 1/10 for Twitch klevA k=8...
🚀 Running Twitch with klevA, k=9, iterations=10, file=6
  📊 Iteration 1/10 for Twitch klevA k=9...
🚀 Running Twitch with klevA, k=10, iterations=10, file=7
  📊 Iteration 1/10 for Twitch klevA k=10...
🚀 Running Twitch with klevA, k=41, iterations=10, file=8
  📊 Iteration 1/10 for Twitch klevA k=41...
🚀 Running Twitch with klevD, k=1, iterations=10, file=9
  📊 Iteration 1/10 for Twitch klevD k=1...
      Passes: 1,  Height: 0, Time/Memory: 2.83,194640
  📊 Iteration 2/10 for Belcastro kpathC k=644...
      Passes: 1,  Height: 0, Time/Memory: 2.91,169960
  📊 Iteration 2/10 for Twitch klevA k=41...
      Passes: 1,  Height: 0, Time/Memory: 2.68,194680
  📊 Iteration 3/10 for Belcastro kpathC k=644...
      Passes: 1,  Height: 0, Time/Memory: 2.66,169960
  📊 Iteration 3/10 for Twitch klevA k=41...
      Passes: 1,  Height: 0, Time/Memory: 2.64,169928
  📊 Iteration 4/10 for Twitch klevA k=41...
      Passes: 1,  Height: 0, Time/Memory: 2.70,194676
  📊 Iteration 4/10 for Belcastro kpathC k=644...
      Passes: 1,  Height: 0, Time/Memory: 2.69,194680
  📊 Iteration 5/10 for Belcastro kpathC k=644...
      Passes: 1,  Height: 0, Time/Memory: 2.95,169116
  📊 Iteration 5/10 for Twitch klevA k=41...
      Passes: 1,  Height: 0, Time/Memory: 2.68,194668
  📊 Iteration 6/10 for Belcastro kpathC k=644...
      Passes: 1,  Height: 0, Time/Memory: 3.43,168008
  📊 Iteration 6/10 for Twitch klevA k=41...
      Passes: 1,  Height: 0, Time/Memory: 3.46,193712
  📊 Iteration 7/10 for Belcastro kpathC k=644...
      Passes: 1,  Height: 0, Time/Memory: 3.27,168996
  📊 Iteration 7/10 for Twitch klevA k=41...
      Passes: 1,  Height: 0, Time/Memory: 2.73,194668
  📊 Iteration 8/10 for Belcastro kpathC k=644...
      Passes: 1,  Height: 0, Time/Memory: 3.15,169004
  📊 Iteration 8/10 for Twitch klevA k=41...
      Passes: 1,  Height: 0, Time/Memory: 3.12,194728
  📊 Iteration 9/10 for Belcastro kpathC k=644...
      Passes: 1,  Height: 0, Time/Memory: 2.85,170128
  📊 Iteration 9/10 for Twitch klevA k=41...
      Passes: 1,  Height: 0, Time/Memory: 3.17,194680
  📊 Iteration 10/10 for Belcastro kpathC k=644...
      Passes: 1,  Height: 0, Time/Memory: 2.95,169948
  📊 Iteration 10/10 for Twitch klevA k=41...
      Passes: 1,  Height: 0, Time/Memory: 3.19,193676
✅ Completed Belcastro kpathC k=644: 2.92s, 194480.8KB
✅ [1/15] Completed Belcastro kpathC k=C
      Passes: 1,  Height: 0, Time/Memory: 2.84,169936
✅ Completed Twitch klevA k=41: 2.97s, 169498.4KB
✅ [2/15] Completed Twitch klevA k=C
      Passes: 5,  Height: 89480, Time/Memory: 40.41,86132
  📊 Iteration 2/10 for Twitch klevD k=1...
      Passes: 4,  Height: 89277, Time/Memory: 40.70,215144
  📊 Iteration 2/10 for Twitch klevA k=9...
      Passes: 4,  Height: 89088, Time/Memory: 41.30,134284
  📊 Iteration 2/10 for Twitch klevA k=4...
      Passes: 4,  Height: 89187, Time/Memory: 41.69,152652
  📊 Iteration 2/10 for Twitch klevA k=5...
      Passes: 4,  Height: 89026, Time/Memory: 42.87,198720
  📊 Iteration 2/10 for Twitch klevA k=8...
      Passes: 4,  Height: 89026, Time/Memory: 48.18,183368
  📊 Iteration 2/10 for Twitch klevA k=7...
      Passes: 4,  Height: 89183, Time/Memory: 49.54,230480
  📊 Iteration 2/10 for Twitch klevA k=10...
      Passes: 4,  Height: 89032, Time/Memory: 75.71,170104
  📊 Iteration 2/10 for Twitch klevA k=6...
      Passes: 5,  Height: 89480, Time/Memory: 38.53,90228
  📊 Iteration 3/10 for Twitch klevD k=1...
      Passes: 4,  Height: 89026, Time/Memory: 42.22,197700
  📊 Iteration 3/10 for Twitch klevA k=8...
      Passes: 4,  Height: 89187, Time/Memory: 43.88,149644
  📊 Iteration 3/10 for Twitch klevA k=5...
      Passes: 4,  Height: 89277, Time/Memory: 44.65,214172
  📊 Iteration 3/10 for Twitch klevA k=9...
      Passes: 4,  Height: 89088, Time/Memory: 50.56,134252
  📊 Iteration 3/10 for Twitch klevA k=4...
      Passes: 4,  Height: 89183, Time/Memory: 42.65,233596
  📊 Iteration 3/10 for Twitch klevA k=10...
      Passes: 4,  Height: 89026, Time/Memory: 43.97,184460
  📊 Iteration 3/10 for Twitch klevA k=7...
      Passes: 5,  Height: 89480, Time/Memory: 38.41,89172
  📊 Iteration 4/10 for Twitch klevD k=1...
      Passes: 4,  Height: 89032, Time/Memory: 42.76,169052
  📊 Iteration 3/10 for Twitch klevA k=6...
      Passes: 4,  Height: 89026, Time/Memory: 42.59,195672
  📊 Iteration 4/10 for Twitch klevA k=8...
      Passes: 4,  Height: 89187, Time/Memory: 45.10,149648
  📊 Iteration 4/10 for Twitch klevA k=5...
      Passes: 4,  Height: 89088, Time/Memory: 40.70,135256
  📊 Iteration 4/10 for Twitch klevA k=4...
      Passes: 4,  Height: 89026, Time/Memory: 41.13,182412
  📊 Iteration 4/10 for Twitch klevA k=7...
      Passes: 4,  Height: 89183, Time/Memory: 43.19,232568
  📊 Iteration 4/10 for Twitch klevA k=10...
      Passes: 51,  Height: 13389, Time/Memory: 136.47,18548
  📊 Iteration 2/10 for Belcastro kpathC k=9...
      Passes: 4,  Height: 89277, Time/Memory: 51.39,213112
  📊 Iteration 4/10 for Twitch klevA k=9...
      Passes: 57,  Height: 13366, Time/Memory: 147.03,17524
  📊 Iteration 2/10 for Belcastro kpathC k=8...
      Passes: 5,  Height: 89480, Time/Memory: 41.55,86136
  📊 Iteration 5/10 for Twitch klevD k=1...
      Passes: 64,  Height: 13374, Time/Memory: 162.84,16536
  📊 Iteration 2/10 for Belcastro kpathC k=7...
      Passes: 4,  Height: 89032, Time/Memory: 48.18,169064
  📊 Iteration 4/10 for Twitch klevA k=6...
      Passes: 4,  Height: 89187, Time/Memory: 43.55,152696
  📊 Iteration 5/10 for Twitch klevA k=5...
      Passes: 4,  Height: 89026, Time/Memory: 47.36,196728
  📊 Iteration 5/10 for Twitch klevA k=8...
      Passes: 4,  Height: 89088, Time/Memory: 45.39,133180
  📊 Iteration 5/10 for Twitch klevA k=4...
      Passes: 4,  Height: 89277, Time/Memory: 41.34,215152
  📊 Iteration 5/10 for Twitch klevA k=9...
      Passes: 4,  Height: 89026, Time/Memory: 46.70,183408
  📊 Iteration 5/10 for Twitch klevA k=7...
      Passes: 4,  Height: 89183, Time/Memory: 46.29,230528
  📊 Iteration 5/10 for Twitch klevA k=10...
      Passes: 74,  Height: 13331, Time/Memory: 187.03,14476
  📊 Iteration 2/10 for Belcastro kpathC k=6...
      Passes: 5,  Height: 89480, Time/Memory: 46.99,83080
  📊 Iteration 6/10 for Twitch klevD k=1...
      Passes: 4,  Height: 89032, Time/Memory: 47.54,169084
  📊 Iteration 5/10 for Twitch klevA k=6...
      Passes: 4,  Height: 89187, Time/Memory: 43.17,150668
  📊 Iteration 6/10 for Twitch klevA k=5...
      Passes: 4,  Height: 89026, Time/Memory: 42.52,197772
  📊 Iteration 6/10 for Twitch klevA k=8...
      Passes: 4,  Height: 89088, Time/Memory: 45.32,135272
  📊 Iteration 6/10 for Twitch klevA k=4...
      Passes: 4,  Height: 89183, Time/Memory: 46.73,231552
  📊 Iteration 6/10 for Twitch klevA k=10...
      Passes: 4,  Height: 89026, Time/Memory: 49.66,182392
  📊 Iteration 6/10 for Twitch klevA k=7...
      Passes: 4,  Height: 89277, Time/Memory: 53.21,213160
  📊 Iteration 6/10 for Twitch klevA k=9...
      Passes: 5,  Height: 89480, Time/Memory: 43.33,85116
  📊 Iteration 7/10 for Twitch klevD k=1...
      Passes: 4,  Height: 89187, Time/Memory: 40.14,150620
  📊 Iteration 7/10 for Twitch klevA k=5...
      Passes: 4,  Height: 89032, Time/Memory: 45.76,169072
  📊 Iteration 6/10 for Twitch klevA k=6...
      Passes: 4,  Height: 89088, Time/Memory: 43.82,131196
  📊 Iteration 7/10 for Twitch klevA k=4...
      Passes: 51,  Height: 13389, Time/Memory: 135.67,18548
  📊 Iteration 3/10 for Belcastro kpathC k=9...
      Passes: 4,  Height: 89026, Time/Memory: 42.81,181368
  📊 Iteration 7/10 for Twitch klevA k=7...
      Passes: 4,  Height: 89026, Time/Memory: 60.88,195704
  📊 Iteration 7/10 for Twitch klevA k=8...
      Passes: 4,  Height: 89183, Time/Memory: 55.83,227480
  📊 Iteration 7/10 for Twitch klevA k=10...
      Passes: 5,  Height: 89480, Time/Memory: 41.25,89204
  📊 Iteration 8/10 for Twitch klevD k=1...
      Passes: 57,  Height: 13366, Time/Memory: 148.19,17568
  📊 Iteration 3/10 for Belcastro kpathC k=8...
      Passes: 4,  Height: 89277, Time/Memory: 64.80,213112
  📊 Iteration 7/10 for Twitch klevA k=9...
      Passes: 4,  Height: 89187, Time/Memory: 43.51,146536
  📊 Iteration 8/10 for Twitch klevA k=5...
      Passes: 4,  Height: 89032, Time/Memory: 45.02,167020
  📊 Iteration 7/10 for Twitch klevA k=6...
      Passes: 4,  Height: 89088, Time/Memory: 43.50,134256
  📊 Iteration 8/10 for Twitch klevA k=4...
      Passes: 4,  Height: 89026, Time/Memory: 41.05,197708
  📊 Iteration 8/10 for Twitch klevA k=8...
      Passes: 4,  Height: 89026, Time/Memory: 45.86,183420
  📊 Iteration 8/10 for Twitch klevA k=7...
      Passes: 64,  Height: 13374, Time/Memory: 161.84,16468
  📊 Iteration 3/10 for Belcastro kpathC k=7...
      Passes: 4,  Height: 89183, Time/Memory: 47.35,230548
  📊 Iteration 8/10 for Twitch klevA k=10...
      Passes: 5,  Height: 89480, Time/Memory: 43.80,86192
  📊 Iteration 9/10 for Twitch klevD k=1...
      Passes: 4,  Height: 89277, Time/Memory: 43.89,211060
  📊 Iteration 8/10 for Twitch klevA k=9...
      Passes: 4,  Height: 89187, Time/Memory: 48.04,150680
  📊 Iteration 9/10 for Twitch klevA k=5...
      Passes: 4,  Height: 89088, Time/Memory: 40.94,134304
  📊 Iteration 9/10 for Twitch klevA k=4...
      Passes: 4,  Height: 89032, Time/Memory: 48.18,170100
  📊 Iteration 8/10 for Twitch klevA k=6...
      Passes: 4,  Height: 89026, Time/Memory: 41.83,199800
  📊 Iteration 9/10 for Twitch klevA k=8...
      Passes: 4,  Height: 89026, Time/Memory: 46.58,182340
  📊 Iteration 9/10 for Twitch klevA k=7...
      Passes: 4,  Height: 89183, Time/Memory: 43.45,231488
  📊 Iteration 9/10 for Twitch klevA k=10...
      Passes: 5,  Height: 89480, Time/Memory: 43.32,89168
  📊 Iteration 10/10 for Twitch klevD k=1...
      Passes: 74,  Height: 13331, Time/Memory: 192.34,14420
  📊 Iteration 3/10 for Belcastro kpathC k=6...
      Passes: 4,  Height: 89277, Time/Memory: 46.65,212076
  📊 Iteration 9/10 for Twitch klevA k=9...
      Passes: 4,  Height: 89187, Time/Memory: 41.53,151672
  📊 Iteration 10/10 for Twitch klevA k=5...
      Passes: 4,  Height: 89032, Time/Memory: 46.03,168020
  📊 Iteration 9/10 for Twitch klevA k=6...
      Passes: 4,  Height: 89088, Time/Memory: 50.43,136344
  📊 Iteration 10/10 for Twitch klevA k=4...
      Passes: 4,  Height: 89026, Time/Memory: 45.79,198772
  📊 Iteration 10/10 for Twitch klevA k=8...
      Passes: 51,  Height: 13389, Time/Memory: 132.74,18592
  📊 Iteration 4/10 for Belcastro kpathC k=9...
      Passes: 4,  Height: 89026, Time/Memory: 46.98,183408
  📊 Iteration 10/10 for Twitch klevA k=7...
      Passes: 5,  Height: 89480, Time/Memory: 44.10,86132
✅ Completed Twitch klevD k=1: 42.17s, 87056.0KB
✅ [3/15] Completed Twitch klevD k=1
      Passes: 4,  Height: 89183, Time/Memory: 46.35,231536
  📊 Iteration 10/10 for Twitch klevA k=10...
      Passes: 4,  Height: 89277, Time/Memory: 42.28,214136
  📊 Iteration 10/10 for Twitch klevA k=9...
      Passes: 57,  Height: 13366, Time/Memory: 140.05,17492
  📊 Iteration 4/10 for Belcastro kpathC k=8...
      Passes: 4,  Height: 89187, Time/Memory: 50.99,150664
✅ Completed Twitch klevA k=5: 44.16s, 150548.0KB
✅ [4/15] Completed Twitch klevA k=5
      Passes: 4,  Height: 89032, Time/Memory: 48.89,167036
  📊 Iteration 10/10 for Twitch klevA k=6...
      Passes: 4,  Height: 89026, Time/Memory: 41.27,199800
✅ Completed Twitch klevA k=8: 44.84s, 197837.6KB
✅ [5/15] Completed Twitch klevA k=8
      Passes: 4,  Height: 89088, Time/Memory: 48.94,136296
✅ Completed Twitch klevA k=4: 45.09s, 134464.0KB
✅ [6/15] Completed Twitch klevA k=4
      Passes: 4,  Height: 89026, Time/Memory: 44.59,182400
✅ Completed Twitch klevA k=7: 45.65s, 182897.6KB
✅ [7/15] Completed Twitch klevA k=7
      Passes: 4,  Height: 89183, Time/Memory: 42.84,231556
✅ Completed Twitch klevA k=10: 46.42s, 231133.2KB
✅ [8/15] Completed Twitch klevA k=10
      Passes: 4,  Height: 89277, Time/Memory: 54.62,213120
✅ Completed Twitch klevA k=9: 48.35s, 213424.4KB
✅ [9/15] Completed Twitch klevA k=9
      Passes: 4,  Height: 89032, Time/Memory: 40.01,169084
✅ Completed Twitch klevA k=6: 48.81s, 168763.6KB
✅ [10/15] Completed Twitch klevA k=6
      Passes: 64,  Height: 13374, Time/Memory: 169.90,16532
  📊 Iteration 4/10 for Belcastro kpathC k=7...
      Passes: 51,  Height: 13389, Time/Memory: 124.25,18580
  📊 Iteration 5/10 for Belcastro kpathC k=9...
      Passes: 74,  Height: 13331, Time/Memory: 177.76,14460
  📊 Iteration 4/10 for Belcastro kpathC k=6...
      Passes: 57,  Height: 13366, Time/Memory: 144.54,17536
  📊 Iteration 5/10 for Belcastro kpathC k=8...
      Passes: 244,  Height: 13217, Time/Memory: 619.01,9332
  📊 Iteration 2/10 for Belcastro kpathB k=2...
      Passes: 64,  Height: 13374, Time/Memory: 153.14,16504
  📊 Iteration 5/10 for Belcastro kpathC k=7...
      Passes: 51,  Height: 13389, Time/Memory: 125.48,18516
  📊 Iteration 6/10 for Belcastro kpathC k=9...
      Passes: 57,  Height: 13366, Time/Memory: 142.12,17492
  📊 Iteration 6/10 for Belcastro kpathC k=8...
      Passes: 74,  Height: 13331, Time/Memory: 181.67,14420
  📊 Iteration 5/10 for Belcastro kpathC k=6...
      Passes: 51,  Height: 13389, Time/Memory: 123.94,18552
  📊 Iteration 7/10 for Belcastro kpathC k=9...
      Passes: 64,  Height: 13374, Time/Memory: 158.62,16524
  📊 Iteration 6/10 for Belcastro kpathC k=7...
      Passes: 57,  Height: 13366, Time/Memory: 137.51,17556
  📊 Iteration 7/10 for Belcastro kpathC k=8...
      Passes: 51,  Height: 13389, Time/Memory: 124.26,18536
  📊 Iteration 8/10 for Belcastro kpathC k=9...
      Passes: 74,  Height: 13331, Time/Memory: 181.72,14428
  📊 Iteration 6/10 for Belcastro kpathC k=6...
      Passes: 64,  Height: 13374, Time/Memory: 157.42,16504
  📊 Iteration 7/10 for Belcastro kpathC k=7...
      Passes: 57,  Height: 13366, Time/Memory: 141.99,17532
  📊 Iteration 8/10 for Belcastro kpathC k=8...
      Passes: 51,  Height: 13389, Time/Memory: 129.30,18556
  📊 Iteration 9/10 for Belcastro kpathC k=9...
      Passes: 74,  Height: 13331, Time/Memory: 179.16,14452
  📊 Iteration 7/10 for Belcastro kpathC k=6...
      Passes: 64,  Height: 13374, Time/Memory: 158.07,16512
  📊 Iteration 8/10 for Belcastro kpathC k=7...
      Passes: 57,  Height: 13366, Time/Memory: 137.52,17484
  📊 Iteration 9/10 for Belcastro kpathC k=8...
      Passes: 51,  Height: 13389, Time/Memory: 129.66,18568
  📊 Iteration 10/10 for Belcastro kpathC k=9...
      Passes: 244,  Height: 13217, Time/Memory: 593.09,9328
  📊 Iteration 3/10 for Belcastro kpathB k=2...
      Passes: 57,  Height: 13366, Time/Memory: 138.59,17520
  📊 Iteration 10/10 for Belcastro kpathC k=8...
      Passes: 64,  Height: 13374, Time/Memory: 156.30,16492
  📊 Iteration 9/10 for Belcastro kpathC k=7...
      Passes: 74,  Height: 13331, Time/Memory: 183.64,14408
  📊 Iteration 8/10 for Belcastro kpathC k=6...
      Passes: 51,  Height: 13389, Time/Memory: 125.49,18568
✅ Completed Belcastro kpathC k=9: 128.73s, 18556.4KB
✅ [11/15] Completed Belcastro kpathC k=9
      Passes: 57,  Height: 13366, Time/Memory: 139.11,17480
✅ Completed Belcastro kpathC k=8: 141.67s, 17518.4KB
✅ [12/15] Completed Belcastro kpathC k=8
      Passes: 64,  Height: 13374, Time/Memory: 159.17,16536
  📊 Iteration 10/10 for Belcastro kpathC k=7...
      Passes: 74,  Height: 13331, Time/Memory: 177.89,14456
  📊 Iteration 9/10 for Belcastro kpathC k=6...
      Passes: 64,  Height: 13374, Time/Memory: 154.86,16500
✅ Completed Belcastro kpathC k=7: 159.22s, 16510.8KB
✅ [13/15] Completed Belcastro kpathC k=7
      Passes: 74,  Height: 13331, Time/Memory: 181.97,14484
  📊 Iteration 10/10 for Belcastro kpathC k=6...
      Passes: 74,  Height: 13331, Time/Memory: 183.02,14488
✅ Completed Belcastro kpathC k=6: 182.62s, 14449.2KB
✅ [14/15] Completed Belcastro kpathC k=6
      Passes: 244,  Height: 13217, Time/Memory: 614.48,9332
  📊 Iteration 4/10 for Belcastro kpathB k=2...
      Passes: 244,  Height: 13217, Time/Memory: 586.54,9332
  📊 Iteration 5/10 for Belcastro kpathB k=2...
      Passes: 244,  Height: 13217, Time/Memory: 584.29,9344
  📊 Iteration 6/10 for Belcastro kpathB k=2...
      Passes: 244,  Height: 13217, Time/Memory: 592.68,9320
  📊 Iteration 7/10 for Belcastro kpathB k=2...
      Passes: 244,  Height: 13217, Time/Memory: 586.04,9368
  📊 Iteration 8/10 for Belcastro kpathB k=2...
      Passes: 244,  Height: 13217, Time/Memory: 589.35,9328
  📊 Iteration 9/10 for Belcastro kpathB k=2...
      Passes: 244,  Height: 13217, Time/Memory: 592.71,9344
  📊 Iteration 10/10 for Belcastro kpathB k=2...
      Passes: 244,  Height: 13217, Time/Memory: 586.72,9336
✅ Completed Belcastro kpathB k=2: 594.49s, 9336.4KB
✅ [15/15] Completed Belcastro kpathB k=2

🏁 All experiments completed!
✅ Successful: 15
❌ Failed: 0
📁 Results saved in ./results/real/average_concurrent_runs
