🎯 Total configurations to run: 1
🔄 Running with 24 parallel workers
🚀 Running LiveJournal with klevN, k=3, iterations=10, file=2
  📊 Iteration 1/10 for LiveJournal klevN k=3...
    Passes: 3, Time/Memory: 26487.42,2688000, Output: ['3']
  📊 Iteration 2/10 for LiveJournal klevN k=3...
    Passes: 3, Time/Memory: 26519.41,2686976, Output: ['3']
  📊 Iteration 3/10 for LiveJournal klevN k=3...
    Passes: 3, Time/Memory: 26414.14,2688000, Output: ['3']
  📊 Iteration 4/10 for LiveJournal klevN k=3...
    Passes: 3, Time/Memory: 26339.09,2686976, Output: ['3']
  📊 Iteration 5/10 for LiveJournal klevN k=3...
    Passes: 3, Time/Memory: 26403.98,2688000, Output: ['3']
  📊 Iteration 6/10 for LiveJournal klevN k=3...
    Passes: 3, Time/Memory: 27145.20,2688000, Output: ['3']
  📊 Iteration 7/10 for LiveJournal klevN k=3...
    Passes: 3, Time/Memory: 26646.99,2688000, Output: ['3']
  📊 Iteration 8/10 for LiveJournal klevN k=3...
    Passes: 3, Time/Memory: 27510.68,2686976, Output: ['3']
  📊 Iteration 9/10 for LiveJournal klevN k=3...
    Passes: 3, Time/Memory: 27795.28,2688000, Output: ['3']
  📊 Iteration 10/10 for LiveJournal klevN k=3...
    Passes: 3, Time/Memory: 27866.59,2686976, Output: ['3']
✅ Completed LiveJournal klevN k=3: 26912.88s, 2687590.4KB
✅ [1/1] Completed LiveJournal klevN k=3

🏁 All experiments completed!
✅ Successful: 1
❌ Failed: 0
📁 Results saved in ./results/real/average_concurrent_runs
