🎯 Total configurations to run: 6
🔄 Running with 18 parallel workers
🚀 Running Twitch with kpathA, k=2, iterations=10, file=1
  📊 Iteration 1/10 for Twitch kpathA k=2...
🚀 Running Twitch with kpathA, k=1, iterations=10, file=2
  📊 Iteration 1/10 for Twitch kpathA k=1...
🚀 Running Twitch with kpathB, k=41, iterations=10, file=3
  📊 Iteration 1/10 for Twitch kpathB k=41...
🚀 Running Twitch with kpathB, k=9, iterations=10, file=4
  📊 Iteration 1/10 for Twitch kpathB k=9...
🚀 Running Twitch with kpathB, k=8, iterations=10, file=5
  📊 Iteration 1/10 for Twitch kpathB k=8...
🚀 Running Twitch with kpathB, k=7, iterations=10, file=6
  📊 Iteration 1/10 for Twitch kpathB k=7...
    Passes: 1 0, Time/Memory: 2.87,167948, Output: ['1 0']
  📊 Iteration 2/10 for Twitch kpathB k=41...
    Passes: 1 0, Time/Memory: 2.62,170096, Output: ['1 0']
  📊 Iteration 3/10 for Twitch kpathB k=41...
    Passes: 1 0, Time/Memory: 2.48,169952, Output: ['1 0']
  📊 Iteration 4/10 for Twitch kpathB k=41...
    Passes: 1 0, Time/Memory: 2.76,169076, Output: ['1 0']
  📊 Iteration 5/10 for Twitch kpathB k=41...
    Passes: 1 0, Time/Memory: 3.06,170084, Output: ['1 0']
  📊 Iteration 6/10 for Twitch kpathB k=41...
    Passes: 1 0, Time/Memory: 2.66,169092, Output: ['1 0']
  📊 Iteration 7/10 for Twitch kpathB k=41...
    Passes: 1 0, Time/Memory: 2.76,170064, Output: ['1 0']
  📊 Iteration 8/10 for Twitch kpathB k=41...
    Passes: 1 0, Time/Memory: 2.53,170052, Output: ['1 0']
  📊 Iteration 9/10 for Twitch kpathB k=41...
    Passes: 1 0, Time/Memory: 3.17,170096, Output: ['1 0']
  📊 Iteration 10/10 for Twitch kpathB k=41...
    Passes: 6 106476, Time/Memory: 28.99,184600, Output: ['6 106476']
  📊 Iteration 2/10 for Twitch kpathB k=8...
    Passes: 1 0, Time/Memory: 2.74,166988, Output: ['1 0']
✅ Completed Twitch kpathB k=41: 2.76s, 169344.8KB
✅ [1/6] Completed Twitch kpathB k=C
    Passes: 7 105044, Time/Memory: 30.06,162980, Output: ['7 105044']
  📊 Iteration 2/10 for Twitch kpathB k=7...
    Passes: 6 104879, Time/Memory: 31.74,195296, Output: ['6 104879']
  📊 Iteration 2/10 for Twitch kpathB k=9...
    Passes: 6 106476, Time/Memory: 25.84,183272, Output: ['6 106476']
  📊 Iteration 3/10 for Twitch kpathB k=8...
    Passes: 20 94349, Time/Memory: 63.57,90012, Output: ['20 94349']
  📊 Iteration 2/10 for Twitch kpathA k=2...
    Passes: 7 105044, Time/Memory: 37.72,162912, Output: ['7 105044']
  📊 Iteration 3/10 for Twitch kpathB k=7...
    Passes: 6 104879, Time/Memory: 38.80,196412, Output: ['6 104879']
  📊 Iteration 3/10 for Twitch kpathB k=9...
    Passes: 6 106476, Time/Memory: 25.10,183632, Output: ['6 106476']
  📊 Iteration 4/10 for Twitch kpathB k=8...
    Passes: 7 105044, Time/Memory: 30.48,161756, Output: ['7 105044']
  📊 Iteration 4/10 for Twitch kpathB k=7...
    Passes: 6 104879, Time/Memory: 33.68,196396, Output: ['6 104879']
  📊 Iteration 4/10 for Twitch kpathB k=9...
    Passes: 6 106476, Time/Memory: 27.11,184620, Output: ['6 106476']
  📊 Iteration 5/10 for Twitch kpathB k=8...
    Passes: 20 94349, Time/Memory: 64.04,88952, Output: ['20 94349']
  📊 Iteration 3/10 for Twitch kpathA k=2...
    Passes: 7 105044, Time/Memory: 31.13,162132, Output: ['7 105044']
  📊 Iteration 5/10 for Twitch kpathB k=7...
    Passes: 6 106476, Time/Memory: 25.19,183612, Output: ['6 106476']
  📊 Iteration 6/10 for Twitch kpathB k=8...
    Passes: 6 104879, Time/Memory: 30.30,195440, Output: ['6 104879']
  📊 Iteration 5/10 for Twitch kpathB k=9...
    Passes: 6 106476, Time/Memory: 25.61,183676, Output: ['6 106476']
  📊 Iteration 7/10 for Twitch kpathB k=8...
    Passes: 7 105044, Time/Memory: 32.52,163160, Output: ['7 105044']
  📊 Iteration 6/10 for Twitch kpathB k=7...
    Passes: 6 104879, Time/Memory: 30.66,195296, Output: ['6 104879']
  📊 Iteration 6/10 for Twitch kpathB k=9...
    Passes: 6 106476, Time/Memory: 25.99,183128, Output: ['6 106476']
  📊 Iteration 8/10 for Twitch kpathB k=8...
    Passes: 20 94349, Time/Memory: 65.27,88072, Output: ['20 94349']
  📊 Iteration 4/10 for Twitch kpathA k=2...
    Passes: 7 105044, Time/Memory: 33.42,163008, Output: ['7 105044']
  📊 Iteration 7/10 for Twitch kpathB k=7...
    Passes: 6 104879, Time/Memory: 38.80,194340, Output: ['6 104879']
  📊 Iteration 7/10 for Twitch kpathB k=9...
    Passes: 6 106476, Time/Memory: 27.83,182064, Output: ['6 106476']
  📊 Iteration 9/10 for Twitch kpathB k=8...
    Passes: 7 105044, Time/Memory: 30.99,163680, Output: ['7 105044']
  📊 Iteration 8/10 for Twitch kpathB k=7...
    Passes: 6 104879, Time/Memory: 31.32,195264, Output: ['6 104879']
  📊 Iteration 8/10 for Twitch kpathB k=9...
    Passes: 6 106476, Time/Memory: 25.93,182960, Output: ['6 106476']
  📊 Iteration 10/10 for Twitch kpathB k=8...
    Passes: 7 105044, Time/Memory: 30.98,162740, Output: ['7 105044']
  📊 Iteration 9/10 for Twitch kpathB k=7...
    Passes: 20 94349, Time/Memory: 69.44,88148, Output: ['20 94349']
  📊 Iteration 5/10 for Twitch kpathA k=2...
    Passes: 6 104879, Time/Memory: 31.06,193852, Output: ['6 104879']
  📊 Iteration 9/10 for Twitch kpathB k=9...
    Passes: 6 106476, Time/Memory: 31.18,184664, Output: ['6 106476']
✅ Completed Twitch kpathB k=8: 26.88s, 183622.8KB
✅ [2/6] Completed Twitch kpathB k=8
    Passes: 7 105044, Time/Memory: 35.38,163724, Output: ['7 105044']
  📊 Iteration 10/10 for Twitch kpathB k=7...
    Passes: 6 104879, Time/Memory: 30.03,195324, Output: ['6 104879']
  📊 Iteration 10/10 for Twitch kpathB k=9...
    Passes: 7 105044, Time/Memory: 30.45,163308, Output: ['7 105044']
✅ Completed Twitch kpathB k=7: 32.31s, 162940.0KB
✅ [3/6] Completed Twitch kpathB k=7
    Passes: 20 94349, Time/Memory: 62.34,87340, Output: ['20 94349']
  📊 Iteration 6/10 for Twitch kpathA k=2...
    Passes: 6 104879, Time/Memory: 30.20,195636, Output: ['6 104879']
✅ Completed Twitch kpathB k=9: 32.66s, 195325.6KB
✅ [4/6] Completed Twitch kpathB k=9
    Passes: 20 94349, Time/Memory: 60.63,89196, Output: ['20 94349']
  📊 Iteration 7/10 for Twitch kpathA k=2...
    Passes: 20 94349, Time/Memory: 61.15,89980, Output: ['20 94349']
  📊 Iteration 8/10 for Twitch kpathA k=2...
    Passes: 20 94349, Time/Memory: 61.60,88924, Output: ['20 94349']
  📊 Iteration 9/10 for Twitch kpathA k=2...
    Passes: 20 94349, Time/Memory: 65.45,87232, Output: ['20 94349']
  📊 Iteration 10/10 for Twitch kpathA k=2...
    Passes: 20 94349, Time/Memory: 69.87,89172, Output: ['20 94349']
✅ Completed Twitch kpathA k=2: 64.34s, 88702.8KB
✅ [5/6] Completed Twitch kpathA k=2
    Passes: 313 91111, Time/Memory: 781.97,80360, Output: ['313 91111']
  📊 Iteration 2/10 for Twitch kpathA k=1...
    Passes: 313 91111, Time/Memory: 735.46,80800, Output: ['313 91111']
  📊 Iteration 3/10 for Twitch kpathA k=1...
    Passes: 313 91111, Time/Memory: 804.26,80408, Output: ['313 91111']
  📊 Iteration 4/10 for Twitch kpathA k=1...
    Passes: 313 91111, Time/Memory: 795.52,81096, Output: ['313 91111']
  📊 Iteration 5/10 for Twitch kpathA k=1...
    Passes: 313 91111, Time/Memory: 709.68,79160, Output: ['313 91111']
  📊 Iteration 6/10 for Twitch kpathA k=1...
    Passes: 313 91111, Time/Memory: 693.60,80356, Output: ['313 91111']
  📊 Iteration 7/10 for Twitch kpathA k=1...
    Passes: 313 91111, Time/Memory: 697.20,80360, Output: ['313 91111']
  📊 Iteration 8/10 for Twitch kpathA k=1...
    Passes: 313 91111, Time/Memory: 696.19,80408, Output: ['313 91111']
  📊 Iteration 9/10 for Twitch kpathA k=1...
    Passes: 313 91111, Time/Memory: 701.48,80972, Output: ['313 91111']
  📊 Iteration 10/10 for Twitch kpathA k=1...
    Passes: 313 91111, Time/Memory: 696.42,79936, Output: ['313 91111']
✅ Completed Twitch kpathA k=1: 731.18s, 80385.6KB
✅ [6/6] Completed Twitch kpathA k=1

🏁 All experiments completed!
✅ Successful: 6
❌ Failed: 0
📁 Results saved in ./results/real/average_concurrent_runs
