🎯 Total configurations to run: 3
🔄 Running with 36 parallel workers
🚀 Running Orkut with kpathD, k=7, iterations=1, file=6
  📊 Iteration 1/1 for Orkut kpathD k=7...
🚀 Running Orkut with kpathD, k=6, iterations=1, file=8
  📊 Iteration 1/1 for Orkut kpathD k=6...
🚀 Running Orkut with kpathD, k=5, iterations=1, file=14
  📊 Iteration 1/1 for Orkut kpathD k=5...
      Passes: 7,  Height: 2509251, Time/Memory: 5324.07,2729996
✅ Completed Orkut kpathD k=6: 5324.07s, 2729996.0KB
✅ [1/3] Completed Orkut kpathD k=6
      Passes: 6,  Height: 2509585, Time/Memory: 5419.69,3033168
✅ Completed Orkut kpathD k=7: 5419.69s, 3033168.0KB
✅ [2/3] Completed Orkut kpathD k=7
      Passes: 8,  Height: 2501983, Time/Memory: 6366.12,2483804
✅ Completed Orkut kpathD k=5: 6366.12s, 2483804.0KB
✅ [3/3] Completed Orkut kpathD k=5

🏁 All experiments completed!
✅ Successful: 3
❌ Failed: 0
📁 Results saved in ./results/real/average_concurrent_runs
