🎯 Total configurations to run: 2
🔄 Running with 36 parallel workers
🚀 Running Amazon with klev0, k=10, iterations=20, file=1
  📊 Iteration 1/20 for Amazon klev0 k=10...
🚀 Running LiveJournal with klev0, k=1, iterations=3, file=2
  📊 Iteration 1/3 for LiveJournal klev0 k=1...
    Passes: 6, Time/Memory: 519.40,137248, Output: ['6']
  📊 Iteration 2/20 for Amazon klev0 k=10...
    Passes: 6, Time/Memory: 512.45,137252, Output: ['6']
  📊 Iteration 3/20 for Amazon klev0 k=10...
    Passes: 6, Time/Memory: 537.25,137264, Output: ['6']
  📊 Iteration 4/20 for Amazon klev0 k=10...
    Passes: 6, Time/Memory: 541.08,137280, Output: ['6']
  📊 Iteration 5/20 for Amazon klev0 k=10...
    Passes: 6, Time/Memory: 545.64,136220, Output: ['6']
  📊 Iteration 6/20 for Amazon klev0 k=10...
    Passes: 6, Time/Memory: 547.22,136228, Output: ['6']
  📊 Iteration 7/20 for Amazon klev0 k=10...
    Passes: 6, Time/Memory: 549.67,137332, Output: ['6']
  📊 Iteration 8/20 for Amazon klev0 k=10...
    Passes: 6, Time/Memory: 542.13,137280, Output: ['6']
  📊 Iteration 9/20 for Amazon klev0 k=10...
    Passes: 6, Time/Memory: 551.51,137252, Output: ['6']
  📊 Iteration 10/20 for Amazon klev0 k=10...
    Passes: 6, Time/Memory: 540.97,137260, Output: ['6']
  📊 Iteration 11/20 for Amazon klev0 k=10...
    Passes: 6, Time/Memory: 541.76,137284, Output: ['6']
  📊 Iteration 12/20 for Amazon klev0 k=10...
    Passes: 6, Time/Memory: 543.94,136228, Output: ['6']
  📊 Iteration 13/20 for Amazon klev0 k=10...
    Passes: 6, Time/Memory: 544.86,136248, Output: ['6']
  📊 Iteration 14/20 for Amazon klev0 k=10...
    Passes: 6, Time/Memory: 541.69,137252, Output: ['6']
  📊 Iteration 15/20 for Amazon klev0 k=10...
    Passes: 6, Time/Memory: 540.12,137252, Output: ['6']
  📊 Iteration 16/20 for Amazon klev0 k=10...
    Passes: 6, Time/Memory: 549.68,137252, Output: ['6']
  📊 Iteration 17/20 for Amazon klev0 k=10...
    Passes: 6, Time/Memory: 538.34,137280, Output: ['6']
  📊 Iteration 18/20 for Amazon klev0 k=10...
    Passes: 6, Time/Memory: 545.85,135204, Output: ['6']
  📊 Iteration 19/20 for Amazon klev0 k=10...
    Passes: 6, Time/Memory: 547.25,135204, Output: ['6']
  📊 Iteration 20/20 for Amazon klev0 k=10...
    Passes: 6, Time/Memory: 549.21,137280, Output: ['6']
✅ Completed Amazon klev0 k=10: 541.5s, 136855.0KB
✅ [1/2] Completed Amazon klev0 k=10
    Passes: 6, Time/Memory: 34093.94,1668132, Output: ['6']
  📊 Iteration 2/3 for LiveJournal klev0 k=1...
    Passes: 6, Time/Memory: 33659.56,1670208, Output: ['6']
  📊 Iteration 3/3 for LiveJournal klev0 k=1...
    Passes: 6, Time/Memory: 33508.30,1664036, Output: ['6']
✅ Completed LiveJournal klev0 k=1: 33753.93s, 1667458.67KB
✅ [2/2] Completed LiveJournal klev0 k=1

🏁 All experiments completed!
✅ Successful: 2
❌ Failed: 0
📁 Results saved in ./results/real/average_concurrent_runs
