🎯 Total configurations to run: 3
🔄 Running with 36 parallel workers
🚀 Running Amazon with klevN, k=2, iterations=10, file=1
  📊 Iteration 1/10 for Amazon klevN k=2...
🚀 Running Amazon with klev0, k=10, iterations=10, file=2
  📊 Iteration 1/10 for Amazon klev0 k=10...
🚀 Running Amazon with klev1, k=1, iterations=10, file=3
  📊 Iteration 1/10 for Amazon klev1 k=1...
    Passes: 2, Time/Memory: 378.29,177216, Output: ['2']
  📊 Iteration 2/10 for Amazon klevN k=2...
    Passes: 6, Time/Memory: 507.27,137264, Output: ['6']
  📊 Iteration 2/10 for Amazon klev0 k=10...
    Passes: 5, Time/Memory: 525.22,128044, Output: ['5']
  📊 Iteration 2/10 for Amazon klev1 k=1...
    Passes: 2, Time/Memory: 393.54,179252, Output: ['2']
  📊 Iteration 3/10 for Amazon klevN k=2...
    Passes: 6, Time/Memory: 512.60,136236, Output: ['6']
  📊 Iteration 3/10 for Amazon klev0 k=10...
    Passes: 5, Time/Memory: 545.64,127012, Output: ['5']
  📊 Iteration 3/10 for Amazon klev1 k=1...
    Passes: 2, Time/Memory: 398.27,178212, Output: ['2']
  📊 Iteration 4/10 for Amazon klevN k=2...
    Passes: 6, Time/Memory: 510.71,136224, Output: ['6']
  📊 Iteration 4/10 for Amazon klev0 k=10...
    Passes: 5, Time/Memory: 529.99,125984, Output: ['5']
  📊 Iteration 4/10 for Amazon klev1 k=1...
    Passes: 2, Time/Memory: 466.10,177188, Output: ['2']
  📊 Iteration 5/10 for Amazon klevN k=2...
    Passes: 6, Time/Memory: 500.17,136260, Output: ['6']
  📊 Iteration 5/10 for Amazon klev0 k=10...
    Passes: 2, Time/Memory: 399.65,177188, Output: ['2']
  📊 Iteration 6/10 for Amazon klevN k=2...
    Passes: 5, Time/Memory: 533.14,127048, Output: ['5']
  📊 Iteration 5/10 for Amazon klev1 k=1...
    Passes: 2, Time/Memory: 379.22,179236, Output: ['2']
  📊 Iteration 7/10 for Amazon klevN k=2...
    Passes: 6, Time/Memory: 499.44,136304, Output: ['6']
  📊 Iteration 6/10 for Amazon klev0 k=10...
    Passes: 5, Time/Memory: 556.63,127028, Output: ['5']
  📊 Iteration 6/10 for Amazon klev1 k=1...
    Passes: 2, Time/Memory: 376.45,178244, Output: ['2']
  📊 Iteration 8/10 for Amazon klevN k=2...
    Passes: 6, Time/Memory: 514.31,136224, Output: ['6']
  📊 Iteration 7/10 for Amazon klev0 k=10...
    Passes: 2, Time/Memory: 404.89,177268, Output: ['2']
  📊 Iteration 9/10 for Amazon klevN k=2...
    Passes: 5, Time/Memory: 523.17,128032, Output: ['5']
  📊 Iteration 7/10 for Amazon klev1 k=1...
    Passes: 2, Time/Memory: 390.12,176164, Output: ['2']
  📊 Iteration 10/10 for Amazon klevN k=2...
    Passes: 6, Time/Memory: 552.11,135256, Output: ['6']
  📊 Iteration 8/10 for Amazon klev0 k=10...
    Passes: 5, Time/Memory: 510.15,129060, Output: ['5']
  📊 Iteration 8/10 for Amazon klev1 k=1...
    Passes: 2, Time/Memory: 407.69,177188, Output: ['2']
✅ Completed Amazon klevN k=2: 399.42s, 177715.6KB
✅ [1/3] Completed Amazon klevN k=2
    Passes: 6, Time/Memory: 535.70,135204, Output: ['6']
  📊 Iteration 9/10 for Amazon klev0 k=10...
    Passes: 5, Time/Memory: 558.19,123940, Output: ['5']
  📊 Iteration 9/10 for Amazon klev1 k=1...
    Passes: 6, Time/Memory: 502.36,134224, Output: ['6']
  📊 Iteration 10/10 for Amazon klev0 k=10...
    Passes: 5, Time/Memory: 532.72,128064, Output: ['5']
  📊 Iteration 10/10 for Amazon klev1 k=1...
    Passes: 6, Time/Memory: 491.20,135204, Output: ['6']
✅ Completed Amazon klev0 k=10: 512.59s, 135840.0KB
✅ [2/3] Completed Amazon klev0 k=10
    Passes: 5, Time/Memory: 493.79,128108, Output: ['5']
✅ Completed Amazon klev1 k=1: 530.86s, 127232.0KB
✅ [3/3] Completed Amazon klev1 k=1

🏁 All experiments completed!
✅ Successful: 3
❌ Failed: 0
📁 Results saved in ./results/real/average_concurrent_runs
