🎯 Total configurations to run: 3
🔄 Running with 24 parallel workers
🚀 Running Orkut with kpathN, k=6, iterations=5, file=1
  📊 Iteration 1/5 for Orkut kpathN k=6...
🚀 Running Orkut with kpath2, k=5, iterations=8, file=7
  📊 Iteration 1/8 for Orkut kpath2 k=5...
🚀 Running LiveJournal with klev2, k=4, iterations=10, file=6
  📊 Iteration 1/10 for LiveJournal klev2 k=4...
    Passes: 6, Time/Memory: 5317.56,2776992, Output: ['6']
  📊 Iteration 2/5 for Orkut kpathN k=6...
    Passes: 12, Time/Memory: 9415.70,2488508, Output: ['12']
  📊 Iteration 2/8 for Orkut kpath2 k=5...
    Passes: 6, Time/Memory: 5135.80,2780124, Output: ['6']
  📊 Iteration 3/5 for Orkut kpathN k=6...
    Passes: 6, Time/Memory: 5057.76,2780124, Output: ['6']
  📊 Iteration 4/5 for Orkut kpathN k=6...
    Passes: 12, Time/Memory: 9699.30,2487860, Output: ['12']
  📊 Iteration 3/8 for Orkut kpath2 k=5...
    Passes: 6, Time/Memory: 4971.30,2780460, Output: ['6']
  📊 Iteration 5/5 for Orkut kpathN k=6...
    Passes: 6, Time/Memory: 5491.74,2780128, Output: ['6']
✅ Completed Orkut kpathN k=6: 5194.83s, 2779565.6KB
✅ [1/3] Completed Orkut kpathN k=6
    Passes: 3, Time/Memory: 28179.07,3049472, Output: ['3']
  📊 Iteration 2/10 for LiveJournal klev2 k=4...
    Passes: 12, Time/Memory: 10016.89,2487896, Output: ['12']
  📊 Iteration 4/8 for Orkut kpath2 k=5...
    Passes: 12, Time/Memory: 9570.98,2488504, Output: ['12']
  📊 Iteration 5/8 for Orkut kpath2 k=5...
    Passes: 12, Time/Memory: 9558.55,2488092, Output: ['12']
  📊 Iteration 6/8 for Orkut kpath2 k=5...
    Passes: 3, Time/Memory: 27947.92,3049472, Output: ['3']
  📊 Iteration 3/10 for LiveJournal klev2 k=4...
    Passes: 12, Time/Memory: 9469.46,2487508, Output: ['12']
  📊 Iteration 7/8 for Orkut kpath2 k=5...
    Passes: 12, Time/Memory: 9891.69,2487748, Output: ['12']
  📊 Iteration 8/8 for Orkut kpath2 k=5...
    Passes: 12, Time/Memory: 9886.13,2488508, Output: ['12']
✅ Completed Orkut kpath2 k=5: 9688.59s, 2488078.0KB
✅ [2/3] Completed Orkut kpath2 k=5
    Passes: 3, Time/Memory: 28461.88,3049472, Output: ['3']
  📊 Iteration 4/10 for LiveJournal klev2 k=4...
    Passes: 3, Time/Memory: 28032.63,3047424, Output: ['3']
  📊 Iteration 5/10 for LiveJournal klev2 k=4...
    Passes: 3, Time/Memory: 27391.42,3049472, Output: ['3']
  📊 Iteration 6/10 for LiveJournal klev2 k=4...
    Passes: 3, Time/Memory: 27844.07,3049472, Output: ['3']
  📊 Iteration 7/10 for LiveJournal klev2 k=4...
    Passes: 3, Time/Memory: 27415.46,3049472, Output: ['3']
  📊 Iteration 8/10 for LiveJournal klev2 k=4...
    Passes: 3, Time/Memory: 27788.30,3049472, Output: ['3']
  📊 Iteration 9/10 for LiveJournal klev2 k=4...
    Passes: 3, Time/Memory: 27093.87,3049472, Output: ['3']
  📊 Iteration 10/10 for LiveJournal klev2 k=4...
    Passes: 3, Time/Memory: 27352.49,3049472, Output: ['3']
✅ Completed LiveJournal klev2 k=4: 27750.71s, 3049267.2KB
✅ [3/3] Completed LiveJournal klev2 k=4

🏁 All experiments completed!
✅ Successful: 3
❌ Failed: 0
📁 Results saved in ./results/real/average_concurrent_runs
