🎯 Total configurations to run: 20
🔄 Running with 24 parallel workers
🚀 Running LiveJournal with klev0, k=9, iterations=10, file=3
  📊 Iteration 1/10 for LiveJournal klev0 k=9...
🚀 Running LiveJournal with klev0, k=8, iterations=10, file=4
  📊 Iteration 1/10 for LiveJournal klev0 k=8...
🚀 Running LiveJournal with klev1, k=8, iterations=10, file=5
  📊 Iteration 1/10 for LiveJournal klev1 k=8...
🚀 Running LiveJournal with klev2, k=8, iterations=5, file=6
  📊 Iteration 1/5 for LiveJournal klev2 k=8...
🚀 Running LiveJournal with klevN, k=8, iterations=4, file=7
  📊 Iteration 1/4 for LiveJournal klevN k=8...
🚀 Running LiveJournal with klevN, k=7, iterations=10, file=8
  📊 Iteration 1/10 for LiveJournal klevN k=7...
🚀 Running KonectDblp with kpath2, k=1, iterations=10, file=3
  📊 Iteration 1/10 for KonectDblp kpath2 k=1...
🚀 Running KonectDblp with kpath1, k=1, iterations=10, file=4
  📊 Iteration 1/10 for KonectDblp kpath1 k=1...
🚀 Running KonectDblp with klev0, k=10, iterations=10, file=6
  📊 Iteration 1/10 for KonectDblp klev0 k=10...
🚀 Running KonectDblp with klev0, k=2, iterations=4, file=5
  📊 Iteration 1/4 for KonectDblp klev0 k=2...
🚀 Running KonectDblp with klev1, k=1, iterations=3, file=7
  📊 Iteration 1/3 for KonectDblp klev1 k=1...
🚀 Running KonectDblp with klev0, k=1, iterations=9, file=8
  📊 Iteration 1/9 for KonectDblp klev0 k=1...
🚀 Running Orkut with klev2, k=6, iterations=10, file=1
  📊 Iteration 1/10 for Orkut klev2 k=6...
🚀 Running Orkut with klev2, k=5, iterations=8, file=2
  📊 Iteration 1/8 for Orkut klev2 k=5...
🚀 Running Orkut with klev2, k=2, iterations=5, file=5
  📊 Iteration 1/5 for Orkut klev2 k=2...
🚀 Running Orkut with klev2, k=3, iterations=10, file=4
  📊 Iteration 1/10 for Orkut klev2 k=3...
🚀 Running Orkut with klev1, k=6, iterations=10, file=8
  📊 Iteration 1/10 for Orkut klev1 k=6...
🚀 Running Orkut with klev1, k=7, iterations=4, file=7
  📊 Iteration 1/4 for Orkut klev1 k=7...
🚀 Running Orkut with klev2, k=1, iterations=8, file=6
  📊 Iteration 1/8 for Orkut klev2 k=1...
🚀 Running Orkut with klev2, k=4, iterations=10, file=3
  📊 Iteration 1/10 for Orkut klev2 k=4...
    Passes: 5, Time/Memory: 11825.54,1463296, Output: ['5']
  📊 Iteration 2/4 for Orkut klev1 k=7...
    Passes: 4, Time/Memory: 12478.94,3136512, Output: ['4']
  📊 Iteration 2/10 for Orkut klev2 k=6...
    Passes: 5, Time/Memory: 12665.47,1466368, Output: ['5']
  📊 Iteration 2/10 for Orkut klev1 k=6...
    Passes: 4, Time/Memory: 12785.88,1727488, Output: ['4']
  📊 Iteration 2/8 for Orkut klev2 k=1...
    Passes: 4, Time/Memory: 13129.21,2294784, Output: ['4']
  📊 Iteration 2/10 for Orkut klev2 k=3...
    Passes: 4, Time/Memory: 13160.57,2844672, Output: ['4']
  📊 Iteration 2/8 for Orkut klev2 k=5...
    Passes: 4, Time/Memory: 13483.06,2001920, Output: ['4']
  📊 Iteration 2/5 for Orkut klev2 k=2...
    Passes: 4, Time/Memory: 13610.99,2575360, Output: ['4']
  📊 Iteration 2/10 for Orkut klev2 k=4...
    Passes: 5, Time/Memory: 11899.16,1466368, Output: ['5']
  📊 Iteration 3/4 for Orkut klev1 k=7...
    Passes: 2, Time/Memory: 24371.21,4446208, Output: ['2']
  📊 Iteration 2/4 for LiveJournal klevN k=8...
    Passes: 5, Time/Memory: 11997.52,1467392, Output: ['5']
  📊 Iteration 3/10 for Orkut klev1 k=6...
    Passes: 2, Time/Memory: 24898.25,4475904, Output: ['2']
  📊 Iteration 2/5 for LiveJournal klev2 k=8...
    Passes: 4, Time/Memory: 12462.39,3136512, Output: ['4']
  📊 Iteration 3/10 for Orkut klev2 k=6...
    Passes: 4, Time/Memory: 12382.81,2295808, Output: ['4']
  📊 Iteration 3/10 for Orkut klev2 k=3...
    Passes: 4, Time/Memory: 12543.57,2844672, Output: ['4']
  📊 Iteration 3/8 for Orkut klev2 k=5...
    Passes: 4, Time/Memory: 12950.53,1728512, Output: ['4']
  📊 Iteration 3/8 for Orkut klev2 k=1...
    Passes: 4, Time/Memory: 12672.62,2002944, Output: ['4']
  📊 Iteration 3/5 for Orkut klev2 k=2...
    Passes: 2, Time/Memory: 26158.78,4118528, Output: ['2']
  📊 Iteration 2/10 for LiveJournal klevN k=7...
    Passes: 5, Time/Memory: 26463.82,1657856, Output: ['5']
  📊 Iteration 2/10 for LiveJournal klev1 k=8...
    Passes: 4, Time/Memory: 12963.95,2576384, Output: ['4']
  📊 Iteration 3/10 for Orkut klev2 k=4...
    Passes: 6, Time/Memory: 29502.13,1673216, Output: ['6']
  📊 Iteration 2/10 for LiveJournal klev0 k=9...
    Passes: 6, Time/Memory: 29626.82,1671168, Output: ['6']
  📊 Iteration 2/10 for LiveJournal klev0 k=8...
    Passes: 5, Time/Memory: 11882.25,1467392, Output: ['5']
  📊 Iteration 4/4 for Orkut klev1 k=7...
    Passes: 5, Time/Memory: 11945.43,1467392, Output: ['5']
  📊 Iteration 4/10 for Orkut klev1 k=6...
    Passes: 4, Time/Memory: 12578.65,3136512, Output: ['4']
  📊 Iteration 4/10 for Orkut klev2 k=6...
    Passes: 4, Time/Memory: 12399.26,2295808, Output: ['4']
  📊 Iteration 4/10 for Orkut klev2 k=3...
    Passes: 4, Time/Memory: 12402.13,2843648, Output: ['4']
  📊 Iteration 4/8 for Orkut klev2 k=5...
    Passes: 4, Time/Memory: 12923.37,1729536, Output: ['4']
  📊 Iteration 4/8 for Orkut klev2 k=1...
    Passes: 4, Time/Memory: 12544.55,2002944, Output: ['4']
  📊 Iteration 4/5 for Orkut klev2 k=2...
    Passes: 4, Time/Memory: 12880.33,2576384, Output: ['4']
  📊 Iteration 4/10 for Orkut klev2 k=4...
    Passes: 5, Time/Memory: 41992.21,2630656, Output: ['5']
  📊 Iteration 2/3 for KonectDblp klev1 k=1...
    Passes: 5, Time/Memory: 11862.97,1466368, Output: ['5']
✅ Completed Orkut klev1 k=7: 11867.48s, 1465856.0KB
✅ [1/20] Completed Orkut klev1 k=7
    Passes: 5, Time/Memory: 12033.14,1466368, Output: ['5']
  📊 Iteration 5/10 for Orkut klev1 k=6...
    Passes: 2, Time/Memory: 24353.06,4453376, Output: ['2']
  📊 Iteration 3/4 for LiveJournal klevN k=8...
    Passes: 4, Time/Memory: 12428.49,3137536, Output: ['4']
  📊 Iteration 5/10 for Orkut klev2 k=6...
    Passes: 2, Time/Memory: 25004.27,4481024, Output: ['2']
  📊 Iteration 3/5 for LiveJournal klev2 k=8...
    Passes: 4, Time/Memory: 12432.09,2295808, Output: ['4']
  📊 Iteration 5/10 for Orkut klev2 k=3...
    Passes: 4, Time/Memory: 12479.01,2844672, Output: ['4']
  📊 Iteration 5/8 for Orkut klev2 k=5...
    Passes: 4, Time/Memory: 12743.79,2002944, Output: ['4']
  📊 Iteration 5/5 for Orkut klev2 k=2...
    Passes: 4, Time/Memory: 12849.21,1727488, Output: ['4']
  📊 Iteration 5/8 for Orkut klev2 k=1...
    Passes: 2, Time/Memory: 25597.31,4119552, Output: ['2']
  📊 Iteration 3/10 for LiveJournal klevN k=7...
    Passes: 5, Time/Memory: 25668.63,1658880, Output: ['5']
  📊 Iteration 3/10 for LiveJournal klev1 k=8...
    Passes: 4, Time/Memory: 13017.02,2576384, Output: ['4']
  📊 Iteration 5/10 for Orkut klev2 k=4...
    Passes: 6, Time/Memory: 29621.65,1670144, Output: ['6']
  📊 Iteration 3/10 for LiveJournal klev0 k=9...
    Passes: 6, Time/Memory: 30117.63,1673216, Output: ['6']
  📊 Iteration 3/10 for LiveJournal klev0 k=8...
    Passes: 5, Time/Memory: 11914.58,1467392, Output: ['5']
  📊 Iteration 6/10 for Orkut klev1 k=6...
    Passes: 4, Time/Memory: 12501.39,3137536, Output: ['4']
  📊 Iteration 6/10 for Orkut klev2 k=6...
    Passes: 4, Time/Memory: 12425.47,2295808, Output: ['4']
  📊 Iteration 6/10 for Orkut klev2 k=3...
    Passes: 4, Time/Memory: 12522.82,2844672, Output: ['4']
  📊 Iteration 6/8 for Orkut klev2 k=5...
    Passes: 4, Time/Memory: 12782.57,2002944, Output: ['4']
✅ Completed Orkut klev2 k=2: 12845.32s, 2002739.2KB
✅ [2/20] Completed Orkut klev2 k=2
    Passes: 4, Time/Memory: 12868.81,1729536, Output: ['4']
  📊 Iteration 6/8 for Orkut klev2 k=1...
    Passes: 4, Time/Memory: 12961.03,2575360, Output: ['4']
  📊 Iteration 6/10 for Orkut klev2 k=4...
    Passes: 6, Time/Memory: 71307.10,2832384, Output: ['6']
  📊 Iteration 2/4 for KonectDblp klev0 k=2...
    Passes: 6, Time/Memory: 71975.97,2836480, Output: ['6']
  📊 Iteration 2/10 for KonectDblp klev0 k=10...
    Passes: 6, Time/Memory: 72148.90,2836480, Output: ['6']
  📊 Iteration 2/9 for KonectDblp klev0 k=1...
