🎯 Total configurations to run: 3
🔄 Running with 36 parallel workers
🚀 Running LiveJournal with kpath1, k=8, iterations=6, file=9
  📊 Iteration 1/6 for LiveJournal kpath1 k=8...
🚀 Running LiveJournal with kpath2, k=6, iterations=9, file=10
  📊 Iteration 1/9 for LiveJournal kpath2 k=6...
🚀 Running LiveJournal with kpath2, k=7, iterations=9, file=11
  📊 Iteration 1/9 for LiveJournal kpath2 k=7...
    Passes: 8, Time/Memory: 14345.29,3543308, Output: ['8']
  📊 Iteration 2/9 for LiveJournal kpath2 k=6...
    Passes: 13, Time/Memory: 22704.13,3903176, Output: ['13']
  📊 Iteration 2/9 for LiveJournal kpath2 k=7...
    Passes: 13, Time/Memory: 22870.79,4303628, Output: ['13']
  📊 Iteration 2/6 for LiveJournal kpath1 k=8...
    Passes: 8, Time/Memory: 14339.85,3542996, Output: ['8']
  📊 Iteration 3/9 for LiveJournal kpath2 k=6...
    Passes: 13, Time/Memory: 19306.90,3904388, Output: ['13']
  📊 Iteration 3/9 for LiveJournal kpath2 k=7...
    Passes: 8, Time/Memory: 15479.68,3543368, Output: ['8']
  📊 Iteration 4/9 for LiveJournal kpath2 k=6...
    Passes: 13, Time/Memory: 21560.04,4302000, Output: ['13']
  📊 Iteration 3/6 for LiveJournal kpath1 k=8...
    Passes: 8, Time/Memory: 13932.83,3543328, Output: ['8']
  📊 Iteration 5/9 for LiveJournal kpath2 k=6...
    Passes: 13, Time/Memory: 19592.26,3904440, Output: ['13']
  📊 Iteration 4/9 for LiveJournal kpath2 k=7...
    Passes: 13, Time/Memory: 19656.02,4302656, Output: ['13']
  📊 Iteration 4/6 for LiveJournal kpath1 k=8...
    Passes: 8, Time/Memory: 14487.51,3543320, Output: ['8']
  📊 Iteration 6/9 for LiveJournal kpath2 k=6...
    Passes: 13, Time/Memory: 20196.04,3904412, Output: ['13']
  📊 Iteration 5/9 for LiveJournal kpath2 k=7...
    Passes: 13, Time/Memory: 20342.92,4302944, Output: ['13']
  📊 Iteration 5/6 for LiveJournal kpath1 k=8...
    Passes: 8, Time/Memory: 14998.43,3542288, Output: ['8']
  📊 Iteration 7/9 for LiveJournal kpath2 k=6...
    Passes: 13, Time/Memory: 23248.42,3904388, Output: ['13']
  📊 Iteration 6/9 for LiveJournal kpath2 k=7...
    Passes: 8, Time/Memory: 17702.59,3542784, Output: ['8']
  📊 Iteration 8/9 for LiveJournal kpath2 k=6...
    Passes: 13, Time/Memory: 23971.21,4303636, Output: ['13']
  📊 Iteration 6/6 for LiveJournal kpath1 k=8...
    Passes: 8, Time/Memory: 16145.69,3542760, Output: ['8']
  📊 Iteration 9/9 for LiveJournal kpath2 k=6...
    Passes: 13, Time/Memory: 22478.37,3904452, Output: ['13']
  📊 Iteration 7/9 for LiveJournal kpath2 k=7...
    Passes: 13, Time/Memory: 22403.30,4300072, Output: ['13']
✅ Completed LiveJournal kpath1 k=8: 21800.71s, 4302489.33KB
✅ [1/3] Completed LiveJournal kpath1 k=8
    Passes: 8, Time/Memory: 16280.46,3543380, Output: ['8']
✅ Completed LiveJournal kpath2 k=6: 15301.37s, 3543059.11KB
✅ [2/3] Completed LiveJournal kpath2 k=6
    Passes: 13, Time/Memory: 22103.04,3904384, Output: ['13']
  📊 Iteration 8/9 for LiveJournal kpath2 k=7...
    Passes: 13, Time/Memory: 19445.35,3904448, Output: ['13']
  📊 Iteration 9/9 for LiveJournal kpath2 k=7...
    Passes: 13, Time/Memory: 20741.83,3904388, Output: ['13']
✅ Completed LiveJournal kpath2 k=7: 21090.7s, 3904275.11KB
✅ [3/3] Completed LiveJournal kpath2 k=7

🏁 All experiments completed!
✅ Successful: 3
❌ Failed: 0
📁 Results saved in ./results/real/average_concurrent_runs
