🎯 Total configurations to run: 4
🔄 Running with 36 parallel workers
🚀 Running KonectDblp with klev0, k=5, iterations=8, file=1
  📊 Iteration 1/8 for KonectDblp klev0 k=5...
🚀 Running KonectDblp with kpath0, k=5, iterations=1, file=5
  📊 Iteration 1/1 for KonectDblp kpath0 k=5...
🚀 Running KonectDblp with klev0, k=4, iterations=9, file=6
  📊 Iteration 1/9 for KonectDblp klev0 k=4...
🚀 Running KonectDblp with klev0, k=3, iterations=9, file=8
  📊 Iteration 1/9 for KonectDblp klev0 k=3...
    Passes: 2, Time/Memory: 11974.20,3878008, Output: ['2']
✅ Completed KonectDblp kpath0 k=5: 11974.2s, 3878008.0KB
✅ [1/4] Completed KonectDblp kpath0 k=5
    Passes: 6, Time/Memory: 87159.00,2819100, Output: ['6']
  📊 Iteration 2/9 for KonectDblp klev0 k=4...
    Passes: 6, Time/Memory: 87208.98,2826276, Output: ['6']
  📊 Iteration 2/9 for KonectDblp klev0 k=3...
    Passes: 6, Time/Memory: 87528.37,2822208, Output: ['6']
  📊 Iteration 2/8 for KonectDblp klev0 k=5...
    Passes: 6, Time/Memory: 82533.92,2810916, Output: ['6']
  📊 Iteration 3/9 for KonectDblp klev0 k=3...
    Passes: 6, Time/Memory: 82256.78,2810916, Output: ['6']
  📊 Iteration 3/8 for KonectDblp klev0 k=5...
    Passes: 6, Time/Memory: 84253.75,2833444, Output: ['6']
  📊 Iteration 3/9 for KonectDblp klev0 k=4...
    Passes: 6, Time/Memory: 75609.98,2815020, Output: ['6']
  📊 Iteration 4/9 for KonectDblp klev0 k=3...
    Passes: 6, Time/Memory: 75426.20,2809932, Output: ['6']
  📊 Iteration 4/8 for KonectDblp klev0 k=5...
    Passes: 6, Time/Memory: 80513.36,2835552, Output: ['6']
  📊 Iteration 4/9 for KonectDblp klev0 k=4...
    Passes: 6, Time/Memory: 79687.54,2812024, Output: ['6']
  📊 Iteration 5/9 for KonectDblp klev0 k=3...
    Passes: 6, Time/Memory: 79635.28,2811956, Output: ['6']
  📊 Iteration 5/8 for KonectDblp klev0 k=5...
    Passes: 6, Time/Memory: 80987.55,2827300, Output: ['6']
  📊 Iteration 5/9 for KonectDblp klev0 k=4...
    Passes: 6, Time/Memory: 80937.54,2833444, Output: ['6']
  📊 Iteration 6/8 for KonectDblp klev0 k=5...
    Passes: 6, Time/Memory: 83142.56,2805836, Output: ['6']
  📊 Iteration 6/9 for KonectDblp klev0 k=3...
    Passes: 6, Time/Memory: 80917.57,2834488, Output: ['6']
  📊 Iteration 6/9 for KonectDblp klev0 k=4...
    Passes: 6, Time/Memory: 80348.97,2836552, Output: ['6']
  📊 Iteration 7/8 for KonectDblp klev0 k=5...
    Passes: 6, Time/Memory: 82549.56,2830448, Output: ['6']
  📊 Iteration 7/9 for KonectDblp klev0 k=3...
    Passes: 6, Time/Memory: 82316.44,2816056, Output: ['6']
  📊 Iteration 7/9 for KonectDblp klev0 k=4...
    Passes: 6, Time/Memory: 89201.51,2808868, Output: ['6']
  📊 Iteration 8/8 for KonectDblp klev0 k=5...
    Passes: 6, Time/Memory: 89314.83,2807844, Output: ['6']
  📊 Iteration 8/9 for KonectDblp klev0 k=3...
    Passes: 6, Time/Memory: 87430.60,2807924, Output: ['6']
  📊 Iteration 8/9 for KonectDblp klev0 k=4...
    Passes: 6, Time/Memory: 86588.74,2820132, Output: ['6']
  📊 Iteration 9/9 for KonectDblp klev0 k=3...
    Passes: 6, Time/Memory: 91660.89,2826276, Output: ['6']
✅ Completed KonectDblp klev0 k=5: 83374.44s, 2820019.0KB
✅ [2/4] Completed KonectDblp klev0 k=5
    Passes: 6, Time/Memory: 86927.53,2814068, Output: ['6']
  📊 Iteration 9/9 for KonectDblp klev0 k=4...
    Passes: 6, Time/Memory: 86146.21,2830372, Output: ['6']
✅ Completed KonectDblp klev0 k=3: 83642.48s, 2817652.0KB
✅ [3/4] Completed KonectDblp klev0 k=3
    Passes: 6, Time/Memory: 83222.08,2810916, Output: ['6']
✅ Completed KonectDblp klev0 k=4: 83747.54s, 2822094.22KB
✅ [4/4] Completed KonectDblp klev0 k=4

🏁 All experiments completed!
✅ Successful: 4
❌ Failed: 0
📁 Results saved in ./results/real/average_concurrent_runs
