🎯 Total configurations to run: 18
🔄 Running with 18 parallel workers
🚀 Running Belcastro with kpathA, k=7, iterations=10, file=2
  📊 Iteration 1/10 for Belcastro kpathA k=7...
🚀 Running Belcastro with kpathA, k=8, iterations=10, file=1
  📊 Iteration 1/10 for Belcastro kpathA k=8...
🚀 Running Belcastro with kpathA, k=6, iterations=10, file=3
  📊 Iteration 1/10 for Belcastro kpathA k=6...
🚀 Running Belcastro with kpathA, k=5, iterations=10, file=4
  📊 Iteration 1/10 for Belcastro kpathA k=5...
🚀 Running Belcastro with kpathA, k=4, iterations=10, file=5
  📊 Iteration 1/10 for Belcastro kpathA k=4...
🚀 Running Belcastro with kpathA, k=3, iterations=10, file=6
  📊 Iteration 1/10 for Belcastro kpathA k=3...
🚀 Running Twitch with kpathA, k=8, iterations=10, file=1
  📊 Iteration 1/10 for Twitch kpathA k=8...
🚀 Running Twitch with kpathA, k=7, iterations=10, file=2
  📊 Iteration 1/10 for Twitch kpathA k=7...
🚀 Running Twitch with kpathA, k=6, iterations=10, file=3
  📊 Iteration 1/10 for Twitch kpathA k=6...
🚀 Running Twitch with kpathA, k=5, iterations=10, file=4
  📊 Iteration 1/10 for Twitch kpathA k=5...
🚀 Running Twitch with kpathA, k=4, iterations=10, file=5
  📊 Iteration 1/10 for Twitch kpathA k=4...
🚀 Running Twitch with kpathA, k=3, iterations=10, file=6
  📊 Iteration 1/10 for Twitch kpathA k=3...
🚀 Running Orkut with kpathA, k=8, iterations=10, file=7
  📊 Iteration 1/10 for Orkut kpathA k=8...
🚀 Running Orkut with kpathA, k=7, iterations=10, file=8
  📊 Iteration 1/10 for Orkut kpathA k=7...
🚀 Running Orkut with kpathA, k=6, iterations=10, file=9
  📊 Iteration 1/10 for Orkut kpathA k=6...
🚀 Running Orkut with kpathA, k=5, iterations=10, file=10
  📊 Iteration 1/10 for Orkut kpathA k=5...
🚀 Running Orkut with kpathA, k=4, iterations=10, file=5
  📊 Iteration 1/10 for Orkut kpathA k=4...
🚀 Running Orkut with kpathA, k=3, iterations=10, file=11
  📊 Iteration 1/10 for Orkut kpathA k=3...
    Passes: 8 96173, Time/Memory: 28.59,141368, Output: ['8 96173']
  📊 Iteration 2/10 for Twitch kpathA k=5...
    Passes: 7 96407, Time/Memory: 29.86,154936, Output: ['7 96407']
  📊 Iteration 2/10 for Twitch kpathA k=6...
    Passes: 6 97187, Time/Memory: 30.19,183920, Output: ['6 97187']
  📊 Iteration 2/10 for Twitch kpathA k=8...
    Passes: 7 99554, Time/Memory: 39.43,166584, Output: ['7 99554']
  📊 Iteration 2/10 for Twitch kpathA k=7...
    Passes: 10 96068, Time/Memory: 39.89,120596, Output: ['10 96068']
  📊 Iteration 2/10 for Twitch kpathA k=4...
    Passes: 13 95255, Time/Memory: 44.48,105056, Output: ['13 95255']
  📊 Iteration 2/10 for Twitch kpathA k=3...
    Passes: 7 96407, Time/Memory: 26.56,155384, Output: ['7 96407']
  📊 Iteration 3/10 for Twitch kpathA k=6...
    Passes: 6 97187, Time/Memory: 28.70,183212, Output: ['6 97187']
  📊 Iteration 3/10 for Twitch kpathA k=8...
    Passes: 8 96173, Time/Memory: 30.70,140180, Output: ['8 96173']
  📊 Iteration 3/10 for Twitch kpathA k=5...
    Passes: 7 99554, Time/Memory: 36.12,165656, Output: ['7 99554']
  📊 Iteration 3/10 for Twitch kpathA k=7...
    Passes: 10 96068, Time/Memory: 39.31,119052, Output: ['10 96068']
  📊 Iteration 3/10 for Twitch kpathA k=4...
    Passes: 7 96407, Time/Memory: 28.29,154220, Output: ['7 96407']
  📊 Iteration 4/10 for Twitch kpathA k=6...
    Passes: 6 97187, Time/Memory: 26.59,183396, Output: ['6 97187']
  📊 Iteration 4/10 for Twitch kpathA k=8...
    Passes: 8 96173, Time/Memory: 30.29,141408, Output: ['8 96173']
  📊 Iteration 4/10 for Twitch kpathA k=5...
    Passes: 13 95255, Time/Memory: 45.97,106060, Output: ['13 95255']
  📊 Iteration 3/10 for Twitch kpathA k=3...
    Passes: 6 97187, Time/Memory: 26.27,186168, Output: ['6 97187']
  📊 Iteration 5/10 for Twitch kpathA k=8...
    Passes: 7 96407, Time/Memory: 27.41,156744, Output: ['7 96407']
  📊 Iteration 5/10 for Twitch kpathA k=6...
    Passes: 7 99554, Time/Memory: 37.27,166444, Output: ['7 99554']
  📊 Iteration 4/10 for Twitch kpathA k=7...
    Passes: 10 96068, Time/Memory: 38.70,118596, Output: ['10 96068']
  📊 Iteration 4/10 for Twitch kpathA k=4...
    Passes: 8 96173, Time/Memory: 28.68,140244, Output: ['8 96173']
  📊 Iteration 5/10 for Twitch kpathA k=5...
    Passes: 13 95255, Time/Memory: 44.60,103824, Output: ['13 95255']
  📊 Iteration 4/10 for Twitch kpathA k=3...
    Passes: 6 97187, Time/Memory: 27.33,184956, Output: ['6 97187']
  📊 Iteration 6/10 for Twitch kpathA k=8...
    Passes: 7 96407, Time/Memory: 27.68,155252, Output: ['7 96407']
  📊 Iteration 6/10 for Twitch kpathA k=6...
    Passes: 8 96173, Time/Memory: 30.06,141316, Output: ['8 96173']
  📊 Iteration 6/10 for Twitch kpathA k=5...
    Passes: 7 99554, Time/Memory: 37.85,166304, Output: ['7 99554']
  📊 Iteration 5/10 for Twitch kpathA k=7...
    Passes: 10 96068, Time/Memory: 38.24,120500, Output: ['10 96068']
  📊 Iteration 5/10 for Twitch kpathA k=4...
    Passes: 6 97187, Time/Memory: 27.55,181020, Output: ['6 97187']
  📊 Iteration 7/10 for Twitch kpathA k=8...
    Passes: 7 96407, Time/Memory: 27.65,156196, Output: ['7 96407']
  📊 Iteration 7/10 for Twitch kpathA k=6...
    Passes: 8 96173, Time/Memory: 30.29,140140, Output: ['8 96173']
  📊 Iteration 7/10 for Twitch kpathA k=5...
    Passes: 13 95255, Time/Memory: 43.88,106040, Output: ['13 95255']
  📊 Iteration 5/10 for Twitch kpathA k=3...
    Passes: 7 99554, Time/Memory: 40.11,166628, Output: ['7 99554']
  📊 Iteration 6/10 for Twitch kpathA k=7...
    Passes: 10 96068, Time/Memory: 37.84,119380, Output: ['10 96068']
  📊 Iteration 6/10 for Twitch kpathA k=4...
    Passes: 6 97187, Time/Memory: 28.35,184620, Output: ['6 97187']
  📊 Iteration 8/10 for Twitch kpathA k=8...
    Passes: 7 96407, Time/Memory: 27.03,157936, Output: ['7 96407']
  📊 Iteration 8/10 for Twitch kpathA k=6...
    Passes: 8 96173, Time/Memory: 30.88,141204, Output: ['8 96173']
  📊 Iteration 8/10 for Twitch kpathA k=5...
    Passes: 13 95255, Time/Memory: 43.19,104088, Output: ['13 95255']
  📊 Iteration 6/10 for Twitch kpathA k=3...
    Passes: 6 97187, Time/Memory: 27.02,184920, Output: ['6 97187']
  📊 Iteration 9/10 for Twitch kpathA k=8...
    Passes: 7 96407, Time/Memory: 30.58,156132, Output: ['7 96407']
  📊 Iteration 9/10 for Twitch kpathA k=6...
    Passes: 7 99554, Time/Memory: 37.21,168616, Output: ['7 99554']
  📊 Iteration 7/10 for Twitch kpathA k=7...
    Passes: 93 13168, Time/Memory: 231.90,17508, Output: ['93 13168']
  📊 Iteration 2/10 for Belcastro kpathA k=8...
    Passes: 8 96173, Time/Memory: 29.66,139724, Output: ['8 96173']
  📊 Iteration 9/10 for Twitch kpathA k=5...
    Passes: 10 96068, Time/Memory: 46.83,120400, Output: ['10 96068']
  📊 Iteration 7/10 for Twitch kpathA k=4...
    Passes: 6 97187, Time/Memory: 29.55,185680, Output: ['6 97187']
  📊 Iteration 10/10 for Twitch kpathA k=8...
    Passes: 7 96407, Time/Memory: 27.57,155012, Output: ['7 96407']
  📊 Iteration 10/10 for Twitch kpathA k=6...
    Passes: 101 13151, Time/Memory: 258.02,15476, Output: ['101 13151']
  📊 Iteration 2/10 for Belcastro kpathA k=7...
    Passes: 7 99554, Time/Memory: 36.15,168336, Output: ['7 99554']
  📊 Iteration 8/10 for Twitch kpathA k=7...
    Passes: 13 95255, Time/Memory: 44.67,105264, Output: ['13 95255']
  📊 Iteration 7/10 for Twitch kpathA k=3...
    Passes: 8 96173, Time/Memory: 34.73,140712, Output: ['8 96173']
  📊 Iteration 10/10 for Twitch kpathA k=5...
    Passes: 6 97187, Time/Memory: 28.51,185752, Output: ['6 97187']
✅ Completed Twitch kpathA k=8: 28.01s, 184364.4KB
✅ [1/18] Completed Twitch kpathA k=8
    Passes: 7 96407, Time/Memory: 27.78,156232, Output: ['7 96407']
✅ Completed Twitch kpathA k=6: 28.04s, 155804.4KB
✅ [2/18] Completed Twitch kpathA k=6
    Passes: 111 13131, Time/Memory: 286.74,14416, Output: ['111 13131']
  📊 Iteration 2/10 for Belcastro kpathA k=6...
    Passes: 10 96068, Time/Memory: 47.11,121488, Output: ['10 96068']
  📊 Iteration 8/10 for Twitch kpathA k=4...
    Passes: 7 99554, Time/Memory: 36.19,166488, Output: ['7 99554']
  📊 Iteration 9/10 for Twitch kpathA k=7...
    Passes: 8 96173, Time/Memory: 33.62,139584, Output: ['8 96173']
✅ Completed Twitch kpathA k=5: 30.75s, 140588.0KB
✅ [3/18] Completed Twitch kpathA k=5
    Passes: 13 95255, Time/Memory: 44.58,105916, Output: ['13 95255']
  📊 Iteration 8/10 for Twitch kpathA k=3...
    Passes: 10 96068, Time/Memory: 37.37,119620, Output: ['10 96068']
  📊 Iteration 9/10 for Twitch kpathA k=4...
    Passes: 7 99554, Time/Memory: 37.50,166100, Output: ['7 99554']
  📊 Iteration 10/10 for Twitch kpathA k=7...
    Passes: 131 13113, Time/Memory: 340.41,13444, Output: ['131 13113']
  📊 Iteration 2/10 for Belcastro kpathA k=5...
    Passes: 13 95255, Time/Memory: 48.31,103972, Output: ['13 95255']
  📊 Iteration 9/10 for Twitch kpathA k=3...
    Passes: 10 96068, Time/Memory: 42.13,119344, Output: ['10 96068']
  📊 Iteration 10/10 for Twitch kpathA k=4...
    Passes: 7 99554, Time/Memory: 39.99,166588, Output: ['7 99554']
✅ Completed Twitch kpathA k=7: 37.78s, 166774.4KB
✅ [4/18] Completed Twitch kpathA k=7
    Passes: 154 13068, Time/Memory: 394.41,11388, Output: ['154 13068']
  📊 Iteration 2/10 for Belcastro kpathA k=4...
    Passes: 10 96068, Time/Memory: 36.41,120480, Output: ['10 96068']
✅ Completed Twitch kpathA k=4: 40.38s, 119945.6KB
✅ [5/18] Completed Twitch kpathA k=4
    Passes: 13 95255, Time/Memory: 43.73,105052, Output: ['13 95255']
  📊 Iteration 10/10 for Twitch kpathA k=3...
    Passes: 13 95255, Time/Memory: 41.91,103744, Output: ['13 95255']
✅ Completed Twitch kpathA k=3: 44.53s, 104901.6KB
✅ [6/18] Completed Twitch kpathA k=3
    Passes: 93 13168, Time/Memory: 227.75,16484, Output: ['93 13168']
  📊 Iteration 3/10 for Belcastro kpathA k=8...
    Passes: 198 13083, Time/Memory: 508.38,11388, Output: ['198 13083']
  📊 Iteration 2/10 for Belcastro kpathA k=3...
    Passes: 101 13151, Time/Memory: 255.84,15472, Output: ['101 13151']
  📊 Iteration 3/10 for Belcastro kpathA k=7...
    Passes: 111 13131, Time/Memory: 278.19,14452, Output: ['111 13131']
  📊 Iteration 3/10 for Belcastro kpathA k=6...
    Passes: 131 13113, Time/Memory: 333.26,12404, Output: ['131 13113']
  📊 Iteration 3/10 for Belcastro kpathA k=5...
    Passes: 93 13168, Time/Memory: 228.76,16476, Output: ['93 13168']
  📊 Iteration 4/10 for Belcastro kpathA k=8...
    Passes: 101 13151, Time/Memory: 248.07,16492, Output: ['101 13151']
  📊 Iteration 4/10 for Belcastro kpathA k=7...
    Passes: 154 13068, Time/Memory: 371.76,11380, Output: ['154 13068']
  📊 Iteration 3/10 for Belcastro kpathA k=4...
    Passes: 111 13131, Time/Memory: 272.39,15492, Output: ['111 13131']
  📊 Iteration 4/10 for Belcastro kpathA k=6...
    Passes: 93 13168, Time/Memory: 223.94,17460, Output: ['93 13168']
  📊 Iteration 5/10 for Belcastro kpathA k=8...
    Passes: 131 13113, Time/Memory: 320.19,12408, Output: ['131 13113']
  📊 Iteration 4/10 for Belcastro kpathA k=5...
    Passes: 198 13083, Time/Memory: 497.12,11380, Output: ['198 13083']
  📊 Iteration 3/10 for Belcastro kpathA k=3...
    Passes: 101 13151, Time/Memory: 248.61,16484, Output: ['101 13151']
  📊 Iteration 5/10 for Belcastro kpathA k=7...
    Passes: 111 13131, Time/Memory: 269.42,15528, Output: ['111 13131']
  📊 Iteration 5/10 for Belcastro kpathA k=6...
    Passes: 93 13168, Time/Memory: 223.41,17532, Output: ['93 13168']
  📊 Iteration 6/10 for Belcastro kpathA k=8...
    Passes: 154 13068, Time/Memory: 370.31,11336, Output: ['154 13068']
  📊 Iteration 4/10 for Belcastro kpathA k=4...
    Passes: 101 13151, Time/Memory: 245.74,16484, Output: ['101 13151']
  📊 Iteration 6/10 for Belcastro kpathA k=7...
    Passes: 131 13113, Time/Memory: 318.50,13420, Output: ['131 13113']
  📊 Iteration 5/10 for Belcastro kpathA k=5...
    Passes: 93 13168, Time/Memory: 233.00,17484, Output: ['93 13168']
  📊 Iteration 7/10 for Belcastro kpathA k=8...
    Passes: 111 13131, Time/Memory: 274.06,15472, Output: ['111 13131']
  📊 Iteration 6/10 for Belcastro kpathA k=6...
    Passes: 198 13083, Time/Memory: 485.32,11344, Output: ['198 13083']
  📊 Iteration 4/10 for Belcastro kpathA k=3...
    Passes: 101 13151, Time/Memory: 251.71,16500, Output: ['101 13151']
  📊 Iteration 7/10 for Belcastro kpathA k=7...
    Passes: 154 13068, Time/Memory: 381.88,12352, Output: ['154 13068']
  📊 Iteration 5/10 for Belcastro kpathA k=4...
    Passes: 93 13168, Time/Memory: 236.89,16524, Output: ['93 13168']
  📊 Iteration 8/10 for Belcastro kpathA k=8...
    Passes: 131 13113, Time/Memory: 331.81,13388, Output: ['131 13113']
  📊 Iteration 6/10 for Belcastro kpathA k=5...
    Passes: 111 13131, Time/Memory: 287.81,14452, Output: ['111 13131']
  📊 Iteration 7/10 for Belcastro kpathA k=6...
    Passes: 101 13151, Time/Memory: 261.52,16500, Output: ['101 13151']
  📊 Iteration 8/10 for Belcastro kpathA k=7...
    Passes: 93 13168, Time/Memory: 243.25,16452, Output: ['93 13168']
  📊 Iteration 9/10 for Belcastro kpathA k=8...
    Passes: 154 13068, Time/Memory: 385.99,11340, Output: ['154 13068']
  📊 Iteration 6/10 for Belcastro kpathA k=4...
    Passes: 111 13131, Time/Memory: 275.87,15472, Output: ['111 13131']
  📊 Iteration 8/10 for Belcastro kpathA k=6...
    Passes: 131 13113, Time/Memory: 336.86,12388, Output: ['131 13113']
  📊 Iteration 7/10 for Belcastro kpathA k=5...
    Passes: 198 13083, Time/Memory: 500.32,10388, Output: ['198 13083']
  📊 Iteration 5/10 for Belcastro kpathA k=3...
    Passes: 101 13151, Time/Memory: 260.65,16560, Output: ['101 13151']
  📊 Iteration 9/10 for Belcastro kpathA k=7...
    Passes: 93 13168, Time/Memory: 249.11,16480, Output: ['93 13168']
  📊 Iteration 10/10 for Belcastro kpathA k=8...
    Passes: 111 13131, Time/Memory: 289.99,14440, Output: ['111 13131']
  📊 Iteration 9/10 for Belcastro kpathA k=6...
    Passes: 101 13151, Time/Memory: 260.46,16520, Output: ['101 13151']
  📊 Iteration 10/10 for Belcastro kpathA k=7...
    Passes: 154 13068, Time/Memory: 388.85,11408, Output: ['154 13068']
  📊 Iteration 7/10 for Belcastro kpathA k=4...
    Passes: 131 13113, Time/Memory: 330.98,13452, Output: ['131 13113']
  📊 Iteration 8/10 for Belcastro kpathA k=5...
    Passes: 93 13168, Time/Memory: 235.23,17468, Output: ['93 13168']
✅ Completed Belcastro kpathA k=8: 233.32s, 16986.8KB
✅ [7/18] Completed Belcastro kpathA k=8
    Passes: 198 13083, Time/Memory: 493.79,11364, Output: ['198 13083']
  📊 Iteration 6/10 for Belcastro kpathA k=3...
    Passes: 111 13131, Time/Memory: 278.02,14400, Output: ['111 13131']
  📊 Iteration 10/10 for Belcastro kpathA k=6...
    Passes: 101 13151, Time/Memory: 254.16,16488, Output: ['101 13151']
✅ Completed Belcastro kpathA k=7: 254.48s, 16297.6KB
✅ [8/18] Completed Belcastro kpathA k=7
    Passes: 131 13113, Time/Memory: 333.47,13464, Output: ['131 13113']
  📊 Iteration 9/10 for Belcastro kpathA k=5...
    Passes: 154 13068, Time/Memory: 386.48,12392, Output: ['154 13068']
  📊 Iteration 8/10 for Belcastro kpathA k=4...
    Passes: 111 13131, Time/Memory: 276.44,15460, Output: ['111 13131']
✅ Completed Belcastro kpathA k=6: 278.89s, 14958.4KB
✅ [9/18] Completed Belcastro kpathA k=6
    Passes: 131 13113, Time/Memory: 329.69,13424, Output: ['131 13113']
  📊 Iteration 10/10 for Belcastro kpathA k=5...
    Passes: 198 13083, Time/Memory: 483.50,11372, Output: ['198 13083']
  📊 Iteration 7/10 for Belcastro kpathA k=3...
    Passes: 154 13068, Time/Memory: 382.94,12360, Output: ['154 13068']
  📊 Iteration 9/10 for Belcastro kpathA k=4...
    Passes: 131 13113, Time/Memory: 317.64,13440, Output: ['131 13113']
✅ Completed Belcastro kpathA k=5: 329.28s, 13123.2KB
✅ [10/18] Completed Belcastro kpathA k=5
    Passes: 154 13068, Time/Memory: 380.14,11380, Output: ['154 13068']
  📊 Iteration 10/10 for Belcastro kpathA k=4...
    Passes: 198 13083, Time/Memory: 470.86,11364, Output: ['198 13083']
  📊 Iteration 8/10 for Belcastro kpathA k=3...
    Passes: 154 13068, Time/Memory: 374.49,12432, Output: ['154 13068']
