🎯 Total configurations to run: 9
🔄 Running with 36 parallel workers
🚀 Running Belcastro with klev0, k=644, iterations=12, file=1
  📊 Iteration 1/12 for Belcastro klev0 k=644...
🚀 Running Belcastro with klev1, k=3, iterations=12, file=2
  📊 Iteration 1/12 for Belcastro klev1 k=3...
🚀 Running Belcastro with klev1, k=4, iterations=12, file=3
  📊 Iteration 1/12 for Belcastro klev1 k=4...
🚀 Running Twitch with kpathN, k=4, iterations=10, file=1
  📊 Iteration 1/10 for Twitch kpathN k=4...
🚀 Running Twitch with klev0, k=1, iterations=10, file=2
  📊 Iteration 1/10 for Twitch klev0 k=1...
🚀 Running Twitch with kpathN, k=5, iterations=10, file=3
  📊 Iteration 1/10 for Twitch kpathN k=5...
🚀 Running Amazon with klev0, k=2, iterations=10, file=1
  📊 Iteration 1/10 for Amazon klev0 k=2...
🚀 Running Amazon with klev0, k=3, iterations=10, file=2
  📊 Iteration 1/10 for Amazon klev0 k=3...
🚀 Running Amazon with klev0, k=4, iterations=10, file=3
  📊 Iteration 1/10 for Amazon klev0 k=4...
    Passes: 3, Time/Memory: 10.45,9252, Output: ['3']
  📊 Iteration 2/12 for Belcastro klev1 k=4...
    Passes: 3, Time/Memory: 10.46,8280, Output: ['3']
  📊 Iteration 2/12 for Belcastro klev1 k=3...
    Passes: 4, Time/Memory: 12.85,37956, Output: ['4']
  📊 Iteration 2/12 for Belcastro klev0 k=644...
    Passes: 3, Time/Memory: 10.53,9248, Output: ['3']
  📊 Iteration 3/12 for Belcastro klev1 k=4...
    Passes: 3, Time/Memory: 10.53,9252, Output: ['3']
  📊 Iteration 3/12 for Belcastro klev1 k=3...
    Passes: 7, Time/Memory: 26.91,141032, Output: ['7']
  📊 Iteration 2/10 for Twitch kpathN k=5...
    Passes: 4, Time/Memory: 15.96,37932, Output: ['4']
  📊 Iteration 3/12 for Belcastro klev0 k=644...
    Passes: 3, Time/Memory: 10.39,9256, Output: ['3']
  📊 Iteration 4/12 for Belcastro klev1 k=4...
    Passes: 3, Time/Memory: 10.51,9252, Output: ['3']
  📊 Iteration 4/12 for Belcastro klev1 k=3...
    Passes: 9, Time/Memory: 34.12,121152, Output: ['9']
  📊 Iteration 2/10 for Twitch kpathN k=4...
    Passes: 5, Time/Memory: 35.96,73816, Output: ['5']
  📊 Iteration 2/10 for Twitch klev0 k=1...
    Passes: 3, Time/Memory: 10.44,8224, Output: ['3']
  📊 Iteration 5/12 for Belcastro klev1 k=4...
    Passes: 3, Time/Memory: 10.36,9252, Output: ['3']
  📊 Iteration 5/12 for Belcastro klev1 k=3...
    Passes: 4, Time/Memory: 16.05,37952, Output: ['4']
  📊 Iteration 4/12 for Belcastro klev0 k=644...
    Passes: 7, Time/Memory: 24.96,141324, Output: ['7']
  📊 Iteration 3/10 for Twitch kpathN k=5...
    Passes: 3, Time/Memory: 10.39,8228, Output: ['3']
  📊 Iteration 6/12 for Belcastro klev1 k=4...
    Passes: 3, Time/Memory: 10.41,9252, Output: ['3']
  📊 Iteration 6/12 for Belcastro klev1 k=3...
    Passes: 4, Time/Memory: 16.08,37916, Output: ['4']
  📊 Iteration 5/12 for Belcastro klev0 k=644...
    Passes: 3, Time/Memory: 10.54,9332, Output: ['3']
  📊 Iteration 7/12 for Belcastro klev1 k=3...
    Passes: 3, Time/Memory: 10.91,8244, Output: ['3']
  📊 Iteration 7/12 for Belcastro klev1 k=4...
    Passes: 9, Time/Memory: 32.07,120412, Output: ['9']
  📊 Iteration 3/10 for Twitch kpathN k=4...
    Passes: 5, Time/Memory: 33.92,74788, Output: ['5']
  📊 Iteration 3/10 for Twitch klev0 k=1...
    Passes: 3, Time/Memory: 10.53,9248, Output: ['3']
  📊 Iteration 8/12 for Belcastro klev1 k=3...
    Passes: 3, Time/Memory: 10.64,9252, Output: ['3']
  📊 Iteration 8/12 for Belcastro klev1 k=4...
    Passes: 4, Time/Memory: 13.09,37956, Output: ['4']
  📊 Iteration 6/12 for Belcastro klev0 k=644...
    Passes: 7, Time/Memory: 26.99,141276, Output: ['7']
  📊 Iteration 4/10 for Twitch kpathN k=5...
    Passes: 3, Time/Memory: 10.55,9252, Output: ['3']
  📊 Iteration 9/12 for Belcastro klev1 k=3...
    Passes: 3, Time/Memory: 11.29,9284, Output: ['3']
  📊 Iteration 9/12 for Belcastro klev1 k=4...
    Passes: 4, Time/Memory: 12.99,37924, Output: ['4']
  📊 Iteration 7/12 for Belcastro klev0 k=644...
    Passes: 3, Time/Memory: 10.62,8304, Output: ['3']
  📊 Iteration 10/12 for Belcastro klev1 k=3...
    Passes: 3, Time/Memory: 10.55,9252, Output: ['3']
  📊 Iteration 10/12 for Belcastro klev1 k=4...
    Passes: 9, Time/Memory: 31.94,121416, Output: ['9']
  📊 Iteration 4/10 for Twitch kpathN k=4...
    Passes: 4, Time/Memory: 13.07,37924, Output: ['4']
  📊 Iteration 8/12 for Belcastro klev0 k=644...
    Passes: 5, Time/Memory: 33.80,74872, Output: ['5']
  📊 Iteration 4/10 for Twitch klev0 k=1...
    Passes: 3, Time/Memory: 10.46,9252, Output: ['3']
  📊 Iteration 11/12 for Belcastro klev1 k=3...
    Passes: 7, Time/Memory: 27.03,141312, Output: ['7']
  📊 Iteration 5/10 for Twitch kpathN k=5...
    Passes: 3, Time/Memory: 12.15,8228, Output: ['3']
  📊 Iteration 11/12 for Belcastro klev1 k=4...
    Passes: 4, Time/Memory: 13.04,37924, Output: ['4']
  📊 Iteration 9/12 for Belcastro klev0 k=644...
    Passes: 3, Time/Memory: 10.49,9252, Output: ['3']
  📊 Iteration 12/12 for Belcastro klev1 k=3...
    Passes: 3, Time/Memory: 10.77,9280, Output: ['3']
  📊 Iteration 12/12 for Belcastro klev1 k=4...
    Passes: 3, Time/Memory: 10.44,9252, Output: ['3']
✅ Completed Belcastro klev1 k=3: 10.49s, 9098.33KB
✅ [1/9] Completed Belcastro klev1 k=3
    Passes: 4, Time/Memory: 13.26,37976, Output: ['4']
  📊 Iteration 10/12 for Belcastro klev0 k=644...
    Passes: 3, Time/Memory: 10.75,9252, Output: ['3']
✅ Completed Belcastro klev1 k=4: 10.77s, 8916.67KB
✅ [2/9] Completed Belcastro klev1 k=4
    Passes: 9, Time/Memory: 32.36,121476, Output: ['9']
  📊 Iteration 5/10 for Twitch kpathN k=4...
    Passes: 7, Time/Memory: 27.11,141272, Output: ['7']
  📊 Iteration 6/10 for Twitch kpathN k=5...
    Passes: 5, Time/Memory: 33.97,74816, Output: ['5']
  📊 Iteration 5/10 for Twitch klev0 k=1...
    Passes: 4, Time/Memory: 12.66,36920, Output: ['4']
  📊 Iteration 11/12 for Belcastro klev0 k=644...
    Passes: 4, Time/Memory: 13.05,37916, Output: ['4']
  📊 Iteration 12/12 for Belcastro klev0 k=644...
    Passes: 7, Time/Memory: 24.96,140044, Output: ['7']
  📊 Iteration 7/10 for Twitch kpathN k=5...
    Passes: 4, Time/Memory: 13.08,37924, Output: ['4']
✅ Completed Belcastro klev0 k=644: 13.77s, 37851.67KB
✅ [3/9] Completed Belcastro klev0 k=C
    Passes: 9, Time/Memory: 35.08,122176, Output: ['9']
  📊 Iteration 6/10 for Twitch kpathN k=4...
    Passes: 5, Time/Memory: 34.12,74816, Output: ['5']
  📊 Iteration 6/10 for Twitch klev0 k=1...
    Passes: 7, Time/Memory: 24.47,141032, Output: ['7']
  📊 Iteration 8/10 for Twitch kpathN k=5...
    Passes: 9, Time/Memory: 34.06,121408, Output: ['9']
  📊 Iteration 7/10 for Twitch kpathN k=4...
    Passes: 5, Time/Memory: 33.72,73792, Output: ['5']
  📊 Iteration 7/10 for Twitch klev0 k=1...
    Passes: 7, Time/Memory: 25.45,141748, Output: ['7']
  📊 Iteration 9/10 for Twitch kpathN k=5...
    Passes: 9, Time/Memory: 33.25,121424, Output: ['9']
  📊 Iteration 8/10 for Twitch kpathN k=4...
    Passes: 7, Time/Memory: 25.06,141036, Output: ['7']
  📊 Iteration 10/10 for Twitch kpathN k=5...
    Passes: 5, Time/Memory: 33.99,74788, Output: ['5']
  📊 Iteration 8/10 for Twitch klev0 k=1...
    Passes: 7, Time/Memory: 25.57,141036, Output: ['7']
✅ Completed Twitch kpathN k=5: 25.85s, 141111.2KB
✅ [4/9] Completed Twitch kpathN k=5
    Passes: 9, Time/Memory: 33.69,122200, Output: ['9']
  📊 Iteration 9/10 for Twitch kpathN k=4...
    Passes: 5, Time/Memory: 44.47,72768, Output: ['5']
  📊 Iteration 9/10 for Twitch klev0 k=1...
    Passes: 9, Time/Memory: 31.58,121444, Output: ['9']
  📊 Iteration 10/10 for Twitch kpathN k=4...
    Passes: 9, Time/Memory: 31.62,121148, Output: ['9']
✅ Completed Twitch kpathN k=4: 32.98s, 121425.6KB
✅ [5/9] Completed Twitch kpathN k=4
    Passes: 5, Time/Memory: 48.74,74788, Output: ['5']
  📊 Iteration 10/10 for Twitch klev0 k=1...
    Passes: 5, Time/Memory: 34.13,74788, Output: ['5']
✅ Completed Twitch klev0 k=1: 36.68s, 74403.2KB
✅ [6/9] Completed Twitch klev0 k=1
    Passes: 6, Time/Memory: 511.56,134212, Output: ['6']
  📊 Iteration 2/10 for Amazon klev0 k=4...
    Passes: 6, Time/Memory: 511.68,136228, Output: ['6']
  📊 Iteration 2/10 for Amazon klev0 k=3...
    Passes: 6, Time/Memory: 546.36,135252, Output: ['6']
  📊 Iteration 2/10 for Amazon klev0 k=2...
    Passes: 6, Time/Memory: 499.70,136316, Output: ['6']
  📊 Iteration 3/10 for Amazon klev0 k=4...
    Passes: 6, Time/Memory: 501.40,137252, Output: ['6']
  📊 Iteration 3/10 for Amazon klev0 k=3...
    Passes: 6, Time/Memory: 503.00,135212, Output: ['6']
  📊 Iteration 3/10 for Amazon klev0 k=2...
    Passes: 6, Time/Memory: 497.78,136288, Output: ['6']
  📊 Iteration 4/10 for Amazon klev0 k=4...
    Passes: 6, Time/Memory: 504.52,134264, Output: ['6']
  📊 Iteration 4/10 for Amazon klev0 k=3...
    Passes: 6, Time/Memory: 500.37,135232, Output: ['6']
  📊 Iteration 4/10 for Amazon klev0 k=2...
    Passes: 6, Time/Memory: 503.14,134180, Output: ['6']
  📊 Iteration 5/10 for Amazon klev0 k=4...
    Passes: 6, Time/Memory: 504.03,136256, Output: ['6']
  📊 Iteration 5/10 for Amazon klev0 k=3...
    Passes: 6, Time/Memory: 497.57,136260, Output: ['6']
  📊 Iteration 5/10 for Amazon klev0 k=2...
    Passes: 6, Time/Memory: 497.13,137248, Output: ['6']
  📊 Iteration 6/10 for Amazon klev0 k=4...
    Passes: 6, Time/Memory: 503.19,136228, Output: ['6']
  📊 Iteration 6/10 for Amazon klev0 k=3...
    Passes: 6, Time/Memory: 508.70,136264, Output: ['6']
  📊 Iteration 6/10 for Amazon klev0 k=2...
    Passes: 6, Time/Memory: 498.44,136228, Output: ['6']
  📊 Iteration 7/10 for Amazon klev0 k=4...
    Passes: 6, Time/Memory: 488.83,136256, Output: ['6']
  📊 Iteration 7/10 for Amazon klev0 k=3...
    Passes: 6, Time/Memory: 502.30,137252, Output: ['6']
  📊 Iteration 7/10 for Amazon klev0 k=2...
    Passes: 6, Time/Memory: 487.98,135204, Output: ['6']
  📊 Iteration 8/10 for Amazon klev0 k=3...
    Passes: 6, Time/Memory: 496.04,137252, Output: ['6']
  📊 Iteration 8/10 for Amazon klev0 k=4...
    Passes: 6, Time/Memory: 502.58,137252, Output: ['6']
  📊 Iteration 8/10 for Amazon klev0 k=2...
    Passes: 6, Time/Memory: 498.21,137300, Output: ['6']
  📊 Iteration 9/10 for Amazon klev0 k=4...
    Passes: 6, Time/Memory: 506.90,136252, Output: ['6']
  📊 Iteration 9/10 for Amazon klev0 k=3...
    Passes: 6, Time/Memory: 506.28,137252, Output: ['6']
  📊 Iteration 9/10 for Amazon klev0 k=2...
    Passes: 6, Time/Memory: 502.97,135204, Output: ['6']
  📊 Iteration 10/10 for Amazon klev0 k=4...
    Passes: 6, Time/Memory: 501.26,135204, Output: ['6']
  📊 Iteration 10/10 for Amazon klev0 k=3...
    Passes: 6, Time/Memory: 503.94,136288, Output: ['6']
  📊 Iteration 10/10 for Amazon klev0 k=2...
    Passes: 6, Time/Memory: 498.25,137252, Output: ['6']
✅ Completed Amazon klev0 k=3: 500.8s, 136039.6KB
✅ [7/9] Completed Amazon klev0 k=3
    Passes: 6, Time/Memory: 505.38,136256, Output: ['6']
✅ Completed Amazon klev0 k=4: 501.04s, 136048.4KB
✅ [8/9] Completed Amazon klev0 k=4
    Passes: 6, Time/Memory: 502.77,136236, Output: ['6']
✅ Completed Amazon klev0 k=2: 507.39s, 136250.0KB
✅ [9/9] Completed Amazon klev0 k=2

🏁 All experiments completed!
✅ Successful: 9
❌ Failed: 0
📁 Results saved in ./results/real/average_concurrent_runs
