Iteration 1/10 for Graph Orkut running klevN with k=39...
    Passes: 1, Time/Memory: 55.71,3052224, Output: ['1']
Iteration 2/10 for Graph Orkut running klevN with k=39...
    Passes: 1, Time/Memory: 56.29,3052372, Output: ['1']
Iteration 3/10 for Graph Orkut running klevN with k=39...
    Passes: 1, Time/Memory: 55.89,3052428, Output: ['1']
Iteration 4/10 for Graph Orkut running klevN with k=39...
    Passes: 1, Time/Memory: 56.00,3053392, Output: ['1']
Iteration 5/10 for Graph Orkut running klevN with k=39...
    Passes: 1, Time/Memory: 56.11,3052204, Output: ['1']
Iteration 6/10 for Graph Orkut running klevN with k=39...
    Passes: 1, Time/Memory: 56.38,3053332, Output: ['1']
Iteration 7/10 for Graph Orkut running klevN with k=39...
    Passes: 1, Time/Memory: 56.00,3052332, Output: ['1']
Iteration 8/10 for Graph Orkut running klevN with k=39...
    Passes: 1, Time/Memory: 56.21,3053416, Output: ['1']
Iteration 9/10 for Graph Orkut running klevN with k=39...
    Passes: 1, Time/Memory: 56.47,3053436, Output: ['1']
Iteration 10/10 for Graph Orkut running klevN with k=39...
    Passes: 1, Time/Memory: 56.02,3053436, Output: ['1']
Results for Orkut running klevN saved to ./results/real/average_concurrent_runs
Iteration 1/10 for Graph Orkut running klev2 with k=39...
    Passes: 1, Time/Memory: 55.31,3053436, Output: ['1']
Iteration 2/10 for Graph Orkut running klev2 with k=39...
    Passes: 1, Time/Memory: 55.90,3053436, Output: ['1']
Iteration 3/10 for Graph Orkut running klev2 with k=39...
    Passes: 1, Time/Memory: 56.00,3053432, Output: ['1']
Iteration 4/10 for Graph Orkut running klev2 with k=39...
    Passes: 1, Time/Memory: 55.88,3052448, Output: ['1']
Iteration 5/10 for Graph Orkut running klev2 with k=39...
    Passes: 1, Time/Memory: 55.67,3052260, Output: ['1']
Iteration 6/10 for Graph Orkut running klev2 with k=39...
    Passes: 1, Time/Memory: 55.54,3053456, Output: ['1']
Iteration 7/10 for Graph Orkut running klev2 with k=39...
    Passes: 1, Time/Memory: 60.32,3050356, Output: ['1']
Iteration 8/10 for Graph Orkut running klev2 with k=39...
    Passes: 1, Time/Memory: 56.06,3053444, Output: ['1']
Iteration 9/10 for Graph Orkut running klev2 with k=39...
    Passes: 1, Time/Memory: 55.73,3053272, Output: ['1']
Iteration 10/10 for Graph Orkut running klev2 with k=39...
    Passes: 1, Time/Memory: 56.09,3053432, Output: ['1']
Results for Orkut running klev2 saved to ./results/real/average_concurrent_runs
Iteration 1/10 for Graph Orkut running klev1 with k=39...
    Passes: 1, Time/Memory: 55.57,3052436, Output: ['1']
Iteration 2/10 for Graph Orkut running klev1 with k=39...
    Passes: 1, Time/Memory: 55.97,3053368, Output: ['1']
Iteration 3/10 for Graph Orkut running klev1 with k=39...
    Passes: 1, Time/Memory: 56.03,3053432, Output: ['1']
Iteration 4/10 for Graph Orkut running klev1 with k=39...
    Passes: 1, Time/Memory: 56.00,3052200, Output: ['1']
Iteration 5/10 for Graph Orkut running klev1 with k=39...
    Passes: 1, Time/Memory: 58.77,3053296, Output: ['1']
Iteration 6/10 for Graph Orkut running klev1 with k=39...
    Passes: 1, Time/Memory: 59.45,3052468, Output: ['1']
Iteration 7/10 for Graph Orkut running klev1 with k=39...
    Passes: 1, Time/Memory: 55.68,3052308, Output: ['1']
Iteration 8/10 for Graph Orkut running klev1 with k=39...
    Passes: 1, Time/Memory: 56.22,3051328, Output: ['1']
Iteration 9/10 for Graph Orkut running klev1 with k=39...
    Passes: 1, Time/Memory: 56.51,3053432, Output: ['1']
Iteration 10/10 for Graph Orkut running klev1 with k=39...
    Passes: 1, Time/Memory: 56.10,3051368, Output: ['1']
Results for Orkut running klev1 saved to ./results/real/average_concurrent_runs
