
Running CU for variant 0...
  Running k=1,...
    Passes: 4, Time/Memory: 0.00,3628, Output: ['4']
  Running k=2,...
    Passes: 4, Time/Memory: 0.00,3676, Output: ['4']
  Running k=3,...
    Passes: 4, Time/Memory: 0.00,3768, Output: ['4']
  Running k=4,...
    Passes: 4, Time/Memory: 0.00,3812, Output: ['4']
  Running k=5,...
    Passes: 4, Time/Memory: 0.00,3808, Output: ['4']
  Running k=6,...
    Passes: 4, Time/Memory: 0.00,3664, Output: ['4']
  Running k=7,...
    Passes: 4, Time/Memory: 0.00,3812, Output: ['4']
  Running k=8,...
    Passes: 4, Time/Memory: 0.00,3620, Output: ['4']
  Running k=9,...
    Passes: 3, Time/Memory: 0.00,3652, Output: ['3']
  Running k=10,...
    Passes: 3, Time/Memory: 0.00,3668, Output: ['3']
  Running c=3,...
    Passes: 4, Time/Memory: 0.00,3812, Output: ['4']
Results for CU running klev0 saved to ./results/real/table_data

Running CU for variant 1...
  Running k=1,...
    Passes: 3, Time/Memory: 0.00,3648, Output: ['3']
  Running k=2,...
    Passes: 3, Time/Memory: 0.00,3804, Output: ['3']
  Running k=3,...
    Passes: 1, Time/Memory: 0.00,3560, Output: ['1']
  Running k=4,...
    Passes: 1, Time/Memory: 0.00,3612, Output: ['1']
  Running k=5,...
    Passes: 1, Time/Memory: 0.00,3748, Output: ['1']
  Running k=6,...
    Passes: 1, Time/Memory: 0.00,3644, Output: ['1']
  Running k=7,...
    Passes: 1, Time/Memory: 0.00,3664, Output: ['1']
  Running k=8,...
    Passes: 1, Time/Memory: 0.00,3748, Output: ['1']
  Running k=9,...
    Passes: 1, Time/Memory: 0.00,3600, Output: ['1']
  Running k=10,...
    Passes: 1, Time/Memory: 0.00,3720, Output: ['1']
  Running c=3,...
    Passes: 1, Time/Memory: 0.00,3640, Output: ['1']
Results for CU running klev1 saved to ./results/real/table_data

Running CU for variant 2...
  Running k=1,...
    Passes: 2, Time/Memory: 0.00,3808, Output: ['2']
  Running k=2,...
    Passes: 2, Time/Memory: 0.00,3816, Output: ['2']
  Running k=3,...
    Passes: 1, Time/Memory: 0.00,3656, Output: ['1']
  Running k=4,...
    Passes: 1, Time/Memory: 0.00,3612, Output: ['1']
  Running k=5,...
    Passes: 1, Time/Memory: 0.00,3644, Output: ['1']
  Running k=6,...
    Passes: 1, Time/Memory: 0.00,3764, Output: ['1']
  Running k=7,...
    Passes: 1, Time/Memory: 0.00,3608, Output: ['1']
  Running k=8,...
    Passes: 1, Time/Memory: 0.00,3664, Output: ['1']
  Running k=9,...
    Passes: 1, Time/Memory: 0.00,3608, Output: ['1']
  Running k=10,...
    Passes: 1, Time/Memory: 0.00,3560, Output: ['1']
  Running c=3,...
    Passes: 1, Time/Memory: 0.00,3652, Output: ['1']
Results for CU running klev2 saved to ./results/real/table_data

Running CU for variant N...
  Running k=1,...
    Passes: 1, Time/Memory: 0.00,3812, Output: ['1']
  Running k=2,...
    Passes: 1, Time/Memory: 0.00,3728, Output: ['1']
  Running k=3,...
    Passes: 1, Time/Memory: 0.00,3644, Output: ['1']
  Running k=4,...
    Passes: 1, Time/Memory: 0.00,3644, Output: ['1']
  Running k=5,...
    Passes: 1, Time/Memory: 0.00,3596, Output: ['1']
  Running k=6,...
    Passes: 1, Time/Memory: 0.00,3644, Output: ['1']
  Running k=7,...
    Passes: 1, Time/Memory: 0.00,3664, Output: ['1']
  Running k=8,...
    Passes: 1, Time/Memory: 0.00,3596, Output: ['1']
  Running k=9,...
    Passes: 1, Time/Memory: 0.00,3720, Output: ['1']
  Running k=10,...
    Passes: 1, Time/Memory: 0.00,3608, Output: ['1']
  Running c=3,...
    Passes: 1, Time/Memory: 0.00,3664, Output: ['1']
Results for CU running klevN saved to ./results/real/table_data

Running AJazz for variant 0...
  Running k=1,...
    Passes: 3, Time/Memory: 0.00,3684, Output: ['3']
  Running k=2,...
    Passes: 3, Time/Memory: 0.00,3812, Output: ['3']
  Running k=3,...
    Passes: 3, Time/Memory: 0.00,3668, Output: ['3']
  Running k=4,...
    Passes: 3, Time/Memory: 0.00,3668, Output: ['3']
  Running k=5,...
    Passes: 3, Time/Memory: 0.00,3884, Output: ['3']
  Running k=6,...
    Passes: 3, Time/Memory: 0.00,3788, Output: ['3']
  Running k=7,...
    Passes: 3, Time/Memory: 0.00,3640, Output: ['3']
  Running k=8,...
    Passes: 3, Time/Memory: 0.00,3708, Output: ['3']
  Running k=9,...
    Passes: 3, Time/Memory: 0.00,3784, Output: ['3']
  Running k=10,...
    Passes: 3, Time/Memory: 0.00,3668, Output: ['3']
  Running c=14,...
    Passes: 3, Time/Memory: 0.00,3740, Output: ['3']
Results for AJazz running klev0 saved to ./results/real/table_data

Running AJazz for variant 1...
  Running k=1,...
    Passes: 2, Time/Memory: 0.00,3664, Output: ['2']
  Running k=2,...
    Passes: 2, Time/Memory: 0.00,3804, Output: ['2']
  Running k=3,...
    Passes: 2, Time/Memory: 0.00,3860, Output: ['2']
  Running k=4,...
    Passes: 2, Time/Memory: 0.00,3860, Output: ['2']
  Running k=5,...
    Passes: 2, Time/Memory: 0.00,3816, Output: ['2']
  Running k=6,...
    Passes: 2, Time/Memory: 0.00,3816, Output: ['2']
  Running k=7,...
    Passes: 2, Time/Memory: 0.00,3884, Output: ['2']
  Running k=8,...
    Passes: 2, Time/Memory: 0.00,3780, Output: ['2']
  Running k=9,...
    Passes: 2, Time/Memory: 0.00,3660, Output: ['2']
  Running k=10,...
    Passes: 2, Time/Memory: 0.00,3864, Output: ['2']
  Running c=14,...
    Passes: 1, Time/Memory: 0.00,3840, Output: ['1']
Results for AJazz running klev1 saved to ./results/real/table_data

Running AJazz for variant 2...
  Running k=1,...
    Passes: 2, Time/Memory: 0.00,3828, Output: ['2']
  Running k=2,...
    Passes: 2, Time/Memory: 0.00,3848, Output: ['2']
  Running k=3,...
    Passes: 2, Time/Memory: 0.00,3708, Output: ['2']
  Running k=4,...
    Passes: 2, Time/Memory: 0.00,3720, Output: ['2']
  Running k=5,...
    Passes: 2, Time/Memory: 0.00,3896, Output: ['2']
  Running k=6,...
    Passes: 2, Time/Memory: 0.00,3960, Output: ['2']
  Running k=7,...
    Passes: 2, Time/Memory: 0.00,3772, Output: ['2']
  Running k=8,...
    Passes: 2, Time/Memory: 0.00,3952, Output: ['2']
  Running k=9,...
    Passes: 2, Time/Memory: 0.00,3820, Output: ['2']
  Running k=10,...
    Passes: 2, Time/Memory: 0.00,3840, Output: ['2']
  Running c=14,...
    Passes: 1, Time/Memory: 0.00,3900, Output: ['1']
Results for AJazz running klev2 saved to ./results/real/table_data

Running AJazz for variant N...
  Running k=1,...
    Passes: 2, Time/Memory: 0.00,3888, Output: ['2']
  Running k=2,...
    Passes: 2, Time/Memory: 0.00,3700, Output: ['2']
  Running k=3,...
    Passes: 2, Time/Memory: 0.00,3744, Output: ['2']
  Running k=4,...
    Passes: 2, Time/Memory: 0.00,3728, Output: ['2']
  Running k=5,...
    Passes: 2, Time/Memory: 0.00,3956, Output: ['2']
  Running k=6,...
    Passes: 2, Time/Memory: 0.00,3756, Output: ['2']
  Running k=7,...
    Passes: 2, Time/Memory: 0.00,3896, Output: ['2']
  Running k=8,...
    Passes: 2, Time/Memory: 0.00,4012, Output: ['2']
  Running k=9,...
    Passes: 2, Time/Memory: 0.00,4020, Output: ['2']
  Running k=10,...
    Passes: 2, Time/Memory: 0.00,4052, Output: ['2']
  Running c=14,...
    Passes: 1, Time/Memory: 0.00,3696, Output: ['1']
Results for AJazz running klevN saved to ./results/real/table_data

Running HM for variant 0...
  Running k=1,...
    Passes: 4, Time/Memory: 0.03,4584, Output: ['4']
  Running k=2,...
    Passes: 4, Time/Memory: 0.03,4620, Output: ['4']
  Running k=3,...
    Passes: 4, Time/Memory: 0.03,4468, Output: ['4']
  Running k=4,...
    Passes: 4, Time/Memory: 0.02,4616, Output: ['4']
  Running k=5,...
    Passes: 4, Time/Memory: 0.02,4560, Output: ['4']
  Running k=6,...
    Passes: 4, Time/Memory: 0.02,4484, Output: ['4']
  Running k=7,...
    Passes: 4, Time/Memory: 0.03,4632, Output: ['4']
  Running k=8,...
    Passes: 4, Time/Memory: 0.03,4412, Output: ['4']
  Running k=9,...
    Passes: 4, Time/Memory: 0.02,4536, Output: ['4']
  Running k=10,...
    Passes: 4, Time/Memory: 0.03,4572, Output: ['4']
  Running c=7,...
    Passes: 4, Time/Memory: 0.03,4480, Output: ['4']
Results for HM running klev0 saved to ./results/real/table_data

Running HM for variant 1...
  Running k=1,...
    Passes: 4, Time/Memory: 0.03,4372, Output: ['4']
  Running k=2,...
    Passes: 4, Time/Memory: 0.02,4584, Output: ['4']
  Running k=3,...
    Passes: 4, Time/Memory: 0.02,4604, Output: ['4']
  Running k=4,...
    Passes: 4, Time/Memory: 0.03,4504, Output: ['4']
  Running k=5,...
    Passes: 4, Time/Memory: 0.03,4476, Output: ['4']
  Running k=6,...
    Passes: 4, Time/Memory: 0.02,4532, Output: ['4']
  Running k=7,...
    Passes: 1, Time/Memory: 0.00,4320, Output: ['1']
  Running k=8,...
    Passes: 1, Time/Memory: 0.00,4444, Output: ['1']
  Running k=9,...
    Passes: 1, Time/Memory: 0.00,4420, Output: ['1']
  Running k=10,...
    Passes: 1, Time/Memory: 0.01,4264, Output: ['1']
  Running c=7,...
    Passes: 1, Time/Memory: 0.00,4420, Output: ['1']
Results for HM running klev1 saved to ./results/real/table_data

Running HM for variant 2...
  Running k=1,...
    Passes: 3, Time/Memory: 0.02,4548, Output: ['3']
  Running k=2,...
    Passes: 3, Time/Memory: 0.03,4912, Output: ['3']
  Running k=3,...
    Passes: 3, Time/Memory: 0.03,5156, Output: ['3']
  Running k=4,...
    Passes: 2, Time/Memory: 0.04,5364, Output: ['2']
  Running k=5,...
    Passes: 2, Time/Memory: 0.06,5456, Output: ['2']
  Running k=6,...
    Passes: 2, Time/Memory: 0.06,5656, Output: ['2']
  Running k=7,...
    Passes: 1, Time/Memory: 0.00,4468, Output: ['1']
  Running k=8,...
    Passes: 1, Time/Memory: 0.00,4468, Output: ['1']
  Running k=9,...
    Passes: 1, Time/Memory: 0.00,4472, Output: ['1']
  Running k=10,...
    Passes: 1, Time/Memory: 0.01,4328, Output: ['1']
  Running c=7,...
    Passes: 1, Time/Memory: 0.00,4468, Output: ['1']
Results for HM running klev2 saved to ./results/real/table_data

Running HM for variant N...
  Running k=1,...
    Passes: 3, Time/Memory: 0.02,4636, Output: ['3']
  Running k=2,...
    Passes: 3, Time/Memory: 0.03,4972, Output: ['3']
  Running k=3,...
    Passes: 2, Time/Memory: 0.04,5156, Output: ['2']
  Running k=4,...
    Passes: 2, Time/Memory: 0.05,5124, Output: ['2']
  Running k=5,...
    Passes: 2, Time/Memory: 0.06,5652, Output: ['2']
  Running k=6,...
    Passes: 2, Time/Memory: 0.08,5848, Output: ['2']
  Running k=7,...
    Passes: 1, Time/Memory: 0.01,4272, Output: ['1']
  Running k=8,...
    Passes: 1, Time/Memory: 0.00,4484, Output: ['1']
  Running k=9,...
    Passes: 1, Time/Memory: 0.00,4332, Output: ['1']
  Running k=10,...
    Passes: 1, Time/Memory: 0.00,4464, Output: ['1']
  Running c=7,...
    Passes: 1, Time/Memory: 0.00,4328, Output: ['1']
Results for HM running klevN saved to ./results/real/table_data

Running Belcastro for variant 0...
  Running k=1,...
    Passes: 4, Time/Memory: 8.85,9124, Output: ['4']
  Running k=2,...
    Passes: 4, Time/Memory: 9.12,9012, Output: ['4']
  Running k=3,...
    Passes: 4, Time/Memory: 9.44,9080, Output: ['4']
  Running k=4,...
    Passes: 4, Time/Memory: 9.41,9120, Output: ['4']
  Running k=5,...
    Passes: 4, Time/Memory: 10.26,8972, Output: ['4']
  Running k=6,...
    Passes: 4, Time/Memory: 10.67,9200, Output: ['4']
  Running k=7,...
    Passes: 4, Time/Memory: 9.43,9056, Output: ['4']
  Running k=8,...
    Passes: 4, Time/Memory: 9.26,9216, Output: ['4']
  Running k=9,...
    Passes: 4, Time/Memory: 9.38,9448, Output: ['4']
  Running k=10,...
    Passes: 4, Time/Memory: 9.59,9456, Output: ['4']
  Running c=644,...
    Passes: 4, Time/Memory: 9.69,38144, Output: ['4']
Results for Belcastro running klev0 saved to ./results/real/table_data

Running Belcastro for variant 1...
  Running k=1,...
    Passes: 3, Time/Memory: 7.37,8672, Output: ['3']
  Running k=2,...
    Passes: 3, Time/Memory: 8.48,9032, Output: ['3']
  Running k=3,...
    Passes: 3, Time/Memory: 7.58,9044, Output: ['3']
  Running k=4,...
    Passes: 3, Time/Memory: 7.94,9224, Output: ['3']
  Running k=5,...
    Passes: 3, Time/Memory: 7.50,9204, Output: ['3']
  Running k=6,...
    Passes: 3, Time/Memory: 8.57,9228, Output: ['3']
  Running k=7,...
    Passes: 3, Time/Memory: 8.34,9132, Output: ['3']
  Running k=8,...
    Passes: 3, Time/Memory: 7.57,9160, Output: ['3']
  Running k=9,...
    Passes: 3, Time/Memory: 7.76,9016, Output: ['3']
  Running k=10,...
    Passes: 3, Time/Memory: 8.98,9268, Output: ['3']
  Running c=644,...
    Passes: 1, Time/Memory: 2.38,195332, Output: ['1']
Results for Belcastro running klev1 saved to ./results/real/table_data

Running Belcastro for variant 2...
  Running k=1,...
    Passes: 3, Time/Memory: 7.86,10144, Output: ['3']
  Running k=2,...
    Passes: 3, Time/Memory: 8.94,11288, Output: ['3']
  Running k=3,...
    Passes: 3, Time/Memory: 8.83,12492, Output: ['3']
  Running k=4,...
    Passes: 3, Time/Memory: 9.73,13744, Output: ['3']
  Running k=5,...
    Passes: 3, Time/Memory: 8.68,15084, Output: ['3']
  Running k=6,...
    Passes: 3, Time/Memory: 10.24,16472, Output: ['3']
  Running k=7,...
    Passes: 3, Time/Memory: 9.94,17824, Output: ['3']
  Running k=8,...
    Passes: 3, Time/Memory: 10.16,18932, Output: ['3']
  Running k=9,...
    Passes: 3, Time/Memory: 10.35,20352, Output: ['3']
  Running k=10,...
    Passes: 3, Time/Memory: 10.07,21668, Output: ['3']
  Running c=644,...
    Passes: 1, Time/Memory: 2.73,195384, Output: ['1']
Results for Belcastro running klev2 saved to ./results/real/table_data

Running Belcastro for variant N...
  Running k=1,...
    Passes: 3, Time/Memory: 9.27,9984, Output: ['3']
  Running k=2,...
    Passes: 3, Time/Memory: 9.34,11300, Output: ['3']
  Running k=3,...
    Passes: 3, Time/Memory: 9.64,12640, Output: ['3']
  Running k=4,...
    Passes: 3, Time/Memory: 9.21,13968, Output: ['3']
  Running k=5,...
    Passes: 3, Time/Memory: 11.09,15264, Output: ['3']
  Running k=6,...
    Passes: 3, Time/Memory: 11.90,16356, Output: ['3']
  Running k=7,...
    Passes: 3, Time/Memory: 9.67,17860, Output: ['3']
  Running k=8,...
    Passes: 3, Time/Memory: 9.52,19044, Output: ['3']
  Running k=9,...
    Passes: 3, Time/Memory: 11.29,20400, Output: ['3']
  Running k=10,...
    Passes: 3, Time/Memory: 13.72,21612, Output: ['3']
  Running c=644,...
    Passes: 1, Time/Memory: 2.61,195536, Output: ['1']
Results for Belcastro running klevN saved to ./results/real/table_data

Running ArxAP for variant 0...
  Running k=1,...
    Passes: 5, Time/Memory: 0.85,10012, Output: ['5']
  Running k=2,...
    Passes: 5, Time/Memory: 1.10,10028, Output: ['5']
  Running k=3,...
    Passes: 5, Time/Memory: 0.79,9948, Output: ['5']
  Running k=4,...
    Passes: 5, Time/Memory: 0.78,10028, Output: ['5']
  Running k=5,...
    Passes: 5, Time/Memory: 0.94,9896, Output: ['5']
  Running k=6,...
    Passes: 5, Time/Memory: 0.92,9832, Output: ['5']
  Running k=7,...
    Passes: 5, Time/Memory: 0.99,10020, Output: ['5']
  Running k=8,...
    Passes: 5, Time/Memory: 0.97,10020, Output: ['5']
  Running k=9,...
    Passes: 5, Time/Memory: 0.85,9996, Output: ['5']
  Running k=10,...
    Passes: 5, Time/Memory: 1.18,9780, Output: ['5']
  Running c=11,...
    Passes: 5, Time/Memory: 1.16,10016, Output: ['5']
Results for ArxAP running klev0 saved to ./results/real/table_data

Running ArxAP for variant 1...
  Running k=1,...
    Passes: 4, Time/Memory: 0.62,9344, Output: ['4']
  Running k=2,...
    Passes: 4, Time/Memory: 0.63,9656, Output: ['4']
  Running k=3,...
    Passes: 4, Time/Memory: 0.63,9692, Output: ['4']
  Running k=4,...
    Passes: 4, Time/Memory: 0.73,9676, Output: ['4']
  Running k=5,...
    Passes: 4, Time/Memory: 0.59,9652, Output: ['4']
  Running k=6,...
    Passes: 4, Time/Memory: 1.12,9672, Output: ['4']
  Running k=7,...
    Passes: 4, Time/Memory: 0.47,9720, Output: ['4']
  Running k=8,...
    Passes: 4, Time/Memory: 0.44,9544, Output: ['4']
  Running k=9,...
    Passes: 4, Time/Memory: 0.43,9652, Output: ['4']
  Running k=10,...
    Passes: 4, Time/Memory: 0.44,9692, Output: ['4']
  Running c=11,...
    Passes: 1, Time/Memory: 0.05,10068, Output: ['1']
Results for ArxAP running klev1 saved to ./results/real/table_data

Running ArxAP for variant 2...
  Running k=1,...
    Passes: 4, Time/Memory: 0.53,11148, Output: ['4']
  Running k=2,...
    Passes: 4, Time/Memory: 1.00,12864, Output: ['4']
  Running k=3,...
    Passes: 3, Time/Memory: 1.68,14300, Output: ['3']
  Running k=4,...
    Passes: 3, Time/Memory: 1.02,16028, Output: ['3']
  Running k=5,...
    Passes: 2, Time/Memory: 1.01,17740, Output: ['2']
  Running k=6,...
    Passes: 2, Time/Memory: 1.16,19664, Output: ['2']
  Running k=7,...
    Passes: 2, Time/Memory: 0.87,21256, Output: ['2']
  Running k=8,...
    Passes: 2, Time/Memory: 1.05,22848, Output: ['2']
  Running k=9,...
    Passes: 2, Time/Memory: 1.56,24536, Output: ['2']
  Running k=10,...
    Passes: 2, Time/Memory: 1.42,26036, Output: ['2']
  Running c=11,...
    Passes: 1, Time/Memory: 0.05,10288, Output: ['1']
Results for ArxAP running klev2 saved to ./results/real/table_data

Running ArxAP for variant N...
  Running k=1,...
    Passes: 4, Time/Memory: 0.85,11148, Output: ['4']
  Running k=2,...
    Passes: 4, Time/Memory: 0.88,12924, Output: ['4']
  Running k=3,...
    Passes: 3, Time/Memory: 0.96,14440, Output: ['3']
  Running k=4,...
    Passes: 3, Time/Memory: 0.93,16192, Output: ['3']
  Running k=5,...
    Passes: 2, Time/Memory: 0.86,17788, Output: ['2']
  Running k=6,...
    Passes: 2, Time/Memory: 0.82,19780, Output: ['2']
  Running k=7,...
    Passes: 2, Time/Memory: 0.85,21120, Output: ['2']
  Running k=8,...
    Passes: 2, Time/Memory: 1.28,22760, Output: ['2']
  Running k=9,...
    Passes: 2, Time/Memory: 1.49,24328, Output: ['2']
  Running k=10,...
    Passes: 2, Time/Memory: 1.89,26004, Output: ['2']
  Running c=11,...
    Passes: 1, Time/Memory: 0.06,10180, Output: ['1']
Results for ArxAP running klevN saved to ./results/real/table_data

Running AsCaida for variant 0...
  Running k=1,...
    Passes: 5, Time/Memory: 0.25,11504, Output: ['5']
  Running k=2,...
    Passes: 5, Time/Memory: 0.24,11524, Output: ['5']
  Running k=3,...
    Passes: 5, Time/Memory: 0.38,11584, Output: ['5']
  Running k=4,...
    Passes: 5, Time/Memory: 0.33,11612, Output: ['5']
  Running k=5,...
    Passes: 5, Time/Memory: 0.27,11484, Output: ['5']
  Running k=6,...
    Passes: 5, Time/Memory: 0.27,11540, Output: ['5']
  Running k=7,...
    Passes: 5, Time/Memory: 0.25,11484, Output: ['5']
  Running k=8,...
    Passes: 5, Time/Memory: 0.28,11416, Output: ['5']
  Running k=9,...
    Passes: 5, Time/Memory: 0.41,11564, Output: ['5']
  Running k=10,...
    Passes: 5, Time/Memory: 0.27,11544, Output: ['5']
  Running c=3,...
    Passes: 5, Time/Memory: 0.25,11572, Output: ['5']
Results for AsCaida running klev0 saved to ./results/real/table_data

Running AsCaida for variant 1...
  Running k=1,...
    Passes: 4, Time/Memory: 0.32,10976, Output: ['4']
  Running k=2,...
    Passes: 4, Time/Memory: 0.18,11148, Output: ['4']
  Running k=3,...
    Passes: 1, Time/Memory: 0.02,8040, Output: ['1']
  Running k=4,...
    Passes: 1, Time/Memory: 0.02,8068, Output: ['1']
  Running k=5,...
    Passes: 1, Time/Memory: 0.01,8168, Output: ['1']
  Running k=6,...
    Passes: 1, Time/Memory: 0.02,8180, Output: ['1']
  Running k=7,...
    Passes: 1, Time/Memory: 0.02,8176, Output: ['1']
  Running k=8,...
    Passes: 1, Time/Memory: 0.01,7984, Output: ['1']
  Running k=9,...
    Passes: 1, Time/Memory: 0.02,8168, Output: ['1']
  Running k=10,...
    Passes: 1, Time/Memory: 0.02,8148, Output: ['1']
  Running c=3,...
    Passes: 1, Time/Memory: 0.02,8172, Output: ['1']
Results for AsCaida running klev1 saved to ./results/real/table_data

Running AsCaida for variant 2...
  Running k=1,...
    Passes: 2, Time/Memory: 0.36,13108, Output: ['2']
  Running k=2,...
    Passes: 2, Time/Memory: 0.23,15240, Output: ['2']
  Running k=3,...
    Passes: 1, Time/Memory: 0.02,8080, Output: ['1']
  Running k=4,...
    Passes: 1, Time/Memory: 0.02,8100, Output: ['1']
  Running k=5,...
    Passes: 1, Time/Memory: 0.01,8068, Output: ['1']
  Running k=6,...
    Passes: 1, Time/Memory: 0.02,8048, Output: ['1']
  Running k=7,...
    Passes: 1, Time/Memory: 0.02,8104, Output: ['1']
  Running k=8,...
    Passes: 1, Time/Memory: 0.02,8164, Output: ['1']
  Running k=9,...
    Passes: 1, Time/Memory: 0.01,8028, Output: ['1']
  Running k=10,...
    Passes: 1, Time/Memory: 0.02,8076, Output: ['1']
  Running c=3,...
    Passes: 1, Time/Memory: 0.02,8068, Output: ['1']
Results for AsCaida running klev2 saved to ./results/real/table_data

Running AsCaida for variant N...
  Running k=1,...
    Passes: 2, Time/Memory: 0.28,13192, Output: ['2']
  Running k=2,...
    Passes: 1, Time/Memory: 0.29,12992, Output: ['1']
  Running k=3,...
    Passes: 1, Time/Memory: 0.02,7984, Output: ['1']
  Running k=4,...
    Passes: 1, Time/Memory: 0.02,7980, Output: ['1']
  Running k=5,...
    Passes: 1, Time/Memory: 0.02,8092, Output: ['1']
  Running k=6,...
    Passes: 1, Time/Memory: 0.01,8076, Output: ['1']
  Running k=7,...
    Passes: 1, Time/Memory: 0.01,8072, Output: ['1']
  Running k=8,...
    Passes: 1, Time/Memory: 0.02,8092, Output: ['1']
  Running k=9,...
    Passes: 1, Time/Memory: 0.02,7980, Output: ['1']
  Running k=10,...
    Passes: 1, Time/Memory: 0.03,7980, Output: ['1']
  Running c=3,...
    Passes: 1, Time/Memory: 0.02,8072, Output: ['1']
Results for AsCaida running klevN saved to ./results/real/table_data

Running BrightK for variant 0...
  Running k=1,...
    Passes: 5, Time/Memory: 6.25,22512, Output: ['5']
  Running k=2,...
    Passes: 5, Time/Memory: 5.87,22496, Output: ['5']
  Running k=3,...
    Passes: 5, Time/Memory: 5.35,22692, Output: ['5']
  Running k=4,...
    Passes: 5, Time/Memory: 5.25,22424, Output: ['5']
  Running k=5,...
    Passes: 5, Time/Memory: 5.94,22672, Output: ['5']
  Running k=6,...
    Passes: 5, Time/Memory: 5.06,22592, Output: ['5']
  Running k=7,...
    Passes: 5, Time/Memory: 6.79,22524, Output: ['5']
  Running k=8,...
    Passes: 5, Time/Memory: 5.27,22516, Output: ['5']
  Running k=9,...
    Passes: 5, Time/Memory: 2.00,22544, Output: ['5']
  Running k=10,...
    Passes: 5, Time/Memory: 1.34,22588, Output: ['5']
  Running c=4,...
    Passes: 5, Time/Memory: 1.56,22604, Output: ['5']
Results for BrightK running klev0 saved to ./results/real/table_data

Running BrightK for variant 1...
  Running k=1,...
    Passes: 4, Time/Memory: 1.09,21164, Output: ['4']
  Running k=2,...
    Passes: 4, Time/Memory: 0.95,21520, Output: ['4']
  Running k=3,...
    Passes: 4, Time/Memory: 1.09,21560, Output: ['4']
  Running k=4,...
    Passes: 1, Time/Memory: 0.11,14708, Output: ['1']
  Running k=5,...
    Passes: 1, Time/Memory: 0.08,14708, Output: ['1']
  Running k=6,...
    Passes: 1, Time/Memory: 0.07,14648, Output: ['1']
  Running k=7,...
    Passes: 1, Time/Memory: 0.08,14652, Output: ['1']
  Running k=8,...
    Passes: 1, Time/Memory: 0.07,14500, Output: ['1']
  Running k=9,...
    Passes: 1, Time/Memory: 0.09,14648, Output: ['1']
  Running k=10,...
    Passes: 1, Time/Memory: 0.08,14708, Output: ['1']
  Running c=4,...
    Passes: 1, Time/Memory: 0.11,14552, Output: ['1']
Results for BrightK running klev1 saved to ./results/real/table_data

Running BrightK for variant 2...
  Running k=1,...
    Passes: 3, Time/Memory: 1.58,26004, Output: ['3']
  Running k=2,...
    Passes: 2, Time/Memory: 1.27,31032, Output: ['2']
  Running k=3,...
    Passes: 2, Time/Memory: 1.59,36020, Output: ['2']
  Running k=4,...
    Passes: 1, Time/Memory: 0.08,14708, Output: ['1']
  Running k=5,...
    Passes: 1, Time/Memory: 0.07,14560, Output: ['1']
  Running k=6,...
    Passes: 1, Time/Memory: 0.07,14608, Output: ['1']
  Running k=7,...
    Passes: 1, Time/Memory: 0.09,14652, Output: ['1']
  Running k=8,...
    Passes: 1, Time/Memory: 0.08,14692, Output: ['1']
  Running k=9,...
    Passes: 1, Time/Memory: 0.08,14508, Output: ['1']
  Running k=10,...
    Passes: 1, Time/Memory: 0.09,14612, Output: ['1']
  Running c=4,...
    Passes: 1, Time/Memory: 0.09,14708, Output: ['1']
Results for BrightK running klev2 saved to ./results/real/table_data

Running BrightK for variant N...
  Running k=1,...
    Passes: 3, Time/Memory: 1.32,25736, Output: ['3']
  Running k=2,...
    Passes: 2, Time/Memory: 1.29,30836, Output: ['2']
  Running k=3,...
    Passes: 1, Time/Memory: 1.32,35368, Output: ['1']
  Running k=4,...
    Passes: 1, Time/Memory: 0.07,14492, Output: ['1']
  Running k=5,...
    Passes: 1, Time/Memory: 0.08,14692, Output: ['1']
  Running k=6,...
    Passes: 1, Time/Memory: 0.07,14496, Output: ['1']
  Running k=7,...
    Passes: 1, Time/Memory: 0.06,14652, Output: ['1']
  Running k=8,...
    Passes: 1, Time/Memory: 0.09,14608, Output: ['1']
  Running k=9,...
    Passes: 1, Time/Memory: 0.08,14648, Output: ['1']
  Running k=10,...
    Passes: 1, Time/Memory: 0.07,14500, Output: ['1']
  Running c=4,...
    Passes: 1, Time/Memory: 0.08,14512, Output: ['1']
Results for BrightK running klevN saved to ./results/real/table_data

Running LMocha for variant 0...
  Running k=1,...
    Passes: 4, Time/Memory: 7.41,42352, Output: ['4']
  Running k=2,...
    Passes: 4, Time/Memory: 7.37,42272, Output: ['4']
  Running k=3,...
    Passes: 4, Time/Memory: 8.26,42308, Output: ['4']
  Running k=4,...
    Passes: 4, Time/Memory: 7.18,42312, Output: ['4']
  Running k=5,...
    Passes: 4, Time/Memory: 7.14,42288, Output: ['4']
  Running k=6,...
    Passes: 4, Time/Memory: 9.09,42356, Output: ['4']
  Running k=7,...
    Passes: 4, Time/Memory: 8.45,42124, Output: ['4']
  Running k=8,...
    Passes: 4, Time/Memory: 8.50,42416, Output: ['4']
  Running k=9,...
    Passes: 4, Time/Memory: 8.01,42456, Output: ['4']
  Running k=10,...
    Passes: 4, Time/Memory: 9.57,42116, Output: ['4']
  Running c=22,...
    Passes: 4, Time/Memory: 10.37,42008, Output: ['4']
Results for LMocha running klev0 saved to ./results/real/table_data

Running LMocha for variant 1...
  Running k=1,...
    Passes: 3, Time/Memory: 8.63,39748, Output: ['3']
  Running k=2,...
    Passes: 3, Time/Memory: 8.77,41428, Output: ['3']
  Running k=3,...
    Passes: 3, Time/Memory: 8.23,41336, Output: ['3']
  Running k=4,...
    Passes: 3, Time/Memory: 10.99,41248, Output: ['3']
  Running k=5,...
    Passes: 3, Time/Memory: 7.97,41400, Output: ['3']
  Running k=6,...
    Passes: 3, Time/Memory: 8.82,41420, Output: ['3']
  Running k=7,...
    Passes: 3, Time/Memory: 10.18,41252, Output: ['3']
  Running k=8,...
    Passes: 3, Time/Memory: 8.56,41220, Output: ['3']
  Running k=9,...
    Passes: 3, Time/Memory: 8.00,41288, Output: ['3']
  Running k=10,...
    Passes: 3, Time/Memory: 6.97,41528, Output: ['3']
  Running c=22,...
    Passes: 1, Time/Memory: 1.15,65364, Output: ['1']
Results for LMocha running klev1 saved to ./results/real/table_data

Running LMocha for variant 2...
  Running k=1,...
    Passes: 3, Time/Memory: 12.07,49584, Output: ['3']
  Running k=2,...
    Passes: 3, Time/Memory: 8.43,59376, Output: ['3']
  Running k=3,...
    Passes: 3, Time/Memory: 10.18,68992, Output: ['3']
  Running k=4,...
    Passes: 3, Time/Memory: 10.65,78464, Output: ['3']
  Running k=5,...
    Passes: 3, Time/Memory: 17.40,88420, Output: ['3']
  Running k=6,...
    Passes: 3, Time/Memory: 17.48,98052, Output: ['3']
  Running k=7,...
    Passes: 3, Time/Memory: 16.69,107628, Output: ['3']
  Running k=8,...
    Passes: 2, Time/Memory: 14.94,116096, Output: ['2']
  Running k=9,...
    Passes: 2, Time/Memory: 13.83,125764, Output: ['2']
  Running k=10,...
    Passes: 2, Time/Memory: 14.87,135640, Output: ['2']
  Running c=22,...
    Passes: 1, Time/Memory: 1.27,65352, Output: ['1']
Results for LMocha running klev2 saved to ./results/real/table_data

Running LMocha for variant N...
  Running k=1,...
    Passes: 3, Time/Memory: 12.18,47912, Output: ['3']
  Running k=2,...
    Passes: 3, Time/Memory: 12.94,57696, Output: ['3']
  Running k=3,...
    Passes: 3, Time/Memory: 13.93,67584, Output: ['3']
  Running k=4,...
    Passes: 3, Time/Memory: 16.85,77480, Output: ['3']
  Running k=5,...
    Passes: 3, Time/Memory: 15.99,87340, Output: ['3']
  Running k=6,...
    Passes: 3, Time/Memory: 14.73,97120, Output: ['3']
  Running k=7,...
    Passes: 2, Time/Memory: 8.84,106728, Output: ['2']
  Running k=8,...
    Passes: 2, Time/Memory: 8.02,116680, Output: ['2']
  Running k=9,...
    Passes: 2, Time/Memory: 8.56,126228, Output: ['2']
  Running k=10,...
    Passes: 2, Time/Memory: 7.93,135840, Output: ['2']
  Running c=22,...
    Passes: 1, Time/Memory: 0.98,65360, Output: ['1']
Results for LMocha running klevN saved to ./results/real/table_data

Running FlickrE for variant 0...
  Running k=1,...
    Passes: 5, Time/Memory: 12.47,45308, Output: ['5']
  Running k=2,...
    Passes: 5, Time/Memory: 12.17,45520, Output: ['5']
  Running k=3,...
    Passes: 5, Time/Memory: 16.42,45492, Output: ['5']
  Running k=4,...
    Passes: 5, Time/Memory: 21.47,45492, Output: ['5']
  Running k=5,...
    Passes: 5, Time/Memory: 30.97,45492, Output: ['5']
  Running k=6,...
    Passes: 5, Time/Memory: 20.06,45544, Output: ['5']
  Running k=7,...
    Passes: 5, Time/Memory: 20.42,45440, Output: ['5']
  Running k=8,...
    Passes: 5, Time/Memory: 19.99,45640, Output: ['5']
  Running k=9,...
    Passes: 5, Time/Memory: 18.60,45460, Output: ['5']
  Running k=10,...
    Passes: 5, Time/Memory: 20.25,45652, Output: ['5']
  Running c=22,...
    Passes: 5, Time/Memory: 21.48,45616, Output: ['5']
Results for FlickrE running klev0 saved to ./results/real/table_data

Running FlickrE for variant 1...
  Running k=1,...
    Passes: 4, Time/Memory: 20.64,43280, Output: ['4']
  Running k=2,...
    Passes: 4, Time/Memory: 20.13,45320, Output: ['4']
  Running k=3,...
    Passes: 4, Time/Memory: 12.78,44280, Output: ['4']
  Running k=4,...
    Passes: 4, Time/Memory: 12.78,43924, Output: ['4']
  Running k=5,...
    Passes: 4, Time/Memory: 16.39,44144, Output: ['4']
  Running k=6,...
    Passes: 4, Time/Memory: 20.33,44308, Output: ['4']
  Running k=7,...
    Passes: 4, Time/Memory: 17.04,45104, Output: ['4']
  Running k=8,...
    Passes: 4, Time/Memory: 16.26,44248, Output: ['4']
  Running k=9,...
    Passes: 4, Time/Memory: 17.38,44320, Output: ['4']
  Running k=10,...
    Passes: 4, Time/Memory: 16.86,44288, Output: ['4']
  Running c=22,...
    Passes: 1, Time/Memory: 1.02,67148, Output: ['1']
Results for FlickrE running klev1 saved to ./results/real/table_data

Running FlickrE for variant 2...
  Running k=1,...
    Passes: 4, Time/Memory: 21.44,54508, Output: ['4']
  Running k=2,...
    Passes: 3, Time/Memory: 29.14,64084, Output: ['3']
  Running k=3,...
    Passes: 4, Time/Memory: 21.72,73384, Output: ['4']
  Running k=4,...
    Passes: 3, Time/Memory: 13.99,80616, Output: ['3']
  Running k=5,...
    Passes: 3, Time/Memory: 13.51,90860, Output: ['3']
  Running k=6,...
    Passes: 3, Time/Memory: 15.71,100632, Output: ['3']
  Running k=7,...
    Passes: 3, Time/Memory: 29.85,111640, Output: ['3']
  Running k=8,...
    Passes: 3, Time/Memory: 29.29,121480, Output: ['3']
  Running k=9,...
    Passes: 3, Time/Memory: 28.03,130908, Output: ['3']
  Running k=10,...
    Passes: 3, Time/Memory: 28.05,139824, Output: ['3']
  Running c=22,...
    Passes: 1, Time/Memory: 1.03,67308, Output: ['1']
Results for FlickrE running klev2 saved to ./results/real/table_data

Running FlickrE for variant N...
  Running k=1,...
    Passes: 4, Time/Memory: 17.07,54480, Output: ['4']
  Running k=2,...
    Passes: 4, Time/Memory: 18.77,61980, Output: ['4']
  Running k=3,...
    Passes: 4, Time/Memory: 17.80,72824, Output: ['4']
  Running k=4,...
    Passes: 3, Time/Memory: 16.24,81868, Output: ['3']
  Running k=5,...
    Passes: 3, Time/Memory: 22.03,92504, Output: ['3']
  Running k=6,...
    Passes: 3, Time/Memory: 21.92,102080, Output: ['3']
  Running k=7,...
    Passes: 3, Time/Memory: 19.18,111776, Output: ['3']
  Running k=8,...
    Passes: 3, Time/Memory: 16.14,121940, Output: ['3']
  Running k=9,...
    Passes: 3, Time/Memory: 14.99,131700, Output: ['3']
  Running k=10,...
    Passes: 3, Time/Memory: 17.30,141580, Output: ['3']
  Running c=22,...
    Passes: 1, Time/Memory: 0.75,67156, Output: ['1']
Results for FlickrE running klevN saved to ./results/real/table_data

Running WordNet for variant 0...
  Running k=1,...
    Passes: 6, Time/Memory: 64.78,52124, Output: ['6']
  Running k=2,...
    Passes: 6, Time/Memory: 112.72,52008, Output: ['6']
  Running k=3,...
    Passes: 6, Time/Memory: 105.07,52180, Output: ['6']
  Running k=4,...
    Passes: 6, Time/Memory: 252.03,51992, Output: ['6']
  Running k=5,...
    Passes: 6, Time/Memory: 264.12,51872, Output: ['6']
  Running k=6,...
    Passes: 6, Time/Memory: 238.79,51884, Output: ['6']
  Running k=7,...
    Passes: 6, Time/Memory: 251.36,51908, Output: ['6']
  Running k=8,...
    Passes: 6, Time/Memory: 223.28,52196, Output: ['6']
  Running k=9,...
    Passes: 6, Time/Memory: 179.51,51972, Output: ['6']
  Running k=10,...
    Passes: 6, Time/Memory: 171.67,51768, Output: ['6']
  Running c=5,...
    Passes: 6, Time/Memory: 147.31,51952, Output: ['6']
Results for WordNet running klev0 saved to ./results/real/table_data

Running WordNet for variant 1...
  Running k=1,...
    Passes: 5, Time/Memory: 193.27,48532, Output: ['5']
  Running k=2,...
    Passes: 5, Time/Memory: 201.98,49432, Output: ['5']
  Running k=3,...
    Passes: 5, Time/Memory: 121.44,49416, Output: ['5']
  Running k=4,...
    Passes: 5, Time/Memory: 226.23,49528, Output: ['5']
  Running k=5,...
    Passes: 1, Time/Memory: 0.41,37676, Output: ['1']
  Running k=6,...
    Passes: 1, Time/Memory: 0.41,37536, Output: ['1']
  Running k=7,...
    Passes: 1, Time/Memory: 0.42,37640, Output: ['1']
  Running k=8,...
    Passes: 1, Time/Memory: 0.43,37672, Output: ['1']
  Running k=9,...
    Passes: 1, Time/Memory: 0.40,37724, Output: ['1']
  Running k=10,...
    Passes: 1, Time/Memory: 0.42,37744, Output: ['1']
  Running c=5,...
    Passes: 1, Time/Memory: 0.44,37608, Output: ['1']
Results for WordNet running klev1 saved to ./results/real/table_data

Running WordNet for variant 2...
  Running k=1,...
    Passes: 4, Time/Memory: 224.21,59444, Output: ['4']
  Running k=2,...
    Passes: 3, Time/Memory: 196.63,72064, Output: ['3']
  Running k=3,...
    Passes: 2, Time/Memory: 140.50,84472, Output: ['2']
  Running k=4,...
    Passes: 2, Time/Memory: 125.39,96408, Output: ['2']
  Running k=5,...
    Passes: 1, Time/Memory: 0.35,37532, Output: ['1']
  Running k=6,...
    Passes: 1, Time/Memory: 0.35,37724, Output: ['1']
  Running k=7,...
    Passes: 1, Time/Memory: 0.41,37644, Output: ['1']
  Running k=8,...
    Passes: 1, Time/Memory: 0.41,37620, Output: ['1']
  Running k=9,...
    Passes: 1, Time/Memory: 0.36,37644, Output: ['1']
  Running k=10,...
    Passes: 1, Time/Memory: 0.36,37520, Output: ['1']
  Running c=5,...
    Passes: 1, Time/Memory: 0.35,37524, Output: ['1']
Results for WordNet running klev2 saved to ./results/real/table_data

Running WordNet for variant N...
  Running k=1,...
    Passes: 4, Time/Memory: 147.97,59548, Output: ['4']
  Running k=2,...
    Passes: 3, Time/Memory: 131.57,72548, Output: ['3']
  Running k=3,...
    Passes: 2, Time/Memory: 113.84,83648, Output: ['2']
  Running k=4,...
    Passes: 2, Time/Memory: 124.89,95092, Output: ['2']
  Running k=5,...
    Passes: 1, Time/Memory: 0.34,37524, Output: ['1']
  Running k=6,...
    Passes: 1, Time/Memory: 0.33,37668, Output: ['1']
  Running k=7,...
    Passes: 1, Time/Memory: 0.36,37744, Output: ['1']
  Running k=8,...
    Passes: 1, Time/Memory: 0.36,37648, Output: ['1']
  Running k=9,...
    Passes: 1, Time/Memory: 0.33,37552, Output: ['1']
  Running k=10,...
    Passes: 1, Time/Memory: 0.34,37620, Output: ['1']
  Running c=5,...
    Passes: 1, Time/Memory: 0.37,37640, Output: ['1']
Results for WordNet running klevN saved to ./results/real/table_data

Running Douban for variant 0...
  Running k=1,...
    Passes: 4, Time/Memory: 5.34,52956, Output: ['4']
  Running k=2,...
    Passes: 4, Time/Memory: 5.94,52936, Output: ['4']
  Running k=3,...
    Passes: 4, Time/Memory: 4.33,53032, Output: ['4']
  Running k=4,...
    Passes: 4, Time/Memory: 4.44,52916, Output: ['4']
  Running k=5,...
    Passes: 4, Time/Memory: 3.53,52940, Output: ['4']
  Running k=6,...
    Passes: 4, Time/Memory: 3.77,53020, Output: ['4']
  Running k=7,...
    Passes: 4, Time/Memory: 3.79,53032, Output: ['4']
  Running k=8,...
    Passes: 4, Time/Memory: 3.89,52864, Output: ['4']
  Running k=9,...
    Passes: 4, Time/Memory: 3.88,53052, Output: ['4']
  Running k=10,...
    Passes: 4, Time/Memory: 4.13,53028, Output: ['4']
  Running c=3,...
    Passes: 4, Time/Memory: 4.10,52904, Output: ['4']
Results for Douban running klev0 saved to ./results/real/table_data

Running Douban for variant 1...
  Running k=1,...
    Passes: 3, Time/Memory: 2.13,49560, Output: ['3']
  Running k=2,...
    Passes: 3, Time/Memory: 2.38,49152, Output: ['3']
  Running k=3,...
    Passes: 1, Time/Memory: 0.21,31836, Output: ['1']
  Running k=4,...
    Passes: 1, Time/Memory: 0.23,31724, Output: ['1']
  Running k=5,...
    Passes: 1, Time/Memory: 0.21,31900, Output: ['1']
  Running k=6,...
    Passes: 1, Time/Memory: 0.21,31940, Output: ['1']
  Running k=7,...
    Passes: 1, Time/Memory: 0.21,31724, Output: ['1']
  Running k=8,...
    Passes: 1, Time/Memory: 0.21,31800, Output: ['1']
  Running k=9,...
    Passes: 1, Time/Memory: 0.23,31728, Output: ['1']
  Running k=10,...
    Passes: 1, Time/Memory: 0.22,31940, Output: ['1']
  Running c=3,...
    Passes: 1, Time/Memory: 0.22,31928, Output: ['1']
Results for Douban running klev1 saved to ./results/real/table_data

Running Douban for variant 2...
  Running k=1,...
    Passes: 2, Time/Memory: 3.73,60520, Output: ['2']
  Running k=2,...
    Passes: 2, Time/Memory: 3.31,73788, Output: ['2']
  Running k=3,...
    Passes: 1, Time/Memory: 0.21,31748, Output: ['1']
  Running k=4,...
    Passes: 1, Time/Memory: 0.24,31860, Output: ['1']
  Running k=5,...
    Passes: 1, Time/Memory: 0.21,31856, Output: ['1']
  Running k=6,...
    Passes: 1, Time/Memory: 0.24,31836, Output: ['1']
  Running k=7,...
    Passes: 1, Time/Memory: 0.23,31800, Output: ['1']
  Running k=8,...
    Passes: 1, Time/Memory: 0.23,31820, Output: ['1']
  Running k=9,...
    Passes: 1, Time/Memory: 0.24,31808, Output: ['1']
  Running k=10,...
    Passes: 1, Time/Memory: 0.25,31840, Output: ['1']
  Running c=3,...
    Passes: 1, Time/Memory: 0.23,31900, Output: ['1']
Results for Douban running klev2 saved to ./results/real/table_data

Running Douban for variant N...
  Running k=1,...
    Passes: 2, Time/Memory: 2.75,60192, Output: ['2']
  Running k=2,...
    Passes: 1, Time/Memory: 3.75,61448, Output: ['1']
  Running k=3,...
    Passes: 1, Time/Memory: 0.21,31840, Output: ['1']
  Running k=4,...
    Passes: 1, Time/Memory: 0.23,31740, Output: ['1']
  Running k=5,...
    Passes: 1, Time/Memory: 0.25,31800, Output: ['1']
  Running k=6,...
    Passes: 1, Time/Memory: 0.21,31860, Output: ['1']
  Running k=7,...
    Passes: 1, Time/Memory: 0.23,31748, Output: ['1']
  Running k=8,...
    Passes: 1, Time/Memory: 0.24,31940, Output: ['1']
  Running k=9,...
    Passes: 1, Time/Memory: 0.25,31840, Output: ['1']
  Running k=10,...
    Passes: 1, Time/Memory: 0.24,31856, Output: ['1']
  Running c=3,...
    Passes: 1, Time/Memory: 0.22,31932, Output: ['1']
Results for Douban running klevN saved to ./results/real/table_data

Running Gowalla for variant 0...
  Running k=1,...
    Passes: 6, Time/Memory: 172.21,75292, Output: ['6']
  Running k=2,...
    Passes: 6, Time/Memory: 171.13,75652, Output: ['6']
  Running k=3,...
    Passes: 6, Time/Memory: 171.26,75752, Output: ['6']
  Running k=4,...
    Passes: 6, Time/Memory: 171.57,75624, Output: ['6']
  Running k=5,...
    Passes: 6, Time/Memory: 176.27,75396, Output: ['6']
  Running k=6,...
    Passes: 6, Time/Memory: 104.20,75744, Output: ['6']
  Running k=7,...
    Passes: 6, Time/Memory: 106.63,75588, Output: ['6']
  Running k=8,...
    Passes: 6, Time/Memory: 106.57,75360, Output: ['6']
  Running k=9,...
    Passes: 6, Time/Memory: 123.96,75756, Output: ['6']
  Running k=10,...
    Passes: 6, Time/Memory: 120.11,75388, Output: ['6']
  Running c=5,...
    Passes: 6, Time/Memory: 152.61,75672, Output: ['6']
Results for Gowalla running klev0 saved to ./results/real/table_data

Running Gowalla for variant 1...
  Running k=1,...
    Passes: 5, Time/Memory: 99.63,70996, Output: ['5']
  Running k=2,...
    Passes: 5, Time/Memory: 66.53,73500, Output: ['5']
  Running k=3,...
    Passes: 5, Time/Memory: 83.86,73348, Output: ['5']
  Running k=4,...
    Passes: 5, Time/Memory: 111.38,73320, Output: ['5']
  Running k=5,...
    Passes: 1, Time/Memory: 0.58,49336, Output: ['1']
  Running k=6,...
    Passes: 1, Time/Memory: 0.50,49328, Output: ['1']
  Running k=7,...
    Passes: 1, Time/Memory: 0.53,49296, Output: ['1']
  Running k=8,...
    Passes: 1, Time/Memory: 0.58,49284, Output: ['1']
  Running k=9,...
    Passes: 1, Time/Memory: 0.54,49296, Output: ['1']
  Running k=10,...
    Passes: 1, Time/Memory: 0.57,49448, Output: ['1']
  Running c=5,...
    Passes: 1, Time/Memory: 0.58,49364, Output: ['1']
Results for Gowalla running klev1 saved to ./results/real/table_data

Running Gowalla for variant 2...
  Running k=1,...
    Passes: 4, Time/Memory: 108.95,88772, Output: ['4']
  Running k=2,...
    Passes: 3, Time/Memory: 103.74,107584, Output: ['3']
  Running k=3,...
    Passes: 2, Time/Memory: 100.14,124036, Output: ['2']
  Running k=4,...
    Passes: 2, Time/Memory: 117.85,141996, Output: ['2']
  Running k=5,...
    Passes: 1, Time/Memory: 0.60,49432, Output: ['1']
  Running k=6,...
    Passes: 1, Time/Memory: 0.63,49416, Output: ['1']
  Running k=7,...
    Passes: 1, Time/Memory: 0.62,49296, Output: ['1']
  Running k=8,...
    Passes: 1, Time/Memory: 0.56,49360, Output: ['1']
  Running k=9,...
    Passes: 1, Time/Memory: 0.67,49444, Output: ['1']
  Running k=10,...
    Passes: 1, Time/Memory: 0.58,49444, Output: ['1']
  Running c=5,...
    Passes: 1, Time/Memory: 0.55,49288, Output: ['1']
Results for Gowalla running klev2 saved to ./results/real/table_data

Running Gowalla for variant N...
  Running k=1,...
    Passes: 4, Time/Memory: 113.93,89636, Output: ['4']
  Running k=2,...
    Passes: 2, Time/Memory: 119.52,106256, Output: ['2']
  Running k=3,...
    Passes: 2, Time/Memory: 118.05,123152, Output: ['2']
  Running k=4,...
    Passes: 2, Time/Memory: 118.41,138704, Output: ['2']
  Running k=5,...
    Passes: 1, Time/Memory: 0.60,49444, Output: ['1']
  Running k=6,...
    Passes: 1, Time/Memory: 0.56,49216, Output: ['1']
  Running k=7,...
    Passes: 1, Time/Memory: 0.59,49328, Output: ['1']
  Running k=8,...
    Passes: 1, Time/Memory: 0.52,49400, Output: ['1']
  Running k=9,...
    Passes: 1, Time/Memory: 0.62,49444, Output: ['1']
  Running k=10,...
    Passes: 1, Time/Memory: 0.67,49232, Output: ['1']
  Running c=5,...
    Passes: 1, Time/Memory: 0.66,49328, Output: ['1']
Results for Gowalla running klevN saved to ./results/real/table_data

Running Dblp for variant 0...
  Running k=1,...
    Passes: 6, Time/Memory: 369.57,118288, Output: ['6']
  Running k=2,...
    Passes: 6, Time/Memory: 405.24,118424, Output: ['6']
  Running k=3,...
    Passes: 6, Time/Memory: 396.54,118332, Output: ['6']
  Running k=4,...
    Passes: 6, Time/Memory: 275.59,118452, Output: ['6']
  Running k=5,...
    Passes: 6, Time/Memory: 236.30,118352, Output: ['6']
  Running k=6,...
    Passes: 6, Time/Memory: 241.55,118408, Output: ['6']
  Running k=7,...
    Passes: 6, Time/Memory: 243.44,118220, Output: ['6']
  Running k=8,...
    Passes: 6, Time/Memory: 213.03,118412, Output: ['6']
  Running k=9,...
    Passes: 6, Time/Memory: 240.73,118344, Output: ['6']
  Running k=10,...
    Passes: 6, Time/Memory: 234.37,118396, Output: ['6']
  Running c=4,...
    Passes: 6, Time/Memory: 347.34,118464, Output: ['6']
Results for Dblp running klev0 saved to ./results/real/table_data

Running Dblp for variant 1...
  Running k=1,...
    Passes: 4, Time/Memory: 289.63,110988, Output: ['4']
  Running k=2,...
    Passes: 4, Time/Memory: 272.44,112800, Output: ['4']
  Running k=3,...
    Passes: 5, Time/Memory: 303.58,112740, Output: ['5']
  Running k=4,...
    Passes: 1, Time/Memory: 0.87,69428, Output: ['1']
  Running k=5,...
    Passes: 1, Time/Memory: 0.85,69216, Output: ['1']
  Running k=6,...
    Passes: 1, Time/Memory: 0.83,69388, Output: ['1']
  Running k=7,...
    Passes: 1, Time/Memory: 0.84,69308, Output: ['1']
  Running k=8,...
    Passes: 1, Time/Memory: 0.87,69416, Output: ['1']
  Running k=9,...
    Passes: 1, Time/Memory: 0.89,69304, Output: ['1']
  Running k=10,...
    Passes: 1, Time/Memory: 0.87,69248, Output: ['1']
  Running c=4,...
    Passes: 1, Time/Memory: 0.88,69424, Output: ['1']
Results for Dblp running klev1 saved to ./results/real/table_data

Running Dblp for variant 2...
  Running k=1,...
    Passes: 3, Time/Memory: 325.72,139784, Output: ['3']
  Running k=2,...
    Passes: 2, Time/Memory: 209.33,169088, Output: ['2']
  Running k=3,...
    Passes: 2, Time/Memory: 202.89,193372, Output: ['2']
  Running k=4,...
    Passes: 1, Time/Memory: 0.53,69428, Output: ['1']
  Running k=5,...
    Passes: 1, Time/Memory: 0.46,69428, Output: ['1']
  Running k=6,...
    Passes: 1, Time/Memory: 0.48,69316, Output: ['1']
  Running k=7,...
    Passes: 1, Time/Memory: 0.40,69228, Output: ['1']
  Running k=8,...
    Passes: 1, Time/Memory: 0.39,69324, Output: ['1']
  Running k=9,...
    Passes: 1, Time/Memory: 0.43,69424, Output: ['1']
  Running k=10,...
    Passes: 1, Time/Memory: 0.34,69304, Output: ['1']
  Running c=4,...
    Passes: 1, Time/Memory: 0.46,69428, Output: ['1']
Results for Dblp running klev2 saved to ./results/real/table_data

Running Dblp for variant N...
  Running k=1,...
    Passes: 3, Time/Memory: 233.15,137772, Output: ['3']
  Running k=2,...
    Passes: 2, Time/Memory: 199.25,163324, Output: ['2']
  Running k=3,...
    Passes: 2, Time/Memory: 204.91,187752, Output: ['2']
  Running k=4,...
    Passes: 1, Time/Memory: 0.58,69228, Output: ['1']
  Running k=5,...
    Passes: 1, Time/Memory: 0.57,69312, Output: ['1']
  Running k=6,...
    Passes: 1, Time/Memory: 0.66,69300, Output: ['1']
  Running k=7,...
    Passes: 1, Time/Memory: 0.62,69212, Output: ['1']
  Running k=8,...
    Passes: 1, Time/Memory: 0.55,69232, Output: ['1']
  Running k=9,...
    Passes: 1, Time/Memory: 0.64,69428, Output: ['1']
  Running k=10,...
    Passes: 1, Time/Memory: 0.62,69420, Output: ['1']
  Running c=4,...
    Passes: 1, Time/Memory: 0.57,69304, Output: ['1']
Results for Dblp running klevN saved to ./results/real/table_data

Running Amazon for variant 0...
  Running k=1,...
    Passes: 6, Time/Memory: 1644.28,134456, Output: ['6']
  Running k=2,...
    Passes: 6, Time/Memory: 1679.05,134452, Output: ['6']
  Running k=3,...
    Passes: 6, Time/Memory: 941.27,134376, Output: ['6']
  Running k=4,...
    Passes: 6, Time/Memory: 938.87,134688, Output: ['6']
  Running k=5,...
    Passes: 6, Time/Memory: 970.70,134580, Output: ['6']
  Running k=6,...
    Passes: 6, Time/Memory: 975.06,134736, Output: ['6']
  Running k=7,...
    Passes: 6, Time/Memory: 1233.74,134396, Output: ['6']
  Running k=8,...
    Passes: 6, Time/Memory: 1278.89,134656, Output: ['6']
  Running k=9,...
    Passes: 6, Time/Memory: 1323.91,134636, Output: ['6']
  Running k=10,...
    Passes: 6, Time/Memory: 1318.84,134628, Output: ['6']
  Running c=3,...
    Passes: 6, Time/Memory: 1158.17,134532, Output: ['6']
Results for Amazon running klev0 saved to ./results/real/table_data

Running Amazon for variant 1...
  Running k=1,...
    Passes: 5, Time/Memory: 1356.58,126656, Output: ['5']
  Running k=2,...
    Passes: 5, Time/Memory: 1326.37,130728, Output: ['5']
  Running k=3,...
    Passes: 1, Time/Memory: 0.86,66480, Output: ['1']
  Running k=4,...
    Passes: 1, Time/Memory: 0.88,66496, Output: ['1']
  Running k=5,...
    Passes: 1, Time/Memory: 0.85,66448, Output: ['1']
  Running k=6,...
    Passes: 1, Time/Memory: 0.87,66392, Output: ['1']
  Running k=7,...
    Passes: 1, Time/Memory: 0.84,66512, Output: ['1']
  Running k=8,...
    Passes: 1, Time/Memory: 0.89,66416, Output: ['1']
  Running k=9,...
    Passes: 1, Time/Memory: 0.87,66520, Output: ['1']
  Running k=10,...
    Passes: 1, Time/Memory: 0.84,66420, Output: ['1']
  Running c=3,...
    Passes: 1, Time/Memory: 0.86,66444, Output: ['1']
Results for Amazon running klev1 saved to ./results/real/table_data

Running Amazon for variant 2...
  Running k=1,...
    Passes: 3, Time/Memory: 1107.80,157324, Output: ['3']
  Running k=2,...
    Passes: 2, Time/Memory: 1002.41,185848, Output: ['2']
  Running k=3,...
    Passes: 1, Time/Memory: 0.68,66452, Output: ['1']
  Running k=4,...
    Passes: 1, Time/Memory: 0.73,66328, Output: ['1']
  Running k=5,...
    Passes: 1, Time/Memory: 0.69,66400, Output: ['1']
  Running k=6,...
    Passes: 1, Time/Memory: 0.68,66528, Output: ['1']
  Running k=7,...
    Passes: 1, Time/Memory: 0.71,66496, Output: ['1']
  Running k=8,...
    Passes: 1, Time/Memory: 0.71,66352, Output: ['1']
  Running k=9,...
    Passes: 1, Time/Memory: 0.69,66516, Output: ['1']
  Running k=10,...
    Passes: 1, Time/Memory: 0.67,66388, Output: ['1']
  Running c=3,...
    Passes: 1, Time/Memory: 0.69,66328, Output: ['1']
Results for Amazon running klev2 saved to ./results/real/table_data

Running Amazon for variant N...
  Running k=1,...
    Passes: 3, Time/Memory: 836.23,154628, Output: ['3']
  Running k=2,...
    Passes: 2, Time/Memory: 774.45,178436, Output: ['2']
  Running k=3,...
    Passes: 1, Time/Memory: 0.71,66400, Output: ['1']
  Running k=4,...
    Passes: 1, Time/Memory: 0.73,66428, Output: ['1']
  Running k=5,...
    Passes: 1, Time/Memory: 0.74,66328, Output: ['1']
  Running k=6,...
    Passes: 1, Time/Memory: 0.75,66516, Output: ['1']
  Running k=7,...
    Passes: 1, Time/Memory: 0.72,66516, Output: ['1']
  Running k=8,...
    Passes: 1, Time/Memory: 0.73,66512, Output: ['1']
  Running k=9,...
    Passes: 1, Time/Memory: 0.68,66524, Output: ['1']
  Running k=10,...
    Passes: 1, Time/Memory: 0.73,66524, Output: ['1']
  Running c=3,...
    Passes: 1, Time/Memory: 0.73,66308, Output: ['1']
Results for Amazon running klevN saved to ./results/real/table_data
