Iteration 1/10 for Graph KonectDblp running klevN with k=10...
    Passes: 1, Time/Memory: 9.31,1241088, Output: ['1']
Iteration 2/10 for Graph KonectDblp running klevN with k=10...
    Passes: 1, Time/Memory: 9.29,1241088, Output: ['1']
Iteration 3/10 for Graph KonectDblp running klevN with k=10...
    Passes: 1, Time/Memory: 9.37,1241088, Output: ['1']
Iteration 4/10 for Graph KonectDblp running klevN with k=10...
    Passes: 1, Time/Memory: 9.32,1241088, Output: ['1']
Iteration 5/10 for Graph KonectDblp running klevN with k=10...
    Passes: 1, Time/Memory: 9.34,1241088, Output: ['1']
Iteration 6/10 for Graph KonectDblp running klevN with k=10...
    Passes: 1, Time/Memory: 9.30,1241088, Output: ['1']
Iteration 7/10 for Graph KonectDblp running klevN with k=10...
    Passes: 1, Time/Memory: 9.44,1240064, Output: ['1']
Iteration 8/10 for Graph KonectDblp running klevN with k=10...
    Passes: 1, Time/Memory: 9.36,1241088, Output: ['1']
Iteration 9/10 for Graph KonectDblp running klevN with k=10...
    Passes: 1, Time/Memory: 9.36,1241088, Output: ['1']
Iteration 10/10 for Graph KonectDblp running klevN with k=10...
    Passes: 1, Time/Memory: 9.31,1241088, Output: ['1']
Results for KonectDblp running klevN saved to ./results/real/average_concurrent_runs
Iteration 1/10 for Graph KonectDblp running klev1 with k=10...
Traceback (most recent call last):
  File "/home/shahbazk/Projects/DFS_Semi_Streaming/scripts/get_real_time_memory_passes/average_concurrent_runs.py", line 161, in <module>
    run_experiments(args.algorithm, args.iterations, args.output_dir)
  File "/home/shahbazk/Projects/DFS_Semi_Streaming/scripts/get_real_time_memory_passes/average_concurrent_runs.py", line 139, in run_experiments
    k_experiments(algorithm, iterations, graph, output_dir)
  File "/home/shahbazk/Projects/DFS_Semi_Streaming/scripts/get_real_time_memory_passes/average_concurrent_runs.py", line 103, in k_experiments
    time, memory, passes = run_command(
  File "/home/shahbazk/Projects/DFS_Semi_Streaming/scripts/get_real_time_memory_passes/average_concurrent_runs.py", line 40, in run_command
    p = subprocess.Popen(
  File "/usr/lib/python3.10/subprocess.py", line 971, in __init__
    self._execute_child(args, executable, preexec_fn, close_fds,
  File "/usr/lib/python3.10/subprocess.py", line 1796, in _execute_child
    self.pid = _posixsubprocess.fork_exec(
TypeError: expected str, bytes or os.PathLike object, not int
