Iteration 1/10 for Graph LiveJournal running klevN with k=9...
    Passes: 1, Time/Memory: 17.02,1334272, Output: ['1']
Iteration 2/10 for Graph LiveJournal running klevN with k=9...
    Passes: 1, Time/Memory: 16.87,1334272, Output: ['1']
Iteration 3/10 for Graph LiveJournal running klevN with k=9...
    Passes: 1, Time/Memory: 16.62,1334272, Output: ['1']
Iteration 4/10 for Graph LiveJournal running klevN with k=9...
    Passes: 1, Time/Memory: 16.97,1334272, Output: ['1']
Iteration 5/10 for Graph LiveJournal running klevN with k=9...
    Passes: 1, Time/Memory: 16.68,1334272, Output: ['1']
Iteration 6/10 for Graph LiveJournal running klevN with k=9...
    Passes: 1, Time/Memory: 17.12,1333248, Output: ['1']
Iteration 7/10 for Graph LiveJournal running klevN with k=9...
    Passes: 1, Time/Memory: 17.02,1334272, Output: ['1']
Iteration 8/10 for Graph LiveJournal running klevN with k=9...
    Passes: 1, Time/Memory: 17.20,1334272, Output: ['1']
Iteration 9/10 for Graph LiveJournal running klevN with k=9...
    Passes: 1, Time/Memory: 17.17,1334272, Output: ['1']
Iteration 10/10 for Graph LiveJournal running klevN with k=9...
    Passes: 1, Time/Memory: 17.04,1334272, Output: ['1']
Iteration 1/10 for Graph LiveJournal running klevN with k=10...
    Passes: 1, Time/Memory: 17.50,1334272, Output: ['1']
Iteration 2/10 for Graph LiveJournal running klevN with k=10...
    Passes: 1, Time/Memory: 16.84,1333248, Output: ['1']
Iteration 3/10 for Graph LiveJournal running klevN with k=10...
    Passes: 1, Time/Memory: 16.82,1334272, Output: ['1']
Iteration 4/10 for Graph LiveJournal running klevN with k=10...
    Passes: 1, Time/Memory: 16.88,1334272, Output: ['1']
Iteration 5/10 for Graph LiveJournal running klevN with k=10...
    Passes: 1, Time/Memory: 17.96,1334272, Output: ['1']
Iteration 6/10 for Graph LiveJournal running klevN with k=10...
    Passes: 1, Time/Memory: 17.24,1334272, Output: ['1']
Iteration 7/10 for Graph LiveJournal running klevN with k=10...
    Passes: 1, Time/Memory: 17.03,1334272, Output: ['1']
Iteration 8/10 for Graph LiveJournal running klevN with k=10...
    Passes: 1, Time/Memory: 17.07,1334272, Output: ['1']
Iteration 9/10 for Graph LiveJournal running klevN with k=10...
    Passes: 1, Time/Memory: 16.86,1334272, Output: ['1']
Iteration 10/10 for Graph LiveJournal running klevN with k=10...
    Passes: 1, Time/Memory: 16.69,1334272, Output: ['1']
Iteration 1/10 for Graph LiveJournal running klevN with k=9...
    Passes: 1, Time/Memory: 16.66,1334272, Output: ['1']
Iteration 2/10 for Graph LiveJournal running klevN with k=9...
    Passes: 1, Time/Memory: 16.83,1334272, Output: ['1']
Iteration 3/10 for Graph LiveJournal running klevN with k=9...
    Passes: 1, Time/Memory: 16.87,1334272, Output: ['1']
Iteration 4/10 for Graph LiveJournal running klevN with k=9...
    Passes: 1, Time/Memory: 16.60,1334272, Output: ['1']
Iteration 5/10 for Graph LiveJournal running klevN with k=9...
    Passes: 1, Time/Memory: 16.90,1334272, Output: ['1']
Iteration 6/10 for Graph LiveJournal running klevN with k=9...
    Passes: 1, Time/Memory: 18.03,1334272, Output: ['1']
Iteration 7/10 for Graph LiveJournal running klevN with k=9...
    Passes: 1, Time/Memory: 18.53,1334272, Output: ['1']
Iteration 8/10 for Graph LiveJournal running klevN with k=9...
    Passes: 1, Time/Memory: 16.87,1334272, Output: ['1']
Iteration 9/10 for Graph LiveJournal running klevN with k=9...
    Passes: 1, Time/Memory: 16.63,1334272, Output: ['1']
Iteration 10/10 for Graph LiveJournal running klevN with k=9...
    Passes: 1, Time/Memory: 16.77,1334272, Output: ['1']
Results for LiveJournal running klevN saved to ./results/real/average_concurrent_runs
Iteration 1/10 for Graph LiveJournal running klev2 with k=9...
    Passes: 1, Time/Memory: 16.98,1334272, Output: ['1']
Iteration 2/10 for Graph LiveJournal running klev2 with k=9...
    Passes: 1, Time/Memory: 16.77,1334272, Output: ['1']
Iteration 3/10 for Graph LiveJournal running klev2 with k=9...
    Passes: 1, Time/Memory: 16.58,1334272, Output: ['1']
Iteration 4/10 for Graph LiveJournal running klev2 with k=9...
    Passes: 1, Time/Memory: 17.37,1334272, Output: ['1']
Iteration 5/10 for Graph LiveJournal running klev2 with k=9...
    Passes: 1, Time/Memory: 16.62,1333248, Output: ['1']
Iteration 6/10 for Graph LiveJournal running klev2 with k=9...
    Passes: 1, Time/Memory: 16.87,1334272, Output: ['1']
Iteration 7/10 for Graph LiveJournal running klev2 with k=9...
    Passes: 1, Time/Memory: 16.75,1334272, Output: ['1']
Iteration 8/10 for Graph LiveJournal running klev2 with k=9...
    Passes: 1, Time/Memory: 16.76,1333248, Output: ['1']
Iteration 9/10 for Graph LiveJournal running klev2 with k=9...
    Passes: 1, Time/Memory: 16.87,1334272, Output: ['1']
Iteration 10/10 for Graph LiveJournal running klev2 with k=9...
    Passes: 1, Time/Memory: 16.81,1334272, Output: ['1']
Iteration 1/10 for Graph LiveJournal running klev2 with k=10...
    Passes: 1, Time/Memory: 16.70,1333248, Output: ['1']
Iteration 2/10 for Graph LiveJournal running klev2 with k=10...
    Passes: 1, Time/Memory: 17.02,1334272, Output: ['1']
Iteration 3/10 for Graph LiveJournal running klev2 with k=10...
    Passes: 1, Time/Memory: 16.73,1334272, Output: ['1']
Iteration 4/10 for Graph LiveJournal running klev2 with k=10...
    Passes: 1, Time/Memory: 16.63,1334272, Output: ['1']
Iteration 5/10 for Graph LiveJournal running klev2 with k=10...
    Passes: 1, Time/Memory: 16.81,1334272, Output: ['1']
Iteration 6/10 for Graph LiveJournal running klev2 with k=10...
    Passes: 1, Time/Memory: 16.57,1334272, Output: ['1']
Iteration 7/10 for Graph LiveJournal running klev2 with k=10...
    Passes: 1, Time/Memory: 17.24,1334272, Output: ['1']
Iteration 8/10 for Graph LiveJournal running klev2 with k=10...
    Passes: 1, Time/Memory: 16.88,1334272, Output: ['1']
Iteration 9/10 for Graph LiveJournal running klev2 with k=10...
    Passes: 1, Time/Memory: 16.78,1334272, Output: ['1']
Iteration 10/10 for Graph LiveJournal running klev2 with k=10...
    Passes: 1, Time/Memory: 16.99,1334272, Output: ['1']
Iteration 1/10 for Graph LiveJournal running klev2 with k=9...
    Passes: 1, Time/Memory: 17.28,1334272, Output: ['1']
Iteration 2/10 for Graph LiveJournal running klev2 with k=9...
    Passes: 1, Time/Memory: 16.95,1334272, Output: ['1']
Iteration 3/10 for Graph LiveJournal running klev2 with k=9...
    Passes: 1, Time/Memory: 16.77,1334272, Output: ['1']
Iteration 4/10 for Graph LiveJournal running klev2 with k=9...
    Passes: 1, Time/Memory: 16.54,1334272, Output: ['1']
Iteration 5/10 for Graph LiveJournal running klev2 with k=9...
    Passes: 1, Time/Memory: 16.81,1334272, Output: ['1']
Iteration 6/10 for Graph LiveJournal running klev2 with k=9...
    Passes: 1, Time/Memory: 16.80,1334272, Output: ['1']
Iteration 7/10 for Graph LiveJournal running klev2 with k=9...
    Passes: 1, Time/Memory: 16.75,1334272, Output: ['1']
Iteration 8/10 for Graph LiveJournal running klev2 with k=9...
    Passes: 1, Time/Memory: 16.78,1334272, Output: ['1']
Iteration 9/10 for Graph LiveJournal running klev2 with k=9...
    Passes: 1, Time/Memory: 16.82,1333248, Output: ['1']
Iteration 10/10 for Graph LiveJournal running klev2 with k=9...
    Passes: 1, Time/Memory: 16.72,1333248, Output: ['1']
Results for LiveJournal running klev2 saved to ./results/real/average_concurrent_runs
Iteration 1/10 for Graph LiveJournal running klev1 with k=9...
    Passes: 1, Time/Memory: 16.89,1334272, Output: ['1']
Iteration 2/10 for Graph LiveJournal running klev1 with k=9...
    Passes: 1, Time/Memory: 17.22,1334272, Output: ['1']
Iteration 3/10 for Graph LiveJournal running klev1 with k=9...
    Passes: 1, Time/Memory: 16.90,1334272, Output: ['1']
Iteration 4/10 for Graph LiveJournal running klev1 with k=9...
    Passes: 1, Time/Memory: 16.90,1334272, Output: ['1']
Iteration 5/10 for Graph LiveJournal running klev1 with k=9...
    Passes: 1, Time/Memory: 16.94,1334272, Output: ['1']
Iteration 6/10 for Graph LiveJournal running klev1 with k=9...
    Passes: 1, Time/Memory: 16.73,1334272, Output: ['1']
Iteration 7/10 for Graph LiveJournal running klev1 with k=9...
    Passes: 1, Time/Memory: 16.74,1334272, Output: ['1']
Iteration 8/10 for Graph LiveJournal running klev1 with k=9...
    Passes: 1, Time/Memory: 16.77,1334272, Output: ['1']
Iteration 9/10 for Graph LiveJournal running klev1 with k=9...
    Passes: 1, Time/Memory: 16.70,1334272, Output: ['1']
Iteration 10/10 for Graph LiveJournal running klev1 with k=9...
    Passes: 1, Time/Memory: 16.68,1334272, Output: ['1']
Iteration 1/10 for Graph LiveJournal running klev1 with k=10...
    Passes: 1, Time/Memory: 16.85,1334272, Output: ['1']
Iteration 2/10 for Graph LiveJournal running klev1 with k=10...
    Passes: 1, Time/Memory: 16.87,1334272, Output: ['1']
Iteration 3/10 for Graph LiveJournal running klev1 with k=10...
    Passes: 1, Time/Memory: 16.79,1334272, Output: ['1']
Iteration 4/10 for Graph LiveJournal running klev1 with k=10...
    Passes: 1, Time/Memory: 16.63,1334272, Output: ['1']
Iteration 5/10 for Graph LiveJournal running klev1 with k=10...
    Passes: 1, Time/Memory: 16.84,1334272, Output: ['1']
Iteration 6/10 for Graph LiveJournal running klev1 with k=10...
    Passes: 1, Time/Memory: 16.87,1334272, Output: ['1']
Iteration 7/10 for Graph LiveJournal running klev1 with k=10...
    Passes: 1, Time/Memory: 16.61,1334272, Output: ['1']
Iteration 8/10 for Graph LiveJournal running klev1 with k=10...
    Passes: 1, Time/Memory: 16.90,1333248, Output: ['1']
Iteration 9/10 for Graph LiveJournal running klev1 with k=10...
    Passes: 1, Time/Memory: 16.63,1333248, Output: ['1']
Iteration 10/10 for Graph LiveJournal running klev1 with k=10...
    Passes: 1, Time/Memory: 16.78,1334272, Output: ['1']
Iteration 1/10 for Graph LiveJournal running klev1 with k=9...
    Passes: 1, Time/Memory: 16.93,1334272, Output: ['1']
Iteration 2/10 for Graph LiveJournal running klev1 with k=9...
    Passes: 1, Time/Memory: 16.80,1334272, Output: ['1']
Iteration 3/10 for Graph LiveJournal running klev1 with k=9...
    Passes: 1, Time/Memory: 16.89,1334272, Output: ['1']
Iteration 4/10 for Graph LiveJournal running klev1 with k=9...
    Passes: 1, Time/Memory: 16.86,1334272, Output: ['1']
Iteration 5/10 for Graph LiveJournal running klev1 with k=9...
    Passes: 1, Time/Memory: 16.65,1333248, Output: ['1']
Iteration 6/10 for Graph LiveJournal running klev1 with k=9...
    Passes: 1, Time/Memory: 16.83,1334272, Output: ['1']
Iteration 7/10 for Graph LiveJournal running klev1 with k=9...
    Passes: 1, Time/Memory: 16.85,1334272, Output: ['1']
Iteration 8/10 for Graph LiveJournal running klev1 with k=9...
    Passes: 1, Time/Memory: 16.76,1334272, Output: ['1']
Iteration 9/10 for Graph LiveJournal running klev1 with k=9...
    Passes: 1, Time/Memory: 16.81,1334272, Output: ['1']
Iteration 10/10 for Graph LiveJournal running klev1 with k=9...
    Passes: 1, Time/Memory: 16.68,1334272, Output: ['1']
Results for LiveJournal running klev1 saved to ./results/real/average_concurrent_runs
