
Running LiveJournal for variant 0...
  Running k=1,...
    Passes: 6, Time/Memory: 19011.98,1630848, Output: ['6']
  Running k=2,...
    Passes: 6, Time/Memory: 17298.46,1631472, Output: ['6']
  Running k=3,...
    Passes: 6, Time/Memory: 17257.14,1631344, Output: ['6']
  Running k=4,...
    Passes: 6, Time/Memory: 18494.74,1631316, Output: ['6']
  Running k=5,...
    Passes: 6, Time/Memory: 17265.03,1631096, Output: ['6']
  Running k=6,...
    Passes: 6, Time/Memory: 19639.87,1631264, Output: ['6']
  Running k=7,...
    Passes: 6, Time/Memory: 21015.95,1631188, Output: ['6']
  Running k=8,...
    Passes: 6, Time/Memory: 21868.19,1631356, Output: ['6']
  Running k=9,...
    Passes: 6, Time/Memory: 23209.84,1631144, Output: ['6']
  Running k=10,...
    Passes: 6, Time/Memory: 20503.90,1631296, Output: ['6']
Results for LiveJournal running klev0 saved to ./results/real/sc_optimized_stats/LiveJournal/klev_run_20250129_120422

Running LiveJournal for variant 1...
  Running k=1,...
    Passes: 5, Time/Memory: 18877.75,1539136, Output: ['5']
  Running k=2,...
    Passes: 5, Time/Memory: 16300.35,1616512, Output: ['5']
  Running k=3,...
    Passes: 5, Time/Memory: 15487.72,1616648, Output: ['5']
  Running k=4,...
    Passes: 5, Time/Memory: 16256.95,1616532, Output: ['5']
  Running k=5,...
    Passes: 5, Time/Memory: 17414.20,1616696, Output: ['5']
  Running k=6,...
    Passes: 5, Time/Memory: 14153.60,1616536, Output: ['5']
  Running k=7,...
    Passes: 5, Time/Memory: 14615.31,1616648, Output: ['5']
  Running k=8,...
    Passes: 5, Time/Memory: 15513.82,1616504, Output: ['5']
  Running k=9,...
    Passes: 1, Time/Memory: 9.96,1335324, Output: ['1']
  Running k=10,...
    Passes: 1, Time/Memory: 11.62,1335108, Output: ['1']
Results for LiveJournal running klev1 saved to ./results/real/sc_optimized_stats/LiveJournal/klev_run_20250129_120422

Running LiveJournal for variant 2...
  Running k=1,...
    Passes: 4, Time/Memory: 16374.72,1935216, Output: ['4']
  Running k=2,...
    Passes: 4, Time/Memory: 17292.05,2312672, Output: ['4']
  Running k=3,...
    Passes: 3, Time/Memory: 19922.49,2674540, Output: ['3']
  Running k=4,...
    Passes: 3, Time/Memory: 20464.20,3030020, Output: ['3']
  Running k=5,...
    Passes: 2, Time/Memory: 28418.78,3396300, Output: ['2']
  Running k=6,...
    Passes: 2, Time/Memory: 24772.82,3758796, Output: ['2']
  Running k=7,...
    Passes: 2, Time/Memory: 16361.34,4115008, Output: ['2']
  Running k=8,...
    Passes: 2, Time/Memory: 15710.75,4460952, Output: ['2']
  Running k=9,...
    Passes: 1, Time/Memory: 10.87,1335272, Output: ['1']
  Running k=10,...
    Passes: 1, Time/Memory: 11.68,1335216, Output: ['1']
Results for LiveJournal running klev2 saved to ./results/real/sc_optimized_stats/LiveJournal/klev_run_20250129_120422

Running LiveJournal for variant N...
  Running k=1,...
    Passes: 4, Time/Memory: 17998.74,1944960, Output: ['4']
  Running k=2,...
    Passes: 4, Time/Memory: 16261.17,2314576, Output: ['4']
  Running k=3,...
    Passes: 3, Time/Memory: 14679.80,2667864, Output: ['3']
  Running k=4,...
    Passes: 2, Time/Memory: 18099.87,3035272, Output: ['2']
  Running k=5,...
    Passes: 2, Time/Memory: 18648.44,3397320, Output: ['2']
  Running k=6,...
    Passes: 2, Time/Memory: 23015.19,3753664, Output: ['2']
  Running k=7,...
    Passes: 2, Time/Memory: 16344.73,4099304, Output: ['2']
  Running k=8,...
    Passes: 2, Time/Memory: 13616.41,4432712, Output: ['2']
  Running k=9,...
    Passes: 1, Time/Memory: 12.14,1335168, Output: ['1']
  Running k=10,...
    Passes: 1, Time/Memory: 13.27,1335124, Output: ['1']
Results for LiveJournal running klevN saved to ./results/real/sc_optimized_stats/LiveJournal/klev_run_20250129_120422
