Iteration 1/10 for Graph KonectDblp running klevN with k=2...
    Passes: 1, Time/Memory: 9.69,1241088, Output: ['1']
Iteration 2/10 for Graph KonectDblp running klevN with k=2...
    Passes: 1, Time/Memory: 9.36,1241088, Output: ['1']
Iteration 3/10 for Graph KonectDblp running klevN with k=2...
    Passes: 1, Time/Memory: 10.01,1241088, Output: ['1']
Iteration 4/10 for Graph KonectDblp running klevN with k=2...
    Passes: 1, Time/Memory: 9.63,1240064, Output: ['1']
Iteration 5/10 for Graph KonectDblp running klevN with k=2...
    Passes: 1, Time/Memory: 9.44,1241088, Output: ['1']
Iteration 6/10 for Graph KonectDblp running klevN with k=2...
    Passes: 1, Time/Memory: 9.43,1241088, Output: ['1']
Iteration 7/10 for Graph KonectDblp running klevN with k=2...
    Passes: 1, Time/Memory: 9.81,1240064, Output: ['1']
Iteration 8/10 for Graph KonectDblp running klevN with k=2...
    Passes: 1, Time/Memory: 10.61,1241088, Output: ['1']
Iteration 9/10 for Graph KonectDblp running klevN with k=2...
    Passes: 1, Time/Memory: 10.17,1241088, Output: ['1']
Iteration 10/10 for Graph KonectDblp running klevN with k=2...
    Passes: 1, Time/Memory: 9.46,1241088, Output: ['1']
Iteration 1/10 for Graph KonectDblp running klevN with k=10...
    Passes: 1, Time/Memory: 10.06,1241088, Output: ['1']
Iteration 2/10 for Graph KonectDblp running klevN with k=10...
    Passes: 1, Time/Memory: 10.02,1241088, Output: ['1']
Iteration 3/10 for Graph KonectDblp running klevN with k=10...
    Passes: 1, Time/Memory: 9.59,1241088, Output: ['1']
Iteration 4/10 for Graph KonectDblp running klevN with k=10...
    Passes: 1, Time/Memory: 9.45,1240064, Output: ['1']
Iteration 5/10 for Graph KonectDblp running klevN with k=10...
    Passes: 1, Time/Memory: 9.71,1241088, Output: ['1']
Iteration 6/10 for Graph KonectDblp running klevN with k=10...
    Passes: 1, Time/Memory: 9.43,1241088, Output: ['1']
Iteration 7/10 for Graph KonectDblp running klevN with k=10...
    Passes: 1, Time/Memory: 9.60,1241088, Output: ['1']
Iteration 8/10 for Graph KonectDblp running klevN with k=10...
    Passes: 1, Time/Memory: 9.43,1241088, Output: ['1']
Iteration 9/10 for Graph KonectDblp running klevN with k=10...
    Passes: 1, Time/Memory: 9.43,1241088, Output: ['1']
Iteration 10/10 for Graph KonectDblp running klevN with k=10...
    Passes: 1, Time/Memory: 9.52,1241088, Output: ['1']
Iteration 1/10 for Graph KonectDblp running klevN with k=9...
    Passes: 1, Time/Memory: 9.48,1241088, Output: ['1']
Iteration 2/10 for Graph KonectDblp running klevN with k=9...
    Passes: 1, Time/Memory: 9.41,1241088, Output: ['1']
Iteration 3/10 for Graph KonectDblp running klevN with k=9...
    Passes: 1, Time/Memory: 9.46,1241088, Output: ['1']
Iteration 4/10 for Graph KonectDblp running klevN with k=9...
    Passes: 1, Time/Memory: 9.46,1241088, Output: ['1']
Iteration 5/10 for Graph KonectDblp running klevN with k=9...
    Passes: 1, Time/Memory: 9.40,1241088, Output: ['1']
Iteration 6/10 for Graph KonectDblp running klevN with k=9...
    Passes: 1, Time/Memory: 9.41,1240064, Output: ['1']
Iteration 7/10 for Graph KonectDblp running klevN with k=9...
    Passes: 1, Time/Memory: 9.44,1241088, Output: ['1']
Iteration 8/10 for Graph KonectDblp running klevN with k=9...
    Passes: 1, Time/Memory: 9.36,1241088, Output: ['1']
Iteration 9/10 for Graph KonectDblp running klevN with k=9...
    Passes: 1, Time/Memory: 9.41,1241088, Output: ['1']
Iteration 10/10 for Graph KonectDblp running klevN with k=9...
    Passes: 1, Time/Memory: 9.51,1241088, Output: ['1']
Iteration 1/10 for Graph KonectDblp running klevN with k=8...
    Passes: 1, Time/Memory: 9.49,1241088, Output: ['1']
Iteration 2/10 for Graph KonectDblp running klevN with k=8...
    Passes: 1, Time/Memory: 9.45,1241088, Output: ['1']
Iteration 3/10 for Graph KonectDblp running klevN with k=8...
    Passes: 1, Time/Memory: 9.49,1240064, Output: ['1']
Iteration 4/10 for Graph KonectDblp running klevN with k=8...
    Passes: 1, Time/Memory: 9.40,1241088, Output: ['1']
Iteration 5/10 for Graph KonectDblp running klevN with k=8...
    Passes: 1, Time/Memory: 9.54,1241088, Output: ['1']
Iteration 6/10 for Graph KonectDblp running klevN with k=8...
    Passes: 1, Time/Memory: 9.49,1241088, Output: ['1']
Iteration 7/10 for Graph KonectDblp running klevN with k=8...
    Passes: 1, Time/Memory: 9.45,1240064, Output: ['1']
Iteration 8/10 for Graph KonectDblp running klevN with k=8...
    Passes: 1, Time/Memory: 9.51,1241088, Output: ['1']
Iteration 9/10 for Graph KonectDblp running klevN with k=8...
    Passes: 1, Time/Memory: 9.52,1241088, Output: ['1']
Iteration 10/10 for Graph KonectDblp running klevN with k=8...
    Passes: 1, Time/Memory: 9.45,1241088, Output: ['1']
Iteration 1/10 for Graph KonectDblp running klevN with k=7...
    Passes: 1, Time/Memory: 9.43,1241088, Output: ['1']
Iteration 2/10 for Graph KonectDblp running klevN with k=7...
    Passes: 1, Time/Memory: 9.50,1241088, Output: ['1']
Iteration 3/10 for Graph KonectDblp running klevN with k=7...
    Passes: 1, Time/Memory: 9.46,1241088, Output: ['1']
Iteration 4/10 for Graph KonectDblp running klevN with k=7...
    Passes: 1, Time/Memory: 9.44,1241088, Output: ['1']
Iteration 5/10 for Graph KonectDblp running klevN with k=7...
    Passes: 1, Time/Memory: 9.39,1241088, Output: ['1']
Iteration 6/10 for Graph KonectDblp running klevN with k=7...
    Passes: 1, Time/Memory: 9.51,1241088, Output: ['1']
Iteration 7/10 for Graph KonectDblp running klevN with k=7...
    Passes: 1, Time/Memory: 9.59,1241088, Output: ['1']
Iteration 8/10 for Graph KonectDblp running klevN with k=7...
    Passes: 1, Time/Memory: 9.48,1241088, Output: ['1']
Iteration 9/10 for Graph KonectDblp running klevN with k=7...
    Passes: 1, Time/Memory: 9.38,1241088, Output: ['1']
Iteration 10/10 for Graph KonectDblp running klevN with k=7...
    Passes: 1, Time/Memory: 9.91,1241088, Output: ['1']
Iteration 1/10 for Graph KonectDblp running klevN with k=6...
    Passes: 1, Time/Memory: 9.67,1241088, Output: ['1']
Iteration 2/10 for Graph KonectDblp running klevN with k=6...
    Passes: 1, Time/Memory: 9.47,1240064, Output: ['1']
Iteration 3/10 for Graph KonectDblp running klevN with k=6...
    Passes: 1, Time/Memory: 9.56,1241088, Output: ['1']
Iteration 4/10 for Graph KonectDblp running klevN with k=6...
    Passes: 1, Time/Memory: 9.49,1241088, Output: ['1']
Iteration 5/10 for Graph KonectDblp running klevN with k=6...
    Passes: 1, Time/Memory: 9.59,1241088, Output: ['1']
Iteration 6/10 for Graph KonectDblp running klevN with k=6...
    Passes: 1, Time/Memory: 9.49,1241088, Output: ['1']
Iteration 7/10 for Graph KonectDblp running klevN with k=6...
    Passes: 1, Time/Memory: 9.48,1239040, Output: ['1']
Iteration 8/10 for Graph KonectDblp running klevN with k=6...
    Passes: 1, Time/Memory: 9.44,1240064, Output: ['1']
Iteration 9/10 for Graph KonectDblp running klevN with k=6...
    Passes: 1, Time/Memory: 9.50,1241088, Output: ['1']
Iteration 10/10 for Graph KonectDblp running klevN with k=6...
    Passes: 1, Time/Memory: 9.53,1241088, Output: ['1']
Iteration 1/10 for Graph KonectDblp running klevN with k=5...
    Passes: 1, Time/Memory: 9.54,1241088, Output: ['1']
Iteration 2/10 for Graph KonectDblp running klevN with k=5...
    Passes: 1, Time/Memory: 9.58,1240064, Output: ['1']
Iteration 3/10 for Graph KonectDblp running klevN with k=5...
    Passes: 1, Time/Memory: 9.51,1240064, Output: ['1']
Iteration 4/10 for Graph KonectDblp running klevN with k=5...
    Passes: 1, Time/Memory: 9.49,1241088, Output: ['1']
Iteration 5/10 for Graph KonectDblp running klevN with k=5...
    Passes: 1, Time/Memory: 9.45,1241088, Output: ['1']
Iteration 6/10 for Graph KonectDblp running klevN with k=5...
    Passes: 1, Time/Memory: 9.47,1240064, Output: ['1']
Iteration 7/10 for Graph KonectDblp running klevN with k=5...
    Passes: 1, Time/Memory: 10.05,1241088, Output: ['1']
Iteration 8/10 for Graph KonectDblp running klevN with k=5...
    Passes: 1, Time/Memory: 9.44,1240064, Output: ['1']
Iteration 9/10 for Graph KonectDblp running klevN with k=5...
    Passes: 1, Time/Memory: 9.40,1240064, Output: ['1']
Iteration 10/10 for Graph KonectDblp running klevN with k=5...
    Passes: 1, Time/Memory: 9.44,1241088, Output: ['1']
Iteration 1/10 for Graph KonectDblp running klevN with k=4...
    Passes: 1, Time/Memory: 9.51,1241088, Output: ['1']
Iteration 2/10 for Graph KonectDblp running klevN with k=4...
    Passes: 1, Time/Memory: 9.43,1240064, Output: ['1']
Iteration 3/10 for Graph KonectDblp running klevN with k=4...
    Passes: 1, Time/Memory: 9.41,1241088, Output: ['1']
Iteration 4/10 for Graph KonectDblp running klevN with k=4...
    Passes: 1, Time/Memory: 9.43,1241088, Output: ['1']
Iteration 5/10 for Graph KonectDblp running klevN with k=4...
    Passes: 1, Time/Memory: 9.52,1241088, Output: ['1']
Iteration 6/10 for Graph KonectDblp running klevN with k=4...
    Passes: 1, Time/Memory: 9.43,1241088, Output: ['1']
Iteration 7/10 for Graph KonectDblp running klevN with k=4...
    Passes: 1, Time/Memory: 9.45,1241088, Output: ['1']
Iteration 8/10 for Graph KonectDblp running klevN with k=4...
    Passes: 1, Time/Memory: 9.44,1241088, Output: ['1']
Iteration 9/10 for Graph KonectDblp running klevN with k=4...
    Passes: 1, Time/Memory: 9.48,1241088, Output: ['1']
Iteration 10/10 for Graph KonectDblp running klevN with k=4...
    Passes: 1, Time/Memory: 9.48,1241088, Output: ['1']
Iteration 1/10 for Graph KonectDblp running klevN with k=3...
    Passes: 1, Time/Memory: 9.44,1241088, Output: ['1']
Iteration 2/10 for Graph KonectDblp running klevN with k=3...
    Passes: 1, Time/Memory: 9.43,1241088, Output: ['1']
Iteration 3/10 for Graph KonectDblp running klevN with k=3...
    Passes: 1, Time/Memory: 9.48,1241088, Output: ['1']
Iteration 4/10 for Graph KonectDblp running klevN with k=3...
    Passes: 1, Time/Memory: 9.43,1241088, Output: ['1']
Iteration 5/10 for Graph KonectDblp running klevN with k=3...
    Passes: 1, Time/Memory: 9.73,1241088, Output: ['1']
Iteration 6/10 for Graph KonectDblp running klevN with k=3...
    Passes: 1, Time/Memory: 9.38,1241088, Output: ['1']
Iteration 7/10 for Graph KonectDblp running klevN with k=3...
    Passes: 1, Time/Memory: 9.41,1241088, Output: ['1']
Iteration 8/10 for Graph KonectDblp running klevN with k=3...
    Passes: 1, Time/Memory: 9.40,1241088, Output: ['1']
Iteration 9/10 for Graph KonectDblp running klevN with k=3...
    Passes: 1, Time/Memory: 9.43,1241088, Output: ['1']
Iteration 10/10 for Graph KonectDblp running klevN with k=3...
    Passes: 1, Time/Memory: 9.41,1241088, Output: ['1']
Iteration 1/10 for Graph KonectDblp running klevN with k=2...
    Passes: 1, Time/Memory: 9.39,1241088, Output: ['1']
Iteration 2/10 for Graph KonectDblp running klevN with k=2...
    Passes: 1, Time/Memory: 9.41,1241088, Output: ['1']
Iteration 3/10 for Graph KonectDblp running klevN with k=2...
    Passes: 1, Time/Memory: 9.39,1241088, Output: ['1']
Iteration 4/10 for Graph KonectDblp running klevN with k=2...
    Passes: 1, Time/Memory: 9.55,1241088, Output: ['1']
Iteration 5/10 for Graph KonectDblp running klevN with k=2...
    Passes: 1, Time/Memory: 9.53,1241088, Output: ['1']
Iteration 6/10 for Graph KonectDblp running klevN with k=2...
    Passes: 1, Time/Memory: 9.49,1241088, Output: ['1']
Iteration 7/10 for Graph KonectDblp running klevN with k=2...
    Passes: 1, Time/Memory: 9.44,1241088, Output: ['1']
Iteration 8/10 for Graph KonectDblp running klevN with k=2...
    Passes: 1, Time/Memory: 9.46,1241088, Output: ['1']
Iteration 9/10 for Graph KonectDblp running klevN with k=2...
    Passes: 1, Time/Memory: 9.41,1241088, Output: ['1']
Iteration 10/10 for Graph KonectDblp running klevN with k=2...
    Passes: 1, Time/Memory: 9.44,1241088, Output: ['1']
Results for KonectDblp running klevN saved to ./results/real/average_concurrent_runs
Iteration 1/10 for Graph KonectDblp running klev2 with k=2...
    Passes: 1, Time/Memory: 9.47,1241088, Output: ['1']
Iteration 2/10 for Graph KonectDblp running klev2 with k=2...
    Passes: 1, Time/Memory: 9.41,1241088, Output: ['1']
Iteration 3/10 for Graph KonectDblp running klev2 with k=2...
    Passes: 1, Time/Memory: 9.42,1241088, Output: ['1']
Iteration 4/10 for Graph KonectDblp running klev2 with k=2...
    Passes: 1, Time/Memory: 9.38,1241088, Output: ['1']
Iteration 5/10 for Graph KonectDblp running klev2 with k=2...
    Passes: 1, Time/Memory: 9.50,1241088, Output: ['1']
Iteration 6/10 for Graph KonectDblp running klev2 with k=2...
    Passes: 1, Time/Memory: 9.43,1241088, Output: ['1']
Iteration 7/10 for Graph KonectDblp running klev2 with k=2...
    Passes: 1, Time/Memory: 9.44,1241088, Output: ['1']
Iteration 8/10 for Graph KonectDblp running klev2 with k=2...
    Passes: 1, Time/Memory: 9.46,1241088, Output: ['1']
Iteration 9/10 for Graph KonectDblp running klev2 with k=2...
    Passes: 1, Time/Memory: 9.43,1241088, Output: ['1']
Iteration 10/10 for Graph KonectDblp running klev2 with k=2...
    Passes: 1, Time/Memory: 9.43,1241088, Output: ['1']
Iteration 1/10 for Graph KonectDblp running klev2 with k=10...
    Passes: 1, Time/Memory: 9.44,1241088, Output: ['1']
Iteration 2/10 for Graph KonectDblp running klev2 with k=10...
    Passes: 1, Time/Memory: 9.46,1241088, Output: ['1']
Iteration 3/10 for Graph KonectDblp running klev2 with k=10...
    Passes: 1, Time/Memory: 9.40,1241088, Output: ['1']
Iteration 4/10 for Graph KonectDblp running klev2 with k=10...
    Passes: 1, Time/Memory: 9.55,1241088, Output: ['1']
Iteration 5/10 for Graph KonectDblp running klev2 with k=10...
    Passes: 1, Time/Memory: 9.62,1240064, Output: ['1']
Iteration 6/10 for Graph KonectDblp running klev2 with k=10...
    Passes: 1, Time/Memory: 9.39,1241088, Output: ['1']
Iteration 7/10 for Graph KonectDblp running klev2 with k=10...
    Passes: 1, Time/Memory: 9.45,1240064, Output: ['1']
Iteration 8/10 for Graph KonectDblp running klev2 with k=10...
    Passes: 1, Time/Memory: 9.43,1240064, Output: ['1']
Iteration 9/10 for Graph KonectDblp running klev2 with k=10...
    Passes: 1, Time/Memory: 9.36,1241088, Output: ['1']
Iteration 10/10 for Graph KonectDblp running klev2 with k=10...
    Passes: 1, Time/Memory: 9.46,1241088, Output: ['1']
Iteration 1/10 for Graph KonectDblp running klev2 with k=9...
    Passes: 1, Time/Memory: 9.53,1241088, Output: ['1']
Iteration 2/10 for Graph KonectDblp running klev2 with k=9...
    Passes: 1, Time/Memory: 9.49,1241088, Output: ['1']
Iteration 3/10 for Graph KonectDblp running klev2 with k=9...
    Passes: 1, Time/Memory: 9.51,1240064, Output: ['1']
Iteration 4/10 for Graph KonectDblp running klev2 with k=9...
    Passes: 1, Time/Memory: 9.51,1241088, Output: ['1']
Iteration 5/10 for Graph KonectDblp running klev2 with k=9...
    Passes: 1, Time/Memory: 9.65,1241088, Output: ['1']
Iteration 6/10 for Graph KonectDblp running klev2 with k=9...
    Passes: 1, Time/Memory: 9.51,1241088, Output: ['1']
Iteration 7/10 for Graph KonectDblp running klev2 with k=9...
    Passes: 1, Time/Memory: 9.46,1241088, Output: ['1']
Iteration 8/10 for Graph KonectDblp running klev2 with k=9...
    Passes: 1, Time/Memory: 9.43,1241088, Output: ['1']
Iteration 9/10 for Graph KonectDblp running klev2 with k=9...
    Passes: 1, Time/Memory: 9.39,1241088, Output: ['1']
Iteration 10/10 for Graph KonectDblp running klev2 with k=9...
    Passes: 1, Time/Memory: 9.44,1241088, Output: ['1']
Iteration 1/10 for Graph KonectDblp running klev2 with k=8...
    Passes: 1, Time/Memory: 9.38,1240064, Output: ['1']
Iteration 2/10 for Graph KonectDblp running klev2 with k=8...
    Passes: 1, Time/Memory: 9.39,1241088, Output: ['1']
Iteration 3/10 for Graph KonectDblp running klev2 with k=8...
    Passes: 1, Time/Memory: 9.34,1241088, Output: ['1']
Iteration 4/10 for Graph KonectDblp running klev2 with k=8...
    Passes: 1, Time/Memory: 9.40,1240064, Output: ['1']
Iteration 5/10 for Graph KonectDblp running klev2 with k=8...
    Passes: 1, Time/Memory: 9.47,1241088, Output: ['1']
Iteration 6/10 for Graph KonectDblp running klev2 with k=8...
    Passes: 1, Time/Memory: 9.38,1241088, Output: ['1']
Iteration 7/10 for Graph KonectDblp running klev2 with k=8...
    Passes: 1, Time/Memory: 9.43,1241088, Output: ['1']
Iteration 8/10 for Graph KonectDblp running klev2 with k=8...
    Passes: 1, Time/Memory: 9.41,1241088, Output: ['1']
Iteration 9/10 for Graph KonectDblp running klev2 with k=8...
    Passes: 1, Time/Memory: 9.40,1241088, Output: ['1']
Iteration 10/10 for Graph KonectDblp running klev2 with k=8...
    Passes: 1, Time/Memory: 9.38,1241088, Output: ['1']
Iteration 1/10 for Graph KonectDblp running klev2 with k=7...
    Passes: 1, Time/Memory: 9.39,1241088, Output: ['1']
Iteration 2/10 for Graph KonectDblp running klev2 with k=7...
    Passes: 1, Time/Memory: 9.49,1241088, Output: ['1']
Iteration 3/10 for Graph KonectDblp running klev2 with k=7...
    Passes: 1, Time/Memory: 9.42,1241088, Output: ['1']
Iteration 4/10 for Graph KonectDblp running klev2 with k=7...
    Passes: 1, Time/Memory: 9.40,1241088, Output: ['1']
Iteration 5/10 for Graph KonectDblp running klev2 with k=7...
    Passes: 1, Time/Memory: 10.33,1239040, Output: ['1']
Iteration 6/10 for Graph KonectDblp running klev2 with k=7...
    Passes: 1, Time/Memory: 9.65,1241088, Output: ['1']
Iteration 7/10 for Graph KonectDblp running klev2 with k=7...
    Passes: 1, Time/Memory: 9.64,1241088, Output: ['1']
Iteration 8/10 for Graph KonectDblp running klev2 with k=7...
    Passes: 1, Time/Memory: 9.74,1241088, Output: ['1']
Iteration 9/10 for Graph KonectDblp running klev2 with k=7...
    Passes: 1, Time/Memory: 9.88,1241088, Output: ['1']
Iteration 10/10 for Graph KonectDblp running klev2 with k=7...
    Passes: 1, Time/Memory: 9.35,1241088, Output: ['1']
Iteration 1/10 for Graph KonectDblp running klev2 with k=6...
    Passes: 1, Time/Memory: 9.41,1241088, Output: ['1']
Iteration 2/10 for Graph KonectDblp running klev2 with k=6...
    Passes: 1, Time/Memory: 9.38,1241088, Output: ['1']
Iteration 3/10 for Graph KonectDblp running klev2 with k=6...
    Passes: 1, Time/Memory: 9.76,1241088, Output: ['1']
Iteration 4/10 for Graph KonectDblp running klev2 with k=6...
    Passes: 1, Time/Memory: 9.78,1241088, Output: ['1']
Iteration 5/10 for Graph KonectDblp running klev2 with k=6...
    Passes: 1, Time/Memory: 9.34,1241088, Output: ['1']
Iteration 6/10 for Graph KonectDblp running klev2 with k=6...
    Passes: 1, Time/Memory: 9.45,1240064, Output: ['1']
Iteration 7/10 for Graph KonectDblp running klev2 with k=6...
    Passes: 1, Time/Memory: 9.42,1241088, Output: ['1']
Iteration 8/10 for Graph KonectDblp running klev2 with k=6...
    Passes: 1, Time/Memory: 9.46,1241088, Output: ['1']
Iteration 9/10 for Graph KonectDblp running klev2 with k=6...
    Passes: 1, Time/Memory: 9.41,1241088, Output: ['1']
Iteration 10/10 for Graph KonectDblp running klev2 with k=6...
    Passes: 1, Time/Memory: 9.37,1241088, Output: ['1']
Iteration 1/10 for Graph KonectDblp running klev2 with k=5...
    Passes: 1, Time/Memory: 9.29,1241088, Output: ['1']
Iteration 2/10 for Graph KonectDblp running klev2 with k=5...
    Passes: 1, Time/Memory: 9.33,1241088, Output: ['1']
Iteration 3/10 for Graph KonectDblp running klev2 with k=5...
    Passes: 1, Time/Memory: 9.42,1241088, Output: ['1']
Iteration 4/10 for Graph KonectDblp running klev2 with k=5...
    Passes: 1, Time/Memory: 9.36,1241088, Output: ['1']
Iteration 5/10 for Graph KonectDblp running klev2 with k=5...
    Passes: 1, Time/Memory: 9.40,1241088, Output: ['1']
Iteration 6/10 for Graph KonectDblp running klev2 with k=5...
    Passes: 1, Time/Memory: 9.42,1241088, Output: ['1']
Iteration 7/10 for Graph KonectDblp running klev2 with k=5...
    Passes: 1, Time/Memory: 9.41,1241088, Output: ['1']
Iteration 8/10 for Graph KonectDblp running klev2 with k=5...
    Passes: 1, Time/Memory: 9.45,1241088, Output: ['1']
Iteration 9/10 for Graph KonectDblp running klev2 with k=5...
    Passes: 1, Time/Memory: 9.39,1241088, Output: ['1']
Iteration 10/10 for Graph KonectDblp running klev2 with k=5...
    Passes: 1, Time/Memory: 9.41,1241088, Output: ['1']
Iteration 1/10 for Graph KonectDblp running klev2 with k=4...
    Passes: 1, Time/Memory: 9.44,1241088, Output: ['1']
Iteration 2/10 for Graph KonectDblp running klev2 with k=4...
    Passes: 1, Time/Memory: 9.37,1240064, Output: ['1']
Iteration 3/10 for Graph KonectDblp running klev2 with k=4...
    Passes: 1, Time/Memory: 9.36,1241088, Output: ['1']
Iteration 4/10 for Graph KonectDblp running klev2 with k=4...
    Passes: 1, Time/Memory: 9.40,1241088, Output: ['1']
Iteration 5/10 for Graph KonectDblp running klev2 with k=4...
    Passes: 1, Time/Memory: 9.35,1241088, Output: ['1']
Iteration 6/10 for Graph KonectDblp running klev2 with k=4...
    Passes: 1, Time/Memory: 9.39,1241088, Output: ['1']
Iteration 7/10 for Graph KonectDblp running klev2 with k=4...
    Passes: 1, Time/Memory: 9.35,1241088, Output: ['1']
Iteration 8/10 for Graph KonectDblp running klev2 with k=4...
    Passes: 1, Time/Memory: 9.40,1241088, Output: ['1']
Iteration 9/10 for Graph KonectDblp running klev2 with k=4...
    Passes: 1, Time/Memory: 9.43,1241088, Output: ['1']
Iteration 10/10 for Graph KonectDblp running klev2 with k=4...
    Passes: 1, Time/Memory: 9.40,1241088, Output: ['1']
Iteration 1/10 for Graph KonectDblp running klev2 with k=3...
    Passes: 1, Time/Memory: 9.47,1241088, Output: ['1']
Iteration 2/10 for Graph KonectDblp running klev2 with k=3...
    Passes: 1, Time/Memory: 9.33,1241088, Output: ['1']
Iteration 3/10 for Graph KonectDblp running klev2 with k=3...
    Passes: 1, Time/Memory: 9.46,1241088, Output: ['1']
Iteration 4/10 for Graph KonectDblp running klev2 with k=3...
    Passes: 1, Time/Memory: 9.36,1241088, Output: ['1']
Iteration 5/10 for Graph KonectDblp running klev2 with k=3...
    Passes: 1, Time/Memory: 9.46,1241088, Output: ['1']
Iteration 6/10 for Graph KonectDblp running klev2 with k=3...
    Passes: 1, Time/Memory: 9.39,1241088, Output: ['1']
Iteration 7/10 for Graph KonectDblp running klev2 with k=3...
    Passes: 1, Time/Memory: 9.38,1241088, Output: ['1']
Iteration 8/10 for Graph KonectDblp running klev2 with k=3...
    Passes: 1, Time/Memory: 9.39,1241088, Output: ['1']
Iteration 9/10 for Graph KonectDblp running klev2 with k=3...
    Passes: 1, Time/Memory: 9.42,1241088, Output: ['1']
Iteration 10/10 for Graph KonectDblp running klev2 with k=3...
    Passes: 1, Time/Memory: 9.43,1241088, Output: ['1']
Iteration 1/10 for Graph KonectDblp running klev2 with k=2...
    Passes: 1, Time/Memory: 9.40,1241088, Output: ['1']
Iteration 2/10 for Graph KonectDblp running klev2 with k=2...
    Passes: 1, Time/Memory: 9.41,1241088, Output: ['1']
Iteration 3/10 for Graph KonectDblp running klev2 with k=2...
    Passes: 1, Time/Memory: 9.33,1241088, Output: ['1']
Iteration 4/10 for Graph KonectDblp running klev2 with k=2...
    Passes: 1, Time/Memory: 9.34,1241088, Output: ['1']
Iteration 5/10 for Graph KonectDblp running klev2 with k=2...
    Passes: 1, Time/Memory: 9.40,1241088, Output: ['1']
Iteration 6/10 for Graph KonectDblp running klev2 with k=2...
    Passes: 1, Time/Memory: 9.40,1241088, Output: ['1']
Iteration 7/10 for Graph KonectDblp running klev2 with k=2...
    Passes: 1, Time/Memory: 9.41,1241088, Output: ['1']
Iteration 8/10 for Graph KonectDblp running klev2 with k=2...
    Passes: 1, Time/Memory: 9.46,1241088, Output: ['1']
Iteration 9/10 for Graph KonectDblp running klev2 with k=2...
    Passes: 1, Time/Memory: 9.37,1241088, Output: ['1']
Iteration 10/10 for Graph KonectDblp running klev2 with k=2...
    Passes: 1, Time/Memory: 9.42,1241088, Output: ['1']
Results for KonectDblp running klev2 saved to ./results/real/average_concurrent_runs
Iteration 1/10 for Graph KonectDblp running klev1 with k=2...
    Passes: 1, Time/Memory: 9.41,1241088, Output: ['1']
Iteration 2/10 for Graph KonectDblp running klev1 with k=2...
    Passes: 1, Time/Memory: 9.46,1240064, Output: ['1']
Iteration 3/10 for Graph KonectDblp running klev1 with k=2...
    Passes: 1, Time/Memory: 9.42,1241088, Output: ['1']
Iteration 4/10 for Graph KonectDblp running klev1 with k=2...
    Passes: 1, Time/Memory: 9.41,1241088, Output: ['1']
Iteration 5/10 for Graph KonectDblp running klev1 with k=2...
    Passes: 1, Time/Memory: 9.39,1241088, Output: ['1']
Iteration 6/10 for Graph KonectDblp running klev1 with k=2...
    Passes: 1, Time/Memory: 9.42,1241088, Output: ['1']
Iteration 7/10 for Graph KonectDblp running klev1 with k=2...
    Passes: 1, Time/Memory: 9.39,1241088, Output: ['1']
Iteration 8/10 for Graph KonectDblp running klev1 with k=2...
    Passes: 1, Time/Memory: 9.48,1241088, Output: ['1']
Iteration 9/10 for Graph KonectDblp running klev1 with k=2...
    Passes: 1, Time/Memory: 9.89,1241088, Output: ['1']
Iteration 10/10 for Graph KonectDblp running klev1 with k=2...
    Passes: 1, Time/Memory: 9.41,1241088, Output: ['1']
Iteration 1/10 for Graph KonectDblp running klev1 with k=10...
    Passes: 1, Time/Memory: 9.67,1240064, Output: ['1']
Iteration 2/10 for Graph KonectDblp running klev1 with k=10...
    Passes: 1, Time/Memory: 10.33,1241088, Output: ['1']
Iteration 3/10 for Graph KonectDblp running klev1 with k=10...
    Passes: 1, Time/Memory: 9.47,1241088, Output: ['1']
Iteration 4/10 for Graph KonectDblp running klev1 with k=10...
    Passes: 1, Time/Memory: 9.43,1241088, Output: ['1']
Iteration 5/10 for Graph KonectDblp running klev1 with k=10...
    Passes: 1, Time/Memory: 9.42,1241088, Output: ['1']
Iteration 6/10 for Graph KonectDblp running klev1 with k=10...
    Passes: 1, Time/Memory: 9.41,1241088, Output: ['1']
Iteration 7/10 for Graph KonectDblp running klev1 with k=10...
    Passes: 1, Time/Memory: 9.42,1241088, Output: ['1']
Iteration 8/10 for Graph KonectDblp running klev1 with k=10...
    Passes: 1, Time/Memory: 9.39,1241088, Output: ['1']
Iteration 9/10 for Graph KonectDblp running klev1 with k=10...
    Passes: 1, Time/Memory: 9.48,1240064, Output: ['1']
Iteration 10/10 for Graph KonectDblp running klev1 with k=10...
    Passes: 1, Time/Memory: 9.48,1241088, Output: ['1']
Iteration 1/10 for Graph KonectDblp running klev1 with k=9...
    Passes: 1, Time/Memory: 9.40,1241088, Output: ['1']
Iteration 2/10 for Graph KonectDblp running klev1 with k=9...
    Passes: 1, Time/Memory: 9.37,1241088, Output: ['1']
Iteration 3/10 for Graph KonectDblp running klev1 with k=9...
    Passes: 1, Time/Memory: 9.44,1241088, Output: ['1']
Iteration 4/10 for Graph KonectDblp running klev1 with k=9...
    Passes: 1, Time/Memory: 9.58,1240064, Output: ['1']
Iteration 5/10 for Graph KonectDblp running klev1 with k=9...
    Passes: 1, Time/Memory: 9.43,1241088, Output: ['1']
Iteration 6/10 for Graph KonectDblp running klev1 with k=9...
    Passes: 1, Time/Memory: 9.42,1241088, Output: ['1']
Iteration 7/10 for Graph KonectDblp running klev1 with k=9...
    Passes: 1, Time/Memory: 9.51,1241088, Output: ['1']
Iteration 8/10 for Graph KonectDblp running klev1 with k=9...
    Passes: 1, Time/Memory: 9.38,1241088, Output: ['1']
Iteration 9/10 for Graph KonectDblp running klev1 with k=9...
    Passes: 1, Time/Memory: 9.44,1241088, Output: ['1']
Iteration 10/10 for Graph KonectDblp running klev1 with k=9...
    Passes: 1, Time/Memory: 9.41,1241088, Output: ['1']
Iteration 1/10 for Graph KonectDblp running klev1 with k=8...
    Passes: 1, Time/Memory: 9.41,1241088, Output: ['1']
Iteration 2/10 for Graph KonectDblp running klev1 with k=8...
    Passes: 1, Time/Memory: 9.46,1241088, Output: ['1']
Iteration 3/10 for Graph KonectDblp running klev1 with k=8...
    Passes: 1, Time/Memory: 9.43,1240064, Output: ['1']
Iteration 4/10 for Graph KonectDblp running klev1 with k=8...
    Passes: 1, Time/Memory: 9.47,1241088, Output: ['1']
Iteration 5/10 for Graph KonectDblp running klev1 with k=8...
    Passes: 1, Time/Memory: 9.54,1239040, Output: ['1']
Iteration 6/10 for Graph KonectDblp running klev1 with k=8...
    Passes: 1, Time/Memory: 9.37,1241088, Output: ['1']
Iteration 7/10 for Graph KonectDblp running klev1 with k=8...
    Passes: 1, Time/Memory: 9.46,1240064, Output: ['1']
Iteration 8/10 for Graph KonectDblp running klev1 with k=8...
    Passes: 1, Time/Memory: 9.36,1241088, Output: ['1']
Iteration 9/10 for Graph KonectDblp running klev1 with k=8...
    Passes: 1, Time/Memory: 9.41,1241088, Output: ['1']
Iteration 10/10 for Graph KonectDblp running klev1 with k=8...
    Passes: 1, Time/Memory: 9.48,1241088, Output: ['1']
Iteration 1/10 for Graph KonectDblp running klev1 with k=7...
    Passes: 1, Time/Memory: 9.66,1241088, Output: ['1']
Iteration 2/10 for Graph KonectDblp running klev1 with k=7...
    Passes: 1, Time/Memory: 9.53,1241088, Output: ['1']
Iteration 3/10 for Graph KonectDblp running klev1 with k=7...
    Passes: 1, Time/Memory: 9.36,1241088, Output: ['1']
Iteration 4/10 for Graph KonectDblp running klev1 with k=7...
    Passes: 1, Time/Memory: 9.45,1241088, Output: ['1']
Iteration 5/10 for Graph KonectDblp running klev1 with k=7...
    Passes: 1, Time/Memory: 9.55,1241088, Output: ['1']
Iteration 6/10 for Graph KonectDblp running klev1 with k=7...
    Passes: 1, Time/Memory: 9.50,1241088, Output: ['1']
Iteration 7/10 for Graph KonectDblp running klev1 with k=7...
    Passes: 1, Time/Memory: 9.37,1241088, Output: ['1']
Iteration 8/10 for Graph KonectDblp running klev1 with k=7...
    Passes: 1, Time/Memory: 9.49,1240064, Output: ['1']
Iteration 9/10 for Graph KonectDblp running klev1 with k=7...
    Passes: 1, Time/Memory: 9.47,1240064, Output: ['1']
Iteration 10/10 for Graph KonectDblp running klev1 with k=7...
    Passes: 1, Time/Memory: 9.39,1241088, Output: ['1']
Iteration 1/10 for Graph KonectDblp running klev1 with k=6...
    Passes: 1, Time/Memory: 9.37,1241088, Output: ['1']
Iteration 2/10 for Graph KonectDblp running klev1 with k=6...
    Passes: 1, Time/Memory: 9.41,1241088, Output: ['1']
Iteration 3/10 for Graph KonectDblp running klev1 with k=6...
    Passes: 1, Time/Memory: 9.32,1241088, Output: ['1']
Iteration 4/10 for Graph KonectDblp running klev1 with k=6...
    Passes: 1, Time/Memory: 9.39,1241088, Output: ['1']
Iteration 5/10 for Graph KonectDblp running klev1 with k=6...
    Passes: 1, Time/Memory: 9.31,1241088, Output: ['1']
Iteration 6/10 for Graph KonectDblp running klev1 with k=6...
    Passes: 1, Time/Memory: 9.41,1241088, Output: ['1']
Iteration 7/10 for Graph KonectDblp running klev1 with k=6...
    Passes: 1, Time/Memory: 9.43,1241088, Output: ['1']
Iteration 8/10 for Graph KonectDblp running klev1 with k=6...
    Passes: 1, Time/Memory: 9.51,1239040, Output: ['1']
Iteration 9/10 for Graph KonectDblp running klev1 with k=6...
    Passes: 1, Time/Memory: 9.43,1241088, Output: ['1']
Iteration 10/10 for Graph KonectDblp running klev1 with k=6...
    Passes: 1, Time/Memory: 9.47,1241088, Output: ['1']
Iteration 1/10 for Graph KonectDblp running klev1 with k=5...
    Passes: 1, Time/Memory: 9.56,1241088, Output: ['1']
Iteration 2/10 for Graph KonectDblp running klev1 with k=5...
    Passes: 1, Time/Memory: 9.44,1241088, Output: ['1']
Iteration 3/10 for Graph KonectDblp running klev1 with k=5...
    Passes: 1, Time/Memory: 9.41,1241088, Output: ['1']
Iteration 4/10 for Graph KonectDblp running klev1 with k=5...
    Passes: 1, Time/Memory: 9.51,1241088, Output: ['1']
Iteration 5/10 for Graph KonectDblp running klev1 with k=5...
    Passes: 1, Time/Memory: 9.38,1241088, Output: ['1']
Iteration 6/10 for Graph KonectDblp running klev1 with k=5...
    Passes: 1, Time/Memory: 9.43,1240064, Output: ['1']
Iteration 7/10 for Graph KonectDblp running klev1 with k=5...
    Passes: 1, Time/Memory: 9.42,1241088, Output: ['1']
Iteration 8/10 for Graph KonectDblp running klev1 with k=5...
    Passes: 1, Time/Memory: 9.40,1240064, Output: ['1']
Iteration 9/10 for Graph KonectDblp running klev1 with k=5...
    Passes: 1, Time/Memory: 9.46,1241088, Output: ['1']
Iteration 10/10 for Graph KonectDblp running klev1 with k=5...
    Passes: 1, Time/Memory: 9.52,1241088, Output: ['1']
Iteration 1/10 for Graph KonectDblp running klev1 with k=4...
    Passes: 1, Time/Memory: 9.41,1241088, Output: ['1']
Iteration 2/10 for Graph KonectDblp running klev1 with k=4...
    Passes: 1, Time/Memory: 9.48,1241088, Output: ['1']
Iteration 3/10 for Graph KonectDblp running klev1 with k=4...
    Passes: 1, Time/Memory: 9.38,1241088, Output: ['1']
Iteration 4/10 for Graph KonectDblp running klev1 with k=4...
    Passes: 1, Time/Memory: 9.41,1241088, Output: ['1']
Iteration 5/10 for Graph KonectDblp running klev1 with k=4...
    Passes: 1, Time/Memory: 9.54,1241088, Output: ['1']
Iteration 6/10 for Graph KonectDblp running klev1 with k=4...
    Passes: 1, Time/Memory: 9.43,1241088, Output: ['1']
Iteration 7/10 for Graph KonectDblp running klev1 with k=4...
    Passes: 1, Time/Memory: 9.42,1241088, Output: ['1']
Iteration 8/10 for Graph KonectDblp running klev1 with k=4...
    Passes: 1, Time/Memory: 9.46,1241088, Output: ['1']
Iteration 9/10 for Graph KonectDblp running klev1 with k=4...
    Passes: 1, Time/Memory: 9.42,1241088, Output: ['1']
Iteration 10/10 for Graph KonectDblp running klev1 with k=4...
    Passes: 1, Time/Memory: 9.55,1241088, Output: ['1']
Iteration 1/10 for Graph KonectDblp running klev1 with k=3...
    Passes: 1, Time/Memory: 9.45,1241088, Output: ['1']
Iteration 2/10 for Graph KonectDblp running klev1 with k=3...
    Passes: 1, Time/Memory: 9.39,1241088, Output: ['1']
Iteration 3/10 for Graph KonectDblp running klev1 with k=3...
    Passes: 1, Time/Memory: 9.46,1240064, Output: ['1']
Iteration 4/10 for Graph KonectDblp running klev1 with k=3...
    Passes: 1, Time/Memory: 9.38,1241088, Output: ['1']
Iteration 5/10 for Graph KonectDblp running klev1 with k=3...
    Passes: 1, Time/Memory: 9.43,1241088, Output: ['1']
Iteration 6/10 for Graph KonectDblp running klev1 with k=3...
    Passes: 1, Time/Memory: 9.39,1240064, Output: ['1']
Iteration 7/10 for Graph KonectDblp running klev1 with k=3...
    Passes: 1, Time/Memory: 9.39,1241088, Output: ['1']
Iteration 8/10 for Graph KonectDblp running klev1 with k=3...
    Passes: 1, Time/Memory: 9.51,1240064, Output: ['1']
Iteration 9/10 for Graph KonectDblp running klev1 with k=3...
    Passes: 1, Time/Memory: 9.36,1241088, Output: ['1']
Iteration 10/10 for Graph KonectDblp running klev1 with k=3...
    Passes: 1, Time/Memory: 9.40,1241088, Output: ['1']
Iteration 1/10 for Graph KonectDblp running klev1 with k=2...
    Passes: 1, Time/Memory: 9.47,1240064, Output: ['1']
Iteration 2/10 for Graph KonectDblp running klev1 with k=2...
    Passes: 1, Time/Memory: 9.44,1241088, Output: ['1']
Iteration 3/10 for Graph KonectDblp running klev1 with k=2...
    Passes: 1, Time/Memory: 9.42,1241088, Output: ['1']
Iteration 4/10 for Graph KonectDblp running klev1 with k=2...
    Passes: 1, Time/Memory: 9.33,1241088, Output: ['1']
Iteration 5/10 for Graph KonectDblp running klev1 with k=2...
    Passes: 1, Time/Memory: 9.42,1241088, Output: ['1']
Iteration 6/10 for Graph KonectDblp running klev1 with k=2...
    Passes: 1, Time/Memory: 9.33,1241088, Output: ['1']
Iteration 7/10 for Graph KonectDblp running klev1 with k=2...
    Passes: 1, Time/Memory: 9.39,1241088, Output: ['1']
Iteration 8/10 for Graph KonectDblp running klev1 with k=2...
    Passes: 1, Time/Memory: 9.34,1240064, Output: ['1']
Iteration 9/10 for Graph KonectDblp running klev1 with k=2...
    Passes: 1, Time/Memory: 9.43,1241088, Output: ['1']
Iteration 10/10 for Graph KonectDblp running klev1 with k=2...
    Passes: 1, Time/Memory: 9.41,1241088, Output: ['1']
Results for KonectDblp running klev1 saved to ./results/real/average_concurrent_runs
