
Running RoadnetPA for variant 0...
  Running k=2,...
    Passes: 6, Time/Memory: 807.45,430112, Output: ['6']
  Running k=3,...
    Passes: 6, Time/Memory: 626.99,430112, Output: ['6']
  Running k=4,...
    Passes: 6, Time/Memory: 564.05,429904, Output: ['6']
  Running k=5,...
    Passes: 6, Time/Memory: 557.29,429824, Output: ['6']
  Running k=6,...
    Passes: 6, Time/Memory: 723.69,430036, Output: ['6']
  Running k=7,...
    Passes: 6, Time/Memory: 743.98,429888, Output: ['6']
  Running k=8,...
    Passes: 6, Time/Memory: 744.21,430016, Output: ['6']
  Running k=9,...
    Passes: 6, Time/Memory: 819.31,429948, Output: ['6']
  Running k=10,...
    Passes: 6, Time/Memory: 861.45,430088, Output: ['6']
Results for RoadnetPA running klev0 saved to ./results/real/sc_optimized_stats/RoadnetPA/klev_run_20250202_161309

Running Youtube for variant 0...
  Running k=3,...
    Passes: 5, Time/Memory: 148.30,407432, Output: ['5']
  Running k=4,...
    Passes: 5, Time/Memory: 143.73,407612, Output: ['5']
  Running k=5,...
    Passes: 5, Time/Memory: 144.51,407448, Output: ['5']
  Running k=6,...
    Passes: 5, Time/Memory: 145.58,407588, Output: ['5']
  Running k=7,...
    Passes: 5, Time/Memory: 145.58,407576, Output: ['5']
  Running k=8,...
    Passes: 5, Time/Memory: 144.01,407392, Output: ['5']
  Running k=9,...
    Passes: 5, Time/Memory: 144.66,407432, Output: ['5']
  Running k=10,...
    Passes: 5, Time/Memory: 142.41,407492, Output: ['5']
Results for Youtube running klev0 saved to ./results/real/sc_optimized_stats/Youtube/klev_run_20250202_180041

Running Skitter for variant 0...
  Running k=7,...
    Passes: 6, Time/Memory: 2644.95,655632, Output: ['6']
  Running k=8,...
    Passes: 6, Time/Memory: 2622.14,655748, Output: ['6']
  Running k=9,...
    Passes: 6, Time/Memory: 2728.74,655916, Output: ['6']
  Running k=10,...
    Passes: 7, Time/Memory: 3133.13,655608, Output: ['7']
Results for Skitter running klev0 saved to ./results/real/sc_optimized_stats/Skitter/klev_run_20250202_182002

Running RoadnetCA for variant 0...
  Running k=2,...
    Passes: 7, Time/Memory: 2390.72,773424, Output: ['7']
  Running k=3,...
    Passes: 7, Time/Memory: 2088.71,773328, Output: ['7']
  Running k=4,...
    Passes: 7, Time/Memory: 2589.26,773512, Output: ['7']
  Running k=5,...
    Passes: 7, Time/Memory: 2231.17,773412, Output: ['7']
  Running k=6,...
    Passes: 7, Time/Memory: 2528.77,773260, Output: ['7']
  Running k=7,...
    Passes: 7, Time/Memory: 2596.40,773304, Output: ['7']
  Running k=8,...
    Passes: 7, Time/Memory: 2600.46,773428, Output: ['7']
  Running k=9,...
    Passes: 7, Time/Memory: 1932.68,773476, Output: ['7']
  Running k=10,...
    Passes: 7, Time/Memory: 2030.81,773400, Output: ['7']
Results for RoadnetCA running klev0 saved to ./results/real/sc_optimized_stats/RoadnetCA/klev_run_20250202_212536
