
Running Twitch for variant 0...
  Running k=1,...
    Passes: 5, Time/Memory: 100.56,73000, Output: ['5']
  Running k=2,...
    Passes: 5, Time/Memory: 99.15,73016, Output: ['5']
  Running k=3,...
    Passes: 5, Time/Memory: 105.48,72988, Output: ['5']
  Running k=4,...
    Passes: 5, Time/Memory: 100.08,73080, Output: ['5']
  Running k=5,...
    Passes: 5, Time/Memory: 105.16,73088, Output: ['5']
  Running k=6,...
    Passes: 5, Time/Memory: 99.34,73076, Output: ['5']
  Running k=7,...
    Passes: 5, Time/Memory: 97.34,72932, Output: ['5']
  Running k=8,...
    Passes: 5, Time/Memory: 98.90,72900, Output: ['5']
  Running k=9,...
    Passes: 5, Time/Memory: 101.76,72992, Output: ['5']
  Running k=10,...
    Passes: 5, Time/Memory: 112.93,73080, Output: ['5']
  Running c=41,...
    Passes: 5, Time/Memory: 100.40,74504, Output: ['5']
Results for Twitch running klev0 saved to ./results/real/table_data

Running Twitch for variant 1...
  Running k=1,...
    Passes: 4, Time/Memory: 94.65,69060, Output: ['4']
  Running k=2,...
    Passes: 4, Time/Memory: 96.39,72392, Output: ['4']
  Running k=3,...
    Passes: 4, Time/Memory: 92.71,72564, Output: ['4']
  Running k=4,...
    Passes: 4, Time/Memory: 87.28,72672, Output: ['4']
  Running k=5,...
    Passes: 4, Time/Memory: 101.13,72816, Output: ['4']
  Running k=6,...
    Passes: 4, Time/Memory: 93.93,72740, Output: ['4']
  Running k=7,...
    Passes: 4, Time/Memory: 104.21,72648, Output: ['4']
  Running k=8,...
    Passes: 4, Time/Memory: 101.38,72708, Output: ['4']
  Running k=9,...
    Passes: 4, Time/Memory: 105.89,72616, Output: ['4']
  Running k=10,...
    Passes: 4, Time/Memory: 117.60,72836, Output: ['4']
  Running c=41,...
    Passes: 1, Time/Memory: 5.65,170856, Output: ['1']
Results for Twitch running klev1 saved to ./results/real/table_data

Running Twitch for variant 2...
  Running k=1,...
    Passes: 4, Time/Memory: 102.52,88576, Output: ['4']
  Running k=2,...
    Passes: 3, Time/Memory: 91.49,104656, Output: ['3']
  Running k=3,...
    Passes: 4, Time/Memory: 84.59,120884, Output: ['4']
  Running k=4,...
    Passes: 4, Time/Memory: 86.58,136888, Output: ['4']
  Running k=5,...
    Passes: 3, Time/Memory: 103.74,150848, Output: ['3']
  Running k=6,...
    Passes: 4, Time/Memory: 72.44,168092, Output: ['4']
  Running k=7,...
    Passes: 3, Time/Memory: 78.67,182500, Output: ['3']
  Running k=8,...
    Passes: 3, Time/Memory: 77.25,198128, Output: ['3']
  Running k=9,...
    Passes: 3, Time/Memory: 85.14,215700, Output: ['3']
  Running k=10,...
    Passes: 3, Time/Memory: 79.16,231808, Output: ['3']
  Running c=41,...
    Passes: 1, Time/Memory: 3.68,170848, Output: ['1']
Results for Twitch running klev2 saved to ./results/real/table_data

Running Twitch for variant N...
  Running k=1,...
    Passes: 4, Time/Memory: 72.01,86820, Output: ['4']
  Running k=2,...
    Passes: 4, Time/Memory: 77.60,104728, Output: ['4']
  Running k=3,...
    Passes: 3, Time/Memory: 60.07,120096, Output: ['3']
  Running k=4,...
    Passes: 3, Time/Memory: 74.37,135604, Output: ['3']
  Running k=5,...
    Passes: 3, Time/Memory: 72.14,151080, Output: ['3']
  Running k=6,...
    Passes: 3, Time/Memory: 75.83,166888, Output: ['3']
  Running k=7,...
    Passes: 3, Time/Memory: 72.32,182092, Output: ['3']
  Running k=8,...
    Passes: 3, Time/Memory: 74.87,197812, Output: ['3']
  Running k=9,...
    Passes: 3, Time/Memory: 71.86,213948, Output: ['3']
  Running k=10,...
    Passes: 3, Time/Memory: 73.51,230092, Output: ['3']
  Running c=41,...
    Passes: 1, Time/Memory: 4.51,170772, Output: ['1']
Results for Twitch running klevN saved to ./results/real/table_data
