Iteration 1/10 for Graph ArxAP running klevN with k=11...
    Passes: 1, Time/Memory: 0.08,9216, Output: ['1']
Iteration 2/10 for Graph ArxAP running klevN with k=11...
    Passes: 1, Time/Memory: 0.07,9216, Output: ['1']
Iteration 3/10 for Graph ArxAP running klevN with k=11...
    Passes: 1, Time/Memory: 0.06,9216, Output: ['1']
Iteration 4/10 for Graph ArxAP running klevN with k=11...
    Passes: 1, Time/Memory: 0.06,9216, Output: ['1']
Iteration 5/10 for Graph ArxAP running klevN with k=11...
    Passes: 1, Time/Memory: 0.06,9216, Output: ['1']
Iteration 6/10 for Graph ArxAP running klevN with k=11...
    Passes: 1, Time/Memory: 0.07,9216, Output: ['1']
Iteration 7/10 for Graph ArxAP running klevN with k=11...
    Passes: 1, Time/Memory: 0.07,9216, Output: ['1']
Iteration 8/10 for Graph ArxAP running klevN with k=11...
    Passes: 1, Time/Memory: 0.07,9216, Output: ['1']
Iteration 9/10 for Graph ArxAP running klevN with k=11...
    Passes: 1, Time/Memory: 0.06,9216, Output: ['1']
Iteration 10/10 for Graph ArxAP running klevN with k=11...
    Passes: 1, Time/Memory: 0.07,9216, Output: ['1']
Results for ArxAP running klevN saved to ./results/real/average_concurrent_runs
Iteration 1/10 for Graph ArxAP running klev2 with k=11...
    Passes: 1, Time/Memory: 0.07,9216, Output: ['1']
Iteration 2/10 for Graph ArxAP running klev2 with k=11...
    Passes: 1, Time/Memory: 0.07,9216, Output: ['1']
Iteration 3/10 for Graph ArxAP running klev2 with k=11...
    Passes: 1, Time/Memory: 0.07,9216, Output: ['1']
Iteration 4/10 for Graph ArxAP running klev2 with k=11...
    Passes: 1, Time/Memory: 0.07,9216, Output: ['1']
Iteration 5/10 for Graph ArxAP running klev2 with k=11...
    Passes: 1, Time/Memory: 0.06,9216, Output: ['1']
Iteration 6/10 for Graph ArxAP running klev2 with k=11...
    Passes: 1, Time/Memory: 0.07,9216, Output: ['1']
Iteration 7/10 for Graph ArxAP running klev2 with k=11...
    Passes: 1, Time/Memory: 0.07,9216, Output: ['1']
Iteration 8/10 for Graph ArxAP running klev2 with k=11...
    Passes: 1, Time/Memory: 0.06,9216, Output: ['1']
Iteration 9/10 for Graph ArxAP running klev2 with k=11...
    Passes: 1, Time/Memory: 0.07,9216, Output: ['1']
Iteration 10/10 for Graph ArxAP running klev2 with k=11...
    Passes: 1, Time/Memory: 0.07,9216, Output: ['1']
Results for ArxAP running klev2 saved to ./results/real/average_concurrent_runs
Iteration 1/10 for Graph ArxAP running klev1 with k=11...
    Passes: 1, Time/Memory: 0.07,9216, Output: ['1']
Iteration 2/10 for Graph ArxAP running klev1 with k=11...
    Passes: 1, Time/Memory: 0.07,9216, Output: ['1']
Iteration 3/10 for Graph ArxAP running klev1 with k=11...
    Passes: 1, Time/Memory: 0.06,9216, Output: ['1']
Iteration 4/10 for Graph ArxAP running klev1 with k=11...
    Passes: 1, Time/Memory: 0.07,9216, Output: ['1']
Iteration 5/10 for Graph ArxAP running klev1 with k=11...
    Passes: 1, Time/Memory: 0.07,9216, Output: ['1']
Iteration 6/10 for Graph ArxAP running klev1 with k=11...
    Passes: 1, Time/Memory: 0.07,9216, Output: ['1']
Iteration 7/10 for Graph ArxAP running klev1 with k=11...
    Passes: 1, Time/Memory: 0.07,9216, Output: ['1']
Iteration 8/10 for Graph ArxAP running klev1 with k=11...
    Passes: 1, Time/Memory: 0.07,9216, Output: ['1']
Iteration 9/10 for Graph ArxAP running klev1 with k=11...
    Passes: 1, Time/Memory: 0.07,9216, Output: ['1']
Iteration 10/10 for Graph ArxAP running klev1 with k=11...
    Passes: 1, Time/Memory: 0.06,9216, Output: ['1']
Results for ArxAP running klev1 saved to ./results/real/average_concurrent_runs
Iteration 1/10 for Graph ArxAP running klev0 with k=11...
    Passes: 5, Time/Memory: 0.80,9216, Output: ['5']
Iteration 2/10 for Graph ArxAP running klev0 with k=11...
    Passes: 5, Time/Memory: 0.79,9216, Output: ['5']
Iteration 3/10 for Graph ArxAP running klev0 with k=11...
    Passes: 5, Time/Memory: 0.80,9216, Output: ['5']
Iteration 4/10 for Graph ArxAP running klev0 with k=11...
    Passes: 5, Time/Memory: 0.78,9216, Output: ['5']
Iteration 5/10 for Graph ArxAP running klev0 with k=11...
    Passes: 5, Time/Memory: 0.80,9216, Output: ['5']
Iteration 6/10 for Graph ArxAP running klev0 with k=11...
    Passes: 5, Time/Memory: 0.80,9216, Output: ['5']
Iteration 7/10 for Graph ArxAP running klev0 with k=11...
    Passes: 5, Time/Memory: 0.80,9216, Output: ['5']
Iteration 8/10 for Graph ArxAP running klev0 with k=11...
    Passes: 5, Time/Memory: 0.80,9216, Output: ['5']
Iteration 9/10 for Graph ArxAP running klev0 with k=11...
    Passes: 5, Time/Memory: 0.79,9216, Output: ['5']
Iteration 10/10 for Graph ArxAP running klev0 with k=11...
    Passes: 5, Time/Memory: 0.77,9216, Output: ['5']
Results for ArxAP running klev0 saved to ./results/real/average_concurrent_runs
