
Running Orkut for variant 0...
  Running k=1,...
Timeout (12hrs) expired for graph Orkut, kpath0, k=1
Error running graph Orkut, variant 0, k=1
  Running k=2,...
    Passes: 128, Time/Memory: 7263.55,1524352, Output: ['128']
  Running k=3,...
    Passes: 29, Time/Memory: 4501.26,1819548, Output: ['29']
  Running k=4,...
    Passes: 19, Time/Memory: 4517.00,2112496, Output: ['19']
  Running k=5,...
    Passes: 15, Time/Memory: 5272.32,2406912, Output: ['15']
  Running k=6,...
    Passes: 11, Time/Memory: 3534.05,2696116, Output: ['11']
  Running k=7,...
    Passes: 11, Time/Memory: 3813.38,2995944, Output: ['11']
  Running k=8,...
    Passes: 9, Time/Memory: 2536.20,3289600, Output: ['9']
  Running k=9,...
    Passes: 8, Time/Memory: 3384.66,3576848, Output: ['8']
  Running k=10,...
    Passes: 8, Time/Memory: 3059.79,3871636, Output: ['8']
Results for Orkut running kpath0 saved to ./results/real/sc_optimized_stats/Orkut/kpath_run_20250202_010917
