
Running LiveJournal for variant 0...
  Running k=1,...
Timeout (12hrs) expired for graph LiveJournal, kpath0, k=1
Error running graph LiveJournal, variant 0, k=1
  Running k=2,...
Timeout (12hrs) expired for graph LiveJournal, kpath0, k=2
Error running graph LiveJournal, variant 0, k=2
  Running k=3,...
    Passes: 48, Time/Memory: 29415.23,2382536, Output: ['48']
  Running k=4,...
    Passes: 24, Time/Memory: 29075.31,2777584, Output: ['24']
  Running k=5,...
    Passes: 20, Time/Memory: 30474.90,3171512, Output: ['20']
  Running k=6,...
    Passes: 10, Time/Memory: 9420.13,3591872, Output: ['10']
  Running k=7,...
    Passes: 15, Time/Memory: 11190.73,3938048, Output: ['15']
  Running k=8,...
    Passes: 13, Time/Memory: 17931.43,4307604, Output: ['13']
  Running k=9,...
    Passes: 12, Time/Memory: 28109.02,4712224, Output: ['12']
  Running k=10,...
    Passes: 2, Time/Memory: 42.31,4910664, Output: ['2']
  Running c=9,...
    Passes: 12, Time/Memory: 18289.62,4712296, Output: ['12']
Results for LiveJournal running kpath0 saved to ./results/real/table_data

Running LiveJournal for variant 1...
  Running k=1,...
Timeout (12hrs) expired for graph LiveJournal, kpath1, k=1
Error running graph LiveJournal, variant 1, k=1
  Running k=2,...
    Passes: 188, Time/Memory: 27126.34,2003424, Output: ['188']
  Running k=3,...
    Passes: 47, Time/Memory: 21275.81,2453336, Output: ['47']
  Running k=4,...
    Passes: 22, Time/Memory: 16677.88,2815788, Output: ['22']
  Running k=5,...
    Passes: 19, Time/Memory: 12342.52,3164616, Output: ['19']
  Running k=6,...
    Passes: 16, Time/Memory: 32131.65,3567344, Output: ['16']
  Running k=7,...
    Passes: 8, Time/Memory: 11520.18,3968468, Output: ['8']
  Running k=8,...
    Passes: 13, Time/Memory: 23423.00,4317216, Output: ['13']
  Running k=9,...
    Passes: 1, Time/Memory: 19.23,1335324, Output: ['1']
  Running k=10,...
    Passes: 1, Time/Memory: 17.45,1335272, Output: ['1']
  Running c=9,...
    Passes: 1, Time/Memory: 17.07,1335224, Output: ['1']
Results for LiveJournal running kpath1 saved to ./results/real/table_data

Running LiveJournal for variant 2...
  Running k=1,...
Timeout (12hrs) expired for graph LiveJournal, kpath2, k=1
Error running graph LiveJournal, variant 2, k=1
  Running k=2,...
    Passes: 57, Time/Memory: 34888.26,2259184, Output: ['57']
  Running k=3,...
    Passes: 14, Time/Memory: 30205.67,2509720, Output: ['14']
  Running k=4,...
    Passes: 19, Time/Memory: 16446.68,2760872, Output: ['19']
  Running k=5,...
    Passes: 27, Time/Memory: 14396.05,3170020, Output: ['27']
  Running k=6,...
    Passes: 8, Time/Memory: 5879.43,3558772, Output: ['8']
  Running k=7,...
    Passes: 13, Time/Memory: 7551.06,3916384, Output: ['13']
  Running k=8,...
    Passes: 11, Time/Memory: 11746.92,4287336, Output: ['11']
  Running k=9,...
    Passes: 1, Time/Memory: 12.50,1335296, Output: ['1']
  Running k=10,...
    Passes: 1, Time/Memory: 12.25,1335168, Output: ['1']
  Running c=9,...
    Passes: 1, Time/Memory: 11.01,1335096, Output: ['1']
Results for LiveJournal running kpath2 saved to ./results/real/table_data

Running LiveJournal for variant N...
  Running k=1,...
Timeout (12hrs) expired for graph LiveJournal, kpathN, k=1
Error running graph LiveJournal, variant N, k=1
  Running k=2,...
    Passes: 11, Time/Memory: 17374.48,2136156, Output: ['11']
  Running k=3,...
    Passes: 6, Time/Memory: 11628.38,2532408, Output: ['6']
  Running k=4,...
    Passes: 4, Time/Memory: 8190.47,2763072, Output: ['4']
  Running k=5,...
    Passes: 4, Time/Memory: 15539.43,3159664, Output: ['4']
  Running k=6,...
    Passes: 3, Time/Memory: 4487.69,3560556, Output: ['3']
  Running k=7,...
    Passes: 3, Time/Memory: 5960.35,3918832, Output: ['3']
  Running k=8,...
    Passes: 3, Time/Memory: 9079.20,4287636, Output: ['3']
  Running k=9,...
    Passes: 1, Time/Memory: 10.14,1335224, Output: ['1']
  Running k=10,...
    Passes: 1, Time/Memory: 10.25,1335280, Output: ['1']
  Running c=9,...
    Passes: 1, Time/Memory: 11.27,1335312, Output: ['1']
Results for LiveJournal running kpathN saved to ./results/real/table_data

Running LiveJournal for variant 0...
  Running k=1,...
    Passes: 6, Time/Memory: 18483.14,1631168, Output: ['6']
  Running k=2,...
    Passes: 6, Time/Memory: 17027.49,1631432, Output: ['6']
  Running k=3,...
    Passes: 6, Time/Memory: 17202.83,1631344, Output: ['6']
  Running k=4,...
    Passes: 6, Time/Memory: 15112.40,1631268, Output: ['6']
  Running k=5,...
    Passes: 6, Time/Memory: 16499.87,1631300, Output: ['6']
  Running k=6,...
    Passes: 6, Time/Memory: 15440.84,1631172, Output: ['6']
  Running k=7,...
    Passes: 6, Time/Memory: 16637.42,1631180, Output: ['6']
  Running k=8,...
    Passes: 6, Time/Memory: 18646.32,1631428, Output: ['6']
  Running k=9,...
    Passes: 6, Time/Memory: 18558.11,1631152, Output: ['6']
  Running k=10,...
    Passes: 6, Time/Memory: 18975.68,1631144, Output: ['6']
  Running c=9,...
    Passes: 6, Time/Memory: 18534.82,1631188, Output: ['6']
Results for LiveJournal running klev0 saved to ./results/real/table_data

Running LiveJournal for variant 1...
  Running k=1,...
    Passes: 5, Time/Memory: 17983.84,1539064, Output: ['5']
  Running k=2,...
    Passes: 5, Time/Memory: 14870.98,1616764, Output: ['5']
  Running k=3,...
    Passes: 5, Time/Memory: 14188.68,1616748, Output: ['5']
  Running k=4,...
    Passes: 5, Time/Memory: 15048.91,1616364, Output: ['5']
  Running k=5,...
    Passes: 5, Time/Memory: 13074.52,1616648, Output: ['5']
  Running k=6,...
    Passes: 5, Time/Memory: 13918.47,1616636, Output: ['5']
  Running k=7,...
    Passes: 5, Time/Memory: 13541.63,1616732, Output: ['5']
  Running k=8,...
    Passes: 5, Time/Memory: 13949.00,1616672, Output: ['5']
  Running k=9,...
    Passes: 1, Time/Memory: 11.74,1335296, Output: ['1']
  Running k=10,...
    Passes: 1, Time/Memory: 11.80,1335296, Output: ['1']
  Running c=9,...
    Passes: 1, Time/Memory: 10.53,1335168, Output: ['1']
Results for LiveJournal running klev1 saved to ./results/real/table_data

Running LiveJournal for variant 2...
  Running k=1,...
    Passes: 4, Time/Memory: 16433.64,1935380, Output: ['4']
  Running k=2,...
    Passes: 4, Time/Memory: 15825.79,2312912, Output: ['4']
  Running k=3,...
    Passes: 3, Time/Memory: 14290.70,2674628, Output: ['3']
  Running k=4,...
    Passes: 3, Time/Memory: 15710.56,3030104, Output: ['3']
  Running k=5,...
    Passes: 2, Time/Memory: 13573.22,3396448, Output: ['2']
  Running k=6,...
    Passes: 2, Time/Memory: 13319.67,3758844, Output: ['2']
  Running k=7,...
    Passes: 2, Time/Memory: 14854.39,4115276, Output: ['2']
  Running k=8,...
    Passes: 2, Time/Memory: 14562.66,4461080, Output: ['2']
  Running k=9,...
    Passes: 1, Time/Memory: 10.82,1335176, Output: ['1']
  Running k=10,...
    Passes: 1, Time/Memory: 10.03,1335220, Output: ['1']
  Running c=9,...
    Passes: 1, Time/Memory: 10.90,1335224, Output: ['1']
Results for LiveJournal running klev2 saved to ./results/real/table_data

Running LiveJournal for variant N...
  Running k=1,...
    Passes: 4, Time/Memory: 16728.75,1944980, Output: ['4']
  Running k=2,...
    Passes: 4, Time/Memory: 16719.14,2314596, Output: ['4']
  Running k=3,...
    Passes: 3, Time/Memory: 15626.69,2668092, Output: ['3']
  Running k=4,...
    Passes: 2, Time/Memory: 16274.16,3035416, Output: ['2']
  Running k=5,...
    Passes: 2, Time/Memory: 14565.12,3397240, Output: ['2']
  Running k=6,...
    Passes: 2, Time/Memory: 14701.50,3753764, Output: ['2']
  Running k=7,...
    Passes: 2, Time/Memory: 14981.00,4099232, Output: ['2']
  Running k=8,...
    Passes: 2, Time/Memory: 14676.22,4432756, Output: ['2']
  Running k=9,...
    Passes: 1, Time/Memory: 11.40,1335304, Output: ['1']
  Running k=10,...
    Passes: 1, Time/Memory: 11.50,1335272, Output: ['1']
  Running c=9,...
    Passes: 1, Time/Memory: 11.95,1335312, Output: ['1']
Results for LiveJournal running klevN saved to ./results/real/table_data
