
Running KonectDblp for variant 0...
  Running k=1,...
Timeout (12hrs) expired for graph KonectDblp, kpath0, k=1
Error running graph KonectDblp, variant 0, k=1
  Running k=2,...
Timeout (12hrs) expired for graph KonectDblp, kpath0, k=2
Error running graph KonectDblp, variant 0, k=2
  Running k=3,...
Timeout (12hrs) expired for graph KonectDblp, kpath0, k=3
Error running graph KonectDblp, variant 0, k=3
  Running k=4,...
Timeout (12hrs) expired for graph KonectDblp, kpath0, k=4
Error running graph KonectDblp, variant 0, k=4
  Running k=5,...
    Passes: 2, Time/Memory: 8472.02,3889924, Output: ['2']
  Running k=6,...
    Passes: 2, Time/Memory: 9092.34,3890056, Output: ['2']
  Running k=7,...
    Passes: 2, Time/Memory: 5325.68,3890036, Output: ['2']
  Running k=8,...
    Passes: 2, Time/Memory: 5238.11,3889868, Output: ['2']
  Running k=9,...
    Passes: 2, Time/Memory: 7239.70,3889888, Output: ['2']
  Running k=10,...
    Passes: 2, Time/Memory: 7056.12,3889944, Output: ['2']
  Running c=2,...
Timeout (12hrs) expired for graph KonectDblp, kpath0, k=2
Error running graph KonectDblp, variant 0, c=2
Results for KonectDblp running kpath0 saved to ./results/real/table_data

Running KonectDblp for variant 1...
  Running k=1,...
Timeout (12hrs) expired for graph KonectDblp, kpath1, k=1
Error running graph KonectDblp, variant 1, k=1
  Running k=2,...
    Passes: 1, Time/Memory: 7.31,1241776, Output: ['1']
  Running k=3,...
    Passes: 1, Time/Memory: 7.09,1241700, Output: ['1']
  Running k=4,...
    Passes: 1, Time/Memory: 7.59,1241776, Output: ['1']
  Running k=5,...
    Passes: 1, Time/Memory: 7.03,1241796, Output: ['1']
  Running k=6,...
    Passes: 1, Time/Memory: 7.10,1241776, Output: ['1']
  Running k=7,...
    Passes: 1, Time/Memory: 7.21,1241776, Output: ['1']
  Running k=8,...
    Passes: 1, Time/Memory: 7.76,1241828, Output: ['1']
  Running k=9,...
    Passes: 1, Time/Memory: 7.20,1241668, Output: ['1']
  Running k=10,...
    Passes: 1, Time/Memory: 7.12,1241676, Output: ['1']
  Running c=2,...
    Passes: 1, Time/Memory: 7.15,1241796, Output: ['1']
Results for KonectDblp running kpath1 saved to ./results/real/table_data

Running KonectDblp for variant 2...
  Running k=1,...
Timeout (12hrs) expired for graph KonectDblp, kpath2, k=1
Error running graph KonectDblp, variant 2, k=1
  Running k=2,...
    Passes: 1, Time/Memory: 14.33,1241780, Output: ['1']
  Running k=3,...
    Passes: 1, Time/Memory: 14.10,1241612, Output: ['1']
  Running k=4,...
    Passes: 1, Time/Memory: 14.51,1241596, Output: ['1']
  Running k=5,...
    Passes: 1, Time/Memory: 14.46,1241652, Output: ['1']
  Running k=6,...
    Passes: 1, Time/Memory: 14.40,1241828, Output: ['1']
  Running k=7,...
    Passes: 1, Time/Memory: 14.02,1241776, Output: ['1']
  Running k=8,...
    Passes: 1, Time/Memory: 12.13,1241696, Output: ['1']
  Running k=9,...
    Passes: 1, Time/Memory: 9.55,1241676, Output: ['1']
  Running k=10,...
    Passes: 1, Time/Memory: 9.48,1241796, Output: ['1']
  Running c=2,...
    Passes: 1, Time/Memory: 14.28,1241828, Output: ['1']
Results for KonectDblp running kpath2 saved to ./results/real/table_data

Running KonectDblp for variant N...
  Running k=1,...
Timeout (12hrs) expired for graph KonectDblp, kpathN, k=1
Error running graph KonectDblp, variant N, k=1
  Running k=2,...
    Passes: 1, Time/Memory: 17.95,1241620, Output: ['1']
  Running k=3,...
    Passes: 1, Time/Memory: 22.19,1241700, Output: ['1']
  Running k=4,...
    Passes: 1, Time/Memory: 18.06,1241668, Output: ['1']
  Running k=5,...
    Passes: 1, Time/Memory: 22.26,1241676, Output: ['1']
  Running k=6,...
    Passes: 1, Time/Memory: 16.09,1241612, Output: ['1']
  Running k=7,...
    Passes: 1, Time/Memory: 23.00,1241596, Output: ['1']
  Running k=8,...
    Passes: 1, Time/Memory: 22.30,1241780, Output: ['1']
  Running k=9,...
    Passes: 1, Time/Memory: 18.01,1241776, Output: ['1']
  Running k=10,...
    Passes: 1, Time/Memory: 17.93,1241732, Output: ['1']
  Running c=2,...
    Passes: 1, Time/Memory: 22.51,1241812, Output: ['1']
Results for KonectDblp running kpathN saved to ./results/real/table_data

Running KonectDblp for variant 0...
  Running k=1,...
Timeout (12hrs) expired for graph KonectDblp, klev0, k=1
Error running graph KonectDblp, variant 0, k=1
  Running k=2,...
Timeout (12hrs) expired for graph KonectDblp, klev0, k=2
Error running graph KonectDblp, variant 0, k=2
  Running k=3,...
Timeout (12hrs) expired for graph KonectDblp, klev0, k=3
Error running graph KonectDblp, variant 0, k=3
  Running k=4,...
Timeout (12hrs) expired for graph KonectDblp, klev0, k=4
Error running graph KonectDblp, variant 0, k=4
  Running k=5,...
Timeout (12hrs) expired for graph KonectDblp, klev0, k=5
Error running graph KonectDblp, variant 0, k=5
  Running k=6,...
Timeout (12hrs) expired for graph KonectDblp, klev0, k=6
Error running graph KonectDblp, variant 0, k=6
  Running k=7,...
Timeout (12hrs) expired for graph KonectDblp, klev0, k=7
Error running graph KonectDblp, variant 0, k=7
  Running k=8,...
Timeout (12hrs) expired for graph KonectDblp, klev0, k=8
Error running graph KonectDblp, variant 0, k=8
  Running k=9,...
Timeout (12hrs) expired for graph KonectDblp, klev0, k=9
Error running graph KonectDblp, variant 0, k=9
  Running k=10,...
    Passes: 6, Time/Memory: 42249.35,2819616, Output: ['6']
  Running c=2,...
Error running graph KonectDblp, klev0: Command '['/usr/bin/time', '-f', '%U,%M', './bin/main', 'RUN_ALGO', '7577304', '12282059', './input/KonectDblp/konect_dblp_n_7577304_m_12282059.edg', '3', '0', '2']' died with <Signals.SIGTERM: 15>., k=2
Error running graph KonectDblp, variant 0, c=2
Results for KonectDblp running klev0 saved to ./results/real/table_data

Running KonectDblp for variant 1...
  Running k=1,...
    Passes: 5, Time/Memory: 24702.05,2618804, Output: ['5']
  Running k=2,...
    Passes: 1, Time/Memory: 5.88,1241668, Output: ['1']
  Running k=3,...
    Passes: 1, Time/Memory: 5.96,1241608, Output: ['1']
  Running k=4,...
    Passes: 1, Time/Memory: 5.93,1241696, Output: ['1']
  Running k=5,...
    Passes: 1, Time/Memory: 5.86,1241812, Output: ['1']
  Running k=6,...
    Passes: 1, Time/Memory: 5.92,1241796, Output: ['1']
  Running k=7,...
    Passes: 1, Time/Memory: 5.88,1241776, Output: ['1']
  Running k=8,...
    Passes: 1, Time/Memory: 5.97,1241612, Output: ['1']
  Running k=9,...
    Passes: 1, Time/Memory: 5.88,1241676, Output: ['1']
  Running k=10,...
    Passes: 1, Time/Memory: 5.97,1241696, Output: ['1']
  Running c=2,...
    Passes: 1, Time/Memory: 5.90,1241668, Output: ['1']
Results for KonectDblp running klev1 saved to ./results/real/table_data

Running KonectDblp for variant 2...
  Running k=1,...
    Passes: 2, Time/Memory: 17698.56,3187428, Output: ['2']
  Running k=2,...
    Passes: 1, Time/Memory: 5.94,1241668, Output: ['1']
  Running k=3,...
    Passes: 1, Time/Memory: 5.87,1241696, Output: ['1']
  Running k=4,...
    Passes: 1, Time/Memory: 5.96,1241684, Output: ['1']
  Running k=5,...
    Passes: 1, Time/Memory: 6.04,1241792, Output: ['1']
  Running k=6,...
    Passes: 1, Time/Memory: 5.89,1241828, Output: ['1']
  Running k=7,...
    Passes: 1, Time/Memory: 5.99,1241828, Output: ['1']
  Running k=8,...
    Passes: 1, Time/Memory: 5.54,1241812, Output: ['1']
  Running k=9,...
    Passes: 1, Time/Memory: 5.96,1241676, Output: ['1']
  Running k=10,...
    Passes: 1, Time/Memory: 5.94,1241812, Output: ['1']
  Running c=2,...
    Passes: 1, Time/Memory: 6.00,1241616, Output: ['1']
Results for KonectDblp running klev2 saved to ./results/real/table_data

Running KonectDblp for variant N...
  Running k=1,...
    Passes: 1, Time/Memory: 16860.35,3057316, Output: ['1']
  Running k=2,...
    Passes: 1, Time/Memory: 5.90,1241800, Output: ['1']
  Running k=3,...
    Passes: 1, Time/Memory: 5.94,1241796, Output: ['1']
  Running k=4,...
    Passes: 1, Time/Memory: 5.95,1241732, Output: ['1']
  Running k=5,...
    Passes: 1, Time/Memory: 5.92,1241708, Output: ['1']
  Running k=6,...
    Passes: 1, Time/Memory: 5.89,1241680, Output: ['1']
  Running k=7,...
    Passes: 1, Time/Memory: 5.99,1241784, Output: ['1']
  Running k=8,...
    Passes: 1, Time/Memory: 6.04,1241588, Output: ['1']
  Running k=9,...
    Passes: 1, Time/Memory: 5.91,1241796, Output: ['1']
  Running k=10,...
    Passes: 1, Time/Memory: 6.03,1241700, Output: ['1']
  Running c=2,...
    Passes: 1, Time/Memory: 5.92,1241616, Output: ['1']
Results for KonectDblp running klevN saved to ./results/real/table_data
