
Running Twitch for variant N...
  Running k=1,...
    Passes: 65, Time/Memory: 101.60,82436, Output: ['65']
  Running k=2,...
    Passes: 22, Time/Memory: 43.14,95092, Output: ['22']
  Running k=3,...
    Passes: 13, Time/Memory: 30.07,102436, Output: ['13']
  Running k=4,...
    Passes: 13, Time/Memory: 32.81,120588, Output: ['13']
  Running k=5,...
    Passes: 10, Time/Memory: 20.25,141092, Output: ['10']
  Running k=6,...
    Passes: 7, Time/Memory: 17.48,155316, Output: ['7']
  Running k=7,...
    Passes: 7, Time/Memory: 14.20,169356, Output: ['7']
  Running k=8,...
    Passes: 7, Time/Memory: 19.22,180868, Output: ['7']
  Running k=9,...
    Passes: 5, Time/Memory: 20.01,197540, Output: ['5']
  Running k=10,...
    Passes: 4, Time/Memory: 11.61,221696, Output: ['4']
  Running c=41,...
    Passes: 1, Time/Memory: 1.76,170544, Output: ['1']
Results for Twitch running kpathN saved to ./results/real/table_data

Running Gowalla for variant N...
  Running k=1,...
    Passes: 12, Time/Memory: 20.66,89932, Output: ['12']
  Running k=2,...
    Passes: 5, Time/Memory: 20.60,98656, Output: ['5']
  Running k=3,...
    Passes: 4, Time/Memory: 21.75,115872, Output: ['4']
  Running k=4,...
    Passes: 2, Time/Memory: 10.30,140788, Output: ['2']
  Running k=5,...
    Passes: 1, Time/Memory: 0.26,49192, Output: ['1']
  Running k=6,...
    Passes: 1, Time/Memory: 0.27,49352, Output: ['1']
  Running k=7,...
    Passes: 1, Time/Memory: 0.27,49352, Output: ['1']
  Running k=8,...
    Passes: 1, Time/Memory: 0.27,49124, Output: ['1']
  Running k=9,...
    Passes: 1, Time/Memory: 0.27,49288, Output: ['1']
  Running k=10,...
    Passes: 1, Time/Memory: 0.24,49188, Output: ['1']
  Running c=5,...
    Passes: 1, Time/Memory: 0.26,49336, Output: ['1']
Results for Gowalla running kpathN saved to ./results/real/table_data

Running Dblp for variant N...
  Running k=1,...
    Passes: 12, Time/Memory: 55.06,128440, Output: ['12']
  Running k=2,...
    Passes: 5, Time/Memory: 44.98,156568, Output: ['5']
  Running k=3,...
    Passes: 3, Time/Memory: 28.33,193188, Output: ['3']
  Running k=4,...
    Passes: 1, Time/Memory: 0.32,69196, Output: ['1']
  Running k=5,...
    Passes: 1, Time/Memory: 0.31,69188, Output: ['1']
  Running k=6,...
    Passes: 1, Time/Memory: 0.33,69260, Output: ['1']
  Running k=7,...
    Passes: 1, Time/Memory: 0.31,69196, Output: ['1']
  Running k=8,...
    Passes: 1, Time/Memory: 0.30,69252, Output: ['1']
  Running k=9,...
    Passes: 1, Time/Memory: 0.31,69280, Output: ['1']
  Running k=10,...
    Passes: 1, Time/Memory: 0.30,69316, Output: ['1']
  Running c=4,...
    Passes: 1, Time/Memory: 0.32,69136, Output: ['1']
Results for Dblp running kpathN saved to ./results/real/table_data

Running Amazon for variant N...
  Running k=1,...
    Passes: 3071, Time/Memory: 1894.07,147624, Output: ['3071']
  Running k=2,...
    Passes: 4, Time/Memory: 37.97,180552, Output: ['4']
  Running k=3,...
    Passes: 1, Time/Memory: 0.74,66356, Output: ['1']
  Running k=4,...
    Passes: 1, Time/Memory: 0.72,66412, Output: ['1']
  Running k=5,...
    Passes: 1, Time/Memory: 0.80,66416, Output: ['1']
  Running k=6,...
    Passes: 1, Time/Memory: 0.80,66284, Output: ['1']
  Running k=7,...
    Passes: 1, Time/Memory: 0.80,66280, Output: ['1']
  Running k=8,...
    Passes: 1, Time/Memory: 0.76,66292, Output: ['1']
  Running k=9,...
    Passes: 1, Time/Memory: 0.80,66236, Output: ['1']
  Running k=10,...
    Passes: 1, Time/Memory: 0.80,66168, Output: ['1']
  Running c=3,...
    Passes: 1, Time/Memory: 0.76,66320, Output: ['1']
Results for Amazon running kpathN saved to ./results/real/table_data
