Iteration 1/10 for Graph ArxAP running kpathN with k=11...
    Passes: 1, Time/Memory: 0.06,9216, Output: ['1']
Iteration 2/10 for Graph ArxAP running kpathN with k=11...
    Passes: 1, Time/Memory: 0.07,9216, Output: ['1']
Iteration 3/10 for Graph ArxAP running kpathN with k=11...
    Passes: 1, Time/Memory: 0.07,9216, Output: ['1']
Iteration 4/10 for Graph ArxAP running kpathN with k=11...
    Passes: 1, Time/Memory: 0.07,9216, Output: ['1']
Iteration 5/10 for Graph ArxAP running kpathN with k=11...
    Passes: 1, Time/Memory: 0.07,9216, Output: ['1']
Iteration 6/10 for Graph ArxAP running kpathN with k=11...
    Passes: 1, Time/Memory: 0.07,9216, Output: ['1']
Iteration 7/10 for Graph ArxAP running kpathN with k=11...
    Passes: 1, Time/Memory: 0.07,9216, Output: ['1']
Iteration 8/10 for Graph ArxAP running kpathN with k=11...
    Passes: 1, Time/Memory: 0.07,9216, Output: ['1']
Iteration 9/10 for Graph ArxAP running kpathN with k=11...
    Passes: 1, Time/Memory: 0.06,9216, Output: ['1']
Iteration 10/10 for Graph ArxAP running kpathN with k=11...
    Passes: 1, Time/Memory: 0.07,9216, Output: ['1']
Results for ArxAP running kpathN saved to ./results/real/average_concurrent_runs
Iteration 1/10 for Graph ArxAP running kpath2 with k=11...
    Passes: 1, Time/Memory: 0.07,9216, Output: ['1']
Iteration 2/10 for Graph ArxAP running kpath2 with k=11...
    Passes: 1, Time/Memory: 0.07,9216, Output: ['1']
Iteration 3/10 for Graph ArxAP running kpath2 with k=11...
    Passes: 1, Time/Memory: 0.06,9216, Output: ['1']
Iteration 4/10 for Graph ArxAP running kpath2 with k=11...
    Passes: 1, Time/Memory: 0.07,9216, Output: ['1']
Iteration 5/10 for Graph ArxAP running kpath2 with k=11...
    Passes: 1, Time/Memory: 0.07,9216, Output: ['1']
Iteration 6/10 for Graph ArxAP running kpath2 with k=11...
    Passes: 1, Time/Memory: 0.06,9216, Output: ['1']
Iteration 7/10 for Graph ArxAP running kpath2 with k=11...
    Passes: 1, Time/Memory: 0.07,9216, Output: ['1']
Iteration 8/10 for Graph ArxAP running kpath2 with k=11...
    Passes: 1, Time/Memory: 0.07,9216, Output: ['1']
Iteration 9/10 for Graph ArxAP running kpath2 with k=11...
    Passes: 1, Time/Memory: 0.07,9216, Output: ['1']
Iteration 10/10 for Graph ArxAP running kpath2 with k=11...
    Passes: 1, Time/Memory: 0.06,9216, Output: ['1']
Results for ArxAP running kpath2 saved to ./results/real/average_concurrent_runs
Iteration 1/10 for Graph ArxAP running kpath1 with k=11...
    Passes: 1, Time/Memory: 0.07,9216, Output: ['1']
Iteration 2/10 for Graph ArxAP running kpath1 with k=11...
    Passes: 1, Time/Memory: 0.07,9216, Output: ['1']
Iteration 3/10 for Graph ArxAP running kpath1 with k=11...
    Passes: 1, Time/Memory: 0.07,9216, Output: ['1']
Iteration 4/10 for Graph ArxAP running kpath1 with k=11...
    Passes: 1, Time/Memory: 0.06,9216, Output: ['1']
Iteration 5/10 for Graph ArxAP running kpath1 with k=11...
    Passes: 1, Time/Memory: 0.06,9216, Output: ['1']
Iteration 6/10 for Graph ArxAP running kpath1 with k=11...
    Passes: 1, Time/Memory: 0.06,9216, Output: ['1']
Iteration 7/10 for Graph ArxAP running kpath1 with k=11...
    Passes: 1, Time/Memory: 0.06,9216, Output: ['1']
Iteration 8/10 for Graph ArxAP running kpath1 with k=11...
    Passes: 1, Time/Memory: 0.06,9216, Output: ['1']
Iteration 9/10 for Graph ArxAP running kpath1 with k=11...
    Passes: 1, Time/Memory: 0.07,9216, Output: ['1']
Iteration 10/10 for Graph ArxAP running kpath1 with k=11...
    Passes: 1, Time/Memory: 0.07,9216, Output: ['1']
Results for ArxAP running kpath1 saved to ./results/real/average_concurrent_runs
Iteration 1/10 for Graph ArxAP running kpath0 with k=11...
    Passes: 4, Time/Memory: 0.46,27648, Output: ['4']
Iteration 2/10 for Graph ArxAP running kpath0 with k=11...
    Passes: 4, Time/Memory: 0.47,27648, Output: ['4']
Iteration 3/10 for Graph ArxAP running kpath0 with k=11...
    Passes: 4, Time/Memory: 0.46,27648, Output: ['4']
Iteration 4/10 for Graph ArxAP running kpath0 with k=11...
    Passes: 4, Time/Memory: 0.46,27648, Output: ['4']
Iteration 5/10 for Graph ArxAP running kpath0 with k=11...
    Passes: 4, Time/Memory: 0.46,27648, Output: ['4']
Iteration 6/10 for Graph ArxAP running kpath0 with k=11...
    Passes: 4, Time/Memory: 0.46,27648, Output: ['4']
Iteration 7/10 for Graph ArxAP running kpath0 with k=11...
    Passes: 4, Time/Memory: 0.46,27648, Output: ['4']
Iteration 8/10 for Graph ArxAP running kpath0 with k=11...
    Passes: 4, Time/Memory: 0.46,27648, Output: ['4']
Iteration 9/10 for Graph ArxAP running kpath0 with k=11...
    Passes: 4, Time/Memory: 0.45,27648, Output: ['4']
Iteration 10/10 for Graph ArxAP running kpath0 with k=11...
    Passes: 4, Time/Memory: 0.45,27648, Output: ['4']
Results for ArxAP running kpath0 saved to ./results/real/average_concurrent_runs
