
Running Belcastro for variant N...
  Running k=1,...
    Passes: 627, Time/Memory: 1002.31,9492, Output: ['627']
  Running k=2,...
    Passes: 246, Time/Memory: 415.18,10880, Output: ['246']
  Running k=5,...
    Passes: 88, Time/Memory: 171.57,14712, Output: ['88']
  Running k=10,...
    Passes: 48, Time/Memory: 83.14,21032, Output: ['48']
  Running k=644,...
    Passes: 1, Time/Memory: 1.81,195344, Output: ['1']
Results for Belcastro running kpathN saved to ./results/real/sc_optimized_stats/Belcastro/kpath_run_20250203_020231

Running ArxAP for variant N...
  Running k=1,...
    Passes: 70, Time/Memory: 2.87,11620, Output: ['70']
  Running k=2,...
    Passes: 20, Time/Memory: 0.99,12296, Output: ['20']
  Running k=5,...
    Passes: 4, Time/Memory: 0.29,17520, Output: ['4']
  Running k=10,...
    Passes: 2, Time/Memory: 0.22,26964, Output: ['2']
  Running k=11,...
    Passes: 1, Time/Memory: 0.05,10236, Output: ['1']
Results for ArxAP running kpathN saved to ./results/real/sc_optimized_stats/ArxAP/kpath_run_20250203_023039

Running BrightK for variant N...
  Running k=1,...
    Passes: 15, Time/Memory: 2.84,27996, Output: ['15']
  Running k=2,...
    Passes: 5, Time/Memory: 1.84,32608, Output: ['5']
  Running k=5,...
    Passes: 1, Time/Memory: 0.07,14656, Output: ['1']
  Running k=10,...
    Passes: 1, Time/Memory: 0.06,14544, Output: ['1']
  Running k=4,...
    Passes: 1, Time/Memory: 0.06,14732, Output: ['1']
Results for BrightK running kpathN saved to ./results/real/sc_optimized_stats/BrightK/kpath_run_20250203_023044

Running Twitch for variant N...
  Running k=1,...
    Passes: 65, Time/Memory: 100.25,82328, Output: ['65']
  Running k=2,...
    Passes: 22, Time/Memory: 37.39,95276, Output: ['22']
  Running k=5,...
    Passes: 10, Time/Memory: 23.75,141344, Output: ['10']
  Running k=10,...
    Passes: 4, Time/Memory: 11.99,221768, Output: ['4']
  Running k=41,...
    Passes: 1, Time/Memory: 2.03,170876, Output: ['1']
Results for Twitch running kpathN saved to ./results/real/sc_optimized_stats/Twitch/kpath_run_20250203_023049

Running Gowalla for variant N...
  Running k=1,...
    Passes: 12, Time/Memory: 19.61,90524, Output: ['12']
  Running k=2,...
    Passes: 5, Time/Memory: 19.64,98556, Output: ['5']
  Running k=5,...
    Passes: 1, Time/Memory: 0.28,49452, Output: ['1']
  Running k=10,...
    Passes: 1, Time/Memory: 0.30,49328, Output: ['1']
  Running k=5,...
    Passes: 1, Time/Memory: 0.29,49344, Output: ['1']
Results for Gowalla running kpathN saved to ./results/real/sc_optimized_stats/Gowalla/kpath_run_20250203_023346

Running Amazon for variant N...
  Running k=1,...
    Passes: 3071, Time/Memory: 874.43,147760, Output: ['3071']
  Running k=2,...
    Passes: 4, Time/Memory: 32.73,180692, Output: ['4']
  Running k=5,...
    Passes: 1, Time/Memory: 0.28,66344, Output: ['1']
  Running k=10,...
    Passes: 1, Time/Memory: 0.31,66340, Output: ['1']
  Running k=3,...
    Passes: 1, Time/Memory: 0.31,66404, Output: ['1']
Results for Amazon running kpathN saved to ./results/real/sc_optimized_stats/Amazon/kpath_run_20250203_023426
