
Running CU for variant 0...
  Running k=1,...
    Passes: 3, Time/Memory: 0.00,3776, Output: ['3']
  Running k=2,...
    Passes: 3, Time/Memory: 0.00,3632, Output: ['3']
  Running k=3,...
    Passes: 3, Time/Memory: 0.00,3852, Output: ['3']
  Running k=4,...
    Passes: 3, Time/Memory: 0.00,3648, Output: ['3']
  Running k=5,...
    Passes: 3, Time/Memory: 0.00,3648, Output: ['3']
  Running k=6,...
    Passes: 3, Time/Memory: 0.00,3832, Output: ['3']
  Running k=7,...
    Passes: 3, Time/Memory: 0.00,3664, Output: ['3']
  Running k=8,...
    Passes: 3, Time/Memory: 0.00,3784, Output: ['3']
  Running k=9,...
    Passes: 3, Time/Memory: 0.00,3708, Output: ['3']
  Running k=10,...
    Passes: 3, Time/Memory: 0.00,3652, Output: ['3']
  Running c=3,...
    Passes: 3, Time/Memory: 0.00,3644, Output: ['3']
Results for CU running klev0 saved to ./results/real/table_data

Running CU for variant 1...
  Running k=1,...
    Passes: 3, Time/Memory: 0.00,3824, Output: ['3']
  Running k=2,...
    Passes: 3, Time/Memory: 0.00,3780, Output: ['3']
  Running k=3,...
    Passes: 1, Time/Memory: 0.00,3772, Output: ['1']
  Running k=4,...
    Passes: 1, Time/Memory: 0.00,3756, Output: ['1']
  Running k=5,...
    Passes: 1, Time/Memory: 0.00,3656, Output: ['1']
  Running k=6,...
    Passes: 1, Time/Memory: 0.00,3624, Output: ['1']
  Running k=7,...
    Passes: 1, Time/Memory: 0.00,3736, Output: ['1']
  Running k=8,...
    Passes: 1, Time/Memory: 0.00,3780, Output: ['1']
  Running k=9,...
    Passes: 1, Time/Memory: 0.00,3720, Output: ['1']
  Running k=10,...
    Passes: 1, Time/Memory: 0.00,3700, Output: ['1']
  Running c=3,...
    Passes: 1, Time/Memory: 0.00,3840, Output: ['1']
Results for CU running klev1 saved to ./results/real/table_data

Running CU for variant 2...
  Running k=1,...
    Passes: 2, Time/Memory: 0.00,3832, Output: ['2']
  Running k=2,...
    Passes: 2, Time/Memory: 0.00,3856, Output: ['2']
  Running k=3,...
    Passes: 1, Time/Memory: 0.00,3780, Output: ['1']
  Running k=4,...
    Passes: 1, Time/Memory: 0.00,3624, Output: ['1']
  Running k=5,...
    Passes: 1, Time/Memory: 0.00,3656, Output: ['1']
  Running k=6,...
    Passes: 1, Time/Memory: 0.00,3844, Output: ['1']
  Running k=7,...
    Passes: 1, Time/Memory: 0.00,3588, Output: ['1']
  Running k=8,...
    Passes: 1, Time/Memory: 0.00,3780, Output: ['1']
  Running k=9,...
    Passes: 1, Time/Memory: 0.00,3704, Output: ['1']
  Running k=10,...
    Passes: 1, Time/Memory: 0.00,3732, Output: ['1']
  Running c=3,...
    Passes: 1, Time/Memory: 0.00,3780, Output: ['1']
Results for CU running klev2 saved to ./results/real/table_data

Running CU for variant N...
  Running k=1,...
    Passes: 1, Time/Memory: 0.00,3848, Output: ['1']
  Running k=2,...
    Passes: 1, Time/Memory: 0.00,3828, Output: ['1']
  Running k=3,...
    Passes: 1, Time/Memory: 0.00,3592, Output: ['1']
  Running k=4,...
    Passes: 1, Time/Memory: 0.00,3772, Output: ['1']
  Running k=5,...
    Passes: 1, Time/Memory: 0.00,3732, Output: ['1']
  Running k=6,...
    Passes: 1, Time/Memory: 0.00,3596, Output: ['1']
  Running k=7,...
    Passes: 1, Time/Memory: 0.00,3588, Output: ['1']
  Running k=8,...
    Passes: 1, Time/Memory: 0.00,3608, Output: ['1']
  Running k=9,...
    Passes: 1, Time/Memory: 0.00,3664, Output: ['1']
  Running k=10,...
    Passes: 1, Time/Memory: 0.00,3780, Output: ['1']
  Running c=3,...
    Passes: 1, Time/Memory: 0.00,3604, Output: ['1']
Results for CU running klevN saved to ./results/real/table_data

Running AJazz for variant 0...
  Running k=1,...
    Passes: 4, Time/Memory: 0.00,3700, Output: ['4']
  Running k=2,...
    Passes: 4, Time/Memory: 0.00,3840, Output: ['4']
  Running k=3,...
    Passes: 4, Time/Memory: 0.00,3696, Output: ['4']
  Running k=4,...
    Passes: 4, Time/Memory: 0.00,3732, Output: ['4']
  Running k=5,...
    Passes: 4, Time/Memory: 0.00,3836, Output: ['4']
  Running k=6,...
    Passes: 4, Time/Memory: 0.00,3916, Output: ['4']
  Running k=7,...
    Passes: 4, Time/Memory: 0.00,3788, Output: ['4']
  Running k=8,...
    Passes: 4, Time/Memory: 0.00,3836, Output: ['4']
  Running k=9,...
    Passes: 4, Time/Memory: 0.00,3692, Output: ['4']
  Running k=10,...
    Passes: 4, Time/Memory: 0.00,3788, Output: ['4']
  Running c=14,...
    Passes: 4, Time/Memory: 0.00,3756, Output: ['4']
Results for AJazz running klev0 saved to ./results/real/table_data

Running AJazz for variant 1...
  Running k=1,...
    Passes: 2, Time/Memory: 0.00,3840, Output: ['2']
  Running k=2,...
    Passes: 2, Time/Memory: 0.00,3852, Output: ['2']
  Running k=3,...
    Passes: 2, Time/Memory: 0.00,3704, Output: ['2']
  Running k=4,...
    Passes: 2, Time/Memory: 0.00,3824, Output: ['2']
  Running k=5,...
    Passes: 2, Time/Memory: 0.00,3780, Output: ['2']
  Running k=6,...
    Passes: 2, Time/Memory: 0.00,3712, Output: ['2']
  Running k=7,...
    Passes: 2, Time/Memory: 0.00,3716, Output: ['2']
  Running k=8,...
    Passes: 2, Time/Memory: 0.00,3904, Output: ['2']
  Running k=9,...
    Passes: 2, Time/Memory: 0.00,3716, Output: ['2']
  Running k=10,...
    Passes: 2, Time/Memory: 0.00,3832, Output: ['2']
  Running c=14,...
    Passes: 1, Time/Memory: 0.00,3812, Output: ['1']
Results for AJazz running klev1 saved to ./results/real/table_data

Running AJazz for variant 2...
  Running k=1,...
    Passes: 2, Time/Memory: 0.00,3840, Output: ['2']
  Running k=2,...
    Passes: 2, Time/Memory: 0.00,3740, Output: ['2']
  Running k=3,...
    Passes: 2, Time/Memory: 0.00,3752, Output: ['2']
  Running k=4,...
    Passes: 2, Time/Memory: 0.00,3888, Output: ['2']
  Running k=5,...
    Passes: 2, Time/Memory: 0.00,3936, Output: ['2']
  Running k=6,...
    Passes: 2, Time/Memory: 0.00,3936, Output: ['2']
  Running k=7,...
    Passes: 2, Time/Memory: 0.00,4016, Output: ['2']
  Running k=8,...
    Passes: 2, Time/Memory: 0.00,3848, Output: ['2']
  Running k=9,...
    Passes: 2, Time/Memory: 0.00,3872, Output: ['2']
  Running k=10,...
    Passes: 2, Time/Memory: 0.00,3872, Output: ['2']
  Running c=14,...
    Passes: 1, Time/Memory: 0.00,3860, Output: ['1']
Results for AJazz running klev2 saved to ./results/real/table_data

Running AJazz for variant N...
  Running k=1,...
    Passes: 2, Time/Memory: 0.00,3904, Output: ['2']
  Running k=2,...
    Passes: 2, Time/Memory: 0.00,3884, Output: ['2']
  Running k=3,...
    Passes: 2, Time/Memory: 0.00,3948, Output: ['2']
  Running k=4,...
    Passes: 2, Time/Memory: 0.00,3772, Output: ['2']
  Running k=5,...
    Passes: 2, Time/Memory: 0.00,3904, Output: ['2']
  Running k=6,...
    Passes: 2, Time/Memory: 0.00,3832, Output: ['2']
  Running k=7,...
    Passes: 2, Time/Memory: 0.00,3852, Output: ['2']
  Running k=8,...
    Passes: 2, Time/Memory: 0.00,3884, Output: ['2']
  Running k=9,...
    Passes: 2, Time/Memory: 0.00,4012, Output: ['2']
  Running k=10,...
    Passes: 2, Time/Memory: 0.00,3952, Output: ['2']
  Running c=14,...
    Passes: 1, Time/Memory: 0.00,3740, Output: ['1']
Results for AJazz running klevN saved to ./results/real/table_data

Running HM for variant 0...
  Running k=1,...
    Passes: 5, Time/Memory: 0.06,4568, Output: ['5']
  Running k=2,...
    Passes: 5, Time/Memory: 0.06,4636, Output: ['5']
  Running k=3,...
    Passes: 5, Time/Memory: 0.06,4460, Output: ['5']
  Running k=4,...
    Passes: 5, Time/Memory: 0.06,4636, Output: ['5']
  Running k=5,...
    Passes: 5, Time/Memory: 0.06,4464, Output: ['5']
  Running k=6,...
    Passes: 5, Time/Memory: 0.06,4644, Output: ['5']
  Running k=7,...
    Passes: 5, Time/Memory: 0.06,4628, Output: ['5']
  Running k=8,...
    Passes: 5, Time/Memory: 0.06,4460, Output: ['5']
  Running k=9,...
    Passes: 5, Time/Memory: 0.06,4644, Output: ['5']
  Running k=10,...
    Passes: 5, Time/Memory: 0.05,4476, Output: ['5']
  Running c=7,...
    Passes: 5, Time/Memory: 0.06,4572, Output: ['5']
Results for HM running klev0 saved to ./results/real/table_data

Running HM for variant 1...
  Running k=1,...
    Passes: 4, Time/Memory: 0.02,4540, Output: ['4']
  Running k=2,...
    Passes: 4, Time/Memory: 0.02,4620, Output: ['4']
  Running k=3,...
    Passes: 4, Time/Memory: 0.02,4604, Output: ['4']
  Running k=4,...
    Passes: 4, Time/Memory: 0.02,4428, Output: ['4']
  Running k=5,...
    Passes: 4, Time/Memory: 0.02,4428, Output: ['4']
  Running k=6,...
    Passes: 4, Time/Memory: 0.03,4376, Output: ['4']
  Running k=7,...
    Passes: 1, Time/Memory: 0.00,4320, Output: ['1']
  Running k=8,...
    Passes: 1, Time/Memory: 0.00,4228, Output: ['1']
  Running k=9,...
    Passes: 1, Time/Memory: 0.00,4312, Output: ['1']
  Running k=10,...
    Passes: 1, Time/Memory: 0.00,4312, Output: ['1']
  Running c=7,...
    Passes: 1, Time/Memory: 0.00,4312, Output: ['1']
Results for HM running klev1 saved to ./results/real/table_data

Running HM for variant 2...
  Running k=1,...
    Passes: 3, Time/Memory: 0.02,4708, Output: ['3']
  Running k=2,...
    Passes: 3, Time/Memory: 0.02,4920, Output: ['3']
  Running k=3,...
    Passes: 3, Time/Memory: 0.03,4976, Output: ['3']
  Running k=4,...
    Passes: 2, Time/Memory: 0.04,5372, Output: ['2']
  Running k=5,...
    Passes: 2, Time/Memory: 0.05,5436, Output: ['2']
  Running k=6,...
    Passes: 2, Time/Memory: 0.07,5632, Output: ['2']
  Running k=7,...
    Passes: 1, Time/Memory: 0.00,4252, Output: ['1']
  Running k=8,...
    Passes: 1, Time/Memory: 0.00,4432, Output: ['1']
  Running k=9,...
    Passes: 1, Time/Memory: 0.00,4288, Output: ['1']
  Running k=10,...
    Passes: 1, Time/Memory: 0.00,4424, Output: ['1']
  Running c=7,...
    Passes: 1, Time/Memory: 0.00,4500, Output: ['1']
Results for HM running klev2 saved to ./results/real/table_data

Running HM for variant N...
  Running k=1,...
    Passes: 3, Time/Memory: 0.02,4744, Output: ['3']
  Running k=2,...
    Passes: 3, Time/Memory: 0.03,5012, Output: ['3']
  Running k=3,...
    Passes: 2, Time/Memory: 0.03,5148, Output: ['2']
  Running k=4,...
    Passes: 2, Time/Memory: 0.05,5132, Output: ['2']
  Running k=5,...
    Passes: 2, Time/Memory: 0.06,5500, Output: ['2']
  Running k=6,...
    Passes: 2, Time/Memory: 0.07,5720, Output: ['2']
  Running k=7,...
    Passes: 1, Time/Memory: 0.00,4320, Output: ['1']
  Running k=8,...
    Passes: 1, Time/Memory: 0.00,4368, Output: ['1']
  Running k=9,...
    Passes: 1, Time/Memory: 0.00,4432, Output: ['1']
  Running k=10,...
    Passes: 1, Time/Memory: 0.00,4368, Output: ['1']
  Running c=7,...
    Passes: 1, Time/Memory: 0.00,4424, Output: ['1']
Results for HM running klevN saved to ./results/real/table_data

Running Belcastro for variant 0...
  Running k=1,...
    Passes: 4, Time/Memory: 10.52,9240, Output: ['4']
  Running k=2,...
    Passes: 4, Time/Memory: 11.95,9132, Output: ['4']
  Running k=3,...
    Passes: 4, Time/Memory: 11.63,9152, Output: ['4']
  Running k=4,...
    Passes: 4, Time/Memory: 10.87,9248, Output: ['4']
  Running k=5,...
    Passes: 4, Time/Memory: 10.82,9160, Output: ['4']
  Running k=6,...
    Passes: 4, Time/Memory: 11.68,9252, Output: ['4']
  Running k=7,...
    Passes: 4, Time/Memory: 11.91,9212, Output: ['4']
  Running k=8,...
    Passes: 4, Time/Memory: 11.96,9144, Output: ['4']
  Running k=9,...
    Passes: 4, Time/Memory: 12.24,9136, Output: ['4']
  Running k=10,...
    Passes: 4, Time/Memory: 11.87,9396, Output: ['4']
  Running c=644,...
    Passes: 4, Time/Memory: 11.70,37644, Output: ['4']
Results for Belcastro running klev0 saved to ./results/real/table_data

Running Belcastro for variant 1...
  Running k=1,...
    Passes: 3, Time/Memory: 7.57,8628, Output: ['3']
  Running k=2,...
    Passes: 3, Time/Memory: 7.66,9256, Output: ['3']
  Running k=3,...
    Passes: 3, Time/Memory: 7.61,9252, Output: ['3']
  Running k=4,...
    Passes: 3, Time/Memory: 7.73,9232, Output: ['3']
  Running k=5,...
    Passes: 3, Time/Memory: 7.60,9248, Output: ['3']
  Running k=6,...
    Passes: 3, Time/Memory: 7.73,9040, Output: ['3']
  Running k=7,...
    Passes: 3, Time/Memory: 7.23,9160, Output: ['3']
  Running k=8,...
    Passes: 3, Time/Memory: 8.18,9180, Output: ['3']
  Running k=9,...
    Passes: 3, Time/Memory: 7.50,9156, Output: ['3']
  Running k=10,...
    Passes: 3, Time/Memory: 7.67,9160, Output: ['3']
  Running c=644,...
    Passes: 1, Time/Memory: 1.93,195360, Output: ['1']
Results for Belcastro running klev1 saved to ./results/real/table_data

Running Belcastro for variant 2...
  Running k=1,...
    Passes: 3, Time/Memory: 6.59,9924, Output: ['3']
  Running k=2,...
    Passes: 3, Time/Memory: 7.73,11324, Output: ['3']
  Running k=3,...
    Passes: 3, Time/Memory: 7.65,12644, Output: ['3']
  Running k=4,...
    Passes: 3, Time/Memory: 7.80,13908, Output: ['3']
  Running k=5,...
    Passes: 3, Time/Memory: 7.58,15144, Output: ['3']
  Running k=6,...
    Passes: 3, Time/Memory: 7.34,16572, Output: ['3']
  Running k=7,...
    Passes: 3, Time/Memory: 7.69,17876, Output: ['3']
  Running k=8,...
    Passes: 3, Time/Memory: 6.87,18980, Output: ['3']
  Running k=9,...
    Passes: 3, Time/Memory: 7.72,20496, Output: ['3']
  Running k=10,...
    Passes: 3, Time/Memory: 7.79,21816, Output: ['3']
  Running c=644,...
    Passes: 1, Time/Memory: 1.97,195480, Output: ['1']
Results for Belcastro running klev2 saved to ./results/real/table_data

Running Belcastro for variant N...
  Running k=1,...
    Passes: 3, Time/Memory: 7.60,9928, Output: ['3']
  Running k=2,...
    Passes: 3, Time/Memory: 7.74,11324, Output: ['3']
  Running k=3,...
    Passes: 3, Time/Memory: 7.75,12480, Output: ['3']
  Running k=4,...
    Passes: 3, Time/Memory: 7.00,13916, Output: ['3']
  Running k=5,...
    Passes: 3, Time/Memory: 7.76,15304, Output: ['3']
  Running k=6,...
    Passes: 3, Time/Memory: 7.65,16652, Output: ['3']
  Running k=7,...
    Passes: 3, Time/Memory: 7.76,17960, Output: ['3']
  Running k=8,...
    Passes: 3, Time/Memory: 7.84,19268, Output: ['3']
  Running k=9,...
    Passes: 3, Time/Memory: 7.67,20536, Output: ['3']
  Running k=10,...
    Passes: 3, Time/Memory: 7.82,21744, Output: ['3']
  Running c=644,...
    Passes: 1, Time/Memory: 1.98,195484, Output: ['1']
Results for Belcastro running klevN saved to ./results/real/table_data

Running ArxAP for variant 0...
  Running k=1,...
    Passes: 5, Time/Memory: 3.84,10036, Output: ['5']
  Running k=2,...
    Passes: 5, Time/Memory: 3.85,10048, Output: ['5']
  Running k=3,...
    Passes: 5, Time/Memory: 3.92,9968, Output: ['5']
  Running k=4,...
    Passes: 5, Time/Memory: 3.84,10032, Output: ['5']
  Running k=5,...
    Passes: 5, Time/Memory: 3.82,10028, Output: ['5']
  Running k=6,...
    Passes: 5, Time/Memory: 3.82,9868, Output: ['5']
  Running k=7,...
    Passes: 5, Time/Memory: 3.87,9852, Output: ['5']
  Running k=8,...
    Passes: 5, Time/Memory: 4.15,9840, Output: ['5']
  Running k=9,...
    Passes: 5, Time/Memory: 4.17,9828, Output: ['5']
  Running k=10,...
    Passes: 5, Time/Memory: 3.87,9924, Output: ['5']
  Running c=11,...
    Passes: 5, Time/Memory: 4.27,9952, Output: ['5']
Results for ArxAP running klev0 saved to ./results/real/table_data

Running ArxAP for variant 1...
  Running k=1,...
    Passes: 4, Time/Memory: 0.33,9508, Output: ['4']
  Running k=2,...
    Passes: 4, Time/Memory: 0.38,9644, Output: ['4']
  Running k=3,...
    Passes: 4, Time/Memory: 0.36,9680, Output: ['4']
  Running k=4,...
    Passes: 4, Time/Memory: 0.37,9740, Output: ['4']
  Running k=5,...
    Passes: 4, Time/Memory: 0.37,9780, Output: ['4']
  Running k=6,...
    Passes: 4, Time/Memory: 0.37,9684, Output: ['4']
  Running k=7,...
    Passes: 4, Time/Memory: 0.39,9776, Output: ['4']
  Running k=8,...
    Passes: 4, Time/Memory: 0.37,9684, Output: ['4']
  Running k=9,...
    Passes: 4, Time/Memory: 0.37,9716, Output: ['4']
  Running k=10,...
    Passes: 4, Time/Memory: 0.36,9664, Output: ['4']
  Running c=11,...
    Passes: 1, Time/Memory: 0.05,10132, Output: ['1']
Results for ArxAP running klev1 saved to ./results/real/table_data

Running ArxAP for variant 2...
  Running k=1,...
    Passes: 4, Time/Memory: 0.39,11292, Output: ['4']
  Running k=2,...
    Passes: 4, Time/Memory: 0.40,12840, Output: ['4']
  Running k=3,...
    Passes: 3, Time/Memory: 0.37,14436, Output: ['3']
  Running k=4,...
    Passes: 3, Time/Memory: 0.35,16024, Output: ['3']
  Running k=5,...
    Passes: 2, Time/Memory: 0.33,17968, Output: ['2']
  Running k=6,...
    Passes: 2, Time/Memory: 0.34,19772, Output: ['2']
  Running k=7,...
    Passes: 2, Time/Memory: 0.34,21292, Output: ['2']
  Running k=8,...
    Passes: 2, Time/Memory: 0.35,22796, Output: ['2']
  Running k=9,...
    Passes: 2, Time/Memory: 0.41,24548, Output: ['2']
  Running k=10,...
    Passes: 2, Time/Memory: 0.46,25948, Output: ['2']
  Running c=11,...
    Passes: 1, Time/Memory: 0.04,10072, Output: ['1']
Results for ArxAP running klev2 saved to ./results/real/table_data

Running ArxAP for variant N...
  Running k=1,...
    Passes: 4, Time/Memory: 0.42,11364, Output: ['4']
  Running k=2,...
    Passes: 4, Time/Memory: 0.36,12884, Output: ['4']
  Running k=3,...
    Passes: 3, Time/Memory: 0.36,14440, Output: ['3']
  Running k=4,...
    Passes: 3, Time/Memory: 0.34,16376, Output: ['3']
  Running k=5,...
    Passes: 2, Time/Memory: 0.32,17948, Output: ['2']
  Running k=6,...
    Passes: 2, Time/Memory: 0.29,19716, Output: ['2']
  Running k=7,...
    Passes: 2, Time/Memory: 0.33,21192, Output: ['2']
  Running k=8,...
    Passes: 2, Time/Memory: 0.40,22864, Output: ['2']
  Running k=9,...
    Passes: 2, Time/Memory: 0.44,24544, Output: ['2']
  Running k=10,...
    Passes: 2, Time/Memory: 0.48,25976, Output: ['2']
  Running c=11,...
    Passes: 1, Time/Memory: 0.05,10192, Output: ['1']
Results for ArxAP running klevN saved to ./results/real/table_data

Running AsCaida for variant 0...
  Running k=1,...
    Passes: 4, Time/Memory: 8.30,11872, Output: ['4']
  Running k=2,...
    Passes: 4, Time/Memory: 8.98,11744, Output: ['4']
  Running k=3,...
    Passes: 4, Time/Memory: 8.25,11492, Output: ['4']
  Running k=4,...
    Passes: 4, Time/Memory: 9.05,11448, Output: ['4']
  Running k=5,...
    Passes: 4, Time/Memory: 8.96,11520, Output: ['4']
  Running k=6,...
    Passes: 4, Time/Memory: 9.08,11628, Output: ['4']
  Running k=7,...
    Passes: 4, Time/Memory: 9.07,11432, Output: ['4']
  Running k=8,...
    Passes: 4, Time/Memory: 8.83,11608, Output: ['4']
  Running k=9,...
    Passes: 4, Time/Memory: 8.97,11884, Output: ['4']
  Running k=10,...
    Passes: 4, Time/Memory: 9.38,11484, Output: ['4']
  Running c=3,...
    Passes: 4, Time/Memory: 8.97,11884, Output: ['4']
Results for AsCaida running klev0 saved to ./results/real/table_data

Running AsCaida for variant 1...
  Running k=1,...
    Passes: 4, Time/Memory: 0.09,10980, Output: ['4']
  Running k=2,...
    Passes: 4, Time/Memory: 0.09,11272, Output: ['4']
  Running k=3,...
    Passes: 1, Time/Memory: 0.02,7992, Output: ['1']
  Running k=4,...
    Passes: 1, Time/Memory: 0.01,8104, Output: ['1']
  Running k=5,...
    Passes: 1, Time/Memory: 0.01,8128, Output: ['1']
  Running k=6,...
    Passes: 1, Time/Memory: 0.01,8196, Output: ['1']
  Running k=7,...
    Passes: 1, Time/Memory: 0.01,8176, Output: ['1']
  Running k=8,...
    Passes: 1, Time/Memory: 0.02,8068, Output: ['1']
  Running k=9,...
    Passes: 1, Time/Memory: 0.01,8016, Output: ['1']
  Running k=10,...
    Passes: 1, Time/Memory: 0.01,8116, Output: ['1']
  Running c=3,...
    Passes: 1, Time/Memory: 0.01,8116, Output: ['1']
Results for AsCaida running klev1 saved to ./results/real/table_data

Running AsCaida for variant 2...
  Running k=1,...
    Passes: 2, Time/Memory: 0.07,13108, Output: ['2']
  Running k=2,...
    Passes: 2, Time/Memory: 0.07,15468, Output: ['2']
  Running k=3,...
    Passes: 1, Time/Memory: 0.01,8088, Output: ['1']
  Running k=4,...
    Passes: 1, Time/Memory: 0.01,8044, Output: ['1']
  Running k=5,...
    Passes: 1, Time/Memory: 0.02,8120, Output: ['1']
  Running k=6,...
    Passes: 1, Time/Memory: 0.02,8160, Output: ['1']
  Running k=7,...
    Passes: 1, Time/Memory: 0.01,7936, Output: ['1']
  Running k=8,...
    Passes: 1, Time/Memory: 0.02,8040, Output: ['1']
  Running k=9,...
    Passes: 1, Time/Memory: 0.01,8128, Output: ['1']
  Running k=10,...
    Passes: 1, Time/Memory: 0.02,8196, Output: ['1']
  Running c=3,...
    Passes: 1, Time/Memory: 0.01,8096, Output: ['1']
Results for AsCaida running klev2 saved to ./results/real/table_data

Running AsCaida for variant N...
  Running k=1,...
    Passes: 2, Time/Memory: 0.07,13140, Output: ['2']
  Running k=2,...
    Passes: 1, Time/Memory: 0.06,13120, Output: ['1']
  Running k=3,...
    Passes: 1, Time/Memory: 0.01,8016, Output: ['1']
  Running k=4,...
    Passes: 1, Time/Memory: 0.02,8084, Output: ['1']
  Running k=5,...
    Passes: 1, Time/Memory: 0.01,7996, Output: ['1']
  Running k=6,...
    Passes: 1, Time/Memory: 0.02,8176, Output: ['1']
  Running k=7,...
    Passes: 1, Time/Memory: 0.02,8076, Output: ['1']
  Running k=8,...
    Passes: 1, Time/Memory: 0.01,8040, Output: ['1']
  Running k=9,...
    Passes: 1, Time/Memory: 0.02,8176, Output: ['1']
  Running k=10,...
    Passes: 1, Time/Memory: 0.01,8184, Output: ['1']
  Running c=3,...
    Passes: 1, Time/Memory: 0.01,7960, Output: ['1']
Results for AsCaida running klevN saved to ./results/real/table_data

Running BrightK for variant 0...
  Running k=1,...
    Passes: 5, Time/Memory: 37.19,22764, Output: ['5']
  Running k=2,...
    Passes: 5, Time/Memory: 36.86,22796, Output: ['5']
  Running k=3,...
    Passes: 5, Time/Memory: 36.51,22568, Output: ['5']
  Running k=4,...
    Passes: 5, Time/Memory: 36.69,22848, Output: ['5']
  Running k=5,...
    Passes: 5, Time/Memory: 36.32,22916, Output: ['5']
  Running k=6,...
    Passes: 5, Time/Memory: 36.67,22832, Output: ['5']
  Running k=7,...
    Passes: 5, Time/Memory: 37.34,22520, Output: ['5']
  Running k=8,...
    Passes: 5, Time/Memory: 36.84,22928, Output: ['5']
  Running k=9,...
    Passes: 5, Time/Memory: 36.11,22964, Output: ['5']
  Running k=10,...
    Passes: 5, Time/Memory: 37.15,22824, Output: ['5']
  Running c=4,...
    Passes: 5, Time/Memory: 36.87,22836, Output: ['5']
Results for BrightK running klev0 saved to ./results/real/table_data

Running BrightK for variant 1...
  Running k=1,...
    Passes: 4, Time/Memory: 0.65,21216, Output: ['4']
  Running k=2,...
    Passes: 4, Time/Memory: 0.63,21568, Output: ['4']
  Running k=3,...
    Passes: 4, Time/Memory: 0.63,21564, Output: ['4']
  Running k=4,...
    Passes: 1, Time/Memory: 0.06,14612, Output: ['1']
  Running k=5,...
    Passes: 1, Time/Memory: 0.06,14688, Output: ['1']
  Running k=6,...
    Passes: 1, Time/Memory: 0.06,14652, Output: ['1']
  Running k=7,...
    Passes: 1, Time/Memory: 0.05,14480, Output: ['1']
  Running k=8,...
    Passes: 1, Time/Memory: 0.06,14540, Output: ['1']
  Running k=9,...
    Passes: 1, Time/Memory: 0.06,14484, Output: ['1']
  Running k=10,...
    Passes: 1, Time/Memory: 0.06,14592, Output: ['1']
  Running c=4,...
    Passes: 1, Time/Memory: 0.06,14684, Output: ['1']
Results for BrightK running klev1 saved to ./results/real/table_data

Running BrightK for variant 2...
  Running k=1,...
    Passes: 3, Time/Memory: 0.63,25848, Output: ['3']
  Running k=2,...
    Passes: 2, Time/Memory: 0.53,31148, Output: ['2']
  Running k=3,...
    Passes: 2, Time/Memory: 0.58,36060, Output: ['2']
  Running k=4,...
    Passes: 1, Time/Memory: 0.06,14496, Output: ['1']
  Running k=5,...
    Passes: 1, Time/Memory: 0.06,14728, Output: ['1']
  Running k=6,...
    Passes: 1, Time/Memory: 0.06,14580, Output: ['1']
  Running k=7,...
    Passes: 1, Time/Memory: 0.06,14668, Output: ['1']
  Running k=8,...
    Passes: 1, Time/Memory: 0.06,14724, Output: ['1']
  Running k=9,...
    Passes: 1, Time/Memory: 0.06,14688, Output: ['1']
  Running k=10,...
    Passes: 1, Time/Memory: 0.05,14580, Output: ['1']
  Running c=4,...
    Passes: 1, Time/Memory: 0.06,14472, Output: ['1']
Results for BrightK running klev2 saved to ./results/real/table_data

Running BrightK for variant N...
  Running k=1,...
    Passes: 3, Time/Memory: 0.64,25812, Output: ['3']
  Running k=2,...
    Passes: 2, Time/Memory: 0.62,30900, Output: ['2']
  Running k=3,...
    Passes: 1, Time/Memory: 0.54,35312, Output: ['1']
  Running k=4,...
    Passes: 1, Time/Memory: 0.06,14612, Output: ['1']
  Running k=5,...
    Passes: 1, Time/Memory: 0.06,14624, Output: ['1']
  Running k=6,...
    Passes: 1, Time/Memory: 0.06,14660, Output: ['1']
  Running k=7,...
    Passes: 1, Time/Memory: 0.06,14724, Output: ['1']
  Running k=8,...
    Passes: 1, Time/Memory: 0.06,14564, Output: ['1']
  Running k=9,...
    Passes: 1, Time/Memory: 0.06,14548, Output: ['1']
  Running k=10,...
    Passes: 1, Time/Memory: 0.07,14480, Output: ['1']
  Running c=4,...
    Passes: 1, Time/Memory: 0.04,14480, Output: ['1']
Results for BrightK running klevN saved to ./results/real/table_data

Running LMocha for variant 0...
  Running k=1,...
    Passes: 4, Time/Memory: 111.39,42440, Output: ['4']
  Running k=2,...
    Passes: 4, Time/Memory: 107.45,42520, Output: ['4']
  Running k=3,...
    Passes: 4, Time/Memory: 112.32,42548, Output: ['4']
  Running k=4,...
    Passes: 4, Time/Memory: 112.81,42208, Output: ['4']
  Running k=5,...
    Passes: 4, Time/Memory: 108.11,42408, Output: ['4']
  Running k=6,...
    Passes: 4, Time/Memory: 113.64,42384, Output: ['4']
  Running k=7,...
    Passes: 4, Time/Memory: 109.65,42368, Output: ['4']
  Running k=8,...
    Passes: 4, Time/Memory: 109.44,42240, Output: ['4']
  Running k=9,...
    Passes: 4, Time/Memory: 108.31,42244, Output: ['4']
  Running k=10,...
    Passes: 4, Time/Memory: 112.89,42364, Output: ['4']
  Running c=22,...
    Passes: 4, Time/Memory: 108.64,42348, Output: ['4']
Results for LMocha running klev0 saved to ./results/real/table_data

Running LMocha for variant 1...
  Running k=1,...
    Passes: 3, Time/Memory: 2.84,39768, Output: ['3']
  Running k=2,...
    Passes: 3, Time/Memory: 2.99,41420, Output: ['3']
  Running k=3,...
    Passes: 3, Time/Memory: 3.03,41368, Output: ['3']
  Running k=4,...
    Passes: 3, Time/Memory: 3.01,41368, Output: ['3']
  Running k=5,...
    Passes: 3, Time/Memory: 2.81,41364, Output: ['3']
  Running k=6,...
    Passes: 3, Time/Memory: 3.00,41248, Output: ['3']
  Running k=7,...
    Passes: 3, Time/Memory: 3.02,41392, Output: ['3']
  Running k=8,...
    Passes: 3, Time/Memory: 2.78,41424, Output: ['3']
  Running k=9,...
    Passes: 3, Time/Memory: 2.91,41440, Output: ['3']
  Running k=10,...
    Passes: 3, Time/Memory: 3.04,41404, Output: ['3']
  Running c=22,...
    Passes: 1, Time/Memory: 0.54,65356, Output: ['1']
Results for LMocha running klev1 saved to ./results/real/table_data

Running LMocha for variant 2...
  Running k=1,...
    Passes: 3, Time/Memory: 3.16,49636, Output: ['3']
  Running k=2,...
    Passes: 3, Time/Memory: 3.15,59224, Output: ['3']
  Running k=3,...
    Passes: 3, Time/Memory: 3.06,68824, Output: ['3']
  Running k=4,...
    Passes: 3, Time/Memory: 3.19,78580, Output: ['3']
  Running k=5,...
    Passes: 3, Time/Memory: 3.46,88336, Output: ['3']
  Running k=6,...
    Passes: 3, Time/Memory: 3.43,98200, Output: ['3']
  Running k=7,...
    Passes: 3, Time/Memory: 3.49,107600, Output: ['3']
  Running k=8,...
    Passes: 2, Time/Memory: 2.84,116436, Output: ['2']
  Running k=9,...
    Passes: 2, Time/Memory: 2.83,125784, Output: ['2']
  Running k=10,...
    Passes: 2, Time/Memory: 2.80,135668, Output: ['2']
  Running c=22,...
    Passes: 1, Time/Memory: 0.46,65308, Output: ['1']
Results for LMocha running klev2 saved to ./results/real/table_data

Running LMocha for variant N...
  Running k=1,...
    Passes: 3, Time/Memory: 2.84,48040, Output: ['3']
  Running k=2,...
    Passes: 3, Time/Memory: 3.25,57732, Output: ['3']
  Running k=3,...
    Passes: 3, Time/Memory: 3.29,67820, Output: ['3']
  Running k=4,...
    Passes: 3, Time/Memory: 3.29,77520, Output: ['3']
  Running k=5,...
    Passes: 3, Time/Memory: 3.13,87392, Output: ['3']
  Running k=6,...
    Passes: 3, Time/Memory: 3.38,97164, Output: ['3']
  Running k=7,...
    Passes: 2, Time/Memory: 2.84,106840, Output: ['2']
  Running k=8,...
    Passes: 2, Time/Memory: 2.82,116628, Output: ['2']
  Running k=9,...
    Passes: 2, Time/Memory: 2.74,126380, Output: ['2']
  Running k=10,...
    Passes: 2, Time/Memory: 2.83,135852, Output: ['2']
  Running c=22,...
    Passes: 1, Time/Memory: 0.57,65304, Output: ['1']
Results for LMocha running klevN saved to ./results/real/table_data

Running FlickrE for variant 0...
  Running k=1,...
    Passes: 5, Time/Memory: 199.93,45448, Output: ['5']
  Running k=2,...
    Passes: 5, Time/Memory: 202.24,45372, Output: ['5']
  Running k=3,...
    Passes: 5, Time/Memory: 200.39,45500, Output: ['5']
  Running k=4,...
    Passes: 5, Time/Memory: 192.55,45508, Output: ['5']
  Running k=5,...
    Passes: 5, Time/Memory: 200.40,45460, Output: ['5']
  Running k=6,...
    Passes: 5, Time/Memory: 190.42,45300, Output: ['5']
  Running k=7,...
    Passes: 5, Time/Memory: 204.47,45368, Output: ['5']
  Running k=8,...
    Passes: 5, Time/Memory: 190.78,45388, Output: ['5']
  Running k=9,...
    Passes: 5, Time/Memory: 204.37,45488, Output: ['5']
  Running k=10,...
    Passes: 5, Time/Memory: 191.72,45492, Output: ['5']
  Running c=22,...
    Passes: 5, Time/Memory: 201.85,45352, Output: ['5']
Results for FlickrE running klev0 saved to ./results/real/table_data

Running FlickrE for variant 1...
  Running k=1,...
    Passes: 4, Time/Memory: 6.21,43188, Output: ['4']
  Running k=2,...
    Passes: 4, Time/Memory: 4.84,45300, Output: ['4']
  Running k=3,...
    Passes: 4, Time/Memory: 4.94,44524, Output: ['4']
  Running k=4,...
    Passes: 4, Time/Memory: 4.43,43920, Output: ['4']
  Running k=5,...
    Passes: 4, Time/Memory: 4.85,44268, Output: ['4']
  Running k=6,...
    Passes: 4, Time/Memory: 4.59,44256, Output: ['4']
  Running k=7,...
    Passes: 4, Time/Memory: 5.03,45084, Output: ['4']
  Running k=8,...
    Passes: 4, Time/Memory: 4.28,44164, Output: ['4']
  Running k=9,...
    Passes: 4, Time/Memory: 4.75,44360, Output: ['4']
  Running k=10,...
    Passes: 4, Time/Memory: 4.28,44248, Output: ['4']
  Running c=22,...
    Passes: 1, Time/Memory: 0.60,67300, Output: ['1']
Results for FlickrE running klev1 saved to ./results/real/table_data

Running FlickrE for variant 2...
  Running k=1,...
    Passes: 4, Time/Memory: 5.06,54544, Output: ['4']
  Running k=2,...
    Passes: 3, Time/Memory: 6.69,64020, Output: ['3']
  Running k=3,...
    Passes: 4, Time/Memory: 5.00,73392, Output: ['4']
  Running k=4,...
    Passes: 3, Time/Memory: 5.77,80612, Output: ['3']
  Running k=5,...
    Passes: 3, Time/Memory: 4.36,91016, Output: ['3']
  Running k=6,...
    Passes: 3, Time/Memory: 5.24,100768, Output: ['3']
  Running k=7,...
    Passes: 3, Time/Memory: 5.30,111472, Output: ['3']
  Running k=8,...
    Passes: 3, Time/Memory: 6.14,121620, Output: ['3']
  Running k=9,...
    Passes: 3, Time/Memory: 6.75,131152, Output: ['3']
  Running k=10,...
    Passes: 3, Time/Memory: 5.86,139836, Output: ['3']
  Running c=22,...
    Passes: 1, Time/Memory: 0.59,67300, Output: ['1']
Results for FlickrE running klev2 saved to ./results/real/table_data

Running FlickrE for variant N...
  Running k=1,...
    Passes: 4, Time/Memory: 4.90,54584, Output: ['4']
  Running k=2,...
    Passes: 4, Time/Memory: 5.72,61984, Output: ['4']
  Running k=3,...
    Passes: 4, Time/Memory: 5.17,72876, Output: ['4']
  Running k=4,...
    Passes: 3, Time/Memory: 5.27,82000, Output: ['3']
  Running k=5,...
    Passes: 3, Time/Memory: 4.83,92500, Output: ['3']
  Running k=6,...
    Passes: 3, Time/Memory: 6.48,101712, Output: ['3']
  Running k=7,...
    Passes: 3, Time/Memory: 5.21,111928, Output: ['3']
  Running k=8,...
    Passes: 3, Time/Memory: 6.47,121592, Output: ['3']
  Running k=9,...
    Passes: 3, Time/Memory: 5.06,131732, Output: ['3']
  Running k=10,...
    Passes: 3, Time/Memory: 6.36,141684, Output: ['3']
  Running c=22,...
    Passes: 1, Time/Memory: 0.56,67284, Output: ['1']
Results for FlickrE running klevN saved to ./results/real/table_data

Running WordNet for variant 0...
  Running k=1,...
    Passes: 6, Time/Memory: 473.49,52036, Output: ['6']
  Running k=2,...
    Passes: 6, Time/Memory: 318.64,51960, Output: ['6']
  Running k=3,...
    Passes: 6, Time/Memory: 377.21,51972, Output: ['6']
  Running k=4,...
    Passes: 6, Time/Memory: 318.33,51956, Output: ['6']
  Running k=5,...
    Passes: 6, Time/Memory: 318.81,52000, Output: ['6']
  Running k=6,...
    Passes: 6, Time/Memory: 315.89,52000, Output: ['6']
  Running k=7,...
    Passes: 6, Time/Memory: 389.84,52052, Output: ['6']
  Running k=8,...
    Passes: 6, Time/Memory: 369.62,52052, Output: ['6']
  Running k=9,...
    Passes: 6, Time/Memory: 368.46,52108, Output: ['6']
  Running k=10,...
    Passes: 6, Time/Memory: 316.73,51996, Output: ['6']
  Running c=5,...
    Passes: 6, Time/Memory: 335.36,52148, Output: ['6']
Results for WordNet running klev0 saved to ./results/real/table_data

Running WordNet for variant 1...
  Running k=1,...
    Passes: 5, Time/Memory: 15.69,48356, Output: ['5']
  Running k=2,...
    Passes: 5, Time/Memory: 15.45,49540, Output: ['5']
  Running k=3,...
    Passes: 5, Time/Memory: 14.75,49420, Output: ['5']
  Running k=4,...
    Passes: 5, Time/Memory: 14.26,49568, Output: ['5']
  Running k=5,...
    Passes: 1, Time/Memory: 0.18,37704, Output: ['1']
  Running k=6,...
    Passes: 1, Time/Memory: 0.17,37632, Output: ['1']
  Running k=7,...
    Passes: 1, Time/Memory: 0.17,37524, Output: ['1']
  Running k=8,...
    Passes: 1, Time/Memory: 0.16,37500, Output: ['1']
  Running k=9,...
    Passes: 1, Time/Memory: 0.19,37564, Output: ['1']
  Running k=10,...
    Passes: 1, Time/Memory: 0.18,37688, Output: ['1']
  Running c=5,...
    Passes: 1, Time/Memory: 0.18,37672, Output: ['1']
Results for WordNet running klev1 saved to ./results/real/table_data

Running WordNet for variant 2...
  Running k=1,...
    Passes: 4, Time/Memory: 16.10,59648, Output: ['4']
  Running k=2,...
    Passes: 3, Time/Memory: 16.22,72044, Output: ['3']
  Running k=3,...
    Passes: 2, Time/Memory: 15.95,84460, Output: ['2']
  Running k=4,...
    Passes: 2, Time/Memory: 17.85,96560, Output: ['2']
  Running k=5,...
    Passes: 1, Time/Memory: 0.17,37708, Output: ['1']
  Running k=6,...
    Passes: 1, Time/Memory: 0.17,37668, Output: ['1']
  Running k=7,...
    Passes: 1, Time/Memory: 0.18,37648, Output: ['1']
  Running k=8,...
    Passes: 1, Time/Memory: 0.15,37628, Output: ['1']
  Running k=9,...
    Passes: 1, Time/Memory: 0.18,37528, Output: ['1']
  Running k=10,...
    Passes: 1, Time/Memory: 0.18,37684, Output: ['1']
  Running c=5,...
    Passes: 1, Time/Memory: 0.19,37700, Output: ['1']
Results for WordNet running klev2 saved to ./results/real/table_data

Running WordNet for variant N...
  Running k=1,...
    Passes: 4, Time/Memory: 14.81,59636, Output: ['4']
  Running k=2,...
    Passes: 3, Time/Memory: 16.82,72604, Output: ['3']
  Running k=3,...
    Passes: 2, Time/Memory: 16.68,83588, Output: ['2']
  Running k=4,...
    Passes: 2, Time/Memory: 18.89,95296, Output: ['2']
  Running k=5,...
    Passes: 1, Time/Memory: 0.18,37672, Output: ['1']
  Running k=6,...
    Passes: 1, Time/Memory: 0.19,37580, Output: ['1']
  Running k=7,...
    Passes: 1, Time/Memory: 0.18,37696, Output: ['1']
  Running k=8,...
    Passes: 1, Time/Memory: 0.17,37520, Output: ['1']
  Running k=9,...
    Passes: 1, Time/Memory: 0.19,37672, Output: ['1']
  Running k=10,...
    Passes: 1, Time/Memory: 0.18,37596, Output: ['1']
  Running c=5,...
    Passes: 1, Time/Memory: 0.17,37600, Output: ['1']
Results for WordNet running klevN saved to ./results/real/table_data

Running Douban for variant 0...
  Running k=1,...
    Passes: 4, Time/Memory: 264.64,53184, Output: ['4']
  Running k=2,...
    Passes: 4, Time/Memory: 261.88,53056, Output: ['4']
  Running k=3,...
    Passes: 4, Time/Memory: 271.84,53036, Output: ['4']
  Running k=4,...
    Passes: 4, Time/Memory: 259.47,52952, Output: ['4']
  Running k=5,...
    Passes: 4, Time/Memory: 260.63,53080, Output: ['4']
  Running k=6,...
    Passes: 4, Time/Memory: 269.39,52872, Output: ['4']
  Running k=7,...
    Passes: 4, Time/Memory: 265.04,53004, Output: ['4']
  Running k=8,...
    Passes: 4, Time/Memory: 272.76,53004, Output: ['4']
  Running k=9,...
    Passes: 4, Time/Memory: 268.12,53060, Output: ['4']
  Running k=10,...
    Passes: 4, Time/Memory: 268.61,52956, Output: ['4']
  Running c=3,...
    Passes: 4, Time/Memory: 277.34,53004, Output: ['4']
Results for Douban running klev0 saved to ./results/real/table_data

Running Douban for variant 1...
  Running k=1,...
    Passes: 3, Time/Memory: 0.53,49576, Output: ['3']
  Running k=2,...
    Passes: 3, Time/Memory: 0.54,49308, Output: ['3']
  Running k=3,...
    Passes: 1, Time/Memory: 0.09,31940, Output: ['1']
  Running k=4,...
    Passes: 1, Time/Memory: 0.09,31720, Output: ['1']
  Running k=5,...
    Passes: 1, Time/Memory: 0.09,31952, Output: ['1']
  Running k=6,...
    Passes: 1, Time/Memory: 0.10,31888, Output: ['1']
  Running k=7,...
    Passes: 1, Time/Memory: 0.09,31696, Output: ['1']
  Running k=8,...
    Passes: 1, Time/Memory: 0.10,31844, Output: ['1']
  Running k=9,...
    Passes: 1, Time/Memory: 0.07,31800, Output: ['1']
  Running k=10,...
    Passes: 1, Time/Memory: 0.09,31776, Output: ['1']
  Running c=3,...
    Passes: 1, Time/Memory: 0.09,31772, Output: ['1']
Results for Douban running klev1 saved to ./results/real/table_data

Running Douban for variant 2...
  Running k=1,...
    Passes: 2, Time/Memory: 0.54,60660, Output: ['2']
  Running k=2,...
    Passes: 2, Time/Memory: 0.53,73732, Output: ['2']
  Running k=3,...
    Passes: 1, Time/Memory: 0.10,31892, Output: ['1']
  Running k=4,...
    Passes: 1, Time/Memory: 0.09,31956, Output: ['1']
  Running k=5,...
    Passes: 1, Time/Memory: 0.10,31880, Output: ['1']
  Running k=6,...
    Passes: 1, Time/Memory: 0.09,31784, Output: ['1']
  Running k=7,...
    Passes: 1, Time/Memory: 0.09,31948, Output: ['1']
  Running k=8,...
    Passes: 1, Time/Memory: 0.10,31876, Output: ['1']
  Running k=9,...
    Passes: 1, Time/Memory: 0.08,31884, Output: ['1']
  Running k=10,...
    Passes: 1, Time/Memory: 0.10,31836, Output: ['1']
  Running c=3,...
    Passes: 1, Time/Memory: 0.10,31860, Output: ['1']
Results for Douban running klev2 saved to ./results/real/table_data

Running Douban for variant N...
  Running k=1,...
    Passes: 2, Time/Memory: 0.50,60212, Output: ['2']
  Running k=2,...
    Passes: 1, Time/Memory: 0.42,61372, Output: ['1']
  Running k=3,...
    Passes: 1, Time/Memory: 0.10,31784, Output: ['1']
  Running k=4,...
    Passes: 1, Time/Memory: 0.08,31852, Output: ['1']
  Running k=5,...
    Passes: 1, Time/Memory: 0.08,31852, Output: ['1']
  Running k=6,...
    Passes: 1, Time/Memory: 0.10,31776, Output: ['1']
  Running k=7,...
    Passes: 1, Time/Memory: 0.10,31868, Output: ['1']
  Running k=8,...
    Passes: 1, Time/Memory: 0.09,31772, Output: ['1']
  Running k=9,...
    Passes: 1, Time/Memory: 0.09,31924, Output: ['1']
  Running k=10,...
    Passes: 1, Time/Memory: 0.09,31772, Output: ['1']
  Running c=3,...
    Passes: 1, Time/Memory: 0.09,31920, Output: ['1']
Results for Douban running klevN saved to ./results/real/table_data

Running Twitch for variant 0...
  Running k=1,...
    Passes: 5, Time/Memory: 599.10,73020, Output: ['5']
  Running k=2,...
    Passes: 5, Time/Memory: 595.96,73140, Output: ['5']
  Running k=3,...
    Passes: 5, Time/Memory: 602.35,73140, Output: ['5']
  Running k=4,...
    Passes: 5, Time/Memory: 599.96,73048, Output: ['5']
  Running k=5,...
    Passes: 5, Time/Memory: 601.73,72724, Output: ['5']
  Running k=6,...
    Passes: 5, Time/Memory: 605.89,72992, Output: ['5']
  Running k=7,...
    Passes: 5, Time/Memory: 599.62,73036, Output: ['5']
  Running k=8,...
    Passes: 5, Time/Memory: 604.68,73120, Output: ['5']
  Running k=9,...
    Passes: 5, Time/Memory: 621.70,73140, Output: ['5']
  Running k=10,...
    Passes: 5, Time/Memory: 613.15,73100, Output: ['5']
  Running c=41,...
    Passes: 5, Time/Memory: 617.08,75496, Output: ['5']
Results for Twitch running klev0 saved to ./results/real/table_data

Running Twitch for variant 1...
  Running k=1,...
    Passes: 4, Time/Memory: 15.14,69004, Output: ['4']
  Running k=2,...
    Passes: 4, Time/Memory: 15.26,72604, Output: ['4']
  Running k=3,...
    Passes: 4, Time/Memory: 15.28,72492, Output: ['4']
  Running k=4,...
    Passes: 4, Time/Memory: 15.44,72704, Output: ['4']
  Running k=5,...
    Passes: 4, Time/Memory: 15.11,72780, Output: ['4']
  Running k=6,...
    Passes: 4, Time/Memory: 15.81,72760, Output: ['4']
  Running k=7,...
    Passes: 4, Time/Memory: 15.05,72672, Output: ['4']
  Running k=8,...
    Passes: 4, Time/Memory: 15.45,72780, Output: ['4']
