
Running Skitter for variant N...
  Running k=1,...
    Passes: 820, Time/Memory: 8915.12,797604, Output: ['820']
  Running k=2,...
    Passes: 7, Time/Memory: 2953.38,890180, Output: ['7']
  Running k=3,...
    Passes: 4, Time/Memory: 1874.53,1077836, Output: ['4']
  Running k=4,...
    Passes: 3, Time/Memory: 500.13,1171704, Output: ['3']
  Running k=5,...
    Passes: 3, Time/Memory: 916.64,1334536, Output: ['3']
  Running k=6,...
    Passes: 3, Time/Memory: 1734.76,1498952, Output: ['3']
  Running k=7,...
    Passes: 1, Time/Memory: 5.22,421860, Output: ['1']
  Running k=8,...
    Passes: 1, Time/Memory: 3.82,421764, Output: ['1']
  Running k=9,...
    Passes: 1, Time/Memory: 3.81,421788, Output: ['1']
  Running k=10,...
    Passes: 1, Time/Memory: 3.73,421764, Output: ['1']
  Running c=7,...
    Passes: 1, Time/Memory: 4.17,421820, Output: ['1']
Results for Skitter running kpathN saved to ./results/real/table_data
