
Running Belcastro for variant N...
  Running k=3,...
    Passes: 156, Time/Memory: 259.24,12008, Output: ['156']
  Running k=4,...
    Passes: 120, Time/Memory: 199.03,13428, Output: ['120']
  Running k=6,...
    Passes: 81, Time/Memory: 138.07,16156, Output: ['81']
  Running k=7,...
    Passes: 70, Time/Memory: 117.09,17084, Output: ['70']
  Running k=8,...
    Passes: 64, Time/Memory: 109.33,18416, Output: ['64']
  Running k=9,...
    Passes: 54, Time/Memory: 93.49,19980, Output: ['54']
Results for Belcastro running kpathN saved to ./results/real/sc_optimized_stats/Belcastro/kpath_run_20250203_025105

Running ArxAP for variant N...
  Running k=3,...
    Passes: 30, Time/Memory: 1.63,14120, Output: ['30']
  Running k=4,...
    Passes: 5, Time/Memory: 0.40,15732, Output: ['5']
  Running k=6,...
    Passes: 3, Time/Memory: 0.26,19352, Output: ['3']
  Running k=7,...
    Passes: 3, Time/Memory: 0.22,21276, Output: ['3']
  Running k=8,...
    Passes: 2, Time/Memory: 0.18,23240, Output: ['2']
  Running k=9,...
    Passes: 2, Time/Memory: 0.20,25096, Output: ['2']
Results for ArxAP running kpathN saved to ./results/real/sc_optimized_stats/ArxAP/kpath_run_20250203_030629

Running BrightK for variant N...
  Running k=3,...
    Passes: 3, Time/Memory: 1.16,36528, Output: ['3']
  Running k=4,...
    Passes: 1, Time/Memory: 0.06,14740, Output: ['1']
  Running k=6,...
    Passes: 1, Time/Memory: 0.06,14544, Output: ['1']
  Running k=7,...
    Passes: 1, Time/Memory: 0.06,14700, Output: ['1']
  Running k=8,...
    Passes: 1, Time/Memory: 0.05,14608, Output: ['1']
  Running k=9,...
    Passes: 1, Time/Memory: 0.06,14736, Output: ['1']
Results for BrightK running kpathN saved to ./results/real/sc_optimized_stats/BrightK/kpath_run_20250203_030632

Running Twitch for variant N...
  Running k=3,...
    Passes: 13, Time/Memory: 26.41,102664, Output: ['13']
  Running k=4,...
    Passes: 13, Time/Memory: 33.11,120828, Output: ['13']
  Running k=6,...
    Passes: 7, Time/Memory: 17.65,155520, Output: ['7']
  Running k=7,...
    Passes: 7, Time/Memory: 16.79,169740, Output: ['7']
  Running k=8,...
    Passes: 7, Time/Memory: 20.16,180944, Output: ['7']
  Running k=9,...
    Passes: 5, Time/Memory: 20.86,197880, Output: ['5']
Results for Twitch running kpathN saved to ./results/real/sc_optimized_stats/Twitch/kpath_run_20250203_030633

Running Gowalla for variant N...
  Running k=3,...
    Passes: 4, Time/Memory: 20.70,115952, Output: ['4']
  Running k=4,...
    Passes: 2, Time/Memory: 9.72,141080, Output: ['2']
  Running k=6,...
    Passes: 1, Time/Memory: 0.29,49436, Output: ['1']
  Running k=7,...
    Passes: 1, Time/Memory: 0.26,49328, Output: ['1']
  Running k=8,...
    Passes: 1, Time/Memory: 0.27,49252, Output: ['1']
  Running k=9,...
    Passes: 1, Time/Memory: 0.29,49372, Output: ['1']
Results for Gowalla running kpathN saved to ./results/real/sc_optimized_stats/Gowalla/kpath_run_20250203_030849

Running Amazon for variant N...
  Running k=3,...
    Passes: 1, Time/Memory: 0.36,66452, Output: ['1']
  Running k=4,...
    Passes: 1, Time/Memory: 0.35,66344, Output: ['1']
  Running k=6,...
    Passes: 1, Time/Memory: 0.34,66360, Output: ['1']
  Running k=7,...
    Passes: 1, Time/Memory: 0.34,66532, Output: ['1']
  Running k=8,...
    Passes: 1, Time/Memory: 0.36,66432, Output: ['1']
  Running k=9,...
    Passes: 1, Time/Memory: 0.32,66408, Output: ['1']
Results for Amazon running kpathN saved to ./results/real/sc_optimized_stats/Amazon/kpath_run_20250203_030921
