Iteration 1/10 for Graph Orkut running kpathN with k=39...
    Passes: 1, Time/Memory: 55.49,3052288, Output: ['1']
Iteration 2/10 for Graph Orkut running kpathN with k=39...
    Passes: 1, Time/Memory: 55.83,3053432, Output: ['1']
Iteration 3/10 for Graph Orkut running kpathN with k=39...
    Passes: 1, Time/Memory: 55.33,3052328, Output: ['1']
Iteration 4/10 for Graph Orkut running kpathN with k=39...
    Passes: 1, Time/Memory: 56.84,3053352, Output: ['1']
Iteration 5/10 for Graph Orkut running kpathN with k=39...
    Passes: 1, Time/Memory: 55.62,3053280, Output: ['1']
Iteration 6/10 for Graph Orkut running kpathN with k=39...
    Passes: 1, Time/Memory: 56.16,3053392, Output: ['1']
Iteration 7/10 for Graph Orkut running kpathN with k=39...
    Passes: 1, Time/Memory: 57.95,3052252, Output: ['1']
Iteration 8/10 for Graph Orkut running kpathN with k=39...
    Passes: 1, Time/Memory: 57.65,3053432, Output: ['1']
Iteration 9/10 for Graph Orkut running kpathN with k=39...
    Passes: 1, Time/Memory: 55.64,3053336, Output: ['1']
Iteration 10/10 for Graph Orkut running kpathN with k=39...
    Passes: 1, Time/Memory: 55.54,3053448, Output: ['1']
Results for Orkut running kpathN saved to ./results/real/average_concurrent_runs
Iteration 1/10 for Graph Orkut running kpath2 with k=39...
    Passes: 1, Time/Memory: 55.47,3053380, Output: ['1']
Iteration 2/10 for Graph Orkut running kpath2 with k=39...
    Passes: 1, Time/Memory: 55.95,3053388, Output: ['1']
Iteration 3/10 for Graph Orkut running kpath2 with k=39...
    Passes: 1, Time/Memory: 55.05,3053292, Output: ['1']
Iteration 4/10 for Graph Orkut running kpath2 with k=39...
    Passes: 1, Time/Memory: 55.15,3053344, Output: ['1']
Iteration 5/10 for Graph Orkut running kpath2 with k=39...
    Passes: 1, Time/Memory: 55.07,3053436, Output: ['1']
Iteration 6/10 for Graph Orkut running kpath2 with k=39...
    Passes: 1, Time/Memory: 55.14,3053436, Output: ['1']
Iteration 7/10 for Graph Orkut running kpath2 with k=39...
    Passes: 1, Time/Memory: 56.29,3053360, Output: ['1']
Iteration 8/10 for Graph Orkut running kpath2 with k=39...
    Passes: 1, Time/Memory: 56.06,3052492, Output: ['1']
Iteration 9/10 for Graph Orkut running kpath2 with k=39...
    Passes: 1, Time/Memory: 56.07,3053360, Output: ['1']
Iteration 10/10 for Graph Orkut running kpath2 with k=39...
    Passes: 1, Time/Memory: 55.60,3052308, Output: ['1']
Results for Orkut running kpath2 saved to ./results/real/average_concurrent_runs
Iteration 1/10 for Graph Orkut running kpath1 with k=39...
    Passes: 1, Time/Memory: 55.53,3053296, Output: ['1']
Iteration 2/10 for Graph Orkut running kpath1 with k=39...
    Passes: 1, Time/Memory: 60.59,3052432, Output: ['1']
Iteration 3/10 for Graph Orkut running kpath1 with k=39...
    Passes: 1, Time/Memory: 56.13,3053388, Output: ['1']
Iteration 4/10 for Graph Orkut running kpath1 with k=39...
    Passes: 1, Time/Memory: 55.47,3053436, Output: ['1']
Iteration 5/10 for Graph Orkut running kpath1 with k=39...
    Passes: 1, Time/Memory: 55.98,3053320, Output: ['1']
Iteration 6/10 for Graph Orkut running kpath1 with k=39...
    Passes: 1, Time/Memory: 55.67,3053336, Output: ['1']
Iteration 7/10 for Graph Orkut running kpath1 with k=39...
    Passes: 1, Time/Memory: 56.04,3053436, Output: ['1']
Iteration 8/10 for Graph Orkut running kpath1 with k=39...
    Passes: 1, Time/Memory: 55.75,3053272, Output: ['1']
Iteration 9/10 for Graph Orkut running kpath1 with k=39...
    Passes: 1, Time/Memory: 55.92,3052372, Output: ['1']
Iteration 10/10 for Graph Orkut running kpath1 with k=39...
    Passes: 1, Time/Memory: 55.48,3051428, Output: ['1']
Results for Orkut running kpath1 saved to ./results/real/average_concurrent_runs
