
Running CU for variant 0...
  Running k=1,...
    Passes: 5, Time/Memory: 0.00,3664, Output: ['5']
  Running k=2,...
    Passes: 4, Time/Memory: 0.00,3664, Output: ['4']
  Running k=3,...
    Passes: 3, Time/Memory: 0.00,3856, Output: ['3']
  Running k=4,...
    Passes: 2, Time/Memory: 0.00,3784, Output: ['2']
  Running k=5,...
    Passes: 2, Time/Memory: 0.00,3680, Output: ['2']
  Running k=6,...
    Passes: 2, Time/Memory: 0.00,3796, Output: ['2']
  Running k=7,...
    Passes: 2, Time/Memory: 0.00,3856, Output: ['2']
  Running k=8,...
    Passes: 2, Time/Memory: 0.00,3680, Output: ['2']
  Running k=9,...
    Passes: 2, Time/Memory: 0.00,3856, Output: ['2']
  Running k=10,...
    Passes: 2, Time/Memory: 0.00,3640, Output: ['2']
  Running c=3,...
    Passes: 3, Time/Memory: 0.00,3864, Output: ['3']
Results for CU running kpath0 saved to ./results/real/table_data

Running CU for variant 1...
  Running k=1,...
    Passes: 6, Time/Memory: 0.00,3684, Output: ['6']
  Running k=2,...
    Passes: 5, Time/Memory: 0.00,3784, Output: ['5']
  Running k=3,...
    Passes: 1, Time/Memory: 0.00,3584, Output: ['1']
  Running k=4,...
    Passes: 1, Time/Memory: 0.00,3644, Output: ['1']
  Running k=5,...
    Passes: 1, Time/Memory: 0.00,3660, Output: ['1']
  Running k=6,...
    Passes: 1, Time/Memory: 0.00,3796, Output: ['1']
  Running k=7,...
    Passes: 1, Time/Memory: 0.00,3780, Output: ['1']
  Running k=8,...
    Passes: 1, Time/Memory: 0.00,3624, Output: ['1']
  Running k=9,...
    Passes: 1, Time/Memory: 0.00,3588, Output: ['1']
  Running k=10,...
    Passes: 1, Time/Memory: 0.00,3580, Output: ['1']
  Running c=3,...
    Passes: 1, Time/Memory: 0.00,3628, Output: ['1']
Results for CU running kpath1 saved to ./results/real/table_data

Running CU for variant 2...
  Running k=1,...
    Passes: 5, Time/Memory: 0.00,3668, Output: ['5']
  Running k=2,...
    Passes: 2, Time/Memory: 0.00,3672, Output: ['2']
  Running k=3,...
    Passes: 1, Time/Memory: 0.00,3596, Output: ['1']
  Running k=4,...
    Passes: 1, Time/Memory: 0.00,3824, Output: ['1']
  Running k=5,...
    Passes: 1, Time/Memory: 0.00,3772, Output: ['1']
  Running k=6,...
    Passes: 1, Time/Memory: 0.00,3588, Output: ['1']
  Running k=7,...
    Passes: 1, Time/Memory: 0.00,3580, Output: ['1']
  Running k=8,...
    Passes: 1, Time/Memory: 0.00,3656, Output: ['1']
  Running k=9,...
    Passes: 1, Time/Memory: 0.00,3764, Output: ['1']
  Running k=10,...
    Passes: 1, Time/Memory: 0.00,3608, Output: ['1']
  Running c=3,...
    Passes: 1, Time/Memory: 0.00,3588, Output: ['1']
Results for CU running kpath2 saved to ./results/real/table_data

Running CU for variant N...
  Running k=1,...
    Passes: 5, Time/Memory: 0.00,3680, Output: ['5']
  Running k=2,...
    Passes: 2, Time/Memory: 0.00,3636, Output: ['2']
  Running k=3,...
    Passes: 1, Time/Memory: 0.00,3672, Output: ['1']
  Running k=4,...
    Passes: 1, Time/Memory: 0.00,3760, Output: ['1']
  Running k=5,...
    Passes: 1, Time/Memory: 0.00,3596, Output: ['1']
  Running k=6,...
    Passes: 1, Time/Memory: 0.00,3596, Output: ['1']
  Running k=7,...
    Passes: 1, Time/Memory: 0.00,3592, Output: ['1']
  Running k=8,...
    Passes: 1, Time/Memory: 0.00,3592, Output: ['1']
  Running k=9,...
    Passes: 1, Time/Memory: 0.00,3588, Output: ['1']
  Running k=10,...
    Passes: 1, Time/Memory: 0.00,3688, Output: ['1']
  Running c=3,...
    Passes: 1, Time/Memory: 0.00,3620, Output: ['1']
Results for CU running kpathN saved to ./results/real/table_data

Running AJazz for variant 0...
  Running k=1,...
    Passes: 19, Time/Memory: 0.01,3728, Output: ['19']
  Running k=2,...
    Passes: 16, Time/Memory: 0.01,3796, Output: ['16']
  Running k=3,...
    Passes: 10, Time/Memory: 0.01,3892, Output: ['10']
  Running k=4,...
    Passes: 7, Time/Memory: 0.00,3828, Output: ['7']
  Running k=5,...
    Passes: 5, Time/Memory: 0.00,3864, Output: ['5']
  Running k=6,...
    Passes: 5, Time/Memory: 0.00,3820, Output: ['5']
  Running k=7,...
    Passes: 4, Time/Memory: 0.00,3832, Output: ['4']
  Running k=8,...
    Passes: 3, Time/Memory: 0.00,3924, Output: ['3']
  Running k=9,...
    Passes: 3, Time/Memory: 0.00,3868, Output: ['3']
  Running k=10,...
    Passes: 3, Time/Memory: 0.00,3892, Output: ['3']
  Running c=14,...
    Passes: 3, Time/Memory: 0.00,4088, Output: ['3']
Results for AJazz running kpath0 saved to ./results/real/table_data

Running AJazz for variant 1...
  Running k=1,...
    Passes: 21, Time/Memory: 0.01,3908, Output: ['21']
  Running k=2,...
    Passes: 16, Time/Memory: 0.01,3932, Output: ['16']
  Running k=3,...
    Passes: 9, Time/Memory: 0.01,3924, Output: ['9']
  Running k=4,...
    Passes: 7, Time/Memory: 0.00,3948, Output: ['7']
  Running k=5,...
    Passes: 5, Time/Memory: 0.00,3800, Output: ['5']
  Running k=6,...
    Passes: 4, Time/Memory: 0.00,3996, Output: ['4']
  Running k=7,...
    Passes: 3, Time/Memory: 0.00,3828, Output: ['3']
  Running k=8,...
    Passes: 3, Time/Memory: 0.00,3924, Output: ['3']
  Running k=9,...
    Passes: 2, Time/Memory: 0.00,3868, Output: ['2']
  Running k=10,...
    Passes: 2, Time/Memory: 0.00,3968, Output: ['2']
  Running c=14,...
    Passes: 1, Time/Memory: 0.00,3860, Output: ['1']
Results for AJazz running kpath1 saved to ./results/real/table_data

Running AJazz for variant 2...
  Running k=1,...
    Passes: 17, Time/Memory: 0.00,3912, Output: ['17']
  Running k=2,...
    Passes: 10, Time/Memory: 0.01,3816, Output: ['10']
  Running k=3,...
    Passes: 7, Time/Memory: 0.00,3952, Output: ['7']
  Running k=4,...
    Passes: 5, Time/Memory: 0.00,3976, Output: ['5']
  Running k=5,...
    Passes: 4, Time/Memory: 0.00,3796, Output: ['4']
  Running k=6,...
    Passes: 3, Time/Memory: 0.00,3816, Output: ['3']
  Running k=7,...
    Passes: 3, Time/Memory: 0.00,3852, Output: ['3']
  Running k=8,...
    Passes: 2, Time/Memory: 0.00,3892, Output: ['2']
  Running k=9,...
    Passes: 2, Time/Memory: 0.00,4044, Output: ['2']
  Running k=10,...
    Passes: 2, Time/Memory: 0.00,4084, Output: ['2']
  Running c=14,...
    Passes: 1, Time/Memory: 0.00,3732, Output: ['1']
Results for AJazz running kpath2 saved to ./results/real/table_data

Running AJazz for variant N...
  Running k=1,...
    Passes: 15, Time/Memory: 0.01,3912, Output: ['15']
  Running k=2,...
    Passes: 9, Time/Memory: 0.00,3740, Output: ['9']
  Running k=3,...
    Passes: 4, Time/Memory: 0.00,3940, Output: ['4']
  Running k=4,...
    Passes: 4, Time/Memory: 0.00,3912, Output: ['4']
  Running k=5,...
    Passes: 3, Time/Memory: 0.00,3840, Output: ['3']
  Running k=6,...
    Passes: 3, Time/Memory: 0.00,3796, Output: ['3']
  Running k=7,...
    Passes: 2, Time/Memory: 0.00,4028, Output: ['2']
  Running k=8,...
    Passes: 2, Time/Memory: 0.00,3852, Output: ['2']
  Running k=9,...
    Passes: 2, Time/Memory: 0.00,3984, Output: ['2']
  Running k=10,...
    Passes: 2, Time/Memory: 0.00,3892, Output: ['2']
  Running c=14,...
    Passes: 1, Time/Memory: 0.00,3732, Output: ['1']
Results for AJazz running kpathN saved to ./results/real/table_data

Running HM for variant 0...
  Running k=1,...
    Passes: 47, Time/Memory: 0.17,4572, Output: ['47']
  Running k=2,...
    Passes: 13, Time/Memory: 0.05,4900, Output: ['13']
  Running k=3,...
    Passes: 8, Time/Memory: 0.04,4904, Output: ['8']
  Running k=4,...
    Passes: 5, Time/Memory: 0.02,5284, Output: ['5']
  Running k=5,...
    Passes: 5, Time/Memory: 0.02,5316, Output: ['5']
  Running k=6,...
    Passes: 4, Time/Memory: 0.02,5704, Output: ['4']
  Running k=7,...
    Passes: 4, Time/Memory: 0.02,5828, Output: ['4']
  Running k=8,...
    Passes: 4, Time/Memory: 0.01,6028, Output: ['4']
  Running k=9,...
    Passes: 3, Time/Memory: 0.02,6172, Output: ['3']
  Running k=10,...
    Passes: 2, Time/Memory: 0.01,6040, Output: ['2']
  Running c=7,...
    Passes: 4, Time/Memory: 0.02,5840, Output: ['4']
Results for HM running kpath0 saved to ./results/real/table_data

Running HM for variant 1...
  Running k=1,...
    Passes: 43, Time/Memory: 0.16,4584, Output: ['43']
  Running k=2,...
    Passes: 14, Time/Memory: 0.05,4840, Output: ['14']
  Running k=3,...
    Passes: 7, Time/Memory: 0.03,5012, Output: ['7']
  Running k=4,...
    Passes: 4, Time/Memory: 0.02,5204, Output: ['4']
  Running k=5,...
    Passes: 4, Time/Memory: 0.02,5520, Output: ['4']
  Running k=6,...
    Passes: 3, Time/Memory: 0.01,5776, Output: ['3']
  Running k=7,...
    Passes: 1, Time/Memory: 0.00,4248, Output: ['1']
  Running k=8,...
    Passes: 1, Time/Memory: 0.00,4248, Output: ['1']
  Running k=9,...
    Passes: 1, Time/Memory: 0.00,4308, Output: ['1']
  Running k=10,...
    Passes: 1, Time/Memory: 0.00,4320, Output: ['1']
  Running c=7,...
    Passes: 1, Time/Memory: 0.00,4272, Output: ['1']
Results for HM running kpath1 saved to ./results/real/table_data

Running HM for variant 2...
  Running k=1,...
    Passes: 33, Time/Memory: 0.14,4824, Output: ['33']
  Running k=2,...
    Passes: 8, Time/Memory: 0.03,4932, Output: ['8']
  Running k=3,...
    Passes: 4, Time/Memory: 0.02,5060, Output: ['4']
  Running k=4,...
    Passes: 3, Time/Memory: 0.01,5392, Output: ['3']
  Running k=5,...
    Passes: 3, Time/Memory: 0.02,5632, Output: ['3']
  Running k=6,...
    Passes: 3, Time/Memory: 0.02,5772, Output: ['3']
  Running k=7,...
    Passes: 1, Time/Memory: 0.00,4444, Output: ['1']
  Running k=8,...
    Passes: 1, Time/Memory: 0.00,4252, Output: ['1']
  Running k=9,...
    Passes: 1, Time/Memory: 0.00,4224, Output: ['1']
  Running k=10,...
    Passes: 1, Time/Memory: 0.00,4252, Output: ['1']
  Running c=7,...
    Passes: 1, Time/Memory: 0.00,4444, Output: ['1']
Results for HM running kpath2 saved to ./results/real/table_data

Running HM for variant N...
  Running k=1,...
    Passes: 12, Time/Memory: 0.05,4668, Output: ['12']
  Running k=2,...
    Passes: 4, Time/Memory: 0.02,4800, Output: ['4']
  Running k=3,...
    Passes: 3, Time/Memory: 0.01,5212, Output: ['3']
  Running k=4,...
    Passes: 3, Time/Memory: 0.02,5404, Output: ['3']
  Running k=5,...
    Passes: 3, Time/Memory: 0.01,5656, Output: ['3']
  Running k=6,...
    Passes: 2, Time/Memory: 0.01,5852, Output: ['2']
  Running k=7,...
    Passes: 1, Time/Memory: 0.00,4312, Output: ['1']
  Running k=8,...
    Passes: 1, Time/Memory: 0.00,4248, Output: ['1']
  Running k=9,...
    Passes: 1, Time/Memory: 0.00,4244, Output: ['1']
  Running k=10,...
    Passes: 1, Time/Memory: 0.00,4376, Output: ['1']
  Running c=7,...
    Passes: 1, Time/Memory: 0.00,4368, Output: ['1']
Results for HM running kpathN saved to ./results/real/table_data

Running Belcastro for variant 0...
  Running k=1,...
    Passes: 870, Time/Memory: 1422.58,9036, Output: ['870']
  Running k=2,...
    Passes: 430, Time/Memory: 722.39,10464, Output: ['430']
  Running k=3,...
    Passes: 277, Time/Memory: 533.63,11540, Output: ['277']
  Running k=4,...
    Passes: 207, Time/Memory: 381.22,12832, Output: ['207']
  Running k=5,...
    Passes: 172, Time/Memory: 320.26,14060, Output: ['172']
  Running k=6,...
    Passes: 142, Time/Memory: 236.24,15300, Output: ['142']
  Running k=7,...
    Passes: 128, Time/Memory: 253.82,16692, Output: ['128']
  Running k=8,...
    Passes: 114, Time/Memory: 220.44,18016, Output: ['114']
  Running k=9,...
    Passes: 102, Time/Memory: 162.82,19344, Output: ['102']
  Running k=10,...
    Passes: 95, Time/Memory: 155.54,20616, Output: ['95']
  Running c=644,...
    Passes: 3, Time/Memory: 7.94,855144, Output: ['3']
Results for Belcastro running kpath0 saved to ./results/real/table_data

Running Belcastro for variant 1...
  Running k=1,...
    Passes: 877, Time/Memory: 1621.90,9024, Output: ['877']
  Running k=2,...
    Passes: 424, Time/Memory: 696.50,10320, Output: ['424']
  Running k=3,...
    Passes: 282, Time/Memory: 472.03,11360, Output: ['282']
  Running k=4,...
    Passes: 212, Time/Memory: 352.52,12604, Output: ['212']
  Running k=5,...
    Passes: 173, Time/Memory: 327.97,14064, Output: ['173']
  Running k=6,...
    Passes: 148, Time/Memory: 298.98,15460, Output: ['148']
  Running k=7,...
    Passes: 129, Time/Memory: 216.19,16696, Output: ['129']
  Running k=8,...
    Passes: 114, Time/Memory: 196.02,17992, Output: ['114']
  Running k=9,...
    Passes: 104, Time/Memory: 209.41,19240, Output: ['104']
  Running k=10,...
    Passes: 91, Time/Memory: 150.76,20528, Output: ['91']
  Running c=644,...
    Passes: 1, Time/Memory: 1.73,195560, Output: ['1']
Results for Belcastro running kpath1 saved to ./results/real/table_data

Running Belcastro for variant 2...
  Running k=1,...
    Passes: 770, Time/Memory: 1242.02,9460, Output: ['770']
  Running k=2,...
    Passes: 284, Time/Memory: 450.13,10620, Output: ['284']
  Running k=3,...
    Passes: 194, Time/Memory: 309.83,11472, Output: ['194']
  Running k=4,...
    Passes: 155, Time/Memory: 307.45,12612, Output: ['155']
  Running k=5,...
    Passes: 128, Time/Memory: 224.33,13872, Output: ['128']
  Running k=6,...
    Passes: 112, Time/Memory: 189.99,15248, Output: ['112']
  Running k=7,...
    Passes: 102, Time/Memory: 166.24,16680, Output: ['102']
  Running k=8,...
    Passes: 91, Time/Memory: 153.49,17872, Output: ['91']
  Running k=9,...
    Passes: 83, Time/Memory: 132.83,19192, Output: ['83']
  Running k=10,...
    Passes: 77, Time/Memory: 125.57,20528, Output: ['77']
  Running c=644,...
    Passes: 1, Time/Memory: 2.02,195540, Output: ['1']
Results for Belcastro running kpath2 saved to ./results/real/table_data

Running Belcastro for variant N...
  Running k=1,...
    Passes: 627, Time/Memory: 994.58,9568, Output: ['627']
  Running k=2,...
    Passes: 246, Time/Memory: 407.39,10812, Output: ['246']
  Running k=3,...
    Passes: 156, Time/Memory: 312.60,12140, Output: ['156']
  Running k=4,...
    Passes: 120, Time/Memory: 226.30,13432, Output: ['120']
  Running k=5,...
    Passes: 88, Time/Memory: 138.65,14748, Output: ['88']
  Running k=6,...
    Passes: 81, Time/Memory: 134.28,16132, Output: ['81']
  Running k=7,...
    Passes: 70, Time/Memory: 135.09,17000, Output: ['70']
  Running k=8,...
    Passes: 64, Time/Memory: 107.52,18632, Output: ['64']
  Running k=9,...
    Passes: 54, Time/Memory: 87.73,19832, Output: ['54']
  Running k=10,...
    Passes: 48, Time/Memory: 79.73,20976, Output: ['48']
  Running c=644,...
    Passes: 1, Time/Memory: 1.65,195392, Output: ['1']
Results for Belcastro running kpathN saved to ./results/real/table_data

Running ArxAP for variant 0...
  Running k=1,...
    Passes: 231, Time/Memory: 9.01,10992, Output: ['231']
  Running k=2,...
    Passes: 33, Time/Memory: 1.49,12072, Output: ['33']
  Running k=3,...
    Passes: 17, Time/Memory: 0.95,13928, Output: ['17']
  Running k=4,...
    Passes: 12, Time/Memory: 0.68,15480, Output: ['12']
  Running k=5,...
    Passes: 10, Time/Memory: 0.61,17316, Output: ['10']
  Running k=6,...
    Passes: 6, Time/Memory: 0.38,18840, Output: ['6']
  Running k=7,...
    Passes: 7, Time/Memory: 0.48,20828, Output: ['7']
  Running k=8,...
    Passes: 3, Time/Memory: 0.21,22624, Output: ['3']
  Running k=9,...
    Passes: 3, Time/Memory: 0.23,24308, Output: ['3']
  Running k=10,...
    Passes: 3, Time/Memory: 0.23,26248, Output: ['3']
  Running c=11,...
    Passes: 4, Time/Memory: 0.33,27884, Output: ['4']
Results for ArxAP running kpath0 saved to ./results/real/table_data

Running ArxAP for variant 1...
  Running k=1,...
    Passes: 221, Time/Memory: 10.25,10720, Output: ['221']
  Running k=2,...
    Passes: 35, Time/Memory: 1.81,12348, Output: ['35']
  Running k=3,...
    Passes: 19, Time/Memory: 1.02,14148, Output: ['19']
  Running k=4,...
    Passes: 12, Time/Memory: 0.61,15736, Output: ['12']
  Running k=5,...
    Passes: 9, Time/Memory: 0.53,17688, Output: ['9']
  Running k=6,...
    Passes: 4, Time/Memory: 0.27,19452, Output: ['4']
  Running k=7,...
    Passes: 6, Time/Memory: 0.34,21404, Output: ['6']
  Running k=8,...
    Passes: 3, Time/Memory: 0.18,23656, Output: ['3']
  Running k=9,...
    Passes: 3, Time/Memory: 0.20,25348, Output: ['3']
  Running k=10,...
    Passes: 2, Time/Memory: 0.19,26868, Output: ['2']
  Running c=11,...
    Passes: 1, Time/Memory: 0.05,10212, Output: ['1']
Results for ArxAP running kpath1 saved to ./results/real/table_data

Running ArxAP for variant 2...
  Running k=1,...
    Passes: 190, Time/Memory: 10.30,11752, Output: ['190']
  Running k=2,...
    Passes: 19, Time/Memory: 0.86,12496, Output: ['19']
  Running k=3,...
    Passes: 13, Time/Memory: 0.78,13952, Output: ['13']
  Running k=4,...
    Passes: 8, Time/Memory: 0.46,15780, Output: ['8']
  Running k=5,...
    Passes: 4, Time/Memory: 0.29,17684, Output: ['4']
  Running k=6,...
    Passes: 8, Time/Memory: 0.49,19372, Output: ['8']
  Running k=7,...
    Passes: 3, Time/Memory: 0.20,21276, Output: ['3']
  Running k=8,...
    Passes: 3, Time/Memory: 0.22,23224, Output: ['3']
  Running k=9,...
    Passes: 2, Time/Memory: 0.20,25016, Output: ['2']
  Running k=10,...
    Passes: 2, Time/Memory: 0.20,26900, Output: ['2']
  Running c=11,...
    Passes: 1, Time/Memory: 0.05,10144, Output: ['1']
Results for ArxAP running kpath2 saved to ./results/real/table_data

Running ArxAP for variant N...
  Running k=1,...
    Passes: 70, Time/Memory: 3.43,11656, Output: ['70']
  Running k=2,...
    Passes: 20, Time/Memory: 1.09,12428, Output: ['20']
  Running k=3,...
    Passes: 30, Time/Memory: 1.48,14232, Output: ['30']
  Running k=4,...
    Passes: 5, Time/Memory: 0.37,15780, Output: ['5']
  Running k=5,...
    Passes: 4, Time/Memory: 0.24,17664, Output: ['4']
  Running k=6,...
    Passes: 3, Time/Memory: 0.29,19544, Output: ['3']
  Running k=7,...
    Passes: 3, Time/Memory: 0.17,21304, Output: ['3']
  Running k=8,...
    Passes: 2, Time/Memory: 0.17,23040, Output: ['2']
  Running k=9,...
    Passes: 2, Time/Memory: 0.16,24980, Output: ['2']
  Running k=10,...
    Passes: 2, Time/Memory: 0.21,26920, Output: ['2']
  Running c=11,...
    Passes: 1, Time/Memory: 0.05,10128, Output: ['1']
Results for ArxAP running kpathN saved to ./results/real/table_data

Running AsCaida for variant 0...
  Running k=1,...
    Passes: 43, Time/Memory: 1.46,13584, Output: ['43']
  Running k=2,...
    Passes: 8, Time/Memory: 0.88,15996, Output: ['8']
  Running k=3,...
    Passes: 3, Time/Memory: 0.77,18684, Output: ['3']
  Running k=4,...
    Passes: 2, Time/Memory: 0.04,18232, Output: ['2']
  Running k=5,...
    Passes: 2, Time/Memory: 0.04,18372, Output: ['2']
  Running k=6,...
    Passes: 2, Time/Memory: 0.04,18472, Output: ['2']
  Running k=7,...
    Passes: 2, Time/Memory: 0.04,18320, Output: ['2']
  Running k=8,...
    Passes: 2, Time/Memory: 0.03,18288, Output: ['2']
  Running k=9,...
    Passes: 2, Time/Memory: 0.04,18420, Output: ['2']
  Running k=10,...
    Passes: 2, Time/Memory: 0.04,18488, Output: ['2']
  Running c=3,...
    Passes: 3, Time/Memory: 0.76,18572, Output: ['3']
Results for AsCaida running kpath0 saved to ./results/real/table_data

Running AsCaida for variant 1...
  Running k=1,...
    Passes: 38, Time/Memory: 1.44,13572, Output: ['38']
  Running k=2,...
    Passes: 9, Time/Memory: 1.01,15916, Output: ['9']
  Running k=3,...
    Passes: 1, Time/Memory: 0.01,8180, Output: ['1']
  Running k=4,...
    Passes: 1, Time/Memory: 0.02,7908, Output: ['1']
  Running k=5,...
    Passes: 1, Time/Memory: 0.01,8104, Output: ['1']
  Running k=6,...
    Passes: 1, Time/Memory: 0.02,8164, Output: ['1']
  Running k=7,...
    Passes: 1, Time/Memory: 0.02,8096, Output: ['1']
  Running k=8,...
    Passes: 1, Time/Memory: 0.02,8016, Output: ['1']
  Running k=9,...
    Passes: 1, Time/Memory: 0.01,8012, Output: ['1']
  Running k=10,...
    Passes: 1, Time/Memory: 0.02,8076, Output: ['1']
  Running c=3,...
    Passes: 1, Time/Memory: 0.01,8184, Output: ['1']
Results for AsCaida running kpath1 saved to ./results/real/table_data

Running AsCaida for variant 2...
  Running k=1,...
    Passes: 37, Time/Memory: 1.29,14972, Output: ['37']
  Running k=2,...
    Passes: 2, Time/Memory: 0.40,15816, Output: ['2']
  Running k=3,...
    Passes: 1, Time/Memory: 0.02,8016, Output: ['1']
  Running k=4,...
    Passes: 1, Time/Memory: 0.02,8080, Output: ['1']
  Running k=5,...
    Passes: 1, Time/Memory: 0.02,8080, Output: ['1']
  Running k=6,...
    Passes: 1, Time/Memory: 0.01,8016, Output: ['1']
  Running k=7,...
    Passes: 1, Time/Memory: 0.02,8016, Output: ['1']
  Running k=8,...
    Passes: 1, Time/Memory: 0.01,8068, Output: ['1']
  Running k=9,...
    Passes: 1, Time/Memory: 0.02,8096, Output: ['1']
  Running k=10,...
    Passes: 1, Time/Memory: 0.01,8076, Output: ['1']
  Running c=3,...
    Passes: 1, Time/Memory: 0.01,8132, Output: ['1']
Results for AsCaida running kpath2 saved to ./results/real/table_data

Running AsCaida for variant N...
  Running k=1,...
    Passes: 9, Time/Memory: 0.85,14168, Output: ['9']
  Running k=2,...
    Passes: 2, Time/Memory: 0.36,15780, Output: ['2']
  Running k=3,...
    Passes: 1, Time/Memory: 0.01,8028, Output: ['1']
  Running k=4,...
    Passes: 1, Time/Memory: 0.01,8032, Output: ['1']
  Running k=5,...
    Passes: 1, Time/Memory: 0.02,8196, Output: ['1']
  Running k=6,...
    Passes: 1, Time/Memory: 0.02,8124, Output: ['1']
  Running k=7,...
    Passes: 1, Time/Memory: 0.01,8176, Output: ['1']
  Running k=8,...
    Passes: 1, Time/Memory: 0.02,8176, Output: ['1']
  Running k=9,...
    Passes: 1, Time/Memory: 0.01,8016, Output: ['1']
  Running k=10,...
    Passes: 1, Time/Memory: 0.02,7952, Output: ['1']
  Running c=3,...
    Passes: 1, Time/Memory: 0.01,8040, Output: ['1']
Results for AsCaida running kpathN saved to ./results/real/table_data

Running BrightK for variant 0...
  Running k=1,...
    Passes: 242, Time/Memory: 14.24,26040, Output: ['242']
  Running k=2,...
    Passes: 14, Time/Memory: 3.47,30784, Output: ['14']
  Running k=3,...
    Passes: 6, Time/Memory: 2.43,36368, Output: ['6']
  Running k=4,...
    Passes: 4, Time/Memory: 1.98,42248, Output: ['4']
  Running k=5,...
    Passes: 2, Time/Memory: 0.19,46320, Output: ['2']
  Running k=6,...
    Passes: 2, Time/Memory: 0.18,46400, Output: ['2']
  Running k=7,...
    Passes: 2, Time/Memory: 0.17,46292, Output: ['2']
  Running k=8,...
    Passes: 2, Time/Memory: 0.20,46408, Output: ['2']
  Running k=9,...
    Passes: 2, Time/Memory: 0.18,46460, Output: ['2']
  Running k=10,...
    Passes: 2, Time/Memory: 0.18,46272, Output: ['2']
  Running c=4,...
    Passes: 4, Time/Memory: 1.96,42180, Output: ['4']
Results for BrightK running kpath0 saved to ./results/real/table_data

Running BrightK for variant 1...
  Running k=1,...
    Passes: 231, Time/Memory: 13.94,26716, Output: ['231']
  Running k=2,...
    Passes: 13, Time/Memory: 3.37,31192, Output: ['13']
  Running k=3,...
    Passes: 4, Time/Memory: 1.73,36640, Output: ['4']
  Running k=4,...
    Passes: 1, Time/Memory: 0.06,14536, Output: ['1']
  Running k=5,...
    Passes: 1, Time/Memory: 0.05,14544, Output: ['1']
  Running k=6,...
    Passes: 1, Time/Memory: 0.06,14540, Output: ['1']
  Running k=7,...
    Passes: 1, Time/Memory: 0.06,14712, Output: ['1']
  Running k=8,...
    Passes: 1, Time/Memory: 0.06,14724, Output: ['1']
  Running k=9,...
    Passes: 1, Time/Memory: 0.06,14560, Output: ['1']
  Running k=10,...
    Passes: 1, Time/Memory: 0.05,14608, Output: ['1']
  Running c=4,...
    Passes: 1, Time/Memory: 0.05,14536, Output: ['1']
Results for BrightK running kpath1 saved to ./results/real/table_data

Running BrightK for variant 2...
  Running k=1,...
    Passes: 195, Time/Memory: 15.07,28980, Output: ['195']
  Running k=2,...
    Passes: 4, Time/Memory: 1.51,32252, Output: ['4']
  Running k=3,...
    Passes: 3, Time/Memory: 1.18,36640, Output: ['3']
  Running k=4,...
    Passes: 1, Time/Memory: 0.05,14592, Output: ['1']
  Running k=5,...
    Passes: 1, Time/Memory: 0.06,14576, Output: ['1']
  Running k=6,...
    Passes: 1, Time/Memory: 0.06,14512, Output: ['1']
  Running k=7,...
    Passes: 1, Time/Memory: 0.06,14624, Output: ['1']
  Running k=8,...
    Passes: 1, Time/Memory: 0.06,14536, Output: ['1']
  Running k=9,...
    Passes: 1, Time/Memory: 0.05,14540, Output: ['1']
  Running k=10,...
    Passes: 1, Time/Memory: 0.05,14608, Output: ['1']
  Running c=4,...
    Passes: 1, Time/Memory: 0.06,14656, Output: ['1']
Results for BrightK running kpath2 saved to ./results/real/table_data

Running BrightK for variant N...
  Running k=1,...
    Passes: 15, Time/Memory: 2.55,28100, Output: ['15']
  Running k=2,...
    Passes: 5, Time/Memory: 1.89,32688, Output: ['5']
  Running k=3,...
    Passes: 3, Time/Memory: 1.07,36608, Output: ['3']
  Running k=4,...
    Passes: 1, Time/Memory: 0.06,14472, Output: ['1']
  Running k=5,...
    Passes: 1, Time/Memory: 0.06,14648, Output: ['1']
  Running k=6,...
    Passes: 1, Time/Memory: 0.06,14452, Output: ['1']
  Running k=7,...
    Passes: 1, Time/Memory: 0.06,14484, Output: ['1']
  Running k=8,...
    Passes: 1, Time/Memory: 0.06,14608, Output: ['1']
  Running k=9,...
    Passes: 1, Time/Memory: 0.06,14536, Output: ['1']
  Running k=10,...
    Passes: 1, Time/Memory: 0.05,14592, Output: ['1']
  Running c=4,...
    Passes: 1, Time/Memory: 0.06,14448, Output: ['1']
Results for BrightK running kpathN saved to ./results/real/table_data

Running LMocha for variant 0...
  Running k=1,...
    Passes: 850, Time/Memory: 354.42,47508, Output: ['850']
  Running k=2,...
    Passes: 22, Time/Memory: 17.32,52740, Output: ['22']
  Running k=3,...
    Passes: 9, Time/Memory: 10.10,62376, Output: ['9']
  Running k=4,...
    Passes: 7, Time/Memory: 9.73,72404, Output: ['7']
  Running k=5,...
    Passes: 6, Time/Memory: 9.86,82148, Output: ['6']
  Running k=6,...
    Passes: 5, Time/Memory: 8.03,92092, Output: ['5']
  Running k=7,...
    Passes: 4, Time/Memory: 5.51,103756, Output: ['4']
  Running k=8,...
    Passes: 4, Time/Memory: 6.42,111828, Output: ['4']
  Running k=9,...
    Passes: 4, Time/Memory: 8.34,122812, Output: ['4']
  Running k=10,...
    Passes: 3, Time/Memory: 4.27,134484, Output: ['3']
  Running c=22,...
    Passes: 3, Time/Memory: 9.98,251884, Output: ['3']
Results for LMocha running kpath0 saved to ./results/real/table_data

Running LMocha for variant 1...
  Running k=1,...
    Passes: 853, Time/Memory: 368.89,47740, Output: ['853']
  Running k=2,...
    Passes: 22, Time/Memory: 17.59,53176, Output: ['22']
  Running k=3,...
    Passes: 9, Time/Memory: 11.87,62544, Output: ['9']
  Running k=4,...
    Passes: 6, Time/Memory: 8.59,72188, Output: ['6']
  Running k=5,...
    Passes: 5, Time/Memory: 8.06,82088, Output: ['5']
  Running k=6,...
    Passes: 4, Time/Memory: 6.68,92036, Output: ['4']
  Running k=7,...
    Passes: 4, Time/Memory: 8.98,101948, Output: ['4']
  Running k=8,...
    Passes: 3, Time/Memory: 5.43,113860, Output: ['3']
  Running k=9,...
    Passes: 3, Time/Memory: 6.51,121708, Output: ['3']
  Running k=10,...
    Passes: 3, Time/Memory: 8.72,133004, Output: ['3']
  Running c=22,...
    Passes: 1, Time/Memory: 0.57,65488, Output: ['1']
Results for LMocha running kpath1 saved to ./results/real/table_data

Running LMocha for variant 2...
  Running k=1,...
    Passes: 692, Time/Memory: 367.72,49312, Output: ['692']
  Running k=2,...
    Passes: 10, Time/Memory: 12.05,53672, Output: ['10']
  Running k=3,...
    Passes: 6, Time/Memory: 7.39,64892, Output: ['6']
  Running k=4,...
    Passes: 5, Time/Memory: 7.37,73164, Output: ['5']
  Running k=5,...
    Passes: 4, Time/Memory: 6.51,82568, Output: ['4']
  Running k=6,...
    Passes: 4, Time/Memory: 8.34,91224, Output: ['4']
  Running k=7,...
    Passes: 3, Time/Memory: 5.08,100920, Output: ['3']
  Running k=8,...
    Passes: 3, Time/Memory: 6.23,111556, Output: ['3']
  Running k=9,...
    Passes: 3, Time/Memory: 8.70,122504, Output: ['3']
  Running k=10,...
    Passes: 2, Time/Memory: 3.69,133032, Output: ['2']
  Running c=22,...
    Passes: 1, Time/Memory: 0.58,65348, Output: ['1']
Results for LMocha running kpath2 saved to ./results/real/table_data

Running LMocha for variant N...
  Running k=1,...
    Passes: 28, Time/Memory: 19.27,49740, Output: ['28']
  Running k=2,...
    Passes: 11, Time/Memory: 12.86,56396, Output: ['11']
  Running k=3,...
    Passes: 8, Time/Memory: 11.19,62548, Output: ['8']
  Running k=4,...
    Passes: 6, Time/Memory: 10.48,71436, Output: ['6']
  Running k=5,...
    Passes: 5, Time/Memory: 8.39,84148, Output: ['5']
  Running k=6,...
    Passes: 4, Time/Memory: 4.66,93596, Output: ['4']
  Running k=7,...
    Passes: 4, Time/Memory: 6.27,103080, Output: ['4']
  Running k=8,...
    Passes: 3, Time/Memory: 6.09,112040, Output: ['3']
  Running k=9,...
    Passes: 3, Time/Memory: 3.91,121336, Output: ['3']
  Running k=10,...
    Passes: 2, Time/Memory: 3.51,131224, Output: ['2']
  Running c=22,...
    Passes: 1, Time/Memory: 0.52,65364, Output: ['1']
Results for LMocha running kpathN saved to ./results/real/table_data

Running FlickrE for variant 0...
  Running k=1,...
    Passes: 737, Time/Memory: 316.04,46072, Output: ['737']
  Running k=2,...
    Passes: 43, Time/Memory: 24.60,54772, Output: ['43']
  Running k=3,...
    Passes: 18, Time/Memory: 13.30,65368, Output: ['18']
  Running k=4,...
    Passes: 10, Time/Memory: 8.14,75564, Output: ['10']
  Running k=5,...
    Passes: 7, Time/Memory: 5.65,87260, Output: ['7']
  Running k=6,...
    Passes: 6, Time/Memory: 5.60,96352, Output: ['6']
  Running k=7,...
    Passes: 5, Time/Memory: 4.09,107104, Output: ['5']
  Running k=8,...
    Passes: 5, Time/Memory: 4.76,116084, Output: ['5']
  Running k=9,...
    Passes: 4, Time/Memory: 3.08,127072, Output: ['4']
  Running k=10,...
    Passes: 4, Time/Memory: 3.71,135232, Output: ['4']
  Running c=22,...
    Passes: 3, Time/Memory: 4.36,256456, Output: ['3']
Results for FlickrE running kpath0 saved to ./results/real/table_data

Running FlickrE for variant 1...
  Running k=1,...
    Passes: 831, Time/Memory: 370.82,48472, Output: ['831']
  Running k=2,...
    Passes: 35, Time/Memory: 21.08,57004, Output: ['35']
  Running k=3,...
    Passes: 15, Time/Memory: 11.90,65264, Output: ['15']
  Running k=4,...
    Passes: 11, Time/Memory: 10.13,77972, Output: ['11']
  Running k=5,...
    Passes: 6, Time/Memory: 4.73,90416, Output: ['6']
  Running k=6,...
    Passes: 5, Time/Memory: 4.07,100256, Output: ['5']
  Running k=7,...
    Passes: 4, Time/Memory: 3.09,107748, Output: ['4']
  Running k=8,...
    Passes: 5, Time/Memory: 4.40,115460, Output: ['5']
  Running k=9,...
    Passes: 3, Time/Memory: 2.76,128080, Output: ['3']
  Running k=10,...
    Passes: 3, Time/Memory: 2.94,137260, Output: ['3']
  Running c=22,...
    Passes: 1, Time/Memory: 0.58,67192, Output: ['1']
Results for FlickrE running kpath1 saved to ./results/real/table_data

Running FlickrE for variant 2...
  Running k=1,...
    Passes: 571, Time/Memory: 259.00,50096, Output: ['571']
  Running k=2,...
    Passes: 23, Time/Memory: 15.65,61216, Output: ['23']
  Running k=3,...
    Passes: 12, Time/Memory: 9.96,67948, Output: ['12']
  Running k=4,...
    Passes: 9, Time/Memory: 9.94,78724, Output: ['9']
  Running k=5,...
    Passes: 5, Time/Memory: 3.93,89968, Output: ['5']
  Running k=6,...
    Passes: 6, Time/Memory: 5.14,97528, Output: ['6']
  Running k=7,...
    Passes: 4, Time/Memory: 3.46,107668, Output: ['4']
  Running k=8,...
    Passes: 11, Time/Memory: 7.65,115168, Output: ['11']
  Running k=9,...
    Passes: 3, Time/Memory: 2.81,125436, Output: ['3']
  Running k=10,...
    Passes: 3, Time/Memory: 3.19,133728, Output: ['3']
  Running c=22,...
    Passes: 1, Time/Memory: 0.57,67108, Output: ['1']
Results for FlickrE running kpath2 saved to ./results/real/table_data

Running FlickrE for variant N...
  Running k=1,...
    Passes: 1466, Time/Memory: 772.84,50904, Output: ['1466']
  Running k=2,...
    Passes: 59, Time/Memory: 36.92,58972, Output: ['59']
  Running k=3,...
    Passes: 15, Time/Memory: 9.98,67972, Output: ['15']
  Running k=4,...
    Passes: 13, Time/Memory: 8.99,78372, Output: ['13']
  Running k=5,...
    Passes: 11, Time/Memory: 7.85,87552, Output: ['11']
  Running k=6,...
    Passes: 7, Time/Memory: 5.20,98164, Output: ['7']
  Running k=7,...
    Passes: 7, Time/Memory: 5.59,105592, Output: ['7']
  Running k=8,...
    Passes: 3, Time/Memory: 2.83,116924, Output: ['3']
  Running k=9,...
    Passes: 4, Time/Memory: 3.65,126404, Output: ['4']
  Running k=10,...
    Passes: 5, Time/Memory: 4.83,134928, Output: ['5']
  Running c=22,...
    Passes: 1, Time/Memory: 0.58,67136, Output: ['1']
Results for FlickrE running kpathN saved to ./results/real/table_data

Running WordNet for variant 0...
  Running k=1,...
    Passes: 303, Time/Memory: 62.81,62632, Output: ['303']
  Running k=2,...
    Passes: 66, Time/Memory: 21.45,73232, Output: ['66']
  Running k=3,...
    Passes: 19, Time/Memory: 12.58,87244, Output: ['19']
  Running k=4,...
    Passes: 5, Time/Memory: 5.98,103952, Output: ['5']
  Running k=5,...
    Passes: 4, Time/Memory: 8.14,118276, Output: ['4']
  Running k=6,...
    Passes: 2, Time/Memory: 0.62,122392, Output: ['2']
  Running k=7,...
    Passes: 2, Time/Memory: 0.51,122420, Output: ['2']
  Running k=8,...
    Passes: 2, Time/Memory: 0.63,122512, Output: ['2']
  Running k=9,...
    Passes: 2, Time/Memory: 0.55,122512, Output: ['2']
  Running k=10,...
    Passes: 2, Time/Memory: 0.59,122332, Output: ['2']
  Running c=5,...
    Passes: 4, Time/Memory: 8.01,118344, Output: ['4']
Results for WordNet running kpath0 saved to ./results/real/table_data

Running WordNet for variant 1...
  Running k=1,...
    Passes: 294, Time/Memory: 69.38,62792, Output: ['294']
  Running k=2,...
    Passes: 67, Time/Memory: 22.72,77228, Output: ['67']
  Running k=3,...
    Passes: 18, Time/Memory: 11.45,87408, Output: ['18']
  Running k=4,...
    Passes: 4, Time/Memory: 3.80,105120, Output: ['4']
  Running k=5,...
    Passes: 1, Time/Memory: 0.17,37764, Output: ['1']
  Running k=6,...
    Passes: 1, Time/Memory: 0.17,37684, Output: ['1']
  Running k=7,...
    Passes: 1, Time/Memory: 0.20,37500, Output: ['1']
  Running k=8,...
    Passes: 1, Time/Memory: 0.18,37724, Output: ['1']
  Running k=9,...
    Passes: 1, Time/Memory: 0.17,37684, Output: ['1']
  Running k=10,...
    Passes: 1, Time/Memory: 0.19,37644, Output: ['1']
  Running c=5,...
    Passes: 1, Time/Memory: 0.19,37764, Output: ['1']
Results for WordNet running kpath1 saved to ./results/real/table_data

Running WordNet for variant 2...
  Running k=1,...
    Passes: 229, Time/Memory: 54.80,67592, Output: ['229']
  Running k=2,...
    Passes: 26, Time/Memory: 12.81,73204, Output: ['26']
  Running k=3,...
    Passes: 4, Time/Memory: 3.71,88244, Output: ['4']
  Running k=4,...
    Passes: 3, Time/Memory: 5.27,105456, Output: ['3']
  Running k=5,...
    Passes: 1, Time/Memory: 0.19,37704, Output: ['1']
  Running k=6,...
    Passes: 1, Time/Memory: 0.18,37756, Output: ['1']
  Running k=7,...
    Passes: 1, Time/Memory: 0.18,37600, Output: ['1']
  Running k=8,...
    Passes: 1, Time/Memory: 0.18,37684, Output: ['1']
  Running k=9,...
    Passes: 1, Time/Memory: 0.18,37696, Output: ['1']
  Running k=10,...
    Passes: 1, Time/Memory: 0.19,37696, Output: ['1']
  Running c=5,...
    Passes: 1, Time/Memory: 0.19,37668, Output: ['1']
Results for WordNet running kpath2 saved to ./results/real/table_data

Running WordNet for variant N...
  Running k=1,...
    Passes: 522, Time/Memory: 92.71,63652, Output: ['522']
  Running k=2,...
    Passes: 5, Time/Memory: 5.97,75164, Output: ['5']
  Running k=3,...
    Passes: 3, Time/Memory: 3.42,88380, Output: ['3']
  Running k=4,...
    Passes: 3, Time/Memory: 5.61,102568, Output: ['3']
  Running k=5,...
    Passes: 1, Time/Memory: 0.20,37748, Output: ['1']
  Running k=6,...
    Passes: 1, Time/Memory: 0.18,37648, Output: ['1']
  Running k=7,...
    Passes: 1, Time/Memory: 0.19,37632, Output: ['1']
  Running k=8,...
    Passes: 1, Time/Memory: 0.17,37612, Output: ['1']
  Running k=9,...
    Passes: 1, Time/Memory: 0.19,37764, Output: ['1']
  Running k=10,...
    Passes: 1, Time/Memory: 0.19,37696, Output: ['1']
  Running c=5,...
    Passes: 1, Time/Memory: 0.17,37676, Output: ['1']
Results for WordNet running kpathN saved to ./results/real/table_data

Running Douban for variant 0...
  Running k=1,...
    Passes: 284, Time/Memory: 61.48,69276, Output: ['284']
  Running k=2,...
    Passes: 7, Time/Memory: 33.32,79592, Output: ['7']
  Running k=3,...
    Passes: 3, Time/Memory: 30.75,92540, Output: ['3']
  Running k=4,...
    Passes: 2, Time/Memory: 0.21,92552, Output: ['2']
  Running k=5,...
    Passes: 2, Time/Memory: 0.24,92676, Output: ['2']
  Running k=6,...
    Passes: 2, Time/Memory: 0.25,92584, Output: ['2']
  Running k=7,...
    Passes: 2, Time/Memory: 0.21,92656, Output: ['2']
  Running k=8,...
    Passes: 2, Time/Memory: 0.24,92560, Output: ['2']
  Running k=9,...
    Passes: 2, Time/Memory: 0.24,92640, Output: ['2']
  Running k=10,...
    Passes: 2, Time/Memory: 0.23,92556, Output: ['2']
  Running c=3,...
    Passes: 3, Time/Memory: 33.08,92508, Output: ['3']
Results for Douban running kpath0 saved to ./results/real/table_data

Running Douban for variant 1...
  Running k=1,...
    Passes: 278, Time/Memory: 62.98,66960, Output: ['278']
  Running k=2,...
    Passes: 7, Time/Memory: 33.36,85208, Output: ['7']
  Running k=3,...
    Passes: 1, Time/Memory: 0.07,31936, Output: ['1']
  Running k=4,...
    Passes: 1, Time/Memory: 0.08,31792, Output: ['1']
  Running k=5,...
    Passes: 1, Time/Memory: 0.10,31804, Output: ['1']
  Running k=6,...
    Passes: 1, Time/Memory: 0.09,31800, Output: ['1']
  Running k=7,...
    Passes: 1, Time/Memory: 0.10,31876, Output: ['1']
  Running k=8,...
    Passes: 1, Time/Memory: 0.10,31836, Output: ['1']
  Running k=9,...
    Passes: 1, Time/Memory: 0.09,31792, Output: ['1']
  Running k=10,...
    Passes: 1, Time/Memory: 0.10,31724, Output: ['1']
  Running c=3,...
    Passes: 1, Time/Memory: 0.10,31896, Output: ['1']
Results for Douban running kpath1 saved to ./results/real/table_data

Running Douban for variant 2...
  Running k=1,...
    Passes: 214, Time/Memory: 54.74,71804, Output: ['214']
  Running k=2,...
    Passes: 2, Time/Memory: 15.55,76292, Output: ['2']
  Running k=3,...
    Passes: 1, Time/Memory: 0.10,31780, Output: ['1']
  Running k=4,...
    Passes: 1, Time/Memory: 0.10,31880, Output: ['1']
  Running k=5,...
    Passes: 1, Time/Memory: 0.09,31888, Output: ['1']
  Running k=6,...
    Passes: 1, Time/Memory: 0.09,31852, Output: ['1']
  Running k=7,...
    Passes: 1, Time/Memory: 0.09,31836, Output: ['1']
  Running k=8,...
    Passes: 1, Time/Memory: 0.07,31796, Output: ['1']
  Running k=9,...
    Passes: 1, Time/Memory: 0.08,31876, Output: ['1']
  Running k=10,...
    Passes: 1, Time/Memory: 0.10,31856, Output: ['1']
  Running c=3,...
    Passes: 1, Time/Memory: 0.09,31896, Output: ['1']
Results for Douban running kpath2 saved to ./results/real/table_data

Running Douban for variant N...
  Running k=1,...
    Passes: 5, Time/Memory: 30.20,64032, Output: ['5']
  Running k=2,...
    Passes: 2, Time/Memory: 16.45,76200, Output: ['2']
  Running k=3,...
    Passes: 1, Time/Memory: 0.08,31860, Output: ['1']
  Running k=4,...
    Passes: 1, Time/Memory: 0.11,31772, Output: ['1']
  Running k=5,...
    Passes: 1, Time/Memory: 0.08,31956, Output: ['1']
  Running k=6,...
    Passes: 1, Time/Memory: 0.09,31940, Output: ['1']
  Running k=7,...
    Passes: 1, Time/Memory: 0.09,31788, Output: ['1']
  Running k=8,...
    Passes: 1, Time/Memory: 0.09,31940, Output: ['1']
  Running k=9,...
    Passes: 1, Time/Memory: 0.09,31832, Output: ['1']
  Running k=10,...
    Passes: 1, Time/Memory: 0.10,31804, Output: ['1']
  Running c=3,...
    Passes: 1, Time/Memory: 0.09,31776, Output: ['1']
Results for Douban running kpathN saved to ./results/real/table_data

Running Twitch for variant 0...
  Running k=1,...
    Passes: 1692, Time/Memory: 2390.73,75912, Output: ['1692']
  Running k=2,...
    Passes: 41, Time/Memory: 77.87,87432, Output: ['41']
  Running k=3,...
    Passes: 17, Time/Memory: 35.66,104732, Output: ['17']
  Running k=4,...
    Passes: 12, Time/Memory: 25.65,117824, Output: ['12']
  Running k=5,...
    Passes: 10, Time/Memory: 25.25,131992, Output: ['10']
  Running k=6,...
    Passes: 8, Time/Memory: 19.32,150416, Output: ['8']
  Running k=7,...
    Passes: 7, Time/Memory: 17.58,170244, Output: ['7']
  Running k=8,...
    Passes: 7, Time/Memory: 23.48,181784, Output: ['7']
  Running k=9,...
    Passes: 6, Time/Memory: 17.22,199876, Output: ['6']
  Running k=10,...
    Passes: 6, Time/Memory: 19.70,213480, Output: ['6']
  Running c=41,...
    Passes: 3, Time/Memory: 17.59,708272, Output: ['3']
Results for Twitch running kpath0 saved to ./results/real/table_data

Running Twitch for variant 1...
  Running k=1,...
    Passes: 1732, Time/Memory: 2369.98,76040, Output: ['1732']
  Running k=2,...
    Passes: 40, Time/Memory: 75.98,91400, Output: ['40']
  Running k=3,...
    Passes: 17, Time/Memory: 40.88,100140, Output: ['17']
  Running k=4,...
    Passes: 12, Time/Memory: 33.29,116660, Output: ['12']
  Running k=5,...
    Passes: 9, Time/Memory: 24.19,133028, Output: ['9']
  Running k=6,...
    Passes: 8, Time/Memory: 24.21,148732, Output: ['8']
  Running k=7,...
    Passes: 6, Time/Memory: 16.49,166932, Output: ['6']
  Running k=8,...
    Passes: 6, Time/Memory: 19.96,180084, Output: ['6']
  Running k=9,...
    Passes: 5, Time/Memory: 14.35,196436, Output: ['5']
  Running k=10,...
    Passes: 5, Time/Memory: 18.04,213016, Output: ['5']
  Running c=41,...
    Passes: 1, Time/Memory: 1.75,170820, Output: ['1']
Results for Twitch running kpath1 saved to ./results/real/table_data

Running Twitch for variant 2...
  Running k=1,...
    Passes: 1418, Time/Memory: 2043.38,81560, Output: ['1418']
  Running k=2,...
    Passes: 20, Time/Memory: 37.74,94400, Output: ['20']
  Running k=3,...
    Passes: 13, Time/Memory: 31.37,102536, Output: ['13']
  Running k=4,...
    Passes: 9, Time/Memory: 20.90,125124, Output: ['9']
  Running k=5,...
    Passes: 8, Time/Memory: 22.71,141532, Output: ['8']
  Running k=6,...
    Passes: 6, Time/Memory: 14.09,154888, Output: ['6']
  Running k=7,...
    Passes: 6, Time/Memory: 17.91,169240, Output: ['6']
  Running k=8,...
    Passes: 5, Time/Memory: 13.65,184112, Output: ['5']
  Running k=9,...
    Passes: 5, Time/Memory: 17.14,200000, Output: ['5']
  Running k=10,...
    Passes: 4, Time/Memory: 11.18,219660, Output: ['4']
  Running c=41,...
    Passes: 1, Time/Memory: 1.73,170796, Output: ['1']
Results for Twitch running kpath2 saved to ./results/real/table_data

Running Twitch for variant N...
  Running k=1,...
    Passes: 65, Time/Memory: 110.05,82628, Output: ['65']
  Running k=2,...
    Passes: 22, Time/Memory: 45.89,95304, Output: ['22']
  Running k=3,...
    Passes: 13, Time/Memory: 26.32,102472, Output: ['13']
  Running k=4,...
    Passes: 13, Time/Memory: 33.12,120720, Output: ['13']
  Running k=5,...
    Passes: 10, Time/Memory: 21.61,141256, Output: ['10']
  Running k=6,...
    Passes: 7, Time/Memory: 16.46,155444, Output: ['7']
  Running k=7,...
    Passes: 7, Time/Memory: 14.66,169772, Output: ['7']
  Running k=8,...
    Passes: 7, Time/Memory: 19.06,180940, Output: ['7']
  Running k=9,...
    Passes: 5, Time/Memory: 20.37,197716, Output: ['5']
  Running k=10,...
    Passes: 4, Time/Memory: 11.28,221808, Output: ['4']
  Running c=41,...
    Passes: 1, Time/Memory: 1.73,170712, Output: ['1']
Results for Twitch running kpathN saved to ./results/real/table_data

Running Gowalla for variant 0...
  Running k=1,...
    Passes: 617, Time/Memory: 182.87,86768, Output: ['617']
  Running k=2,...
    Passes: 32, Time/Memory: 32.97,98156, Output: ['32']
  Running k=3,...
    Passes: 6, Time/Memory: 15.90,120896, Output: ['6']
  Running k=4,...
    Passes: 4, Time/Memory: 11.36,141208, Output: ['4']
  Running k=5,...
    Passes: 6, Time/Memory: 16.99,158160, Output: ['6']
  Running k=6,...
    Passes: 2, Time/Memory: 0.66,171860, Output: ['2']
  Running k=7,...
    Passes: 2, Time/Memory: 0.78,171856, Output: ['2']
  Running k=8,...
    Passes: 2, Time/Memory: 0.67,171756, Output: ['2']
  Running k=9,...
    Passes: 2, Time/Memory: 0.77,171856, Output: ['2']
  Running k=10,...
    Passes: 2, Time/Memory: 0.74,171756, Output: ['2']
  Running c=5,...
    Passes: 6, Time/Memory: 17.95,158072, Output: ['6']
Results for Gowalla running kpath0 saved to ./results/real/table_data

Running Gowalla for variant 1...
  Running k=1,...
    Passes: 603, Time/Memory: 178.29,83592, Output: ['603']
  Running k=2,...
    Passes: 28, Time/Memory: 32.51,100452, Output: ['28']
  Running k=3,...
    Passes: 6, Time/Memory: 20.68,117048, Output: ['6']
  Running k=4,...
    Passes: 5, Time/Memory: 22.24,140876, Output: ['5']
  Running k=5,...
    Passes: 1, Time/Memory: 0.26,49320, Output: ['1']
  Running k=6,...
    Passes: 1, Time/Memory: 0.25,49268, Output: ['1']
  Running k=7,...
    Passes: 1, Time/Memory: 0.26,49360, Output: ['1']
  Running k=8,...
    Passes: 1, Time/Memory: 0.26,49332, Output: ['1']
  Running k=9,...
    Passes: 1, Time/Memory: 0.26,49276, Output: ['1']
  Running k=10,...
    Passes: 1, Time/Memory: 0.26,49376, Output: ['1']
  Running c=5,...
    Passes: 1, Time/Memory: 0.26,49376, Output: ['1']
Results for Gowalla running kpath1 saved to ./results/real/table_data

Running Gowalla for variant 2...
  Running k=1,...
    Passes: 475, Time/Memory: 137.27,91180, Output: ['475']
  Running k=2,...
    Passes: 7, Time/Memory: 22.79,99004, Output: ['7']
  Running k=3,...
    Passes: 5, Time/Memory: 21.55,114212, Output: ['5']
  Running k=4,...
    Passes: 2, Time/Memory: 10.25,140776, Output: ['2']
  Running k=5,...
    Passes: 1, Time/Memory: 0.26,49204, Output: ['1']
  Running k=6,...
    Passes: 1, Time/Memory: 0.25,49268, Output: ['1']
  Running k=7,...
    Passes: 1, Time/Memory: 0.25,49356, Output: ['1']
  Running k=8,...
    Passes: 1, Time/Memory: 0.25,49392, Output: ['1']
  Running k=9,...
    Passes: 1, Time/Memory: 0.26,49244, Output: ['1']
  Running k=10,...
    Passes: 1, Time/Memory: 0.26,49356, Output: ['1']
  Running c=5,...
    Passes: 1, Time/Memory: 0.24,49452, Output: ['1']
Results for Gowalla running kpath2 saved to ./results/real/table_data

Running Gowalla for variant N...
  Running k=1,...
    Passes: 12, Time/Memory: 20.63,90244, Output: ['12']
  Running k=2,...
    Passes: 5, Time/Memory: 20.40,98580, Output: ['5']
  Running k=3,...
    Passes: 4, Time/Memory: 21.58,116012, Output: ['4']
  Running k=4,...
    Passes: 2, Time/Memory: 10.25,140980, Output: ['2']
  Running k=5,...
    Passes: 1, Time/Memory: 0.27,49392, Output: ['1']
  Running k=6,...
    Passes: 1, Time/Memory: 0.26,49356, Output: ['1']
  Running k=7,...
    Passes: 1, Time/Memory: 0.25,49400, Output: ['1']
  Running k=8,...
    Passes: 1, Time/Memory: 0.25,49268, Output: ['1']
  Running k=9,...
    Passes: 1, Time/Memory: 0.25,49280, Output: ['1']
  Running k=10,...
    Passes: 1, Time/Memory: 0.27,49392, Output: ['1']
  Running c=5,...
    Passes: 1, Time/Memory: 0.25,49384, Output: ['1']
Results for Gowalla running kpathN saved to ./results/real/table_data

Running Dblp for variant 0...
  Running k=1,...
    Passes: 471, Time/Memory: 205.71,139900, Output: ['471']
  Running k=2,...
    Passes: 43, Time/Memory: 71.96,154812, Output: ['43']
  Running k=3,...
    Passes: 13, Time/Memory: 46.91,186224, Output: ['13']
  Running k=4,...
    Passes: 9, Time/Memory: 42.58,217740, Output: ['9']
  Running k=5,...
    Passes: 2, Time/Memory: 0.96,224820, Output: ['2']
  Running k=6,...
    Passes: 2, Time/Memory: 0.86,224868, Output: ['2']
  Running k=7,...
    Passes: 2, Time/Memory: 0.95,224932, Output: ['2']
  Running k=8,...
    Passes: 2, Time/Memory: 0.84,224848, Output: ['2']
  Running k=9,...
    Passes: 2, Time/Memory: 0.93,224844, Output: ['2']
  Running k=10,...
    Passes: 2, Time/Memory: 0.90,224932, Output: ['2']
  Running c=4,...
    Passes: 9, Time/Memory: 42.07,217664, Output: ['9']
Results for Dblp running kpath0 saved to ./results/real/table_data

Running Dblp for variant 1...
  Running k=1,...
    Passes: 453, Time/Memory: 200.31,134112, Output: ['453']
  Running k=2,...
    Passes: 47, Time/Memory: 73.67,170464, Output: ['47']
  Running k=3,...
    Passes: 14, Time/Memory: 49.91,185708, Output: ['14']
  Running k=4,...
    Passes: 1, Time/Memory: 0.35,69384, Output: ['1']
  Running k=5,...
    Passes: 1, Time/Memory: 0.31,69208, Output: ['1']
  Running k=6,...
    Passes: 1, Time/Memory: 0.35,69440, Output: ['1']
  Running k=7,...
    Passes: 1, Time/Memory: 0.33,69200, Output: ['1']
  Running k=8,...
    Passes: 1, Time/Memory: 0.35,69424, Output: ['1']
  Running k=9,...
    Passes: 1, Time/Memory: 0.31,69408, Output: ['1']
  Running k=10,...
    Passes: 1, Time/Memory: 0.35,69444, Output: ['1']
  Running c=4,...
    Passes: 1, Time/Memory: 0.33,69424, Output: ['1']
Results for Dblp running kpath1 saved to ./results/real/table_data

Running Dblp for variant 2...
  Running k=1,...
    Passes: 369, Time/Memory: 204.07,145060, Output: ['369']
  Running k=2,...
    Passes: 11, Time/Memory: 49.91,153536, Output: ['11']
  Running k=3,...
    Passes: 6, Time/Memory: 27.15,193180, Output: ['6']
  Running k=4,...
    Passes: 1, Time/Memory: 0.33,69244, Output: ['1']
  Running k=5,...
    Passes: 1, Time/Memory: 0.31,69348, Output: ['1']
  Running k=6,...
    Passes: 1, Time/Memory: 0.29,69444, Output: ['1']
  Running k=7,...
    Passes: 1, Time/Memory: 0.35,69272, Output: ['1']
  Running k=8,...
    Passes: 1, Time/Memory: 0.35,69344, Output: ['1']
  Running k=9,...
    Passes: 1, Time/Memory: 0.33,69436, Output: ['1']
  Running k=10,...
    Passes: 1, Time/Memory: 0.36,69228, Output: ['1']
  Running c=4,...
    Passes: 1, Time/Memory: 0.33,69208, Output: ['1']
Results for Dblp running kpath2 saved to ./results/real/table_data

Running Dblp for variant N...
  Running k=1,...
    Passes: 12, Time/Memory: 51.88,128572, Output: ['12']
  Running k=2,...
    Passes: 5, Time/Memory: 44.58,156616, Output: ['5']
  Running k=3,...
    Passes: 3, Time/Memory: 26.37,193112, Output: ['3']
  Running k=4,...
    Passes: 1, Time/Memory: 0.33,69204, Output: ['1']
  Running k=5,...
    Passes: 1, Time/Memory: 0.34,69352, Output: ['1']
  Running k=6,...
    Passes: 1, Time/Memory: 0.33,69448, Output: ['1']
  Running k=7,...
    Passes: 1, Time/Memory: 0.36,69344, Output: ['1']
  Running k=8,...
    Passes: 1, Time/Memory: 0.30,69264, Output: ['1']
  Running k=9,...
    Passes: 1, Time/Memory: 0.29,69428, Output: ['1']
  Running k=10,...
    Passes: 1, Time/Memory: 0.28,69272, Output: ['1']
  Running c=4,...
    Passes: 1, Time/Memory: 0.30,69424, Output: ['1']
Results for Dblp running kpathN saved to ./results/real/table_data

Running Amazon for variant 0...
  Running k=1,...
    Passes: 309, Time/Memory: 186.17,141104, Output: ['309']
  Running k=2,...
    Passes: 107, Time/Memory: 93.96,163616, Output: ['107']
  Running k=3,...
    Passes: 8, Time/Memory: 22.20,204464, Output: ['8']
  Running k=4,...
    Passes: 2, Time/Memory: 0.88,224820, Output: ['2']
  Running k=5,...
    Passes: 2, Time/Memory: 0.92,224824, Output: ['2']
  Running k=6,...
    Passes: 2, Time/Memory: 0.91,224868, Output: ['2']
  Running k=7,...
    Passes: 2, Time/Memory: 0.98,224820, Output: ['2']
  Running k=8,...
    Passes: 2, Time/Memory: 0.90,224920, Output: ['2']
  Running k=9,...
    Passes: 2, Time/Memory: 0.97,224844, Output: ['2']
  Running k=10,...
    Passes: 2, Time/Memory: 0.83,224900, Output: ['2']
  Running c=3,...
    Passes: 8, Time/Memory: 22.53,204292, Output: ['8']
Results for Amazon running kpath0 saved to ./results/real/table_data

Running Amazon for variant 1...
  Running k=1,...
    Passes: 322, Time/Memory: 169.50,140824, Output: ['322']
  Running k=2,...
    Passes: 100, Time/Memory: 93.12,173832, Output: ['100']
  Running k=3,...
    Passes: 1, Time/Memory: 0.31,66416, Output: ['1']
  Running k=4,...
    Passes: 1, Time/Memory: 0.34,66372, Output: ['1']
  Running k=5,...
    Passes: 1, Time/Memory: 0.32,66296, Output: ['1']
  Running k=6,...
    Passes: 1, Time/Memory: 0.31,66428, Output: ['1']
  Running k=7,...
    Passes: 1, Time/Memory: 0.34,66424, Output: ['1']
  Running k=8,...
    Passes: 1, Time/Memory: 0.32,66360, Output: ['1']
  Running k=9,...
    Passes: 1, Time/Memory: 0.28,66440, Output: ['1']
  Running k=10,...
    Passes: 1, Time/Memory: 0.30,66484, Output: ['1']
  Running c=3,...
    Passes: 1, Time/Memory: 0.28,66472, Output: ['1']
Results for Amazon running kpath1 saved to ./results/real/table_data

Running Amazon for variant 2...
  Running k=1,...
    Passes: 246, Time/Memory: 146.36,152484, Output: ['246']
  Running k=2,...
    Passes: 7, Time/Memory: 28.97,181864, Output: ['7']
  Running k=3,...
    Passes: 1, Time/Memory: 0.31,66436, Output: ['1']
  Running k=4,...
    Passes: 1, Time/Memory: 0.32,66536, Output: ['1']
  Running k=5,...
    Passes: 1, Time/Memory: 0.30,66524, Output: ['1']
  Running k=6,...
    Passes: 1, Time/Memory: 0.34,66384, Output: ['1']
  Running k=7,...
    Passes: 1, Time/Memory: 0.31,66476, Output: ['1']
  Running k=8,...
    Passes: 1, Time/Memory: 0.30,66356, Output: ['1']
  Running k=9,...
    Passes: 1, Time/Memory: 0.31,66428, Output: ['1']
  Running k=10,...
    Passes: 1, Time/Memory: 0.31,66360, Output: ['1']
  Running c=3,...
    Passes: 1, Time/Memory: 0.32,66304, Output: ['1']
Results for Amazon running kpath2 saved to ./results/real/table_data

Running Amazon for variant N...
  Running k=1,...
    Passes: 3071, Time/Memory: 930.32,147716, Output: ['3071']
  Running k=2,...
    Passes: 4, Time/Memory: 32.54,180740, Output: ['4']
  Running k=3,...
    Passes: 1, Time/Memory: 0.29,66440, Output: ['1']
  Running k=4,...
    Passes: 1, Time/Memory: 0.30,66364, Output: ['1']
  Running k=5,...
    Passes: 1, Time/Memory: 0.30,66308, Output: ['1']
  Running k=6,...
    Passes: 1, Time/Memory: 0.31,66464, Output: ['1']
  Running k=7,...
    Passes: 1, Time/Memory: 0.31,66432, Output: ['1']
  Running k=8,...
    Passes: 1, Time/Memory: 0.31,66372, Output: ['1']
  Running k=9,...
    Passes: 1, Time/Memory: 0.31,66308, Output: ['1']
  Running k=10,...
    Passes: 1, Time/Memory: 0.36,66424, Output: ['1']
  Running c=3,...
    Passes: 1, Time/Memory: 0.29,66388, Output: ['1']
Results for Amazon running kpathN saved to ./results/real/table_data

Running RoadnetPA for variant 0...
  Running k=1,...
    Passes: 30, Time/Memory: 665.89,460116, Output: ['30']
  Running k=2,...
    Passes: 14, Time/Memory: 394.47,580684, Output: ['14']
  Running k=3,...
    Passes: 2, Time/Memory: 2.16,572772, Output: ['2']
  Running k=4,...
    Passes: 2, Time/Memory: 2.35,572852, Output: ['2']
  Running k=5,...
    Passes: 2, Time/Memory: 2.11,572824, Output: ['2']
  Running k=6,...
    Passes: 2, Time/Memory: 2.35,572648, Output: ['2']
  Running k=7,...
    Passes: 2, Time/Memory: 2.15,572708, Output: ['2']
  Running k=8,...
    Passes: 2, Time/Memory: 2.36,572720, Output: ['2']
  Running k=9,...
    Passes: 2, Time/Memory: 2.23,572796, Output: ['2']
  Running k=10,...
    Passes: 2, Time/Memory: 2.47,572688, Output: ['2']
  Running c=2,...
    Passes: 14, Time/Memory: 565.55,580620, Output: ['14']
Results for RoadnetPA running kpath0 saved to ./results/real/table_data

Running RoadnetPA for variant 1...
  Running k=1,...
    Passes: 32, Time/Memory: 488.60,460680, Output: ['32']
  Running k=2,...
    Passes: 1, Time/Memory: 0.64,174496, Output: ['1']
  Running k=3,...
    Passes: 1, Time/Memory: 0.61,174316, Output: ['1']
  Running k=4,...
    Passes: 1, Time/Memory: 0.56,174384, Output: ['1']
  Running k=5,...
    Passes: 1, Time/Memory: 0.64,174336, Output: ['1']
  Running k=6,...
    Passes: 1, Time/Memory: 0.54,174336, Output: ['1']
  Running k=7,...
    Passes: 1, Time/Memory: 0.62,174436, Output: ['1']
  Running k=8,...
    Passes: 1, Time/Memory: 0.56,174352, Output: ['1']
  Running k=9,...
    Passes: 1, Time/Memory: 0.59,174300, Output: ['1']
  Running k=10,...
    Passes: 1, Time/Memory: 0.59,174348, Output: ['1']
  Running c=2,...
    Passes: 1, Time/Memory: 0.62,174416, Output: ['1']
Results for RoadnetPA running kpath1 saved to ./results/real/table_data

Running RoadnetPA for variant 2...
  Running k=1,...
    Passes: 32, Time/Memory: 643.97,478072, Output: ['32']
  Running k=2,...
    Passes: 1, Time/Memory: 0.60,174424, Output: ['1']
  Running k=3,...
    Passes: 1, Time/Memory: 0.59,174420, Output: ['1']
  Running k=4,...
    Passes: 1, Time/Memory: 0.59,174284, Output: ['1']
  Running k=5,...
    Passes: 1, Time/Memory: 0.60,174332, Output: ['1']
  Running k=6,...
    Passes: 1, Time/Memory: 0.58,174340, Output: ['1']
  Running k=7,...
    Passes: 1, Time/Memory: 0.57,174476, Output: ['1']
  Running k=8,...
    Passes: 1, Time/Memory: 0.62,174476, Output: ['1']
  Running k=9,...
    Passes: 1, Time/Memory: 0.59,174348, Output: ['1']
  Running k=10,...
    Passes: 1, Time/Memory: 0.61,174500, Output: ['1']
  Running c=2,...
    Passes: 1, Time/Memory: 0.59,174336, Output: ['1']
Results for RoadnetPA running kpath2 saved to ./results/real/table_data

Running RoadnetPA for variant N...
  Running k=1,...
    Passes: 5, Time/Memory: 328.73,502408, Output: ['5']
  Running k=2,...
    Passes: 1, Time/Memory: 0.59,174336, Output: ['1']
  Running k=3,...
    Passes: 1, Time/Memory: 0.60,174316, Output: ['1']
  Running k=4,...
    Passes: 1, Time/Memory: 0.60,174348, Output: ['1']
  Running k=5,...
    Passes: 1, Time/Memory: 0.60,174336, Output: ['1']
  Running k=6,...
    Passes: 1, Time/Memory: 0.60,174340, Output: ['1']
  Running k=7,...
    Passes: 1, Time/Memory: 0.58,174496, Output: ['1']
  Running k=8,...
    Passes: 1, Time/Memory: 0.63,174436, Output: ['1']
  Running k=9,...
    Passes: 1, Time/Memory: 0.60,174280, Output: ['1']
  Running k=10,...
    Passes: 1, Time/Memory: 0.60,174424, Output: ['1']
  Running c=2,...
    Passes: 1, Time/Memory: 0.57,174312, Output: ['1']
Results for RoadnetPA running kpathN saved to ./results/real/table_data

Running Youtube for variant 0...
  Running k=1,...
    Passes: 962, Time/Memory: 3311.80,489940, Output: ['962']
  Running k=2,...
    Passes: 19, Time/Memory: 1818.88,544464, Output: ['19']
  Running k=3,...
    Passes: 5, Time/Memory: 1019.72,674736, Output: ['5']
  Running k=4,...
    Passes: 2, Time/Memory: 3.15,714660, Output: ['2']
  Running k=5,...
    Passes: 2, Time/Memory: 3.21,714456, Output: ['2']
  Running k=6,...
    Passes: 2, Time/Memory: 3.19,714488, Output: ['2']
  Running k=7,...
    Passes: 2, Time/Memory: 3.18,714660, Output: ['2']
  Running k=8,...
    Passes: 2, Time/Memory: 3.21,714652, Output: ['2']
  Running k=9,...
    Passes: 2, Time/Memory: 3.15,714564, Output: ['2']
  Running k=10,...
    Passes: 2, Time/Memory: 2.97,714552, Output: ['2']
  Running c=3,...
    Passes: 5, Time/Memory: 1598.00,674668, Output: ['5']
Results for Youtube running kpath0 saved to ./results/real/table_data

Running Youtube for variant 1...
  Running k=1,...
    Passes: 919, Time/Memory: 3503.94,490188, Output: ['919']
  Running k=2,...
    Passes: 19, Time/Memory: 2128.87,563388, Output: ['19']
  Running k=3,...
    Passes: 1, Time/Memory: 1.04,216948, Output: ['1']
  Running k=4,...
    Passes: 1, Time/Memory: 1.06,216888, Output: ['1']
  Running k=5,...
    Passes: 1, Time/Memory: 1.05,216992, Output: ['1']
  Running k=6,...
    Passes: 1, Time/Memory: 1.05,216984, Output: ['1']
  Running k=7,...
    Passes: 1, Time/Memory: 1.06,216864, Output: ['1']
  Running k=8,...
    Passes: 1, Time/Memory: 1.06,216884, Output: ['1']
  Running k=9,...
    Passes: 1, Time/Memory: 1.06,216880, Output: ['1']
  Running k=10,...
    Passes: 1, Time/Memory: 1.03,216880, Output: ['1']
  Running c=3,...
    Passes: 1, Time/Memory: 1.04,217040, Output: ['1']
Results for Youtube running kpath1 saved to ./results/real/table_data

Running Youtube for variant 2...
  Running k=1,...
    Passes: 752, Time/Memory: 3214.27,533096, Output: ['752']
  Running k=2,...
    Passes: 4, Time/Memory: 766.85,564636, Output: ['4']
  Running k=3,...
    Passes: 1, Time/Memory: 1.09,217008, Output: ['1']
  Running k=4,...
    Passes: 1, Time/Memory: 1.04,216916, Output: ['1']
  Running k=5,...
    Passes: 1, Time/Memory: 1.02,217084, Output: ['1']
  Running k=6,...
    Passes: 1, Time/Memory: 1.04,216900, Output: ['1']
  Running k=7,...
    Passes: 1, Time/Memory: 1.00,216988, Output: ['1']
  Running k=8,...
    Passes: 1, Time/Memory: 1.19,216964, Output: ['1']
  Running k=9,...
    Passes: 1, Time/Memory: 1.03,217084, Output: ['1']
  Running k=10,...
    Passes: 1, Time/Memory: 1.22,216952, Output: ['1']
  Running c=3,...
    Passes: 1, Time/Memory: 0.99,216864, Output: ['1']
Results for Youtube running kpath2 saved to ./results/real/table_data

Running Youtube for variant N...
  Running k=1,...
    Passes: 7, Time/Memory: 1770.21,500228, Output: ['7']
  Running k=2,...
    Passes: 3, Time/Memory: 660.28,565052, Output: ['3']
  Running k=3,...
    Passes: 1, Time/Memory: 1.01,216976, Output: ['1']
  Running k=4,...
    Passes: 1, Time/Memory: 0.98,216896, Output: ['1']
  Running k=5,...
    Passes: 1, Time/Memory: 0.98,216952, Output: ['1']
  Running k=6,...
    Passes: 1, Time/Memory: 0.97,217060, Output: ['1']
  Running k=7,...
    Passes: 1, Time/Memory: 1.00,217056, Output: ['1']
  Running k=8,...
    Passes: 1, Time/Memory: 1.00,216888, Output: ['1']
  Running k=9,...
    Passes: 1, Time/Memory: 1.00,217040, Output: ['1']
  Running k=10,...
    Passes: 1, Time/Memory: 0.95,216820, Output: ['1']
  Running c=3,...
    Passes: 1, Time/Memory: 0.98,216948, Output: ['1']
Results for Youtube running kpathN saved to ./results/real/table_data

Running RoadnetCA for variant 0...
  Running k=1,...
    Passes: 30, Time/Memory: 2141.54,785728, Output: ['30']
  Running k=2,...
    Passes: 15, Time/Memory: 1719.37,1006508, Output: ['15']
  Running k=3,...
    Passes: 2, Time/Memory: 17.43,1033560, Output: ['2']
  Running k=4,...
    Passes: 2, Time/Memory: 17.61,1033568, Output: ['2']
  Running k=5,...
    Passes: 2, Time/Memory: 17.71,1033480, Output: ['2']
  Running k=6,...
    Passes: 2, Time/Memory: 17.27,1033508, Output: ['2']
  Running k=7,...
    Passes: 2, Time/Memory: 17.40,1033580, Output: ['2']
  Running k=8,...
    Passes: 2, Time/Memory: 18.02,1033448, Output: ['2']
  Running k=9,...
    Passes: 2, Time/Memory: 17.75,1033448, Output: ['2']
  Running k=10,...
    Passes: 2, Time/Memory: 17.57,1033564, Output: ['2']
  Running c=2,...
    Passes: 15, Time/Memory: 1294.58,1006504, Output: ['15']
Results for RoadnetCA running kpath0 saved to ./results/real/table_data

Running RoadnetCA for variant 1...
  Running k=1,...
    Passes: 29, Time/Memory: 1490.99,814712, Output: ['29']
  Running k=2,...
    Passes: 1, Time/Memory: 1.06,312092, Output: ['1']
  Running k=3,...
    Passes: 1, Time/Memory: 1.04,312204, Output: ['1']
  Running k=4,...
    Passes: 1, Time/Memory: 1.05,312244, Output: ['1']
  Running k=5,...
    Passes: 1, Time/Memory: 0.92,312148, Output: ['1']
  Running k=6,...
    Passes: 1, Time/Memory: 1.03,312248, Output: ['1']
  Running k=7,...
    Passes: 1, Time/Memory: 1.03,312140, Output: ['1']
  Running k=8,...
    Passes: 1, Time/Memory: 1.05,312192, Output: ['1']
  Running k=9,...
    Passes: 1, Time/Memory: 1.05,312144, Output: ['1']
  Running k=10,...
    Passes: 1, Time/Memory: 1.06,312088, Output: ['1']
  Running c=2,...
    Passes: 1, Time/Memory: 1.06,312228, Output: ['1']
Results for RoadnetCA running kpath1 saved to ./results/real/table_data

Running RoadnetCA for variant 2...
  Running k=1,...
    Passes: 23, Time/Memory: 1753.48,870040, Output: ['23']
  Running k=2,...
    Passes: 1, Time/Memory: 1.02,312320, Output: ['1']
  Running k=3,...
    Passes: 1, Time/Memory: 0.92,312208, Output: ['1']
  Running k=4,...
    Passes: 1, Time/Memory: 1.05,312256, Output: ['1']
  Running k=5,...
    Passes: 1, Time/Memory: 1.05,312268, Output: ['1']
  Running k=6,...
    Passes: 1, Time/Memory: 1.03,312260, Output: ['1']
  Running k=7,...
    Passes: 1, Time/Memory: 1.06,312328, Output: ['1']
  Running k=8,...
    Passes: 1, Time/Memory: 1.05,312248, Output: ['1']
  Running k=9,...
    Passes: 1, Time/Memory: 1.00,312284, Output: ['1']
  Running k=10,...
    Passes: 1, Time/Memory: 1.05,312316, Output: ['1']
  Running c=2,...
    Passes: 1, Time/Memory: 1.05,312220, Output: ['1']
Results for RoadnetCA running kpath2 saved to ./results/real/table_data

Running RoadnetCA for variant N...
  Running k=1,...
    Passes: 5, Time/Memory: 675.86,905100, Output: ['5']
  Running k=2,...
    Passes: 1, Time/Memory: 0.92,312308, Output: ['1']
  Running k=3,...
    Passes: 1, Time/Memory: 1.06,312148, Output: ['1']
  Running k=4,...
    Passes: 1, Time/Memory: 1.05,312308, Output: ['1']
  Running k=5,...
    Passes: 1, Time/Memory: 1.07,312244, Output: ['1']
  Running k=6,...
    Passes: 1, Time/Memory: 1.03,312060, Output: ['1']
  Running k=7,...
    Passes: 1, Time/Memory: 1.03,312288, Output: ['1']
  Running k=8,...
    Passes: 1, Time/Memory: 1.08,312152, Output: ['1']
  Running k=9,...
    Passes: 1, Time/Memory: 1.06,312308, Output: ['1']
  Running k=10,...
    Passes: 1, Time/Memory: 1.08,312084, Output: ['1']
  Running c=2,...
    Passes: 1, Time/Memory: 1.04,312308, Output: ['1']
Results for RoadnetCA running kpathN saved to ./results/real/table_data
