
Running KonectDblp for variant N...
  Running k=1,...
Timeout (12hrs) expired for graph KonectDblp, kpathN, k=1
Error running graph KonectDblp, variant N, k=1
  Running k=2,...
    Passes: 1, Time/Memory: 6.13,1241544, Output: ['1']
  Running k=3,...
    Passes: 1, Time/Memory: 5.72,1241552, Output: ['1']
  Running k=4,...
    Passes: 1, Time/Memory: 6.38,1241628, Output: ['1']
  Running k=5,...
    Passes: 1, Time/Memory: 6.03,1241612, Output: ['1']
  Running k=6,...
    Passes: 1, Time/Memory: 6.15,1241672, Output: ['1']
  Running k=7,...
    Passes: 1, Time/Memory: 5.53,1241476, Output: ['1']
  Running k=8,...
    Passes: 1, Time/Memory: 5.54,1241668, Output: ['1']
  Running k=9,...
    Passes: 1, Time/Memory: 5.48,1241624, Output: ['1']
  Running k=10,...
    Passes: 1, Time/Memory: 7.50,1241544, Output: ['1']
  Running c=2,...
    Passes: 1, Time/Memory: 8.39,1241552, Output: ['1']
Results for KonectDblp running kpathN saved to ./results/real/table_data
