
Running Orkut for variant 0...
  Running k=1,...
Timeout (12hrs) expired for graph Orkut, kpath0, k=1
Error running graph Orkut, variant 0, k=1
  Running k=2,...
Timeout (12hrs) expired for graph Orkut, kpath0, k=2
Error running graph Orkut, variant 0, k=2
  Running k=3,...
    Passes: 29, Time/Memory: 9006.72,1819408, Output: ['29']
  Running k=4,...
    Passes: 19, Time/Memory: 8225.71,2112300, Output: ['19']
  Running k=5,...
    Passes: 15, Time/Memory: 9591.97,2407024, Output: ['15']
  Running k=6,...
    Passes: 11, Time/Memory: 5999.50,2696112, Output: ['11']
  Running k=7,...
    Passes: 11, Time/Memory: 6534.28,2995864, Output: ['11']
  Running k=8,...
    Passes: 9, Time/Memory: 4065.27,3289760, Output: ['9']
  Running k=9,...
    Passes: 8, Time/Memory: 7442.93,3576872, Output: ['8']
  Running k=10,...
    Passes: 8, Time/Memory: 6917.14,3871456, Output: ['8']
  Running c=39,...
    Passes: 3, Time/Memory: 8603.30,12368892, Output: ['3']
Results for Orkut running kpath0 saved to ./results/real/table_data

Running Orkut for variant 1...
  Running k=1,...
Timeout (12hrs) expired for graph Orkut, kpath1, k=1
Error running graph Orkut, variant 1, k=1
  Running k=2,...
    Passes: 132, Time/Memory: 7762.42,1601620, Output: ['132']
  Running k=3,...
    Passes: 28, Time/Memory: 6293.73,1877000, Output: ['28']
  Running k=4,...
    Passes: 19, Time/Memory: 6347.44,2115588, Output: ['19']
  Running k=5,...
    Passes: 14, Time/Memory: 6117.09,2405324, Output: ['14']
  Running k=6,...
    Passes: 11, Time/Memory: 5436.32,2699412, Output: ['11']
  Running k=7,...
    Passes: 10, Time/Memory: 7747.77,2995284, Output: ['10']
  Running k=8,...
    Passes: 9, Time/Memory: 6636.53,3285612, Output: ['9']
  Running k=9,...
    Passes: 8, Time/Memory: 11350.58,3579196, Output: ['8']
  Running k=10,...
    Passes: 7, Time/Memory: 9847.15,3869396, Output: ['7']
  Running c=39,...
    Passes: 1, Time/Memory: 102.90,3054244, Output: ['1']
Results for Orkut running kpath1 saved to ./results/real/table_data

Running Orkut for variant 2...
  Running k=1,...
Timeout (12hrs) expired for graph Orkut, kpath2, k=1
Error running graph Orkut, variant 2, k=1
  Running k=2,...
    Passes: 36, Time/Memory: 9282.29,1517844, Output: ['36']
  Running k=3,...
    Passes: 19, Time/Memory: 7970.08,1936844, Output: ['19']
  Running k=4,...
    Passes: 15, Time/Memory: 9203.79,2271956, Output: ['15']
  Running k=5,...
    Passes: 12, Time/Memory: 11534.47,2462896, Output: ['12']
  Running k=6,...
    Passes: 9, Time/Memory: 10213.08,2727068, Output: ['9']
  Running k=7,...
    Passes: 9, Time/Memory: 9892.82,3044460, Output: ['9']
  Running k=8,...
    Passes: 8, Time/Memory: 10529.14,3301392, Output: ['8']
  Running k=9,...
    Passes: 6, Time/Memory: 8265.56,3575016, Output: ['6']
  Running k=10,...
    Passes: 6, Time/Memory: 5435.21,3865360, Output: ['6']
  Running c=39,...
    Passes: 1, Time/Memory: 54.75,3054240, Output: ['1']
Results for Orkut running kpath2 saved to ./results/real/table_data

Running Orkut for variant N...
  Running k=1,...
    Passes: 314, Time/Memory: 14169.67,1374132, Output: ['314']
  Running k=2,...
    Passes: 66, Time/Memory: 7285.28,1669208, Output: ['66']
  Running k=3,...
    Passes: 20, Time/Memory: 5325.42,1978508, Output: ['20']
  Running k=4,...
    Passes: 16, Time/Memory: 2928.41,2262876, Output: ['16']
  Running k=5,...
    Passes: 94, Time/Memory: 4788.20,2554624, Output: ['94']
  Running k=6,...
    Passes: 26, Time/Memory: 2852.77,2835116, Output: ['26']
  Running k=7,...
    Passes: 25, Time/Memory: 2735.10,3114368, Output: ['25']
  Running k=8,...
    Passes: 8, Time/Memory: 2303.70,3340160, Output: ['8']
  Running k=9,...
    Passes: 6, Time/Memory: 4302.24,3697256, Output: ['6']
  Running k=10,...
    Passes: 14, Time/Memory: 2700.72,3982792, Output: ['14']
  Running c=39,...
    Passes: 1, Time/Memory: 35.27,3054172, Output: ['1']
Results for Orkut running kpathN saved to ./results/real/table_data

Running Orkut for variant 0...
  Running k=1,...
    Passes: 6, Time/Memory: 9750.24,1377220, Output: ['6']
  Running k=2,...
    Passes: 6, Time/Memory: 11143.66,1377188, Output: ['6']
  Running k=3,...
    Passes: 6, Time/Memory: 13938.35,1377168, Output: ['6']
  Running k=4,...
    Passes: 6, Time/Memory: 12107.28,1376864, Output: ['6']
  Running k=5,...
    Passes: 6, Time/Memory: 12510.61,1376436, Output: ['6']
  Running k=6,...
    Passes: 6, Time/Memory: 13313.99,1376700, Output: ['6']
  Running k=7,...
    Passes: 6, Time/Memory: 12618.43,1376848, Output: ['6']
  Running k=8,...
    Passes: 6, Time/Memory: 8061.71,1377232, Output: ['6']
  Running k=9,...
    Passes: 6, Time/Memory: 5589.96,1376600, Output: ['6']
  Running k=10,...
    Passes: 6, Time/Memory: 5503.99,1376696, Output: ['6']
  Running c=39,...
    Passes: 6, Time/Memory: 6583.39,1376676, Output: ['6']
Results for Orkut running klev0 saved to ./results/real/table_data

Running Orkut for variant 1...
  Running k=1,...
    Passes: 5, Time/Memory: 6775.80,1306688, Output: ['5']
  Running k=2,...
    Passes: 5, Time/Memory: 7415.29,1394296, Output: ['5']
  Running k=3,...
    Passes: 5, Time/Memory: 6589.93,1394388, Output: ['5']
  Running k=4,...
    Passes: 5, Time/Memory: 6203.87,1394336, Output: ['5']
  Running k=5,...
    Passes: 5, Time/Memory: 7767.59,1394708, Output: ['5']
  Running k=6,...
    Passes: 5, Time/Memory: 7920.59,1394380, Output: ['5']
  Running k=7,...
    Passes: 5, Time/Memory: 7810.24,1394324, Output: ['5']
  Running k=8,...
    Passes: 5, Time/Memory: 7822.49,1392352, Output: ['5']
  Running k=9,...
    Passes: 5, Time/Memory: 7288.68,1392612, Output: ['5']
  Running k=10,...
    Passes: 5, Time/Memory: 7961.86,1391724, Output: ['5']
  Running c=39,...
    Passes: 1, Time/Memory: 39.39,3054184, Output: ['1']
Results for Orkut running klev1 saved to ./results/real/table_data

Running Orkut for variant 2...
  Running k=1,...
    Passes: 4, Time/Memory: 8496.61,1694276, Output: ['4']
  Running k=2,...
    Passes: 4, Time/Memory: 7082.89,1969280, Output: ['4']
  Running k=3,...
    Passes: 4, Time/Memory: 7908.16,2261644, Output: ['4']
  Running k=4,...
    Passes: 4, Time/Memory: 5933.07,2542088, Output: ['4']
  Running k=5,...
    Passes: 4, Time/Memory: 7335.57,2813352, Output: ['4']
  Running k=6,...
    Passes: 4, Time/Memory: 6477.25,3105536, Output: ['4']
  Running k=7,...
    Passes: 4, Time/Memory: 5747.25,3391976, Output: ['4']
  Running k=8,...
    Passes: 4, Time/Memory: 6156.11,3676740, Output: ['4']
  Running k=9,...
    Passes: 4, Time/Memory: 5969.17,3961232, Output: ['4']
  Running k=10,...
    Passes: 3, Time/Memory: 6093.70,4246480, Output: ['3']
  Running c=39,...
    Passes: 1, Time/Memory: 36.62,3054404, Output: ['1']
Results for Orkut running klev2 saved to ./results/real/table_data

Running Orkut for variant N...
  Running k=1,...
    Passes: 4, Time/Memory: 5866.35,1692312, Output: ['4']
  Running k=2,...
    Passes: 4, Time/Memory: 6508.38,1980632, Output: ['4']
  Running k=3,...
    Passes: 4, Time/Memory: 6769.73,2246584, Output: ['4']
  Running k=4,...
    Passes: 4, Time/Memory: 5856.10,2540516, Output: ['4']
  Running k=5,...
    Passes: 4, Time/Memory: 5765.40,2826272, Output: ['4']
  Running k=6,...
    Passes: 4, Time/Memory: 5761.09,3113104, Output: ['4']
  Running k=7,...
    Passes: 4, Time/Memory: 5708.94,3397584, Output: ['4']
  Running k=8,...
    Passes: 4, Time/Memory: 6208.99,3682560, Output: ['4']
  Running k=9,...
    Passes: 4, Time/Memory: 7209.58,3967328, Output: ['4']
  Running k=10,...
    Passes: 4, Time/Memory: 7644.82,4251884, Output: ['4']
  Running c=39,...
    Passes: 1, Time/Memory: 38.82,3054168, Output: ['1']
Results for Orkut running klevN saved to ./results/real/table_data
