
Running Twitch for variant 0...
  Running k=1,...
    Passes: 1692, Time/Memory: 3140.85,75848, Output: ['1692']
  Running k=2,...
    Passes: 41, Time/Memory: 94.29,87480, Output: ['41']
  Running k=3,...
    Passes: 17, Time/Memory: 51.20,104632, Output: ['17']
  Running k=4,...
    Passes: 12, Time/Memory: 38.11,117780, Output: ['12']
  Running k=5,...
    Passes: 10, Time/Memory: 34.39,131912, Output: ['10']
  Running k=6,...
    Passes: 8, Time/Memory: 29.62,150368, Output: ['8']
  Running k=7,...
    Passes: 7, Time/Memory: 26.56,170224, Output: ['7']
  Running k=8,...
    Passes: 7, Time/Memory: 33.17,181772, Output: ['7']
  Running k=9,...
    Passes: 6, Time/Memory: 27.57,199748, Output: ['6']
  Running k=10,...
    Passes: 6, Time/Memory: 30.93,213644, Output: ['6']
  Running c=41,...
    Passes: 3, Time/Memory: 26.08,708180, Output: ['3']
Results for Twitch running kpath0 saved to ./results/real/table_data

Running Twitch for variant 1...
  Running k=1,...
    Passes: 1732, Time/Memory: 3063.76,76044, Output: ['1732']
  Running k=2,...
    Passes: 40, Time/Memory: 94.33,91596, Output: ['40']
  Running k=3,...
    Passes: 17, Time/Memory: 48.35,100240, Output: ['17']
  Running k=4,...
    Passes: 12, Time/Memory: 40.16,116664, Output: ['12']
  Running k=5,...
    Passes: 9, Time/Memory: 30.33,133104, Output: ['9']
  Running k=6,...
    Passes: 8, Time/Memory: 32.37,148856, Output: ['8']
  Running k=7,...
    Passes: 6, Time/Memory: 22.17,166820, Output: ['6']
  Running k=8,...
    Passes: 6, Time/Memory: 26.46,180020, Output: ['6']
  Running k=9,...
    Passes: 5, Time/Memory: 22.03,196348, Output: ['5']
  Running k=10,...
    Passes: 5, Time/Memory: 24.20,212988, Output: ['5']
  Running c=41,...
    Passes: 1, Time/Memory: 3.80,170740, Output: ['1']
Results for Twitch running kpath1 saved to ./results/real/table_data

Running Twitch for variant 2...
  Running k=1,...
    Passes: 1418, Time/Memory: 2625.24,81456, Output: ['1418']
  Running k=2,...
    Passes: 20, Time/Memory: 58.30,94272, Output: ['20']
  Running k=3,...
    Passes: 13, Time/Memory: 44.33,102508, Output: ['13']
  Running k=4,...
    Passes: 9, Time/Memory: 31.16,125204, Output: ['9']
  Running k=5,...
    Passes: 8, Time/Memory: 32.51,141476, Output: ['8']
  Running k=6,...
    Passes: 6, Time/Memory: 23.21,154876, Output: ['6']
  Running k=7,...
    Passes: 6, Time/Memory: 26.42,168984, Output: ['6']
  Running k=8,...
    Passes: 5, Time/Memory: 22.29,184080, Output: ['5']
  Running k=9,...
    Passes: 5, Time/Memory: 26.11,199752, Output: ['5']
  Running k=10,...
    Passes: 4, Time/Memory: 20.50,219492, Output: ['4']
  Running c=41,...
    Passes: 1, Time/Memory: 4.79,170812, Output: ['1']
Results for Twitch running kpath2 saved to ./results/real/table_data
