Iteration 1/10 for Graph LiveJournal running kpathN with k=9...
    Passes: 1, Time/Memory: 16.93,1334272, Output: ['1']
Iteration 2/10 for Graph LiveJournal running kpathN with k=9...
    Passes: 1, Time/Memory: 16.71,1334272, Output: ['1']
Iteration 3/10 for Graph LiveJournal running kpathN with k=9...
    Passes: 1, Time/Memory: 16.82,1334272, Output: ['1']
Iteration 4/10 for Graph LiveJournal running kpathN with k=9...
    Passes: 1, Time/Memory: 16.85,1334272, Output: ['1']
Iteration 5/10 for Graph LiveJournal running kpathN with k=9...
    Passes: 1, Time/Memory: 16.79,1334272, Output: ['1']
Iteration 6/10 for Graph LiveJournal running kpathN with k=9...
    Passes: 1, Time/Memory: 16.94,1334272, Output: ['1']
Iteration 7/10 for Graph LiveJournal running kpathN with k=9...
    Passes: 1, Time/Memory: 18.21,1334272, Output: ['1']
Iteration 8/10 for Graph LiveJournal running kpathN with k=9...
    Passes: 1, Time/Memory: 16.86,1334272, Output: ['1']
Iteration 9/10 for Graph LiveJournal running kpathN with k=9...
    Passes: 1, Time/Memory: 16.89,1334272, Output: ['1']
Iteration 10/10 for Graph LiveJournal running kpathN with k=9...
    Passes: 1, Time/Memory: 17.09,1334272, Output: ['1']
Iteration 1/10 for Graph LiveJournal running kpathN with k=10...
    Passes: 1, Time/Memory: 16.67,1334272, Output: ['1']
Iteration 2/10 for Graph LiveJournal running kpathN with k=10...
    Passes: 1, Time/Memory: 16.80,1334272, Output: ['1']
Iteration 3/10 for Graph LiveJournal running kpathN with k=10...
    Passes: 1, Time/Memory: 16.96,1333248, Output: ['1']
Iteration 4/10 for Graph LiveJournal running kpathN with k=10...
    Passes: 1, Time/Memory: 17.07,1334272, Output: ['1']
Iteration 5/10 for Graph LiveJournal running kpathN with k=10...
    Passes: 1, Time/Memory: 16.64,1333248, Output: ['1']
Iteration 6/10 for Graph LiveJournal running kpathN with k=10...
    Passes: 1, Time/Memory: 16.95,1334272, Output: ['1']
Iteration 7/10 for Graph LiveJournal running kpathN with k=10...
    Passes: 1, Time/Memory: 16.69,1334272, Output: ['1']
Iteration 8/10 for Graph LiveJournal running kpathN with k=10...
    Passes: 1, Time/Memory: 16.92,1334272, Output: ['1']
Iteration 9/10 for Graph LiveJournal running kpathN with k=10...
    Passes: 1, Time/Memory: 16.77,1334272, Output: ['1']
Iteration 10/10 for Graph LiveJournal running kpathN with k=10...
    Passes: 1, Time/Memory: 16.64,1333248, Output: ['1']
Iteration 1/10 for Graph LiveJournal running kpathN with k=9...
    Passes: 1, Time/Memory: 16.52,1334272, Output: ['1']
Iteration 2/10 for Graph LiveJournal running kpathN with k=9...
    Passes: 1, Time/Memory: 18.79,1334272, Output: ['1']
Iteration 3/10 for Graph LiveJournal running kpathN with k=9...
    Passes: 1, Time/Memory: 17.85,1334272, Output: ['1']
Iteration 4/10 for Graph LiveJournal running kpathN with k=9...
    Passes: 1, Time/Memory: 16.53,1334272, Output: ['1']
Iteration 5/10 for Graph LiveJournal running kpathN with k=9...
    Passes: 1, Time/Memory: 16.77,1334272, Output: ['1']
Iteration 6/10 for Graph LiveJournal running kpathN with k=9...
    Passes: 1, Time/Memory: 19.23,1334272, Output: ['1']
Iteration 7/10 for Graph LiveJournal running kpathN with k=9...
    Passes: 1, Time/Memory: 16.50,1334272, Output: ['1']
Iteration 8/10 for Graph LiveJournal running kpathN with k=9...
    Passes: 1, Time/Memory: 16.80,1333248, Output: ['1']
Iteration 9/10 for Graph LiveJournal running kpathN with k=9...
    Passes: 1, Time/Memory: 16.71,1334272, Output: ['1']
Iteration 10/10 for Graph LiveJournal running kpathN with k=9...
    Passes: 1, Time/Memory: 16.73,1334272, Output: ['1']
Results for LiveJournal running kpathN saved to ./results/real/average_concurrent_runs
Iteration 1/10 for Graph LiveJournal running kpath2 with k=9...
    Passes: 1, Time/Memory: 16.89,1334272, Output: ['1']
Iteration 2/10 for Graph LiveJournal running kpath2 with k=9...
    Passes: 1, Time/Memory: 16.73,1334272, Output: ['1']
Iteration 3/10 for Graph LiveJournal running kpath2 with k=9...
    Passes: 1, Time/Memory: 16.92,1334272, Output: ['1']
Iteration 4/10 for Graph LiveJournal running kpath2 with k=9...
    Passes: 1, Time/Memory: 16.95,1334272, Output: ['1']
Iteration 5/10 for Graph LiveJournal running kpath2 with k=9...
    Passes: 1, Time/Memory: 16.74,1334272, Output: ['1']
Iteration 6/10 for Graph LiveJournal running kpath2 with k=9...
    Passes: 1, Time/Memory: 17.32,1334272, Output: ['1']
Iteration 7/10 for Graph LiveJournal running kpath2 with k=9...
    Passes: 1, Time/Memory: 17.00,1334272, Output: ['1']
Iteration 8/10 for Graph LiveJournal running kpath2 with k=9...
    Passes: 1, Time/Memory: 17.39,1334272, Output: ['1']
Iteration 9/10 for Graph LiveJournal running kpath2 with k=9...
    Passes: 1, Time/Memory: 16.66,1334272, Output: ['1']
Iteration 10/10 for Graph LiveJournal running kpath2 with k=9...
    Passes: 1, Time/Memory: 17.36,1334272, Output: ['1']
Iteration 1/10 for Graph LiveJournal running kpath2 with k=10...
    Passes: 1, Time/Memory: 16.68,1334272, Output: ['1']
Iteration 2/10 for Graph LiveJournal running kpath2 with k=10...
    Passes: 1, Time/Memory: 17.01,1334272, Output: ['1']
Iteration 3/10 for Graph LiveJournal running kpath2 with k=10...
    Passes: 1, Time/Memory: 16.70,1334272, Output: ['1']
Iteration 4/10 for Graph LiveJournal running kpath2 with k=10...
    Passes: 1, Time/Memory: 17.38,1334272, Output: ['1']
Iteration 5/10 for Graph LiveJournal running kpath2 with k=10...
    Passes: 1, Time/Memory: 16.79,1334272, Output: ['1']
Iteration 6/10 for Graph LiveJournal running kpath2 with k=10...
    Passes: 1, Time/Memory: 19.12,1334272, Output: ['1']
Iteration 7/10 for Graph LiveJournal running kpath2 with k=10...
    Passes: 1, Time/Memory: 16.83,1334272, Output: ['1']
Iteration 8/10 for Graph LiveJournal running kpath2 with k=10...
    Passes: 1, Time/Memory: 16.82,1334272, Output: ['1']
Iteration 9/10 for Graph LiveJournal running kpath2 with k=10...
    Passes: 1, Time/Memory: 16.60,1334272, Output: ['1']
Iteration 10/10 for Graph LiveJournal running kpath2 with k=10...
    Passes: 1, Time/Memory: 16.79,1334272, Output: ['1']
Iteration 1/10 for Graph LiveJournal running kpath2 with k=9...
    Passes: 1, Time/Memory: 16.68,1334272, Output: ['1']
Iteration 2/10 for Graph LiveJournal running kpath2 with k=9...
    Passes: 1, Time/Memory: 16.65,1334272, Output: ['1']
Iteration 3/10 for Graph LiveJournal running kpath2 with k=9...
    Passes: 1, Time/Memory: 16.70,1333248, Output: ['1']
Iteration 4/10 for Graph LiveJournal running kpath2 with k=9...
    Passes: 1, Time/Memory: 16.98,1334272, Output: ['1']
Iteration 5/10 for Graph LiveJournal running kpath2 with k=9...
    Passes: 1, Time/Memory: 16.97,1334272, Output: ['1']
Iteration 6/10 for Graph LiveJournal running kpath2 with k=9...
    Passes: 1, Time/Memory: 17.67,1334272, Output: ['1']
Iteration 7/10 for Graph LiveJournal running kpath2 with k=9...
    Passes: 1, Time/Memory: 16.82,1334272, Output: ['1']
Iteration 8/10 for Graph LiveJournal running kpath2 with k=9...
    Passes: 1, Time/Memory: 16.78,1334272, Output: ['1']
Iteration 9/10 for Graph LiveJournal running kpath2 with k=9...
    Passes: 1, Time/Memory: 16.88,1334272, Output: ['1']
Iteration 10/10 for Graph LiveJournal running kpath2 with k=9...
    Passes: 1, Time/Memory: 16.66,1334272, Output: ['1']
Results for LiveJournal running kpath2 saved to ./results/real/average_concurrent_runs
Iteration 1/10 for Graph LiveJournal running kpath1 with k=9...
    Passes: 1, Time/Memory: 16.97,1334272, Output: ['1']
Iteration 2/10 for Graph LiveJournal running kpath1 with k=9...
    Passes: 1, Time/Memory: 16.70,1334272, Output: ['1']
Iteration 3/10 for Graph LiveJournal running kpath1 with k=9...
    Passes: 1, Time/Memory: 16.83,1334272, Output: ['1']
Iteration 4/10 for Graph LiveJournal running kpath1 with k=9...
    Passes: 1, Time/Memory: 17.13,1334272, Output: ['1']
Iteration 5/10 for Graph LiveJournal running kpath1 with k=9...
    Passes: 1, Time/Memory: 16.82,1334272, Output: ['1']
Iteration 6/10 for Graph LiveJournal running kpath1 with k=9...
    Passes: 1, Time/Memory: 16.97,1334272, Output: ['1']
Iteration 7/10 for Graph LiveJournal running kpath1 with k=9...
    Passes: 1, Time/Memory: 17.01,1333248, Output: ['1']
Iteration 8/10 for Graph LiveJournal running kpath1 with k=9...
    Passes: 1, Time/Memory: 17.42,1334272, Output: ['1']
Iteration 9/10 for Graph LiveJournal running kpath1 with k=9...
    Passes: 1, Time/Memory: 16.75,1334272, Output: ['1']
Iteration 10/10 for Graph LiveJournal running kpath1 with k=9...
    Passes: 1, Time/Memory: 16.84,1334272, Output: ['1']
Iteration 1/10 for Graph LiveJournal running kpath1 with k=10...
    Passes: 1, Time/Memory: 16.85,1334272, Output: ['1']
Iteration 2/10 for Graph LiveJournal running kpath1 with k=10...
    Passes: 1, Time/Memory: 17.02,1333248, Output: ['1']
Iteration 3/10 for Graph LiveJournal running kpath1 with k=10...
    Passes: 1, Time/Memory: 16.81,1334272, Output: ['1']
Iteration 4/10 for Graph LiveJournal running kpath1 with k=10...
    Passes: 1, Time/Memory: 16.88,1334272, Output: ['1']
Iteration 5/10 for Graph LiveJournal running kpath1 with k=10...
    Passes: 1, Time/Memory: 17.30,1334272, Output: ['1']
Iteration 6/10 for Graph LiveJournal running kpath1 with k=10...
    Passes: 1, Time/Memory: 18.87,1334272, Output: ['1']
Iteration 7/10 for Graph LiveJournal running kpath1 with k=10...
    Passes: 1, Time/Memory: 17.12,1334272, Output: ['1']
Iteration 8/10 for Graph LiveJournal running kpath1 with k=10...
    Passes: 1, Time/Memory: 16.82,1334272, Output: ['1']
Iteration 9/10 for Graph LiveJournal running kpath1 with k=10...
    Passes: 1, Time/Memory: 17.13,1332224, Output: ['1']
Iteration 10/10 for Graph LiveJournal running kpath1 with k=10...
    Passes: 1, Time/Memory: 19.20,1334272, Output: ['1']
Iteration 1/10 for Graph LiveJournal running kpath1 with k=9...
    Passes: 1, Time/Memory: 16.78,1334272, Output: ['1']
Iteration 2/10 for Graph LiveJournal running kpath1 with k=9...
    Passes: 1, Time/Memory: 19.60,1334272, Output: ['1']
Iteration 3/10 for Graph LiveJournal running kpath1 with k=9...
    Passes: 1, Time/Memory: 19.61,1334272, Output: ['1']
Iteration 4/10 for Graph LiveJournal running kpath1 with k=9...
    Passes: 1, Time/Memory: 16.92,1334272, Output: ['1']
Iteration 5/10 for Graph LiveJournal running kpath1 with k=9...
    Passes: 1, Time/Memory: 16.57,1334272, Output: ['1']
Iteration 6/10 for Graph LiveJournal running kpath1 with k=9...
    Passes: 1, Time/Memory: 16.83,1334272, Output: ['1']
Iteration 7/10 for Graph LiveJournal running kpath1 with k=9...
    Passes: 1, Time/Memory: 16.79,1334272, Output: ['1']
Iteration 8/10 for Graph LiveJournal running kpath1 with k=9...
    Passes: 1, Time/Memory: 17.87,1333248, Output: ['1']
Iteration 9/10 for Graph LiveJournal running kpath1 with k=9...
    Passes: 1, Time/Memory: 16.80,1334272, Output: ['1']
Iteration 10/10 for Graph LiveJournal running kpath1 with k=9...
    Passes: 1, Time/Memory: 17.71,1333248, Output: ['1']
Results for LiveJournal running kpath1 saved to ./results/real/average_concurrent_runs
