
Running RoadnetPA for variant 0...
  Running k=1,...
    Passes: 30, Time/Memory: 520.48,460264, Output: ['30']
  Running k=2,...
    Passes: 14, Time/Memory: 471.63,580584, Output: ['14']
  Running k=3,...
    Passes: 2, Time/Memory: 5.20,572732, Output: ['2']
  Running k=4,...
    Passes: 2, Time/Memory: 5.34,572760, Output: ['2']
  Running k=5,...
    Passes: 2, Time/Memory: 5.22,572856, Output: ['2']
  Running k=6,...
    Passes: 2, Time/Memory: 5.19,572840, Output: ['2']
  Running k=7,...
    Passes: 2, Time/Memory: 5.16,572728, Output: ['2']
  Running k=8,...
    Passes: 2, Time/Memory: 5.35,572804, Output: ['2']
  Running k=9,...
    Passes: 2, Time/Memory: 4.88,572668, Output: ['2']
  Running k=10,...
    Passes: 2, Time/Memory: 4.79,572728, Output: ['2']
  Running c=2,...
    Passes: 14, Time/Memory: 1604.63,580588, Output: ['14']
Results for RoadnetPA running kpath0 saved to ./results/real/table_data

Running RoadnetPA for variant 1...
  Running k=1,...
    Passes: 32, Time/Memory: 1232.94,460624, Output: ['32']
  Running k=2,...
    Passes: 1, Time/Memory: 0.81,174276, Output: ['1']
  Running k=3,...
    Passes: 1, Time/Memory: 0.78,174496, Output: ['1']
  Running k=4,...
    Passes: 1, Time/Memory: 0.93,174388, Output: ['1']
  Running k=5,...
    Passes: 1, Time/Memory: 0.91,174392, Output: ['1']
  Running k=6,...
    Passes: 1, Time/Memory: 0.90,174484, Output: ['1']
  Running k=7,...
    Passes: 1, Time/Memory: 0.85,174728, Output: ['1']
  Running k=8,...
    Passes: 1, Time/Memory: 0.90,174276, Output: ['1']
  Running k=9,...
    Passes: 1, Time/Memory: 0.89,174352, Output: ['1']
  Running k=10,...
    Passes: 1, Time/Memory: 0.84,174496, Output: ['1']
  Running c=2,...
    Passes: 1, Time/Memory: 0.78,174464, Output: ['1']
Results for RoadnetPA running kpath1 saved to ./results/real/table_data

Running RoadnetPA for variant 2...
  Running k=1,...
    Passes: 32, Time/Memory: 1150.15,478004, Output: ['32']
  Running k=2,...
    Passes: 1, Time/Memory: 0.73,174416, Output: ['1']
  Running k=3,...
    Passes: 1, Time/Memory: 0.79,174484, Output: ['1']
  Running k=4,...
    Passes: 1, Time/Memory: 0.80,174516, Output: ['1']
  Running k=5,...
    Passes: 1, Time/Memory: 0.84,174360, Output: ['1']
  Running k=6,...
    Passes: 1, Time/Memory: 0.78,174316, Output: ['1']
  Running k=7,...
    Passes: 1, Time/Memory: 0.80,174388, Output: ['1']
  Running k=8,...
    Passes: 1, Time/Memory: 0.75,174420, Output: ['1']
  Running k=9,...
    Passes: 1, Time/Memory: 0.83,174348, Output: ['1']
  Running k=10,...
    Passes: 1, Time/Memory: 0.89,174492, Output: ['1']
  Running c=2,...
    Passes: 1, Time/Memory: 0.85,174296, Output: ['1']
Results for RoadnetPA running kpath2 saved to ./results/real/table_data

Running Youtube for variant 0...
  Running k=1,...
    Passes: 962, Time/Memory: 5251.69,489948, Output: ['962']
  Running k=2,...
    Passes: 19, Time/Memory: 1690.75,544424, Output: ['19']
  Running k=3,...
    Passes: 5, Time/Memory: 2923.98,674632, Output: ['5']
  Running k=4,...
    Passes: 2, Time/Memory: 3.78,714532, Output: ['2']
  Running k=5,...
    Passes: 2, Time/Memory: 3.86,714532, Output: ['2']
  Running k=6,...
    Passes: 2, Time/Memory: 3.13,714612, Output: ['2']
  Running k=7,...
    Passes: 2, Time/Memory: 3.04,714440, Output: ['2']
  Running k=8,...
    Passes: 2, Time/Memory: 3.20,714608, Output: ['2']
  Running k=9,...
    Passes: 2, Time/Memory: 3.08,714532, Output: ['2']
  Running k=10,...
    Passes: 2, Time/Memory: 3.24,714632, Output: ['2']
  Running c=3,...
    Passes: 5, Time/Memory: 1279.31,674704, Output: ['5']
Results for Youtube running kpath0 saved to ./results/real/table_data

Running Youtube for variant 1...
  Running k=1,...
    Passes: 919, Time/Memory: 8781.63,490024, Output: ['919']
  Running k=2,...
    Passes: 19, Time/Memory: 2263.14,563412, Output: ['19']
  Running k=3,...
    Passes: 1, Time/Memory: 1.96,217064, Output: ['1']
  Running k=4,...
    Passes: 1, Time/Memory: 1.97,216940, Output: ['1']
  Running k=5,...
    Passes: 1, Time/Memory: 1.98,216848, Output: ['1']
  Running k=6,...
    Passes: 1, Time/Memory: 1.81,216980, Output: ['1']
  Running k=7,...
    Passes: 1, Time/Memory: 2.08,216924, Output: ['1']
  Running k=8,...
    Passes: 1, Time/Memory: 1.85,216940, Output: ['1']
  Running k=9,...
    Passes: 1, Time/Memory: 1.85,216940, Output: ['1']
  Running k=10,...
    Passes: 1, Time/Memory: 1.96,217032, Output: ['1']
  Running c=3,...
    Passes: 1, Time/Memory: 1.90,216948, Output: ['1']
Results for Youtube running kpath1 saved to ./results/real/table_data

Running Youtube for variant 2...
  Running k=1,...
    Passes: 752, Time/Memory: 6023.29,533092, Output: ['752']
  Running k=2,...
    Passes: 4, Time/Memory: 1716.11,564540, Output: ['4']
  Running k=3,...
    Passes: 1, Time/Memory: 2.07,216980, Output: ['1']
  Running k=4,...
    Passes: 1, Time/Memory: 2.19,216832, Output: ['1']
  Running k=5,...
    Passes: 1, Time/Memory: 2.10,216912, Output: ['1']
  Running k=6,...
    Passes: 1, Time/Memory: 2.09,217016, Output: ['1']
  Running k=7,...
    Passes: 1, Time/Memory: 2.17,216912, Output: ['1']
  Running k=8,...
    Passes: 1, Time/Memory: 2.17,216832, Output: ['1']
  Running k=9,...
    Passes: 1, Time/Memory: 2.45,217012, Output: ['1']
  Running k=10,...
    Passes: 1, Time/Memory: 2.27,216912, Output: ['1']
  Running c=3,...
    Passes: 1, Time/Memory: 2.33,216944, Output: ['1']
Results for Youtube running kpath2 saved to ./results/real/table_data

Running RoadnetCA for variant 0...
  Running k=1,...
    Passes: 30, Time/Memory: 4887.92,785604, Output: ['30']
  Running k=2,...
    Passes: 15, Time/Memory: 5727.87,1006408, Output: ['15']
  Running k=3,...
    Passes: 2, Time/Memory: 38.73,1033356, Output: ['2']
  Running k=4,...
    Passes: 2, Time/Memory: 40.72,1033448, Output: ['2']
  Running k=5,...
    Passes: 2, Time/Memory: 48.37,1033556, Output: ['2']
  Running k=6,...
    Passes: 2, Time/Memory: 48.11,1033428, Output: ['2']
  Running k=7,...
    Passes: 2, Time/Memory: 42.25,1033480, Output: ['2']
  Running k=8,...
    Passes: 2, Time/Memory: 41.55,1033376, Output: ['2']
  Running k=9,...
    Passes: 2, Time/Memory: 40.78,1033448, Output: ['2']
  Running k=10,...
    Passes: 2, Time/Memory: 40.65,1033468, Output: ['2']
  Running c=2,...
    Passes: 15, Time/Memory: 4667.81,1006416, Output: ['15']
Results for RoadnetCA running kpath0 saved to ./results/real/table_data

Running RoadnetCA for variant 1...
  Running k=1,...
    Passes: 29, Time/Memory: 4010.88,814660, Output: ['29']
  Running k=2,...
    Passes: 1, Time/Memory: 2.57,312296, Output: ['1']
  Running k=3,...
    Passes: 1, Time/Memory: 2.60,312184, Output: ['1']
  Running k=4,...
    Passes: 1, Time/Memory: 2.64,312288, Output: ['1']
  Running k=5,...
    Passes: 1, Time/Memory: 2.60,312188, Output: ['1']
  Running k=6,...
    Passes: 1, Time/Memory: 2.57,312204, Output: ['1']
  Running k=7,...
    Passes: 1, Time/Memory: 2.64,312304, Output: ['1']
  Running k=8,...
    Passes: 1, Time/Memory: 2.75,312280, Output: ['1']
  Running k=9,...
    Passes: 1, Time/Memory: 2.70,312092, Output: ['1']
  Running k=10,...
    Passes: 1, Time/Memory: 2.61,312300, Output: ['1']
  Running c=2,...
    Passes: 1, Time/Memory: 2.65,312232, Output: ['1']
Results for RoadnetCA running kpath1 saved to ./results/real/table_data

Running RoadnetCA for variant 2...
  Running k=1,...
    Passes: 23, Time/Memory: 6323.51,870028, Output: ['23']
  Running k=2,...
    Passes: 1, Time/Memory: 1.92,312312, Output: ['1']
  Running k=3,...
    Passes: 1, Time/Memory: 1.83,312296, Output: ['1']
  Running k=4,...
    Passes: 1, Time/Memory: 1.90,312304, Output: ['1']
  Running k=5,...
    Passes: 1, Time/Memory: 1.81,312116, Output: ['1']
  Running k=6,...
    Passes: 1, Time/Memory: 1.81,312304, Output: ['1']
  Running k=7,...
    Passes: 1, Time/Memory: 1.84,312204, Output: ['1']
  Running k=8,...
    Passes: 1, Time/Memory: 1.96,312184, Output: ['1']
  Running k=9,...
    Passes: 1, Time/Memory: 1.96,312112, Output: ['1']
  Running k=10,...
    Passes: 1, Time/Memory: 1.89,312280, Output: ['1']
  Running c=2,...
    Passes: 1, Time/Memory: 1.88,312304, Output: ['1']
Results for RoadnetCA running kpath2 saved to ./results/real/table_data
