Iteration 1/10 for Graph KonectDblp running kpathN with k=2...
    Passes: 1, Time/Memory: 10.13,1241088, Output: ['1']
Iteration 2/10 for Graph KonectDblp running kpathN with k=2...
    Passes: 1, Time/Memory: 11.85,1241088, Output: ['1']
Iteration 3/10 for Graph KonectDblp running kpathN with k=2...
    Passes: 1, Time/Memory: 9.64,1241088, Output: ['1']
Iteration 4/10 for Graph KonectDblp running kpathN with k=2...
    Passes: 1, Time/Memory: 9.66,1241088, Output: ['1']
Iteration 5/10 for Graph KonectDblp running kpathN with k=2...
    Passes: 1, Time/Memory: 9.70,1241088, Output: ['1']
Iteration 6/10 for Graph KonectDblp running kpathN with k=2...
    Passes: 1, Time/Memory: 9.83,1241088, Output: ['1']
Iteration 7/10 for Graph KonectDblp running kpathN with k=2...
    Passes: 1, Time/Memory: 9.47,1241088, Output: ['1']
Iteration 8/10 for Graph KonectDblp running kpathN with k=2...
    Passes: 1, Time/Memory: 9.54,1240064, Output: ['1']
Iteration 9/10 for Graph KonectDblp running kpathN with k=2...
    Passes: 1, Time/Memory: 9.52,1241088, Output: ['1']
Iteration 10/10 for Graph KonectDblp running kpathN with k=2...
    Passes: 1, Time/Memory: 9.49,1240064, Output: ['1']
Iteration 1/10 for Graph KonectDblp running kpathN with k=10...
    Passes: 1, Time/Memory: 9.77,1240064, Output: ['1']
Iteration 2/10 for Graph KonectDblp running kpathN with k=10...
    Passes: 1, Time/Memory: 10.78,1241088, Output: ['1']
Iteration 3/10 for Graph KonectDblp running kpathN with k=10...
    Passes: 1, Time/Memory: 9.35,1241088, Output: ['1']
Iteration 4/10 for Graph KonectDblp running kpathN with k=10...
    Passes: 1, Time/Memory: 9.39,1241088, Output: ['1']
Iteration 5/10 for Graph KonectDblp running kpathN with k=10...
    Passes: 1, Time/Memory: 9.43,1241088, Output: ['1']
Iteration 6/10 for Graph KonectDblp running kpathN with k=10...
    Passes: 1, Time/Memory: 9.46,1241088, Output: ['1']
Iteration 7/10 for Graph KonectDblp running kpathN with k=10...
    Passes: 1, Time/Memory: 9.45,1240064, Output: ['1']
Iteration 8/10 for Graph KonectDblp running kpathN with k=10...
    Passes: 1, Time/Memory: 9.49,1241088, Output: ['1']
Iteration 9/10 for Graph KonectDblp running kpathN with k=10...
    Passes: 1, Time/Memory: 9.43,1241088, Output: ['1']
Iteration 10/10 for Graph KonectDblp running kpathN with k=10...
    Passes: 1, Time/Memory: 9.46,1241088, Output: ['1']
Iteration 1/10 for Graph KonectDblp running kpathN with k=9...
    Passes: 1, Time/Memory: 9.40,1241088, Output: ['1']
Iteration 2/10 for Graph KonectDblp running kpathN with k=9...
    Passes: 1, Time/Memory: 9.40,1241088, Output: ['1']
Iteration 3/10 for Graph KonectDblp running kpathN with k=9...
    Passes: 1, Time/Memory: 9.46,1241088, Output: ['1']
Iteration 4/10 for Graph KonectDblp running kpathN with k=9...
    Passes: 1, Time/Memory: 9.37,1240064, Output: ['1']
Iteration 5/10 for Graph KonectDblp running kpathN with k=9...
    Passes: 1, Time/Memory: 9.43,1241088, Output: ['1']
Iteration 6/10 for Graph KonectDblp running kpathN with k=9...
    Passes: 1, Time/Memory: 9.55,1241088, Output: ['1']
Iteration 7/10 for Graph KonectDblp running kpathN with k=9...
    Passes: 1, Time/Memory: 9.48,1241088, Output: ['1']
Iteration 8/10 for Graph KonectDblp running kpathN with k=9...
    Passes: 1, Time/Memory: 9.42,1241088, Output: ['1']
Iteration 9/10 for Graph KonectDblp running kpathN with k=9...
    Passes: 1, Time/Memory: 9.39,1240064, Output: ['1']
Iteration 10/10 for Graph KonectDblp running kpathN with k=9...
    Passes: 1, Time/Memory: 10.02,1241088, Output: ['1']
Iteration 1/10 for Graph KonectDblp running kpathN with k=8...
    Passes: 1, Time/Memory: 9.52,1240064, Output: ['1']
Iteration 2/10 for Graph KonectDblp running kpathN with k=8...
    Passes: 1, Time/Memory: 9.98,1241088, Output: ['1']
Iteration 3/10 for Graph KonectDblp running kpathN with k=8...
    Passes: 1, Time/Memory: 9.43,1241088, Output: ['1']
Iteration 4/10 for Graph KonectDblp running kpathN with k=8...
    Passes: 1, Time/Memory: 9.43,1241088, Output: ['1']
Iteration 5/10 for Graph KonectDblp running kpathN with k=8...
    Passes: 1, Time/Memory: 9.44,1241088, Output: ['1']
Iteration 6/10 for Graph KonectDblp running kpathN with k=8...
    Passes: 1, Time/Memory: 9.50,1241088, Output: ['1']
Iteration 7/10 for Graph KonectDblp running kpathN with k=8...
    Passes: 1, Time/Memory: 9.42,1241088, Output: ['1']
Iteration 8/10 for Graph KonectDblp running kpathN with k=8...
    Passes: 1, Time/Memory: 10.20,1241088, Output: ['1']
Iteration 9/10 for Graph KonectDblp running kpathN with k=8...
    Passes: 1, Time/Memory: 9.41,1241088, Output: ['1']
Iteration 10/10 for Graph KonectDblp running kpathN with k=8...
    Passes: 1, Time/Memory: 9.37,1241088, Output: ['1']
Iteration 1/10 for Graph KonectDblp running kpathN with k=7...
    Passes: 1, Time/Memory: 9.41,1241088, Output: ['1']
Iteration 2/10 for Graph KonectDblp running kpathN with k=7...
    Passes: 1, Time/Memory: 9.43,1241088, Output: ['1']
Iteration 3/10 for Graph KonectDblp running kpathN with k=7...
    Passes: 1, Time/Memory: 9.46,1241088, Output: ['1']
Iteration 4/10 for Graph KonectDblp running kpathN with k=7...
    Passes: 1, Time/Memory: 9.45,1240064, Output: ['1']
Iteration 5/10 for Graph KonectDblp running kpathN with k=7...
    Passes: 1, Time/Memory: 9.48,1240064, Output: ['1']
Iteration 6/10 for Graph KonectDblp running kpathN with k=7...
    Passes: 1, Time/Memory: 9.51,1241088, Output: ['1']
Iteration 7/10 for Graph KonectDblp running kpathN with k=7...
    Passes: 1, Time/Memory: 9.45,1240064, Output: ['1']
Iteration 8/10 for Graph KonectDblp running kpathN with k=7...
    Passes: 1, Time/Memory: 9.49,1240064, Output: ['1']
Iteration 9/10 for Graph KonectDblp running kpathN with k=7...
    Passes: 1, Time/Memory: 9.44,1240064, Output: ['1']
Iteration 10/10 for Graph KonectDblp running kpathN with k=7...
    Passes: 1, Time/Memory: 9.50,1241088, Output: ['1']
Iteration 1/10 for Graph KonectDblp running kpathN with k=6...
    Passes: 1, Time/Memory: 9.51,1241088, Output: ['1']
Iteration 2/10 for Graph KonectDblp running kpathN with k=6...
    Passes: 1, Time/Memory: 9.44,1241088, Output: ['1']
Iteration 3/10 for Graph KonectDblp running kpathN with k=6...
    Passes: 1, Time/Memory: 9.56,1240064, Output: ['1']
Iteration 4/10 for Graph KonectDblp running kpathN with k=6...
    Passes: 1, Time/Memory: 9.49,1241088, Output: ['1']
Iteration 5/10 for Graph KonectDblp running kpathN with k=6...
    Passes: 1, Time/Memory: 9.75,1241088, Output: ['1']
Iteration 6/10 for Graph KonectDblp running kpathN with k=6...
    Passes: 1, Time/Memory: 9.41,1240064, Output: ['1']
Iteration 7/10 for Graph KonectDblp running kpathN with k=6...
    Passes: 1, Time/Memory: 9.61,1241088, Output: ['1']
Iteration 8/10 for Graph KonectDblp running kpathN with k=6...
    Passes: 1, Time/Memory: 9.43,1241088, Output: ['1']
Iteration 9/10 for Graph KonectDblp running kpathN with k=6...
    Passes: 1, Time/Memory: 9.39,1241088, Output: ['1']
Iteration 10/10 for Graph KonectDblp running kpathN with k=6...
    Passes: 1, Time/Memory: 9.40,1241088, Output: ['1']
Iteration 1/10 for Graph KonectDblp running kpathN with k=5...
    Passes: 1, Time/Memory: 9.42,1241088, Output: ['1']
Iteration 2/10 for Graph KonectDblp running kpathN with k=5...
    Passes: 1, Time/Memory: 9.68,1240064, Output: ['1']
Iteration 3/10 for Graph KonectDblp running kpathN with k=5...
    Passes: 1, Time/Memory: 9.43,1241088, Output: ['1']
Iteration 4/10 for Graph KonectDblp running kpathN with k=5...
    Passes: 1, Time/Memory: 9.50,1240064, Output: ['1']
Iteration 5/10 for Graph KonectDblp running kpathN with k=5...
    Passes: 1, Time/Memory: 9.50,1240064, Output: ['1']
Iteration 6/10 for Graph KonectDblp running kpathN with k=5...
    Passes: 1, Time/Memory: 9.97,1241088, Output: ['1']
Iteration 7/10 for Graph KonectDblp running kpathN with k=5...
    Passes: 1, Time/Memory: 9.45,1241088, Output: ['1']
Iteration 8/10 for Graph KonectDblp running kpathN with k=5...
    Passes: 1, Time/Memory: 9.42,1240064, Output: ['1']
Iteration 9/10 for Graph KonectDblp running kpathN with k=5...
    Passes: 1, Time/Memory: 9.45,1241088, Output: ['1']
Iteration 10/10 for Graph KonectDblp running kpathN with k=5...
    Passes: 1, Time/Memory: 9.35,1241088, Output: ['1']
Iteration 1/10 for Graph KonectDblp running kpathN with k=4...
    Passes: 1, Time/Memory: 9.42,1241088, Output: ['1']
Iteration 2/10 for Graph KonectDblp running kpathN with k=4...
    Passes: 1, Time/Memory: 9.51,1240064, Output: ['1']
Iteration 3/10 for Graph KonectDblp running kpathN with k=4...
    Passes: 1, Time/Memory: 9.43,1241088, Output: ['1']
Iteration 4/10 for Graph KonectDblp running kpathN with k=4...
    Passes: 1, Time/Memory: 9.48,1240064, Output: ['1']
Iteration 5/10 for Graph KonectDblp running kpathN with k=4...
    Passes: 1, Time/Memory: 9.40,1241088, Output: ['1']
Iteration 6/10 for Graph KonectDblp running kpathN with k=4...
    Passes: 1, Time/Memory: 9.43,1241088, Output: ['1']
Iteration 7/10 for Graph KonectDblp running kpathN with k=4...
    Passes: 1, Time/Memory: 9.45,1240064, Output: ['1']
Iteration 8/10 for Graph KonectDblp running kpathN with k=4...
    Passes: 1, Time/Memory: 9.43,1240064, Output: ['1']
Iteration 9/10 for Graph KonectDblp running kpathN with k=4...
    Passes: 1, Time/Memory: 10.35,1240064, Output: ['1']
Iteration 10/10 for Graph KonectDblp running kpathN with k=4...
    Passes: 1, Time/Memory: 9.47,1241088, Output: ['1']
Iteration 1/10 for Graph KonectDblp running kpathN with k=3...
    Passes: 1, Time/Memory: 9.35,1241088, Output: ['1']
Iteration 2/10 for Graph KonectDblp running kpathN with k=3...
    Passes: 1, Time/Memory: 9.40,1241088, Output: ['1']
Iteration 3/10 for Graph KonectDblp running kpathN with k=3...
    Passes: 1, Time/Memory: 9.38,1241088, Output: ['1']
Iteration 4/10 for Graph KonectDblp running kpathN with k=3...
    Passes: 1, Time/Memory: 9.38,1241088, Output: ['1']
Iteration 5/10 for Graph KonectDblp running kpathN with k=3...
    Passes: 1, Time/Memory: 9.39,1241088, Output: ['1']
Iteration 6/10 for Graph KonectDblp running kpathN with k=3...
    Passes: 1, Time/Memory: 9.39,1241088, Output: ['1']
Iteration 7/10 for Graph KonectDblp running kpathN with k=3...
    Passes: 1, Time/Memory: 9.39,1241088, Output: ['1']
Iteration 8/10 for Graph KonectDblp running kpathN with k=3...
    Passes: 1, Time/Memory: 9.50,1241088, Output: ['1']
Iteration 9/10 for Graph KonectDblp running kpathN with k=3...
    Passes: 1, Time/Memory: 9.82,1241088, Output: ['1']
Iteration 10/10 for Graph KonectDblp running kpathN with k=3...
    Passes: 1, Time/Memory: 9.48,1241088, Output: ['1']
Iteration 1/10 for Graph KonectDblp running kpathN with k=2...
    Passes: 1, Time/Memory: 9.47,1241088, Output: ['1']
Iteration 2/10 for Graph KonectDblp running kpathN with k=2...
    Passes: 1, Time/Memory: 9.63,1241088, Output: ['1']
Iteration 3/10 for Graph KonectDblp running kpathN with k=2...
    Passes: 1, Time/Memory: 9.70,1241088, Output: ['1']
Iteration 4/10 for Graph KonectDblp running kpathN with k=2...
    Passes: 1, Time/Memory: 9.81,1241088, Output: ['1']
Iteration 5/10 for Graph KonectDblp running kpathN with k=2...
    Passes: 1, Time/Memory: 9.91,1241088, Output: ['1']
Iteration 6/10 for Graph KonectDblp running kpathN with k=2...
    Passes: 1, Time/Memory: 9.79,1240064, Output: ['1']
Iteration 7/10 for Graph KonectDblp running kpathN with k=2...
    Passes: 1, Time/Memory: 9.53,1241088, Output: ['1']
Iteration 8/10 for Graph KonectDblp running kpathN with k=2...
    Passes: 1, Time/Memory: 9.49,1241088, Output: ['1']
Iteration 9/10 for Graph KonectDblp running kpathN with k=2...
    Passes: 1, Time/Memory: 9.54,1241088, Output: ['1']
Iteration 10/10 for Graph KonectDblp running kpathN with k=2...
    Passes: 1, Time/Memory: 9.54,1241088, Output: ['1']
Results for KonectDblp running kpathN saved to ./results/real/average_concurrent_runs
Iteration 1/10 for Graph KonectDblp running kpath2 with k=2...
    Passes: 1, Time/Memory: 9.70,1241088, Output: ['1']
Iteration 2/10 for Graph KonectDblp running kpath2 with k=2...
    Passes: 1, Time/Memory: 9.49,1241088, Output: ['1']
Iteration 3/10 for Graph KonectDblp running kpath2 with k=2...
    Passes: 1, Time/Memory: 9.74,1241088, Output: ['1']
Iteration 4/10 for Graph KonectDblp running kpath2 with k=2...
    Passes: 1, Time/Memory: 9.42,1241088, Output: ['1']
Iteration 5/10 for Graph KonectDblp running kpath2 with k=2...
    Passes: 1, Time/Memory: 9.56,1241088, Output: ['1']
Iteration 6/10 for Graph KonectDblp running kpath2 with k=2...
    Passes: 1, Time/Memory: 9.48,1241088, Output: ['1']
Iteration 7/10 for Graph KonectDblp running kpath2 with k=2...
    Passes: 1, Time/Memory: 9.50,1241088, Output: ['1']
Iteration 8/10 for Graph KonectDblp running kpath2 with k=2...
    Passes: 1, Time/Memory: 9.75,1241088, Output: ['1']
Iteration 9/10 for Graph KonectDblp running kpath2 with k=2...
    Passes: 1, Time/Memory: 9.67,1241088, Output: ['1']
Iteration 10/10 for Graph KonectDblp running kpath2 with k=2...
    Passes: 1, Time/Memory: 9.40,1239040, Output: ['1']
Iteration 1/10 for Graph KonectDblp running kpath2 with k=10...
    Passes: 1, Time/Memory: 9.39,1241088, Output: ['1']
Iteration 2/10 for Graph KonectDblp running kpath2 with k=10...
    Passes: 1, Time/Memory: 9.34,1241088, Output: ['1']
Iteration 3/10 for Graph KonectDblp running kpath2 with k=10...
    Passes: 1, Time/Memory: 9.46,1241088, Output: ['1']
Iteration 4/10 for Graph KonectDblp running kpath2 with k=10...
    Passes: 1, Time/Memory: 9.40,1240064, Output: ['1']
Iteration 5/10 for Graph KonectDblp running kpath2 with k=10...
    Passes: 1, Time/Memory: 9.43,1241088, Output: ['1']
Iteration 6/10 for Graph KonectDblp running kpath2 with k=10...
    Passes: 1, Time/Memory: 9.42,1241088, Output: ['1']
Iteration 7/10 for Graph KonectDblp running kpath2 with k=10...
    Passes: 1, Time/Memory: 9.41,1241088, Output: ['1']
Iteration 8/10 for Graph KonectDblp running kpath2 with k=10...
    Passes: 1, Time/Memory: 9.97,1241088, Output: ['1']
Iteration 9/10 for Graph KonectDblp running kpath2 with k=10...
    Passes: 1, Time/Memory: 9.49,1241088, Output: ['1']
Iteration 10/10 for Graph KonectDblp running kpath2 with k=10...
    Passes: 1, Time/Memory: 9.68,1241088, Output: ['1']
Iteration 1/10 for Graph KonectDblp running kpath2 with k=9...
    Passes: 1, Time/Memory: 9.34,1240064, Output: ['1']
Iteration 2/10 for Graph KonectDblp running kpath2 with k=9...
    Passes: 1, Time/Memory: 9.47,1240064, Output: ['1']
Iteration 3/10 for Graph KonectDblp running kpath2 with k=9...
    Passes: 1, Time/Memory: 9.39,1241088, Output: ['1']
Iteration 4/10 for Graph KonectDblp running kpath2 with k=9...
    Passes: 1, Time/Memory: 9.44,1241088, Output: ['1']
Iteration 5/10 for Graph KonectDblp running kpath2 with k=9...
    Passes: 1, Time/Memory: 9.41,1240064, Output: ['1']
Iteration 6/10 for Graph KonectDblp running kpath2 with k=9...
    Passes: 1, Time/Memory: 9.42,1241088, Output: ['1']
Iteration 7/10 for Graph KonectDblp running kpath2 with k=9...
    Passes: 1, Time/Memory: 9.43,1240064, Output: ['1']
Iteration 8/10 for Graph KonectDblp running kpath2 with k=9...
    Passes: 1, Time/Memory: 9.38,1241088, Output: ['1']
Iteration 9/10 for Graph KonectDblp running kpath2 with k=9...
    Passes: 1, Time/Memory: 9.42,1241088, Output: ['1']
Iteration 10/10 for Graph KonectDblp running kpath2 with k=9...
    Passes: 1, Time/Memory: 9.77,1241088, Output: ['1']
Iteration 1/10 for Graph KonectDblp running kpath2 with k=8...
    Passes: 1, Time/Memory: 9.46,1240064, Output: ['1']
Iteration 2/10 for Graph KonectDblp running kpath2 with k=8...
    Passes: 1, Time/Memory: 9.45,1240064, Output: ['1']
Iteration 3/10 for Graph KonectDblp running kpath2 with k=8...
    Passes: 1, Time/Memory: 9.72,1241088, Output: ['1']
Iteration 4/10 for Graph KonectDblp running kpath2 with k=8...
    Passes: 1, Time/Memory: 9.40,1241088, Output: ['1']
Iteration 5/10 for Graph KonectDblp running kpath2 with k=8...
    Passes: 1, Time/Memory: 9.45,1241088, Output: ['1']
Iteration 6/10 for Graph KonectDblp running kpath2 with k=8...
    Passes: 1, Time/Memory: 9.38,1241088, Output: ['1']
Iteration 7/10 for Graph KonectDblp running kpath2 with k=8...
    Passes: 1, Time/Memory: 9.42,1241088, Output: ['1']
Iteration 8/10 for Graph KonectDblp running kpath2 with k=8...
    Passes: 1, Time/Memory: 9.42,1241088, Output: ['1']
Iteration 9/10 for Graph KonectDblp running kpath2 with k=8...
    Passes: 1, Time/Memory: 9.42,1241088, Output: ['1']
Iteration 10/10 for Graph KonectDblp running kpath2 with k=8...
    Passes: 1, Time/Memory: 9.43,1241088, Output: ['1']
Iteration 1/10 for Graph KonectDblp running kpath2 with k=7...
    Passes: 1, Time/Memory: 9.75,1241088, Output: ['1']
Iteration 2/10 for Graph KonectDblp running kpath2 with k=7...
    Passes: 1, Time/Memory: 9.45,1241088, Output: ['1']
Iteration 3/10 for Graph KonectDblp running kpath2 with k=7...
    Passes: 1, Time/Memory: 9.63,1241088, Output: ['1']
Iteration 4/10 for Graph KonectDblp running kpath2 with k=7...
    Passes: 1, Time/Memory: 9.41,1240064, Output: ['1']
Iteration 5/10 for Graph KonectDblp running kpath2 with k=7...
    Passes: 1, Time/Memory: 9.39,1240064, Output: ['1']
Iteration 6/10 for Graph KonectDblp running kpath2 with k=7...
    Passes: 1, Time/Memory: 9.46,1241088, Output: ['1']
Iteration 7/10 for Graph KonectDblp running kpath2 with k=7...
    Passes: 1, Time/Memory: 9.41,1241088, Output: ['1']
Iteration 8/10 for Graph KonectDblp running kpath2 with k=7...
    Passes: 1, Time/Memory: 9.46,1240064, Output: ['1']
Iteration 9/10 for Graph KonectDblp running kpath2 with k=7...
    Passes: 1, Time/Memory: 9.41,1241088, Output: ['1']
Iteration 10/10 for Graph KonectDblp running kpath2 with k=7...
    Passes: 1, Time/Memory: 9.33,1241088, Output: ['1']
Iteration 1/10 for Graph KonectDblp running kpath2 with k=6...
    Passes: 1, Time/Memory: 9.41,1240064, Output: ['1']
Iteration 2/10 for Graph KonectDblp running kpath2 with k=6...
    Passes: 1, Time/Memory: 9.48,1241088, Output: ['1']
Iteration 3/10 for Graph KonectDblp running kpath2 with k=6...
    Passes: 1, Time/Memory: 9.87,1241088, Output: ['1']
Iteration 4/10 for Graph KonectDblp running kpath2 with k=6...
    Passes: 1, Time/Memory: 9.39,1241088, Output: ['1']
Iteration 5/10 for Graph KonectDblp running kpath2 with k=6...
    Passes: 1, Time/Memory: 9.36,1241088, Output: ['1']
Iteration 6/10 for Graph KonectDblp running kpath2 with k=6...
    Passes: 1, Time/Memory: 9.46,1241088, Output: ['1']
Iteration 7/10 for Graph KonectDblp running kpath2 with k=6...
    Passes: 1, Time/Memory: 9.45,1241088, Output: ['1']
Iteration 8/10 for Graph KonectDblp running kpath2 with k=6...
    Passes: 1, Time/Memory: 9.34,1241088, Output: ['1']
Iteration 9/10 for Graph KonectDblp running kpath2 with k=6...
    Passes: 1, Time/Memory: 9.52,1241088, Output: ['1']
Iteration 10/10 for Graph KonectDblp running kpath2 with k=6...
    Passes: 1, Time/Memory: 9.51,1241088, Output: ['1']
Iteration 1/10 for Graph KonectDblp running kpath2 with k=5...
    Passes: 1, Time/Memory: 9.51,1241088, Output: ['1']
Iteration 2/10 for Graph KonectDblp running kpath2 with k=5...
    Passes: 1, Time/Memory: 9.41,1241088, Output: ['1']
Iteration 3/10 for Graph KonectDblp running kpath2 with k=5...
    Passes: 1, Time/Memory: 9.51,1241088, Output: ['1']
Iteration 4/10 for Graph KonectDblp running kpath2 with k=5...
    Passes: 1, Time/Memory: 9.45,1241088, Output: ['1']
Iteration 5/10 for Graph KonectDblp running kpath2 with k=5...
    Passes: 1, Time/Memory: 9.37,1241088, Output: ['1']
Iteration 6/10 for Graph KonectDblp running kpath2 with k=5...
    Passes: 1, Time/Memory: 9.39,1241088, Output: ['1']
Iteration 7/10 for Graph KonectDblp running kpath2 with k=5...
    Passes: 1, Time/Memory: 9.36,1241088, Output: ['1']
Iteration 8/10 for Graph KonectDblp running kpath2 with k=5...
    Passes: 1, Time/Memory: 9.49,1241088, Output: ['1']
Iteration 9/10 for Graph KonectDblp running kpath2 with k=5...
    Passes: 1, Time/Memory: 9.39,1241088, Output: ['1']
Iteration 10/10 for Graph KonectDblp running kpath2 with k=5...
    Passes: 1, Time/Memory: 9.42,1241088, Output: ['1']
Iteration 1/10 for Graph KonectDblp running kpath2 with k=4...
    Passes: 1, Time/Memory: 9.43,1241088, Output: ['1']
Iteration 2/10 for Graph KonectDblp running kpath2 with k=4...
    Passes: 1, Time/Memory: 9.47,1241088, Output: ['1']
Iteration 3/10 for Graph KonectDblp running kpath2 with k=4...
    Passes: 1, Time/Memory: 9.37,1241088, Output: ['1']
Iteration 4/10 for Graph KonectDblp running kpath2 with k=4...
    Passes: 1, Time/Memory: 9.45,1241088, Output: ['1']
Iteration 5/10 for Graph KonectDblp running kpath2 with k=4...
    Passes: 1, Time/Memory: 9.49,1241088, Output: ['1']
Iteration 6/10 for Graph KonectDblp running kpath2 with k=4...
    Passes: 1, Time/Memory: 9.41,1241088, Output: ['1']
Iteration 7/10 for Graph KonectDblp running kpath2 with k=4...
    Passes: 1, Time/Memory: 9.45,1241088, Output: ['1']
Iteration 8/10 for Graph KonectDblp running kpath2 with k=4...
    Passes: 1, Time/Memory: 9.37,1241088, Output: ['1']
Iteration 9/10 for Graph KonectDblp running kpath2 with k=4...
    Passes: 1, Time/Memory: 10.16,1241088, Output: ['1']
Iteration 10/10 for Graph KonectDblp running kpath2 with k=4...
    Passes: 1, Time/Memory: 9.40,1241088, Output: ['1']
Iteration 1/10 for Graph KonectDblp running kpath2 with k=3...
    Passes: 1, Time/Memory: 9.37,1241088, Output: ['1']
Iteration 2/10 for Graph KonectDblp running kpath2 with k=3...
    Passes: 1, Time/Memory: 9.45,1241088, Output: ['1']
Iteration 3/10 for Graph KonectDblp running kpath2 with k=3...
    Passes: 1, Time/Memory: 9.37,1241088, Output: ['1']
Iteration 4/10 for Graph KonectDblp running kpath2 with k=3...
    Passes: 1, Time/Memory: 9.40,1241088, Output: ['1']
Iteration 5/10 for Graph KonectDblp running kpath2 with k=3...
    Passes: 1, Time/Memory: 9.35,1241088, Output: ['1']
Iteration 6/10 for Graph KonectDblp running kpath2 with k=3...
    Passes: 1, Time/Memory: 9.42,1241088, Output: ['1']
Iteration 7/10 for Graph KonectDblp running kpath2 with k=3...
    Passes: 1, Time/Memory: 9.36,1241088, Output: ['1']
Iteration 8/10 for Graph KonectDblp running kpath2 with k=3...
    Passes: 1, Time/Memory: 9.41,1241088, Output: ['1']
Iteration 9/10 for Graph KonectDblp running kpath2 with k=3...
    Passes: 1, Time/Memory: 9.42,1241088, Output: ['1']
Iteration 10/10 for Graph KonectDblp running kpath2 with k=3...
    Passes: 1, Time/Memory: 9.37,1241088, Output: ['1']
Iteration 1/10 for Graph KonectDblp running kpath2 with k=2...
    Passes: 1, Time/Memory: 9.38,1241088, Output: ['1']
Iteration 2/10 for Graph KonectDblp running kpath2 with k=2...
    Passes: 1, Time/Memory: 9.36,1241088, Output: ['1']
Iteration 3/10 for Graph KonectDblp running kpath2 with k=2...
    Passes: 1, Time/Memory: 9.44,1241088, Output: ['1']
Iteration 4/10 for Graph KonectDblp running kpath2 with k=2...
    Passes: 1, Time/Memory: 9.40,1241088, Output: ['1']
Iteration 5/10 for Graph KonectDblp running kpath2 with k=2...
    Passes: 1, Time/Memory: 9.37,1241088, Output: ['1']
Iteration 6/10 for Graph KonectDblp running kpath2 with k=2...
    Passes: 1, Time/Memory: 9.44,1241088, Output: ['1']
Iteration 7/10 for Graph KonectDblp running kpath2 with k=2...
    Passes: 1, Time/Memory: 9.41,1241088, Output: ['1']
Iteration 8/10 for Graph KonectDblp running kpath2 with k=2...
    Passes: 1, Time/Memory: 9.38,1241088, Output: ['1']
Iteration 9/10 for Graph KonectDblp running kpath2 with k=2...
    Passes: 1, Time/Memory: 9.36,1241088, Output: ['1']
Iteration 10/10 for Graph KonectDblp running kpath2 with k=2...
    Passes: 1, Time/Memory: 9.56,1241088, Output: ['1']
Results for KonectDblp running kpath2 saved to ./results/real/average_concurrent_runs
Iteration 1/10 for Graph KonectDblp running kpath1 with k=2...
    Passes: 1, Time/Memory: 9.46,1241088, Output: ['1']
Iteration 2/10 for Graph KonectDblp running kpath1 with k=2...
    Passes: 1, Time/Memory: 9.36,1241088, Output: ['1']
Iteration 3/10 for Graph KonectDblp running kpath1 with k=2...
    Passes: 1, Time/Memory: 9.42,1241088, Output: ['1']
Iteration 4/10 for Graph KonectDblp running kpath1 with k=2...
    Passes: 1, Time/Memory: 9.43,1240064, Output: ['1']
Iteration 5/10 for Graph KonectDblp running kpath1 with k=2...
    Passes: 1, Time/Memory: 9.49,1241088, Output: ['1']
Iteration 6/10 for Graph KonectDblp running kpath1 with k=2...
    Passes: 1, Time/Memory: 9.49,1241088, Output: ['1']
Iteration 7/10 for Graph KonectDblp running kpath1 with k=2...
    Passes: 1, Time/Memory: 9.45,1241088, Output: ['1']
Iteration 8/10 for Graph KonectDblp running kpath1 with k=2...
    Passes: 1, Time/Memory: 9.44,1240064, Output: ['1']
Iteration 9/10 for Graph KonectDblp running kpath1 with k=2...
    Passes: 1, Time/Memory: 9.45,1241088, Output: ['1']
Iteration 10/10 for Graph KonectDblp running kpath1 with k=2...
    Passes: 1, Time/Memory: 9.50,1241088, Output: ['1']
Iteration 1/10 for Graph KonectDblp running kpath1 with k=10...
    Passes: 1, Time/Memory: 9.57,1241088, Output: ['1']
Iteration 2/10 for Graph KonectDblp running kpath1 with k=10...
    Passes: 1, Time/Memory: 9.76,1241088, Output: ['1']
Iteration 3/10 for Graph KonectDblp running kpath1 with k=10...
    Passes: 1, Time/Memory: 9.42,1241088, Output: ['1']
Iteration 4/10 for Graph KonectDblp running kpath1 with k=10...
    Passes: 1, Time/Memory: 9.46,1241088, Output: ['1']
Iteration 5/10 for Graph KonectDblp running kpath1 with k=10...
    Passes: 1, Time/Memory: 9.44,1241088, Output: ['1']
Iteration 6/10 for Graph KonectDblp running kpath1 with k=10...
    Passes: 1, Time/Memory: 9.47,1241088, Output: ['1']
Iteration 7/10 for Graph KonectDblp running kpath1 with k=10...
    Passes: 1, Time/Memory: 9.44,1241088, Output: ['1']
Iteration 8/10 for Graph KonectDblp running kpath1 with k=10...
    Passes: 1, Time/Memory: 9.75,1239040, Output: ['1']
Iteration 9/10 for Graph KonectDblp running kpath1 with k=10...
    Passes: 1, Time/Memory: 9.50,1241088, Output: ['1']
Iteration 10/10 for Graph KonectDblp running kpath1 with k=10...
    Passes: 1, Time/Memory: 9.38,1241088, Output: ['1']
Iteration 1/10 for Graph KonectDblp running kpath1 with k=9...
    Passes: 1, Time/Memory: 9.46,1241088, Output: ['1']
Iteration 2/10 for Graph KonectDblp running kpath1 with k=9...
    Passes: 1, Time/Memory: 9.37,1241088, Output: ['1']
Iteration 3/10 for Graph KonectDblp running kpath1 with k=9...
    Passes: 1, Time/Memory: 9.44,1241088, Output: ['1']
Iteration 4/10 for Graph KonectDblp running kpath1 with k=9...
    Passes: 1, Time/Memory: 9.45,1241088, Output: ['1']
Iteration 5/10 for Graph KonectDblp running kpath1 with k=9...
    Passes: 1, Time/Memory: 9.39,1241088, Output: ['1']
Iteration 6/10 for Graph KonectDblp running kpath1 with k=9...
    Passes: 1, Time/Memory: 9.43,1240064, Output: ['1']
Iteration 7/10 for Graph KonectDblp running kpath1 with k=9...
    Passes: 1, Time/Memory: 9.46,1241088, Output: ['1']
Iteration 8/10 for Graph KonectDblp running kpath1 with k=9...
    Passes: 1, Time/Memory: 9.38,1241088, Output: ['1']
Iteration 9/10 for Graph KonectDblp running kpath1 with k=9...
    Passes: 1, Time/Memory: 9.43,1241088, Output: ['1']
Iteration 10/10 for Graph KonectDblp running kpath1 with k=9...
    Passes: 1, Time/Memory: 9.38,1241088, Output: ['1']
Iteration 1/10 for Graph KonectDblp running kpath1 with k=8...
    Passes: 1, Time/Memory: 9.36,1241088, Output: ['1']
Iteration 2/10 for Graph KonectDblp running kpath1 with k=8...
    Passes: 1, Time/Memory: 9.46,1241088, Output: ['1']
Iteration 3/10 for Graph KonectDblp running kpath1 with k=8...
    Passes: 1, Time/Memory: 9.47,1240064, Output: ['1']
Iteration 4/10 for Graph KonectDblp running kpath1 with k=8...
    Passes: 1, Time/Memory: 9.43,1241088, Output: ['1']
Iteration 5/10 for Graph KonectDblp running kpath1 with k=8...
    Passes: 1, Time/Memory: 9.46,1241088, Output: ['1']
Iteration 6/10 for Graph KonectDblp running kpath1 with k=8...
    Passes: 1, Time/Memory: 9.38,1240064, Output: ['1']
Iteration 7/10 for Graph KonectDblp running kpath1 with k=8...
    Passes: 1, Time/Memory: 9.40,1240064, Output: ['1']
Iteration 8/10 for Graph KonectDblp running kpath1 with k=8...
    Passes: 1, Time/Memory: 9.42,1241088, Output: ['1']
Iteration 9/10 for Graph KonectDblp running kpath1 with k=8...
    Passes: 1, Time/Memory: 9.40,1241088, Output: ['1']
Iteration 10/10 for Graph KonectDblp running kpath1 with k=8...
    Passes: 1, Time/Memory: 9.53,1241088, Output: ['1']
Iteration 1/10 for Graph KonectDblp running kpath1 with k=7...
    Passes: 1, Time/Memory: 9.47,1241088, Output: ['1']
Iteration 2/10 for Graph KonectDblp running kpath1 with k=7...
    Passes: 1, Time/Memory: 9.43,1241088, Output: ['1']
Iteration 3/10 for Graph KonectDblp running kpath1 with k=7...
    Passes: 1, Time/Memory: 9.40,1241088, Output: ['1']
Iteration 4/10 for Graph KonectDblp running kpath1 with k=7...
    Passes: 1, Time/Memory: 9.39,1241088, Output: ['1']
Iteration 5/10 for Graph KonectDblp running kpath1 with k=7...
    Passes: 1, Time/Memory: 10.80,1240064, Output: ['1']
Iteration 6/10 for Graph KonectDblp running kpath1 with k=7...
    Passes: 1, Time/Memory: 9.43,1241088, Output: ['1']
Iteration 7/10 for Graph KonectDblp running kpath1 with k=7...
    Passes: 1, Time/Memory: 9.34,1241088, Output: ['1']
Iteration 8/10 for Graph KonectDblp running kpath1 with k=7...
    Passes: 1, Time/Memory: 9.39,1241088, Output: ['1']
Iteration 9/10 for Graph KonectDblp running kpath1 with k=7...
    Passes: 1, Time/Memory: 9.30,1241088, Output: ['1']
Iteration 10/10 for Graph KonectDblp running kpath1 with k=7...
    Passes: 1, Time/Memory: 9.33,1241088, Output: ['1']
Iteration 1/10 for Graph KonectDblp running kpath1 with k=6...
    Passes: 1, Time/Memory: 9.33,1241088, Output: ['1']
Iteration 2/10 for Graph KonectDblp running kpath1 with k=6...
    Passes: 1, Time/Memory: 9.36,1241088, Output: ['1']
Iteration 3/10 for Graph KonectDblp running kpath1 with k=6...
    Passes: 1, Time/Memory: 9.41,1241088, Output: ['1']
Iteration 4/10 for Graph KonectDblp running kpath1 with k=6...
    Passes: 1, Time/Memory: 9.35,1241088, Output: ['1']
Iteration 5/10 for Graph KonectDblp running kpath1 with k=6...
    Passes: 1, Time/Memory: 9.39,1241088, Output: ['1']
Iteration 6/10 for Graph KonectDblp running kpath1 with k=6...
    Passes: 1, Time/Memory: 9.43,1241088, Output: ['1']
Iteration 7/10 for Graph KonectDblp running kpath1 with k=6...
    Passes: 1, Time/Memory: 10.78,1239040, Output: ['1']
Iteration 8/10 for Graph KonectDblp running kpath1 with k=6...
    Passes: 1, Time/Memory: 9.46,1241088, Output: ['1']
Iteration 9/10 for Graph KonectDblp running kpath1 with k=6...
    Passes: 1, Time/Memory: 9.88,1241088, Output: ['1']
Iteration 10/10 for Graph KonectDblp running kpath1 with k=6...
    Passes: 1, Time/Memory: 9.34,1241088, Output: ['1']
Iteration 1/10 for Graph KonectDblp running kpath1 with k=5...
    Passes: 1, Time/Memory: 9.46,1241088, Output: ['1']
Iteration 2/10 for Graph KonectDblp running kpath1 with k=5...
    Passes: 1, Time/Memory: 9.44,1241088, Output: ['1']
Iteration 3/10 for Graph KonectDblp running kpath1 with k=5...
    Passes: 1, Time/Memory: 9.39,1241088, Output: ['1']
Iteration 4/10 for Graph KonectDblp running kpath1 with k=5...
    Passes: 1, Time/Memory: 9.40,1241088, Output: ['1']
Iteration 5/10 for Graph KonectDblp running kpath1 with k=5...
    Passes: 1, Time/Memory: 9.46,1241088, Output: ['1']
Iteration 6/10 for Graph KonectDblp running kpath1 with k=5...
    Passes: 1, Time/Memory: 9.60,1240064, Output: ['1']
Iteration 7/10 for Graph KonectDblp running kpath1 with k=5...
    Passes: 1, Time/Memory: 9.38,1241088, Output: ['1']
Iteration 8/10 for Graph KonectDblp running kpath1 with k=5...
    Passes: 1, Time/Memory: 9.48,1241088, Output: ['1']
Iteration 9/10 for Graph KonectDblp running kpath1 with k=5...
    Passes: 1, Time/Memory: 9.42,1241088, Output: ['1']
Iteration 10/10 for Graph KonectDblp running kpath1 with k=5...
    Passes: 1, Time/Memory: 9.44,1241088, Output: ['1']
Iteration 1/10 for Graph KonectDblp running kpath1 with k=4...
    Passes: 1, Time/Memory: 9.38,1241088, Output: ['1']
Iteration 2/10 for Graph KonectDblp running kpath1 with k=4...
    Passes: 1, Time/Memory: 9.45,1241088, Output: ['1']
Iteration 3/10 for Graph KonectDblp running kpath1 with k=4...
    Passes: 1, Time/Memory: 9.40,1241088, Output: ['1']
Iteration 4/10 for Graph KonectDblp running kpath1 with k=4...
    Passes: 1, Time/Memory: 9.40,1241088, Output: ['1']
Iteration 5/10 for Graph KonectDblp running kpath1 with k=4...
    Passes: 1, Time/Memory: 9.42,1241088, Output: ['1']
Iteration 6/10 for Graph KonectDblp running kpath1 with k=4...
    Passes: 1, Time/Memory: 9.36,1241088, Output: ['1']
Iteration 7/10 for Graph KonectDblp running kpath1 with k=4...
    Passes: 1, Time/Memory: 9.44,1241088, Output: ['1']
Iteration 8/10 for Graph KonectDblp running kpath1 with k=4...
    Passes: 1, Time/Memory: 9.33,1241088, Output: ['1']
Iteration 9/10 for Graph KonectDblp running kpath1 with k=4...
    Passes: 1, Time/Memory: 9.40,1240064, Output: ['1']
Iteration 10/10 for Graph KonectDblp running kpath1 with k=4...
    Passes: 1, Time/Memory: 9.38,1241088, Output: ['1']
Iteration 1/10 for Graph KonectDblp running kpath1 with k=3...
    Passes: 1, Time/Memory: 9.38,1241088, Output: ['1']
Iteration 2/10 for Graph KonectDblp running kpath1 with k=3...
    Passes: 1, Time/Memory: 9.37,1241088, Output: ['1']
Iteration 3/10 for Graph KonectDblp running kpath1 with k=3...
    Passes: 1, Time/Memory: 9.44,1241088, Output: ['1']
Iteration 4/10 for Graph KonectDblp running kpath1 with k=3...
    Passes: 1, Time/Memory: 9.43,1241088, Output: ['1']
Iteration 5/10 for Graph KonectDblp running kpath1 with k=3...
    Passes: 1, Time/Memory: 9.41,1241088, Output: ['1']
Iteration 6/10 for Graph KonectDblp running kpath1 with k=3...
    Passes: 1, Time/Memory: 9.39,1241088, Output: ['1']
Iteration 7/10 for Graph KonectDblp running kpath1 with k=3...
    Passes: 1, Time/Memory: 9.46,1241088, Output: ['1']
Iteration 8/10 for Graph KonectDblp running kpath1 with k=3...
    Passes: 1, Time/Memory: 9.47,1241088, Output: ['1']
Iteration 9/10 for Graph KonectDblp running kpath1 with k=3...
    Passes: 1, Time/Memory: 9.40,1241088, Output: ['1']
Iteration 10/10 for Graph KonectDblp running kpath1 with k=3...
    Passes: 1, Time/Memory: 9.40,1240064, Output: ['1']
Iteration 1/10 for Graph KonectDblp running kpath1 with k=2...
    Passes: 1, Time/Memory: 9.37,1241088, Output: ['1']
Iteration 2/10 for Graph KonectDblp running kpath1 with k=2...
    Passes: 1, Time/Memory: 9.44,1241088, Output: ['1']
Iteration 3/10 for Graph KonectDblp running kpath1 with k=2...
    Passes: 1, Time/Memory: 9.47,1241088, Output: ['1']
Iteration 4/10 for Graph KonectDblp running kpath1 with k=2...
    Passes: 1, Time/Memory: 9.42,1241088, Output: ['1']
Iteration 5/10 for Graph KonectDblp running kpath1 with k=2...
    Passes: 1, Time/Memory: 9.45,1241088, Output: ['1']
Iteration 6/10 for Graph KonectDblp running kpath1 with k=2...
    Passes: 1, Time/Memory: 9.41,1241088, Output: ['1']
Iteration 7/10 for Graph KonectDblp running kpath1 with k=2...
    Passes: 1, Time/Memory: 9.36,1241088, Output: ['1']
Iteration 8/10 for Graph KonectDblp running kpath1 with k=2...
    Passes: 1, Time/Memory: 9.47,1241088, Output: ['1']
Iteration 9/10 for Graph KonectDblp running kpath1 with k=2...
    Passes: 1, Time/Memory: 9.42,1241088, Output: ['1']
Iteration 10/10 for Graph KonectDblp running kpath1 with k=2...
    Passes: 1, Time/Memory: 9.41,1241088, Output: ['1']
Results for KonectDblp running kpath1 saved to ./results/real/average_concurrent_runs
