
Running CU for variant N...
  Running k=1,...
    Passes: 4, Time/Memory: 0.00,3636, Output: ['4']
  Running k=2,...
    Passes: 2, Time/Memory: 0.00,3588, Output: ['2']
  Running k=3,...
    Passes: 1, Time/Memory: 0.00,3480, Output: ['1']
  Running k=4,...
    Passes: 1, Time/Memory: 0.00,3576, Output: ['1']
  Running k=5,...
    Passes: 1, Time/Memory: 0.00,3628, Output: ['1']
  Running k=6,...
    Passes: 1, Time/Memory: 0.00,3596, Output: ['1']
  Running k=7,...
    Passes: 1, Time/Memory: 0.00,3616, Output: ['1']
  Running k=8,...
    Passes: 1, Time/Memory: 0.00,3616, Output: ['1']
  Running k=9,...
    Passes: 1, Time/Memory: 0.00,3628, Output: ['1']
  Running k=10,...
    Passes: 1, Time/Memory: 0.00,3680, Output: ['1']
  Running c=3,...
    Passes: 1, Time/Memory: 0.00,3684, Output: ['1']
Results for CU running kpathN saved to ./results/real/table_data

Running AJazz for variant N...
  Running k=1,...
    Passes: 13, Time/Memory: 0.01,3796, Output: ['13']
  Running k=2,...
    Passes: 7, Time/Memory: 0.00,3712, Output: ['7']
  Running k=3,...
    Passes: 5, Time/Memory: 0.00,3596, Output: ['5']
  Running k=4,...
    Passes: 4, Time/Memory: 0.00,3704, Output: ['4']
  Running k=5,...
    Passes: 3, Time/Memory: 0.00,3832, Output: ['3']
  Running k=6,...
    Passes: 3, Time/Memory: 0.00,3768, Output: ['3']
  Running k=7,...
    Passes: 2, Time/Memory: 0.00,3900, Output: ['2']
  Running k=8,...
    Passes: 2, Time/Memory: 0.00,3748, Output: ['2']
  Running k=9,...
    Passes: 2, Time/Memory: 0.00,3848, Output: ['2']
  Running k=10,...
    Passes: 2, Time/Memory: 0.00,3956, Output: ['2']
  Running c=14,...
    Passes: 1, Time/Memory: 0.00,3676, Output: ['1']
Results for AJazz running kpathN saved to ./results/real/table_data

Running HM for variant N...
  Running k=1,...
    Passes: 22, Time/Memory: 0.08,4576, Output: ['22']
  Running k=2,...
    Passes: 5, Time/Memory: 0.02,4840, Output: ['5']
  Running k=3,...
    Passes: 3, Time/Memory: 0.02,4944, Output: ['3']
  Running k=4,...
    Passes: 3, Time/Memory: 0.02,5112, Output: ['3']
  Running k=5,...
    Passes: 3, Time/Memory: 0.01,5416, Output: ['3']
  Running k=6,...
    Passes: 2, Time/Memory: 0.01,5744, Output: ['2']
  Running k=7,...
    Passes: 1, Time/Memory: 0.00,4184, Output: ['1']
  Running k=8,...
    Passes: 1, Time/Memory: 0.00,4240, Output: ['1']
  Running k=9,...
    Passes: 1, Time/Memory: 0.00,4380, Output: ['1']
  Running k=10,...
    Passes: 1, Time/Memory: 0.00,4260, Output: ['1']
  Running c=7,...
    Passes: 1, Time/Memory: 0.00,4284, Output: ['1']
Results for HM running kpathN saved to ./results/real/table_data

Running Belcastro for variant N...
  Running k=1,...
    Passes: 515, Time/Memory: 897.39,9404, Output: ['515']
  Running k=2,...
    Passes: 182, Time/Memory: 354.96,10416, Output: ['182']
  Running k=3,...
    Passes: 123, Time/Memory: 217.06,11456, Output: ['123']
  Running k=4,...
    Passes: 96, Time/Memory: 165.94,12764, Output: ['96']
  Running k=5,...
    Passes: 78, Time/Memory: 133.63,13792, Output: ['78']
  Running k=6,...
    Passes: 68, Time/Memory: 116.44,15340, Output: ['68']
  Running k=7,...
    Passes: 59, Time/Memory: 119.80,16712, Output: ['59']
  Running k=8,...
    Passes: 53, Time/Memory: 92.91,18000, Output: ['53']
  Running k=9,...
    Passes: 48, Time/Memory: 99.21,19484, Output: ['48']
  Running k=10,...
    Passes: 44, Time/Memory: 92.47,20396, Output: ['44']
  Running c=644,...
    Passes: 1, Time/Memory: 2.42,195352, Output: ['1']
Results for Belcastro running kpathN saved to ./results/real/table_data

Running ArxAP for variant N...
  Running k=1,...
    Passes: 148, Time/Memory: 7.50,11516, Output: ['148']
  Running k=2,...
    Passes: 9, Time/Memory: 0.61,12452, Output: ['9']
  Running k=3,...
    Passes: 6, Time/Memory: 0.47,13796, Output: ['6']
  Running k=4,...
    Passes: 5, Time/Memory: 0.42,15728, Output: ['5']
  Running k=5,...
    Passes: 4, Time/Memory: 0.30,17424, Output: ['4']
  Running k=6,...
    Passes: 4, Time/Memory: 0.42,19228, Output: ['4']
  Running k=7,...
    Passes: 3, Time/Memory: 0.22,21092, Output: ['3']
  Running k=8,...
    Passes: 2, Time/Memory: 0.19,23052, Output: ['2']
  Running k=9,...
    Passes: 2, Time/Memory: 0.21,24944, Output: ['2']
  Running k=10,...
    Passes: 2, Time/Memory: 0.26,26772, Output: ['2']
  Running c=11,...
    Passes: 1, Time/Memory: 0.05,10076, Output: ['1']
Results for ArxAP running kpathN saved to ./results/real/table_data

Running AsCaida for variant N...
  Running k=1,...
    Passes: 22, Time/Memory: 0.92,15040, Output: ['22']
  Running k=2,...
    Passes: 2, Time/Memory: 0.41,15696, Output: ['2']
  Running k=3,...
    Passes: 1, Time/Memory: 0.01,8076, Output: ['1']
  Running k=4,...
    Passes: 1, Time/Memory: 0.01,8004, Output: ['1']
  Running k=5,...
    Passes: 1, Time/Memory: 0.02,8032, Output: ['1']
  Running k=6,...
    Passes: 1, Time/Memory: 0.01,8032, Output: ['1']
  Running k=7,...
    Passes: 1, Time/Memory: 0.02,7968, Output: ['1']
  Running k=8,...
    Passes: 1, Time/Memory: 0.02,8004, Output: ['1']
  Running k=9,...
    Passes: 1, Time/Memory: 0.01,8064, Output: ['1']
  Running k=10,...
    Passes: 1, Time/Memory: 0.01,8036, Output: ['1']
  Running c=3,...
    Passes: 1, Time/Memory: 0.01,7964, Output: ['1']
Results for AsCaida running kpathN saved to ./results/real/table_data

Running BrightK for variant N...
  Running k=1,...
    Passes: 146, Time/Memory: 13.81,29128, Output: ['146']
  Running k=2,...
    Passes: 4, Time/Memory: 1.69,32056, Output: ['4']
  Running k=3,...
    Passes: 3, Time/Memory: 1.26,36476, Output: ['3']
  Running k=4,...
    Passes: 1, Time/Memory: 0.07,14480, Output: ['1']
  Running k=5,...
    Passes: 1, Time/Memory: 0.06,14572, Output: ['1']
  Running k=6,...
    Passes: 1, Time/Memory: 0.06,14436, Output: ['1']
  Running k=7,...
    Passes: 1, Time/Memory: 0.07,14576, Output: ['1']
  Running k=8,...
    Passes: 1, Time/Memory: 0.06,14488, Output: ['1']
  Running k=9,...
    Passes: 1, Time/Memory: 0.09,14424, Output: ['1']
  Running k=10,...
    Passes: 1, Time/Memory: 0.09,14572, Output: ['1']
  Running c=4,...
    Passes: 1, Time/Memory: 0.06,14468, Output: ['1']
Results for BrightK running kpathN saved to ./results/real/table_data

Running LMocha for variant N...
  Running k=1,...
    Passes: 521, Time/Memory: 297.93,51536, Output: ['521']
  Running k=2,...
    Passes: 9, Time/Memory: 11.36,56000, Output: ['9']
  Running k=3,...
    Passes: 6, Time/Memory: 9.27,62544, Output: ['6']
  Running k=4,...
    Passes: 5, Time/Memory: 8.90,73596, Output: ['5']
  Running k=5,...
    Passes: 4, Time/Memory: 8.67,81372, Output: ['4']
  Running k=6,...
    Passes: 3, Time/Memory: 5.67,91236, Output: ['3']
  Running k=7,...
    Passes: 3, Time/Memory: 6.33,102496, Output: ['3']
  Running k=8,...
    Passes: 3, Time/Memory: 7.79,111604, Output: ['3']
  Running k=9,...
    Passes: 3, Time/Memory: 9.93,122344, Output: ['3']
  Running k=10,...
    Passes: 2, Time/Memory: 5.00,132880, Output: ['2']
  Running c=22,...
    Passes: 1, Time/Memory: 0.80,65388, Output: ['1']
Results for LMocha running kpathN saved to ./results/real/table_data

Running FlickrE for variant N...
  Running k=1,...
    Passes: 281, Time/Memory: 175.95,51112, Output: ['281']
  Running k=2,...
    Passes: 19, Time/Memory: 15.15,60692, Output: ['19']
  Running k=3,...
    Passes: 10, Time/Memory: 10.91,67928, Output: ['10']
  Running k=4,...
    Passes: 8, Time/Memory: 11.34,78488, Output: ['8']
  Running k=5,...
    Passes: 5, Time/Memory: 5.60,89844, Output: ['5']
  Running k=6,...
    Passes: 6, Time/Memory: 7.22,97340, Output: ['6']
  Running k=7,...
    Passes: 4, Time/Memory: 5.40,107704, Output: ['4']
  Running k=8,...
    Passes: 5, Time/Memory: 6.07,117432, Output: ['5']
  Running k=9,...
    Passes: 3, Time/Memory: 3.97,125484, Output: ['3']
  Running k=10,...
    Passes: 3, Time/Memory: 5.09,133756, Output: ['3']
  Running c=22,...
    Passes: 1, Time/Memory: 0.67,67128, Output: ['1']
Results for FlickrE running kpathN saved to ./results/real/table_data

Running WordNet for variant N...
  Running k=1,...
    Passes: 199, Time/Memory: 89.46,68944, Output: ['199']
  Running k=2,...
    Passes: 5, Time/Memory: 8.34,76484, Output: ['5']
  Running k=3,...
    Passes: 3, Time/Memory: 3.99,87948, Output: ['3']
  Running k=4,...
    Passes: 3, Time/Memory: 6.31,104780, Output: ['3']
  Running k=5,...
    Passes: 1, Time/Memory: 0.30,37584, Output: ['1']
  Running k=6,...
    Passes: 1, Time/Memory: 0.29,37600, Output: ['1']
  Running k=7,...
    Passes: 1, Time/Memory: 0.30,37572, Output: ['1']
  Running k=8,...
    Passes: 1, Time/Memory: 0.29,37664, Output: ['1']
  Running k=9,...
    Passes: 1, Time/Memory: 0.26,37484, Output: ['1']
  Running k=10,...
    Passes: 1, Time/Memory: 0.27,37668, Output: ['1']
  Running c=5,...
    Passes: 1, Time/Memory: 0.23,37460, Output: ['1']
Results for WordNet running kpathN saved to ./results/real/table_data

Running Douban for variant N...
  Running k=1,...
    Passes: 154, Time/Memory: 56.29,72032, Output: ['154']
  Running k=2,...
    Passes: 2, Time/Memory: 17.11,76052, Output: ['2']
  Running k=3,...
    Passes: 1, Time/Memory: 0.14,31652, Output: ['1']
  Running k=4,...
    Passes: 1, Time/Memory: 0.14,31764, Output: ['1']
  Running k=5,...
    Passes: 1, Time/Memory: 0.15,31792, Output: ['1']
  Running k=6,...
    Passes: 1, Time/Memory: 0.15,31708, Output: ['1']
  Running k=7,...
    Passes: 1, Time/Memory: 0.15,31704, Output: ['1']
  Running k=8,...
    Passes: 1, Time/Memory: 0.15,31832, Output: ['1']
  Running k=9,...
    Passes: 1, Time/Memory: 0.15,31796, Output: ['1']
  Running k=10,...
    Passes: 1, Time/Memory: 0.15,31792, Output: ['1']
  Running c=3,...
    Passes: 1, Time/Memory: 0.14,31724, Output: ['1']
Results for Douban running kpathN saved to ./results/real/table_data
