Iteration 1/10 for Graph ArxAP running klevN with k=11...
    Passes: 1, Time/Memory: 0.07,9216, Output: ['1']
Iteration 2/10 for Graph ArxAP running klevN with k=11...
    Passes: 1, Time/Memory: 0.06,9216, Output: ['1']
Iteration 3/10 for Graph ArxAP running klevN with k=11...
    Passes: 1, Time/Memory: 0.07,9216, Output: ['1']
Iteration 4/10 for Graph ArxAP running klevN with k=11...
    Passes: 1, Time/Memory: 0.06,9216, Output: ['1']
Iteration 5/10 for Graph ArxAP running klevN with k=11...
    Passes: 1, Time/Memory: 0.07,9216, Output: ['1']
Iteration 6/10 for Graph ArxAP running klevN with k=11...
    Passes: 1, Time/Memory: 0.07,9216, Output: ['1']
Iteration 7/10 for Graph ArxAP running klevN with k=11...
    Passes: 1, Time/Memory: 0.06,9216, Output: ['1']
Iteration 8/10 for Graph ArxAP running klevN with k=11...
    Passes: 1, Time/Memory: 0.07,9216, Output: ['1']
Iteration 9/10 for Graph ArxAP running klevN with k=11...
    Passes: 1, Time/Memory: 0.07,9216, Output: ['1']
Iteration 10/10 for Graph ArxAP running klevN with k=11...
    Passes: 1, Time/Memory: 0.07,9216, Output: ['1']
Iteration 1/10 for Graph ArxAP running klevN with k=10...
    Passes: 2, Time/Memory: 0.87,25600, Output: ['2']
Iteration 2/10 for Graph ArxAP running klevN with k=10...
    Passes: 2, Time/Memory: 0.88,24576, Output: ['2']
Iteration 3/10 for Graph ArxAP running klevN with k=10...
    Passes: 2, Time/Memory: 0.87,25600, Output: ['2']
Iteration 4/10 for Graph ArxAP running klevN with k=10...
    Passes: 2, Time/Memory: 0.87,25600, Output: ['2']
Iteration 5/10 for Graph ArxAP running klevN with k=10...
    Passes: 2, Time/Memory: 0.88,25600, Output: ['2']
Iteration 6/10 for Graph ArxAP running klevN with k=10...
    Passes: 2, Time/Memory: 0.88,25600, Output: ['2']
Iteration 7/10 for Graph ArxAP running klevN with k=10...
    Passes: 2, Time/Memory: 0.87,25600, Output: ['2']
Iteration 8/10 for Graph ArxAP running klevN with k=10...
    Passes: 2, Time/Memory: 0.88,25600, Output: ['2']
Iteration 9/10 for Graph ArxAP running klevN with k=10...
    Passes: 2, Time/Memory: 0.88,25600, Output: ['2']
Iteration 10/10 for Graph ArxAP running klevN with k=10...
    Passes: 2, Time/Memory: 0.86,25600, Output: ['2']
Iteration 1/10 for Graph ArxAP running klevN with k=9...
    Passes: 2, Time/Memory: 0.79,24576, Output: ['2']
Iteration 2/10 for Graph ArxAP running klevN with k=9...
    Passes: 2, Time/Memory: 0.79,24576, Output: ['2']
Iteration 3/10 for Graph ArxAP running klevN with k=9...
    Passes: 2, Time/Memory: 0.78,23552, Output: ['2']
Iteration 4/10 for Graph ArxAP running klevN with k=9...
    Passes: 2, Time/Memory: 0.78,24576, Output: ['2']
Iteration 5/10 for Graph ArxAP running klevN with k=9...
    Passes: 2, Time/Memory: 0.78,24576, Output: ['2']
Iteration 6/10 for Graph ArxAP running klevN with k=9...
    Passes: 2, Time/Memory: 0.79,24576, Output: ['2']
Iteration 7/10 for Graph ArxAP running klevN with k=9...
    Passes: 2, Time/Memory: 0.79,24576, Output: ['2']
Iteration 8/10 for Graph ArxAP running klevN with k=9...
    Passes: 2, Time/Memory: 0.79,24576, Output: ['2']
Iteration 9/10 for Graph ArxAP running klevN with k=9...
    Passes: 2, Time/Memory: 0.79,24576, Output: ['2']
Iteration 10/10 for Graph ArxAP running klevN with k=9...
    Passes: 2, Time/Memory: 0.79,24576, Output: ['2']
Iteration 1/10 for Graph ArxAP running klevN with k=8...
    Passes: 2, Time/Memory: 0.70,22528, Output: ['2']
Iteration 2/10 for Graph ArxAP running klevN with k=8...
    Passes: 2, Time/Memory: 0.70,21504, Output: ['2']
Iteration 3/10 for Graph ArxAP running klevN with k=8...
    Passes: 2, Time/Memory: 0.70,22528, Output: ['2']
Iteration 4/10 for Graph ArxAP running klevN with k=8...
    Passes: 2, Time/Memory: 0.70,22528, Output: ['2']
Iteration 5/10 for Graph ArxAP running klevN with k=8...
    Passes: 2, Time/Memory: 0.70,22528, Output: ['2']
Iteration 6/10 for Graph ArxAP running klevN with k=8...
    Passes: 2, Time/Memory: 0.69,22528, Output: ['2']
Iteration 7/10 for Graph ArxAP running klevN with k=8...
    Passes: 2, Time/Memory: 0.70,22528, Output: ['2']
Iteration 8/10 for Graph ArxAP running klevN with k=8...
    Passes: 2, Time/Memory: 0.69,22528, Output: ['2']
Iteration 9/10 for Graph ArxAP running klevN with k=8...
    Passes: 2, Time/Memory: 0.70,22528, Output: ['2']
Iteration 10/10 for Graph ArxAP running klevN with k=8...
    Passes: 2, Time/Memory: 0.71,22528, Output: ['2']
Iteration 1/10 for Graph ArxAP running klevN with k=7...
    Passes: 2, Time/Memory: 0.59,20480, Output: ['2']
Iteration 2/10 for Graph ArxAP running klevN with k=7...
    Passes: 2, Time/Memory: 0.59,20480, Output: ['2']
Iteration 3/10 for Graph ArxAP running klevN with k=7...
    Passes: 2, Time/Memory: 0.60,20480, Output: ['2']
Iteration 4/10 for Graph ArxAP running klevN with k=7...
    Passes: 2, Time/Memory: 0.59,20480, Output: ['2']
Iteration 5/10 for Graph ArxAP running klevN with k=7...
    Passes: 2, Time/Memory: 0.60,20480, Output: ['2']
Iteration 6/10 for Graph ArxAP running klevN with k=7...
    Passes: 2, Time/Memory: 0.59,20480, Output: ['2']
Iteration 7/10 for Graph ArxAP running klevN with k=7...
    Passes: 2, Time/Memory: 0.59,20480, Output: ['2']
Iteration 8/10 for Graph ArxAP running klevN with k=7...
    Passes: 2, Time/Memory: 0.59,20480, Output: ['2']
Iteration 9/10 for Graph ArxAP running klevN with k=7...
    Passes: 2, Time/Memory: 0.75,20480, Output: ['2']
Iteration 10/10 for Graph ArxAP running klevN with k=7...
    Passes: 2, Time/Memory: 1.02,20480, Output: ['2']
Iteration 1/10 for Graph ArxAP running klevN with k=6...
    Passes: 2, Time/Memory: 0.55,19456, Output: ['2']
Iteration 2/10 for Graph ArxAP running klevN with k=6...
    Passes: 2, Time/Memory: 0.66,19456, Output: ['2']
Iteration 3/10 for Graph ArxAP running klevN with k=6...
    Passes: 2, Time/Memory: 0.56,18432, Output: ['2']
Iteration 4/10 for Graph ArxAP running klevN with k=6...
    Passes: 2, Time/Memory: 0.54,19456, Output: ['2']
Iteration 5/10 for Graph ArxAP running klevN with k=6...
    Passes: 2, Time/Memory: 0.54,19456, Output: ['2']
Iteration 6/10 for Graph ArxAP running klevN with k=6...
    Passes: 2, Time/Memory: 0.54,19456, Output: ['2']
Iteration 7/10 for Graph ArxAP running klevN with k=6...
    Passes: 2, Time/Memory: 0.54,19456, Output: ['2']
Iteration 8/10 for Graph ArxAP running klevN with k=6...
    Passes: 2, Time/Memory: 0.54,19456, Output: ['2']
Iteration 9/10 for Graph ArxAP running klevN with k=6...
    Passes: 2, Time/Memory: 0.54,19456, Output: ['2']
Iteration 10/10 for Graph ArxAP running klevN with k=6...
    Passes: 2, Time/Memory: 0.55,19456, Output: ['2']
Iteration 1/10 for Graph ArxAP running klevN with k=5...
    Passes: 2, Time/Memory: 0.56,17408, Output: ['2']
Iteration 2/10 for Graph ArxAP running klevN with k=5...
    Passes: 2, Time/Memory: 0.55,17408, Output: ['2']
Iteration 3/10 for Graph ArxAP running klevN with k=5...
    Passes: 2, Time/Memory: 0.56,17408, Output: ['2']
Iteration 4/10 for Graph ArxAP running klevN with k=5...
    Passes: 2, Time/Memory: 0.56,17408, Output: ['2']
Iteration 5/10 for Graph ArxAP running klevN with k=5...
    Passes: 2, Time/Memory: 0.56,17408, Output: ['2']
Iteration 6/10 for Graph ArxAP running klevN with k=5...
    Passes: 2, Time/Memory: 0.55,17408, Output: ['2']
Iteration 7/10 for Graph ArxAP running klevN with k=5...
    Passes: 2, Time/Memory: 0.55,17408, Output: ['2']
Iteration 8/10 for Graph ArxAP running klevN with k=5...
    Passes: 2, Time/Memory: 0.55,17408, Output: ['2']
Iteration 9/10 for Graph ArxAP running klevN with k=5...
    Passes: 2, Time/Memory: 0.56,17408, Output: ['2']
Iteration 10/10 for Graph ArxAP running klevN with k=5...
    Passes: 2, Time/Memory: 0.56,17408, Output: ['2']
Iteration 1/10 for Graph ArxAP running klevN with k=4...
    Passes: 3, Time/Memory: 0.59,15360, Output: ['3']
Iteration 2/10 for Graph ArxAP running klevN with k=4...
    Passes: 3, Time/Memory: 0.58,15360, Output: ['3']
Iteration 3/10 for Graph ArxAP running klevN with k=4...
    Passes: 3, Time/Memory: 0.60,15360, Output: ['3']
Iteration 4/10 for Graph ArxAP running klevN with k=4...
    Passes: 3, Time/Memory: 0.59,15360, Output: ['3']
Iteration 5/10 for Graph ArxAP running klevN with k=4...
    Passes: 3, Time/Memory: 0.59,15360, Output: ['3']
Iteration 6/10 for Graph ArxAP running klevN with k=4...
    Passes: 3, Time/Memory: 0.59,15360, Output: ['3']
Iteration 7/10 for Graph ArxAP running klevN with k=4...
    Passes: 3, Time/Memory: 0.58,15360, Output: ['3']
Iteration 8/10 for Graph ArxAP running klevN with k=4...
    Passes: 3, Time/Memory: 0.59,15360, Output: ['3']
Iteration 9/10 for Graph ArxAP running klevN with k=4...
    Passes: 3, Time/Memory: 0.58,15360, Output: ['3']
Iteration 10/10 for Graph ArxAP running klevN with k=4...
    Passes: 3, Time/Memory: 0.58,15360, Output: ['3']
Iteration 1/10 for Graph ArxAP running klevN with k=3...
    Passes: 3, Time/Memory: 0.58,14336, Output: ['3']
Iteration 2/10 for Graph ArxAP running klevN with k=3...
    Passes: 3, Time/Memory: 0.58,14336, Output: ['3']
Iteration 3/10 for Graph ArxAP running klevN with k=3...
    Passes: 3, Time/Memory: 0.59,14336, Output: ['3']
Iteration 4/10 for Graph ArxAP running klevN with k=3...
    Passes: 3, Time/Memory: 0.59,14336, Output: ['3']
Iteration 5/10 for Graph ArxAP running klevN with k=3...
    Passes: 3, Time/Memory: 0.58,14336, Output: ['3']
Iteration 6/10 for Graph ArxAP running klevN with k=3...
    Passes: 3, Time/Memory: 0.59,14336, Output: ['3']
Iteration 7/10 for Graph ArxAP running klevN with k=3...
    Passes: 3, Time/Memory: 0.57,14336, Output: ['3']
Iteration 8/10 for Graph ArxAP running klevN with k=3...
    Passes: 3, Time/Memory: 0.57,14336, Output: ['3']
Iteration 9/10 for Graph ArxAP running klevN with k=3...
    Passes: 3, Time/Memory: 0.58,14336, Output: ['3']
Iteration 10/10 for Graph ArxAP running klevN with k=3...
    Passes: 3, Time/Memory: 0.59,14336, Output: ['3']
Iteration 1/10 for Graph ArxAP running klevN with k=2...
    Passes: 4, Time/Memory: 0.65,12288, Output: ['4']
Iteration 2/10 for Graph ArxAP running klevN with k=2...
    Passes: 4, Time/Memory: 0.66,12288, Output: ['4']
Iteration 3/10 for Graph ArxAP running klevN with k=2...
    Passes: 4, Time/Memory: 0.66,12288, Output: ['4']
Iteration 4/10 for Graph ArxAP running klevN with k=2...
    Passes: 4, Time/Memory: 0.67,12288, Output: ['4']
Iteration 5/10 for Graph ArxAP running klevN with k=2...
    Passes: 4, Time/Memory: 0.66,12288, Output: ['4']
Iteration 6/10 for Graph ArxAP running klevN with k=2...
    Passes: 4, Time/Memory: 0.66,12288, Output: ['4']
Iteration 7/10 for Graph ArxAP running klevN with k=2...
    Passes: 4, Time/Memory: 0.66,12288, Output: ['4']
Iteration 8/10 for Graph ArxAP running klevN with k=2...
    Passes: 4, Time/Memory: 0.66,12288, Output: ['4']
Iteration 9/10 for Graph ArxAP running klevN with k=2...
    Passes: 4, Time/Memory: 0.67,12288, Output: ['4']
Iteration 10/10 for Graph ArxAP running klevN with k=2...
    Passes: 4, Time/Memory: 0.66,12288, Output: ['4']
Iteration 1/10 for Graph ArxAP running klevN with k=1...
    Passes: 4, Time/Memory: 0.70,10240, Output: ['4']
Iteration 2/10 for Graph ArxAP running klevN with k=1...
    Passes: 4, Time/Memory: 0.70,10240, Output: ['4']
Iteration 3/10 for Graph ArxAP running klevN with k=1...
    Passes: 4, Time/Memory: 0.71,10240, Output: ['4']
Iteration 4/10 for Graph ArxAP running klevN with k=1...
    Passes: 4, Time/Memory: 0.71,10240, Output: ['4']
Iteration 5/10 for Graph ArxAP running klevN with k=1...
    Passes: 4, Time/Memory: 0.70,10240, Output: ['4']
Iteration 6/10 for Graph ArxAP running klevN with k=1...
    Passes: 4, Time/Memory: 0.70,10240, Output: ['4']
Iteration 7/10 for Graph ArxAP running klevN with k=1...
    Passes: 4, Time/Memory: 0.70,10240, Output: ['4']
Iteration 8/10 for Graph ArxAP running klevN with k=1...
    Passes: 4, Time/Memory: 0.70,10240, Output: ['4']
Iteration 9/10 for Graph ArxAP running klevN with k=1...
    Passes: 4, Time/Memory: 0.69,10240, Output: ['4']
Iteration 10/10 for Graph ArxAP running klevN with k=1...
    Passes: 4, Time/Memory: 0.70,10240, Output: ['4']
Results for ArxAP running klevN saved to ./results/real/average_concurrent_runs
Iteration 1/10 for Graph ArxAP running klev2 with k=11...
    Passes: 1, Time/Memory: 0.06,9216, Output: ['1']
Iteration 2/10 for Graph ArxAP running klev2 with k=11...
    Passes: 1, Time/Memory: 0.06,9216, Output: ['1']
Iteration 3/10 for Graph ArxAP running klev2 with k=11...
    Passes: 1, Time/Memory: 0.07,9216, Output: ['1']
Iteration 4/10 for Graph ArxAP running klev2 with k=11...
    Passes: 1, Time/Memory: 0.07,9216, Output: ['1']
Iteration 5/10 for Graph ArxAP running klev2 with k=11...
    Passes: 1, Time/Memory: 0.07,9216, Output: ['1']
Iteration 6/10 for Graph ArxAP running klev2 with k=11...
    Passes: 1, Time/Memory: 0.07,9216, Output: ['1']
Iteration 7/10 for Graph ArxAP running klev2 with k=11...
    Passes: 1, Time/Memory: 0.07,9216, Output: ['1']
Iteration 8/10 for Graph ArxAP running klev2 with k=11...
    Passes: 1, Time/Memory: 0.07,9216, Output: ['1']
Iteration 9/10 for Graph ArxAP running klev2 with k=11...
    Passes: 1, Time/Memory: 0.07,9216, Output: ['1']
Iteration 10/10 for Graph ArxAP running klev2 with k=11...
    Passes: 1, Time/Memory: 0.07,9216, Output: ['1']
Iteration 1/10 for Graph ArxAP running klev2 with k=10...
    Passes: 2, Time/Memory: 0.81,25600, Output: ['2']
Iteration 2/10 for Graph ArxAP running klev2 with k=10...
    Passes: 2, Time/Memory: 0.80,25600, Output: ['2']
Iteration 3/10 for Graph ArxAP running klev2 with k=10...
    Passes: 2, Time/Memory: 0.80,25600, Output: ['2']
Iteration 4/10 for Graph ArxAP running klev2 with k=10...
    Passes: 2, Time/Memory: 0.80,25600, Output: ['2']
Iteration 5/10 for Graph ArxAP running klev2 with k=10...
    Passes: 2, Time/Memory: 0.80,25600, Output: ['2']
Iteration 6/10 for Graph ArxAP running klev2 with k=10...
    Passes: 2, Time/Memory: 0.81,25600, Output: ['2']
Iteration 7/10 for Graph ArxAP running klev2 with k=10...
    Passes: 2, Time/Memory: 0.80,25600, Output: ['2']
Iteration 8/10 for Graph ArxAP running klev2 with k=10...
    Passes: 2, Time/Memory: 0.80,25600, Output: ['2']
Iteration 9/10 for Graph ArxAP running klev2 with k=10...
    Passes: 2, Time/Memory: 0.80,25600, Output: ['2']
Iteration 10/10 for Graph ArxAP running klev2 with k=10...
    Passes: 2, Time/Memory: 0.79,25600, Output: ['2']
Iteration 1/10 for Graph ArxAP running klev2 with k=9...
    Passes: 2, Time/Memory: 0.70,24576, Output: ['2']
Iteration 2/10 for Graph ArxAP running klev2 with k=9...
    Passes: 2, Time/Memory: 0.71,24576, Output: ['2']
Iteration 3/10 for Graph ArxAP running klev2 with k=9...
    Passes: 2, Time/Memory: 0.71,24576, Output: ['2']
Iteration 4/10 for Graph ArxAP running klev2 with k=9...
    Passes: 2, Time/Memory: 0.71,24576, Output: ['2']
Iteration 5/10 for Graph ArxAP running klev2 with k=9...
    Passes: 2, Time/Memory: 0.70,24576, Output: ['2']
Iteration 6/10 for Graph ArxAP running klev2 with k=9...
    Passes: 2, Time/Memory: 0.70,24576, Output: ['2']
Iteration 7/10 for Graph ArxAP running klev2 with k=9...
    Passes: 2, Time/Memory: 0.70,24576, Output: ['2']
Iteration 8/10 for Graph ArxAP running klev2 with k=9...
    Passes: 2, Time/Memory: 0.70,24576, Output: ['2']
Iteration 9/10 for Graph ArxAP running klev2 with k=9...
    Passes: 2, Time/Memory: 0.70,24576, Output: ['2']
Iteration 10/10 for Graph ArxAP running klev2 with k=9...
    Passes: 2, Time/Memory: 0.70,24576, Output: ['2']
Iteration 1/10 for Graph ArxAP running klev2 with k=8...
    Passes: 2, Time/Memory: 0.62,21504, Output: ['2']
Iteration 2/10 for Graph ArxAP running klev2 with k=8...
    Passes: 2, Time/Memory: 0.61,22528, Output: ['2']
Iteration 3/10 for Graph ArxAP running klev2 with k=8...
    Passes: 2, Time/Memory: 0.62,22528, Output: ['2']
Iteration 4/10 for Graph ArxAP running klev2 with k=8...
    Passes: 2, Time/Memory: 0.62,22528, Output: ['2']
Iteration 5/10 for Graph ArxAP running klev2 with k=8...
    Passes: 2, Time/Memory: 0.61,22528, Output: ['2']
Iteration 6/10 for Graph ArxAP running klev2 with k=8...
    Passes: 2, Time/Memory: 0.62,22528, Output: ['2']
Iteration 7/10 for Graph ArxAP running klev2 with k=8...
    Passes: 2, Time/Memory: 0.62,22528, Output: ['2']
Iteration 8/10 for Graph ArxAP running klev2 with k=8...
    Passes: 2, Time/Memory: 0.62,22528, Output: ['2']
Iteration 9/10 for Graph ArxAP running klev2 with k=8...
    Passes: 2, Time/Memory: 0.62,22528, Output: ['2']
Iteration 10/10 for Graph ArxAP running klev2 with k=8...
    Passes: 2, Time/Memory: 0.62,22528, Output: ['2']
Iteration 1/10 for Graph ArxAP running klev2 with k=7...
    Passes: 2, Time/Memory: 0.59,20480, Output: ['2']
Iteration 2/10 for Graph ArxAP running klev2 with k=7...
    Passes: 2, Time/Memory: 0.59,20480, Output: ['2']
Iteration 3/10 for Graph ArxAP running klev2 with k=7...
    Passes: 2, Time/Memory: 0.60,20480, Output: ['2']
Iteration 4/10 for Graph ArxAP running klev2 with k=7...
    Passes: 2, Time/Memory: 0.59,20480, Output: ['2']
Iteration 5/10 for Graph ArxAP running klev2 with k=7...
    Passes: 2, Time/Memory: 0.59,20480, Output: ['2']
Iteration 6/10 for Graph ArxAP running klev2 with k=7...
    Passes: 2, Time/Memory: 0.59,20480, Output: ['2']
Iteration 7/10 for Graph ArxAP running klev2 with k=7...
    Passes: 2, Time/Memory: 0.61,20480, Output: ['2']
Iteration 8/10 for Graph ArxAP running klev2 with k=7...
    Passes: 2, Time/Memory: 0.58,20480, Output: ['2']
Iteration 9/10 for Graph ArxAP running klev2 with k=7...
    Passes: 2, Time/Memory: 0.60,20480, Output: ['2']
Iteration 10/10 for Graph ArxAP running klev2 with k=7...
    Passes: 2, Time/Memory: 0.59,20480, Output: ['2']
Iteration 1/10 for Graph ArxAP running klev2 with k=6...
    Passes: 2, Time/Memory: 0.62,19456, Output: ['2']
Iteration 2/10 for Graph ArxAP running klev2 with k=6...
    Passes: 2, Time/Memory: 0.62,19456, Output: ['2']
Iteration 3/10 for Graph ArxAP running klev2 with k=6...
    Passes: 2, Time/Memory: 0.62,19456, Output: ['2']
Iteration 4/10 for Graph ArxAP running klev2 with k=6...
    Passes: 2, Time/Memory: 0.60,19456, Output: ['2']
Iteration 5/10 for Graph ArxAP running klev2 with k=6...
    Passes: 2, Time/Memory: 0.61,19456, Output: ['2']
Iteration 6/10 for Graph ArxAP running klev2 with k=6...
    Passes: 2, Time/Memory: 0.62,19456, Output: ['2']
Iteration 7/10 for Graph ArxAP running klev2 with k=6...
    Passes: 2, Time/Memory: 0.62,19456, Output: ['2']
Iteration 8/10 for Graph ArxAP running klev2 with k=6...
    Passes: 2, Time/Memory: 0.62,19456, Output: ['2']
Iteration 9/10 for Graph ArxAP running klev2 with k=6...
    Passes: 2, Time/Memory: 0.61,19456, Output: ['2']
Iteration 10/10 for Graph ArxAP running klev2 with k=6...
    Passes: 2, Time/Memory: 0.61,19456, Output: ['2']
Iteration 1/10 for Graph ArxAP running klev2 with k=5...
    Passes: 2, Time/Memory: 0.57,17408, Output: ['2']
Iteration 2/10 for Graph ArxAP running klev2 with k=5...
    Passes: 2, Time/Memory: 0.57,17408, Output: ['2']
Iteration 3/10 for Graph ArxAP running klev2 with k=5...
    Passes: 2, Time/Memory: 0.56,17408, Output: ['2']
Iteration 4/10 for Graph ArxAP running klev2 with k=5...
    Passes: 2, Time/Memory: 0.57,17408, Output: ['2']
Iteration 5/10 for Graph ArxAP running klev2 with k=5...
    Passes: 2, Time/Memory: 0.57,17408, Output: ['2']
Iteration 6/10 for Graph ArxAP running klev2 with k=5...
    Passes: 2, Time/Memory: 0.57,17408, Output: ['2']
Iteration 7/10 for Graph ArxAP running klev2 with k=5...
    Passes: 2, Time/Memory: 0.58,17408, Output: ['2']
Iteration 8/10 for Graph ArxAP running klev2 with k=5...
    Passes: 2, Time/Memory: 0.57,17408, Output: ['2']
Iteration 9/10 for Graph ArxAP running klev2 with k=5...
    Passes: 2, Time/Memory: 0.58,17408, Output: ['2']
Iteration 10/10 for Graph ArxAP running klev2 with k=5...
    Passes: 2, Time/Memory: 0.58,17408, Output: ['2']
Iteration 1/10 for Graph ArxAP running klev2 with k=4...
    Passes: 3, Time/Memory: 0.60,15360, Output: ['3']
Iteration 2/10 for Graph ArxAP running klev2 with k=4...
    Passes: 3, Time/Memory: 0.59,15360, Output: ['3']
Iteration 3/10 for Graph ArxAP running klev2 with k=4...
    Passes: 3, Time/Memory: 0.59,15360, Output: ['3']
Iteration 4/10 for Graph ArxAP running klev2 with k=4...
    Passes: 3, Time/Memory: 0.60,15360, Output: ['3']
Iteration 5/10 for Graph ArxAP running klev2 with k=4...
    Passes: 3, Time/Memory: 0.60,15360, Output: ['3']
Iteration 6/10 for Graph ArxAP running klev2 with k=4...
    Passes: 3, Time/Memory: 0.59,15360, Output: ['3']
Iteration 7/10 for Graph ArxAP running klev2 with k=4...
    Passes: 3, Time/Memory: 0.61,15360, Output: ['3']
Iteration 8/10 for Graph ArxAP running klev2 with k=4...
    Passes: 3, Time/Memory: 0.60,15360, Output: ['3']
Iteration 9/10 for Graph ArxAP running klev2 with k=4...
    Passes: 3, Time/Memory: 0.60,15360, Output: ['3']
Iteration 10/10 for Graph ArxAP running klev2 with k=4...
    Passes: 3, Time/Memory: 0.60,15360, Output: ['3']
Iteration 1/10 for Graph ArxAP running klev2 with k=3...
    Passes: 3, Time/Memory: 0.66,14336, Output: ['3']
Iteration 2/10 for Graph ArxAP running klev2 with k=3...
    Passes: 3, Time/Memory: 0.66,14336, Output: ['3']
Iteration 3/10 for Graph ArxAP running klev2 with k=3...
    Passes: 3, Time/Memory: 0.65,14336, Output: ['3']
Iteration 4/10 for Graph ArxAP running klev2 with k=3...
    Passes: 3, Time/Memory: 0.66,14336, Output: ['3']
Iteration 5/10 for Graph ArxAP running klev2 with k=3...
    Passes: 3, Time/Memory: 0.66,14336, Output: ['3']
Iteration 6/10 for Graph ArxAP running klev2 with k=3...
    Passes: 3, Time/Memory: 0.65,14336, Output: ['3']
Iteration 7/10 for Graph ArxAP running klev2 with k=3...
    Passes: 3, Time/Memory: 0.66,14336, Output: ['3']
Iteration 8/10 for Graph ArxAP running klev2 with k=3...
    Passes: 3, Time/Memory: 0.66,14336, Output: ['3']
Iteration 9/10 for Graph ArxAP running klev2 with k=3...
    Passes: 3, Time/Memory: 0.66,14336, Output: ['3']
Iteration 10/10 for Graph ArxAP running klev2 with k=3...
    Passes: 3, Time/Memory: 0.66,14336, Output: ['3']
Iteration 1/10 for Graph ArxAP running klev2 with k=2...
    Passes: 4, Time/Memory: 0.68,12288, Output: ['4']
Iteration 2/10 for Graph ArxAP running klev2 with k=2...
    Passes: 4, Time/Memory: 0.68,12288, Output: ['4']
Iteration 3/10 for Graph ArxAP running klev2 with k=2...
    Passes: 4, Time/Memory: 0.66,12288, Output: ['4']
Iteration 4/10 for Graph ArxAP running klev2 with k=2...
    Passes: 4, Time/Memory: 0.67,12288, Output: ['4']
Iteration 5/10 for Graph ArxAP running klev2 with k=2...
    Passes: 4, Time/Memory: 0.67,12288, Output: ['4']
Iteration 6/10 for Graph ArxAP running klev2 with k=2...
    Passes: 4, Time/Memory: 0.67,12288, Output: ['4']
Iteration 7/10 for Graph ArxAP running klev2 with k=2...
    Passes: 4, Time/Memory: 0.68,12288, Output: ['4']
Iteration 8/10 for Graph ArxAP running klev2 with k=2...
    Passes: 4, Time/Memory: 0.68,12288, Output: ['4']
Iteration 9/10 for Graph ArxAP running klev2 with k=2...
    Passes: 4, Time/Memory: 0.67,12288, Output: ['4']
Iteration 10/10 for Graph ArxAP running klev2 with k=2...
    Passes: 4, Time/Memory: 0.68,12288, Output: ['4']
Iteration 1/10 for Graph ArxAP running klev2 with k=1...
    Passes: 4, Time/Memory: 0.65,10240, Output: ['4']
Iteration 2/10 for Graph ArxAP running klev2 with k=1...
    Passes: 4, Time/Memory: 0.65,10240, Output: ['4']
Iteration 3/10 for Graph ArxAP running klev2 with k=1...
    Passes: 4, Time/Memory: 0.65,10240, Output: ['4']
Iteration 4/10 for Graph ArxAP running klev2 with k=1...
    Passes: 4, Time/Memory: 0.66,10240, Output: ['4']
Iteration 5/10 for Graph ArxAP running klev2 with k=1...
    Passes: 4, Time/Memory: 0.66,10240, Output: ['4']
Iteration 6/10 for Graph ArxAP running klev2 with k=1...
    Passes: 4, Time/Memory: 0.66,10240, Output: ['4']
Iteration 7/10 for Graph ArxAP running klev2 with k=1...
    Passes: 4, Time/Memory: 0.65,10240, Output: ['4']
Iteration 8/10 for Graph ArxAP running klev2 with k=1...
    Passes: 4, Time/Memory: 0.66,10240, Output: ['4']
Iteration 9/10 for Graph ArxAP running klev2 with k=1...
    Passes: 4, Time/Memory: 0.65,10240, Output: ['4']
Iteration 10/10 for Graph ArxAP running klev2 with k=1...
    Passes: 4, Time/Memory: 0.66,10240, Output: ['4']
Results for ArxAP running klev2 saved to ./results/real/average_concurrent_runs
Iteration 1/10 for Graph ArxAP running klev0 with k=11...
    Passes: 5, Time/Memory: 0.78,9216, Output: ['5']
Iteration 2/10 for Graph ArxAP running klev0 with k=11...
    Passes: 5, Time/Memory: 0.80,9216, Output: ['5']
Iteration 3/10 for Graph ArxAP running klev0 with k=11...
    Passes: 5, Time/Memory: 0.79,9216, Output: ['5']
Iteration 4/10 for Graph ArxAP running klev0 with k=11...
    Passes: 5, Time/Memory: 0.80,9216, Output: ['5']
Iteration 5/10 for Graph ArxAP running klev0 with k=11...
    Passes: 5, Time/Memory: 0.79,9216, Output: ['5']
Iteration 6/10 for Graph ArxAP running klev0 with k=11...
    Passes: 5, Time/Memory: 0.79,9216, Output: ['5']
Iteration 7/10 for Graph ArxAP running klev0 with k=11...
    Passes: 5, Time/Memory: 0.80,9216, Output: ['5']
Iteration 8/10 for Graph ArxAP running klev0 with k=11...
    Passes: 5, Time/Memory: 0.79,9216, Output: ['5']
Iteration 9/10 for Graph ArxAP running klev0 with k=11...
    Passes: 5, Time/Memory: 0.80,9216, Output: ['5']
Iteration 10/10 for Graph ArxAP running klev0 with k=11...
    Passes: 5, Time/Memory: 0.80,9216, Output: ['5']
Iteration 1/10 for Graph ArxAP running klev0 with k=10...
    Passes: 5, Time/Memory: 0.79,9216, Output: ['5']
Iteration 2/10 for Graph ArxAP running klev0 with k=10...
    Passes: 5, Time/Memory: 0.80,9216, Output: ['5']
Iteration 3/10 for Graph ArxAP running klev0 with k=10...
    Passes: 5, Time/Memory: 0.79,9216, Output: ['5']
Iteration 4/10 for Graph ArxAP running klev0 with k=10...
    Passes: 5, Time/Memory: 0.80,9216, Output: ['5']
Iteration 5/10 for Graph ArxAP running klev0 with k=10...
    Passes: 5, Time/Memory: 0.79,9216, Output: ['5']
Iteration 6/10 for Graph ArxAP running klev0 with k=10...
    Passes: 5, Time/Memory: 0.79,9216, Output: ['5']
Iteration 7/10 for Graph ArxAP running klev0 with k=10...
    Passes: 5, Time/Memory: 0.79,9216, Output: ['5']
Iteration 8/10 for Graph ArxAP running klev0 with k=10...
    Passes: 5, Time/Memory: 0.80,9216, Output: ['5']
Iteration 9/10 for Graph ArxAP running klev0 with k=10...
    Passes: 5, Time/Memory: 0.78,9216, Output: ['5']
Iteration 10/10 for Graph ArxAP running klev0 with k=10...
    Passes: 5, Time/Memory: 0.80,9216, Output: ['5']
Iteration 1/10 for Graph ArxAP running klev0 with k=9...
    Passes: 5, Time/Memory: 0.80,9216, Output: ['5']
Iteration 2/10 for Graph ArxAP running klev0 with k=9...
    Passes: 5, Time/Memory: 0.79,9216, Output: ['5']
Iteration 3/10 for Graph ArxAP running klev0 with k=9...
    Passes: 5, Time/Memory: 0.80,9216, Output: ['5']
Iteration 4/10 for Graph ArxAP running klev0 with k=9...
    Passes: 5, Time/Memory: 0.79,9216, Output: ['5']
Iteration 5/10 for Graph ArxAP running klev0 with k=9...
    Passes: 5, Time/Memory: 0.78,9216, Output: ['5']
Iteration 6/10 for Graph ArxAP running klev0 with k=9...
    Passes: 5, Time/Memory: 0.78,9216, Output: ['5']
Iteration 7/10 for Graph ArxAP running klev0 with k=9...
    Passes: 5, Time/Memory: 0.79,9216, Output: ['5']
Iteration 8/10 for Graph ArxAP running klev0 with k=9...
    Passes: 5, Time/Memory: 0.79,9216, Output: ['5']
Iteration 9/10 for Graph ArxAP running klev0 with k=9...
    Passes: 5, Time/Memory: 0.79,9216, Output: ['5']
Iteration 10/10 for Graph ArxAP running klev0 with k=9...
    Passes: 5, Time/Memory: 0.79,9216, Output: ['5']
Iteration 1/10 for Graph ArxAP running klev0 with k=8...
    Passes: 5, Time/Memory: 0.80,9216, Output: ['5']
Iteration 2/10 for Graph ArxAP running klev0 with k=8...
    Passes: 5, Time/Memory: 0.79,9216, Output: ['5']
Iteration 3/10 for Graph ArxAP running klev0 with k=8...
    Passes: 5, Time/Memory: 0.80,9216, Output: ['5']
Iteration 4/10 for Graph ArxAP running klev0 with k=8...
    Passes: 5, Time/Memory: 0.80,9216, Output: ['5']
Iteration 5/10 for Graph ArxAP running klev0 with k=8...
    Passes: 5, Time/Memory: 0.80,9216, Output: ['5']
Iteration 6/10 for Graph ArxAP running klev0 with k=8...
    Passes: 5, Time/Memory: 0.80,9216, Output: ['5']
Iteration 7/10 for Graph ArxAP running klev0 with k=8...
    Passes: 5, Time/Memory: 0.79,9216, Output: ['5']
Iteration 8/10 for Graph ArxAP running klev0 with k=8...
    Passes: 5, Time/Memory: 0.79,9216, Output: ['5']
Iteration 9/10 for Graph ArxAP running klev0 with k=8...
    Passes: 5, Time/Memory: 0.79,9216, Output: ['5']
Iteration 10/10 for Graph ArxAP running klev0 with k=8...
    Passes: 5, Time/Memory: 0.79,9216, Output: ['5']
Iteration 1/10 for Graph ArxAP running klev0 with k=7...
    Passes: 5, Time/Memory: 0.80,9216, Output: ['5']
Iteration 2/10 for Graph ArxAP running klev0 with k=7...
    Passes: 5, Time/Memory: 0.80,9216, Output: ['5']
Iteration 3/10 for Graph ArxAP running klev0 with k=7...
    Passes: 5, Time/Memory: 0.80,9216, Output: ['5']
Iteration 4/10 for Graph ArxAP running klev0 with k=7...
    Passes: 5, Time/Memory: 0.80,9216, Output: ['5']
Iteration 5/10 for Graph ArxAP running klev0 with k=7...
    Passes: 5, Time/Memory: 0.80,9216, Output: ['5']
Iteration 6/10 for Graph ArxAP running klev0 with k=7...
    Passes: 5, Time/Memory: 0.79,9216, Output: ['5']
Iteration 7/10 for Graph ArxAP running klev0 with k=7...
    Passes: 5, Time/Memory: 0.79,9216, Output: ['5']
Iteration 8/10 for Graph ArxAP running klev0 with k=7...
    Passes: 5, Time/Memory: 0.78,9216, Output: ['5']
Iteration 9/10 for Graph ArxAP running klev0 with k=7...
    Passes: 5, Time/Memory: 0.79,9216, Output: ['5']
Iteration 10/10 for Graph ArxAP running klev0 with k=7...
    Passes: 5, Time/Memory: 0.79,9216, Output: ['5']
Iteration 1/10 for Graph ArxAP running klev0 with k=6...
    Passes: 5, Time/Memory: 0.80,9216, Output: ['5']
Iteration 2/10 for Graph ArxAP running klev0 with k=6...
    Passes: 5, Time/Memory: 0.79,9216, Output: ['5']
Iteration 3/10 for Graph ArxAP running klev0 with k=6...
    Passes: 5, Time/Memory: 0.79,9216, Output: ['5']
Iteration 4/10 for Graph ArxAP running klev0 with k=6...
    Passes: 5, Time/Memory: 0.80,9216, Output: ['5']
Iteration 5/10 for Graph ArxAP running klev0 with k=6...
    Passes: 5, Time/Memory: 0.79,9216, Output: ['5']
Iteration 6/10 for Graph ArxAP running klev0 with k=6...
    Passes: 5, Time/Memory: 0.79,9216, Output: ['5']
Iteration 7/10 for Graph ArxAP running klev0 with k=6...
    Passes: 5, Time/Memory: 0.79,9216, Output: ['5']
Iteration 8/10 for Graph ArxAP running klev0 with k=6...
    Passes: 5, Time/Memory: 0.80,9216, Output: ['5']
Iteration 9/10 for Graph ArxAP running klev0 with k=6...
    Passes: 5, Time/Memory: 0.80,9216, Output: ['5']
Iteration 10/10 for Graph ArxAP running klev0 with k=6...
    Passes: 5, Time/Memory: 0.79,9216, Output: ['5']
Iteration 1/10 for Graph ArxAP running klev0 with k=5...
    Passes: 5, Time/Memory: 0.79,9216, Output: ['5']
Iteration 2/10 for Graph ArxAP running klev0 with k=5...
    Passes: 5, Time/Memory: 0.79,9216, Output: ['5']
Iteration 3/10 for Graph ArxAP running klev0 with k=5...
    Passes: 5, Time/Memory: 0.79,9216, Output: ['5']
Iteration 4/10 for Graph ArxAP running klev0 with k=5...
    Passes: 5, Time/Memory: 0.80,9216, Output: ['5']
Iteration 5/10 for Graph ArxAP running klev0 with k=5...
    Passes: 5, Time/Memory: 0.79,9216, Output: ['5']
Iteration 6/10 for Graph ArxAP running klev0 with k=5...
    Passes: 5, Time/Memory: 0.80,9216, Output: ['5']
Iteration 7/10 for Graph ArxAP running klev0 with k=5...
    Passes: 5, Time/Memory: 0.78,9216, Output: ['5']
Iteration 8/10 for Graph ArxAP running klev0 with k=5...
    Passes: 5, Time/Memory: 0.79,9216, Output: ['5']
Iteration 9/10 for Graph ArxAP running klev0 with k=5...
    Passes: 5, Time/Memory: 0.80,9216, Output: ['5']
Iteration 10/10 for Graph ArxAP running klev0 with k=5...
    Passes: 5, Time/Memory: 0.79,9216, Output: ['5']
Iteration 1/10 for Graph ArxAP running klev0 with k=4...
    Passes: 5, Time/Memory: 0.80,9216, Output: ['5']
Iteration 2/10 for Graph ArxAP running klev0 with k=4...
    Passes: 5, Time/Memory: 0.79,9216, Output: ['5']
Iteration 3/10 for Graph ArxAP running klev0 with k=4...
    Passes: 5, Time/Memory: 0.80,9216, Output: ['5']
Iteration 4/10 for Graph ArxAP running klev0 with k=4...
    Passes: 5, Time/Memory: 0.80,9216, Output: ['5']
Iteration 5/10 for Graph ArxAP running klev0 with k=4...
    Passes: 5, Time/Memory: 0.79,9216, Output: ['5']
Iteration 6/10 for Graph ArxAP running klev0 with k=4...
    Passes: 5, Time/Memory: 0.80,9216, Output: ['5']
Iteration 7/10 for Graph ArxAP running klev0 with k=4...
    Passes: 5, Time/Memory: 0.79,9216, Output: ['5']
Iteration 8/10 for Graph ArxAP running klev0 with k=4...
    Passes: 5, Time/Memory: 0.80,9216, Output: ['5']
Iteration 9/10 for Graph ArxAP running klev0 with k=4...
    Passes: 5, Time/Memory: 0.80,9216, Output: ['5']
Iteration 10/10 for Graph ArxAP running klev0 with k=4...
    Passes: 5, Time/Memory: 0.79,9216, Output: ['5']
Iteration 1/10 for Graph ArxAP running klev0 with k=3...
    Passes: 5, Time/Memory: 0.80,9216, Output: ['5']
Iteration 2/10 for Graph ArxAP running klev0 with k=3...
    Passes: 5, Time/Memory: 0.80,9216, Output: ['5']
Iteration 3/10 for Graph ArxAP running klev0 with k=3...
    Passes: 5, Time/Memory: 0.80,9216, Output: ['5']
Iteration 4/10 for Graph ArxAP running klev0 with k=3...
    Passes: 5, Time/Memory: 0.80,9216, Output: ['5']
Iteration 5/10 for Graph ArxAP running klev0 with k=3...
    Passes: 5, Time/Memory: 0.80,9216, Output: ['5']
Iteration 6/10 for Graph ArxAP running klev0 with k=3...
    Passes: 5, Time/Memory: 0.79,9216, Output: ['5']
Iteration 7/10 for Graph ArxAP running klev0 with k=3...
    Passes: 5, Time/Memory: 0.79,9216, Output: ['5']
Iteration 8/10 for Graph ArxAP running klev0 with k=3...
    Passes: 5, Time/Memory: 0.79,9216, Output: ['5']
Iteration 9/10 for Graph ArxAP running klev0 with k=3...
    Passes: 5, Time/Memory: 0.78,9216, Output: ['5']
Iteration 10/10 for Graph ArxAP running klev0 with k=3...
    Passes: 5, Time/Memory: 0.80,9216, Output: ['5']
Iteration 1/10 for Graph ArxAP running klev0 with k=2...
    Passes: 5, Time/Memory: 0.79,9216, Output: ['5']
Iteration 2/10 for Graph ArxAP running klev0 with k=2...
    Passes: 5, Time/Memory: 0.79,9216, Output: ['5']
Iteration 3/10 for Graph ArxAP running klev0 with k=2...
    Passes: 5, Time/Memory: 0.79,9216, Output: ['5']
Iteration 4/10 for Graph ArxAP running klev0 with k=2...
    Passes: 5, Time/Memory: 0.79,9216, Output: ['5']
Iteration 5/10 for Graph ArxAP running klev0 with k=2...
    Passes: 5, Time/Memory: 0.80,9216, Output: ['5']
Iteration 6/10 for Graph ArxAP running klev0 with k=2...
    Passes: 5, Time/Memory: 0.79,9216, Output: ['5']
Iteration 7/10 for Graph ArxAP running klev0 with k=2...
    Passes: 5, Time/Memory: 0.79,9216, Output: ['5']
Iteration 8/10 for Graph ArxAP running klev0 with k=2...
    Passes: 5, Time/Memory: 0.79,9216, Output: ['5']
Iteration 9/10 for Graph ArxAP running klev0 with k=2...
    Passes: 5, Time/Memory: 0.78,9216, Output: ['5']
Iteration 10/10 for Graph ArxAP running klev0 with k=2...
    Passes: 5, Time/Memory: 0.79,9216, Output: ['5']
Iteration 1/10 for Graph ArxAP running klev0 with k=1...
    Passes: 5, Time/Memory: 0.80,9216, Output: ['5']
Iteration 2/10 for Graph ArxAP running klev0 with k=1...
    Passes: 5, Time/Memory: 0.80,9216, Output: ['5']
Iteration 3/10 for Graph ArxAP running klev0 with k=1...
    Passes: 5, Time/Memory: 0.79,9216, Output: ['5']
Iteration 4/10 for Graph ArxAP running klev0 with k=1...
    Passes: 5, Time/Memory: 0.78,9216, Output: ['5']
Iteration 5/10 for Graph ArxAP running klev0 with k=1...
    Passes: 5, Time/Memory: 0.80,9216, Output: ['5']
Iteration 6/10 for Graph ArxAP running klev0 with k=1...
    Passes: 5, Time/Memory: 0.79,9216, Output: ['5']
Iteration 7/10 for Graph ArxAP running klev0 with k=1...
    Passes: 5, Time/Memory: 0.80,9216, Output: ['5']
Iteration 8/10 for Graph ArxAP running klev0 with k=1...
    Passes: 5, Time/Memory: 0.79,9216, Output: ['5']
Iteration 9/10 for Graph ArxAP running klev0 with k=1...
    Passes: 5, Time/Memory: 0.78,9216, Output: ['5']
Iteration 10/10 for Graph ArxAP running klev0 with k=1...
    Passes: 5, Time/Memory: 0.80,9216, Output: ['5']
Results for ArxAP running klev0 saved to ./results/real/average_concurrent_runs
Iteration 1/10 for Graph ArxAP running klev1 with k=11...
    Passes: 1, Time/Memory: 0.07,9216, Output: ['1']
Iteration 2/10 for Graph ArxAP running klev1 with k=11...
    Passes: 1, Time/Memory: 0.06,9216, Output: ['1']
Iteration 3/10 for Graph ArxAP running klev1 with k=11...
    Passes: 1, Time/Memory: 0.07,9216, Output: ['1']
Iteration 4/10 for Graph ArxAP running klev1 with k=11...
    Passes: 1, Time/Memory: 0.06,9216, Output: ['1']
Iteration 5/10 for Graph ArxAP running klev1 with k=11...
    Passes: 1, Time/Memory: 0.07,9216, Output: ['1']
Iteration 6/10 for Graph ArxAP running klev1 with k=11...
    Passes: 1, Time/Memory: 0.07,9216, Output: ['1']
Iteration 7/10 for Graph ArxAP running klev1 with k=11...
    Passes: 1, Time/Memory: 0.07,9216, Output: ['1']
Iteration 8/10 for Graph ArxAP running klev1 with k=11...
    Passes: 1, Time/Memory: 0.07,9216, Output: ['1']
Iteration 9/10 for Graph ArxAP running klev1 with k=11...
    Passes: 1, Time/Memory: 0.07,9216, Output: ['1']
Iteration 10/10 for Graph ArxAP running klev1 with k=11...
    Passes: 1, Time/Memory: 0.07,9216, Output: ['1']
Iteration 1/10 for Graph ArxAP running klev1 with k=10...
    Passes: 4, Time/Memory: 0.63,9216, Output: ['4']
Iteration 2/10 for Graph ArxAP running klev1 with k=10...
    Passes: 4, Time/Memory: 0.64,9216, Output: ['4']
Iteration 3/10 for Graph ArxAP running klev1 with k=10...
    Passes: 4, Time/Memory: 0.62,9216, Output: ['4']
Iteration 4/10 for Graph ArxAP running klev1 with k=10...
    Passes: 4, Time/Memory: 0.63,9216, Output: ['4']
Iteration 5/10 for Graph ArxAP running klev1 with k=10...
    Passes: 4, Time/Memory: 0.63,9216, Output: ['4']
Iteration 6/10 for Graph ArxAP running klev1 with k=10...
    Passes: 4, Time/Memory: 0.64,9216, Output: ['4']
Iteration 7/10 for Graph ArxAP running klev1 with k=10...
    Passes: 4, Time/Memory: 0.64,9216, Output: ['4']
Iteration 8/10 for Graph ArxAP running klev1 with k=10...
    Passes: 4, Time/Memory: 0.64,9216, Output: ['4']
Iteration 9/10 for Graph ArxAP running klev1 with k=10...
    Passes: 4, Time/Memory: 0.62,8192, Output: ['4']
Iteration 10/10 for Graph ArxAP running klev1 with k=10...
    Passes: 4, Time/Memory: 0.63,9216, Output: ['4']
Iteration 1/10 for Graph ArxAP running klev1 with k=9...
    Passes: 4, Time/Memory: 0.63,9216, Output: ['4']
Iteration 2/10 for Graph ArxAP running klev1 with k=9...
    Passes: 4, Time/Memory: 0.63,9216, Output: ['4']
Iteration 3/10 for Graph ArxAP running klev1 with k=9...
    Passes: 4, Time/Memory: 0.63,9216, Output: ['4']
Iteration 4/10 for Graph ArxAP running klev1 with k=9...
    Passes: 4, Time/Memory: 0.64,9216, Output: ['4']
Iteration 5/10 for Graph ArxAP running klev1 with k=9...
    Passes: 4, Time/Memory: 0.63,9216, Output: ['4']
Iteration 6/10 for Graph ArxAP running klev1 with k=9...
    Passes: 4, Time/Memory: 0.63,9216, Output: ['4']
Iteration 7/10 for Graph ArxAP running klev1 with k=9...
    Passes: 4, Time/Memory: 0.63,9216, Output: ['4']
Iteration 8/10 for Graph ArxAP running klev1 with k=9...
    Passes: 4, Time/Memory: 0.63,9216, Output: ['4']
Iteration 9/10 for Graph ArxAP running klev1 with k=9...
    Passes: 4, Time/Memory: 0.63,9216, Output: ['4']
Iteration 10/10 for Graph ArxAP running klev1 with k=9...
    Passes: 4, Time/Memory: 0.64,9216, Output: ['4']
Iteration 1/10 for Graph ArxAP running klev1 with k=8...
    Passes: 4, Time/Memory: 0.63,9216, Output: ['4']
Iteration 2/10 for Graph ArxAP running klev1 with k=8...
    Passes: 4, Time/Memory: 0.64,9216, Output: ['4']
Iteration 3/10 for Graph ArxAP running klev1 with k=8...
    Passes: 4, Time/Memory: 0.63,9216, Output: ['4']
Iteration 4/10 for Graph ArxAP running klev1 with k=8...
    Passes: 4, Time/Memory: 0.63,9216, Output: ['4']
Iteration 5/10 for Graph ArxAP running klev1 with k=8...
    Passes: 4, Time/Memory: 0.64,9216, Output: ['4']
Iteration 6/10 for Graph ArxAP running klev1 with k=8...
    Passes: 4, Time/Memory: 0.64,9216, Output: ['4']
Iteration 7/10 for Graph ArxAP running klev1 with k=8...
    Passes: 4, Time/Memory: 0.63,9216, Output: ['4']
Iteration 8/10 for Graph ArxAP running klev1 with k=8...
    Passes: 4, Time/Memory: 0.64,9216, Output: ['4']
Iteration 9/10 for Graph ArxAP running klev1 with k=8...
    Passes: 4, Time/Memory: 0.63,9216, Output: ['4']
Iteration 10/10 for Graph ArxAP running klev1 with k=8...
    Passes: 4, Time/Memory: 0.63,9216, Output: ['4']
Iteration 1/10 for Graph ArxAP running klev1 with k=7...
    Passes: 4, Time/Memory: 0.64,9216, Output: ['4']
Iteration 2/10 for Graph ArxAP running klev1 with k=7...
    Passes: 4, Time/Memory: 0.63,9216, Output: ['4']
Iteration 3/10 for Graph ArxAP running klev1 with k=7...
    Passes: 4, Time/Memory: 0.63,9216, Output: ['4']
Iteration 4/10 for Graph ArxAP running klev1 with k=7...
    Passes: 4, Time/Memory: 0.64,9216, Output: ['4']
Iteration 5/10 for Graph ArxAP running klev1 with k=7...
    Passes: 4, Time/Memory: 0.63,9216, Output: ['4']
Iteration 6/10 for Graph ArxAP running klev1 with k=7...
    Passes: 4, Time/Memory: 0.63,9216, Output: ['4']
Iteration 7/10 for Graph ArxAP running klev1 with k=7...
    Passes: 4, Time/Memory: 0.63,9216, Output: ['4']
Iteration 8/10 for Graph ArxAP running klev1 with k=7...
    Passes: 4, Time/Memory: 0.64,9216, Output: ['4']
Iteration 9/10 for Graph ArxAP running klev1 with k=7...
    Passes: 4, Time/Memory: 0.63,9216, Output: ['4']
Iteration 10/10 for Graph ArxAP running klev1 with k=7...
    Passes: 4, Time/Memory: 0.64,9216, Output: ['4']
Iteration 1/10 for Graph ArxAP running klev1 with k=6...
    Passes: 4, Time/Memory: 0.63,9216, Output: ['4']
Iteration 2/10 for Graph ArxAP running klev1 with k=6...
    Passes: 4, Time/Memory: 0.64,9216, Output: ['4']
Iteration 3/10 for Graph ArxAP running klev1 with k=6...
    Passes: 4, Time/Memory: 0.63,9216, Output: ['4']
Iteration 4/10 for Graph ArxAP running klev1 with k=6...
    Passes: 4, Time/Memory: 0.63,9216, Output: ['4']
Iteration 5/10 for Graph ArxAP running klev1 with k=6...
    Passes: 4, Time/Memory: 0.64,9216, Output: ['4']
Iteration 6/10 for Graph ArxAP running klev1 with k=6...
    Passes: 4, Time/Memory: 0.64,9216, Output: ['4']
Iteration 7/10 for Graph ArxAP running klev1 with k=6...
    Passes: 4, Time/Memory: 0.62,9216, Output: ['4']
Iteration 8/10 for Graph ArxAP running klev1 with k=6...
    Passes: 4, Time/Memory: 0.63,9216, Output: ['4']
Iteration 9/10 for Graph ArxAP running klev1 with k=6...
    Passes: 4, Time/Memory: 0.63,9216, Output: ['4']
Iteration 10/10 for Graph ArxAP running klev1 with k=6...
    Passes: 4, Time/Memory: 0.64,9216, Output: ['4']
Iteration 1/10 for Graph ArxAP running klev1 with k=5...
    Passes: 4, Time/Memory: 0.62,9216, Output: ['4']
Iteration 2/10 for Graph ArxAP running klev1 with k=5...
    Passes: 4, Time/Memory: 0.64,9216, Output: ['4']
Iteration 3/10 for Graph ArxAP running klev1 with k=5...
    Passes: 4, Time/Memory: 0.63,9216, Output: ['4']
Iteration 4/10 for Graph ArxAP running klev1 with k=5...
    Passes: 4, Time/Memory: 0.64,9216, Output: ['4']
Iteration 5/10 for Graph ArxAP running klev1 with k=5...
    Passes: 4, Time/Memory: 0.62,9216, Output: ['4']
Iteration 6/10 for Graph ArxAP running klev1 with k=5...
    Passes: 4, Time/Memory: 0.63,9216, Output: ['4']
Iteration 7/10 for Graph ArxAP running klev1 with k=5...
    Passes: 4, Time/Memory: 0.63,9216, Output: ['4']
Iteration 8/10 for Graph ArxAP running klev1 with k=5...
    Passes: 4, Time/Memory: 0.64,9216, Output: ['4']
Iteration 9/10 for Graph ArxAP running klev1 with k=5...
    Passes: 4, Time/Memory: 0.64,9216, Output: ['4']
Iteration 10/10 for Graph ArxAP running klev1 with k=5...
    Passes: 4, Time/Memory: 0.64,9216, Output: ['4']
Iteration 1/10 for Graph ArxAP running klev1 with k=4...
    Passes: 4, Time/Memory: 0.64,9216, Output: ['4']
Iteration 2/10 for Graph ArxAP running klev1 with k=4...
    Passes: 4, Time/Memory: 0.63,9216, Output: ['4']
Iteration 3/10 for Graph ArxAP running klev1 with k=4...
    Passes: 4, Time/Memory: 0.63,9216, Output: ['4']
Iteration 4/10 for Graph ArxAP running klev1 with k=4...
    Passes: 4, Time/Memory: 0.63,9216, Output: ['4']
Iteration 5/10 for Graph ArxAP running klev1 with k=4...
    Passes: 4, Time/Memory: 0.63,9216, Output: ['4']
Iteration 6/10 for Graph ArxAP running klev1 with k=4...
    Passes: 4, Time/Memory: 0.63,9216, Output: ['4']
Iteration 7/10 for Graph ArxAP running klev1 with k=4...
    Passes: 4, Time/Memory: 0.63,9216, Output: ['4']
Iteration 8/10 for Graph ArxAP running klev1 with k=4...
    Passes: 4, Time/Memory: 0.64,9216, Output: ['4']
Iteration 9/10 for Graph ArxAP running klev1 with k=4...
    Passes: 4, Time/Memory: 0.64,9216, Output: ['4']
Iteration 10/10 for Graph ArxAP running klev1 with k=4...
    Passes: 4, Time/Memory: 0.63,9216, Output: ['4']
Iteration 1/10 for Graph ArxAP running klev1 with k=3...
    Passes: 4, Time/Memory: 0.63,9216, Output: ['4']
Iteration 2/10 for Graph ArxAP running klev1 with k=3...
    Passes: 4, Time/Memory: 0.64,9216, Output: ['4']
Iteration 3/10 for Graph ArxAP running klev1 with k=3...
    Passes: 4, Time/Memory: 0.63,9216, Output: ['4']
Iteration 4/10 for Graph ArxAP running klev1 with k=3...
    Passes: 4, Time/Memory: 0.64,9216, Output: ['4']
Iteration 5/10 for Graph ArxAP running klev1 with k=3...
    Passes: 4, Time/Memory: 0.63,9216, Output: ['4']
Iteration 6/10 for Graph ArxAP running klev1 with k=3...
    Passes: 4, Time/Memory: 0.63,9216, Output: ['4']
Iteration 7/10 for Graph ArxAP running klev1 with k=3...
    Passes: 4, Time/Memory: 0.63,9216, Output: ['4']
Iteration 8/10 for Graph ArxAP running klev1 with k=3...
    Passes: 4, Time/Memory: 0.63,9216, Output: ['4']
Iteration 9/10 for Graph ArxAP running klev1 with k=3...
    Passes: 4, Time/Memory: 0.63,9216, Output: ['4']
Iteration 10/10 for Graph ArxAP running klev1 with k=3...
    Passes: 4, Time/Memory: 0.64,9216, Output: ['4']
Iteration 1/10 for Graph ArxAP running klev1 with k=2...
    Passes: 4, Time/Memory: 0.63,9216, Output: ['4']
Iteration 2/10 for Graph ArxAP running klev1 with k=2...
    Passes: 4, Time/Memory: 0.62,9216, Output: ['4']
Iteration 3/10 for Graph ArxAP running klev1 with k=2...
    Passes: 4, Time/Memory: 0.63,9216, Output: ['4']
Iteration 4/10 for Graph ArxAP running klev1 with k=2...
    Passes: 4, Time/Memory: 0.63,9216, Output: ['4']
Iteration 5/10 for Graph ArxAP running klev1 with k=2...
    Passes: 4, Time/Memory: 0.64,9216, Output: ['4']
Iteration 6/10 for Graph ArxAP running klev1 with k=2...
    Passes: 4, Time/Memory: 0.62,9216, Output: ['4']
Iteration 7/10 for Graph ArxAP running klev1 with k=2...
    Passes: 4, Time/Memory: 0.63,9216, Output: ['4']
Iteration 8/10 for Graph ArxAP running klev1 with k=2...
    Passes: 4, Time/Memory: 0.63,9216, Output: ['4']
Iteration 9/10 for Graph ArxAP running klev1 with k=2...
    Passes: 4, Time/Memory: 0.64,9216, Output: ['4']
Iteration 10/10 for Graph ArxAP running klev1 with k=2...
    Passes: 4, Time/Memory: 0.63,9216, Output: ['4']
Iteration 1/10 for Graph ArxAP running klev1 with k=1...
    Passes: 4, Time/Memory: 0.64,9216, Output: ['4']
Iteration 2/10 for Graph ArxAP running klev1 with k=1...
    Passes: 4, Time/Memory: 0.65,9216, Output: ['4']
Iteration 3/10 for Graph ArxAP running klev1 with k=1...
    Passes: 4, Time/Memory: 0.64,9216, Output: ['4']
Iteration 4/10 for Graph ArxAP running klev1 with k=1...
    Passes: 4, Time/Memory: 0.64,9216, Output: ['4']
Iteration 5/10 for Graph ArxAP running klev1 with k=1...
    Passes: 4, Time/Memory: 0.65,9216, Output: ['4']
Iteration 6/10 for Graph ArxAP running klev1 with k=1...
    Passes: 4, Time/Memory: 0.65,9216, Output: ['4']
Iteration 7/10 for Graph ArxAP running klev1 with k=1...
    Passes: 4, Time/Memory: 0.64,9216, Output: ['4']
Iteration 8/10 for Graph ArxAP running klev1 with k=1...
    Passes: 4, Time/Memory: 0.64,9216, Output: ['4']
Iteration 9/10 for Graph ArxAP running klev1 with k=1...
    Passes: 4, Time/Memory: 0.63,9216, Output: ['4']
Iteration 10/10 for Graph ArxAP running klev1 with k=1...
    Passes: 4, Time/Memory: 0.64,9216, Output: ['4']
Results for ArxAP running klev1 saved to ./results/real/average_concurrent_runs
Iteration 1/10 for Graph BrightK running klevN with k=4...
    Passes: 1, Time/Memory: 0.08,13312, Output: ['1']
Iteration 2/10 for Graph BrightK running klevN with k=4...
    Passes: 1, Time/Memory: 0.08,13312, Output: ['1']
Iteration 3/10 for Graph BrightK running klevN with k=4...
    Passes: 1, Time/Memory: 0.08,13312, Output: ['1']
Iteration 4/10 for Graph BrightK running klevN with k=4...
    Passes: 1, Time/Memory: 0.09,13312, Output: ['1']
Iteration 5/10 for Graph BrightK running klevN with k=4...
    Passes: 1, Time/Memory: 0.08,13312, Output: ['1']
Iteration 6/10 for Graph BrightK running klevN with k=4...
    Passes: 1, Time/Memory: 0.08,13312, Output: ['1']
Iteration 7/10 for Graph BrightK running klevN with k=4...
    Passes: 1, Time/Memory: 0.08,13312, Output: ['1']
Iteration 8/10 for Graph BrightK running klevN with k=4...
    Passes: 1, Time/Memory: 0.08,13312, Output: ['1']
Iteration 9/10 for Graph BrightK running klevN with k=4...
    Passes: 1, Time/Memory: 0.08,13312, Output: ['1']
Iteration 10/10 for Graph BrightK running klevN with k=4...
    Passes: 1, Time/Memory: 0.08,13312, Output: ['1']
Iteration 1/10 for Graph BrightK running klevN with k=10...
    Passes: 1, Time/Memory: 0.09,13312, Output: ['1']
Iteration 2/10 for Graph BrightK running klevN with k=10...
    Passes: 1, Time/Memory: 0.08,13312, Output: ['1']
Iteration 3/10 for Graph BrightK running klevN with k=10...
    Passes: 1, Time/Memory: 0.08,13312, Output: ['1']
Iteration 4/10 for Graph BrightK running klevN with k=10...
    Passes: 1, Time/Memory: 0.08,13312, Output: ['1']
Iteration 5/10 for Graph BrightK running klevN with k=10...
    Passes: 1, Time/Memory: 0.08,13312, Output: ['1']
Iteration 6/10 for Graph BrightK running klevN with k=10...
    Passes: 1, Time/Memory: 0.08,13312, Output: ['1']
Iteration 7/10 for Graph BrightK running klevN with k=10...
    Passes: 1, Time/Memory: 0.07,13312, Output: ['1']
Iteration 8/10 for Graph BrightK running klevN with k=10...
    Passes: 1, Time/Memory: 0.08,13312, Output: ['1']
Iteration 9/10 for Graph BrightK running klevN with k=10...
    Passes: 1, Time/Memory: 0.08,13312, Output: ['1']
Iteration 10/10 for Graph BrightK running klevN with k=10...
    Passes: 1, Time/Memory: 0.08,13312, Output: ['1']
Iteration 1/10 for Graph BrightK running klevN with k=9...
    Passes: 1, Time/Memory: 0.08,13312, Output: ['1']
Iteration 2/10 for Graph BrightK running klevN with k=9...
    Passes: 1, Time/Memory: 0.08,13312, Output: ['1']
Iteration 3/10 for Graph BrightK running klevN with k=9...
    Passes: 1, Time/Memory: 0.08,13312, Output: ['1']
Iteration 4/10 for Graph BrightK running klevN with k=9...
    Passes: 1, Time/Memory: 0.08,13312, Output: ['1']
Iteration 5/10 for Graph BrightK running klevN with k=9...
    Passes: 1, Time/Memory: 0.08,13312, Output: ['1']
Iteration 6/10 for Graph BrightK running klevN with k=9...
    Passes: 1, Time/Memory: 0.08,13312, Output: ['1']
Iteration 7/10 for Graph BrightK running klevN with k=9...
    Passes: 1, Time/Memory: 0.08,13312, Output: ['1']
Iteration 8/10 for Graph BrightK running klevN with k=9...
    Passes: 1, Time/Memory: 0.08,13312, Output: ['1']
Iteration 9/10 for Graph BrightK running klevN with k=9...
    Passes: 1, Time/Memory: 0.08,13312, Output: ['1']
Iteration 10/10 for Graph BrightK running klevN with k=9...
    Passes: 1, Time/Memory: 0.08,13312, Output: ['1']
Iteration 1/10 for Graph BrightK running klevN with k=8...
    Passes: 1, Time/Memory: 0.08,13312, Output: ['1']
Iteration 2/10 for Graph BrightK running klevN with k=8...
    Passes: 1, Time/Memory: 0.08,13312, Output: ['1']
Iteration 3/10 for Graph BrightK running klevN with k=8...
    Passes: 1, Time/Memory: 0.08,13312, Output: ['1']
Iteration 4/10 for Graph BrightK running klevN with k=8...
    Passes: 1, Time/Memory: 0.08,13312, Output: ['1']
Iteration 5/10 for Graph BrightK running klevN with k=8...
    Passes: 1, Time/Memory: 0.08,13312, Output: ['1']
Iteration 6/10 for Graph BrightK running klevN with k=8...
    Passes: 1, Time/Memory: 0.08,13312, Output: ['1']
Iteration 7/10 for Graph BrightK running klevN with k=8...
    Passes: 1, Time/Memory: 0.08,13312, Output: ['1']
Iteration 8/10 for Graph BrightK running klevN with k=8...
    Passes: 1, Time/Memory: 0.09,13312, Output: ['1']
Iteration 9/10 for Graph BrightK running klevN with k=8...
    Passes: 1, Time/Memory: 0.08,13312, Output: ['1']
Iteration 10/10 for Graph BrightK running klevN with k=8...
    Passes: 1, Time/Memory: 0.07,13312, Output: ['1']
Iteration 1/10 for Graph BrightK running klevN with k=7...
    Passes: 1, Time/Memory: 0.08,13312, Output: ['1']
Iteration 2/10 for Graph BrightK running klevN with k=7...
    Passes: 1, Time/Memory: 0.08,13312, Output: ['1']
Iteration 3/10 for Graph BrightK running klevN with k=7...
    Passes: 1, Time/Memory: 0.08,13312, Output: ['1']
Iteration 4/10 for Graph BrightK running klevN with k=7...
    Passes: 1, Time/Memory: 0.08,13312, Output: ['1']
Iteration 5/10 for Graph BrightK running klevN with k=7...
    Passes: 1, Time/Memory: 0.08,13312, Output: ['1']
Iteration 6/10 for Graph BrightK running klevN with k=7...
    Passes: 1, Time/Memory: 0.09,13312, Output: ['1']
Iteration 7/10 for Graph BrightK running klevN with k=7...
    Passes: 1, Time/Memory: 0.08,13312, Output: ['1']
Iteration 8/10 for Graph BrightK running klevN with k=7...
    Passes: 1, Time/Memory: 0.08,13312, Output: ['1']
Iteration 9/10 for Graph BrightK running klevN with k=7...
    Passes: 1, Time/Memory: 0.08,13312, Output: ['1']
Iteration 10/10 for Graph BrightK running klevN with k=7...
    Passes: 1, Time/Memory: 0.08,13312, Output: ['1']
Iteration 1/10 for Graph BrightK running klevN with k=6...
    Passes: 1, Time/Memory: 0.08,13312, Output: ['1']
Iteration 2/10 for Graph BrightK running klevN with k=6...
    Passes: 1, Time/Memory: 0.08,13312, Output: ['1']
Iteration 3/10 for Graph BrightK running klevN with k=6...
    Passes: 1, Time/Memory: 0.08,13312, Output: ['1']
Iteration 4/10 for Graph BrightK running klevN with k=6...
    Passes: 1, Time/Memory: 0.08,13312, Output: ['1']
Iteration 5/10 for Graph BrightK running klevN with k=6...
    Passes: 1, Time/Memory: 0.08,13312, Output: ['1']
Iteration 6/10 for Graph BrightK running klevN with k=6...
    Passes: 1, Time/Memory: 0.08,13312, Output: ['1']
Iteration 7/10 for Graph BrightK running klevN with k=6...
    Passes: 1, Time/Memory: 0.08,13312, Output: ['1']
Iteration 8/10 for Graph BrightK running klevN with k=6...
    Passes: 1, Time/Memory: 0.08,13312, Output: ['1']
Iteration 9/10 for Graph BrightK running klevN with k=6...
    Passes: 1, Time/Memory: 0.08,13312, Output: ['1']
Iteration 10/10 for Graph BrightK running klevN with k=6...
    Passes: 1, Time/Memory: 0.08,13312, Output: ['1']
Iteration 1/10 for Graph BrightK running klevN with k=5...
    Passes: 1, Time/Memory: 0.08,13312, Output: ['1']
Iteration 2/10 for Graph BrightK running klevN with k=5...
    Passes: 1, Time/Memory: 0.08,13312, Output: ['1']
Iteration 3/10 for Graph BrightK running klevN with k=5...
    Passes: 1, Time/Memory: 0.08,13312, Output: ['1']
Iteration 4/10 for Graph BrightK running klevN with k=5...
    Passes: 1, Time/Memory: 0.08,13312, Output: ['1']
Iteration 5/10 for Graph BrightK running klevN with k=5...
    Passes: 1, Time/Memory: 0.08,13312, Output: ['1']
Iteration 6/10 for Graph BrightK running klevN with k=5...
    Passes: 1, Time/Memory: 0.08,13312, Output: ['1']
Iteration 7/10 for Graph BrightK running klevN with k=5...
    Passes: 1, Time/Memory: 0.08,13312, Output: ['1']
Iteration 8/10 for Graph BrightK running klevN with k=5...
    Passes: 1, Time/Memory: 0.08,13312, Output: ['1']
Iteration 9/10 for Graph BrightK running klevN with k=5...
    Passes: 1, Time/Memory: 0.08,13312, Output: ['1']
Iteration 10/10 for Graph BrightK running klevN with k=5...
    Passes: 1, Time/Memory: 0.08,13312, Output: ['1']
Iteration 1/10 for Graph BrightK running klevN with k=4...
    Passes: 1, Time/Memory: 0.08,13312, Output: ['1']
Iteration 2/10 for Graph BrightK running klevN with k=4...
    Passes: 1, Time/Memory: 0.07,13312, Output: ['1']
Iteration 3/10 for Graph BrightK running klevN with k=4...
    Passes: 1, Time/Memory: 0.07,13312, Output: ['1']
Iteration 4/10 for Graph BrightK running klevN with k=4...
    Passes: 1, Time/Memory: 0.08,13312, Output: ['1']
Iteration 5/10 for Graph BrightK running klevN with k=4...
    Passes: 1, Time/Memory: 0.08,13312, Output: ['1']
Iteration 6/10 for Graph BrightK running klevN with k=4...
    Passes: 1, Time/Memory: 0.07,13312, Output: ['1']
Iteration 7/10 for Graph BrightK running klevN with k=4...
    Passes: 1, Time/Memory: 0.08,13312, Output: ['1']
Iteration 8/10 for Graph BrightK running klevN with k=4...
    Passes: 1, Time/Memory: 0.08,13312, Output: ['1']
Iteration 9/10 for Graph BrightK running klevN with k=4...
    Passes: 1, Time/Memory: 0.08,13312, Output: ['1']
Iteration 10/10 for Graph BrightK running klevN with k=4...
    Passes: 1, Time/Memory: 0.08,13312, Output: ['1']
Iteration 1/10 for Graph BrightK running klevN with k=3...
    Passes: 1, Time/Memory: 1.04,34816, Output: ['1']
Iteration 2/10 for Graph BrightK running klevN with k=3...
    Passes: 1, Time/Memory: 1.04,34816, Output: ['1']
Iteration 3/10 for Graph BrightK running klevN with k=3...
    Passes: 1, Time/Memory: 1.04,34816, Output: ['1']
Iteration 4/10 for Graph BrightK running klevN with k=3...
    Passes: 1, Time/Memory: 1.05,34816, Output: ['1']
Iteration 5/10 for Graph BrightK running klevN with k=3...
    Passes: 1, Time/Memory: 1.05,34816, Output: ['1']
Iteration 6/10 for Graph BrightK running klevN with k=3...
    Passes: 1, Time/Memory: 1.04,34816, Output: ['1']
Iteration 7/10 for Graph BrightK running klevN with k=3...
    Passes: 1, Time/Memory: 1.04,34816, Output: ['1']
Iteration 8/10 for Graph BrightK running klevN with k=3...
    Passes: 1, Time/Memory: 1.05,34816, Output: ['1']
Iteration 9/10 for Graph BrightK running klevN with k=3...
    Passes: 1, Time/Memory: 1.05,34816, Output: ['1']
Iteration 10/10 for Graph BrightK running klevN with k=3...
    Passes: 1, Time/Memory: 1.04,34816, Output: ['1']
Iteration 1/10 for Graph BrightK running klevN with k=2...
    Passes: 2, Time/Memory: 1.15,30720, Output: ['2']
Iteration 2/10 for Graph BrightK running klevN with k=2...
    Passes: 2, Time/Memory: 1.15,30720, Output: ['2']
Iteration 3/10 for Graph BrightK running klevN with k=2...
    Passes: 2, Time/Memory: 1.16,30720, Output: ['2']
Iteration 4/10 for Graph BrightK running klevN with k=2...
    Passes: 2, Time/Memory: 1.15,30720, Output: ['2']
Iteration 5/10 for Graph BrightK running klevN with k=2...
    Passes: 2, Time/Memory: 1.15,30720, Output: ['2']
Iteration 6/10 for Graph BrightK running klevN with k=2...
    Passes: 2, Time/Memory: 1.15,30720, Output: ['2']
Iteration 7/10 for Graph BrightK running klevN with k=2...
    Passes: 2, Time/Memory: 1.15,30720, Output: ['2']
Iteration 8/10 for Graph BrightK running klevN with k=2...
    Passes: 2, Time/Memory: 1.15,30720, Output: ['2']
Iteration 9/10 for Graph BrightK running klevN with k=2...
    Passes: 2, Time/Memory: 1.14,30720, Output: ['2']
Iteration 10/10 for Graph BrightK running klevN with k=2...
    Passes: 2, Time/Memory: 1.15,30720, Output: ['2']
Iteration 1/10 for Graph BrightK running klevN with k=1...
    Passes: 3, Time/Memory: 1.15,25600, Output: ['3']
Iteration 2/10 for Graph BrightK running klevN with k=1...
    Passes: 3, Time/Memory: 1.15,25600, Output: ['3']
Iteration 3/10 for Graph BrightK running klevN with k=1...
    Passes: 3, Time/Memory: 1.15,25600, Output: ['3']
Iteration 4/10 for Graph BrightK running klevN with k=1...
    Passes: 3, Time/Memory: 1.15,25600, Output: ['3']
Iteration 5/10 for Graph BrightK running klevN with k=1...
    Passes: 3, Time/Memory: 1.15,25600, Output: ['3']
Iteration 6/10 for Graph BrightK running klevN with k=1...
    Passes: 3, Time/Memory: 1.14,25600, Output: ['3']
Iteration 7/10 for Graph BrightK running klevN with k=1...
    Passes: 3, Time/Memory: 1.14,25600, Output: ['3']
Iteration 8/10 for Graph BrightK running klevN with k=1...
    Passes: 3, Time/Memory: 1.14,25600, Output: ['3']
Iteration 9/10 for Graph BrightK running klevN with k=1...
    Passes: 3, Time/Memory: 1.15,25600, Output: ['3']
Iteration 10/10 for Graph BrightK running klevN with k=1...
    Passes: 3, Time/Memory: 1.16,25600, Output: ['3']
Results for BrightK running klevN saved to ./results/real/average_concurrent_runs
Iteration 1/10 for Graph BrightK running klev2 with k=4...
    Passes: 1, Time/Memory: 0.07,13312, Output: ['1']
Iteration 2/10 for Graph BrightK running klev2 with k=4...
    Passes: 1, Time/Memory: 0.08,13312, Output: ['1']
Iteration 3/10 for Graph BrightK running klev2 with k=4...
    Passes: 1, Time/Memory: 0.08,13312, Output: ['1']
Iteration 4/10 for Graph BrightK running klev2 with k=4...
    Passes: 1, Time/Memory: 0.08,13312, Output: ['1']
Iteration 5/10 for Graph BrightK running klev2 with k=4...
    Passes: 1, Time/Memory: 0.08,13312, Output: ['1']
Iteration 6/10 for Graph BrightK running klev2 with k=4...
    Passes: 1, Time/Memory: 0.08,13312, Output: ['1']
Iteration 7/10 for Graph BrightK running klev2 with k=4...
    Passes: 1, Time/Memory: 0.08,13312, Output: ['1']
Iteration 8/10 for Graph BrightK running klev2 with k=4...
    Passes: 1, Time/Memory: 0.08,13312, Output: ['1']
Iteration 9/10 for Graph BrightK running klev2 with k=4...
    Passes: 1, Time/Memory: 0.08,13312, Output: ['1']
Iteration 10/10 for Graph BrightK running klev2 with k=4...
    Passes: 1, Time/Memory: 0.08,13312, Output: ['1']
Iteration 1/10 for Graph BrightK running klev2 with k=10...
    Passes: 1, Time/Memory: 0.08,13312, Output: ['1']
Iteration 2/10 for Graph BrightK running klev2 with k=10...
    Passes: 1, Time/Memory: 0.07,13312, Output: ['1']
Iteration 3/10 for Graph BrightK running klev2 with k=10...
    Passes: 1, Time/Memory: 0.07,13312, Output: ['1']
Iteration 4/10 for Graph BrightK running klev2 with k=10...
    Passes: 1, Time/Memory: 0.08,13312, Output: ['1']
Iteration 5/10 for Graph BrightK running klev2 with k=10...
    Passes: 1, Time/Memory: 0.08,13312, Output: ['1']
Iteration 6/10 for Graph BrightK running klev2 with k=10...
    Passes: 1, Time/Memory: 0.08,13312, Output: ['1']
Iteration 7/10 for Graph BrightK running klev2 with k=10...
    Passes: 1, Time/Memory: 0.08,13312, Output: ['1']
Iteration 8/10 for Graph BrightK running klev2 with k=10...
    Passes: 1, Time/Memory: 0.08,13312, Output: ['1']
Iteration 9/10 for Graph BrightK running klev2 with k=10...
    Passes: 1, Time/Memory: 0.08,13312, Output: ['1']
Iteration 10/10 for Graph BrightK running klev2 with k=10...
    Passes: 1, Time/Memory: 0.07,13312, Output: ['1']
Iteration 1/10 for Graph BrightK running klev2 with k=9...
    Passes: 1, Time/Memory: 0.07,13312, Output: ['1']
Iteration 2/10 for Graph BrightK running klev2 with k=9...
    Passes: 1, Time/Memory: 0.07,13312, Output: ['1']
Iteration 3/10 for Graph BrightK running klev2 with k=9...
    Passes: 1, Time/Memory: 0.08,13312, Output: ['1']
Iteration 4/10 for Graph BrightK running klev2 with k=9...
    Passes: 1, Time/Memory: 0.08,13312, Output: ['1']
Iteration 5/10 for Graph BrightK running klev2 with k=9...
    Passes: 1, Time/Memory: 0.08,13312, Output: ['1']
Iteration 6/10 for Graph BrightK running klev2 with k=9...
    Passes: 1, Time/Memory: 0.08,13312, Output: ['1']
Iteration 7/10 for Graph BrightK running klev2 with k=9...
    Passes: 1, Time/Memory: 0.08,13312, Output: ['1']
Iteration 8/10 for Graph BrightK running klev2 with k=9...
    Passes: 1, Time/Memory: 0.08,13312, Output: ['1']
Iteration 9/10 for Graph BrightK running klev2 with k=9...
    Passes: 1, Time/Memory: 0.08,13312, Output: ['1']
Iteration 10/10 for Graph BrightK running klev2 with k=9...
    Passes: 1, Time/Memory: 0.08,13312, Output: ['1']
Iteration 1/10 for Graph BrightK running klev2 with k=8...
    Passes: 1, Time/Memory: 0.08,13312, Output: ['1']
Iteration 2/10 for Graph BrightK running klev2 with k=8...
    Passes: 1, Time/Memory: 0.08,13312, Output: ['1']
Iteration 3/10 for Graph BrightK running klev2 with k=8...
    Passes: 1, Time/Memory: 0.08,13312, Output: ['1']
Iteration 4/10 for Graph BrightK running klev2 with k=8...
    Passes: 1, Time/Memory: 0.08,13312, Output: ['1']
Iteration 5/10 for Graph BrightK running klev2 with k=8...
    Passes: 1, Time/Memory: 0.08,13312, Output: ['1']
Iteration 6/10 for Graph BrightK running klev2 with k=8...
    Passes: 1, Time/Memory: 0.07,13312, Output: ['1']
Iteration 7/10 for Graph BrightK running klev2 with k=8...
    Passes: 1, Time/Memory: 0.08,13312, Output: ['1']
Iteration 8/10 for Graph BrightK running klev2 with k=8...
    Passes: 1, Time/Memory: 0.08,13312, Output: ['1']
Iteration 9/10 for Graph BrightK running klev2 with k=8...
    Passes: 1, Time/Memory: 0.08,13312, Output: ['1']
Iteration 10/10 for Graph BrightK running klev2 with k=8...
    Passes: 1, Time/Memory: 0.08,13312, Output: ['1']
Iteration 1/10 for Graph BrightK running klev2 with k=7...
    Passes: 1, Time/Memory: 0.08,13312, Output: ['1']
Iteration 2/10 for Graph BrightK running klev2 with k=7...
    Passes: 1, Time/Memory: 0.09,13312, Output: ['1']
Iteration 3/10 for Graph BrightK running klev2 with k=7...
    Passes: 1, Time/Memory: 0.08,13312, Output: ['1']
Iteration 4/10 for Graph BrightK running klev2 with k=7...
    Passes: 1, Time/Memory: 0.08,13312, Output: ['1']
Iteration 5/10 for Graph BrightK running klev2 with k=7...
    Passes: 1, Time/Memory: 0.07,13312, Output: ['1']
Iteration 6/10 for Graph BrightK running klev2 with k=7...
    Passes: 1, Time/Memory: 0.07,13312, Output: ['1']
Iteration 7/10 for Graph BrightK running klev2 with k=7...
    Passes: 1, Time/Memory: 0.08,13312, Output: ['1']
Iteration 8/10 for Graph BrightK running klev2 with k=7...
    Passes: 1, Time/Memory: 0.09,13312, Output: ['1']
Iteration 9/10 for Graph BrightK running klev2 with k=7...
    Passes: 1, Time/Memory: 0.08,13312, Output: ['1']
Iteration 10/10 for Graph BrightK running klev2 with k=7...
    Passes: 1, Time/Memory: 0.08,13312, Output: ['1']
Iteration 1/10 for Graph BrightK running klev2 with k=6...
    Passes: 1, Time/Memory: 0.07,13312, Output: ['1']
Iteration 2/10 for Graph BrightK running klev2 with k=6...
    Passes: 1, Time/Memory: 0.07,13312, Output: ['1']
Iteration 3/10 for Graph BrightK running klev2 with k=6...
    Passes: 1, Time/Memory: 0.08,13312, Output: ['1']
Iteration 4/10 for Graph BrightK running klev2 with k=6...
    Passes: 1, Time/Memory: 0.08,13312, Output: ['1']
Iteration 5/10 for Graph BrightK running klev2 with k=6...
    Passes: 1, Time/Memory: 0.08,13312, Output: ['1']
Iteration 6/10 for Graph BrightK running klev2 with k=6...
    Passes: 1, Time/Memory: 0.07,13312, Output: ['1']
Iteration 7/10 for Graph BrightK running klev2 with k=6...
    Passes: 1, Time/Memory: 0.08,13312, Output: ['1']
Iteration 8/10 for Graph BrightK running klev2 with k=6...
    Passes: 1, Time/Memory: 0.08,13312, Output: ['1']
Iteration 9/10 for Graph BrightK running klev2 with k=6...
    Passes: 1, Time/Memory: 0.08,13312, Output: ['1']
Iteration 10/10 for Graph BrightK running klev2 with k=6...
    Passes: 1, Time/Memory: 0.07,13312, Output: ['1']
Iteration 1/10 for Graph BrightK running klev2 with k=5...
    Passes: 1, Time/Memory: 0.08,13312, Output: ['1']
Iteration 2/10 for Graph BrightK running klev2 with k=5...
    Passes: 1, Time/Memory: 0.08,13312, Output: ['1']
Iteration 3/10 for Graph BrightK running klev2 with k=5...
    Passes: 1, Time/Memory: 0.08,13312, Output: ['1']
Iteration 4/10 for Graph BrightK running klev2 with k=5...
    Passes: 1, Time/Memory: 0.08,13312, Output: ['1']
Iteration 5/10 for Graph BrightK running klev2 with k=5...
    Passes: 1, Time/Memory: 0.07,13312, Output: ['1']
Iteration 6/10 for Graph BrightK running klev2 with k=5...
    Passes: 1, Time/Memory: 0.08,13312, Output: ['1']
Iteration 7/10 for Graph BrightK running klev2 with k=5...
    Passes: 1, Time/Memory: 0.08,13312, Output: ['1']
Iteration 8/10 for Graph BrightK running klev2 with k=5...
    Passes: 1, Time/Memory: 0.07,13312, Output: ['1']
Iteration 9/10 for Graph BrightK running klev2 with k=5...
    Passes: 1, Time/Memory: 0.08,13312, Output: ['1']
Iteration 10/10 for Graph BrightK running klev2 with k=5...
    Passes: 1, Time/Memory: 0.08,13312, Output: ['1']
Iteration 1/10 for Graph BrightK running klev2 with k=4...
    Passes: 1, Time/Memory: 0.08,13312, Output: ['1']
Iteration 2/10 for Graph BrightK running klev2 with k=4...
    Passes: 1, Time/Memory: 0.08,13312, Output: ['1']
Iteration 3/10 for Graph BrightK running klev2 with k=4...
    Passes: 1, Time/Memory: 0.08,13312, Output: ['1']
Iteration 4/10 for Graph BrightK running klev2 with k=4...
    Passes: 1, Time/Memory: 0.08,13312, Output: ['1']
Iteration 5/10 for Graph BrightK running klev2 with k=4...
    Passes: 1, Time/Memory: 0.08,13312, Output: ['1']
Iteration 6/10 for Graph BrightK running klev2 with k=4...
    Passes: 1, Time/Memory: 0.08,13312, Output: ['1']
Iteration 7/10 for Graph BrightK running klev2 with k=4...
    Passes: 1, Time/Memory: 0.07,13312, Output: ['1']
Iteration 8/10 for Graph BrightK running klev2 with k=4...
    Passes: 1, Time/Memory: 0.08,13312, Output: ['1']
Iteration 9/10 for Graph BrightK running klev2 with k=4...
    Passes: 1, Time/Memory: 0.08,13312, Output: ['1']
Iteration 10/10 for Graph BrightK running klev2 with k=4...
    Passes: 1, Time/Memory: 0.08,13312, Output: ['1']
Iteration 1/10 for Graph BrightK running klev2 with k=3...
    Passes: 2, Time/Memory: 1.13,35840, Output: ['2']
Iteration 2/10 for Graph BrightK running klev2 with k=3...
    Passes: 2, Time/Memory: 1.13,35840, Output: ['2']
Iteration 3/10 for Graph BrightK running klev2 with k=3...
    Passes: 2, Time/Memory: 1.12,35840, Output: ['2']
Iteration 4/10 for Graph BrightK running klev2 with k=3...
    Passes: 2, Time/Memory: 1.11,35840, Output: ['2']
Iteration 5/10 for Graph BrightK running klev2 with k=3...
    Passes: 2, Time/Memory: 1.12,35840, Output: ['2']
Iteration 6/10 for Graph BrightK running klev2 with k=3...
    Passes: 2, Time/Memory: 1.12,35840, Output: ['2']
Iteration 7/10 for Graph BrightK running klev2 with k=3...
    Passes: 2, Time/Memory: 1.13,35840, Output: ['2']
Iteration 8/10 for Graph BrightK running klev2 with k=3...
    Passes: 2, Time/Memory: 1.12,35840, Output: ['2']
Iteration 9/10 for Graph BrightK running klev2 with k=3...
    Passes: 2, Time/Memory: 1.13,35840, Output: ['2']
Iteration 10/10 for Graph BrightK running klev2 with k=3...
    Passes: 2, Time/Memory: 1.12,35840, Output: ['2']
Iteration 1/10 for Graph BrightK running klev2 with k=2...
    Passes: 2, Time/Memory: 1.01,30720, Output: ['2']
Iteration 2/10 for Graph BrightK running klev2 with k=2...
    Passes: 2, Time/Memory: 1.01,30720, Output: ['2']
Iteration 3/10 for Graph BrightK running klev2 with k=2...
    Passes: 2, Time/Memory: 1.02,30720, Output: ['2']
Iteration 4/10 for Graph BrightK running klev2 with k=2...
    Passes: 2, Time/Memory: 1.02,30720, Output: ['2']
Iteration 5/10 for Graph BrightK running klev2 with k=2...
    Passes: 2, Time/Memory: 1.02,30720, Output: ['2']
Iteration 6/10 for Graph BrightK running klev2 with k=2...
    Passes: 2, Time/Memory: 1.02,30720, Output: ['2']
Iteration 7/10 for Graph BrightK running klev2 with k=2...
    Passes: 2, Time/Memory: 1.02,30720, Output: ['2']
Iteration 8/10 for Graph BrightK running klev2 with k=2...
    Passes: 2, Time/Memory: 1.01,30720, Output: ['2']
Iteration 9/10 for Graph BrightK running klev2 with k=2...
    Passes: 2, Time/Memory: 1.02,30720, Output: ['2']
Iteration 10/10 for Graph BrightK running klev2 with k=2...
    Passes: 2, Time/Memory: 1.02,30720, Output: ['2']
Iteration 1/10 for Graph BrightK running klev2 with k=1...
    Passes: 3, Time/Memory: 1.15,25600, Output: ['3']
Iteration 2/10 for Graph BrightK running klev2 with k=1...
    Passes: 3, Time/Memory: 1.16,25600, Output: ['3']
Iteration 3/10 for Graph BrightK running klev2 with k=1...
    Passes: 3, Time/Memory: 1.15,25600, Output: ['3']
Iteration 4/10 for Graph BrightK running klev2 with k=1...
    Passes: 3, Time/Memory: 1.14,25600, Output: ['3']
Iteration 5/10 for Graph BrightK running klev2 with k=1...
    Passes: 3, Time/Memory: 1.15,25600, Output: ['3']
Iteration 6/10 for Graph BrightK running klev2 with k=1...
    Passes: 3, Time/Memory: 1.16,25600, Output: ['3']
Iteration 7/10 for Graph BrightK running klev2 with k=1...
    Passes: 3, Time/Memory: 1.15,25600, Output: ['3']
Iteration 8/10 for Graph BrightK running klev2 with k=1...
    Passes: 3, Time/Memory: 1.14,25600, Output: ['3']
Iteration 9/10 for Graph BrightK running klev2 with k=1...
    Passes: 3, Time/Memory: 1.15,24576, Output: ['3']
Iteration 10/10 for Graph BrightK running klev2 with k=1...
    Passes: 3, Time/Memory: 1.16,25600, Output: ['3']
Results for BrightK running klev2 saved to ./results/real/average_concurrent_runs
Iteration 1/10 for Graph BrightK running klev0 with k=4...
    Passes: 5, Time/Memory: 1.55,22528, Output: ['5']
Iteration 2/10 for Graph BrightK running klev0 with k=4...
    Passes: 5, Time/Memory: 1.54,22528, Output: ['5']
Iteration 3/10 for Graph BrightK running klev0 with k=4...
    Passes: 5, Time/Memory: 1.55,22528, Output: ['5']
Iteration 4/10 for Graph BrightK running klev0 with k=4...
    Passes: 5, Time/Memory: 1.55,22528, Output: ['5']
Iteration 5/10 for Graph BrightK running klev0 with k=4...
    Passes: 5, Time/Memory: 1.53,22528, Output: ['5']
Iteration 6/10 for Graph BrightK running klev0 with k=4...
    Passes: 5, Time/Memory: 1.53,22528, Output: ['5']
Iteration 7/10 for Graph BrightK running klev0 with k=4...
    Passes: 5, Time/Memory: 1.54,22528, Output: ['5']
Iteration 8/10 for Graph BrightK running klev0 with k=4...
    Passes: 5, Time/Memory: 1.53,22528, Output: ['5']
Iteration 9/10 for Graph BrightK running klev0 with k=4...
    Passes: 5, Time/Memory: 1.55,22528, Output: ['5']
Iteration 10/10 for Graph BrightK running klev0 with k=4...
    Passes: 5, Time/Memory: 1.55,22528, Output: ['5']
Iteration 1/10 for Graph BrightK running klev0 with k=10...
    Passes: 5, Time/Memory: 1.54,22528, Output: ['5']
Iteration 2/10 for Graph BrightK running klev0 with k=10...
    Passes: 5, Time/Memory: 1.54,22528, Output: ['5']
Iteration 3/10 for Graph BrightK running klev0 with k=10...
    Passes: 5, Time/Memory: 1.53,22528, Output: ['5']
Iteration 4/10 for Graph BrightK running klev0 with k=10...
    Passes: 5, Time/Memory: 1.55,22528, Output: ['5']
Iteration 5/10 for Graph BrightK running klev0 with k=10...
    Passes: 5, Time/Memory: 1.54,22528, Output: ['5']
Iteration 6/10 for Graph BrightK running klev0 with k=10...
    Passes: 5, Time/Memory: 1.55,22528, Output: ['5']
Iteration 7/10 for Graph BrightK running klev0 with k=10...
    Passes: 5, Time/Memory: 1.53,22528, Output: ['5']
Iteration 8/10 for Graph BrightK running klev0 with k=10...
    Passes: 5, Time/Memory: 1.54,22528, Output: ['5']
Iteration 9/10 for Graph BrightK running klev0 with k=10...
    Passes: 5, Time/Memory: 1.55,22528, Output: ['5']
Iteration 10/10 for Graph BrightK running klev0 with k=10...
    Passes: 5, Time/Memory: 1.56,22528, Output: ['5']
Iteration 1/10 for Graph BrightK running klev0 with k=9...
    Passes: 5, Time/Memory: 1.53,22528, Output: ['5']
Iteration 2/10 for Graph BrightK running klev0 with k=9...
    Passes: 5, Time/Memory: 1.53,22528, Output: ['5']
Iteration 3/10 for Graph BrightK running klev0 with k=9...
    Passes: 5, Time/Memory: 1.52,22528, Output: ['5']
Iteration 4/10 for Graph BrightK running klev0 with k=9...
    Passes: 5, Time/Memory: 1.54,22528, Output: ['5']
Iteration 5/10 for Graph BrightK running klev0 with k=9...
    Passes: 5, Time/Memory: 1.56,22528, Output: ['5']
Iteration 6/10 for Graph BrightK running klev0 with k=9...
    Passes: 5, Time/Memory: 1.52,22528, Output: ['5']
Iteration 7/10 for Graph BrightK running klev0 with k=9...
    Passes: 5, Time/Memory: 1.54,22528, Output: ['5']
Iteration 8/10 for Graph BrightK running klev0 with k=9...
    Passes: 5, Time/Memory: 1.54,22528, Output: ['5']
Iteration 9/10 for Graph BrightK running klev0 with k=9...
    Passes: 5, Time/Memory: 1.55,22528, Output: ['5']
Iteration 10/10 for Graph BrightK running klev0 with k=9...
    Passes: 5, Time/Memory: 1.55,22528, Output: ['5']
Iteration 1/10 for Graph BrightK running klev0 with k=8...
    Passes: 5, Time/Memory: 1.54,22528, Output: ['5']
Iteration 2/10 for Graph BrightK running klev0 with k=8...
    Passes: 5, Time/Memory: 1.55,22528, Output: ['5']
Iteration 3/10 for Graph BrightK running klev0 with k=8...
    Passes: 5, Time/Memory: 1.55,22528, Output: ['5']
Iteration 4/10 for Graph BrightK running klev0 with k=8...
    Passes: 5, Time/Memory: 1.54,22528, Output: ['5']
Iteration 5/10 for Graph BrightK running klev0 with k=8...
    Passes: 5, Time/Memory: 1.54,22528, Output: ['5']
Iteration 6/10 for Graph BrightK running klev0 with k=8...
    Passes: 5, Time/Memory: 1.53,22528, Output: ['5']
Iteration 7/10 for Graph BrightK running klev0 with k=8...
    Passes: 5, Time/Memory: 1.54,22528, Output: ['5']
Iteration 8/10 for Graph BrightK running klev0 with k=8...
    Passes: 5, Time/Memory: 1.53,22528, Output: ['5']
Iteration 9/10 for Graph BrightK running klev0 with k=8...
    Passes: 5, Time/Memory: 1.55,21504, Output: ['5']
Iteration 10/10 for Graph BrightK running klev0 with k=8...
    Passes: 5, Time/Memory: 1.55,22528, Output: ['5']
Iteration 1/10 for Graph BrightK running klev0 with k=7...
    Passes: 5, Time/Memory: 1.56,21504, Output: ['5']
Iteration 2/10 for Graph BrightK running klev0 with k=7...
    Passes: 5, Time/Memory: 1.56,21504, Output: ['5']
Iteration 3/10 for Graph BrightK running klev0 with k=7...
    Passes: 5, Time/Memory: 1.55,22528, Output: ['5']
Iteration 4/10 for Graph BrightK running klev0 with k=7...
    Passes: 5, Time/Memory: 1.54,22528, Output: ['5']
Iteration 5/10 for Graph BrightK running klev0 with k=7...
    Passes: 5, Time/Memory: 1.55,22528, Output: ['5']
Iteration 6/10 for Graph BrightK running klev0 with k=7...
    Passes: 5, Time/Memory: 1.55,22528, Output: ['5']
Iteration 7/10 for Graph BrightK running klev0 with k=7...
    Passes: 5, Time/Memory: 1.55,22528, Output: ['5']
Iteration 8/10 for Graph BrightK running klev0 with k=7...
    Passes: 5, Time/Memory: 1.55,21504, Output: ['5']
Iteration 9/10 for Graph BrightK running klev0 with k=7...
    Passes: 5, Time/Memory: 1.55,22528, Output: ['5']
Iteration 10/10 for Graph BrightK running klev0 with k=7...
    Passes: 5, Time/Memory: 1.53,22528, Output: ['5']
Iteration 1/10 for Graph BrightK running klev0 with k=6...
    Passes: 5, Time/Memory: 1.54,22528, Output: ['5']
Iteration 2/10 for Graph BrightK running klev0 with k=6...
    Passes: 5, Time/Memory: 1.56,22528, Output: ['5']
Iteration 3/10 for Graph BrightK running klev0 with k=6...
    Passes: 5, Time/Memory: 1.55,22528, Output: ['5']
Iteration 4/10 for Graph BrightK running klev0 with k=6...
    Passes: 5, Time/Memory: 1.54,22528, Output: ['5']
Iteration 5/10 for Graph BrightK running klev0 with k=6...
    Passes: 5, Time/Memory: 1.54,22528, Output: ['5']
Iteration 6/10 for Graph BrightK running klev0 with k=6...
    Passes: 5, Time/Memory: 1.54,22528, Output: ['5']
Iteration 7/10 for Graph BrightK running klev0 with k=6...
    Passes: 5, Time/Memory: 1.55,21504, Output: ['5']
Iteration 8/10 for Graph BrightK running klev0 with k=6...
    Passes: 5, Time/Memory: 1.55,22528, Output: ['5']
Iteration 9/10 for Graph BrightK running klev0 with k=6...
    Passes: 5, Time/Memory: 1.55,22528, Output: ['5']
Iteration 10/10 for Graph BrightK running klev0 with k=6...
    Passes: 5, Time/Memory: 1.55,22528, Output: ['5']
Iteration 1/10 for Graph BrightK running klev0 with k=5...
    Passes: 5, Time/Memory: 1.56,22528, Output: ['5']
Iteration 2/10 for Graph BrightK running klev0 with k=5...
    Passes: 5, Time/Memory: 1.55,22528, Output: ['5']
Iteration 3/10 for Graph BrightK running klev0 with k=5...
    Passes: 5, Time/Memory: 1.54,22528, Output: ['5']
Iteration 4/10 for Graph BrightK running klev0 with k=5...
    Passes: 5, Time/Memory: 1.54,22528, Output: ['5']
Iteration 5/10 for Graph BrightK running klev0 with k=5...
    Passes: 5, Time/Memory: 1.54,22528, Output: ['5']
Iteration 6/10 for Graph BrightK running klev0 with k=5...
    Passes: 5, Time/Memory: 1.56,22528, Output: ['5']
Iteration 7/10 for Graph BrightK running klev0 with k=5...
    Passes: 5, Time/Memory: 1.56,22528, Output: ['5']
Iteration 8/10 for Graph BrightK running klev0 with k=5...
    Passes: 5, Time/Memory: 1.55,22528, Output: ['5']
Iteration 9/10 for Graph BrightK running klev0 with k=5...
    Passes: 5, Time/Memory: 1.55,22528, Output: ['5']
Iteration 10/10 for Graph BrightK running klev0 with k=5...
    Passes: 5, Time/Memory: 1.55,22528, Output: ['5']
Iteration 1/10 for Graph BrightK running klev0 with k=4...
    Passes: 5, Time/Memory: 1.55,22528, Output: ['5']
Iteration 2/10 for Graph BrightK running klev0 with k=4...
    Passes: 5, Time/Memory: 1.56,22528, Output: ['5']
Iteration 3/10 for Graph BrightK running klev0 with k=4...
    Passes: 5, Time/Memory: 1.56,22528, Output: ['5']
Iteration 4/10 for Graph BrightK running klev0 with k=4...
    Passes: 5, Time/Memory: 1.55,22528, Output: ['5']
Iteration 5/10 for Graph BrightK running klev0 with k=4...
    Passes: 5, Time/Memory: 1.54,22528, Output: ['5']
Iteration 6/10 for Graph BrightK running klev0 with k=4...
    Passes: 5, Time/Memory: 1.55,22528, Output: ['5']
Iteration 7/10 for Graph BrightK running klev0 with k=4...
    Passes: 5, Time/Memory: 1.56,22528, Output: ['5']
Iteration 8/10 for Graph BrightK running klev0 with k=4...
    Passes: 5, Time/Memory: 1.55,22528, Output: ['5']
Iteration 9/10 for Graph BrightK running klev0 with k=4...
    Passes: 5, Time/Memory: 1.55,22528, Output: ['5']
Iteration 10/10 for Graph BrightK running klev0 with k=4...
    Passes: 5, Time/Memory: 1.56,22528, Output: ['5']
Iteration 1/10 for Graph BrightK running klev0 with k=3...
    Passes: 5, Time/Memory: 1.55,22528, Output: ['5']
Iteration 2/10 for Graph BrightK running klev0 with k=3...
    Passes: 5, Time/Memory: 1.55,22528, Output: ['5']
Iteration 3/10 for Graph BrightK running klev0 with k=3...
    Passes: 5, Time/Memory: 1.54,22528, Output: ['5']
Iteration 4/10 for Graph BrightK running klev0 with k=3...
    Passes: 5, Time/Memory: 1.53,22528, Output: ['5']
Iteration 5/10 for Graph BrightK running klev0 with k=3...
    Passes: 5, Time/Memory: 1.56,22528, Output: ['5']
Iteration 6/10 for Graph BrightK running klev0 with k=3...
    Passes: 5, Time/Memory: 1.56,22528, Output: ['5']
Iteration 7/10 for Graph BrightK running klev0 with k=3...
    Passes: 5, Time/Memory: 1.55,22528, Output: ['5']
Iteration 8/10 for Graph BrightK running klev0 with k=3...
    Passes: 5, Time/Memory: 1.52,22528, Output: ['5']
Iteration 9/10 for Graph BrightK running klev0 with k=3...
    Passes: 5, Time/Memory: 1.52,22528, Output: ['5']
Iteration 10/10 for Graph BrightK running klev0 with k=3...
    Passes: 5, Time/Memory: 1.55,22528, Output: ['5']
Iteration 1/10 for Graph BrightK running klev0 with k=2...
    Passes: 5, Time/Memory: 1.55,22528, Output: ['5']
Iteration 2/10 for Graph BrightK running klev0 with k=2...
    Passes: 5, Time/Memory: 1.54,22528, Output: ['5']
Iteration 3/10 for Graph BrightK running klev0 with k=2...
    Passes: 5, Time/Memory: 1.55,21504, Output: ['5']
Iteration 4/10 for Graph BrightK running klev0 with k=2...
    Passes: 5, Time/Memory: 1.55,22528, Output: ['5']
Iteration 5/10 for Graph BrightK running klev0 with k=2...
    Passes: 5, Time/Memory: 1.55,22528, Output: ['5']
Iteration 6/10 for Graph BrightK running klev0 with k=2...
    Passes: 5, Time/Memory: 1.54,22528, Output: ['5']
Iteration 7/10 for Graph BrightK running klev0 with k=2...
    Passes: 5, Time/Memory: 1.55,22528, Output: ['5']
Iteration 8/10 for Graph BrightK running klev0 with k=2...
    Passes: 5, Time/Memory: 1.55,22528, Output: ['5']
Iteration 9/10 for Graph BrightK running klev0 with k=2...
    Passes: 5, Time/Memory: 1.54,22528, Output: ['5']
Iteration 10/10 for Graph BrightK running klev0 with k=2...
    Passes: 5, Time/Memory: 1.53,22528, Output: ['5']
Iteration 1/10 for Graph BrightK running klev0 with k=1...
    Passes: 5, Time/Memory: 1.54,22528, Output: ['5']
Iteration 2/10 for Graph BrightK running klev0 with k=1...
    Passes: 5, Time/Memory: 1.53,22528, Output: ['5']
Iteration 3/10 for Graph BrightK running klev0 with k=1...
    Passes: 5, Time/Memory: 1.55,22528, Output: ['5']
Iteration 4/10 for Graph BrightK running klev0 with k=1...
    Passes: 5, Time/Memory: 1.54,22528, Output: ['5']
Iteration 5/10 for Graph BrightK running klev0 with k=1...
    Passes: 5, Time/Memory: 1.54,22528, Output: ['5']
Iteration 6/10 for Graph BrightK running klev0 with k=1...
    Passes: 5, Time/Memory: 1.55,22528, Output: ['5']
Iteration 7/10 for Graph BrightK running klev0 with k=1...
    Passes: 5, Time/Memory: 1.54,22528, Output: ['5']
Iteration 8/10 for Graph BrightK running klev0 with k=1...
    Passes: 5, Time/Memory: 1.55,22528, Output: ['5']
Iteration 9/10 for Graph BrightK running klev0 with k=1...
    Passes: 5, Time/Memory: 1.51,22528, Output: ['5']
Iteration 10/10 for Graph BrightK running klev0 with k=1...
    Passes: 5, Time/Memory: 1.55,22528, Output: ['5']
Results for BrightK running klev0 saved to ./results/real/average_concurrent_runs
Iteration 1/10 for Graph BrightK running klev1 with k=4...
    Passes: 1, Time/Memory: 0.08,13312, Output: ['1']
Iteration 2/10 for Graph BrightK running klev1 with k=4...
    Passes: 1, Time/Memory: 0.08,13312, Output: ['1']
Iteration 3/10 for Graph BrightK running klev1 with k=4...
    Passes: 1, Time/Memory: 0.08,13312, Output: ['1']
Iteration 4/10 for Graph BrightK running klev1 with k=4...
    Passes: 1, Time/Memory: 0.08,13312, Output: ['1']
Iteration 5/10 for Graph BrightK running klev1 with k=4...
    Passes: 1, Time/Memory: 0.08,13312, Output: ['1']
Iteration 6/10 for Graph BrightK running klev1 with k=4...
    Passes: 1, Time/Memory: 0.08,13312, Output: ['1']
Iteration 7/10 for Graph BrightK running klev1 with k=4...
    Passes: 1, Time/Memory: 0.08,13312, Output: ['1']
Iteration 8/10 for Graph BrightK running klev1 with k=4...
    Passes: 1, Time/Memory: 0.07,13312, Output: ['1']
Iteration 9/10 for Graph BrightK running klev1 with k=4...
    Passes: 1, Time/Memory: 0.08,13312, Output: ['1']
Iteration 10/10 for Graph BrightK running klev1 with k=4...
    Passes: 1, Time/Memory: 0.08,13312, Output: ['1']
Iteration 1/10 for Graph BrightK running klev1 with k=10...
    Passes: 1, Time/Memory: 0.08,13312, Output: ['1']
Iteration 2/10 for Graph BrightK running klev1 with k=10...
    Passes: 1, Time/Memory: 0.09,13312, Output: ['1']
Iteration 3/10 for Graph BrightK running klev1 with k=10...
    Passes: 1, Time/Memory: 0.08,13312, Output: ['1']
Iteration 4/10 for Graph BrightK running klev1 with k=10...
    Passes: 1, Time/Memory: 0.08,13312, Output: ['1']
Iteration 5/10 for Graph BrightK running klev1 with k=10...
    Passes: 1, Time/Memory: 0.07,13312, Output: ['1']
Iteration 6/10 for Graph BrightK running klev1 with k=10...
    Passes: 1, Time/Memory: 0.08,13312, Output: ['1']
Iteration 7/10 for Graph BrightK running klev1 with k=10...
    Passes: 1, Time/Memory: 0.07,13312, Output: ['1']
Iteration 8/10 for Graph BrightK running klev1 with k=10...
    Passes: 1, Time/Memory: 0.08,13312, Output: ['1']
Iteration 9/10 for Graph BrightK running klev1 with k=10...
    Passes: 1, Time/Memory: 0.08,13312, Output: ['1']
Iteration 10/10 for Graph BrightK running klev1 with k=10...
    Passes: 1, Time/Memory: 0.09,13312, Output: ['1']
Iteration 1/10 for Graph BrightK running klev1 with k=9...
    Passes: 1, Time/Memory: 0.08,13312, Output: ['1']
Iteration 2/10 for Graph BrightK running klev1 with k=9...
    Passes: 1, Time/Memory: 0.08,13312, Output: ['1']
Iteration 3/10 for Graph BrightK running klev1 with k=9...
    Passes: 1, Time/Memory: 0.08,13312, Output: ['1']
Iteration 4/10 for Graph BrightK running klev1 with k=9...
    Passes: 1, Time/Memory: 0.07,13312, Output: ['1']
Iteration 5/10 for Graph BrightK running klev1 with k=9...
    Passes: 1, Time/Memory: 0.07,13312, Output: ['1']
Iteration 6/10 for Graph BrightK running klev1 with k=9...
    Passes: 1, Time/Memory: 0.08,13312, Output: ['1']
Iteration 7/10 for Graph BrightK running klev1 with k=9...
    Passes: 1, Time/Memory: 0.08,13312, Output: ['1']
Iteration 8/10 for Graph BrightK running klev1 with k=9...
    Passes: 1, Time/Memory: 0.08,13312, Output: ['1']
Iteration 9/10 for Graph BrightK running klev1 with k=9...
    Passes: 1, Time/Memory: 0.08,13312, Output: ['1']
Iteration 10/10 for Graph BrightK running klev1 with k=9...
    Passes: 1, Time/Memory: 0.09,13312, Output: ['1']
Iteration 1/10 for Graph BrightK running klev1 with k=8...
    Passes: 1, Time/Memory: 0.08,13312, Output: ['1']
Iteration 2/10 for Graph BrightK running klev1 with k=8...
    Passes: 1, Time/Memory: 0.08,13312, Output: ['1']
Iteration 3/10 for Graph BrightK running klev1 with k=8...
    Passes: 1, Time/Memory: 0.07,13312, Output: ['1']
Iteration 4/10 for Graph BrightK running klev1 with k=8...
    Passes: 1, Time/Memory: 0.08,13312, Output: ['1']
Iteration 5/10 for Graph BrightK running klev1 with k=8...
    Passes: 1, Time/Memory: 0.08,13312, Output: ['1']
Iteration 6/10 for Graph BrightK running klev1 with k=8...
    Passes: 1, Time/Memory: 0.08,13312, Output: ['1']
Iteration 7/10 for Graph BrightK running klev1 with k=8...
    Passes: 1, Time/Memory: 0.08,13312, Output: ['1']
Iteration 8/10 for Graph BrightK running klev1 with k=8...
    Passes: 1, Time/Memory: 0.08,13312, Output: ['1']
Iteration 9/10 for Graph BrightK running klev1 with k=8...
    Passes: 1, Time/Memory: 0.08,13312, Output: ['1']
Iteration 10/10 for Graph BrightK running klev1 with k=8...
    Passes: 1, Time/Memory: 0.07,13312, Output: ['1']
Iteration 1/10 for Graph BrightK running klev1 with k=7...
    Passes: 1, Time/Memory: 0.08,13312, Output: ['1']
Iteration 2/10 for Graph BrightK running klev1 with k=7...
    Passes: 1, Time/Memory: 0.08,13312, Output: ['1']
Iteration 3/10 for Graph BrightK running klev1 with k=7...
    Passes: 1, Time/Memory: 0.08,13312, Output: ['1']
Iteration 4/10 for Graph BrightK running klev1 with k=7...
    Passes: 1, Time/Memory: 0.07,13312, Output: ['1']
Iteration 5/10 for Graph BrightK running klev1 with k=7...
    Passes: 1, Time/Memory: 0.08,13312, Output: ['1']
Iteration 6/10 for Graph BrightK running klev1 with k=7...
    Passes: 1, Time/Memory: 0.07,13312, Output: ['1']
Iteration 7/10 for Graph BrightK running klev1 with k=7...
    Passes: 1, Time/Memory: 0.08,13312, Output: ['1']
Iteration 8/10 for Graph BrightK running klev1 with k=7...
    Passes: 1, Time/Memory: 0.08,13312, Output: ['1']
Iteration 9/10 for Graph BrightK running klev1 with k=7...
    Passes: 1, Time/Memory: 0.08,13312, Output: ['1']
Iteration 10/10 for Graph BrightK running klev1 with k=7...
    Passes: 1, Time/Memory: 0.08,13312, Output: ['1']
Iteration 1/10 for Graph BrightK running klev1 with k=6...
    Passes: 1, Time/Memory: 0.08,13312, Output: ['1']
Iteration 2/10 for Graph BrightK running klev1 with k=6...
    Passes: 1, Time/Memory: 0.08,13312, Output: ['1']
Iteration 3/10 for Graph BrightK running klev1 with k=6...
    Passes: 1, Time/Memory: 0.07,13312, Output: ['1']
Iteration 4/10 for Graph BrightK running klev1 with k=6...
    Passes: 1, Time/Memory: 0.07,13312, Output: ['1']
Iteration 5/10 for Graph BrightK running klev1 with k=6...
    Passes: 1, Time/Memory: 0.08,13312, Output: ['1']
Iteration 6/10 for Graph BrightK running klev1 with k=6...
    Passes: 1, Time/Memory: 0.07,13312, Output: ['1']
Iteration 7/10 for Graph BrightK running klev1 with k=6...
    Passes: 1, Time/Memory: 0.07,13312, Output: ['1']
Iteration 8/10 for Graph BrightK running klev1 with k=6...
    Passes: 1, Time/Memory: 0.08,13312, Output: ['1']
Iteration 9/10 for Graph BrightK running klev1 with k=6...
    Passes: 1, Time/Memory: 0.08,13312, Output: ['1']
Iteration 10/10 for Graph BrightK running klev1 with k=6...
    Passes: 1, Time/Memory: 0.07,13312, Output: ['1']
Iteration 1/10 for Graph BrightK running klev1 with k=5...
    Passes: 1, Time/Memory: 0.07,13312, Output: ['1']
Iteration 2/10 for Graph BrightK running klev1 with k=5...
    Passes: 1, Time/Memory: 0.08,13312, Output: ['1']
Iteration 3/10 for Graph BrightK running klev1 with k=5...
    Passes: 1, Time/Memory: 0.08,13312, Output: ['1']
Iteration 4/10 for Graph BrightK running klev1 with k=5...
    Passes: 1, Time/Memory: 0.08,13312, Output: ['1']
Iteration 5/10 for Graph BrightK running klev1 with k=5...
    Passes: 1, Time/Memory: 0.08,13312, Output: ['1']
Iteration 6/10 for Graph BrightK running klev1 with k=5...
    Passes: 1, Time/Memory: 0.07,13312, Output: ['1']
Iteration 7/10 for Graph BrightK running klev1 with k=5...
    Passes: 1, Time/Memory: 0.08,13312, Output: ['1']
Iteration 8/10 for Graph BrightK running klev1 with k=5...
    Passes: 1, Time/Memory: 0.09,13312, Output: ['1']
Iteration 9/10 for Graph BrightK running klev1 with k=5...
    Passes: 1, Time/Memory: 0.08,13312, Output: ['1']
Iteration 10/10 for Graph BrightK running klev1 with k=5...
    Passes: 1, Time/Memory: 0.08,13312, Output: ['1']
Iteration 1/10 for Graph BrightK running klev1 with k=4...
    Passes: 1, Time/Memory: 0.09,13312, Output: ['1']
Iteration 2/10 for Graph BrightK running klev1 with k=4...
    Passes: 1, Time/Memory: 0.08,13312, Output: ['1']
Iteration 3/10 for Graph BrightK running klev1 with k=4...
    Passes: 1, Time/Memory: 0.08,13312, Output: ['1']
Iteration 4/10 for Graph BrightK running klev1 with k=4...
    Passes: 1, Time/Memory: 0.08,13312, Output: ['1']
Iteration 5/10 for Graph BrightK running klev1 with k=4...
    Passes: 1, Time/Memory: 0.08,13312, Output: ['1']
Iteration 6/10 for Graph BrightK running klev1 with k=4...
    Passes: 1, Time/Memory: 0.08,13312, Output: ['1']
Iteration 7/10 for Graph BrightK running klev1 with k=4...
    Passes: 1, Time/Memory: 0.08,13312, Output: ['1']
Iteration 8/10 for Graph BrightK running klev1 with k=4...
    Passes: 1, Time/Memory: 0.08,13312, Output: ['1']
Iteration 9/10 for Graph BrightK running klev1 with k=4...
    Passes: 1, Time/Memory: 0.07,13312, Output: ['1']
Iteration 10/10 for Graph BrightK running klev1 with k=4...
    Passes: 1, Time/Memory: 0.07,13312, Output: ['1']
Iteration 1/10 for Graph BrightK running klev1 with k=3...
    Passes: 4, Time/Memory: 1.06,21504, Output: ['4']
Iteration 2/10 for Graph BrightK running klev1 with k=3...
    Passes: 4, Time/Memory: 1.07,21504, Output: ['4']
Iteration 3/10 for Graph BrightK running klev1 with k=3...
    Passes: 4, Time/Memory: 1.08,21504, Output: ['4']
Iteration 4/10 for Graph BrightK running klev1 with k=3...
    Passes: 4, Time/Memory: 1.05,21504, Output: ['4']
Iteration 5/10 for Graph BrightK running klev1 with k=3...
    Passes: 4, Time/Memory: 1.08,21504, Output: ['4']
Iteration 6/10 for Graph BrightK running klev1 with k=3...
    Passes: 4, Time/Memory: 1.07,21504, Output: ['4']
Iteration 7/10 for Graph BrightK running klev1 with k=3...
    Passes: 4, Time/Memory: 1.08,21504, Output: ['4']
Iteration 8/10 for Graph BrightK running klev1 with k=3...
    Passes: 4, Time/Memory: 1.06,21504, Output: ['4']
Iteration 9/10 for Graph BrightK running klev1 with k=3...
    Passes: 4, Time/Memory: 1.08,21504, Output: ['4']
Iteration 10/10 for Graph BrightK running klev1 with k=3...
    Passes: 4, Time/Memory: 1.08,21504, Output: ['4']
Iteration 1/10 for Graph BrightK running klev1 with k=2...
    Passes: 4, Time/Memory: 1.07,21504, Output: ['4']
Iteration 2/10 for Graph BrightK running klev1 with k=2...
    Passes: 4, Time/Memory: 1.08,21504, Output: ['4']
Iteration 3/10 for Graph BrightK running klev1 with k=2...
    Passes: 4, Time/Memory: 1.07,21504, Output: ['4']
Iteration 4/10 for Graph BrightK running klev1 with k=2...
    Passes: 4, Time/Memory: 1.04,21504, Output: ['4']
Iteration 5/10 for Graph BrightK running klev1 with k=2...
    Passes: 4, Time/Memory: 1.06,21504, Output: ['4']
Iteration 6/10 for Graph BrightK running klev1 with k=2...
    Passes: 4, Time/Memory: 1.07,21504, Output: ['4']
Iteration 7/10 for Graph BrightK running klev1 with k=2...
    Passes: 4, Time/Memory: 1.07,21504, Output: ['4']
Iteration 8/10 for Graph BrightK running klev1 with k=2...
    Passes: 4, Time/Memory: 1.08,21504, Output: ['4']
Iteration 9/10 for Graph BrightK running klev1 with k=2...
    Passes: 4, Time/Memory: 1.06,21504, Output: ['4']
Iteration 10/10 for Graph BrightK running klev1 with k=2...
    Passes: 4, Time/Memory: 1.06,21504, Output: ['4']
Iteration 1/10 for Graph BrightK running klev1 with k=1...
    Passes: 4, Time/Memory: 1.06,20480, Output: ['4']
Iteration 2/10 for Graph BrightK running klev1 with k=1...
    Passes: 4, Time/Memory: 1.07,20480, Output: ['4']
Iteration 3/10 for Graph BrightK running klev1 with k=1...
    Passes: 4, Time/Memory: 1.07,20480, Output: ['4']
Iteration 4/10 for Graph BrightK running klev1 with k=1...
    Passes: 4, Time/Memory: 1.08,20480, Output: ['4']
Iteration 5/10 for Graph BrightK running klev1 with k=1...
    Passes: 4, Time/Memory: 1.08,20480, Output: ['4']
Iteration 6/10 for Graph BrightK running klev1 with k=1...
    Passes: 4, Time/Memory: 1.07,20480, Output: ['4']
Iteration 7/10 for Graph BrightK running klev1 with k=1...
    Passes: 4, Time/Memory: 1.08,20480, Output: ['4']
Iteration 8/10 for Graph BrightK running klev1 with k=1...
    Passes: 4, Time/Memory: 1.08,20480, Output: ['4']
Iteration 9/10 for Graph BrightK running klev1 with k=1...
    Passes: 4, Time/Memory: 1.07,20480, Output: ['4']
Iteration 10/10 for Graph BrightK running klev1 with k=1...
    Passes: 4, Time/Memory: 1.07,20480, Output: ['4']
Results for BrightK running klev1 saved to ./results/real/average_concurrent_runs
