
Running LiveJournal for variant N...
  Running k=3,...
    Passes: 5, Time/Memory: 11551.00,2509568, Output: ['5']
  Running k=4,...
    Passes: 4, Time/Memory: 7615.90,2760928, Output: ['4']
  Running k=5,...
    Passes: 4, Time/Memory: 12787.44,3169960, Output: ['4']
  Running k=6,...
    Passes: 3, Time/Memory: 4177.60,3558740, Output: ['3']
  Running k=7,...
    Passes: 3, Time/Memory: 6438.45,3916356, Output: ['3']
  Running k=8,...
    Passes: 3, Time/Memory: 8160.20,4287292, Output: ['3']
  Running k=9,...
    Passes: 1, Time/Memory: 11.42,1335168, Output: ['1']
  Running k=10,...
    Passes: 1, Time/Memory: 11.42,1335236, Output: ['1']
  Running c=9,...
    Passes: 1, Time/Memory: 11.78,1335160, Output: ['1']
Results for LiveJournal running kpathN saved to ./results/real/table_data
