
Running CU for variant 0...
  Running k=1,...
    Passes: 5, Time/Memory: 0.00,3716, Output: ['5']
  Running k=2,...
    Passes: 4, Time/Memory: 0.00,3764, Output: ['4']
  Running k=3,...
    Passes: 3, Time/Memory: 0.00,3768, Output: ['3']
  Running k=4,...
    Passes: 2, Time/Memory: 0.00,3672, Output: ['2']
  Running k=5,...
    Passes: 2, Time/Memory: 0.00,3624, Output: ['2']
  Running k=6,...
    Passes: 2, Time/Memory: 0.00,3676, Output: ['2']
  Running k=7,...
    Passes: 2, Time/Memory: 0.00,3664, Output: ['2']
  Running k=8,...
    Passes: 2, Time/Memory: 0.00,3608, Output: ['2']
  Running k=9,...
    Passes: 2, Time/Memory: 0.00,3608, Output: ['2']
  Running k=10,...
    Passes: 2, Time/Memory: 0.00,3768, Output: ['2']
  Running c=3,...
    Passes: 3, Time/Memory: 0.00,3756, Output: ['3']
Results for CU running kpath0 saved to ./results/real/table_data

Running CU for variant 1...
  Running k=1,...
    Passes: 6, Time/Memory: 0.00,3820, Output: ['6']
  Running k=2,...
    Passes: 5, Time/Memory: 0.00,3568, Output: ['5']
  Running k=3,...
    Passes: 1, Time/Memory: 0.00,3748, Output: ['1']
  Running k=4,...
    Passes: 1, Time/Memory: 0.00,3748, Output: ['1']
  Running k=5,...
    Passes: 1, Time/Memory: 0.00,3596, Output: ['1']
  Running k=6,...
    Passes: 1, Time/Memory: 0.00,3584, Output: ['1']
  Running k=7,...
    Passes: 1, Time/Memory: 0.00,3588, Output: ['1']
  Running k=8,...
    Passes: 1, Time/Memory: 0.00,3636, Output: ['1']
  Running k=9,...
    Passes: 1, Time/Memory: 0.00,3588, Output: ['1']
  Running k=10,...
    Passes: 1, Time/Memory: 0.00,3612, Output: ['1']
  Running c=3,...
    Passes: 1, Time/Memory: 0.00,3596, Output: ['1']
Results for CU running kpath1 saved to ./results/real/table_data

Running CU for variant 2...
  Running k=1,...
    Passes: 5, Time/Memory: 0.00,3720, Output: ['5']
  Running k=2,...
    Passes: 2, Time/Memory: 0.00,3620, Output: ['2']
  Running k=3,...
    Passes: 1, Time/Memory: 0.00,3652, Output: ['1']
  Running k=4,...
    Passes: 1, Time/Memory: 0.00,3736, Output: ['1']
  Running k=5,...
    Passes: 1, Time/Memory: 0.00,3588, Output: ['1']
  Running k=6,...
    Passes: 1, Time/Memory: 0.00,3748, Output: ['1']
  Running k=7,...
    Passes: 1, Time/Memory: 0.00,3748, Output: ['1']
  Running k=8,...
    Passes: 1, Time/Memory: 0.00,3644, Output: ['1']
  Running k=9,...
    Passes: 1, Time/Memory: 0.00,3596, Output: ['1']
  Running k=10,...
    Passes: 1, Time/Memory: 0.00,3796, Output: ['1']
  Running c=3,...
    Passes: 1, Time/Memory: 0.00,3608, Output: ['1']
Results for CU running kpath2 saved to ./results/real/table_data

Running AJazz for variant 0...
  Running k=1,...
    Passes: 19, Time/Memory: 0.01,3716, Output: ['19']
  Running k=2,...
    Passes: 16, Time/Memory: 0.01,3688, Output: ['16']
  Running k=3,...
    Passes: 10, Time/Memory: 0.01,3712, Output: ['10']
  Running k=4,...
    Passes: 7, Time/Memory: 0.00,3916, Output: ['7']
  Running k=5,...
    Passes: 5, Time/Memory: 0.00,3728, Output: ['5']
  Running k=6,...
    Passes: 5, Time/Memory: 0.00,3768, Output: ['5']
  Running k=7,...
    Passes: 4, Time/Memory: 0.00,3768, Output: ['4']
  Running k=8,...
    Passes: 3, Time/Memory: 0.00,3848, Output: ['3']
  Running k=9,...
    Passes: 3, Time/Memory: 0.00,3828, Output: ['3']
  Running k=10,...
    Passes: 3, Time/Memory: 0.00,4048, Output: ['3']
  Running c=14,...
    Passes: 3, Time/Memory: 0.00,3960, Output: ['3']
Results for AJazz running kpath0 saved to ./results/real/table_data

Running AJazz for variant 1...
  Running k=1,...
    Passes: 21, Time/Memory: 0.01,3812, Output: ['21']
  Running k=2,...
    Passes: 16, Time/Memory: 0.01,3720, Output: ['16']
  Running k=3,...
    Passes: 9, Time/Memory: 0.01,3752, Output: ['9']
  Running k=4,...
    Passes: 7, Time/Memory: 0.00,3712, Output: ['7']
  Running k=5,...
    Passes: 5, Time/Memory: 0.00,3732, Output: ['5']
  Running k=6,...
    Passes: 4, Time/Memory: 0.00,3952, Output: ['4']
  Running k=7,...
    Passes: 3, Time/Memory: 0.00,3928, Output: ['3']
  Running k=8,...
    Passes: 3, Time/Memory: 0.00,3948, Output: ['3']
  Running k=9,...
    Passes: 2, Time/Memory: 0.00,3828, Output: ['2']
  Running k=10,...
    Passes: 2, Time/Memory: 0.00,4032, Output: ['2']
  Running c=14,...
    Passes: 1, Time/Memory: 0.00,3784, Output: ['1']
Results for AJazz running kpath1 saved to ./results/real/table_data

Running AJazz for variant 2...
  Running k=1,...
    Passes: 17, Time/Memory: 0.01,3808, Output: ['17']
  Running k=2,...
    Passes: 10, Time/Memory: 0.01,3844, Output: ['10']
  Running k=3,...
    Passes: 7, Time/Memory: 0.00,3696, Output: ['7']
  Running k=4,...
    Passes: 5, Time/Memory: 0.00,3908, Output: ['5']
  Running k=5,...
    Passes: 4, Time/Memory: 0.00,3784, Output: ['4']
  Running k=6,...
    Passes: 3, Time/Memory: 0.00,3780, Output: ['3']
  Running k=7,...
    Passes: 3, Time/Memory: 0.00,3920, Output: ['3']
  Running k=8,...
    Passes: 2, Time/Memory: 0.00,3996, Output: ['2']
  Running k=9,...
    Passes: 2, Time/Memory: 0.00,3968, Output: ['2']
  Running k=10,...
    Passes: 2, Time/Memory: 0.00,3884, Output: ['2']
  Running c=14,...
    Passes: 1, Time/Memory: 0.00,3828, Output: ['1']
Results for AJazz running kpath2 saved to ./results/real/table_data

Running HM for variant 0...
  Running k=1,...
    Passes: 47, Time/Memory: 0.19,4620, Output: ['47']
  Running k=2,...
    Passes: 13, Time/Memory: 0.05,4704, Output: ['13']
  Running k=3,...
    Passes: 8, Time/Memory: 0.03,4864, Output: ['8']
  Running k=4,...
    Passes: 5, Time/Memory: 0.03,5056, Output: ['5']
  Running k=5,...
    Passes: 5, Time/Memory: 0.02,5308, Output: ['5']
  Running k=6,...
    Passes: 4, Time/Memory: 0.01,5460, Output: ['4']
  Running k=7,...
    Passes: 4, Time/Memory: 0.01,5708, Output: ['4']
  Running k=8,...
    Passes: 4, Time/Memory: 0.01,5844, Output: ['4']
  Running k=9,...
    Passes: 3, Time/Memory: 0.01,6164, Output: ['3']
  Running k=10,...
    Passes: 2, Time/Memory: 0.01,6084, Output: ['2']
  Running c=7,...
    Passes: 4, Time/Memory: 0.02,5688, Output: ['4']
Results for HM running kpath0 saved to ./results/real/table_data

Running HM for variant 1...
  Running k=1,...
    Passes: 43, Time/Memory: 0.15,4704, Output: ['43']
  Running k=2,...
    Passes: 14, Time/Memory: 0.05,4796, Output: ['14']
  Running k=3,...
    Passes: 7, Time/Memory: 0.03,5132, Output: ['7']
  Running k=4,...
    Passes: 4, Time/Memory: 0.01,5420, Output: ['4']
  Running k=5,...
    Passes: 4, Time/Memory: 0.02,5580, Output: ['4']
  Running k=6,...
    Passes: 3, Time/Memory: 0.02,5756, Output: ['3']
  Running k=7,...
    Passes: 1, Time/Memory: 0.00,4272, Output: ['1']
  Running k=8,...
    Passes: 1, Time/Memory: 0.00,4260, Output: ['1']
  Running k=9,...
    Passes: 1, Time/Memory: 0.01,4456, Output: ['1']
  Running k=10,...
    Passes: 1, Time/Memory: 0.00,4316, Output: ['1']
  Running c=7,...
    Passes: 1, Time/Memory: 0.00,4412, Output: ['1']
Results for HM running kpath1 saved to ./results/real/table_data

Running HM for variant 2...
  Running k=1,...
    Passes: 33, Time/Memory: 0.15,4740, Output: ['33']
  Running k=2,...
    Passes: 8, Time/Memory: 0.03,4960, Output: ['8']
  Running k=3,...
    Passes: 4, Time/Memory: 0.02,5180, Output: ['4']
  Running k=4,...
    Passes: 3, Time/Memory: 0.02,5364, Output: ['3']
  Running k=5,...
    Passes: 3, Time/Memory: 0.01,5460, Output: ['3']
  Running k=6,...
    Passes: 3, Time/Memory: 0.02,5724, Output: ['3']
  Running k=7,...
    Passes: 1, Time/Memory: 0.00,4252, Output: ['1']
  Running k=8,...
    Passes: 1, Time/Memory: 0.00,4320, Output: ['1']
  Running k=9,...
    Passes: 1, Time/Memory: 0.00,4252, Output: ['1']
  Running k=10,...
    Passes: 1, Time/Memory: 0.00,4472, Output: ['1']
  Running c=7,...
    Passes: 1, Time/Memory: 0.00,4456, Output: ['1']
Results for HM running kpath2 saved to ./results/real/table_data

Running Belcastro for variant 0...
  Running k=1,...
    Passes: 870, Time/Memory: 1444.14,9092, Output: ['870']
  Running k=2,...
    Passes: 430, Time/Memory: 737.00,10244, Output: ['430']
  Running k=3,...
    Passes: 277, Time/Memory: 469.88,11512, Output: ['277']
  Running k=4,...
    Passes: 207, Time/Memory: 345.14,12796, Output: ['207']
  Running k=5,...
    Passes: 172, Time/Memory: 282.69,14024, Output: ['172']
  Running k=6,...
    Passes: 142, Time/Memory: 240.50,15312, Output: ['142']
  Running k=7,...
    Passes: 128, Time/Memory: 219.80,16728, Output: ['128']
  Running k=8,...
    Passes: 114, Time/Memory: 184.94,18016, Output: ['114']
  Running k=9,...
    Passes: 102, Time/Memory: 179.45,19196, Output: ['102']
  Running k=10,...
    Passes: 95, Time/Memory: 171.27,20644, Output: ['95']
  Running c=644,...
    Passes: 3, Time/Memory: 16.91,855220, Output: ['3']
Results for Belcastro running kpath0 saved to ./results/real/table_data

Running Belcastro for variant 1...
  Running k=1,...
    Passes: 877, Time/Memory: 1447.35,8980, Output: ['877']
  Running k=2,...
    Passes: 424, Time/Memory: 855.97,10348, Output: ['424']
  Running k=3,...
    Passes: 282, Time/Memory: 475.73,11436, Output: ['282']
  Running k=4,...
    Passes: 212, Time/Memory: 346.58,12744, Output: ['212']
  Running k=5,...
    Passes: 173, Time/Memory: 288.42,14128, Output: ['173']
  Running k=6,...
    Passes: 148, Time/Memory: 246.63,15344, Output: ['148']
  Running k=7,...
    Passes: 129, Time/Memory: 208.90,16728, Output: ['129']
  Running k=8,...
    Passes: 114, Time/Memory: 192.91,17968, Output: ['114']
  Running k=9,...
    Passes: 104, Time/Memory: 195.37,19320, Output: ['104']
  Running k=10,...
    Passes: 91, Time/Memory: 161.24,20708, Output: ['91']
  Running c=644,...
    Passes: 1, Time/Memory: 2.14,195364, Output: ['1']
Results for Belcastro running kpath1 saved to ./results/real/table_data

Running Belcastro for variant 2...
  Running k=1,...
    Passes: 770, Time/Memory: 1320.16,9332, Output: ['770']
  Running k=2,...
    Passes: 284, Time/Memory: 482.90,10384, Output: ['284']
  Running k=3,...
    Passes: 194, Time/Memory: 338.15,11548, Output: ['194']
  Running k=4,...
    Passes: 155, Time/Memory: 258.53,12740, Output: ['155']
  Running k=5,...
    Passes: 128, Time/Memory: 225.82,13920, Output: ['128']
  Running k=6,...
    Passes: 112, Time/Memory: 190.52,15136, Output: ['112']
  Running k=7,...
    Passes: 102, Time/Memory: 186.42,16548, Output: ['102']
  Running k=8,...
    Passes: 91, Time/Memory: 159.41,17972, Output: ['91']
  Running k=9,...
    Passes: 83, Time/Memory: 142.16,19216, Output: ['83']
  Running k=10,...
    Passes: 77, Time/Memory: 130.75,20524, Output: ['77']
  Running c=644,...
    Passes: 1, Time/Memory: 2.34,195396, Output: ['1']
Results for Belcastro running kpath2 saved to ./results/real/table_data

Running ArxAP for variant 0...
  Running k=1,...
    Passes: 231, Time/Memory: 10.30,10860, Output: ['231']
  Running k=2,...
    Passes: 33, Time/Memory: 1.62,12100, Output: ['33']
  Running k=3,...
    Passes: 17, Time/Memory: 0.95,13896, Output: ['17']
  Running k=4,...
    Passes: 12, Time/Memory: 0.76,15352, Output: ['12']
  Running k=5,...
    Passes: 10, Time/Memory: 0.63,17308, Output: ['10']
  Running k=6,...
    Passes: 6, Time/Memory: 0.48,18952, Output: ['6']
  Running k=7,...
    Passes: 7, Time/Memory: 0.60,20804, Output: ['7']
  Running k=8,...
    Passes: 3, Time/Memory: 0.29,22680, Output: ['3']
  Running k=9,...
    Passes: 3, Time/Memory: 0.33,24372, Output: ['3']
  Running k=10,...
    Passes: 3, Time/Memory: 0.29,26176, Output: ['3']
  Running c=11,...
    Passes: 4, Time/Memory: 0.43,27764, Output: ['4']
Results for ArxAP running kpath0 saved to ./results/real/table_data

Running ArxAP for variant 1...
  Running k=1,...
    Passes: 221, Time/Memory: 10.09,10676, Output: ['221']
  Running k=2,...
    Passes: 35, Time/Memory: 1.84,12320, Output: ['35']
  Running k=3,...
    Passes: 19, Time/Memory: 1.01,14160, Output: ['19']
  Running k=4,...
    Passes: 12, Time/Memory: 0.76,15612, Output: ['12']
  Running k=5,...
    Passes: 9, Time/Memory: 0.59,17600, Output: ['9']
  Running k=6,...
    Passes: 4, Time/Memory: 0.33,19416, Output: ['4']
  Running k=7,...
    Passes: 6, Time/Memory: 0.47,21292, Output: ['6']
  Running k=8,...
    Passes: 3, Time/Memory: 0.23,23756, Output: ['3']
  Running k=9,...
    Passes: 3, Time/Memory: 0.32,25408, Output: ['3']
  Running k=10,...
    Passes: 2, Time/Memory: 0.30,26724, Output: ['2']
  Running c=11,...
    Passes: 1, Time/Memory: 0.06,10156, Output: ['1']
Results for ArxAP running kpath1 saved to ./results/real/table_data

Running ArxAP for variant 2...
  Running k=1,...
    Passes: 190, Time/Memory: 9.40,11496, Output: ['190']
  Running k=2,...
    Passes: 19, Time/Memory: 1.00,12436, Output: ['19']
  Running k=3,...
    Passes: 13, Time/Memory: 0.79,13824, Output: ['13']
  Running k=4,...
    Passes: 8, Time/Memory: 0.54,15804, Output: ['8']
  Running k=5,...
    Passes: 4, Time/Memory: 0.30,17676, Output: ['4']
  Running k=6,...
    Passes: 8, Time/Memory: 0.54,19496, Output: ['8']
  Running k=7,...
    Passes: 3, Time/Memory: 0.21,21200, Output: ['3']
  Running k=8,...
    Passes: 3, Time/Memory: 0.24,23180, Output: ['3']
  Running k=9,...
    Passes: 2, Time/Memory: 0.26,25064, Output: ['2']
  Running k=10,...
    Passes: 2, Time/Memory: 0.30,26812, Output: ['2']
  Running c=11,...
    Passes: 1, Time/Memory: 0.05,10184, Output: ['1']
Results for ArxAP running kpath2 saved to ./results/real/table_data

Running AsCaida for variant 0...
  Running k=1,...
    Passes: 43, Time/Memory: 2.28,13532, Output: ['43']
  Running k=2,...
    Passes: 8, Time/Memory: 1.12,16028, Output: ['8']
  Running k=3,...
    Passes: 3, Time/Memory: 0.87,18592, Output: ['3']
  Running k=4,...
    Passes: 2, Time/Memory: 0.04,18360, Output: ['2']
  Running k=5,...
    Passes: 2, Time/Memory: 0.04,18256, Output: ['2']
  Running k=6,...
    Passes: 2, Time/Memory: 0.03,18368, Output: ['2']
  Running k=7,...
    Passes: 2, Time/Memory: 0.06,18428, Output: ['2']
  Running k=8,...
    Passes: 2, Time/Memory: 0.05,18460, Output: ['2']
  Running k=9,...
    Passes: 2, Time/Memory: 0.04,18464, Output: ['2']
  Running k=10,...
    Passes: 2, Time/Memory: 0.04,18252, Output: ['2']
  Running c=3,...
    Passes: 3, Time/Memory: 0.85,18608, Output: ['3']
Results for AsCaida running kpath0 saved to ./results/real/table_data

Running AsCaida for variant 1...
  Running k=1,...
    Passes: 38, Time/Memory: 1.89,13364, Output: ['38']
  Running k=2,...
    Passes: 9, Time/Memory: 1.10,15988, Output: ['9']
  Running k=3,...
    Passes: 1, Time/Memory: 0.01,8092, Output: ['1']
  Running k=4,...
    Passes: 1, Time/Memory: 0.02,8060, Output: ['1']
  Running k=5,...
    Passes: 1, Time/Memory: 0.02,8096, Output: ['1']
  Running k=6,...
    Passes: 1, Time/Memory: 0.01,8168, Output: ['1']
  Running k=7,...
    Passes: 1, Time/Memory: 0.02,8160, Output: ['1']
  Running k=8,...
    Passes: 1, Time/Memory: 0.02,7956, Output: ['1']
  Running k=9,...
    Passes: 1, Time/Memory: 0.02,8144, Output: ['1']
  Running k=10,...
    Passes: 1, Time/Memory: 0.02,8168, Output: ['1']
  Running c=3,...
    Passes: 1, Time/Memory: 0.02,7980, Output: ['1']
Results for AsCaida running kpath1 saved to ./results/real/table_data

Running AsCaida for variant 2...
  Running k=1,...
    Passes: 37, Time/Memory: 2.01,14816, Output: ['37']
  Running k=2,...
    Passes: 2, Time/Memory: 0.44,15612, Output: ['2']
  Running k=3,...
    Passes: 1, Time/Memory: 0.01,7956, Output: ['1']
  Running k=4,...
    Passes: 1, Time/Memory: 0.02,8068, Output: ['1']
  Running k=5,...
    Passes: 1, Time/Memory: 0.01,8176, Output: ['1']
  Running k=6,...
    Passes: 1, Time/Memory: 0.02,8164, Output: ['1']
  Running k=7,...
    Passes: 1, Time/Memory: 0.01,7956, Output: ['1']
  Running k=8,...
    Passes: 1, Time/Memory: 0.01,7960, Output: ['1']
  Running k=9,...
    Passes: 1, Time/Memory: 0.01,8172, Output: ['1']
  Running k=10,...
    Passes: 1, Time/Memory: 0.02,8168, Output: ['1']
  Running c=3,...
    Passes: 1, Time/Memory: 0.02,8064, Output: ['1']
Results for AsCaida running kpath2 saved to ./results/real/table_data

Running BrightK for variant 0...
  Running k=1,...
    Passes: 242, Time/Memory: 27.66,25976, Output: ['242']
  Running k=2,...
    Passes: 14, Time/Memory: 3.98,30796, Output: ['14']
  Running k=3,...
    Passes: 6, Time/Memory: 3.05,36420, Output: ['6']
  Running k=4,...
    Passes: 4, Time/Memory: 2.25,42200, Output: ['4']
  Running k=5,...
    Passes: 2, Time/Memory: 0.42,46428, Output: ['2']
  Running k=6,...
    Passes: 2, Time/Memory: 0.41,46348, Output: ['2']
  Running k=7,...
    Passes: 2, Time/Memory: 0.42,46388, Output: ['2']
  Running k=8,...
    Passes: 2, Time/Memory: 0.41,46440, Output: ['2']
  Running k=9,...
    Passes: 2, Time/Memory: 0.42,46384, Output: ['2']
  Running k=10,...
    Passes: 2, Time/Memory: 0.41,46448, Output: ['2']
  Running c=4,...
    Passes: 4, Time/Memory: 2.37,42224, Output: ['4']
Results for BrightK running kpath0 saved to ./results/real/table_data

Running BrightK for variant 1...
  Running k=1,...
    Passes: 231, Time/Memory: 35.76,26692, Output: ['231']
  Running k=2,...
    Passes: 13, Time/Memory: 4.25,31040, Output: ['13']
  Running k=3,...
    Passes: 4, Time/Memory: 2.34,36584, Output: ['4']
  Running k=4,...
    Passes: 1, Time/Memory: 0.08,14636, Output: ['1']
  Running k=5,...
    Passes: 1, Time/Memory: 0.09,14540, Output: ['1']
  Running k=6,...
    Passes: 1, Time/Memory: 0.07,14608, Output: ['1']
  Running k=7,...
    Passes: 1, Time/Memory: 0.07,14484, Output: ['1']
  Running k=8,...
    Passes: 1, Time/Memory: 0.08,14644, Output: ['1']
  Running k=9,...
    Passes: 1, Time/Memory: 0.09,14632, Output: ['1']
  Running k=10,...
    Passes: 1, Time/Memory: 0.08,14644, Output: ['1']
  Running c=4,...
    Passes: 1, Time/Memory: 0.08,14704, Output: ['1']
Results for BrightK running kpath1 saved to ./results/real/table_data

Running BrightK for variant 2...
  Running k=1,...
    Passes: 195, Time/Memory: 25.85,28744, Output: ['195']
  Running k=2,...
    Passes: 4, Time/Memory: 1.90,32036, Output: ['4']
  Running k=3,...
    Passes: 3, Time/Memory: 1.31,36560, Output: ['3']
  Running k=4,...
    Passes: 1, Time/Memory: 0.08,14492, Output: ['1']
  Running k=5,...
    Passes: 1, Time/Memory: 0.08,14488, Output: ['1']
  Running k=6,...
    Passes: 1, Time/Memory: 0.07,14552, Output: ['1']
  Running k=7,...
    Passes: 1, Time/Memory: 0.08,14492, Output: ['1']
  Running k=8,...
    Passes: 1, Time/Memory: 0.07,14648, Output: ['1']
  Running k=9,...
    Passes: 1, Time/Memory: 0.08,14444, Output: ['1']
  Running k=10,...
    Passes: 1, Time/Memory: 0.08,14644, Output: ['1']
  Running c=4,...
    Passes: 1, Time/Memory: 0.07,14492, Output: ['1']
Results for BrightK running kpath2 saved to ./results/real/table_data

Running LMocha for variant 0...
  Running k=1,...
    Passes: 850, Time/Memory: 490.70,47484, Output: ['850']
  Running k=2,...
    Passes: 22, Time/Memory: 21.30,52700, Output: ['22']
  Running k=3,...
    Passes: 9, Time/Memory: 13.96,62320, Output: ['9']
  Running k=4,...
    Passes: 7, Time/Memory: 13.32,72476, Output: ['7']
  Running k=5,...
    Passes: 6, Time/Memory: 13.09,82128, Output: ['6']
  Running k=6,...
    Passes: 5, Time/Memory: 11.42,92020, Output: ['5']
  Running k=7,...
    Passes: 4, Time/Memory: 8.36,103840, Output: ['4']
  Running k=8,...
    Passes: 4, Time/Memory: 9.86,111908, Output: ['4']
  Running k=9,...
    Passes: 4, Time/Memory: 11.45,122752, Output: ['4']
  Running k=10,...
    Passes: 3, Time/Memory: 7.02,134368, Output: ['3']
  Running c=22,...
    Passes: 3, Time/Memory: 13.02,251728, Output: ['3']
Results for LMocha running kpath0 saved to ./results/real/table_data

Running LMocha for variant 1...
  Running k=1,...
    Passes: 853, Time/Memory: 604.03,47916, Output: ['853']
  Running k=2,...
    Passes: 22, Time/Memory: 25.22,53280, Output: ['22']
  Running k=3,...
    Passes: 9, Time/Memory: 18.42,62396, Output: ['9']
  Running k=4,...
    Passes: 6, Time/Memory: 13.72,72440, Output: ['6']
  Running k=5,...
    Passes: 5, Time/Memory: 10.31,82264, Output: ['5']
  Running k=6,...
    Passes: 4, Time/Memory: 8.39,92076, Output: ['4']
  Running k=7,...
    Passes: 4, Time/Memory: 11.80,101768, Output: ['4']
  Running k=8,...
    Passes: 3, Time/Memory: 7.36,113780, Output: ['3']
  Running k=9,...
    Passes: 3, Time/Memory: 8.70,121644, Output: ['3']
  Running k=10,...
    Passes: 3, Time/Memory: 11.35,132964, Output: ['3']
  Running c=22,...
    Passes: 1, Time/Memory: 0.98,65456, Output: ['1']
Results for LMocha running kpath1 saved to ./results/real/table_data

Running LMocha for variant 2...
  Running k=1,...
    Passes: 692, Time/Memory: 494.52,49096, Output: ['692']
  Running k=2,...
    Passes: 10, Time/Memory: 13.52,53536, Output: ['10']
  Running k=3,...
    Passes: 6, Time/Memory: 7.78,64880, Output: ['6']
  Running k=4,...
    Passes: 5, Time/Memory: 8.26,73124, Output: ['5']
  Running k=5,...
    Passes: 4, Time/Memory: 6.76,82564, Output: ['4']
  Running k=6,...
    Passes: 4, Time/Memory: 9.90,91112, Output: ['4']
  Running k=7,...
    Passes: 3, Time/Memory: 5.54,101256, Output: ['3']
  Running k=8,...
    Passes: 3, Time/Memory: 7.12,111704, Output: ['3']
  Running k=9,...
    Passes: 3, Time/Memory: 9.64,122376, Output: ['3']
  Running k=10,...
    Passes: 2, Time/Memory: 4.33,133024, Output: ['2']
  Running c=22,...
    Passes: 1, Time/Memory: 0.63,65248, Output: ['1']
Results for LMocha running kpath2 saved to ./results/real/table_data

Running FlickrE for variant 0...
  Running k=1,...
    Passes: 737, Time/Memory: 359.01,46016, Output: ['737']
  Running k=2,...
    Passes: 43, Time/Memory: 29.97,54872, Output: ['43']
  Running k=3,...
    Passes: 18, Time/Memory: 15.64,65276, Output: ['18']
  Running k=4,...
    Passes: 10, Time/Memory: 10.39,75420, Output: ['10']
  Running k=5,...
    Passes: 7, Time/Memory: 7.55,87208, Output: ['7']
  Running k=6,...
    Passes: 6, Time/Memory: 6.91,96428, Output: ['6']
  Running k=7,...
    Passes: 5, Time/Memory: 5.62,107012, Output: ['5']
  Running k=8,...
    Passes: 5, Time/Memory: 6.57,116032, Output: ['5']
  Running k=9,...
    Passes: 4, Time/Memory: 4.93,127116, Output: ['4']
  Running k=10,...
    Passes: 4, Time/Memory: 5.13,135112, Output: ['4']
  Running c=22,...
    Passes: 3, Time/Memory: 6.13,256352, Output: ['3']
Results for FlickrE running kpath0 saved to ./results/real/table_data

Running FlickrE for variant 1...
  Running k=1,...
    Passes: 831, Time/Memory: 399.06,48432, Output: ['831']
  Running k=2,...
    Passes: 35, Time/Memory: 24.87,57068, Output: ['35']
  Running k=3,...
    Passes: 15, Time/Memory: 14.15,65232, Output: ['15']
  Running k=4,...
    Passes: 11, Time/Memory: 11.79,77872, Output: ['11']
  Running k=5,...
    Passes: 6, Time/Memory: 5.65,90256, Output: ['6']
  Running k=6,...
    Passes: 5, Time/Memory: 5.44,100180, Output: ['5']
  Running k=7,...
    Passes: 4, Time/Memory: 4.60,107732, Output: ['4']
  Running k=8,...
    Passes: 5, Time/Memory: 5.28,115248, Output: ['5']
  Running k=9,...
    Passes: 3, Time/Memory: 3.68,127944, Output: ['3']
  Running k=10,...
    Passes: 3, Time/Memory: 4.00,137128, Output: ['3']
  Running c=22,...
    Passes: 1, Time/Memory: 0.72,67316, Output: ['1']
Results for FlickrE running kpath1 saved to ./results/real/table_data

Running FlickrE for variant 2...
  Running k=1,...
    Passes: 571, Time/Memory: 290.01,50124, Output: ['571']
  Running k=2,...
    Passes: 23, Time/Memory: 17.86,61220, Output: ['23']
  Running k=3,...
    Passes: 12, Time/Memory: 11.88,67920, Output: ['12']
  Running k=4,...
    Passes: 9, Time/Memory: 12.03,78960, Output: ['9']
  Running k=5,...
    Passes: 5, Time/Memory: 5.85,89872, Output: ['5']
  Running k=6,...
    Passes: 6, Time/Memory: 6.95,97476, Output: ['6']
  Running k=7,...
    Passes: 4, Time/Memory: 5.37,107676, Output: ['4']
  Running k=8,...
    Passes: 11, Time/Memory: 9.96,115404, Output: ['11']
  Running k=9,...
    Passes: 3, Time/Memory: 4.74,125504, Output: ['3']
  Running k=10,...
    Passes: 3, Time/Memory: 5.11,133784, Output: ['3']
  Running c=22,...
    Passes: 1, Time/Memory: 0.81,67304, Output: ['1']
Results for FlickrE running kpath2 saved to ./results/real/table_data

Running WordNet for variant 0...
  Running k=1,...
    Passes: 303, Time/Memory: 128.13,62620, Output: ['303']
  Running k=2,...
    Passes: 66, Time/Memory: 33.64,73276, Output: ['66']
  Running k=3,...
    Passes: 19, Time/Memory: 15.45,87048, Output: ['19']
  Running k=4,...
    Passes: 5, Time/Memory: 7.89,104112, Output: ['5']
  Running k=5,...
    Passes: 4, Time/Memory: 9.86,118232, Output: ['4']
  Running k=6,...
    Passes: 2, Time/Memory: 1.46,122472, Output: ['2']
  Running k=7,...
    Passes: 2, Time/Memory: 1.34,122380, Output: ['2']
  Running k=8,...
    Passes: 2, Time/Memory: 1.48,122444, Output: ['2']
  Running k=9,...
    Passes: 2, Time/Memory: 1.52,122420, Output: ['2']
  Running k=10,...
    Passes: 2, Time/Memory: 1.44,122376, Output: ['2']
  Running c=5,...
    Passes: 4, Time/Memory: 9.69,118224, Output: ['4']
Results for WordNet running kpath0 saved to ./results/real/table_data

Running WordNet for variant 1...
  Running k=1,...
    Passes: 294, Time/Memory: 191.30,62768, Output: ['294']
  Running k=2,...
    Passes: 67, Time/Memory: 44.09,77244, Output: ['67']
  Running k=3,...
    Passes: 18, Time/Memory: 16.06,87400, Output: ['18']
  Running k=4,...
    Passes: 4, Time/Memory: 4.77,104996, Output: ['4']
  Running k=5,...
    Passes: 1, Time/Memory: 0.31,37600, Output: ['1']
  Running k=6,...
    Passes: 1, Time/Memory: 0.27,37608, Output: ['1']
  Running k=7,...
    Passes: 1, Time/Memory: 0.25,37544, Output: ['1']
  Running k=8,...
    Passes: 1, Time/Memory: 0.28,37540, Output: ['1']
  Running k=9,...
    Passes: 1, Time/Memory: 0.26,37540, Output: ['1']
  Running k=10,...
    Passes: 1, Time/Memory: 0.26,37744, Output: ['1']
  Running c=5,...
    Passes: 1, Time/Memory: 0.25,37640, Output: ['1']
Results for WordNet running kpath1 saved to ./results/real/table_data

Running WordNet for variant 2...
  Running k=1,...
    Passes: 229, Time/Memory: 109.38,67636, Output: ['229']
  Running k=2,...
    Passes: 26, Time/Memory: 17.72,73080, Output: ['26']
  Running k=3,...
    Passes: 4, Time/Memory: 4.49,88004, Output: ['4']
  Running k=4,...
    Passes: 3, Time/Memory: 6.57,105404, Output: ['3']
  Running k=5,...
    Passes: 1, Time/Memory: 0.35,37612, Output: ['1']
  Running k=6,...
    Passes: 1, Time/Memory: 0.34,37740, Output: ['1']
  Running k=7,...
    Passes: 1, Time/Memory: 0.37,37740, Output: ['1']
  Running k=8,...
    Passes: 1, Time/Memory: 0.34,37728, Output: ['1']
  Running k=9,...
    Passes: 1, Time/Memory: 0.35,37728, Output: ['1']
  Running k=10,...
    Passes: 1, Time/Memory: 0.35,37600, Output: ['1']
  Running c=5,...
    Passes: 1, Time/Memory: 0.31,37632, Output: ['1']
Results for WordNet running kpath2 saved to ./results/real/table_data

Running Douban for variant 0...
  Running k=1,...
    Passes: 284, Time/Memory: 143.07,69304, Output: ['284']
  Running k=2,...
    Passes: 7, Time/Memory: 35.55,79696, Output: ['7']
  Running k=3,...
    Passes: 3, Time/Memory: 35.08,92444, Output: ['3']
  Running k=4,...
    Passes: 2, Time/Memory: 0.42,92572, Output: ['2']
  Running k=5,...
    Passes: 2, Time/Memory: 0.48,92512, Output: ['2']
  Running k=6,...
    Passes: 2, Time/Memory: 0.44,92644, Output: ['2']
  Running k=7,...
    Passes: 2, Time/Memory: 0.43,92572, Output: ['2']
  Running k=8,...
    Passes: 2, Time/Memory: 0.43,92512, Output: ['2']
  Running k=9,...
    Passes: 2, Time/Memory: 0.46,92624, Output: ['2']
  Running k=10,...
    Passes: 2, Time/Memory: 0.55,92436, Output: ['2']
  Running c=3,...
    Passes: 3, Time/Memory: 35.33,92476, Output: ['3']
Results for Douban running kpath0 saved to ./results/real/table_data

Running Douban for variant 1...
  Running k=1,...
    Passes: 278, Time/Memory: 116.07,67252, Output: ['278']
  Running k=2,...
    Passes: 7, Time/Memory: 35.81,85184, Output: ['7']
  Running k=3,...
    Passes: 1, Time/Memory: 0.11,31936, Output: ['1']
  Running k=4,...
    Passes: 1, Time/Memory: 0.10,31784, Output: ['1']
  Running k=5,...
    Passes: 1, Time/Memory: 0.11,31824, Output: ['1']
  Running k=6,...
    Passes: 1, Time/Memory: 0.09,31828, Output: ['1']
  Running k=7,...
    Passes: 1, Time/Memory: 0.11,31736, Output: ['1']
  Running k=8,...
    Passes: 1, Time/Memory: 0.10,31860, Output: ['1']
  Running k=9,...
    Passes: 1, Time/Memory: 0.10,31720, Output: ['1']
  Running k=10,...
    Passes: 1, Time/Memory: 0.09,31828, Output: ['1']
  Running c=3,...
    Passes: 1, Time/Memory: 0.09,31928, Output: ['1']
Results for Douban running kpath1 saved to ./results/real/table_data

Running Douban for variant 2...
  Running k=1,...
    Passes: 214, Time/Memory: 67.70,71624, Output: ['214']
  Running k=2,...
    Passes: 2, Time/Memory: 18.19,76088, Output: ['2']
  Running k=3,...
    Passes: 1, Time/Memory: 0.16,31924, Output: ['1']
  Running k=4,...
    Passes: 1, Time/Memory: 0.19,31828, Output: ['1']
  Running k=5,...
    Passes: 1, Time/Memory: 0.19,31936, Output: ['1']
  Running k=6,...
    Passes: 1, Time/Memory: 0.17,31860, Output: ['1']
  Running k=7,...
    Passes: 1, Time/Memory: 0.19,31908, Output: ['1']
  Running k=8,...
    Passes: 1, Time/Memory: 0.18,31932, Output: ['1']
  Running k=9,...
    Passes: 1, Time/Memory: 0.21,31940, Output: ['1']
  Running k=10,...
    Passes: 1, Time/Memory: 0.15,31804, Output: ['1']
  Running c=3,...
    Passes: 1, Time/Memory: 0.18,31828, Output: ['1']
Results for Douban running kpath2 saved to ./results/real/table_data

Running Gowalla for variant 0...
  Running k=1,...
    Passes: 617, Time/Memory: 499.54,86520, Output: ['617']
  Running k=2,...
    Passes: 32, Time/Memory: 39.58,98032, Output: ['32']
  Running k=3,...
    Passes: 6, Time/Memory: 19.98,120808, Output: ['6']
  Running k=4,...
    Passes: 4, Time/Memory: 13.58,141304, Output: ['4']
  Running k=5,...
    Passes: 6, Time/Memory: 20.59,157940, Output: ['6']
  Running k=6,...
    Passes: 2, Time/Memory: 1.54,171704, Output: ['2']
  Running k=7,...
    Passes: 2, Time/Memory: 1.65,171784, Output: ['2']
  Running k=8,...
    Passes: 2, Time/Memory: 1.74,171656, Output: ['2']
  Running k=9,...
    Passes: 2, Time/Memory: 1.72,171812, Output: ['2']
  Running k=10,...
    Passes: 2, Time/Memory: 1.73,171792, Output: ['2']
  Running c=5,...
    Passes: 6, Time/Memory: 19.54,158148, Output: ['6']
Results for Gowalla running kpath0 saved to ./results/real/table_data

Running Gowalla for variant 1...
  Running k=1,...
    Passes: 603, Time/Memory: 506.12,83616, Output: ['603']
  Running k=2,...
    Passes: 28, Time/Memory: 41.53,100356, Output: ['28']
  Running k=3,...
    Passes: 6, Time/Memory: 28.39,117356, Output: ['6']
  Running k=4,...
    Passes: 5, Time/Memory: 26.32,141024, Output: ['5']
  Running k=5,...
    Passes: 1, Time/Memory: 0.70,49288, Output: ['1']
  Running k=6,...
    Passes: 1, Time/Memory: 0.77,49432, Output: ['1']
  Running k=7,...
    Passes: 1, Time/Memory: 0.64,49392, Output: ['1']
  Running k=8,...
    Passes: 1, Time/Memory: 0.56,49440, Output: ['1']
  Running k=9,...
    Passes: 1, Time/Memory: 0.50,49396, Output: ['1']
  Running k=10,...
    Passes: 1, Time/Memory: 0.66,49224, Output: ['1']
  Running c=5,...
    Passes: 1, Time/Memory: 0.53,49208, Output: ['1']
Results for Gowalla running kpath1 saved to ./results/real/table_data

Running Gowalla for variant 2...
  Running k=1,...
    Passes: 475, Time/Memory: 425.45,91148, Output: ['475']
  Running k=2,...
    Passes: 7, Time/Memory: 26.54,98888, Output: ['7']
  Running k=3,...
    Passes: 5, Time/Memory: 24.99,114300, Output: ['5']
  Running k=4,...
    Passes: 2, Time/Memory: 12.81,140556, Output: ['2']
  Running k=5,...
    Passes: 1, Time/Memory: 0.55,49428, Output: ['1']
  Running k=6,...
    Passes: 1, Time/Memory: 0.50,49324, Output: ['1']
  Running k=7,...
    Passes: 1, Time/Memory: 0.57,49352, Output: ['1']
  Running k=8,...
    Passes: 1, Time/Memory: 0.60,49444, Output: ['1']
  Running k=9,...
    Passes: 1, Time/Memory: 0.60,49224, Output: ['1']
  Running k=10,...
    Passes: 1, Time/Memory: 0.82,49436, Output: ['1']
  Running c=5,...
    Passes: 1, Time/Memory: 0.86,49208, Output: ['1']
Results for Gowalla running kpath2 saved to ./results/real/table_data

Running Dblp for variant 0...
  Running k=1,...
    Passes: 471, Time/Memory: 758.78,139656, Output: ['471']
  Running k=2,...
    Passes: 43, Time/Memory: 115.29,154576, Output: ['43']
  Running k=3,...
    Passes: 13, Time/Memory: 70.23,186236, Output: ['13']
  Running k=4,...
    Passes: 9, Time/Memory: 69.41,217680, Output: ['9']
  Running k=5,...
    Passes: 2, Time/Memory: 2.58,224700, Output: ['2']
  Running k=6,...
    Passes: 2, Time/Memory: 3.36,224876, Output: ['2']
  Running k=7,...
    Passes: 2, Time/Memory: 3.59,224896, Output: ['2']
  Running k=8,...
    Passes: 2, Time/Memory: 3.65,224776, Output: ['2']
  Running k=9,...
    Passes: 2, Time/Memory: 3.26,224920, Output: ['2']
  Running k=10,...
    Passes: 2, Time/Memory: 2.48,224696, Output: ['2']
  Running c=4,...
    Passes: 9, Time/Memory: 86.21,217760, Output: ['9']
Results for Dblp running kpath0 saved to ./results/real/table_data

Running Dblp for variant 1...
  Running k=1,...
    Passes: 453, Time/Memory: 640.69,134104, Output: ['453']
  Running k=2,...
    Passes: 47, Time/Memory: 101.13,170404, Output: ['47']
  Running k=3,...
    Passes: 14, Time/Memory: 55.89,185816, Output: ['14']
  Running k=4,...
    Passes: 1, Time/Memory: 0.78,69280, Output: ['1']
  Running k=5,...
    Passes: 1, Time/Memory: 0.68,69340, Output: ['1']
  Running k=6,...
    Passes: 1, Time/Memory: 0.69,69280, Output: ['1']
  Running k=7,...
    Passes: 1, Time/Memory: 0.67,69224, Output: ['1']
  Running k=8,...
    Passes: 1, Time/Memory: 0.76,69224, Output: ['1']
  Running k=9,...
    Passes: 1, Time/Memory: 0.70,69340, Output: ['1']
  Running k=10,...
    Passes: 1, Time/Memory: 0.74,69204, Output: ['1']
  Running c=4,...
    Passes: 1, Time/Memory: 0.77,69380, Output: ['1']
Results for Dblp running kpath1 saved to ./results/real/table_data

Running Dblp for variant 2...
  Running k=1,...
    Passes: 369, Time/Memory: 482.70,144948, Output: ['369']
  Running k=2,...
    Passes: 11, Time/Memory: 62.68,153436, Output: ['11']
  Running k=3,...
    Passes: 6, Time/Memory: 37.96,193072, Output: ['6']
  Running k=4,...
    Passes: 1, Time/Memory: 0.63,69412, Output: ['1']
  Running k=5,...
    Passes: 1, Time/Memory: 0.72,69420, Output: ['1']
  Running k=6,...
    Passes: 1, Time/Memory: 0.76,69416, Output: ['1']
  Running k=7,...
    Passes: 1, Time/Memory: 0.78,69416, Output: ['1']
  Running k=8,...
    Passes: 1, Time/Memory: 0.67,69304, Output: ['1']
  Running k=9,...
    Passes: 1, Time/Memory: 0.61,69312, Output: ['1']
  Running k=10,...
    Passes: 1, Time/Memory: 0.61,69316, Output: ['1']
  Running c=4,...
    Passes: 1, Time/Memory: 0.63,69336, Output: ['1']
Results for Dblp running kpath2 saved to ./results/real/table_data

Running Amazon for variant 0...
  Running k=1,...
    Passes: 309, Time/Memory: 475.04,141192, Output: ['309']
  Running k=2,...
    Passes: 107, Time/Memory: 171.89,163612, Output: ['107']
  Running k=3,...
    Passes: 8, Time/Memory: 27.10,204344, Output: ['8']
  Running k=4,...
    Passes: 2, Time/Memory: 2.15,224840, Output: ['2']
  Running k=5,...
    Passes: 2, Time/Memory: 2.48,224752, Output: ['2']
  Running k=6,...
    Passes: 2, Time/Memory: 2.21,224652, Output: ['2']
  Running k=7,...
    Passes: 2, Time/Memory: 2.20,224824, Output: ['2']
  Running k=8,...
    Passes: 2, Time/Memory: 2.44,224780, Output: ['2']
  Running k=9,...
    Passes: 2, Time/Memory: 2.34,224692, Output: ['2']
  Running k=10,...
    Passes: 2, Time/Memory: 2.29,224844, Output: ['2']
  Running c=3,...
    Passes: 8, Time/Memory: 34.07,204464, Output: ['8']
Results for Amazon running kpath0 saved to ./results/real/table_data

Running Amazon for variant 1...
  Running k=1,...
    Passes: 322, Time/Memory: 362.95,140720, Output: ['322']
  Running k=2,...
    Passes: 100, Time/Memory: 136.47,173788, Output: ['100']
  Running k=3,...
    Passes: 1, Time/Memory: 0.69,66336, Output: ['1']
  Running k=4,...
    Passes: 1, Time/Memory: 0.68,66376, Output: ['1']
  Running k=5,...
    Passes: 1, Time/Memory: 0.71,66380, Output: ['1']
  Running k=6,...
    Passes: 1, Time/Memory: 0.66,66444, Output: ['1']
  Running k=7,...
    Passes: 1, Time/Memory: 0.72,66492, Output: ['1']
  Running k=8,...
    Passes: 1, Time/Memory: 0.67,66368, Output: ['1']
  Running k=9,...
    Passes: 1, Time/Memory: 0.70,66512, Output: ['1']
  Running k=10,...
    Passes: 1, Time/Memory: 0.65,66408, Output: ['1']
  Running c=3,...
    Passes: 1, Time/Memory: 0.64,66412, Output: ['1']
Results for Amazon running kpath1 saved to ./results/real/table_data

Running Amazon for variant 2...
  Running k=1,...
    Passes: 246, Time/Memory: 305.00,152416, Output: ['246']
  Running k=2,...
    Passes: 7, Time/Memory: 34.38,181712, Output: ['7']
  Running k=3,...
    Passes: 1, Time/Memory: 0.52,66368, Output: ['1']
  Running k=4,...
    Passes: 1, Time/Memory: 0.35,66312, Output: ['1']
  Running k=5,...
    Passes: 1, Time/Memory: 0.32,66488, Output: ['1']
  Running k=6,...
    Passes: 1, Time/Memory: 0.34,66380, Output: ['1']
  Running k=7,...
    Passes: 1, Time/Memory: 0.34,66508, Output: ['1']
  Running k=8,...
    Passes: 1, Time/Memory: 0.34,66412, Output: ['1']
  Running k=9,...
    Passes: 1, Time/Memory: 0.33,66488, Output: ['1']
  Running k=10,...
    Passes: 1, Time/Memory: 0.34,66380, Output: ['1']
  Running c=3,...
    Passes: 1, Time/Memory: 0.28,66320, Output: ['1']
Results for Amazon running kpath2 saved to ./results/real/table_data
