
Running Skitter for variant 0...
  Running k=1,...
    Passes: 1209, Time/Memory: 12078.09,732108, Output: ['1209']
  Running k=2,...
    Passes: 68, Time/Memory: 5388.74,857872, Output: ['68']
  Running k=3,...
    Passes: 23, Time/Memory: 3331.05,1042056, Output: ['23']
  Running k=4,...
    Passes: 16, Time/Memory: 8072.03,1169368, Output: ['16']
  Running k=5,...
    Passes: 13, Time/Memory: 1656.88,1331660, Output: ['13']
  Running k=6,...
    Passes: 11, Time/Memory: 2058.07,1485236, Output: ['11']
  Running k=7,...
    Passes: 10, Time/Memory: 3761.33,1649452, Output: ['10']
  Running k=8,...
    Passes: 2, Time/Memory: 23.27,1695600, Output: ['2']
  Running k=9,...
    Passes: 2, Time/Memory: 22.11,1695608, Output: ['2']
  Running k=10,...
    Passes: 2, Time/Memory: 22.17,1695640, Output: ['2']
  Running c=7,...
    Passes: 10, Time/Memory: 4572.98,1649564, Output: ['10']
Results for Skitter running kpath0 saved to ./results/real/table_data

Running Skitter for variant 1...
  Running k=1,...
    Passes: 1226, Time/Memory: 20566.14,732208, Output: ['1226']
  Running k=2,...
    Passes: 79, Time/Memory: 9402.46,857600, Output: ['79']
  Running k=3,...
    Passes: 21, Time/Memory: 4631.14,1053156, Output: ['21']
  Running k=4,...
    Passes: 13, Time/Memory: 2957.56,1202556, Output: ['13']
  Running k=5,...
    Passes: 12, Time/Memory: 765.93,1339008, Output: ['12']
  Running k=6,...
    Passes: 10, Time/Memory: 1225.76,1492644, Output: ['10']
  Running k=7,...
    Passes: 1, Time/Memory: 7.15,422012, Output: ['1']
  Running k=8,...
    Passes: 1, Time/Memory: 5.73,421872, Output: ['1']
  Running k=9,...
    Passes: 1, Time/Memory: 7.13,421892, Output: ['1']
  Running k=10,...
    Passes: 1, Time/Memory: 5.64,421868, Output: ['1']
  Running c=7,...
    Passes: 1, Time/Memory: 8.18,422084, Output: ['1']
Results for Skitter running kpath1 saved to ./results/real/table_data

Running Skitter for variant 2...
  Running k=1,...
    Passes: 978, Time/Memory: 16351.83,797684, Output: ['978']
  Running k=2,...
    Passes: 22, Time/Memory: 6176.61,890388, Output: ['22']
  Running k=3,...
    Passes: 16, Time/Memory: 4372.68,1077952, Output: ['16']
  Running k=4,...
    Passes: 12, Time/Memory: 1146.39,1171868, Output: ['12']
  Running k=5,...
    Passes: 10, Time/Memory: 1925.62,1334532, Output: ['10']
  Running k=6,...
    Passes: 9, Time/Memory: 4959.00,1499196, Output: ['9']
  Running k=7,...
    Passes: 1, Time/Memory: 4.10,422012, Output: ['1']
  Running k=8,...
    Passes: 1, Time/Memory: 4.14,421968, Output: ['1']
  Running k=9,...
    Passes: 1, Time/Memory: 4.18,422012, Output: ['1']
  Running k=10,...
    Passes: 1, Time/Memory: 4.13,421892, Output: ['1']
  Running c=7,...
    Passes: 1, Time/Memory: 3.99,421888, Output: ['1']
Results for Skitter running kpath2 saved to ./results/real/table_data

Running Skitter for variant N...
  Running k=1,...
Timeout (12hrs) expired for graph Skitter, kpathN, k=1
Error running graph Skitter, variant N, k=1
  Running k=2,...
    Passes: 11, Time/Memory: 4034.42,916956, Output: ['11']
  Running k=3,...
    Passes: 4, Time/Memory: 2726.16,1063476, Output: ['4']
  Running k=4,...
    Passes: 3, Time/Memory: 1043.79,1173764, Output: ['3']
  Running k=5,...
    Passes: 3, Time/Memory: 2026.01,1335944, Output: ['3']
  Running k=6,...
    Passes: 3, Time/Memory: 3088.19,1499120, Output: ['3']
  Running k=7,...
    Passes: 1, Time/Memory: 5.74,421876, Output: ['1']
  Running k=8,...
    Passes: 1, Time/Memory: 5.36,421872, Output: ['1']
  Running k=9,...
    Passes: 1, Time/Memory: 5.17,421920, Output: ['1']
  Running k=10,...
    Passes: 1, Time/Memory: 5.61,421944, Output: ['1']
  Running c=7,...
    Passes: 1, Time/Memory: 5.29,421940, Output: ['1']
Results for Skitter running kpathN saved to ./results/real/table_data

Running Skitter for variant 0...
  Running k=1,...
    Passes: 6, Time/Memory: 7435.28,655880, Output: ['6']
  Running k=2,...
    Passes: 6, Time/Memory: 6192.92,655664, Output: ['6']
  Running k=3,...
    Passes: 6, Time/Memory: 4621.00,655712, Output: ['6']
  Running k=4,...
    Passes: 6, Time/Memory: 5336.17,655724, Output: ['6']
  Running k=5,...
    Passes: 6, Time/Memory: 5337.15,655716, Output: ['6']
  Running k=6,...
    Passes: 6, Time/Memory: 3040.88,655716, Output: ['6']
  Running k=7,...
    Passes: 6, Time/Memory: 2959.09,655788, Output: ['6']
  Running k=8,...
    Passes: 6, Time/Memory: 2809.95,655776, Output: ['6']
  Running k=9,...
    Passes: 6, Time/Memory: 2316.04,656064, Output: ['6']
  Running k=10,...
    Passes: 7, Time/Memory: 2325.14,655604, Output: ['7']
  Running c=7,...
    Passes: 6, Time/Memory: 2336.40,655708, Output: ['6']
Results for Skitter running klev0 saved to ./results/real/table_data

Running Skitter for variant 1...
  Running k=1,...
    Passes: 5, Time/Memory: 2071.34,616448, Output: ['5']
  Running k=2,...
    Passes: 5, Time/Memory: 3217.05,634548, Output: ['5']
  Running k=3,...
    Passes: 5, Time/Memory: 2814.50,634548, Output: ['5']
  Running k=4,...
    Passes: 5, Time/Memory: 2613.52,627176, Output: ['5']
  Running k=5,...
    Passes: 5, Time/Memory: 2742.77,634040, Output: ['5']
  Running k=6,...
    Passes: 5, Time/Memory: 2669.73,627432, Output: ['5']
  Running k=7,...
    Passes: 1, Time/Memory: 3.46,421872, Output: ['1']
  Running k=8,...
    Passes: 1, Time/Memory: 3.95,422052, Output: ['1']
  Running k=9,...
    Passes: 1, Time/Memory: 3.57,422064, Output: ['1']
  Running k=10,...
    Passes: 1, Time/Memory: 3.76,421976, Output: ['1']
  Running c=7,...
    Passes: 1, Time/Memory: 4.06,422032, Output: ['1']
Results for Skitter running klev1 saved to ./results/real/table_data

Running Skitter for variant 2...
  Running k=1,...
    Passes: 4, Time/Memory: 2948.53,753188, Output: ['4']
  Running k=2,...
    Passes: 3, Time/Memory: 2705.30,921112, Output: ['3']
  Running k=3,...
    Passes: 3, Time/Memory: 2979.71,1084932, Output: ['3']
  Running k=4,...
    Passes: 2, Time/Memory: 2999.37,1231768, Output: ['2']
  Running k=5,...
    Passes: 2, Time/Memory: 5704.95,1367980, Output: ['2']
  Running k=6,...
    Passes: 2, Time/Memory: 5294.06,1512564, Output: ['2']
  Running k=7,...
    Passes: 1, Time/Memory: 4.89,421940, Output: ['1']
  Running k=8,...
    Passes: 1, Time/Memory: 5.82,422080, Output: ['1']
  Running k=9,...
    Passes: 1, Time/Memory: 4.91,421908, Output: ['1']
  Running k=10,...
    Passes: 1, Time/Memory: 5.72,421892, Output: ['1']
  Running c=7,...
    Passes: 1, Time/Memory: 4.90,422096, Output: ['1']
Results for Skitter running klev2 saved to ./results/real/table_data

Running Skitter for variant N...
  Running k=1,...
    Passes: 4, Time/Memory: 6791.03,767900, Output: ['4']
  Running k=2,...
    Passes: 3, Time/Memory: 4633.20,914272, Output: ['3']
  Running k=3,...
    Passes: 2, Time/Memory: 4539.87,1064804, Output: ['2']
  Running k=4,...
    Passes: 2, Time/Memory: 4992.95,1207116, Output: ['2']
  Running k=5,...
    Passes: 2, Time/Memory: 4663.59,1353896, Output: ['2']
  Running k=6,...
    Passes: 2, Time/Memory: 5723.24,1497060, Output: ['2']
  Running k=7,...
    Passes: 1, Time/Memory: 5.45,422000, Output: ['1']
  Running k=8,...
    Passes: 1, Time/Memory: 5.38,422052, Output: ['1']
  Running k=9,...
    Passes: 1, Time/Memory: 5.91,421888, Output: ['1']
  Running k=10,...
    Passes: 1, Time/Memory: 5.65,421976, Output: ['1']
  Running c=7,...
    Passes: 1, Time/Memory: 5.82,421976, Output: ['1']
Results for Skitter running klevN saved to ./results/real/table_data
