
Running CU for variant N...
  Running k=1,...
    Passes: 5, Time/Memory: 0.00,3512, Output: ['5']
  Running k=2,...
    Passes: 2, Time/Memory: 0.00,3488, Output: ['2']
  Running k=3,...
    Passes: 1, Time/Memory: 0.00,3512, Output: ['1']
  Running k=4,...
    Passes: 1, Time/Memory: 0.00,3472, Output: ['1']
  Running k=5,...
    Passes: 1, Time/Memory: 0.00,3508, Output: ['1']
  Running k=6,...
    Passes: 1, Time/Memory: 0.00,3472, Output: ['1']
  Running k=7,...
    Passes: 1, Time/Memory: 0.00,3680, Output: ['1']
  Running k=8,...
    Passes: 1, Time/Memory: 0.00,3496, Output: ['1']
  Running k=9,...
    Passes: 1, Time/Memory: 0.00,3592, Output: ['1']
  Running k=10,...
    Passes: 1, Time/Memory: 0.00,3532, Output: ['1']
  Running c=3,...
    Passes: 1, Time/Memory: 0.00,3676, Output: ['1']
Results for CU running kpathN saved to ./results/real/table_data

Running AJazz for variant N...
  Running k=1,...
    Passes: 15, Time/Memory: 0.01,3648, Output: ['15']
  Running k=2,...
    Passes: 9, Time/Memory: 0.00,3668, Output: ['9']
  Running k=3,...
    Passes: 4, Time/Memory: 0.00,3652, Output: ['4']
  Running k=4,...
    Passes: 4, Time/Memory: 0.00,3812, Output: ['4']
  Running k=5,...
    Passes: 3, Time/Memory: 0.00,3688, Output: ['3']
  Running k=6,...
    Passes: 3, Time/Memory: 0.00,3652, Output: ['3']
  Running k=7,...
    Passes: 2, Time/Memory: 0.00,3864, Output: ['2']
  Running k=8,...
    Passes: 2, Time/Memory: 0.00,3716, Output: ['2']
  Running k=9,...
    Passes: 2, Time/Memory: 0.00,3692, Output: ['2']
  Running k=10,...
    Passes: 2, Time/Memory: 0.00,3772, Output: ['2']
  Running c=14,...
    Passes: 1, Time/Memory: 0.00,3592, Output: ['1']
Results for AJazz running kpathN saved to ./results/real/table_data

Running HM for variant N...
  Running k=1,...
    Passes: 12, Time/Memory: 0.05,4548, Output: ['12']
  Running k=2,...
    Passes: 4, Time/Memory: 0.01,4832, Output: ['4']
  Running k=3,...
    Passes: 3, Time/Memory: 0.02,5068, Output: ['3']
  Running k=4,...
    Passes: 3, Time/Memory: 0.01,5200, Output: ['3']
  Running k=5,...
    Passes: 3, Time/Memory: 0.02,5500, Output: ['3']
  Running k=6,...
    Passes: 2, Time/Memory: 0.01,5600, Output: ['2']
  Running k=7,...
    Passes: 1, Time/Memory: 0.00,4236, Output: ['1']
  Running k=8,...
    Passes: 1, Time/Memory: 0.00,4256, Output: ['1']
  Running k=9,...
    Passes: 1, Time/Memory: 0.00,4276, Output: ['1']
  Running k=10,...
    Passes: 1, Time/Memory: 0.00,4176, Output: ['1']
  Running c=7,...
    Passes: 1, Time/Memory: 0.00,4344, Output: ['1']
Results for HM running kpathN saved to ./results/real/table_data

Running Belcastro for variant N...
  Running k=1,...
    Passes: 627, Time/Memory: 1007.75,9412, Output: ['627']
  Running k=2,...
    Passes: 246, Time/Memory: 420.55,10644, Output: ['246']
  Running k=3,...
    Passes: 156, Time/Memory: 264.80,12080, Output: ['156']
  Running k=4,...
    Passes: 120, Time/Memory: 202.79,13212, Output: ['120']
  Running k=5,...
    Passes: 88, Time/Memory: 158.30,14676, Output: ['88']
  Running k=6,...
    Passes: 81, Time/Memory: 177.86,16028, Output: ['81']
  Running k=7,...
    Passes: 70, Time/Memory: 143.85,16952, Output: ['70']
  Running k=8,...
    Passes: 64, Time/Memory: 115.32,18428, Output: ['64']
  Running k=9,...
    Passes: 54, Time/Memory: 98.17,19852, Output: ['54']
  Running k=10,...
    Passes: 48, Time/Memory: 106.55,20992, Output: ['48']
  Running c=644,...
    Passes: 1, Time/Memory: 2.90,195288, Output: ['1']
Results for Belcastro running kpathN saved to ./results/real/table_data

Running ArxAP for variant N...
  Running k=1,...
    Passes: 70, Time/Memory: 3.68,11488, Output: ['70']
  Running k=2,...
    Passes: 20, Time/Memory: 1.11,12272, Output: ['20']
  Running k=3,...
    Passes: 30, Time/Memory: 1.78,14140, Output: ['30']
  Running k=4,...
    Passes: 5, Time/Memory: 0.42,15688, Output: ['5']
  Running k=5,...
    Passes: 4, Time/Memory: 0.31,17572, Output: ['4']
  Running k=6,...
    Passes: 3, Time/Memory: 0.33,19440, Output: ['3']
  Running k=7,...
    Passes: 3, Time/Memory: 0.27,21140, Output: ['3']
  Running k=8,...
    Passes: 2, Time/Memory: 0.26,22996, Output: ['2']
  Running k=9,...
    Passes: 2, Time/Memory: 0.27,24924, Output: ['2']
  Running k=10,...
    Passes: 2, Time/Memory: 0.36,26704, Output: ['2']
  Running c=11,...
    Passes: 1, Time/Memory: 0.06,10200, Output: ['1']
Results for ArxAP running kpathN saved to ./results/real/table_data

Running AsCaida for variant N...
  Running k=1,...
    Passes: 9, Time/Memory: 1.03,13904, Output: ['9']
  Running k=2,...
    Passes: 2, Time/Memory: 0.47,15692, Output: ['2']
  Running k=3,...
    Passes: 1, Time/Memory: 0.01,7888, Output: ['1']
  Running k=4,...
    Passes: 1, Time/Memory: 0.02,7876, Output: ['1']
  Running k=5,...
    Passes: 1, Time/Memory: 0.02,7960, Output: ['1']
  Running k=6,...
    Passes: 1, Time/Memory: 0.02,8028, Output: ['1']
  Running k=7,...
    Passes: 1, Time/Memory: 0.02,8096, Output: ['1']
  Running k=8,...
    Passes: 1, Time/Memory: 0.03,7936, Output: ['1']
  Running k=9,...
    Passes: 1, Time/Memory: 0.02,8056, Output: ['1']
  Running k=10,...
    Passes: 1, Time/Memory: 0.02,7824, Output: ['1']
  Running c=3,...
    Passes: 1, Time/Memory: 0.02,8028, Output: ['1']
Results for AsCaida running kpathN saved to ./results/real/table_data

Running BrightK for variant N...
  Running k=1,...
    Passes: 15, Time/Memory: 3.51,28080, Output: ['15']
  Running k=2,...
    Passes: 5, Time/Memory: 2.16,32624, Output: ['5']
  Running k=3,...
    Passes: 3, Time/Memory: 1.43,36544, Output: ['3']
  Running k=4,...
    Passes: 1, Time/Memory: 0.09,14476, Output: ['1']
  Running k=5,...
    Passes: 1, Time/Memory: 0.07,14376, Output: ['1']
  Running k=6,...
    Passes: 1, Time/Memory: 0.08,14512, Output: ['1']
  Running k=7,...
    Passes: 1, Time/Memory: 0.07,14600, Output: ['1']
  Running k=8,...
    Passes: 1, Time/Memory: 0.07,14432, Output: ['1']
  Running k=9,...
    Passes: 1, Time/Memory: 0.09,14512, Output: ['1']
  Running k=10,...
    Passes: 1, Time/Memory: 0.10,14504, Output: ['1']
  Running c=4,...
    Passes: 1, Time/Memory: 0.09,14364, Output: ['1']
Results for BrightK running kpathN saved to ./results/real/table_data

Running LMocha for variant N...
  Running k=1,...
    Passes: 28, Time/Memory: 21.07,49536, Output: ['28']
  Running k=2,...
    Passes: 11, Time/Memory: 15.51,56460, Output: ['11']
  Running k=3,...
    Passes: 8, Time/Memory: 14.26,62540, Output: ['8']
  Running k=4,...
    Passes: 6, Time/Memory: 14.65,71364, Output: ['6']
  Running k=5,...
    Passes: 5, Time/Memory: 10.91,84060, Output: ['5']
  Running k=6,...
    Passes: 4, Time/Memory: 8.57,93660, Output: ['4']
  Running k=7,...
    Passes: 4, Time/Memory: 8.71,102984, Output: ['4']
  Running k=8,...
    Passes: 3, Time/Memory: 8.58,111796, Output: ['3']
  Running k=9,...
    Passes: 3, Time/Memory: 7.09,121212, Output: ['3']
  Running k=10,...
    Passes: 2, Time/Memory: 6.72,130936, Output: ['2']
  Running c=22,...
    Passes: 1, Time/Memory: 1.15,65316, Output: ['1']
Results for LMocha running kpathN saved to ./results/real/table_data

Running FlickrE for variant N...
  Running k=1,...
    Passes: 1466, Time/Memory: 820.62,50900, Output: ['1466']
  Running k=2,...
    Passes: 59, Time/Memory: 39.48,58900, Output: ['59']
  Running k=3,...
    Passes: 15, Time/Memory: 14.19,68012, Output: ['15']
  Running k=4,...
    Passes: 13, Time/Memory: 13.71,78180, Output: ['13']
  Running k=5,...
    Passes: 11, Time/Memory: 12.05,87620, Output: ['11']
  Running k=6,...
    Passes: 7, Time/Memory: 9.43,97884, Output: ['7']
  Running k=7,...
    Passes: 7, Time/Memory: 10.86,105596, Output: ['7']
  Running k=8,...
    Passes: 3, Time/Memory: 5.30,116764, Output: ['3']
  Running k=9,...
    Passes: 4, Time/Memory: 6.42,126220, Output: ['4']
  Running k=10,...
    Passes: 5, Time/Memory: 9.51,134816, Output: ['5']
  Running c=22,...
    Passes: 1, Time/Memory: 1.05,67088, Output: ['1']
Results for FlickrE running kpathN saved to ./results/real/table_data

Running WordNet for variant N...
  Running k=1,...
    Passes: 522, Time/Memory: 187.90,63608, Output: ['522']
  Running k=2,...
    Passes: 5, Time/Memory: 7.10,75000, Output: ['5']
  Running k=3,...
    Passes: 3, Time/Memory: 4.60,88116, Output: ['3']
  Running k=4,...
    Passes: 3, Time/Memory: 6.85,102448, Output: ['3']
  Running k=5,...
    Passes: 1, Time/Memory: 0.38,37564, Output: ['1']
  Running k=6,...
    Passes: 1, Time/Memory: 0.34,37580, Output: ['1']
  Running k=7,...
    Passes: 1, Time/Memory: 0.35,37536, Output: ['1']
  Running k=8,...
    Passes: 1, Time/Memory: 0.43,37624, Output: ['1']
  Running k=9,...
    Passes: 1, Time/Memory: 0.36,37528, Output: ['1']
  Running k=10,...
    Passes: 1, Time/Memory: 0.33,37636, Output: ['1']
  Running c=5,...
    Passes: 1, Time/Memory: 0.44,37448, Output: ['1']
Results for WordNet running kpathN saved to ./results/real/table_data

Running Douban for variant N...
  Running k=1,...
    Passes: 5, Time/Memory: 35.49,63912, Output: ['5']
  Running k=2,...
    Passes: 2, Time/Memory: 18.30,76116, Output: ['2']
  Running k=3,...
    Passes: 1, Time/Memory: 0.17,31764, Output: ['1']
  Running k=4,...
    Passes: 1, Time/Memory: 0.23,31708, Output: ['1']
  Running k=5,...
    Passes: 1, Time/Memory: 0.17,31720, Output: ['1']
  Running k=6,...
    Passes: 1, Time/Memory: 0.21,31632, Output: ['1']
  Running k=7,...
    Passes: 1, Time/Memory: 0.23,31852, Output: ['1']
  Running k=8,...
    Passes: 1, Time/Memory: 0.17,31696, Output: ['1']
  Running k=9,...
    Passes: 1, Time/Memory: 0.18,31848, Output: ['1']
  Running k=10,...
    Passes: 1, Time/Memory: 0.23,31724, Output: ['1']
  Running c=3,...
    Passes: 1, Time/Memory: 0.16,31852, Output: ['1']
Results for Douban running kpathN saved to ./results/real/table_data
