
Running Gowalla for variant N...
  Running k=1,...
    Passes: 340, Time/Memory: 202.35,95948, Output: ['340']
  Running k=2,...
    Passes: 5, Time/Memory: 20.09,104176, Output: ['5']
  Running k=3,...
    Passes: 4, Time/Memory: 23.07,114020, Output: ['4']
  Running k=4,...
    Passes: 2, Time/Memory: 10.99,140476, Output: ['2']
  Running k=5,...
    Passes: 1, Time/Memory: 0.32,49212, Output: ['1']
  Running k=6,...
    Passes: 1, Time/Memory: 0.35,49292, Output: ['1']
  Running k=7,...
    Passes: 1, Time/Memory: 0.35,49292, Output: ['1']
  Running k=8,...
    Passes: 1, Time/Memory: 0.40,49328, Output: ['1']
  Running k=9,...
    Passes: 1, Time/Memory: 0.47,49360, Output: ['1']
  Running k=10,...
    Passes: 1, Time/Memory: 0.34,49196, Output: ['1']
  Running c=5,...
    Passes: 1, Time/Memory: 0.42,49356, Output: ['1']
Results for Gowalla running kpathN saved to ./results/real/table_data

Running Dblp for variant N...
  Running k=1,...
    Passes: 320, Time/Memory: 369.23,146164, Output: ['320']
  Running k=2,...
    Passes: 5, Time/Memory: 47.75,153468, Output: ['5']
  Running k=3,...
    Passes: 3, Time/Memory: 30.18,191792, Output: ['3']
  Running k=4,...
    Passes: 1, Time/Memory: 0.49,69320, Output: ['1']
  Running k=5,...
    Passes: 1, Time/Memory: 0.48,69136, Output: ['1']
  Running k=6,...
    Passes: 1, Time/Memory: 0.47,69212, Output: ['1']
  Running k=7,...
    Passes: 1, Time/Memory: 0.53,69320, Output: ['1']
  Running k=8,...
    Passes: 1, Time/Memory: 0.50,69308, Output: ['1']
  Running k=9,...
    Passes: 1, Time/Memory: 0.56,69188, Output: ['1']
  Running k=10,...
    Passes: 1, Time/Memory: 0.56,69196, Output: ['1']
  Running c=4,...
    Passes: 1, Time/Memory: 0.55,69308, Output: ['1']
Results for Dblp running kpathN saved to ./results/real/table_data

Running Amazon for variant N...
  Running k=1,...
    Passes: 211, Time/Memory: 215.41,160792, Output: ['211']
  Running k=2,...
    Passes: 4, Time/Memory: 33.33,181732, Output: ['4']
  Running k=3,...
    Passes: 1, Time/Memory: 0.60,66296, Output: ['1']
  Running k=4,...
    Passes: 1, Time/Memory: 0.60,66420, Output: ['1']
  Running k=5,...
    Passes: 1, Time/Memory: 0.64,66376, Output: ['1']
  Running k=6,...
    Passes: 1, Time/Memory: 0.61,66376, Output: ['1']
  Running k=7,...
    Passes: 1, Time/Memory: 0.62,66360, Output: ['1']
  Running k=8,...
    Passes: 1, Time/Memory: 0.57,66240, Output: ['1']
  Running k=9,...
    Passes: 1, Time/Memory: 0.62,66444, Output: ['1']
  Running k=10,...
    Passes: 1, Time/Memory: 0.52,66440, Output: ['1']
  Running c=3,...
    Passes: 1, Time/Memory: 0.46,66416, Output: ['1']
Results for Amazon running kpathN saved to ./results/real/table_data

Running RoadnetPA for variant N...
  Running k=1,...
    Passes: 12, Time/Memory: 659.18,506588, Output: ['12']
  Running k=2,...
    Passes: 1, Time/Memory: 0.89,174416, Output: ['1']
  Running k=3,...
    Passes: 1, Time/Memory: 0.84,174260, Output: ['1']
  Running k=4,...
    Passes: 1, Time/Memory: 0.87,174336, Output: ['1']
  Running k=5,...
    Passes: 1, Time/Memory: 0.82,174380, Output: ['1']
  Running k=6,...
    Passes: 1, Time/Memory: 0.83,174268, Output: ['1']
  Running k=7,...
    Passes: 1, Time/Memory: 0.75,174288, Output: ['1']
  Running k=8,...
    Passes: 1, Time/Memory: 1.00,174260, Output: ['1']
  Running k=9,...
    Passes: 1, Time/Memory: 0.97,174340, Output: ['1']
  Running k=10,...
    Passes: 1, Time/Memory: 0.92,174220, Output: ['1']
  Running c=2,...
    Passes: 1, Time/Memory: 0.87,174340, Output: ['1']
Results for RoadnetPA running kpathN saved to ./results/real/table_data

Running Youtube for variant N...
  Running k=1,...
    Passes: 503, Time/Memory: 3361.36,532972, Output: ['503']
  Running k=2,...
    Passes: 3, Time/Memory: 613.81,564340, Output: ['3']
  Running k=3,...
    Passes: 1, Time/Memory: 1.42,216912, Output: ['1']
  Running k=4,...
    Passes: 1, Time/Memory: 1.32,216824, Output: ['1']
  Running k=5,...
    Passes: 1, Time/Memory: 1.34,216816, Output: ['1']
  Running k=6,...
    Passes: 1, Time/Memory: 1.28,216916, Output: ['1']
  Running k=7,...
    Passes: 1, Time/Memory: 1.21,216948, Output: ['1']
  Running k=8,...
    Passes: 1, Time/Memory: 1.10,216908, Output: ['1']
  Running k=9,...
    Passes: 1, Time/Memory: 1.06,216912, Output: ['1']
  Running k=10,...
    Passes: 1, Time/Memory: 1.11,216840, Output: ['1']
  Running c=3,...
    Passes: 1, Time/Memory: 0.91,216948, Output: ['1']
Results for Youtube running kpathN saved to ./results/real/table_data

Running RoadnetCA for variant N...
  Running k=1,...
    Passes: 12, Time/Memory: 1760.96,915756, Output: ['12']
  Running k=2,...
    Passes: 1, Time/Memory: 1.34,312092, Output: ['1']
  Running k=3,...
    Passes: 1, Time/Memory: 1.47,312104, Output: ['1']
  Running k=4,...
    Passes: 1, Time/Memory: 1.30,312056, Output: ['1']
  Running k=5,...
    Passes: 1, Time/Memory: 1.43,312020, Output: ['1']
  Running k=6,...
    Passes: 1, Time/Memory: 1.16,312112, Output: ['1']
  Running k=7,...
    Passes: 1, Time/Memory: 1.32,312056, Output: ['1']
  Running k=8,...
    Passes: 1, Time/Memory: 1.22,312088, Output: ['1']
  Running k=9,...
    Passes: 1, Time/Memory: 1.31,312144, Output: ['1']
  Running k=10,...
    Passes: 1, Time/Memory: 1.32,312092, Output: ['1']
  Running c=2,...
    Passes: 1, Time/Memory: 1.27,312140, Output: ['1']
Results for RoadnetCA running kpathN saved to ./results/real/table_data
