
Running RoadnetPA for variant 0...
  Running k=1,...
    Passes: 30, Time/Memory: 818.08,460116, Output: ['30']
  Running k=2,...
    Passes: 14, Time/Memory: 718.12,580544, Output: ['14']
  Running k=3,...
    Passes: 2, Time/Memory: 2.37,572884, Output: ['2']
  Running k=4,...
    Passes: 2, Time/Memory: 2.73,572772, Output: ['2']
  Running k=5,...
    Passes: 2, Time/Memory: 2.80,572772, Output: ['2']
  Running k=6,...
    Passes: 2, Time/Memory: 2.64,572768, Output: ['2']
  Running k=7,...
    Passes: 2, Time/Memory: 2.64,572788, Output: ['2']
  Running k=8,...
    Passes: 2, Time/Memory: 2.75,572872, Output: ['2']
  Running k=9,...
    Passes: 2, Time/Memory: 2.61,572772, Output: ['2']
  Running k=10,...
    Passes: 2, Time/Memory: 2.64,572916, Output: ['2']
Results for RoadnetPA running kpath0 saved to ./results/real/auto_results_2

Running RoadnetPA for variant 1...
  Running k=1,...
    Passes: 32, Time/Memory: 846.08,460748, Output: ['32']
  Running k=2,...
    Passes: 1, Time/Memory: 0.61,174336, Output: ['1']
  Running k=3,...
    Passes: 1, Time/Memory: 0.68,174520, Output: ['1']
  Running k=4,...
    Passes: 1, Time/Memory: 0.64,174380, Output: ['1']
  Running k=5,...
    Passes: 1, Time/Memory: 0.69,174500, Output: ['1']
  Running k=6,...
    Passes: 1, Time/Memory: 0.56,174340, Output: ['1']
  Running k=7,...
    Passes: 1, Time/Memory: 0.65,174396, Output: ['1']
  Running k=8,...
    Passes: 1, Time/Memory: 0.65,174520, Output: ['1']
  Running k=9,...
    Passes: 1, Time/Memory: 0.63,174540, Output: ['1']
  Running k=10,...
    Passes: 1, Time/Memory: 0.62,174420, Output: ['1']
Results for RoadnetPA running kpath1 saved to ./results/real/auto_results_2

Running RoadnetPA for variant 2...
  Running k=1,...
    Passes: 32, Time/Memory: 486.88,478256, Output: ['32']
  Running k=2,...
    Passes: 1, Time/Memory: 0.57,174488, Output: ['1']
  Running k=3,...
    Passes: 1, Time/Memory: 0.56,174312, Output: ['1']
  Running k=4,...
    Passes: 1, Time/Memory: 0.62,174388, Output: ['1']
  Running k=5,...
    Passes: 1, Time/Memory: 0.54,174440, Output: ['1']
  Running k=6,...
    Passes: 1, Time/Memory: 0.62,174512, Output: ['1']
  Running k=7,...
    Passes: 1, Time/Memory: 0.60,174308, Output: ['1']
  Running k=8,...
    Passes: 1, Time/Memory: 0.61,174488, Output: ['1']
  Running k=9,...
    Passes: 1, Time/Memory: 0.60,174388, Output: ['1']
  Running k=10,...
    Passes: 1, Time/Memory: 0.61,174492, Output: ['1']
Results for RoadnetPA running kpath2 saved to ./results/real/auto_results_2

Running RoadnetPA for variant N...
  Running k=1,...
    Passes: 5, Time/Memory: 224.41,502452, Output: ['5']
  Running k=2,...
    Passes: 1, Time/Memory: 0.59,174492, Output: ['1']
  Running k=3,...
    Passes: 1, Time/Memory: 0.64,174456, Output: ['1']
  Running k=4,...
    Passes: 1, Time/Memory: 0.58,174400, Output: ['1']
  Running k=5,...
    Passes: 1, Time/Memory: 0.64,174376, Output: ['1']
  Running k=6,...
    Passes: 1, Time/Memory: 0.59,174492, Output: ['1']
  Running k=7,...
    Passes: 1, Time/Memory: 0.61,174392, Output: ['1']
  Running k=8,...
    Passes: 1, Time/Memory: 0.59,174332, Output: ['1']
  Running k=9,...
    Passes: 1, Time/Memory: 0.64,174416, Output: ['1']
  Running k=10,...
    Passes: 1, Time/Memory: 0.62,174488, Output: ['1']
Results for RoadnetPA running kpathN saved to ./results/real/auto_results_2

Running RoadnetCA for variant 0...
  Running k=1,...
    Passes: 30, Time/Memory: 3160.16,785692, Output: ['30']
  Running k=2,...
    Passes: 15, Time/Memory: 2854.24,1006508, Output: ['15']
  Running k=3,...
    Passes: 2, Time/Memory: 22.82,1033568, Output: ['2']
  Running k=4,...
    Passes: 2, Time/Memory: 21.63,1033384, Output: ['2']
  Running k=5,...
    Passes: 2, Time/Memory: 21.28,1033428, Output: ['2']
  Running k=6,...
    Passes: 2, Time/Memory: 22.74,1033528, Output: ['2']
  Running k=7,...
    Passes: 2, Time/Memory: 22.32,1033444, Output: ['2']
  Running k=8,...
    Passes: 2, Time/Memory: 22.77,1033472, Output: ['2']
  Running k=9,...
    Passes: 2, Time/Memory: 22.92,1033444, Output: ['2']
  Running k=10,...
    Passes: 2, Time/Memory: 22.39,1033396, Output: ['2']
Results for RoadnetCA running kpath0 saved to ./results/real/auto_results_2

Running RoadnetCA for variant 1...
  Running k=1,...
    Passes: 29, Time/Memory: 3004.50,814528, Output: ['29']
  Running k=2,...
    Passes: 1, Time/Memory: 1.21,312244, Output: ['1']
  Running k=3,...
    Passes: 1, Time/Memory: 1.21,312300, Output: ['1']
  Running k=4,...
    Passes: 1, Time/Memory: 1.25,312196, Output: ['1']
  Running k=5,...
    Passes: 1, Time/Memory: 1.19,312220, Output: ['1']
  Running k=6,...
    Passes: 1, Time/Memory: 1.16,312136, Output: ['1']
  Running k=7,...
    Passes: 1, Time/Memory: 1.23,312184, Output: ['1']
  Running k=8,...
    Passes: 1, Time/Memory: 1.22,312104, Output: ['1']
  Running k=9,...
    Passes: 1, Time/Memory: 1.22,312224, Output: ['1']
  Running k=10,...
    Passes: 1, Time/Memory: 1.20,312276, Output: ['1']
Results for RoadnetCA running kpath1 saved to ./results/real/auto_results_2

Running RoadnetCA for variant 2...
  Running k=1,...
    Passes: 23, Time/Memory: 2711.42,869712, Output: ['23']
  Running k=2,...
    Passes: 1, Time/Memory: 1.14,312112, Output: ['1']
  Running k=3,...
    Passes: 1, Time/Memory: 1.19,312200, Output: ['1']
  Running k=4,...
    Passes: 1, Time/Memory: 1.24,312144, Output: ['1']
  Running k=5,...
    Passes: 1, Time/Memory: 1.04,312276, Output: ['1']
  Running k=6,...
    Passes: 1, Time/Memory: 1.05,312136, Output: ['1']
  Running k=7,...
    Passes: 1, Time/Memory: 1.09,312296, Output: ['1']
  Running k=8,...
    Passes: 1, Time/Memory: 1.10,312300, Output: ['1']
  Running k=9,...
    Passes: 1, Time/Memory: 1.20,312220, Output: ['1']
  Running k=10,...
    Passes: 1, Time/Memory: 1.07,312244, Output: ['1']
Results for RoadnetCA running kpath2 saved to ./results/real/auto_results_2

Running RoadnetCA for variant N...
  Running k=1,...
    Passes: 5, Time/Memory: 1683.12,905088, Output: ['5']
  Running k=2,...
    Passes: 1, Time/Memory: 1.19,312296, Output: ['1']
  Running k=3,...
    Passes: 1, Time/Memory: 1.04,312300, Output: ['1']
  Running k=4,...
    Passes: 1, Time/Memory: 1.19,312212, Output: ['1']
  Running k=5,...
    Passes: 1, Time/Memory: 1.14,312312, Output: ['1']
  Running k=6,...
    Passes: 1, Time/Memory: 1.16,312308, Output: ['1']
  Running k=7,...
    Passes: 1, Time/Memory: 1.16,312296, Output: ['1']
  Running k=8,...
    Passes: 1, Time/Memory: 1.20,312300, Output: ['1']
  Running k=9,...
    Passes: 1, Time/Memory: 1.09,312136, Output: ['1']
  Running k=10,...
    Passes: 1, Time/Memory: 1.06,312300, Output: ['1']
Results for RoadnetCA running kpathN saved to ./results/real/auto_results_2
