
Running KonectDblp for variant 0...
  Running k=3,...
    Passes: 3, Time/Memory: 5946.74,3889968, Output: ['3']
  Running k=4,...
    Passes: 2, Time/Memory: 5250.48,3889836, Output: ['2']
  Running k=5,...
    Passes: 2, Time/Memory: 4460.26,3890028, Output: ['2']
  Running k=6,...
    Passes: 2, Time/Memory: 4518.37,3889956, Output: ['2']
  Running k=7,...
    Passes: 2, Time/Memory: 4290.38,3890004, Output: ['2']
  Running k=8,...
    Passes: 2, Time/Memory: 4311.20,3890044, Output: ['2']
  Running k=9,...
    Passes: 2, Time/Memory: 4396.58,3889852, Output: ['2']
  Running k=10,...
    Passes: 2, Time/Memory: 5142.96,3890060, Output: ['2']
Results for KonectDblp running kpath0 saved to ./results/real/auto_results_2

Running KonectDblp for variant 1...
  Running k=3,...
    Passes: 1, Time/Memory: 7.16,1241692, Output: ['1']
  Running k=4,...
    Passes: 1, Time/Memory: 6.69,1241684, Output: ['1']
  Running k=5,...
    Passes: 1, Time/Memory: 7.25,1241600, Output: ['1']
  Running k=6,...
    Passes: 1, Time/Memory: 7.34,1241736, Output: ['1']
  Running k=7,...
    Passes: 1, Time/Memory: 6.65,1241716, Output: ['1']
  Running k=8,...
    Passes: 1, Time/Memory: 6.97,1241628, Output: ['1']
  Running k=9,...
    Passes: 1, Time/Memory: 7.07,1241736, Output: ['1']
  Running k=10,...
    Passes: 1, Time/Memory: 6.99,1241716, Output: ['1']
Results for KonectDblp running kpath1 saved to ./results/real/auto_results_2

Running KonectDblp for variant 2...
  Running k=3,...
    Passes: 1, Time/Memory: 7.27,1241716, Output: ['1']
  Running k=4,...
    Passes: 1, Time/Memory: 7.08,1241600, Output: ['1']
  Running k=5,...
    Passes: 1, Time/Memory: 7.09,1241604, Output: ['1']
  Running k=6,...
    Passes: 1, Time/Memory: 7.03,1241556, Output: ['1']
  Running k=7,...
    Passes: 1, Time/Memory: 7.15,1241800, Output: ['1']
  Running k=8,...
    Passes: 1, Time/Memory: 7.01,1241580, Output: ['1']
  Running k=9,...
    Passes: 1, Time/Memory: 7.08,1241776, Output: ['1']
  Running k=10,...
    Passes: 1, Time/Memory: 7.02,1241672, Output: ['1']
Results for KonectDblp running kpath2 saved to ./results/real/auto_results_2

Running KonectDblp for variant N...
  Running k=3,...
    Passes: 1, Time/Memory: 7.22,1241636, Output: ['1']
  Running k=4,...
    Passes: 1, Time/Memory: 7.11,1241628, Output: ['1']
  Running k=5,...
    Passes: 1, Time/Memory: 6.95,1241728, Output: ['1']
  Running k=6,...
    Passes: 1, Time/Memory: 6.59,1241536, Output: ['1']
  Running k=7,...
    Passes: 1, Time/Memory: 6.95,1241516, Output: ['1']
  Running k=8,...
    Passes: 1, Time/Memory: 7.08,1241608, Output: ['1']
  Running k=9,...
    Passes: 1, Time/Memory: 6.94,1241784, Output: ['1']
  Running k=10,...
    Passes: 1, Time/Memory: 6.58,1241800, Output: ['1']
Results for KonectDblp running kpathN saved to ./results/real/auto_results_2
