
Running Twitch for variant N...
  Running k=1,...
    Passes: 1173, Time/Memory: 2169.00,82644, Output: ['1173']
  Running k=2,...
    Passes: 19, Time/Memory: 47.86,95092, Output: ['19']
  Running k=3,...
    Passes: 12, Time/Memory: 34.20,105876, Output: ['12']
  Running k=4,...
    Passes: 9, Time/Memory: 28.30,118624, Output: ['9']
  Running k=5,...
    Passes: 7, Time/Memory: 22.83,142456, Output: ['7']
  Running k=6,...
    Passes: 6, Time/Memory: 19.44,158212, Output: ['6']
  Running k=7,...
    Passes: 6, Time/Memory: 27.09,165208, Output: ['6']
  Running k=8,...
    Passes: 5, Time/Memory: 18.34,183548, Output: ['5']
  Running k=9,...
    Passes: 5, Time/Memory: 23.05,199948, Output: ['5']
  Running k=10,...
    Passes: 4, Time/Memory: 15.86,219556, Output: ['4']
  Running c=41,...
    Passes: 1, Time/Memory: 2.61,170780, Output: ['1']
Results for Twitch running kpathN saved to ./results/real/table_data
